
> backend@ test D:\UIT_COURSES\SE100\DailyDesk\backend
> vitest run "--reporter=verbose"


[1m[7m[36m RUN [39m[27m[22m [36mv2.1.9 [39m[90mD:/UIT_COURSES/SE100/DailyDesk/backend[39m

 [32mΓ£ô[39m src/utils/due-status.test.ts[2m > [22mgetDueStatus[2m > [22mshould return 'none' status when dueAt is null
 [32mΓ£ô[39m src/utils/due-status.test.ts[2m > [22mgetDueStatus[2m > [22mshould return 'none' status when dueAt is undefined
 [32mΓ£ô[39m src/utils/due-status.test.ts[2m > [22mgetDueStatus[2m > [22mshould return 'complete' status when dueComplete is true
 [32mΓ£ô[39m src/utils/due-status.test.ts[2m > [22mgetDueStatus[2m > [22mshould return 'overdue' status when past due date
 [32mΓ£ô[39m src/utils/due-status.test.ts[2m > [22mgetDueStatus[2m > [22mshould return 'dueSoon' status when within 24 hours
 [32mΓ£ô[39m src/utils/due-status.test.ts[2m > [22mgetDueStatus[2m > [22mshould return 'dueLater' status when more than 24 hours away
 [32mΓ£ô[39m src/utils/due-status.test.ts[2m > [22mgetDueStatus[2m > [22mshould handle string dates
 [32mΓ£ô[39m src/utils/due-status.test.ts[2m > [22mformatDueDate[2m > [22mshould return empty string for null
 [32mΓ£ô[39m src/utils/due-status.test.ts[2m > [22mformatDueDate[2m > [22mshould return empty string for undefined
 [32mΓ£ô[39m src/utils/due-status.test.ts[2m > [22mformatDueDate[2m > [22mshould format date without time
 [32mΓ£ô[39m src/utils/due-status.test.ts[2m > [22mformatDueDate[2m > [22mshould format date with time
 [32mΓ£ô[39m src/utils/due-status.test.ts[2m > [22mformatDueDate[2m > [22mshould include year if different from current year
 [32mΓ£ô[39m src/utils/due-status.test.ts[2m > [22mformatDueDate[2m > [22mshould handle string dates
 [32mΓ£ô[39m src/utils/due-status.test.ts[2m > [22mvalidateReminderMinutes[2m > [22mshould return true for null
 [32mΓ£ô[39m src/utils/due-status.test.ts[2m > [22mvalidateReminderMinutes[2m > [22mshould return true for undefined
 [32mΓ£ô[39m src/utils/due-status.test.ts[2m > [22mvalidateReminderMinutes[2m > [22mshould return true for valid values
 [32mΓ£ô[39m src/utils/due-status.test.ts[2m > [22mvalidateReminderMinutes[2m > [22mshould return false for invalid values
node.exe : 
[90mstderr[2m | tes
ts/boards.test.ts[2m
 > [22m[2mBoards 
API Integration 
Tests[2m > 
[22m[2mGET 
/boards[2m > 
[22m[2mshould 
return empty array 
for authenticated 
user with no boards
At C:\Users\ASUS\AppD
ata\Roaming\npm\pnpm.
ps1:24 char:5
+     & "node$exe"  "
$basedir/node_modules
/pnpm/bin/pnpm.cjs" 
$args
+     ~~~~~~~~~~~~~~~
~~~~~~~~~~~~~~~~~~~~~
~~~~~~~~~~~~~~~~~~~~~
~~~~
    + CategoryInfo   
           : NotSpe  
  cified: ([90mst   
 derr[2m... with    
 no boards:Strin    
g) [], RemoteExc    
eption
    + FullyQualified 
   ErrorId : Native  
  CommandError
 
[22m[39mDrizzleQuer
yError: Failed 
query: select "id", 
"name", "user_id", 
"background_url", "ba
ckground_public_id", 
"background_color", 
(select coalesce(json
_group_array(json_arr
ay("id", "name", 
"order", "board_id", 
(select coalesce(json
_group_array(json_arr
ay("id", "name", 
"description", 
"order", 
"cover_url", 
"cover_public_id", 
"cover_color", 
"cover_mode", 
"list_id", 
"start_date", 
"deadline", 
"due_at", 
"due_complete", 
"reminder_minutes", 
"recurrence", 
"recurrence_day", "re
currence_weekday", 
"repeat_frequency", 
"repeat_interval", 
"latitude", 
"longitude", 
"completed", 
"is_template", 
"created_at", 
"updated_at")), 
json_array()) as 
"data" from (select 
* from "cards" "board
sTable_lists_cards" 
where "boardsTable_li
sts_cards"."list_id" 
= "boardsTable_lists"
."id" order by "board
sTable_lists_cards"."
order" asc) "boardsTa
ble_lists_cards"))), 
json_array()) as 
"data" from (select 
* from "lists" 
"boardsTable_lists" 
where "boardsTable_li
sts"."board_id" = 
"boardsTable"."id" 
order by "boardsTable
_lists"."order" asc) 
"boardsTable_lists") 
as "lists" from 
"boards" 
"boardsTable" where "
boardsTable"."user_id
" = ?
params: 
test-user-id-123
    at LibSQLPrepared
Query.queryWithCache 
(file:///D:/UIT_COURS
ES/SE100/DailyDesk/no
de_modules/[4m.pnpm
[24m/drizzle-orm@0.44
.7_@electri_5c2928a09
9a752b7e299aaadb8975a
ea/node_modules/[4ms
rc[24m/sqlite-core/s
ession.ts:80:11)
[90m    at processTi
cksAndRejections (nod
e:internal/process/ta
sk_queues:105:5)[39m
    at LibSQLPrepared
Query.values (file://
/D:/UIT_COURSES/SE100
/DailyDesk/node_modul
es/[4m.pnpm[24m/dri
zzle-orm@0.44.7_@elec
tri_5c2928a099a752b7e
299aaadb8975aea/node_
modules/[4msrc[24m/
libsql/session.ts:286
:10)
    at LibSQLPrepared
Query.all (file:///D:
/UIT_COURSES/SE100/Da
ilyDesk/node_modules/
[4m.pnpm[24m/drizzl
e-orm@0.44.7_@electri
_5c2928a099a752b7e299
aaadb8975aea/node_mod
ules/[4msrc[24m/lib
sql/session.ts:214:16
)
    at Module.getBoar
dsForUser [90m(D:\UI
T_COURSES\SE100\Daily
Desk\backend\[39msrc
\services\boards.serv
ice.ts:59:23[90m)[3
9m
    at [90mD:\UIT_CO
URSES\SE100\DailyDesk
\backend\[39msrc\rou
tes\boards.ts:45:22
    at dispatch (file
:///D:/UIT_COURSES/SE
100/DailyDesk/node_mo
dules/[4m.pnpm[24m/
hono@4.11.3/node_modu
les/[4mhono[24m/dis
t/compose.js:22:17)
    at [90mD:\UIT_CO
URSES\SE100\DailyDesk
\backend\[39mtests\h
elpers\auth.ts:27:5
    at dispatch (file
:///D:/UIT_COURSES/SE
100/DailyDesk/node_mo
dules/[4m.pnpm[24m/
hono@4.11.3/node_modu
les/[4mhono[24m/dis
t/compose.js:22:17)
    at cors2 (file://
/D:/UIT_COURSES/SE100
/DailyDesk/node_modul
es/[4m.pnpm[24m/hon
o@4.11.3/node_modules
/[4mhono[24m/dist/m
iddleware/cors/index.
js:79:5) {
  query: 
[32m'select "id", 
"name", "user_id", 
"background_url", "ba
ckground_public_id", 
"background_color", 
(select coalesce(json
_group_array(json_arr
ay("id", "name", 
"order", "board_id", 
(select coalesce(json
_group_array(json_arr
ay("id", "name", 
"description", 
"order", 
"cover_url", 
"cover_public_id", 
"cover_color", 
"cover_mode", 
"list_id", 
"start_date", 
"deadline", 
"due_at", 
"due_complete", 
"reminder_minutes", 
"recurrence", 
"recurrence_day", "re
currence_weekday", 
"repeat_frequency", 
"repeat_interval", 
"latitude", 
"longitude", 
"completed", 
"is_template", 
"created_at", 
"updated_at")), 
json_array()) as 
"data" from (select 
* from "cards" "board
sTable_lists_cards" 
where "boardsTable_li
sts_cards"."list_id" 
= "boardsTable_lists"
."id" order by "board
sTable_lists_cards"."
order" asc) "boardsTa
ble_lists_cards"))), 
json_array()) as 
"data" from (select 
* from "lists" 
"boardsTable_lists" 
where "boardsTable_li
sts"."board_id" = 
"boardsTable"."id" 
order by "boardsTable
_lists"."order" asc) 
"boardsTable_lists") 
as "lists" from 
"boards" 
"boardsTable" where "
boardsTable"."user_id
" = ?'[39m,
  params: [ [32m'tes
t-user-id-123'[39m 
],
  cause: 
LibsqlError: 
SQLITE_ERROR: no 
such column: 
is_template
      at 
mapSqliteError (file:
///D:/UIT_COURSES/SE1
00/DailyDesk/node_mod
ules/[4m.pnpm[24m/@
libsql+client@0.15.15
/node_modules/[4m@li
bsql[24m/client/lib-
esm/sqlite3.js:392:16
)
      at executeStmt 
(file:///D:/UIT_COURS
ES/SE100/DailyDesk/no
de_modules/[4m.pnpm
[24m/@libsql+client@0
.15.15/node_modules/
[4m@libsql[24m/clien
t/lib-esm/sqlite3.js:
297:15)
      at Sqlite3Clien
t.execute (file:///D:
/UIT_COURSES/SE100/Da
ilyDesk/node_modules/
[4m.pnpm[24m/@libsq
l+client@0.15.15/node
_modules/[4m@libsql
[24m/client/lib-esm/s
qlite3.js:81:16)
  [90m    ... 5 
lines matching cause 
stack trace ...[39m
      at 
QueryPromise.execute 
(file:///D:/UIT_COURS
ES/SE100/DailyDesk/no
de_modules/[4m.pnpm
[24m/drizzle-orm@0.44
.7_@electri_5c2928a09
9a752b7e299aaadb8975a
ea/node_modules/[4ms
rc[24m/sqlite-core/q
uery-builders/query.t
s:197:15)
      at 
QueryPromise.then (fi
le:///D:/UIT_COURSES/
SE100/DailyDesk/node_
modules/[4m.pnpm[24
m/drizzle-orm@0.44.7_
@electri_5c2928a099a7
52b7e299aaadb8975aea/
node_modules/[4msrc
[24m/query-promise.ts
:31:15) {
    code: [32m'SQLIT
E_ERROR'[39m,
    rawCode: 
[33m1[39m,
    [cause]: 
SqliteError: no such 
column: is_template
        at 
convertError (D:\UIT_
COURSES\SE100\DailyDe
sk\node_modules\[4m.
pnpm[24m\libsql@0.5.
22\node_modules\[4ml
ibsql[24m\index.js:5
9:12)
        at 
Database.prepare (D:\
UIT_COURSES\SE100\Dai
lyDesk\node_modules\
[4m.pnpm[24m\libsql@
0.5.22\node_modules\
[4mlibsql[24m\index.
js:131:13)
        at 
executeStmt (file:///
D:/UIT_COURSES/SE100/
DailyDesk/node_module
s/[4m.pnpm[24m/@lib
sql+client@0.15.15/no
de_modules/[4m@libsq
l[24m/client/lib-esm
/sqlite3.js:268:28)
        at Sqlite3Cli
ent.execute (file:///
D:/UIT_COURSES/SE100/
DailyDesk/node_module
s/[4m.pnpm[24m/@lib
sql+client@0.15.15/no
de_modules/[4m@libsq
l[24m/client/lib-esm
/sqlite3.js:81:16)
        at file:///D:
/UIT_COURSES/SE100/Da
ilyDesk/node_modules/
[4m.pnpm[24m/drizzl
e-orm@0.44.7_@electri
_5c2928a099a752b7e299
aaadb8975aea/node_mod
ules/[4msrc[24m/lib
sql/session.ts:288:58
        at LibSQLPrep
aredQuery.queryWithCa
che (file:///D:/UIT_C
OURSES/SE100/DailyDes
k/node_modules/[4m.p
npm[24m/drizzle-orm@
0.44.7_@electri_5c292
8a099a752b7e299aaadb8
975aea/node_modules/
[4msrc[24m/sqlite-co
re/session.ts:78:18)
        at LibSQLPrep
aredQuery.values (fil
e:///D:/UIT_COURSES/S
E100/DailyDesk/node_m
odules/[4m.pnpm[24m
/drizzle-orm@0.44.7_@
electri_5c2928a099a75
2b7e299aaadb8975aea/n
ode_modules/[4msrc[
24m/libsql/session.ts
:286:21)
        at LibSQLPrep
aredQuery.all (file:/
//D:/UIT_COURSES/SE10
0/DailyDesk/node_modu
les/[4m.pnpm[24m/dr
izzle-orm@0.44.7_@ele
ctri_5c2928a099a752b7
e299aaadb8975aea/node
_modules/[4msrc[24m
/libsql/session.ts:21
4:27)
        at QueryPromi
se.executeRaw (file:/
//D:/UIT_COURSES/SE10
0/DailyDesk/node_modu
les/[4m.pnpm[24m/dr
izzle-orm@0.44.7_@ele
ctri_5c2928a099a752b7
e299aaadb8975aea/node
_modules/[4msrc[24m
/sqlite-core/query-bu
ilders/query.ts:193:3
1)
        at 
QueryPromise.execute 
(file:///D:/UIT_COURS
ES/SE100/DailyDesk/no
de_modules/[4m.pnpm
[24m/drizzle-orm@0.44
.7_@electri_5c2928a09
9a752b7e299aaadb8975a
ea/node_modules/[4ms
rc[24m/sqlite-core/q
uery-builders/query.t
s:197:15) {
      code: [32m'SQL
ITE_ERROR'[39m,
      rawCode: 
[33m1[39m
    }
  }
}

[90mstderr[2m | tes
ts/boards.test.ts[2m
 > [22m[2mBoards 
API Integration 
Tests[2m > 
[22m[2mGET 
/boards/:id[2m > 
[22m[2mshould 
return a specific 
board with lists and 
cards
[22m[39mError in 
boards GET by ID 
route: 
DrizzleQueryError: 
Failed query: select 
"id", "name", 
"user_id", 
"background_url", "ba
ckground_public_id", 
"background_color", 
(select coalesce(json
_group_array(json_arr
ay("id", "name", 
"order", "board_id", 
(select coalesce(json
_group_array(json_arr
ay("id", "name", 
"description", 
"order", 
"cover_url", 
"cover_public_id", 
"cover_color", 
"cover_mode", 
"list_id", 
"start_date", 
"deadline", 
"due_at", 
"due_complete", 
"reminder_minutes", 
"recurrence", 
"recurrence_day", "re
currence_weekday", 
"repeat_frequency", 
"repeat_interval", 
"latitude", 
"longitude", 
"completed", 
"is_template", 
"created_at", 
"updated_at")), 
json_array()) as 
"data" from (select 
* from "cards" "board
sTable_lists_cards" 
where "boardsTable_li
sts_cards"."list_id" 
= "boardsTable_lists"
."id" order by "board
sTable_lists_cards"."
order" asc) "boardsTa
ble_lists_cards"))), 
json_array()) as 
"data" from (select 
* from "lists" 
"boardsTable_lists" 
where "boardsTable_li
sts"."board_id" = 
"boardsTable"."id" 
order by "boardsTable
_lists"."order" asc) 
"boardsTable_lists") 
as "lists" from 
"boards" 
"boardsTable" where 
"boardsTable"."id" = 
? limit ?
params: 019bd127-d919
-7fd7-b6ff-b1bc96f1d9
40,1
    at LibSQLPrepared
Query.queryWithCache 
(file:///D:/UIT_COURS
ES/SE100/DailyDesk/no
de_modules/[4m.pnpm
[24m/drizzle-orm@0.44
.7_@electri_5c2928a09
9a752b7e299aaadb8975a
ea/node_modules/[4ms
rc[24m/sqlite-core/s
ession.ts:80:11)
[90m    at processTi
cksAndRejections (nod
e:internal/process/ta
sk_queues:105:5)[39m
    at LibSQLPrepared
Query.values (file://
/D:/UIT_COURSES/SE100
/DailyDesk/node_modul
es/[4m.pnpm[24m/dri
zzle-orm@0.44.7_@elec
tri_5c2928a099a752b7e
299aaadb8975aea/node_
modules/[4msrc[24m/
libsql/session.ts:286
:10)
    at LibSQLPrepared
Query.get (file:///D:
/UIT_COURSES/SE100/Da
ilyDesk/node_modules/
[4m.pnpm[24m/drizzl
e-orm@0.44.7_@electri
_5c2928a099a752b7e299
aaadb8975aea/node_mod
ules/[4msrc[24m/lib
sql/session.ts:252:16
)
    at 
Module.getBoardById 
[90m(D:\UIT_COURSES\S
E100\DailyDesk\backen
d\[39msrc\services\b
oards.service.ts:230:
17[90m)[39m
    at [90mD:\UIT_CO
URSES\SE100\DailyDesk
\backend\[39msrc\rou
tes\boards.ts:138:23
    at dispatch (file
:///D:/UIT_COURSES/SE
100/DailyDesk/node_mo
dules/[4m.pnpm[24m/
hono@4.11.3/node_modu
les/[4mhono[24m/dis
t/compose.js:22:17)
    at file:///D:/UIT
_COURSES/SE100/DailyD
esk/node_modules/[4m
.pnpm[24m/hono@4.11.
3/node_modules/[4mho
no[24m/dist/validato
r/validator.js:81:12
    at dispatch (file
:///D:/UIT_COURSES/SE
100/DailyDesk/node_mo
dules/[4m.pnpm[24m/
hono@4.11.3/node_modu
les/[4mhono[24m/dis
t/compose.js:22:17)
    at [90mD:\UIT_CO
URSES\SE100\DailyDesk
\backend\[39mtests\h
elpers\auth.ts:27:5 {
  query: 
[32m'select "id", 
"name", "user_id", 
"background_url", "ba
ckground_public_id", 
"background_color", 
(select coalesce(json
_group_array(json_arr
ay("id", "name", 
"order", "board_id", 
(select coalesce(json
_group_array(json_arr
ay("id", "name", 
"description", 
"order", 
"cover_url", 
"cover_public_id", 
"cover_color", 
"cover_mode", 
"list_id", 
"start_date", 
"deadline", 
"due_at", 
"due_complete", 
"reminder_minutes", 
"recurrence", 
"recurrence_day", "re
currence_weekday", 
"repeat_frequency", 
"repeat_interval", 
"latitude", 
"longitude", 
"completed", 
"is_template", 
"created_at", 
"updated_at")), 
json_array()) as 
"data" from (select 
* from "cards" "board
sTable_lists_cards" 
where "boardsTable_li
sts_cards"."list_id" 
= "boardsTable_lists"
."id" order by "board
sTable_lists_cards"."
order" asc) "boardsTa
ble_lists_cards"))), 
json_array()) as 
"data" from (select 
* from "lists" 
"boardsTable_lists" 
where "boardsTable_li
sts"."board_id" = 
"boardsTable"."id" 
order by "boardsTable
_lists"."order" asc) 
"boardsTable_lists") 
as "lists" from 
"boards" 
"boardsTable" where 
"boardsTable"."id" = 
? limit ?'[39m,
  params: [ [32m'019
bd127-d919-7fd7-b6ff-
b1bc96f1d940'[39m, 
[33m1[39m ],
  cause: 
LibsqlError: 
SQLITE_ERROR: no 
such column: 
is_template
      at 
mapSqliteError (file:
///D:/UIT_COURSES/SE1
00/DailyDesk/node_mod
ules/[4m.pnpm[24m/@
libsql+client@0.15.15
/node_modules/[4m@li
bsql[24m/client/lib-
esm/sqlite3.js:392:16
)
      at executeStmt 
(file:///D:/UIT_COURS
ES/SE100/DailyDesk/no
de_modules/[4m.pnpm
[24m/@libsql+client@0
.15.15/node_modules/
[4m@libsql[24m/clien
t/lib-esm/sqlite3.js:
297:15)
      at Sqlite3Clien
t.execute (file:///D:
/UIT_COURSES/SE100/Da
ilyDesk/node_modules/
[4m.pnpm[24m/@libsq
l+client@0.15.15/node
_modules/[4m@libsql
[24m/client/lib-esm/s
qlite3.js:81:16)
  [90m    ... 5 
lines matching cause 
stack trace ...[39m
      at 
QueryPromise.execute 
(file:///D:/UIT_COURS
ES/SE100/DailyDesk/no
de_modules/[4m.pnpm
[24m/drizzle-orm@0.44
.7_@electri_5c2928a09
9a752b7e299aaadb8975a
ea/node_modules/[4ms
rc[24m/sqlite-core/q
uery-builders/query.t
s:197:15)
      at 
QueryPromise.then (fi
le:///D:/UIT_COURSES/
SE100/DailyDesk/node_
modules/[4m.pnpm[24
m/drizzle-orm@0.44.7_
@electri_5c2928a099a7
52b7e299aaadb8975aea/
node_modules/[4msrc
[24m/query-promise.ts
:31:15) {
    code: [32m'SQLIT
E_ERROR'[39m,
    rawCode: 
[33m1[39m,
    [cause]: 
SqliteError: no such 
column: is_template
        at 
convertError (D:\UIT_
COURSES\SE100\DailyDe
sk\node_modules\[4m.
pnpm[24m\libsql@0.5.
22\node_modules\[4ml
ibsql[24m\index.js:5
9:12)
        at 
Database.prepare (D:\
UIT_COURSES\SE100\Dai
lyDesk\node_modules\
[4m.pnpm[24m\libsql@
0.5.22\node_modules\
[4mlibsql[24m\index.
js:131:13)
        at 
executeStmt (file:///
D:/UIT_COURSES/SE100/
DailyDesk/node_module
s/[4m.pnpm[24m/@lib
sql+client@0.15.15/no
de_modules/[4m@libsq
l[24m/client/lib-esm
/sqlite3.js:268:28)
        at Sqlite3Cli
ent.execute (file:///
D:/UIT_COURSES/SE100/
DailyDesk/node_module
s/[4m.pnpm[24m/@lib
sql+client@0.15.15/no
de_modules/[4m@libsq
l[24m/client/lib-esm
/sqlite3.js:81:16)
        at file:///D:
/UIT_COURSES/SE100/Da
ilyDesk/node_modules/
[4m.pnpm[24m/drizzl
e-orm@0.44.7_@electri
_5c2928a099a752b7e299
aaadb8975aea/node_mod
ules/[4msrc[24m/lib
sql/session.ts:288:58
        at LibSQLPrep
aredQuery.queryWithCa
che (file:///D:/UIT_C
OURSES/SE100/DailyDes
k/node_modules/[4m.p
npm[24m/drizzle-orm@
0.44.7_@electri_5c292
8a099a752b7e299aaadb8
975aea/node_modules/
[4msrc[24m/sqlite-co
re/session.ts:78:18)
        at LibSQLPrep
aredQuery.values (fil
e:///D:/UIT_COURSES/S
E100/DailyDesk/node_m
odules/[4m.pnpm[24m
/drizzle-orm@0.44.7_@
electri_5c2928a099a75
2b7e299aaadb8975aea/n
ode_modules/[4msrc[
24m/libsql/session.ts
:286:21)
        at LibSQLPrep
aredQuery.get (file:/
//D:/UIT_COURSES/SE10
0/DailyDesk/node_modu
les/[4m.pnpm[24m/dr
izzle-orm@0.44.7_@ele
ctri_5c2928a099a752b7
e299aaadb8975aea/node
_modules/[4msrc[24m
/libsql/session.ts:25
2:27)
        at QueryPromi
se.executeRaw (file:/
//D:/UIT_COURSES/SE10
0/DailyDesk/node_modu
les/[4m.pnpm[24m/dr
izzle-orm@0.44.7_@ele
ctri_5c2928a099a752b7
e299aaadb8975aea/node
_modules/[4msrc[24m
/sqlite-core/query-bu
ilders/query.ts:191:3
2)
        at 
QueryPromise.execute 
(file:///D:/UIT_COURS
ES/SE100/DailyDesk/no
de_modules/[4m.pnpm
[24m/drizzle-orm@0.44
.7_@electri_5c2928a09
9a752b7e299aaadb8975a
ea/node_modules/[4ms
rc[24m/sqlite-core/q
uery-builders/query.t
s:197:15) {
      code: [32m'SQL
ITE_ERROR'[39m,
      rawCode: 
[33m1[39m
    }
  }
}

[90mstderr[2m | tes
ts/boards.test.ts[2m
 > [22m[2mBoards 
API Integration 
Tests[2m > 
[22m[2mGET 
/boards/:id[2m > 
[22m[2mshould 
return 404 for 
non-existent board
[22m[39mError in 
boards GET by ID 
route: 
DrizzleQueryError: 
Failed query: select 
"id", "name", 
"user_id", 
"background_url", "ba
ckground_public_id", 
"background_color", 
(select coalesce(json
_group_array(json_arr
ay("id", "name", 
"order", "board_id", 
(select coalesce(json
_group_array(json_arr
ay("id", "name", 
"description", 
"order", 
"cover_url", 
"cover_public_id", 
"cover_color", 
"cover_mode", 
"list_id", 
"start_date", 
"deadline", 
"due_at", 
"due_complete", 
"reminder_minutes", 
"recurrence", 
"recurrence_day", "re
currence_weekday", 
"repeat_frequency", 
"repeat_interval", 
"latitude", 
"longitude", 
"completed", 
"is_template", 
"created_at", 
"updated_at")), 
json_array()) as 
"data" from (select 
* from "cards" "board
sTable_lists_cards" 
where "boardsTable_li
sts_cards"."list_id" 
= "boardsTable_lists"
."id" order by "board
sTable_lists_cards"."
order" asc) "boardsTa
ble_lists_cards"))), 
json_array()) as 
"data" from (select 
* from "lists" 
"boardsTable_lists" 
where "boardsTable_li
sts"."board_id" = 
"boardsTable"."id" 
order by "boardsTable
_lists"."order" asc) 
"boardsTable_lists") 
as "lists" from 
"boards" 
"boardsTable" where 
"boardsTable"."id" = 
? limit ?
params: 019bd127-d936
-782a-8930-e4ad21f50c
88,1
    at LibSQLPrepared
Query.queryWithCache 
(file:///D:/UIT_COURS
ES/SE100/DailyDesk/no
de_modules/[4m.pnpm
[24m/drizzle-orm@0.44
.7_@electri_5c2928a09
9a752b7e299aaadb8975a
ea/node_modules/[4ms
rc[24m/sqlite-core/s
ession.ts:80:11)
[90m    at processTi
cksAndRejections (nod
e:internal/process/ta
sk_queues:105:5)[39m
    at LibSQLPrepared
Query.values (file://
/D:/UIT_COURSES/SE100
/DailyDesk/node_modul
es/[4m.pnpm[24m/dri
zzle-orm@0.44.7_@elec
tri_5c2928a099a752b7e
299aaadb8975aea/node_
modules/[4msrc[24m/
libsql/session.ts:286
:10)
    at LibSQLPrepared
Query.get (file:///D:
/UIT_COURSES/SE100/Da
ilyDesk/node_modules/
[4m.pnpm[24m/drizzl
e-orm@0.44.7_@electri
_5c2928a099a752b7e299
aaadb8975aea/node_mod
ules/[4msrc[24m/lib
sql/session.ts:252:16
)
    at 
Module.getBoardById 
[90m(D:\UIT_COURSES\S
E100\DailyDesk\backen
d\[39msrc\services\b
oards.service.ts:230:
17[90m)[39m
    at [90mD:\UIT_CO
URSES\SE100\DailyDesk
\backend\[39msrc\rou
tes\boards.ts:138:23
    at dispatch (file
:///D:/UIT_COURSES/SE
100/DailyDesk/node_mo
dules/[4m.pnpm[24m/
hono@4.11.3/node_modu
les/[4mhono[24m/dis
t/compose.js:22:17)
    at file:///D:/UIT
_COURSES/SE100/DailyD
esk/node_modules/[4m
.pnpm[24m/hono@4.11.
3/node_modules/[4mho
no[24m/dist/validato
r/validator.js:81:12
    at dispatch (file
:///D:/UIT_COURSES/SE
100/DailyDesk/node_mo
dules/[4m.pnpm[24m/
hono@4.11.3/node_modu
les/[4mhono[24m/dis
t/compose.js:22:17)
    at [90mD:\UIT_CO
URSES\SE100\DailyDesk
\backend\[39mtests\h
elpers\auth.ts:27:5 {
  query: 
[32m'select "id", 
"name", "user_id", 
"background_url", "ba
ckground_public_id", 
"background_color", 
(select coalesce(json
_group_array(json_arr
ay("id", "name", 
"order", "board_id", 
(select coalesce(json
_group_array(json_arr
ay("id", "name", 
"description", 
"order", 
"cover_url", 
"cover_public_id", 
"cover_color", 
"cover_mode", 
"list_id", 
"start_date", 
"deadline", 
"due_at", 
"due_complete", 
"reminder_minutes", 
"recurrence", 
"recurrence_day", "re
currence_weekday", 
"repeat_frequency", 
"repeat_interval", 
"latitude", 
"longitude", 
"completed", 
"is_template", 
"created_at", 
"updated_at")), 
json_array()) as 
"data" from (select 
* from "cards" "board
sTable_lists_cards" 
where "boardsTable_li
sts_cards"."list_id" 
= "boardsTable_lists"
."id" order by "board
sTable_lists_cards"."
order" asc) "boardsTa
ble_lists_cards"))), 
json_array()) as 
"data" from (select 
* from "lists" 
"boardsTable_lists" 
where "boardsTable_li
sts"."board_id" = 
"boardsTable"."id" 
order by "boardsTable
_lists"."order" asc) 
"boardsTable_lists") 
as "lists" from 
"boards" 
"boardsTable" where 
"boardsTable"."id" = 
? limit ?'[39m,
  params: [ [32m'019
bd127-d936-782a-8930-
e4ad21f50c88'[39m, 
[33m1[39m ],
  cause: 
LibsqlError: 
SQLITE_ERROR: no 
such column: 
is_template
      at 
mapSqliteError (file:
///D:/UIT_COURSES/SE1
00/DailyDesk/node_mod
ules/[4m.pnpm[24m/@
libsql+client@0.15.15
/node_modules/[4m@li
bsql[24m/client/lib-
esm/sqlite3.js:392:16
)
      at executeStmt 
(file:///D:/UIT_COURS
ES/SE100/DailyDesk/no
de_modules/[4m.pnpm
[24m/@libsql+client@0
.15.15/node_modules/
[4m@libsql[24m/clien
t/lib-esm/sqlite3.js:
297:15)
      at Sqlite3Clien
t.execute (file:///D:
/UIT_COURSES/SE100/Da
ilyDesk/node_modules/
[4m.pnpm[24m/@libsq
l+client@0.15.15/node
_modules/[4m@libsql
[24m/client/lib-esm/s
qlite3.js:81:16)
  [90m    ... 5 
lines matching cause 
stack trace ...[39m
      at 
QueryPromise.execute 
(file:///D:/UIT_COURS
ES/SE100/DailyDesk/no
de_modules/[4m.pnpm
[24m/drizzle-orm@0.44
.7_@electri_5c2928a09
9a752b7e299aaadb8975a
ea/node_modules/[4ms
rc[24m/sqlite-core/q
uery-builders/query.t
s:197:15)
      at 
QueryPromise.then (fi
le:///D:/UIT_COURSES/
SE100/DailyDesk/node_
modules/[4m.pnpm[24
m/drizzle-orm@0.44.7_
@electri_5c2928a099a7
52b7e299aaadb8975aea/
node_modules/[4msrc
[24m/query-promise.ts
:31:15) {
    code: [32m'SQLIT
E_ERROR'[39m,
    rawCode: 
[33m1[39m,
    [cause]: 
SqliteError: no such 
column: is_template
        at 
convertError (D:\UIT_
COURSES\SE100\DailyDe
sk\node_modules\[4m.
pnpm[24m\libsql@0.5.
22\node_modules\[4ml
ibsql[24m\index.js:5
9:12)
        at 
Database.prepare (D:\
UIT_COURSES\SE100\Dai
lyDesk\node_modules\
[4m.pnpm[24m\libsql@
0.5.22\node_modules\
[4mlibsql[24m\index.
js:131:13)
        at 
executeStmt (file:///
D:/UIT_COURSES/SE100/
DailyDesk/node_module
s/[4m.pnpm[24m/@lib
sql+client@0.15.15/no
de_modules/[4m@libsq
l[24m/client/lib-esm
/sqlite3.js:268:28)
        at Sqlite3Cli
ent.execute (file:///
D:/UIT_COURSES/SE100/
DailyDesk/node_module
s/[4m.pnpm[24m/@lib
sql+client@0.15.15/no
de_modules/[4m@libsq
l[24m/client/lib-esm
/sqlite3.js:81:16)
        at file:///D:
/UIT_COURSES/SE100/Da
ilyDesk/node_modules/
[4m.pnpm[24m/drizzl
e-orm@0.44.7_@electri
_5c2928a099a752b7e299
aaadb8975aea/node_mod
ules/[4msrc[24m/lib
sql/session.ts:288:58
        at LibSQLPrep
aredQuery.queryWithCa
che (file:///D:/UIT_C
OURSES/SE100/DailyDes
k/node_modules/[4m.p
npm[24m/drizzle-orm@
0.44.7_@electri_5c292
8a099a752b7e299aaadb8
975aea/node_modules/
[4msrc[24m/sqlite-co
re/session.ts:78:18)
        at LibSQLPrep
aredQuery.values (fil
e:///D:/UIT_COURSES/S
E100/DailyDesk/node_m
odules/[4m.pnpm[24m
/drizzle-orm@0.44.7_@
electri_5c2928a099a75
2b7e299aaadb8975aea/n
ode_modules/[4msrc[
24m/libsql/session.ts
:286:21)
        at LibSQLPrep
aredQuery.get (file:/
//D:/UIT_COURSES/SE10
0/DailyDesk/node_modu
les/[4m.pnpm[24m/dr
izzle-orm@0.44.7_@ele
ctri_5c2928a099a752b7
e299aaadb8975aea/node
_modules/[4msrc[24m
/libsql/session.ts:25
2:27)
        at QueryPromi
se.executeRaw (file:/
//D:/UIT_COURSES/SE10
0/DailyDesk/node_modu
les/[4m.pnpm[24m/dr
izzle-orm@0.44.7_@ele
ctri_5c2928a099a752b7
e299aaadb8975aea/node
_modules/[4msrc[24m
/sqlite-core/query-bu
ilders/query.ts:191:3
2)
        at 
QueryPromise.execute 
(file:///D:/UIT_COURS
ES/SE100/DailyDesk/no
de_modules/[4m.pnpm
[24m/drizzle-orm@0.44
.7_@electri_5c2928a09
9a752b7e299aaadb8975a
ea/node_modules/[4ms
rc[24m/sqlite-core/q
uery-builders/query.t
s:197:15) {
      code: [32m'SQL
ITE_ERROR'[39m,
      rawCode: 
[33m1[39m
    }
  }
}

[90mstderr[2m | tes
ts/boards.test.ts[2m
 > [22m[2mBoards 
API Integration 
Tests[2m > 
[22m[2mDELETE 
/boards/:id[2m > 
[22m[2mshould 
delete a board
[22m[39mError in 
boards GET by ID 
route: 
DrizzleQueryError: 
Failed query: select 
"id", "name", 
"user_id", 
"background_url", "ba
ckground_public_id", 
"background_color", 
(select coalesce(json
_group_array(json_arr
ay("id", "name", 
"order", "board_id", 
(select coalesce(json
_group_array(json_arr
ay("id", "name", 
"description", 
"order", 
"cover_url", 
"cover_public_id", 
"cover_color", 
"cover_mode", 
"list_id", 
"start_date", 
"deadline", 
"due_at", 
"due_complete", 
"reminder_minutes", 
"recurrence", 
"recurrence_day", "re
currence_weekday", 
"repeat_frequency", 
"repeat_interval", 
"latitude", 
"longitude", 
"completed", 
"is_template", 
"created_at", 
"updated_at")), 
json_array()) as 
"data" from (select 
* from "cards" "board
sTable_lists_cards" 
where "boardsTable_li
sts_cards"."list_id" 
= "boardsTable_lists"
."id" order by "board
sTable_lists_cards"."
order" asc) "boardsTa
ble_lists_cards"))), 
json_array()) as 
"data" from (select 
* from "lists" 
"boardsTable_lists" 
where "boardsTable_li
sts"."board_id" = 
"boardsTable"."id" 
order by "boardsTable
_lists"."order" asc) 
"boardsTable_lists") 
as "lists" from 
"boards" 
"boardsTable" where 
"boardsTable"."id" = 
? limit ?
params: 019bd127-d96f
-7139-b3b8-cbb1021e6e
cd,1
    at LibSQLPrepared
Query.queryWithCache 
(file:///D:/UIT_COURS
ES/SE100/DailyDesk/no
de_modules/[4m.pnpm
[24m/drizzle-orm@0.44
.7_@electri_5c2928a09
9a752b7e299aaadb8975a
ea/node_modules/[4ms
rc[24m/sqlite-core/s
ession.ts:80:11)
[90m    at processTi
cksAndRejections (nod
e:internal/process/ta
sk_queues:105:5)[39m
    at LibSQLPrepared
Query.values (file://
/D:/UIT_COURSES/SE100
/DailyDesk/node_modul
es/[4m.pnpm[24m/dri
zzle-orm@0.44.7_@elec
tri_5c2928a099a752b7e
299aaadb8975aea/node_
modules/[4msrc[24m/
libsql/session.ts:286
:10)
    at LibSQLPrepared
Query.get (file:///D:
/UIT_COURSES/SE100/Da
ilyDesk/node_modules/
[4m.pnpm[24m/drizzl
e-orm@0.44.7_@electri
_5c2928a099a752b7e299
aaadb8975aea/node_mod
ules/[4msrc[24m/lib
sql/session.ts:252:16
)
 [31m├ù[39m tests/boards.test.ts[2m > [22mBoards API Integration Tests[2m > [22mGET /boards[2m > [22mshould return empty array for authenticated user with no boards
[31m   ΓåÆ expected 500 to be 200 // Object.is equality[39m
 [32mΓ£ô[39m tests/boards.test.ts[2m > [22mBoards API Integration Tests[2m > [22mPOST /boards[2m > [22mshould create a new board
 [32mΓ£ô[39m tests/boards.test.ts[2m > [22mBoards API Integration Tests[2m > [22mPOST /boards[2m > [22mshould reject board creation without authentication
 [32mΓ£ô[39m tests/boards.test.ts[2m > [22mBoards API Integration Tests[2m > [22mPOST /boards[2m > [22mshould validate required fields
 [31m├ù[39m tests/boards.test.ts[2m > [22mBoards API Integration Tests[2m > [22mGET /boards/:id[2m > [22mshould return a specific board with lists and cards
[31m   ΓåÆ expected 500 to be 200 // Object.is equality[39m
 [31m├ù[39m tests/boards.test.ts[2m > [22mBoards API Integration Tests[2m > [22mGET /boards/:id[2m > [22mshould return 404 for non-existent board
[31m   ΓåÆ expected 500 to be 404 // Object.is equality[39m
 [32mΓ£ô[39m tests/boards.test.ts[2m > [22mBoards API Integration Tests[2m > [22mPATCH /boards/:id[2m > [22mshould update board properties
 [31m├ù[39m tests/boards.test.ts[2m > [22mBoards API Integration Tests[2m > [22mDELETE /boards/:id[2m > [22mshould delete a board
[31m   ΓåÆ expected 500 to be 404 // Object.is equality[39m
    at 
Module.getBoardById 
[90m(D:\UIT_COURSES\S
E100\DailyDesk\backen
d\[39msrc\services\b
oards.service.ts:230:
17[90m)[39m
    at [90mD:\UIT_CO
URSES\SE100\DailyDesk
\backend\[39msrc\rou
tes\boards.ts:138:23
    at dispatch (file
:///D:/UIT_COURSES/SE
100/DailyDesk/node_mo
dules/[4m.pnpm[24m/
hono@4.11.3/node_modu
les/[4mhono[24m/dis
t/compose.js:22:17)
    at file:///D:/UIT
_COURSES/SE100/DailyD
esk/node_modules/[4m
.pnpm[24m/hono@4.11.
3/node_modules/[4mho
no[24m/dist/validato
r/validator.js:81:12
    at dispatch (file
:///D:/UIT_COURSES/SE
100/DailyDesk/node_mo
dules/[4m.pnpm[24m/
hono@4.11.3/node_modu
les/[4mhono[24m/dis
t/compose.js:22:17)
    at [90mD:\UIT_CO
URSES\SE100\DailyDesk
\backend\[39mtests\h
elpers\auth.ts:27:5 {
  query: 
[32m'select "id", 
"name", "user_id", 
"background_url", "ba
ckground_public_id", 
"background_color", 
(select coalesce(json
_group_array(json_arr
ay("id", "name", 
"order", "board_id", 
(select coalesce(json
_group_array(json_arr
ay("id", "name", 
"description", 
"order", 
"cover_url", 
"cover_public_id", 
"cover_color", 
"cover_mode", 
"list_id", 
"start_date", 
"deadline", 
"due_at", 
"due_complete", 
"reminder_minutes", 
"recurrence", 
"recurrence_day", "re
currence_weekday", 
"repeat_frequency", 
"repeat_interval", 
"latitude", 
"longitude", 
"completed", 
"is_template", 
"created_at", 
"updated_at")), 
json_array()) as 
"data" from (select 
* from "cards" "board
sTable_lists_cards" 
where "boardsTable_li
sts_cards"."list_id" 
= "boardsTable_lists"
."id" order by "board
sTable_lists_cards"."
order" asc) "boardsTa
ble_lists_cards"))), 
json_array()) as 
"data" from (select 
* from "lists" 
"boardsTable_lists" 
where "boardsTable_li
sts"."board_id" = 
"boardsTable"."id" 
order by "boardsTable
_lists"."order" asc) 
"boardsTable_lists") 
as "lists" from 
"boards" 
"boardsTable" where 
"boardsTable"."id" = 
? limit ?'[39m,
  params: [ [32m'019
bd127-d96f-7139-b3b8-
cbb1021e6ecd'[39m, 
[33m1[39m ],
  cause: 
LibsqlError: 
SQLITE_ERROR: no 
such column: 
is_template
      at 
mapSqliteError (file:
///D:/UIT_COURSES/SE1
00/DailyDesk/node_mod
ules/[4m.pnpm[24m/@
libsql+client@0.15.15
/node_modules/[4m@li
bsql[24m/client/lib-
esm/sqlite3.js:392:16
)
      at executeStmt 
(file:///D:/UIT_COURS
ES/SE100/DailyDesk/no
de_modules/[4m.pnpm
[24m/@libsql+client@0
.15.15/node_modules/
[4m@libsql[24m/clien
t/lib-esm/sqlite3.js:
297:15)
      at Sqlite3Clien
t.execute (file:///D:
/UIT_COURSES/SE100/Da
ilyDesk/node_modules/
[4m.pnpm[24m/@libsq
l+client@0.15.15/node
_modules/[4m@libsql
[24m/client/lib-esm/s
qlite3.js:81:16)
  [90m    ... 5 
lines matching cause 
stack trace ...[39m
      at 
QueryPromise.execute 
(file:///D:/UIT_COURS
ES/SE100/DailyDesk/no
de_modules/[4m.pnpm
[24m/drizzle-orm@0.44
.7_@electri_5c2928a09
9a752b7e299aaadb8975a
ea/node_modules/[4ms
rc[24m/sqlite-core/q
uery-builders/query.t
s:197:15)
      at 
QueryPromise.then (fi
le:///D:/UIT_COURSES/
SE100/DailyDesk/node_
modules/[4m.pnpm[24
m/drizzle-orm@0.44.7_
@electri_5c2928a099a7
52b7e299aaadb8975aea/
node_modules/[4msrc
[24m/query-promise.ts
:31:15) {
    code: [32m'SQLIT
E_ERROR'[39m,
    rawCode: 
[33m1[39m,
    [cause]: 
SqliteError: no such 
column: is_template
        at 
convertError (D:\UIT_
COURSES\SE100\DailyDe
sk\node_modules\[4m.
pnpm[24m\libsql@0.5.
22\node_modules\[4ml
ibsql[24m\index.js:5
9:12)
        at 
Database.prepare (D:\
UIT_COURSES\SE100\Dai
lyDesk\node_modules\
[4m.pnpm[24m\libsql@
0.5.22\node_modules\
[4mlibsql[24m\index.
js:131:13)
        at 
executeStmt (file:///
D:/UIT_COURSES/SE100/
DailyDesk/node_module
s/[4m.pnpm[24m/@lib
sql+client@0.15.15/no
de_modules/[4m@libsq
l[24m/client/lib-esm
/sqlite3.js:268:28)
        at Sqlite3Cli
ent.execute (file:///
D:/UIT_COURSES/SE100/
DailyDesk/node_module
s/[4m.pnpm[24m/@lib
sql+client@0.15.15/no
de_modules/[4m@libsq
l[24m/client/lib-esm
/sqlite3.js:81:16)
        at file:///D:
/UIT_COURSES/SE100/Da
ilyDesk/node_modules/
[4m.pnpm[24m/drizzl
e-orm@0.44.7_@electri
_5c2928a099a752b7e299
aaadb8975aea/node_mod
ules/[4msrc[24m/lib
sql/session.ts:288:58
        at LibSQLPrep
aredQuery.queryWithCa
che (file:///D:/UIT_C
OURSES/SE100/DailyDes
k/node_modules/[4m.p
npm[24m/drizzle-orm@
0.44.7_@electri_5c292
8a099a752b7e299aaadb8
975aea/node_modules/
[4msrc[24m/sqlite-co
re/session.ts:78:18)
        at LibSQLPrep
aredQuery.values (fil
e:///D:/UIT_COURSES/S
E100/DailyDesk/node_m
odules/[4m.pnpm[24m
/drizzle-orm@0.44.7_@
electri_5c2928a099a75
2b7e299aaadb8975aea/n
ode_modules/[4msrc[
24m/libsql/session.ts
:286:21)
        at LibSQLPrep
aredQuery.get (file:/
//D:/UIT_COURSES/SE10
0/DailyDesk/node_modu
les/[4m.pnpm[24m/dr
izzle-orm@0.44.7_@ele
ctri_5c2928a099a752b7
e299aaadb8975aea/node
_modules/[4msrc[24m
/libsql/session.ts:25
2:27)
        at QueryPromi
se.executeRaw (file:/
//D:/UIT_COURSES/SE10
0/DailyDesk/node_modu
les/[4m.pnpm[24m/dr
izzle-orm@0.44.7_@ele
ctri_5c2928a099a752b7
e299aaadb8975aea/node
_modules/[4msrc[24m
/sqlite-core/query-bu
ilders/query.ts:191:3
2)
        at 
QueryPromise.execute 
(file:///D:/UIT_COURS
ES/SE100/DailyDesk/no
de_modules/[4m.pnpm
[24m/drizzle-orm@0.44
.7_@electri_5c2928a09
9a752b7e299aaadb8975a
ea/node_modules/[4ms
rc[24m/sqlite-core/q
uery-builders/query.t
s:197:15) {
      code: [32m'SQL
ITE_ERROR'[39m,
      rawCode: 
[33m1[39m
    }
  }
}

[90mstderr[2m | tes
ts/cards/card-move.te
st.ts[2m > 
[22m[2mCard 
movement between 
lists with order 
management[2m > 
[22m[2mshould move 
card from one list 
to another and 
update orders
[22m[39mDrizzleQuer
yError: Failed 
query: select "id", 
"name", 
"description", 
"order", 
"cover_url", 
"cover_public_id", 
"cover_color", 
"cover_mode", 
"list_id", 
"start_date", 
"deadline", 
"due_at", 
"due_complete", 
"reminder_minutes", 
"recurrence", 
"recurrence_day", "re
currence_weekday", 
"repeat_frequency", 
"repeat_interval", 
"latitude", 
"longitude", 
"completed", 
"is_template", 
"created_at", 
"updated_at" from 
"cards" where 
"cards"."list_id" = ?
params: 019bd127-d8d2
-747a-a3e7-f6b75b1e4f
25
    at LibSQLPrepared
Query.queryWithCache 
(file:///D:/UIT_COURS
ES/SE100/DailyDesk/no
de_modules/[4m.pnpm
[24m/drizzle-orm@0.44
.7_@electri_5c2928a09
9a752b7e299aaadb8975a
ea/node_modules/[4ms
rc[24m/sqlite-core/s
ession.ts:80:11)
[90m    at processTi
cksAndRejections (nod
e:internal/process/ta
sk_queues:105:5)[39m
    at LibSQLPrepared
Query.values (file://
/D:/UIT_COURSES/SE100
/DailyDesk/node_modul
es/[4m.pnpm[24m/dri
zzle-orm@0.44.7_@elec
tri_5c2928a099a752b7e
299aaadb8975aea/node_
modules/[4msrc[24m/
libsql/session.ts:286
:10)
    at LibSQLPrepared
Query.all (file:///D:
/UIT_COURSES/SE100/Da
ilyDesk/node_modules/
[4m.pnpm[24m/drizzl
e-orm@0.44.7_@electri
_5c2928a099a752b7e299
aaadb8975aea/node_mod
ules/[4msrc[24m/lib
sql/session.ts:214:16
)
    at 
Module.createCard [9
0m(D:\UIT_COURSES\SE1
00\DailyDesk\backend\
[39msrc\services\car
ds.service.ts:319:23
[90m)[39m
    at [90mD:\UIT_CO
URSES\SE100\DailyDesk
\backend\[39msrc\rou
tes\cards.ts:152:22
    at dispatch (file
:///D:/UIT_COURSES/SE
100/DailyDesk/node_mo
dules/[4m.pnpm[24m/
hono@4.11.3/node_modu
les/[4mhono[24m/dis
t/compose.js:22:17)
    at file:///D:/UIT
_COURSES/SE100/DailyD
esk/node_modules/[4m
.pnpm[24m/hono@4.11.
3/node_modules/[4mho
no[24m/dist/validato
r/validator.js:81:12
    at mw (file:///D:
/UIT_COURSES/SE100/Da
ilyDesk/node_modules/
[4m.pnpm[24m/@hono+
zod-openapi@1.2.0_hon
o@4.11.3_zod@4.3.5/no
de_modules/[4m@hono
[24m/zod-openapi/src/
index.ts:546:26)
    at dispatch (file
:///D:/UIT_COURSES/SE
100/DailyDesk/node_mo
dules/[4m.pnpm[24m/
hono@4.11.3/node_modu
les/[4mhono[24m/dis
t/compose.js:22:17) {
  query: 
[32m'select "id", 
"name", 
"description", 
"order", 
"cover_url", 
"cover_public_id", 
"cover_color", 
"cover_mode", 
"list_id", 
"start_date", 
"deadline", 
"due_at", 
"due_complete", 
"reminder_minutes", 
"recurrence", 
"recurrence_day", "re
currence_weekday", 
"repeat_frequency", 
"repeat_interval", 
"latitude", 
"longitude", 
"completed", 
"is_template", 
"created_at", 
"updated_at" from 
"cards" where 
"cards"."list_id" = 
?'[39m,
  params: [ [32m'019
bd127-d8d2-747a-a3e7-
f6b75b1e4f25'[39m ],
  cause: 
LibsqlError: 
SQLITE_ERROR: no 
such column: 
is_template
      at 
mapSqliteError (file:
///D:/UIT_COURSES/SE1
00/DailyDesk/node_mod
ules/[4m.pnpm[24m/@
libsql+client@0.15.15
/node_modules/[4m@li
bsql[24m/client/lib-
esm/sqlite3.js:392:16
)
      at executeStmt 
(file:///D:/UIT_COURS
ES/SE100/DailyDesk/no
de_modules/[4m.pnpm
[24m/@libsql+client@0
.15.15/node_modules/
[4m@libsql[24m/clien
t/lib-esm/sqlite3.js:
297:15)
      at Sqlite3Clien
t.execute (file:///D:
/UIT_COURSES/SE100/Da
ilyDesk/node_modules/
[4m.pnpm[24m/@libsq
l+client@0.15.15/node
_modules/[4m@libsql
[24m/client/lib-esm/s
qlite3.js:81:16)
  [90m    ... 5 
lines matching cause 
stack trace ...[39m
      at SQLiteSelect
Base.execute (file://
/D:/UIT_COURSES/SE100
/DailyDesk/node_modul
es/[4m.pnpm[24m/dri
zzle-orm@0.44.7_@elec
tri_5c2928a099a752b7e
299aaadb8975aea/node_
modules/[4msrc[24m/
sqlite-core/query-bui
lders/select.ts:962:1
5)
      at SQLiteSelect
Base.then (file:///D:
/UIT_COURSES/SE100/Da
ilyDesk/node_modules/
[4m.pnpm[24m/drizzl
e-orm@0.44.7_@electri
_5c2928a099a752b7e299
aaadb8975aea/node_mod
ules/[4msrc[24m/que
ry-promise.ts:31:15) 
{
    code: [32m'SQLIT
E_ERROR'[39m,
    rawCode: 
[33m1[39m,
    [cause]: 
SqliteError: no such 
column: is_template
        at 
convertError (D:\UIT_
COURSES\SE100\DailyDe
sk\node_modules\[4m.
pnpm[24m\libsql@0.5.
22\node_modules\[4ml
ibsql[24m\index.js:5
9:12)
        at 
Database.prepare (D:\
UIT_COURSES\SE100\Dai
lyDesk\node_modules\
[4m.pnpm[24m\libsql@
0.5.22\node_modules\
[4mlibsql[24m\index.
js:131:13)
        at 
executeStmt (file:///
D:/UIT_COURSES/SE100/
DailyDesk/node_module
s/[4m.pnpm[24m/@lib
sql+client@0.15.15/no
de_modules/[4m@libsq
l[24m/client/lib-esm
/sqlite3.js:268:28)
        at Sqlite3Cli
ent.execute (file:///
D:/UIT_COURSES/SE100/
DailyDesk/node_module
s/[4m.pnpm[24m/@lib
sql+client@0.15.15/no
de_modules/[4m@libsq
l[24m/client/lib-esm
/sqlite3.js:81:16)
        at file:///D:
/UIT_COURSES/SE100/Da
ilyDesk/node_modules/
[4m.pnpm[24m/drizzl
e-orm@0.44.7_@electri
_5c2928a099a752b7e299
aaadb8975aea/node_mod
ules/[4msrc[24m/lib
sql/session.ts:288:58
        at LibSQLPrep
aredQuery.queryWithCa
che (file:///D:/UIT_C
OURSES/SE100/DailyDes
k/node_modules/[4m.p
npm[24m/drizzle-orm@
0.44.7_@electri_5c292
8a099a752b7e299aaadb8
975aea/node_modules/
[4msrc[24m/sqlite-co
re/session.ts:78:18)
        at LibSQLPrep
aredQuery.values (fil
e:///D:/UIT_COURSES/S
E100/DailyDesk/node_m
odules/[4m.pnpm[24m
/drizzle-orm@0.44.7_@
electri_5c2928a099a75
2b7e299aaadb8975aea/n
ode_modules/[4msrc[
24m/libsql/session.ts
:286:21)
        at LibSQLPrep
aredQuery.all (file:/
//D:/UIT_COURSES/SE10
0/DailyDesk/node_modu
les/[4m.pnpm[24m/dr
izzle-orm@0.44.7_@ele
ctri_5c2928a099a752b7
e299aaadb8975aea/node
_modules/[4msrc[24m
/libsql/session.ts:21
4:27)
        at 
SQLiteSelectBase.all 
(file:///D:/UIT_COURS
ES/SE100/DailyDesk/no
de_modules/[4m.pnpm
[24m/drizzle-orm@0.44
.7_@electri_5c2928a09
9a752b7e299aaadb8975a
ea/node_modules/[4ms
rc[24m/sqlite-core/q
uery-builders/select.
ts:950:26)
        at SQLiteSele
ctBase.execute (file:
///D:/UIT_COURSES/SE1
00/DailyDesk/node_mod
ules/[4m.pnpm[24m/d
rizzle-orm@0.44.7_@el
ectri_5c2928a099a752b
7e299aaadb8975aea/nod
e_modules/[4msrc[24
m/sqlite-core/query-b
uilders/select.ts:962
:15) {
      code: [32m'SQL
ITE_ERROR'[39m,
      rawCode: 
[33m1[39m
    }
  }
}
DrizzleQueryError: 
Failed query: select 
"id", "name", 
"description", 
"order", 
"cover_url", 
"cover_public_id", 
"cover_color", 
"cover_mode", 
"list_id", 
"start_date", 
"deadline", 
"due_at", 
"due_complete", 
"reminder_minutes", 
"recurrence", 
"recurrence_day", "re
currence_weekday", 
"repeat_frequency", 
"repeat_interval", 
"latitude", 
"longitude", 
"completed", 
"is_template", 
"created_at", 
"updated_at" from 
"cards" where 
"cards"."list_id" = ?
params: 019bd127-d8d2
-747a-a3e7-f6b75b1e4f
25
    at LibSQLPrepared
Query.queryWithCache 
(file:///D:/UIT_COURS
ES/SE100/DailyDesk/no
de_modules/[4m.pnpm
[24m/drizzle-orm@0.44
.7_@electri_5c2928a09
9a752b7e299aaadb8975a
ea/node_modules/[4ms
rc[24m/sqlite-core/s
ession.ts:80:11)
[90m    at processTi
cksAndRejections (nod
e:internal/process/ta
sk_queues:105:5)[39m
    at LibSQLPrepared
Query.values (file://
/D:/UIT_COURSES/SE100
/DailyDesk/node_modul
es/[4m.pnpm[24m/dri
zzle-orm@0.44.7_@elec
tri_5c2928a099a752b7e
299aaadb8975aea/node_
modules/[4msrc[24m/
libsql/session.ts:286
:10)
    at LibSQLPrepared
Query.all (file:///D:
/UIT_COURSES/SE100/Da
ilyDesk/node_modules/
[4m.pnpm[24m/drizzl
e-orm@0.44.7_@electri
_5c2928a099a752b7e299
aaadb8975aea/node_mod
ules/[4msrc[24m/lib
sql/session.ts:214:16
)
    at 
Module.createCard [9
0m(D:\UIT_COURSES\SE1
00\DailyDesk\backend\
[39msrc\services\car
ds.service.ts:319:23
[90m)[39m
    at [90mD:\UIT_CO
URSES\SE100\DailyDesk
\backend\[39msrc\rou
tes\cards.ts:152:22
    at dispatch (file
:///D:/UIT_COURSES/SE
100/DailyDesk/node_mo
dules/[4m.pnpm[24m/
hono@4.11.3/node_modu
les/[4mhono[24m/dis
t/compose.js:22:17)
    at file:///D:/UIT
_COURSES/SE100/DailyD
esk/node_modules/[4m
.pnpm[24m/hono@4.11.
3/node_modules/[4mho
no[24m/dist/validato
r/validator.js:81:12
    at mw (file:///D:
/UIT_COURSES/SE100/Da
ilyDesk/node_modules/
[4m.pnpm[24m/@hono+
zod-openapi@1.2.0_hon
o@4.11.3_zod@4.3.5/no
de_modules/[4m@hono
[24m/zod-openapi/src/
index.ts:546:26)
    at dispatch (file
:///D:/UIT_COURSES/SE
100/DailyDesk/node_mo
dules/[4m.pnpm[24m/
hono@4.11.3/node_modu
les/[4mhono[24m/dis
t/compose.js:22:17) {
  query: 
[32m'select "id", 
"name", 
"description", 
"order", 
"cover_url", 
"cover_public_id", 
"cover_color", 
"cover_mode", 
"list_id", 
"start_date", 
"deadline", 
"due_at", 
"due_complete", 
"reminder_minutes", 
"recurrence", 
"recurrence_day", "re
currence_weekday", 
"repeat_frequency", 
"repeat_interval", 
"latitude", 
"longitude", 
"completed", 
"is_template", 
"created_at", 
"updated_at" from 
"cards" where 
"cards"."list_id" = 
?'[39m,
  params: [ [32m'019
bd127-d8d2-747a-a3e7-
f6b75b1e4f25'[39m ],
  cause: 
LibsqlError: 
SQLITE_ERROR: no 
such column: 
is_template
      at 
mapSqliteError (file:
///D:/UIT_COURSES/SE1
00/DailyDesk/node_mod
ules/[4m.pnpm[24m/@
libsql+client@0.15.15
/node_modules/[4m@li
bsql[24m/client/lib-
esm/sqlite3.js:392:16
)
      at executeStmt 
(file:///D:/UIT_COURS
ES/SE100/DailyDesk/no
de_modules/[4m.pnpm
[24m/@libsql+client@0
.15.15/node_modules/
[4m@libsql[24m/clien
t/lib-esm/sqlite3.js:
297:15)
      at Sqlite3Clien
t.execute (file:///D:
/UIT_COURSES/SE100/Da
ilyDesk/node_modules/
[4m.pnpm[24m/@libsq
l+client@0.15.15/node
_modules/[4m@libsql
[24m/client/lib-esm/s
qlite3.js:81:16)
  [90m    ... 5 
lines matching cause 
stack trace ...[39m
      at SQLiteSelect
Base.execute (file://
/D:/UIT_COURSES/SE100
/DailyDesk/node_modul
es/[4m.pnpm[24m/dri
zzle-orm@0.44.7_@elec
tri_5c2928a099a752b7e
299aaadb8975aea/node_
modules/[4msrc[24m/
sqlite-core/query-bui
lders/select.ts:962:1
5)
      at SQLiteSelect
Base.then (file:///D:
/UIT_COURSES/SE100/Da
ilyDesk/node_modules/
[4m.pnpm[24m/drizzl
e-orm@0.44.7_@electri
_5c2928a099a752b7e299
aaadb8975aea/node_mod
ules/[4msrc[24m/que
ry-promise.ts:31:15) 
{
    code: [32m'SQLIT
E_ERROR'[39m,
    rawCode: 
[33m1[39m,
    [cause]: 
SqliteError: no such 
column: is_template
        at 
convertError (D:\UIT_
COURSES\SE100\DailyDe
sk\node_modules\[4m.
pnpm[24m\libsql@0.5.
22\node_modules\[4ml
ibsql[24m\index.js:5
9:12)
        at 
Database.prepare (D:\
UIT_COURSES\SE100\Dai
lyDesk\node_modules\
[4m.pnpm[24m\libsql@
0.5.22\node_modules\
[4mlibsql[24m\index.
js:131:13)
        at 
executeStmt (file:///
D:/UIT_COURSES/SE100/
DailyDesk/node_module
s/[4m.pnpm[24m/@lib
sql+client@0.15.15/no
de_modules/[4m@libsq
l[24m/client/lib-esm
/sqlite3.js:268:28)
        at Sqlite3Cli
ent.execute (file:///
D:/UIT_COURSES/SE100/
DailyDesk/node_module
s/[4m.pnpm[24m/@lib
sql+client@0.15.15/no
de_modules/[4m@libsq
l[24m/client/lib-esm
/sqlite3.js:81:16)
        at file:///D:
/UIT_COURSES/SE100/Da
ilyDesk/node_modules/
[4m.pnpm[24m/drizzl
e-orm@0.44.7_@electri
_5c2928a099a752b7e299
aaadb8975aea/node_mod
ules/[4msrc[24m/lib
sql/session.ts:288:58
        at LibSQLPrep
aredQuery.queryWithCa
che (file:///D:/UIT_C
OURSES/SE100/DailyDes
k/node_modules/[4m.p
npm[24m/drizzle-orm@
0.44.7_@electri_5c292
8a099a752b7e299aaadb8
975aea/node_modules/
[4msrc[24m/sqlite-co
re/session.ts:78:18)
        at LibSQLPrep
aredQuery.values (fil
e:///D:/UIT_COURSES/S
E100/DailyDesk/node_m
odules/[4m.pnpm[24m
/drizzle-orm@0.44.7_@
electri_5c2928a099a75
2b7e299aaadb8975aea/n
ode_modules/[4msrc[
24m/libsql/session.ts
:286:21)
        at LibSQLPrep
aredQuery.all (file:/
//D:/UIT_COURSES/SE10
0/DailyDesk/node_modu
les/[4m.pnpm[24m/dr
izzle-orm@0.44.7_@ele
ctri_5c2928a099a752b7
e299aaadb8975aea/node
_modules/[4msrc[24m
/libsql/session.ts:21
4:27)
        at 
SQLiteSelectBase.all 
(file:///D:/UIT_COURS
ES/SE100/DailyDesk/no
de_modules/[4m.pnpm
[24m/drizzle-orm@0.44
.7_@electri_5c2928a09
9a752b7e299aaadb8975a
ea/node_modules/[4ms
rc[24m/sqlite-core/q
uery-builders/select.
ts:950:26)
        at SQLiteSele
ctBase.execute (file:
///D:/UIT_COURSES/SE1
00/DailyDesk/node_mod
ules/[4m.pnpm[24m/d
rizzle-orm@0.44.7_@el
ectri_5c2928a099a752b
7e299aaadb8975aea/nod
e_modules/[4msrc[24
m/sqlite-core/query-b
uilders/select.ts:962
:15) {
      code: [32m'SQL
ITE_ERROR'[39m,
      rawCode: 
[33m1[39m
    }
  }
}
DrizzleQueryError: 
Failed query: select 
"id", "name", 
"description", 
"order", 
"cover_url", 
"cover_public_id", 
"cover_color", 
"cover_mode", 
"list_id", 
"start_date", 
"deadline", 
"due_at", 
"due_complete", 
"reminder_minutes", 
"recurrence", 
"recurrence_day", "re
currence_weekday", 
"repeat_frequency", 
"repeat_interval", 
"latitude", 
"longitude", 
"completed", 
"is_template", 
"created_at", 
"updated_at" from 
"cards" where 
"cards"."list_id" = ?
params: 019bd127-d8d2
-747a-a3e7-f6b75b1e4f
25
    at LibSQLPrepared
Query.queryWithCache 
(file:///D:/UIT_COURS
ES/SE100/DailyDesk/no
de_modules/[4m.pnpm
[24m/drizzle-orm@0.44
.7_@electri_5c2928a09
9a752b7e299aaadb8975a
ea/node_modules/[4ms
rc[24m/sqlite-core/s
ession.ts:80:11)
[90m    at processTi
cksAndRejections (nod
e:internal/process/ta
sk_queues:105:5)[39m
    at LibSQLPrepared
Query.values (file://
/D:/UIT_COURSES/SE100
/DailyDesk/node_modul
es/[4m.pnpm[24m/dri
zzle-orm@0.44.7_@elec
tri_5c2928a099a752b7e
299aaadb8975aea/node_
modules/[4msrc[24m/
libsql/session.ts:286
:10)
    at LibSQLPrepared
Query.all (file:///D:
/UIT_COURSES/SE100/Da
ilyDesk/node_modules/
[4m.pnpm[24m/drizzl
e-orm@0.44.7_@electri
_5c2928a099a752b7e299
aaadb8975aea/node_mod
ules/[4msrc[24m/lib
sql/session.ts:214:16
)
    at 
Module.createCard [9
0m(D:\UIT_COURSES\SE1
00\DailyDesk\backend\
[39msrc\services\car
ds.service.ts:319:23
[90m)[39m
    at [90mD:\UIT_CO
URSES\SE100\DailyDesk
\backend\[39msrc\rou
tes\cards.ts:152:22
    at dispatch (file
:///D:/UIT_COURSES/SE
100/DailyDesk/node_mo
dules/[4m.pnpm[24m/
hono@4.11.3/node_modu
les/[4mhono[24m/dis
t/compose.js:22:17)
    at file:///D:/UIT
_COURSES/SE100/DailyD
esk/node_modules/[4m
.pnpm[24m/hono@4.11.
3/node_modules/[4mho
no[24m/dist/validato
r/validator.js:81:12
    at mw (file:///D:
/UIT_COURSES/SE100/Da
ilyDesk/node_modules/
[4m.pnpm[24m/@hono+
zod-openapi@1.2.0_hon
o@4.11.3_zod@4.3.5/no
de_modules/[4m@hono
[24m/zod-openapi/src/
index.ts:546:26)
    at dispatch (file
:///D:/UIT_COURSES/SE
100/DailyDesk/node_mo
dules/[4m.pnpm[24m/
hono@4.11.3/node_modu
les/[4mhono[24m/dis
t/compose.js:22:17) {
  query: 
[32m'select "id", 
"name", 
"description", 
"order", 
"cover_url", 
"cover_public_id", 
"cover_color", 
"cover_mode", 
"list_id", 
"start_date", 
"deadline", 
"due_at", 
"due_complete", 
"reminder_minutes", 
"recurrence", 
"recurrence_day", "re
currence_weekday", 
"repeat_frequency", 
"repeat_interval", 
"latitude", 
"longitude", 
"completed", 
"is_template", 
"created_at", 
"updated_at" from 
"cards" where 
"cards"."list_id" = 
?'[39m,
  params: [ [32m'019
bd127-d8d2-747a-a3e7-
f6b75b1e4f25'[39m ],
  cause: 
LibsqlError: 
SQLITE_ERROR: no 
such column: 
is_template
      at 
mapSqliteError (file:
///D:/UIT_COURSES/SE1
00/DailyDesk/node_mod
ules/[4m.pnpm[24m/@
libsql+client@0.15.15
/node_modules/[4m@li
bsql[24m/client/lib-
esm/sqlite3.js:392:16
)
      at executeStmt 
(file:///D:/UIT_COURS
ES/SE100/DailyDesk/no
de_modules/[4m.pnpm
[24m/@libsql+client@0
.15.15/node_modules/
[4m@libsql[24m/clien
t/lib-esm/sqlite3.js:
297:15)
      at Sqlite3Clien
t.execute (file:///D:
/UIT_COURSES/SE100/Da
ilyDesk/node_modules/
[4m.pnpm[24m/@libsq
l+client@0.15.15/node
_modules/[4m@libsql
[24m/client/lib-esm/s
qlite3.js:81:16)
  [90m    ... 5 
lines matching cause 
stack trace ...[39m
      at SQLiteSelect
Base.execute (file://
/D:/UIT_COURSES/SE100
/DailyDesk/node_modul
es/[4m.pnpm[24m/dri
zzle-orm@0.44.7_@elec
tri_5c2928a099a752b7e
299aaadb8975aea/node_
modules/[4msrc[24m/
sqlite-core/query-bui
lders/select.ts:962:1
5)
      at SQLiteSelect
Base.then (file:///D:
/UIT_COURSES/SE100/Da
ilyDesk/node_modules/
[4m.pnpm[24m/drizzl
e-orm@0.44.7_@electri
_5c2928a099a752b7e299
aaadb8975aea/node_mod
ules/[4msrc[24m/que
ry-promise.ts:31:15) 
{
    code: [32m'SQLIT
E_ERROR'[39m,
    rawCode: 
[33m1[39m,
    [cause]: 
SqliteError: no such 
column: is_template
        at 
convertError (D:\UIT_
COURSES\SE100\DailyDe
sk\node_modules\[4m.
pnpm[24m\libsql@0.5.
22\node_modules\[4ml
ibsql[24m\index.js:5
9:12)
        at 
Database.prepare (D:\
UIT_COURSES\SE100\Dai
lyDesk\node_modules\
[4m.pnpm[24m\libsql@
0.5.22\node_modules\
[4mlibsql[24m\index.
js:131:13)
        at 
executeStmt (file:///
D:/UIT_COURSES/SE100/
DailyDesk/node_module
s/[4m.pnpm[24m/@lib
sql+client@0.15.15/no
de_modules/[4m@libsq
l[24m/client/lib-esm
/sqlite3.js:268:28)
        at Sqlite3Cli
ent.execute (file:///
D:/UIT_COURSES/SE100/
DailyDesk/node_module
s/[4m.pnpm[24m/@lib
sql+client@0.15.15/no
de_modules/[4m@libsq
l[24m/client/lib-esm
/sqlite3.js:81:16)
        at file:///D:
/UIT_COURSES/SE100/Da
ilyDesk/node_modules/
[4m.pnpm[24m/drizzl
e-orm@0.44.7_@electri
_5c2928a099a752b7e299
aaadb8975aea/node_mod
ules/[4msrc[24m/lib
sql/session.ts:288:58
        at LibSQLPrep
aredQuery.queryWithCa
che (file:///D:/UIT_C
OURSES/SE100/DailyDes
k/node_modules/[4m.p
npm[24m/drizzle-orm@
0.44.7_@electri_5c292
8a099a752b7e299aaadb8
975aea/node_modules/
[4msrc[24m/sqlite-co
re/session.ts:78:18)
        at LibSQLPrep
aredQuery.values (fil
e:///D:/UIT_COURSES/S
E100/DailyDesk/node_m
odules/[4m.pnpm[24m
/drizzle-orm@0.44.7_@
electri_5c2928a099a75
2b7e299aaadb8975aea/n
ode_modules/[4msrc[
24m/libsql/session.ts
:286:21)
        at LibSQLPrep
aredQuery.all (file:/
//D:/UIT_COURSES/SE10
0/DailyDesk/node_modu
les/[4m.pnpm[24m/dr
izzle-orm@0.44.7_@ele
ctri_5c2928a099a752b7
e299aaadb8975aea/node
_modules/[4msrc[24m
/libsql/session.ts:21
4:27)
        at 
SQLiteSelectBase.all 
(file:///D:/UIT_COURS
ES/SE100/DailyDesk/no
de_modules/[4m.pnpm
[24m/drizzle-orm@0.44
.7_@electri_5c2928a09
9a752b7e299aaadb8975a
ea/node_modules/[4ms
rc[24m/sqlite-core/q
uery-builders/select.
ts:950:26)
        at SQLiteSele
ctBase.execute (file:
///D:/UIT_COURSES/SE1
00/DailyDesk/node_mod
ules/[4m.pnpm[24m/d
rizzle-orm@0.44.7_@el
ectri_5c2928a099a752b
7e299aaadb8975aea/nod
e_modules/[4msrc[24
m/sqlite-core/query-b
uilders/select.ts:962
:15) {
      code: [32m'SQL
ITE_ERROR'[39m,
      rawCode: 
[33m1[39m
    }
  }
}
DrizzleQueryError: 
Failed query: select 
"id", "name", 
"description", 
"order", 
"cover_url", 
"cover_public_id", 
"cover_color", 
"cover_mode", 
"list_id", 
"start_date", 
"deadline", 
"due_at", 
"due_complete", 
"reminder_minutes", 
"recurrence", 
"recurrence_day", "re
currence_weekday", 
"repeat_frequency", 
"repeat_interval", 
"latitude", 
"longitude", 
"completed", 
"is_template", 
"created_at", 
"updated_at" from 
"cards" where 
"cards"."list_id" = ?
params: 019bd127-d8d2
-747a-a3e7-f6b86e349b
ff
    at LibSQLPrepared
Query.queryWithCache 
(file:///D:/UIT_COURS
ES/SE100/DailyDesk/no
de_modules/[4m.pnpm
[24m/drizzle-orm@0.44
.7_@electri_5c2928a09
9a752b7e299aaadb8975a
ea/node_modules/[4ms
rc[24m/sqlite-core/s
ession.ts:80:11)
[90m    at processTi
cksAndRejections (nod
e:internal/process/ta
sk_queues:105:5)[39m
    at LibSQLPrepared
Query.values (file://
/D:/UIT_COURSES/SE100
/DailyDesk/node_modul
es/[4m.pnpm[24m/dri
zzle-orm@0.44.7_@elec
tri_5c2928a099a752b7e
299aaadb8975aea/node_
modules/[4msrc[24m/
libsql/session.ts:286
:10)
    at LibSQLPrepared
Query.all (file:///D:
/UIT_COURSES/SE100/Da
ilyDesk/node_modules/
[4m.pnpm[24m/drizzl
e-orm@0.44.7_@electri
_5c2928a099a752b7e299
aaadb8975aea/node_mod
ules/[4msrc[24m/lib
sql/session.ts:214:16
)
    at 
Module.createCard [9
0m(D:\UIT_COURSES\SE1
00\DailyDesk\backend\
[39msrc\services\car
ds.service.ts:319:23
[90m)[39m
    at [90mD:\UIT_CO
URSES\SE100\DailyDesk
\backend\[39msrc\rou
tes\cards.ts:152:22
    at dispatch (file
:///D:/UIT_COURSES/SE
100/DailyDesk/node_mo
dules/[4m.pnpm[24m/
hono@4.11.3/node_modu
les/[4mhono[24m/dis
t/compose.js:22:17)
    at file:///D:/UIT
_COURSES/SE100/DailyD
esk/node_modules/[4m
.pnpm[24m/hono@4.11.
3/node_modules/[4mho
no[24m/dist/validato
r/validator.js:81:12
    at mw (file:///D:
/UIT_COURSES/SE100/Da
ilyDesk/node_modules/
[4m.pnpm[24m/@hono+
zod-openapi@1.2.0_hon
o@4.11.3_zod@4.3.5/no
de_modules/[4m@hono
[24m/zod-openapi/src/
index.ts:546:26)
    at dispatch (file
:///D:/UIT_COURSES/SE
100/DailyDesk/node_mo
dules/[4m.pnpm[24m/
hono@4.11.3/node_modu
les/[4mhono[24m/dis
t/compose.js:22:17) {
  query: 
[32m'select "id", 
"name", 
"description", 
"order", 
"cover_url", 
"cover_public_id", 
"cover_color", 
"cover_mode", 
"list_id", 
"start_date", 
"deadline", 
"due_at", 
"due_complete", 
"reminder_minutes", 
"recurrence", 
"recurrence_day", "re
currence_weekday", 
"repeat_frequency", 
"repeat_interval", 
"latitude", 
"longitude", 
"completed", 
"is_template", 
"created_at", 
"updated_at" from 
"cards" where 
"cards"."list_id" = 
?'[39m,
  params: [ [32m'019
bd127-d8d2-747a-a3e7-
f6b86e349bff'[39m ],
  cause: 
LibsqlError: 
SQLITE_ERROR: no 
such column: 
is_template
      at 
mapSqliteError (file:
///D:/UIT_COURSES/SE1
00/DailyDesk/node_mod
ules/[4m.pnpm[24m/@
libsql+client@0.15.15
/node_modules/[4m@li
bsql[24m/client/lib-
esm/sqlite3.js:392:16
)
      at executeStmt 
(file:///D:/UIT_COURS
ES/SE100/DailyDesk/no
de_modules/[4m.pnpm
[24m/@libsql+client@0
.15.15/node_modules/
[4m@libsql[24m/clien
t/lib-esm/sqlite3.js:
297:15)
      at Sqlite3Clien
t.execute (file:///D:
/UIT_COURSES/SE100/Da
ilyDesk/node_modules/
[4m.pnpm[24m/@libsq
l+client@0.15.15/node
_modules/[4m@libsql
[24m/client/lib-esm/s
qlite3.js:81:16)
  [90m    ... 5 
lines matching cause 
stack trace ...[39m
      at SQLiteSelect
Base.execute (file://
/D:/UIT_COURSES/SE100
/DailyDesk/node_modul
es/[4m.pnpm[24m/dri
zzle-orm@0.44.7_@elec
tri_5c2928a099a752b7e
299aaadb8975aea/node_
modules/[4msrc[24m/
sqlite-core/query-bui
lders/select.ts:962:1
5)
      at SQLiteSelect
Base.then (file:///D:
/UIT_COURSES/SE100/Da
ilyDesk/node_modules/
[4m.pnpm[24m/drizzl
e-orm@0.44.7_@electri
_5c2928a099a752b7e299
aaadb8975aea/node_mod
ules/[4msrc[24m/que
ry-promise.ts:31:15) 
{
    code: [32m'SQLIT
E_ERROR'[39m,
    rawCode: 
[33m1[39m,
    [cause]: 
SqliteError: no such 
column: is_template
        at 
convertError (D:\UIT_
COURSES\SE100\DailyDe
sk\node_modules\[4m.
pnpm[24m\libsql@0.5.
22\node_modules\[4ml
ibsql[24m\index.js:5
9:12)
        at 
Database.prepare (D:\
UIT_COURSES\SE100\Dai
lyDesk\node_modules\
[4m.pnpm[24m\libsql@
0.5.22\node_modules\
[4mlibsql[24m\index.
js:131:13)
        at 
executeStmt (file:///
D:/UIT_COURSES/SE100/
DailyDesk/node_module
s/[4m.pnpm[24m/@lib
sql+client@0.15.15/no
de_modules/[4m@libsq
l[24m/client/lib-esm
/sqlite3.js:268:28)
        at Sqlite3Cli
ent.execute (file:///
D:/UIT_COURSES/SE100/
DailyDesk/node_module
s/[4m.pnpm[24m/@lib
sql+client@0.15.15/no
de_modules/[4m@libsq
l[24m/client/lib-esm
/sqlite3.js:81:16)
        at file:///D:
/UIT_COURSES/SE100/Da
ilyDesk/node_modules/
[4m.pnpm[24m/drizzl
e-orm@0.44.7_@electri
_5c2928a099a752b7e299
aaadb8975aea/node_mod
ules/[4msrc[24m/lib
sql/session.ts:288:58
        at LibSQLPrep
aredQuery.queryWithCa
che (file:///D:/UIT_C
OURSES/SE100/DailyDes
k/node_modules/[4m.p
npm[24m/drizzle-orm@
0.44.7_@electri_5c292
8a099a752b7e299aaadb8
975aea/node_modules/
[4msrc[24m/sqlite-co
re/session.ts:78:18)
        at LibSQLPrep
aredQuery.values (fil
e:///D:/UIT_COURSES/S
E100/DailyDesk/node_m
odules/[4m.pnpm[24m
/drizzle-orm@0.44.7_@
electri_5c2928a099a75
2b7e299aaadb8975aea/n
ode_modules/[4msrc[
24m/libsql/session.ts
:286:21)
        at LibSQLPrep
aredQuery.all (file:/
//D:/UIT_COURSES/SE10
0/DailyDesk/node_modu
les/[4m.pnpm[24m/dr
izzle-orm@0.44.7_@ele
ctri_5c2928a099a752b7
e299aaadb8975aea/node
_modules/[4msrc[24m
/libsql/session.ts:21
4:27)
        at 
SQLiteSelectBase.all 
(file:///D:/UIT_COURS
ES/SE100/DailyDesk/no
de_modules/[4m.pnpm
[24m/drizzle-orm@0.44
.7_@electri_5c2928a09
9a752b7e299aaadb8975a
ea/node_modules/[4ms
rc[24m/sqlite-core/q
uery-builders/select.
ts:950:26)
        at SQLiteSele
ctBase.execute (file:
///D:/UIT_COURSES/SE1
00/DailyDesk/node_mod
ules/[4m.pnpm[24m/d
rizzle-orm@0.44.7_@el
ectri_5c2928a099a752b
7e299aaadb8975aea/nod
e_modules/[4msrc[24
m/sqlite-core/query-b
uilders/select.ts:962
:15) {
      code: [32m'SQL
ITE_ERROR'[39m,
      rawCode: 
[33m1[39m
    }
  }
}
DrizzleQueryError: 
Failed query: select 
"id", "name", 
"description", 
"order", 
"cover_url", 
"cover_public_id", 
"cover_color", 
"cover_mode", 
"list_id", 
"start_date", 
"deadline", 
"due_at", 
"due_complete", 
"reminder_minutes", 
"recurrence", 
"recurrence_day", "re
currence_weekday", 
"repeat_frequency", 
"repeat_interval", 
"latitude", 
"longitude", 
"completed", 
"is_template", 
"created_at", 
"updated_at" from 
"cards" where 
"cards"."list_id" = ?
params: 019bd127-d8d2
-747a-a3e7-f6b86e349b
ff
    at LibSQLPrepared
Query.queryWithCache 
(file:///D:/UIT_COURS
ES/SE100/DailyDesk/no
de_modules/[4m.pnpm
[24m/drizzle-orm@0.44
.7_@electri_5c2928a09
9a752b7e299aaadb8975a
ea/node_modules/[4ms
rc[24m/sqlite-core/s
ession.ts:80:11)
[90m    at processTi
cksAndRejections (nod
e:internal/process/ta
sk_queues:105:5)[39m
    at LibSQLPrepared
Query.values (file://
/D:/UIT_COURSES/SE100
/DailyDesk/node_modul
es/[4m.pnpm[24m/dri
zzle-orm@0.44.7_@elec
tri_5c2928a099a752b7e
299aaadb8975aea/node_
modules/[4msrc[24m/
libsql/session.ts:286
:10)
    at LibSQLPrepared
Query.all (file:///D:
/UIT_COURSES/SE100/Da
ilyDesk/node_modules/
[4m.pnpm[24m/drizzl
e-orm@0.44.7_@electri
_5c2928a099a752b7e299
aaadb8975aea/node_mod
ules/[4msrc[24m/lib
sql/session.ts:214:16
)
    at 
Module.createCard [9
0m(D:\UIT_COURSES\SE1
00\DailyDesk\backend\
[39msrc\services\car
ds.service.ts:319:23
[90m)[39m
    at [90mD:\UIT_CO
URSES\SE100\DailyDesk
\backend\[39msrc\rou
tes\cards.ts:152:22
    at dispatch (file
:///D:/UIT_COURSES/SE
100/DailyDesk/node_mo
dules/[4m.pnpm[24m/
hono@4.11.3/node_modu
les/[4mhono[24m/dis
t/compose.js:22:17)
    at file:///D:/UIT
_COURSES/SE100/DailyD
esk/node_modules/[4m
.pnpm[24m/hono@4.11.
3/node_modules/[4mho
no[24m/dist/validato
r/validator.js:81:12
    at mw (file:///D:
/UIT_COURSES/SE100/Da
ilyDesk/node_modules/
[4m.pnpm[24m/@hono+
zod-openapi@1.2.0_hon
o@4.11.3_zod@4.3.5/no
de_modules/[4m@hono
[24m/zod-openapi/src/
index.ts:546:26)
    at dispatch (file
:///D:/UIT_COURSES/SE
100/DailyDesk/node_mo
dules/[4m.pnpm[24m/
hono@4.11.3/node_modu
les/[4mhono[24m/dis
t/compose.js:22:17) {
  query: 
[32m'select "id", 
"name", 
"description", 
"order", 
"cover_url", 
"cover_public_id", 
"cover_color", 
"cover_mode", 
"list_id", 
"start_date", 
"deadline", 
"due_at", 
"due_complete", 
"reminder_minutes", 
"recurrence", 
"recurrence_day", "re
currence_weekday", 
"repeat_frequency", 
"repeat_interval", 
"latitude", 
"longitude", 
"completed", 
"is_template", 
"created_at", 
"updated_at" from 
"cards" where 
"cards"."list_id" = 
?'[39m,
  params: [ [32m'019
bd127-d8d2-747a-a3e7-
f6b86e349bff'[39m ],
  cause: 
LibsqlError: 
SQLITE_ERROR: no 
such column: 
is_template
      at 
mapSqliteError (file:
///D:/UIT_COURSES/SE1
00/DailyDesk/node_mod
ules/[4m.pnpm[24m/@
libsql+client@0.15.15
/node_modules/[4m@li
bsql[24m/client/lib-
esm/sqlite3.js:392:16
)
      at executeStmt 
(file:///D:/UIT_COURS
ES/SE100/DailyDesk/no
de_modules/[4m.pnpm
[24m/@libsql+client@0
.15.15/node_modules/
[4m@libsql[24m/clien
t/lib-esm/sqlite3.js:
297:15)
      at Sqlite3Clien
t.execute (file:///D:
/UIT_COURSES/SE100/Da
ilyDesk/node_modules/
[4m.pnpm[24m/@libsq
l+client@0.15.15/node
_modules/[4m@libsql
[24m/client/lib-esm/s
qlite3.js:81:16)
  [90m    ... 5 
lines matching cause 
stack trace ...[39m
      at SQLiteSelect
Base.execute (file://
/D:/UIT_COURSES/SE100
/DailyDesk/node_modul
es/[4m.pnpm[24m/dri
zzle-orm@0.44.7_@elec
tri_5c2928a099a752b7e
299aaadb8975aea/node_
modules/[4msrc[24m/
sqlite-core/query-bui
lders/select.ts:962:1
5)
      at SQLiteSelect
Base.then (file:///D:
/UIT_COURSES/SE100/Da
ilyDesk/node_modules/
[4m.pnpm[24m/drizzl
e-orm@0.44.7_@electri
_5c2928a099a752b7e299
aaadb8975aea/node_mod
ules/[4msrc[24m/que
ry-promise.ts:31:15) 
{
    code: [32m'SQLIT
E_ERROR'[39m,
    rawCode: 
[33m1[39m,
    [cause]: 
SqliteError: no such 
column: is_template
        at 
convertError (D:\UIT_
COURSES\SE100\DailyDe
sk\node_modules\[4m.
pnpm[24m\libsql@0.5.
22\node_modules\[4ml
ibsql[24m\index.js:5
9:12)
        at 
Database.prepare (D:\
UIT_COURSES\SE100\Dai
lyDesk\node_modules\
[4m.pnpm[24m\libsql@
0.5.22\node_modules\
[4mlibsql[24m\index.
js:131:13)
        at 
executeStmt (file:///
D:/UIT_COURSES/SE100/
DailyDesk/node_module
s/[4m.pnpm[24m/@lib
sql+client@0.15.15/no
de_modules/[4m@libsq
l[24m/client/lib-esm
/sqlite3.js:268:28)
        at Sqlite3Cli
ent.execute (file:///
D:/UIT_COURSES/SE100/
DailyDesk/node_module
s/[4m.pnpm[24m/@lib
sql+client@0.15.15/no
de_modules/[4m@libsq
l[24m/client/lib-esm
/sqlite3.js:81:16)
        at file:///D:
/UIT_COURSES/SE100/Da
ilyDesk/node_modules/
[4m.pnpm[24m/drizzl
e-orm@0.44.7_@electri
_5c2928a099a752b7e299
aaadb8975aea/node_mod
ules/[4msrc[24m/lib
sql/session.ts:288:58
        at LibSQLPrep
aredQuery.queryWithCa
che (file:///D:/UIT_C
OURSES/SE100/DailyDes
k/node_modules/[4m.p
npm[24m/drizzle-orm@
0.44.7_@electri_5c292
8a099a752b7e299aaadb8
975aea/node_modules/
[4msrc[24m/sqlite-co
re/session.ts:78:18)
        at LibSQLPrep
aredQuery.values (fil
e:///D:/UIT_COURSES/S
E100/DailyDesk/node_m
odules/[4m.pnpm[24m
/drizzle-orm@0.44.7_@
electri_5c2928a099a75
2b7e299aaadb8975aea/n
ode_modules/[4msrc[
24m/libsql/session.ts
:286:21)
        at LibSQLPrep
aredQuery.all (file:/
//D:/UIT_COURSES/SE10
0/DailyDesk/node_modu
les/[4m.pnpm[24m/dr
izzle-orm@0.44.7_@ele
ctri_5c2928a099a752b7
e299aaadb8975aea/node
_modules/[4msrc[24m
/libsql/session.ts:21
4:27)
        at 
SQLiteSelectBase.all 
(file:///D:/UIT_COURS
ES/SE100/DailyDesk/no
de_modules/[4m.pnpm
[24m/drizzle-orm@0.44
.7_@electri_5c2928a09
9a752b7e299aaadb8975a
ea/node_modules/[4ms
rc[24m/sqlite-core/q
uery-builders/select.
ts:950:26)
        at SQLiteSele
ctBase.execute (file:
///D:/UIT_COURSES/SE1
00/DailyDesk/node_mod
ules/[4m.pnpm[24m/d
rizzle-orm@0.44.7_@el
ectri_5c2928a099a752b
7e299aaadb8975aea/nod
e_modules/[4msrc[24
m/sqlite-core/query-b
uilders/select.ts:962
:15) {
      code: [32m'SQL
ITE_ERROR'[39m,
      rawCode: 
[33m1[39m
    }
  }
}
Error in updateCard 
route: 
DrizzleQueryError: 
Failed query: select 
"id", "name", 
"description", 
"order", 
"cover_url", 
"cover_public_id", 
"cover_color", 
"cover_mode", 
"list_id", 
"start_date", 
"deadline", 
"due_at", 
"due_complete", 
"reminder_minutes", 
"recurrence", 
"recurrence_day", "re
currence_weekday", 
"repeat_frequency", 
"repeat_interval", 
"latitude", 
"longitude", 
"completed", 
"is_template", 
"created_at", 
"updated_at" from 
"cards" where 
"cards"."id" = ? 
limit ?
params: 019bd127-d8dc
-7a86-adda-4832454a5a
66,1
    at LibSQLPrepared
Query.queryWithCache 
(file:///D:/UIT_COURS
ES/SE100/DailyDesk/no
de_modules/[4m.pnpm
[24m/drizzle-orm@0.44
.7_@electri_5c2928a09
9a752b7e299aaadb8975a
ea/node_modules/[4ms
rc[24m/sqlite-core/s
ession.ts:80:11)
[90m    at processTi
cksAndRejections (nod
e:internal/process/ta
sk_queues:105:5)[39m
    at LibSQLPrepared
Query.values (file://
/D:/UIT_COURSES/SE100
/DailyDesk/node_modul
es/[4m.pnpm[24m/dri
zzle-orm@0.44.7_@elec
tri_5c2928a099a752b7e
299aaadb8975aea/node_
modules/[4msrc[24m/
libsql/session.ts:286
:10)
    at LibSQLPrepared
Query.all (file:///D:
/UIT_COURSES/SE100/Da
ilyDesk/node_modules/
[4m.pnpm[24m/drizzl
e-orm@0.44.7_@electri
_5c2928a099a752b7e299
aaadb8975aea/node_mod
ules/[4msrc[24m/lib
sql/session.ts:214:16
)
    at 
Module.updateCard [9
0m(D:\UIT_COURSES\SE1
00\DailyDesk\backend\
[39msrc\services\car
ds.service.ts:566:24
[90m)[39m
    at [90mD:\UIT_CO
URSES\SE100\DailyDesk
\backend\[39msrc\rou
tes\cards.ts:244:25
    at dispatch (file
:///D:/UIT_COURSES/SE
100/DailyDesk/node_mo
dules/[4m.pnpm[24m/
hono@4.11.3/node_modu
les/[4mhono[24m/dis
t/compose.js:22:17)
    at file:///D:/UIT
_COURSES/SE100/DailyD
esk/node_modules/[4m
.pnpm[24m/hono@4.11.
3/node_modules/[4mho
no[24m/dist/validato
r/validator.js:81:12
    at mw (file:///D:
/UIT_COURSES/SE100/Da
ilyDesk/node_modules/
[4m.pnpm[24m/@hono+
zod-openapi@1.2.0_hon
o@4.11.3_zod@4.3.5/no
de_modules/[4m@hono
[24m/zod-openapi/src/
index.ts:546:26)
    at dispatch (file
:///D:/UIT_COURSES/SE
100/DailyDesk/node_mo
dules/[4m.pnpm[24m/
hono@4.11.3/node_modu
les/[4mhono[24m/dis
t/compose.js:22:17) {
  query: 
[32m'select "id", 
"name", 
"description", 
"order", 
"cover_url", 
"cover_public_id", 
"cover_color", 
"cover_mode", 
"list_id", 
"start_date", 
"deadline", 
"due_at", 
"due_complete", 
"reminder_minutes", 
"recurrence", 
"recurrence_day", "re
currence_weekday", 
"repeat_frequency", 
"repeat_interval", 
"latitude", 
"longitude", 
"completed", 
"is_template", 
"created_at", 
"updated_at" from 
"cards" where 
"cards"."id" = ? 
limit ?'[39m,
  params: [ [32m'019
bd127-d8dc-7a86-adda-
4832454a5a66'[39m, 
[33m1[39m ],
  cause: 
LibsqlError: 
SQLITE_ERROR: no 
such column: 
is_template
      at 
mapSqliteError (file:
///D:/UIT_COURSES/SE1
00/DailyDesk/node_mod
ules/[4m.pnpm[24m/@
libsql+client@0.15.15
/node_modules/[4m@li
bsql[24m/client/lib-
esm/sqlite3.js:392:16
)
      at executeStmt 
(file:///D:/UIT_COURS
ES/SE100/DailyDesk/no
de_modules/[4m.pnpm
[24m/@libsql+client@0
.15.15/node_modules/
[4m@libsql[24m/clien
t/lib-esm/sqlite3.js:
297:15)
      at Sqlite3Clien
t.execute (file:///D:
/UIT_COURSES/SE100/Da
ilyDesk/node_modules/
[4m.pnpm[24m/@libsq
l+client@0.15.15/node
_modules/[4m@libsql
[24m/client/lib-esm/s
qlite3.js:81:16)
  [90m    ... 5 
lines matching cause 
stack trace ...[39m
      at SQLiteSelect
Base.execute (file://
/D:/UIT_COURSES/SE100
/DailyDesk/node_modul
es/[4m.pnpm[24m/dri
zzle-orm@0.44.7_@elec
tri_5c2928a099a752b7e
299aaadb8975aea/node_
modules/[4msrc[24m/
sqlite-core/query-bui
lders/select.ts:962:1
5)
      at SQLiteSelect
Base.then (file:///D:
/UIT_COURSES/SE100/Da
ilyDesk/node_modules/
[4m.pnpm[24m/drizzl
e-orm@0.44.7_@electri
_5c2928a099a752b7e299
aaadb8975aea/node_mod
ules/[4msrc[24m/que
ry-promise.ts:31:15) 
{
    code: [32m'SQLIT
E_ERROR'[39m,
    rawCode: 
[33m1[39m,
    [cause]: 
SqliteError: no such 
column: is_template
        at 
convertError (D:\UIT_
COURSES\SE100\DailyDe
sk\node_modules\[4m.
pnpm[24m\libsql@0.5.
22\node_modules\[4ml
ibsql[24m\index.js:5
9:12)
        at 
Database.prepare (D:\
UIT_COURSES\SE100\Dai
lyDesk\node_modules\
[4m.pnpm[24m\libsql@
0.5.22\node_modules\
[4mlibsql[24m\index.
js:131:13)
        at 
executeStmt (file:///
D:/UIT_COURSES/SE100/
DailyDesk/node_module
s/[4m.pnpm[24m/@lib
sql+client@0.15.15/no
de_modules/[4m@libsq
l[24m/client/lib-esm
/sqlite3.js:268:28)
        at Sqlite3Cli
ent.execute (file:///
D:/UIT_COURSES/SE100/
DailyDesk/node_module
s/[4m.pnpm[24m/@lib
sql+client@0.15.15/no
de_modules/[4m@libsq
l[24m/client/lib-esm
/sqlite3.js:81:16)
        at file:///D:
/UIT_COURSES/SE100/Da
ilyDesk/node_modules/
[4m.pnpm[24m/drizzl
e-orm@0.44.7_@electri
_5c2928a099a752b7e299
aaadb8975aea/node_mod
ules/[4msrc[24m/lib
sql/session.ts:288:58
        at LibSQLPrep
aredQuery.queryWithCa
che (file:///D:/UIT_C
OURSES/SE100/DailyDes
k/node_modules/[4m.p
npm[24m/drizzle-orm@
0.44.7_@electri_5c292
8a099a752b7e299aaadb8
975aea/node_modules/
[4msrc[24m/sqlite-co
re/session.ts:78:18)
        at LibSQLPrep
aredQuery.values (fil
e:///D:/UIT_COURSES/S
E100/DailyDesk/node_m
odules/[4m.pnpm[24m
/drizzle-orm@0.44.7_@
electri_5c2928a099a75
2b7e299aaadb8975aea/n
ode_modules/[4msrc[
24m/libsql/session.ts
:286:21)
        at LibSQLPrep
aredQuery.all (file:/
//D:/UIT_COURSES/SE10
0/DailyDesk/node_modu
les/[4m.pnpm[24m/dr
izzle-orm@0.44.7_@ele
ctri_5c2928a099a752b7
e299aaadb8975aea/node
_modules/[4msrc[24m
/libsql/session.ts:21
4:27)
        at 
SQLiteSelectBase.all 
(file:///D:/UIT_COURS
ES/SE100/DailyDesk/no
de_modules/[4m.pnpm
[24m/drizzle-orm@0.44
.7_@electri_5c2928a09
9a752b7e299aaadb8975a
ea/node_modules/[4ms
rc[24m/sqlite-core/q
uery-builders/select.
ts:950:26)
        at SQLiteSele
ctBase.execute (file:
///D:/UIT_COURSES/SE1
00/DailyDesk/node_mod
ules/[4m.pnpm[24m/d
rizzle-orm@0.44.7_@el
ectri_5c2928a099a752b
7e299aaadb8975aea/nod
e_modules/[4msrc[24
m/sqlite-core/query-b
uilders/select.ts:962
:15) {
      code: [32m'SQL
ITE_ERROR'[39m,
      rawCode: 
[33m1[39m
    }
  }
}
DrizzleQueryError: 
Failed query: select 
"id", "name", 
"description", 
"order", 
"cover_url", 
"cover_public_id", 
"cover_color", 
"cover_mode", 
"list_id", 
"start_date", 
"deadline", 
"due_at", 
"due_complete", 
"reminder_minutes", 
"recurrence", 
"recurrence_day", "re
currence_weekday", 
"repeat_frequency", 
"repeat_interval", 
"latitude", 
"longitude", 
"completed", 
"is_template", 
"created_at", 
"updated_at" from 
"cards" where 
"cards"."id" = ? 
limit ?
params: 019bd127-d8dc
-7a86-adda-4832454a5a
66,1
    at LibSQLPrepared
Query.queryWithCache 
(file:///D:/UIT_COURS
ES/SE100/DailyDesk/no
de_modules/[4m.pnpm
[24m/drizzle-orm@0.44
.7_@electri_5c2928a09
9a752b7e299aaadb8975a
ea/node_modules/[4ms
rc[24m/sqlite-core/s
ession.ts:80:11)
[90m    at processTi
cksAndRejections (nod
e:internal/process/ta
sk_queues:105:5)[39m
    at LibSQLPrepared
Query.values (file://
/D:/UIT_COURSES/SE100
/DailyDesk/node_modul
es/[4m.pnpm[24m/dri
zzle-orm@0.44.7_@elec
tri_5c2928a099a752b7e
299aaadb8975aea/node_
modules/[4msrc[24m/
libsql/session.ts:286
:10)
    at LibSQLPrepared
Query.all (file:///D:
/UIT_COURSES/SE100/Da
ilyDesk/node_modules/
[4m.pnpm[24m/drizzl
e-orm@0.44.7_@electri
_5c2928a099a752b7e299
aaadb8975aea/node_mod
ules/[4msrc[24m/lib
sql/session.ts:214:16
)
    at 
Module.updateCard [9
0m(D:\UIT_COURSES\SE1
00\DailyDesk\backend\
[39msrc\services\car
ds.service.ts:566:24
[90m)[39m
    at [90mD:\UIT_CO
URSES\SE100\DailyDesk
\backend\[39msrc\rou
tes\cards.ts:244:25
    at dispatch (file
:///D:/UIT_COURSES/SE
100/DailyDesk/node_mo
dules/[4m.pnpm[24m/
hono@4.11.3/node_modu
les/[4mhono[24m/dis
t/compose.js:22:17)
    at file:///D:/UIT
_COURSES/SE100/DailyD
esk/node_modules/[4m
.pnpm[24m/hono@4.11.
3/node_modules/[4mho
no[24m/dist/validato
r/validator.js:81:12
    at mw (file:///D:
/UIT_COURSES/SE100/Da
ilyDesk/node_modules/
[4m.pnpm[24m/@hono+
zod-openapi@1.2.0_hon
o@4.11.3_zod@4.3.5/no
de_modules/[4m@hono
[24m/zod-openapi/src/
index.ts:546:26)
    at dispatch (file
:///D:/UIT_COURSES/SE
100/DailyDesk/node_mo
dules/[4m.pnpm[24m/
hono@4.11.3/node_modu
les/[4mhono[24m/dis
t/compose.js:22:17) {
  query: 
[32m'select "id", 
"name", 
"description", 
"order", 
"cover_url", 
"cover_public_id", 
"cover_color", 
"cover_mode", 
"list_id", 
"start_date", 
"deadline", 
"due_at", 
"due_complete", 
"reminder_minutes", 
"recurrence", 
"recurrence_day", "re
currence_weekday", 
"repeat_frequency", 
"repeat_interval", 
"latitude", 
"longitude", 
"completed", 
"is_template", 
"created_at", 
"updated_at" from 
"cards" where 
"cards"."id" = ? 
limit ?'[39m,
  params: [ [32m'019
bd127-d8dc-7a86-adda-
4832454a5a66'[39m, 
[33m1[39m ],
  cause: 
LibsqlError: 
SQLITE_ERROR: no 
such column: 
is_template
      at 
mapSqliteError (file:
///D:/UIT_COURSES/SE1
00/DailyDesk/node_mod
ules/[4m.pnpm[24m/@
libsql+client@0.15.15
/node_modules/[4m@li
bsql[24m/client/lib-
esm/sqlite3.js:392:16
)
      at executeStmt 
(file:///D:/UIT_COURS
ES/SE100/DailyDesk/no
de_modules/[4m.pnpm
[24m/@libsql+client@0
.15.15/node_modules/
[4m@libsql[24m/clien
t/lib-esm/sqlite3.js:
297:15)
      at Sqlite3Clien
t.execute (file:///D:
/UIT_COURSES/SE100/Da
ilyDesk/node_modules/
[4m.pnpm[24m/@libsq
l+client@0.15.15/node
_modules/[4m@libsql
[24m/client/lib-esm/s
qlite3.js:81:16)
  [90m    ... 5 
lines matching cause 
stack trace ...[39m
      at SQLiteSelect
Base.execute (file://
/D:/UIT_COURSES/SE100
/DailyDesk/node_modul
es/[4m.pnpm[24m/dri
zzle-orm@0.44.7_@elec
tri_5c2928a099a752b7e
299aaadb8975aea/node_
modules/[4msrc[24m/
sqlite-core/query-bui
lders/select.ts:962:1
5)
      at SQLiteSelect
Base.then (file:///D:
/UIT_COURSES/SE100/Da
ilyDesk/node_modules/
[4m.pnpm[24m/drizzl
e-orm@0.44.7_@electri
_5c2928a099a752b7e299
aaadb8975aea/node_mod
ules/[4msrc[24m/que
ry-promise.ts:31:15) 
{
    code: [32m'SQLIT
E_ERROR'[39m,
    rawCode: 
[33m1[39m,
    [cause]: 
SqliteError: no such 
column: is_template
        at 
convertError (D:\UIT_
COURSES\SE100\DailyDe
sk\node_modules\[4m.
pnpm[24m\libsql@0.5.
22\node_modules\[4ml
ibsql[24m\index.js:5
9:12)
        at 
Database.prepare (D:\
UIT_COURSES\SE100\Dai
lyDesk\node_modules\
[4m.pnpm[24m\libsql@
0.5.22\node_modules\
[4mlibsql[24m\index.
js:131:13)
        at 
executeStmt (file:///
D:/UIT_COURSES/SE100/
DailyDesk/node_module
s/[4m.pnpm[24m/@lib
sql+client@0.15.15/no
de_modules/[4m@libsq
l[24m/client/lib-esm
/sqlite3.js:268:28)
        at Sqlite3Cli
ent.execute (file:///
D:/UIT_COURSES/SE100/
DailyDesk/node_module
s/[4m.pnpm[24m/@lib
sql+client@0.15.15/no
de_modules/[4m@libsq
l[24m/client/lib-esm
/sqlite3.js:81:16)
        at file:///D:
/UIT_COURSES/SE100/Da
ilyDesk/node_modules/
[4m.pnpm[24m/drizzl
e-orm@0.44.7_@electri
_5c2928a099a752b7e299
aaadb8975aea/node_mod
ules/[4msrc[24m/lib
sql/session.ts:288:58
        at LibSQLPrep
aredQuery.queryWithCa
che (file:///D:/UIT_C
OURSES/SE100/DailyDes
k/node_modules/[4m.p
npm[24m/drizzle-orm@
0.44.7_@electri_5c292
8a099a752b7e299aaadb8
975aea/node_modules/
[4msrc[24m/sqlite-co
re/session.ts:78:18)
        at LibSQLPrep
aredQuery.values (fil
e:///D:/UIT_COURSES/S
E100/DailyDesk/node_m
odules/[4m.pnpm[24m
/drizzle-orm@0.44.7_@
electri_5c2928a099a75
2b7e299aaadb8975aea/n
ode_modules/[4msrc[
24m/libsql/session.ts
:286:21)
        at LibSQLPrep
aredQuery.all (file:/
//D:/UIT_COURSES/SE10
0/DailyDesk/node_modu
les/[4m.pnpm[24m/dr
izzle-orm@0.44.7_@ele
ctri_5c2928a099a752b7
e299aaadb8975aea/node
_modules/[4msrc[24m
/libsql/session.ts:21
4:27)
        at 
SQLiteSelectBase.all 
(file:///D:/UIT_COURS
ES/SE100/DailyDesk/no
de_modules/[4m.pnpm
[24m/drizzle-orm@0.44
.7_@electri_5c2928a09
9a752b7e299aaadb8975a
ea/node_modules/[4ms
rc[24m/sqlite-core/q
uery-builders/select.
ts:950:26)
        at SQLiteSele
ctBase.execute (file:
///D:/UIT_COURSES/SE1
00/DailyDesk/node_mod
ules/[4m.pnpm[24m/d
rizzle-orm@0.44.7_@el
ectri_5c2928a099a752b
7e299aaadb8975aea/nod
e_modules/[4msrc[24
m/sqlite-core/query-b
uilders/select.ts:962
:15) {
      code: [32m'SQL
ITE_ERROR'[39m,
      rawCode: 
[33m1[39m
    }
  }
}
Error in boards GET 
by ID route: 
DrizzleQueryError: 
Failed query: select 
"id", "name", 
"user_id", 
"background_url", "ba
ckground_public_id", 
"background_color", 
(select coalesce(json
_group_array(json_arr
ay("id", "name", 
"order", "board_id", 
(select coalesce(json
_group_array(json_arr
ay("id", "name", 
"description", 
"order", 
"cover_url", 
"cover_public_id", 
"cover_color", 
"cover_mode", 
"list_id", 
"start_date", 
"deadline", 
"due_at", 
"due_complete", 
"reminder_minutes", 
"recurrence", 
"recurrence_day", "re
currence_weekday", 
"repeat_frequency", 
"repeat_interval", 
"latitude", 
"longitude", 
"completed", 
"is_template", 
"created_at", 
"updated_at")), 
json_array()) as 
"data" from (select 
* from "cards" "board
sTable_lists_cards" 
where "boardsTable_li
sts_cards"."list_id" 
= "boardsTable_lists"
."id" order by "board
sTable_lists_cards"."
order" asc) "boardsTa
ble_lists_cards"))), 
json_array()) as 
"data" from (select 
* from "lists" 
"boardsTable_lists" 
where "boardsTable_li
sts"."board_id" = 
"boardsTable"."id" 
order by "boardsTable
_lists"."order" asc) 
"boardsTable_lists") 
as "lists" from 
"boards" 
"boardsTable" where 
"boardsTable"."id" = 
? limit ?
params: 019bd127-d8b8
-710f-bd08-bc53565528
56,1
    at LibSQLPrepared
Query.queryWithCache 
(file:///D:/UIT_COURS
ES/SE100/DailyDesk/no
de_modules/[4m.pnpm
[24m/drizzle-orm@0.44
.7_@electri_5c2928a09
9a752b7e299aaadb8975a
ea/node_modules/[4ms
rc[24m/sqlite-core/s
ession.ts:80:11)
[90m    at processTi
cksAndRejections (nod
e:internal/process/ta
sk_queues:105:5)[39m
    at LibSQLPrepared
Query.values (file://
/D:/UIT_COURSES/SE100
/DailyDesk/node_modul
es/[4m.pnpm[24m/dri
zzle-orm@0.44.7_@elec
tri_5c2928a099a752b7e
299aaadb8975aea/node_
modules/[4msrc[24m/
libsql/session.ts:286
:10)
    at LibSQLPrepared
Query.get (file:///D:
/UIT_COURSES/SE100/Da
ilyDesk/node_modules/
[4m.pnpm[24m/drizzl
e-orm@0.44.7_@electri
_5c2928a099a752b7e299
aaadb8975aea/node_mod
ules/[4msrc[24m/lib
sql/session.ts:252:16
)
    at 
Module.getBoardById 
[90m(D:\UIT_COURSES\S
E100\DailyDesk\backen
d\[39msrc\services\b
oards.service.ts:230:
17[90m)[39m
    at [90mD:\UIT_CO
URSES\SE100\DailyDesk
\backend\[39msrc\rou
tes\boards.ts:138:23
    at dispatch (file
:///D:/UIT_COURSES/SE
100/DailyDesk/node_mo
dules/[4m.pnpm[24m/
hono@4.11.3/node_modu
les/[4mhono[24m/dis
t/compose.js:22:17)
    at file:///D:/UIT
_COURSES/SE100/DailyD
esk/node_modules/[4m
.pnpm[24m/hono@4.11.
3/node_modules/[4mho
no[24m/dist/validato
r/validator.js:81:12
    at dispatch (file
:///D:/UIT_COURSES/SE
100/DailyDesk/node_mo
dules/[4m.pnpm[24m/
hono@4.11.3/node_modu
les/[4mhono[24m/dis
t/compose.js:22:17)
    at [90mD:\UIT_CO
URSES\SE100\DailyDesk
\backend\[39mtests\h
elpers\auth.ts:27:5 {
  query: 
[32m'select "id", 
"name", "user_id", 
"background_url", "ba
ckground_public_id", 
"background_color", 
(select coalesce(json
_group_array(json_arr
ay("id", "name", 
"order", "board_id", 
(select coalesce(json
_group_array(json_arr
ay("id", "name", 
"description", 
"order", 
"cover_url", 
"cover_public_id", 
"cover_color", 
"cover_mode", 
"list_id", 
"start_date", 
"deadline", 
"due_at", 
"due_complete", 
"reminder_minutes", 
"recurrence", 
"recurrence_day", "re
currence_weekday", 
"repeat_frequency", 
"repeat_interval", 
"latitude", 
"longitude", 
"completed", 
"is_template", 
"created_at", 
"updated_at")), 
json_array()) as 
"data" from (select 
* from "cards" "board
sTable_lists_cards" 
where "boardsTable_li
sts_cards"."list_id" 
= "boardsTable_lists"
."id" order by "board
sTable_lists_cards"."
order" asc) "boardsTa
ble_lists_cards"))), 
json_array()) as 
"data" from (select 
* from "lists" 
"boardsTable_lists" 
where "boardsTable_li
sts"."board_id" = 
"boardsTable"."id" 
order by "boardsTable
_lists"."order" asc) 
"boardsTable_lists") 
as "lists" from 
"boards" 
"boardsTable" where 
"boardsTable"."id" = 
? limit ?'[39m,
  params: [ [32m'019
bd127-d8b8-710f-bd08-
bc5356552856'[39m, 
[33m1[39m ],
  cause: 
LibsqlError: 
SQLITE_ERROR: no 
such column: 
is_template
      at 
mapSqliteError (file:
///D:/UIT_COURSES/SE1
00/DailyDesk/node_mod
ules/[4m.pnpm[24m/@
libsql+client@0.15.15
/node_modules/[4m@li
bsql[24m/client/lib-
esm/sqlite3.js:392:16
)
      at executeStmt 
(file:///D:/UIT_COURS
ES/SE100/DailyDesk/no
de_modules/[4m.pnpm
[24m/@libsql+client@0
.15.15/node_modules/
[4m@libsql[24m/clien
t/lib-esm/sqlite3.js:
297:15)
      at Sqlite3Clien
t.execute (file:///D:
/UIT_COURSES/SE100/Da
ilyDesk/node_modules/
[4m.pnpm[24m/@libsq
l+client@0.15.15/node
_modules/[4m@libsql
[24m/client/lib-esm/s
qlite3.js:81:16)
  [90m    ... 5 
lines matching cause 
stack trace ...[39m
      at 
QueryPromise.execute 
(file:///D:/UIT_COURS
ES/SE100/DailyDesk/no
de_modules/[4m.pnpm
[24m/drizzle-orm@0.44
.7_@electri_5c2928a09
9a752b7e299aaadb8975a
ea/node_modules/[4ms
rc[24m/sqlite-core/q
uery-builders/query.t
s:197:15)
      at 
QueryPromise.then (fi
le:///D:/UIT_COURSES/
SE100/DailyDesk/node_
modules/[4m.pnpm[24
m/drizzle-orm@0.44.7_
@electri_5c2928a099a7
52b7e299aaadb8975aea/
node_modules/[4msrc
[24m/query-promise.ts
:31:15) {
    code: [32m'SQLIT
E_ERROR'[39m,
    rawCode: 
[33m1[39m,
    [cause]: 
SqliteError: no such 
column: is_template
        at 
convertError (D:\UIT_
COURSES\SE100\DailyDe
sk\node_modules\[4m.
pnpm[24m\libsql@0.5.
22\node_modules\[4ml
ibsql[24m\index.js:5
9:12)
        at 
Database.prepare (D:\
UIT_COURSES\SE100\Dai
lyDesk\node_modules\
[4m.pnpm[24m\libsql@
0.5.22\node_modules\
[4mlibsql[24m\index.
js:131:13)
        at 
executeStmt (file:///
D:/UIT_COURSES/SE100/
DailyDesk/node_module
s/[4m.pnpm[24m/@lib
sql+client@0.15.15/no
de_modules/[4m@libsq
l[24m/client/lib-esm
/sqlite3.js:268:28)
        at Sqlite3Cli
ent.execute (file:///
D:/UIT_COURSES/SE100/
DailyDesk/node_module
s/[4m.pnpm[24m/@lib
sql+client@0.15.15/no
de_modules/[4m@libsq
l[24m/client/lib-esm
/sqlite3.js:81:16)
        at file:///D:
/UIT_COURSES/SE100/Da
ilyDesk/node_modules/
[4m.pnpm[24m/drizzl
e-orm@0.44.7_@electri
_5c2928a099a752b7e299
aaadb8975aea/node_mod
ules/[4msrc[24m/lib
sql/session.ts:288:58
        at LibSQLPrep
aredQuery.queryWithCa
che (file:///D:/UIT_C
OURSES/SE100/DailyDes
k/node_modules/[4m.p
npm[24m/drizzle-orm@
0.44.7_@electri_5c292
8a099a752b7e299aaadb8
975aea/node_modules/
[4msrc[24m/sqlite-co
re/session.ts:78:18)
        at LibSQLPrep
aredQuery.values (fil
e:///D:/UIT_COURSES/S
E100/DailyDesk/node_m
odules/[4m.pnpm[24m
/drizzle-orm@0.44.7_@
electri_5c2928a099a75
2b7e299aaadb8975aea/n
ode_modules/[4msrc[
24m/libsql/session.ts
:286:21)
        at LibSQLPrep
aredQuery.get (file:/
//D:/UIT_COURSES/SE10
0/DailyDesk/node_modu
les/[4m.pnpm[24m/dr
izzle-orm@0.44.7_@ele
ctri_5c2928a099a752b7
e299aaadb8975aea/node
_modules/[4msrc[24m
/libsql/session.ts:25
2:27)
        at QueryPromi
se.executeRaw (file:/
//D:/UIT_COURSES/SE10
0/DailyDesk/node_modu
les/[4m.pnpm[24m/dr
izzle-orm@0.44.7_@ele
ctri_5c2928a099a752b7
e299aaadb8975aea/node
_modules/[4msrc[24m
/sqlite-core/query-bu
ilders/query.ts:191:3
2)
        at 
QueryPromise.execute 
(file:///D:/UIT_COURS
ES/SE100/DailyDesk/no
de_modules/[4m.pnpm
[24m/drizzle-orm@0.44
.7_@electri_5c2928a09
9a752b7e299aaadb8975a
ea/node_modules/[4ms
rc[24m/sqlite-core/q
uery-builders/query.t
s:197:15) {
      code: [32m'SQL
ITE_ERROR'[39m,
      rawCode: 
[33m1[39m
    }
  }
}

[90mstderr[2m | tes
ts/cards/card-move.te
st.ts[2m > 
[22m[2mCard 
movement between 
lists with order 
management[2m > 
[22m[2mshould 
handle moving card 
to end of another 
list
[22m[39mDrizzleQuer
yError: Failed 
query: select "id", 
"name", 
"description", 
"order", 
"cover_url", 
"cover_public_id", 
"cover_color", 
"cover_mode", 
"list_id", 
"start_date", 
"deadline", 
"due_at", 
"due_complete", 
"reminder_minutes", 
"recurrence", 
"recurrence_day", "re
currence_weekday", 
"repeat_frequency", 
"repeat_interval", 
"latitude", 
"longitude", 
"completed", 
"is_template", 
"created_at", 
"updated_at" from 
"cards" where 
"cards"."list_id" = ?
params: 019bd127-d92f
-77be-9978-49ab68bd83
63
    at LibSQLPrepared
Query.queryWithCache 
(file:///D:/UIT_COURS
ES/SE100/DailyDesk/no
de_modules/[4m.pnpm
[24m/drizzle-orm@0.44
.7_@electri_5c2928a09
9a752b7e299aaadb8975a
ea/node_modules/[4ms
rc[24m/sqlite-core/s
ession.ts:80:11)
[90m    at processTi
cksAndRejections (nod
e:internal/process/ta
sk_queues:105:5)[39m
    at LibSQLPrepared
Query.values (file://
/D:/UIT_COURSES/SE100
/DailyDesk/node_modul
es/[4m.pnpm[24m/dri
zzle-orm@0.44.7_@elec
tri_5c2928a099a752b7e
299aaadb8975aea/node_
modules/[4msrc[24m/
libsql/session.ts:286
:10)
    at LibSQLPrepared
Query.all (file:///D:
/UIT_COURSES/SE100/Da
ilyDesk/node_modules/
[4m.pnpm[24m/drizzl
e-orm@0.44.7_@electri
_5c2928a099a752b7e299
aaadb8975aea/node_mod
ules/[4msrc[24m/lib
sql/session.ts:214:16
)
    at 
Module.createCard [9
0m(D:\UIT_COURSES\SE1
00\DailyDesk\backend\
[39msrc\services\car
ds.service.ts:319:23
[90m)[39m
    at [90mD:\UIT_CO
URSES\SE100\DailyDesk
\backend\[39msrc\rou
tes\cards.ts:152:22
    at dispatch (file
:///D:/UIT_COURSES/SE
100/DailyDesk/node_mo
dules/[4m.pnpm[24m/
hono@4.11.3/node_modu
les/[4mhono[24m/dis
t/compose.js:22:17)
    at file:///D:/UIT
_COURSES/SE100/DailyD
esk/node_modules/[4m
.pnpm[24m/hono@4.11.
3/node_modules/[4mho
no[24m/dist/validato
r/validator.js:81:12
    at mw (file:///D:
/UIT_COURSES/SE100/Da
ilyDesk/node_modules/
[4m.pnpm[24m/@hono+
zod-openapi@1.2.0_hon
o@4.11.3_zod@4.3.5/no
de_modules/[4m@hono
[24m/zod-openapi/src/
index.ts:546:26)
    at dispatch (file
:///D:/UIT_COURSES/SE
100/DailyDesk/node_mo
dules/[4m.pnpm[24m/
hono@4.11.3/node_modu
les/[4mhono[24m/dis
t/compose.js:22:17) {
  query: 
[32m'select "id", 
"name", 
"description", 
"order", 
"cover_url", 
"cover_public_id", 
"cover_color", 
"cover_mode", 
"list_id", 
"start_date", 
"deadline", 
"due_at", 
"due_complete", 
"reminder_minutes", 
"recurrence", 
"recurrence_day", "re
currence_weekday", 
"repeat_frequency", 
"repeat_interval", 
"latitude", 
"longitude", 
"completed", 
"is_template", 
"created_at", 
"updated_at" from 
"cards" where 
"cards"."list_id" = 
?'[39m,
  params: [ [32m'019
bd127-d92f-77be-9978-
49ab68bd8363'[39m ],
  cause: 
LibsqlError: 
SQLITE_ERROR: no 
such column: 
is_template
      at 
mapSqliteError (file:
///D:/UIT_COURSES/SE1
00/DailyDesk/node_mod
ules/[4m.pnpm[24m/@
libsql+client@0.15.15
/node_modules/[4m@li
bsql[24m/client/lib-
esm/sqlite3.js:392:16
)
      at executeStmt 
(file:///D:/UIT_COURS
ES/SE100/DailyDesk/no
de_modules/[4m.pnpm
[24m/@libsql+client@0
.15.15/node_modules/
[4m@libsql[24m/clien
t/lib-esm/sqlite3.js:
297:15)
      at Sqlite3Clien
t.execute (file:///D:
/UIT_COURSES/SE100/Da
ilyDesk/node_modules/
[4m.pnpm[24m/@libsq
l+client@0.15.15/node
_modules/[4m@libsql
[24m/client/lib-esm/s
qlite3.js:81:16)
  [90m    ... 5 
lines matching cause 
stack trace ...[39m
      at SQLiteSelect
Base.execute (file://
/D:/UIT_COURSES/SE100
/DailyDesk/node_modul
es/[4m.pnpm[24m/dri
zzle-orm@0.44.7_@elec
tri_5c2928a099a752b7e
299aaadb8975aea/node_
modules/[4msrc[24m/
sqlite-core/query-bui
lders/select.ts:962:1
5)
      at SQLiteSelect
Base.then (file:///D:
/UIT_COURSES/SE100/Da
ilyDesk/node_modules/
[4m.pnpm[24m/drizzl
e-orm@0.44.7_@electri
_5c2928a099a752b7e299
aaadb8975aea/node_mod
ules/[4msrc[24m/que
ry-promise.ts:31:15) 
{
    code: [32m'SQLIT
E_ERROR'[39m,
    rawCode: 
[33m1[39m,
    [cause]: 
SqliteError: no such 
column: is_template
        at 
convertError (D:\UIT_
COURSES\SE100\DailyDe
sk\node_modules\[4m.
pnpm[24m\libsql@0.5.
22\node_modules\[4ml
ibsql[24m\index.js:5
9:12)
        at 
Database.prepare (D:\
UIT_COURSES\SE100\Dai
lyDesk\node_modules\
[4m.pnpm[24m\libsql@
0.5.22\node_modules\
[4mlibsql[24m\index.
js:131:13)
        at 
executeStmt (file:///
D:/UIT_COURSES/SE100/
DailyDesk/node_module
s/[4m.pnpm[24m/@lib
sql+client@0.15.15/no
de_modules/[4m@libsq
l[24m/client/lib-esm
/sqlite3.js:268:28)
        at Sqlite3Cli
ent.execute (file:///
D:/UIT_COURSES/SE100/
DailyDesk/node_module
s/[4m.pnpm[24m/@lib
sql+client@0.15.15/no
de_modules/[4m@libsq
l[24m/client/lib-esm
/sqlite3.js:81:16)
        at file:///D:
/UIT_COURSES/SE100/Da
ilyDesk/node_modules/
[4m.pnpm[24m/drizzl
e-orm@0.44.7_@electri
_5c2928a099a752b7e299
aaadb8975aea/node_mod
ules/[4msrc[24m/lib
sql/session.ts:288:58
        at LibSQLPrep
aredQuery.queryWithCa
che (file:///D:/UIT_C
OURSES/SE100/DailyDes
k/node_modules/[4m.p
npm[24m/drizzle-orm@
0.44.7_@electri_5c292
8a099a752b7e299aaadb8
975aea/node_modules/
[4msrc[24m/sqlite-co
re/session.ts:78:18)
        at LibSQLPrep
aredQuery.values (fil
e:///D:/UIT_COURSES/S
E100/DailyDesk/node_m
odules/[4m.pnpm[24m
/drizzle-orm@0.44.7_@
electri_5c2928a099a75
2b7e299aaadb8975aea/n
ode_modules/[4msrc[
24m/libsql/session.ts
:286:21)
        at LibSQLPrep
aredQuery.all (file:/
//D:/UIT_COURSES/SE10
0/DailyDesk/node_modu
les/[4m.pnpm[24m/dr
izzle-orm@0.44.7_@ele
ctri_5c2928a099a752b7
e299aaadb8975aea/node
_modules/[4msrc[24m
/libsql/session.ts:21
4:27)
        at 
SQLiteSelectBase.all 
(file:///D:/UIT_COURS
ES/SE100/DailyDesk/no
de_modules/[4m.pnpm
[24m/drizzle-orm@0.44
.7_@electri_5c2928a09
9a752b7e299aaadb8975a
ea/node_modules/[4ms
rc[24m/sqlite-core/q
uery-builders/select.
ts:950:26)
        at SQLiteSele
ctBase.execute (file:
///D:/UIT_COURSES/SE1
00/DailyDesk/node_mod
ules/[4m.pnpm[24m/d
rizzle-orm@0.44.7_@el
ectri_5c2928a099a752b
7e299aaadb8975aea/nod
e_modules/[4msrc[24
m/sqlite-core/query-b
uilders/select.ts:962
:15) {
      code: [32m'SQL
ITE_ERROR'[39m,
      rawCode: 
[33m1[39m
    }
  }
}
DrizzleQueryError: 
Failed query: select 
"id", "name", 
"description", 
"order", 
"cover_url", 
"cover_public_id", 
"cover_color", 
"cover_mode", 
"list_id", 
"start_date", 
"deadline", 
"due_at", 
"due_complete", 
"reminder_minutes", 
"recurrence", 
"recurrence_day", "re
currence_weekday", 
"repeat_frequency", 
"repeat_interval", 
"latitude", 
"longitude", 
"completed", 
"is_template", 
"created_at", 
"updated_at" from 
"cards" where 
"cards"."list_id" = ?
params: 019bd127-d92f
-77be-9978-49ab68bd83
63
    at LibSQLPrepared
Query.queryWithCache 
(file:///D:/UIT_COURS
ES/SE100/DailyDesk/no
de_modules/[4m.pnpm
[24m/drizzle-orm@0.44
.7_@electri_5c2928a09
9a752b7e299aaadb8975a
ea/node_modules/[4ms
rc[24m/sqlite-core/s
ession.ts:80:11)
[90m    at processTi
cksAndRejections (nod
e:internal/process/ta
sk_queues:105:5)[39m
    at LibSQLPrepared
Query.values (file://
/D:/UIT_COURSES/SE100
/DailyDesk/node_modul
es/[4m.pnpm[24m/dri
zzle-orm@0.44.7_@elec
tri_5c2928a099a752b7e
299aaadb8975aea/node_
modules/[4msrc[24m/
libsql/session.ts:286
:10)
    at LibSQLPrepared
Query.all (file:///D:
/UIT_COURSES/SE100/Da
ilyDesk/node_modules/
[4m.pnpm[24m/drizzl
e-orm@0.44.7_@electri
_5c2928a099a752b7e299
aaadb8975aea/node_mod
ules/[4msrc[24m/lib
sql/session.ts:214:16
)
    at 
Module.createCard [9
0m(D:\UIT_COURSES\SE1
00\DailyDesk\backend\
[39msrc\services\car
ds.service.ts:319:23
[90m)[39m
    at [90mD:\UIT_CO
URSES\SE100\DailyDesk
\backend\[39msrc\rou
tes\cards.ts:152:22
    at dispatch (file
:///D:/UIT_COURSES/SE
100/DailyDesk/node_mo
dules/[4m.pnpm[24m/
hono@4.11.3/node_modu
les/[4mhono[24m/dis
t/compose.js:22:17)
    at file:///D:/UIT
_COURSES/SE100/DailyD
esk/node_modules/[4m
.pnpm[24m/hono@4.11.
3/node_modules/[4mho
no[24m/dist/validato
r/validator.js:81:12
    at mw (file:///D:
/UIT_COURSES/SE100/Da
ilyDesk/node_modules/
[4m.pnpm[24m/@hono+
zod-openapi@1.2.0_hon
o@4.11.3_zod@4.3.5/no
de_modules/[4m@hono
[24m/zod-openapi/src/
index.ts:546:26)
    at dispatch (file
:///D:/UIT_COURSES/SE
100/DailyDesk/node_mo
dules/[4m.pnpm[24m/
hono@4.11.3/node_modu
les/[4mhono[24m/dis
t/compose.js:22:17) {
  query: 
[32m'select "id", 
"name", 
"description", 
"order", 
"cover_url", 
"cover_public_id", 
"cover_color", 
"cover_mode", 
"list_id", 
"start_date", 
"deadline", 
"due_at", 
"due_complete", 
"reminder_minutes", 
"recurrence", 
"recurrence_day", "re
currence_weekday", 
"repeat_frequency", 
"repeat_interval", 
"latitude", 
"longitude", 
"completed", 
"is_template", 
"created_at", 
"updated_at" from 
"cards" where 
"cards"."list_id" = 
?'[39m,
  params: [ [32m'019
bd127-d92f-77be-9978-
49ab68bd8363'[39m ],
  cause: 
LibsqlError: 
SQLITE_ERROR: no 
such column: 
is_template
      at 
mapSqliteError (file:
///D:/UIT_COURSES/SE1
00/DailyDesk/node_mod
ules/[4m.pnpm[24m/@
libsql+client@0.15.15
/node_modules/[4m@li
bsql[24m/client/lib-
esm/sqlite3.js:392:16
)
      at executeStmt 
(file:///D:/UIT_COURS
ES/SE100/DailyDesk/no
de_modules/[4m.pnpm
[24m/@libsql+client@0
.15.15/node_modules/
[4m@libsql[24m/clien
t/lib-esm/sqlite3.js:
297:15)
      at Sqlite3Clien
t.execute (file:///D:
/UIT_COURSES/SE100/Da
ilyDesk/node_modules/
[4m.pnpm[24m/@libsq
l+client@0.15.15/node
_modules/[4m@libsql
[24m/client/lib-esm/s
qlite3.js:81:16)
  [90m    ... 5 
lines matching cause 
stack trace ...[39m
      at SQLiteSelect
Base.execute (file://
/D:/UIT_COURSES/SE100
/DailyDesk/node_modul
es/[4m.pnpm[24m/dri
zzle-orm@0.44.7_@elec
tri_5c2928a099a752b7e
299aaadb8975aea/node_
modules/[4msrc[24m/
sqlite-core/query-bui
lders/select.ts:962:1
5)
      at SQLiteSelect
Base.then (file:///D:
/UIT_COURSES/SE100/Da
ilyDesk/node_modules/
[4m.pnpm[24m/drizzl
e-orm@0.44.7_@electri
_5c2928a099a752b7e299
aaadb8975aea/node_mod
ules/[4msrc[24m/que
ry-promise.ts:31:15) 
{
    code: [32m'SQLIT
E_ERROR'[39m,
    rawCode: 
[33m1[39m,
    [cause]: 
SqliteError: no such 
column: is_template
        at 
convertError (D:\UIT_
COURSES\SE100\DailyDe
sk\node_modules\[4m.
pnpm[24m\libsql@0.5.
22\node_modules\[4ml
ibsql[24m\index.js:5
9:12)
        at 
Database.prepare (D:\
UIT_COURSES\SE100\Dai
lyDesk\node_modules\
[4m.pnpm[24m\libsql@
0.5.22\node_modules\
[4mlibsql[24m\index.
js:131:13)
        at 
executeStmt (file:///
D:/UIT_COURSES/SE100/
DailyDesk/node_module
s/[4m.pnpm[24m/@lib
sql+client@0.15.15/no
de_modules/[4m@libsq
l[24m/client/lib-esm
/sqlite3.js:268:28)
        at Sqlite3Cli
ent.execute (file:///
D:/UIT_COURSES/SE100/
DailyDesk/node_module
s/[4m.pnpm[24m/@lib
sql+client@0.15.15/no
de_modules/[4m@libsq
l[24m/client/lib-esm
/sqlite3.js:81:16)
        at file:///D:
/UIT_COURSES/SE100/Da
ilyDesk/node_modules/
[4m.pnpm[24m/drizzl
e-orm@0.44.7_@electri
_5c2928a099a752b7e299
aaadb8975aea/node_mod
ules/[4msrc[24m/lib
sql/session.ts:288:58
        at LibSQLPrep
aredQuery.queryWithCa
che (file:///D:/UIT_C
OURSES/SE100/DailyDes
k/node_modules/[4m.p
npm[24m/drizzle-orm@
0.44.7_@electri_5c292
8a099a752b7e299aaadb8
975aea/node_modules/
[4msrc[24m/sqlite-co
re/session.ts:78:18)
        at LibSQLPrep
aredQuery.values (fil
e:///D:/UIT_COURSES/S
E100/DailyDesk/node_m
odules/[4m.pnpm[24m
/drizzle-orm@0.44.7_@
electri_5c2928a099a75
2b7e299aaadb8975aea/n
ode_modules/[4msrc[
24m/libsql/session.ts
:286:21)
        at LibSQLPrep
aredQuery.all (file:/
//D:/UIT_COURSES/SE10
0/DailyDesk/node_modu
les/[4m.pnpm[24m/dr
izzle-orm@0.44.7_@ele
ctri_5c2928a099a752b7
e299aaadb8975aea/node
_modules/[4msrc[24m
/libsql/session.ts:21
4:27)
        at 
SQLiteSelectBase.all 
(file:///D:/UIT_COURS
ES/SE100/DailyDesk/no
de_modules/[4m.pnpm
[24m/drizzle-orm@0.44
.7_@electri_5c2928a09
9a752b7e299aaadb8975a
ea/node_modules/[4ms
rc[24m/sqlite-core/q
uery-builders/select.
ts:950:26)
        at SQLiteSele
ctBase.execute (file:
///D:/UIT_COURSES/SE1
00/DailyDesk/node_mod
ules/[4m.pnpm[24m/d
rizzle-orm@0.44.7_@el
ectri_5c2928a099a752b
7e299aaadb8975aea/nod
e_modules/[4msrc[24
m/sqlite-core/query-b
uilders/select.ts:962
:15) {
      code: [32m'SQL
ITE_ERROR'[39m,
      rawCode: 
[33m1[39m
    }
  }
}
DrizzleQueryError: 
Failed query: select 
"id", "name", 
"description", 
"order", 
"cover_url", 
"cover_public_id", 
"cover_color", 
"cover_mode", 
"list_id", 
"start_date", 
"deadline", 
"due_at", 
"due_complete", 
"reminder_minutes", 
"recurrence", 
"recurrence_day", "re
currence_weekday", 
"repeat_frequency", 
"repeat_interval", 
"latitude", 
"longitude", 
"completed", 
"is_template", 
"created_at", 
"updated_at" from 
"cards" where 
"cards"."list_id" = ?
params: 019bd127-d92f
-77be-9978-49acefb950
c9
    at LibSQLPrepared
Query.queryWithCache 
(file:///D:/UIT_COURS
ES/SE100/DailyDesk/no
de_modules/[4m.pnpm
[24m/drizzle-orm@0.44
.7_@electri_5c2928a09
9a752b7e299aaadb8975a
ea/node_modules/[4ms
rc[24m/sqlite-core/s
ession.ts:80:11)
[90m    at processTi
cksAndRejections (nod
e:internal/process/ta
sk_queues:105:5)[39m
    at LibSQLPrepared
Query.values (file://
/D:/UIT_COURSES/SE100
/DailyDesk/node_modul
es/[4m.pnpm[24m/dri
zzle-orm@0.44.7_@elec
tri_5c2928a099a752b7e
299aaadb8975aea/node_
modules/[4msrc[24m/
libsql/session.ts:286
:10)
    at LibSQLPrepared
Query.all (file:///D:
/UIT_COURSES/SE100/Da
ilyDesk/node_modules/
[4m.pnpm[24m/drizzl
e-orm@0.44.7_@electri
_5c2928a099a752b7e299
aaadb8975aea/node_mod
ules/[4msrc[24m/lib
sql/session.ts:214:16
)
    at 
Module.createCard [9
0m(D:\UIT_COURSES\SE1
00\DailyDesk\backend\
[39msrc\services\car
ds.service.ts:319:23
[90m)[39m
    at [90mD:\UIT_CO
URSES\SE100\DailyDesk
\backend\[39msrc\rou
tes\cards.ts:152:22
    at dispatch (file
:///D:/UIT_COURSES/SE
100/DailyDesk/node_mo
dules/[4m.pnpm[24m/
hono@4.11.3/node_modu
les/[4mhono[24m/dis
t/compose.js:22:17)
    at file:///D:/UIT
_COURSES/SE100/DailyD
esk/node_modules/[4m
.pnpm[24m/hono@4.11.
3/node_modules/[4mho
no[24m/dist/validato
r/validator.js:81:12
    at mw (file:///D:
/UIT_COURSES/SE100/Da
ilyDesk/node_modules/
[4m.pnpm[24m/@hono+
zod-openapi@1.2.0_hon
o@4.11.3_zod@4.3.5/no
de_modules/[4m@hono
[24m/zod-openapi/src/
index.ts:546:26)
    at dispatch (file
:///D:/UIT_COURSES/SE
100/DailyDesk/node_mo
dules/[4m.pnpm[24m/
hono@4.11.3/node_modu
les/[4mhono[24m/dis
t/compose.js:22:17) {
  query: 
[32m'select "id", 
"name", 
"description", 
"order", 
"cover_url", 
"cover_public_id", 
"cover_color", 
"cover_mode", 
"list_id", 
"start_date", 
"deadline", 
"due_at", 
"due_complete", 
"reminder_minutes", 
"recurrence", 
"recurrence_day", "re
currence_weekday", 
"repeat_frequency", 
"repeat_interval", 
"latitude", 
"longitude", 
"completed", 
"is_template", 
"created_at", 
"updated_at" from 
"cards" where 
"cards"."list_id" = 
?'[39m,
  params: [ [32m'019
bd127-d92f-77be-9978-
49acefb950c9'[39m ],
  cause: 
LibsqlError: 
SQLITE_ERROR: no 
such column: 
is_template
      at 
mapSqliteError (file:
///D:/UIT_COURSES/SE1
00/DailyDesk/node_mod
ules/[4m.pnpm[24m/@
libsql+client@0.15.15
/node_modules/[4m@li
bsql[24m/client/lib-
esm/sqlite3.js:392:16
)
      at executeStmt 
(file:///D:/UIT_COURS
ES/SE100/DailyDesk/no
de_modules/[4m.pnpm
[24m/@libsql+client@0
.15.15/node_modules/
[4m@libsql[24m/clien
t/lib-esm/sqlite3.js:
297:15)
      at Sqlite3Clien
t.execute (file:///D:
/UIT_COURSES/SE100/Da
ilyDesk/node_modules/
[4m.pnpm[24m/@libsq
l+client@0.15.15/node
_modules/[4m@libsql
[24m/client/lib-esm/s
qlite3.js:81:16)
  [90m    ... 5 
lines matching cause 
stack trace ...[39m
      at SQLiteSelect
Base.execute (file://
/D:/UIT_COURSES/SE100
/DailyDesk/node_modul
es/[4m.pnpm[24m/dri
zzle-orm@0.44.7_@elec
tri_5c2928a099a752b7e
299aaadb8975aea/node_
modules/[4msrc[24m/
sqlite-core/query-bui
lders/select.ts:962:1
5)
      at SQLiteSelect
Base.then (file:///D:
/UIT_COURSES/SE100/Da
ilyDesk/node_modules/
[4m.pnpm[24m/drizzl
e-orm@0.44.7_@electri
_5c2928a099a752b7e299
aaadb8975aea/node_mod
ules/[4msrc[24m/que
ry-promise.ts:31:15) 
{
    code: [32m'SQLIT
E_ERROR'[39m,
    rawCode: 
[33m1[39m,
    [cause]: 
SqliteError: no such 
column: is_template
        at 
convertError (D:\UIT_
COURSES\SE100\DailyDe
sk\node_modules\[4m.
pnpm[24m\libsql@0.5.
22\node_modules\[4ml
ibsql[24m\index.js:5
9:12)
        at 
Database.prepare (D:\
UIT_COURSES\SE100\Dai
lyDesk\node_modules\
[4m.pnpm[24m\libsql@
0.5.22\node_modules\
[4mlibsql[24m\index.
js:131:13)
        at 
executeStmt (file:///
D:/UIT_COURSES/SE100/
DailyDesk/node_module
s/[4m.pnpm[24m/@lib
sql+client@0.15.15/no
de_modules/[4m@libsq
l[24m/client/lib-esm
/sqlite3.js:268:28)
        at Sqlite3Cli
ent.execute (file:///
D:/UIT_COURSES/SE100/
DailyDesk/node_module
s/[4m.pnpm[24m/@lib
sql+client@0.15.15/no
de_modules/[4m@libsq
l[24m/client/lib-esm
/sqlite3.js:81:16)
        at file:///D:
/UIT_COURSES/SE100/Da
ilyDesk/node_modules/
[4m.pnpm[24m/drizzl
e-orm@0.44.7_@electri
_5c2928a099a752b7e299
aaadb8975aea/node_mod
ules/[4msrc[24m/lib
sql/session.ts:288:58
        at LibSQLPrep
aredQuery.queryWithCa
che (file:///D:/UIT_C
OURSES/SE100/DailyDes
k/node_modules/[4m.p
npm[24m/drizzle-orm@
0.44.7_@electri_5c292
8a099a752b7e299aaadb8
975aea/node_modules/
[4msrc[24m/sqlite-co
re/session.ts:78:18)
        at LibSQLPrep
aredQuery.values (fil
e:///D:/UIT_COURSES/S
E100/DailyDesk/node_m
odules/[4m.pnpm[24m
/drizzle-orm@0.44.7_@
electri_5c2928a099a75
2b7e299aaadb8975aea/n
ode_modules/[4msrc[
24m/libsql/session.ts
:286:21)
        at LibSQLPrep
aredQuery.all (file:/
//D:/UIT_COURSES/SE10
0/DailyDesk/node_modu
les/[4m.pnpm[24m/dr
izzle-orm@0.44.7_@ele
ctri_5c2928a099a752b7
e299aaadb8975aea/node
_modules/[4msrc[24m
/libsql/session.ts:21
4:27)
        at 
SQLiteSelectBase.all 
(file:///D:/UIT_COURS
ES/SE100/DailyDesk/no
de_modules/[4m.pnpm
[24m/drizzle-orm@0.44
.7_@electri_5c2928a09
9a752b7e299aaadb8975a
ea/node_modules/[4ms
rc[24m/sqlite-core/q
uery-builders/select.
ts:950:26)
        at SQLiteSele
ctBase.execute (file:
///D:/UIT_COURSES/SE1
00/DailyDesk/node_mod
ules/[4m.pnpm[24m/d
rizzle-orm@0.44.7_@el
ectri_5c2928a099a752b
7e299aaadb8975aea/nod
e_modules/[4msrc[24
m/sqlite-core/query-b
uilders/select.ts:962
:15) {
      code: [32m'SQL
ITE_ERROR'[39m,
      rawCode: 
[33m1[39m
    }
  }
}
DrizzleQueryError: 
Failed query: select 
"id", "name", 
"description", 
"order", 
"cover_url", 
"cover_public_id", 
"cover_color", 
"cover_mode", 
"list_id", 
"start_date", 
"deadline", 
"due_at", 
"due_complete", 
"reminder_minutes", 
"recurrence", 
"recurrence_day", "re
currence_weekday", 
"repeat_frequency", 
"repeat_interval", 
"latitude", 
"longitude", 
"completed", 
"is_template", 
"created_at", 
"updated_at" from 
"cards" where 
"cards"."list_id" = ?
params: 019bd127-d92f
-77be-9978-49acefb950
c9
    at LibSQLPrepared
Query.queryWithCache 
(file:///D:/UIT_COURS
ES/SE100/DailyDesk/no
de_modules/[4m.pnpm
[24m/drizzle-orm@0.44
.7_@electri_5c2928a09
9a752b7e299aaadb8975a
ea/node_modules/[4ms
rc[24m/sqlite-core/s
ession.ts:80:11)
[90m    at processTi
cksAndRejections (nod
e:internal/process/ta
sk_queues:105:5)[39m
    at LibSQLPrepared
Query.values (file://
/D:/UIT_COURSES/SE100
/DailyDesk/node_modul
es/[4m.pnpm[24m/dri
zzle-orm@0.44.7_@elec
tri_5c2928a099a752b7e
299aaadb8975aea/node_
modules/[4msrc[24m/
libsql/session.ts:286
:10)
    at LibSQLPrepared
Query.all (file:///D:
/UIT_COURSES/SE100/Da
ilyDesk/node_modules/
[4m.pnpm[24m/drizzl
e-orm@0.44.7_@electri
_5c2928a099a752b7e299
aaadb8975aea/node_mod
ules/[4msrc[24m/lib
sql/session.ts:214:16
)
    at 
Module.createCard [9
0m(D:\UIT_COURSES\SE1
00\DailyDesk\backend\
[39msrc\services\car
ds.service.ts:319:23
[90m)[39m
    at [90mD:\UIT_CO
URSES\SE100\DailyDesk
\backend\[39msrc\rou
tes\cards.ts:152:22
    at dispatch (file
:///D:/UIT_COURSES/SE
100/DailyDesk/node_mo
dules/[4m.pnpm[24m/
hono@4.11.3/node_modu
les/[4mhono[24m/dis
t/compose.js:22:17)
    at file:///D:/UIT
_COURSES/SE100/DailyD
esk/node_modules/[4m
.pnpm[24m/hono@4.11.
3/node_modules/[4mho
no[24m/dist/validato
r/validator.js:81:12
    at mw (file:///D:
/UIT_COURSES/SE100/Da
ilyDesk/node_modules/
[4m.pnpm[24m/@hono+
zod-openapi@1.2.0_hon
o@4.11.3_zod@4.3.5/no
de_modules/[4m@hono
[24m/zod-openapi/src/
index.ts:546:26)
    at dispatch (file
:///D:/UIT_COURSES/SE
100/DailyDesk/node_mo
dules/[4m.pnpm[24m/
hono@4.11.3/node_modu
les/[4mhono[24m/dis
t/compose.js:22:17) {
  query: 
[32m'select "id", 
"name", 
"description", 
"order", 
"cover_url", 
"cover_public_id", 
"cover_color", 
"cover_mode", 
"list_id", 
"start_date", 
"deadline", 
"due_at", 
"due_complete", 
"reminder_minutes", 
"recurrence", 
"recurrence_day", "re
currence_weekday", 
"repeat_frequency", 
"repeat_interval", 
"latitude", 
"longitude", 
"completed", 
"is_template", 
"created_at", 
"updated_at" from 
"cards" where 
"cards"."list_id" = 
?'[39m,
  params: [ [32m'019
bd127-d92f-77be-9978-
49acefb950c9'[39m ],
  cause: 
LibsqlError: 
SQLITE_ERROR: no 
such column: 
is_template
      at 
mapSqliteError (file:
///D:/UIT_COURSES/SE1
00/DailyDesk/node_mod
ules/[4m.pnpm[24m/@
libsql+client@0.15.15
/node_modules/[4m@li
bsql[24m/client/lib-
esm/sqlite3.js:392:16
)
      at executeStmt 
(file:///D:/UIT_COURS
ES/SE100/DailyDesk/no
de_modules/[4m.pnpm
[24m/@libsql+client@0
.15.15/node_modules/
[4m@libsql[24m/clien
t/lib-esm/sqlite3.js:
297:15)
      at Sqlite3Clien
t.execute (file:///D:
/UIT_COURSES/SE100/Da
ilyDesk/node_modules/
[4m.pnpm[24m/@libsq
l+client@0.15.15/node
_modules/[4m@libsql
[24m/client/lib-esm/s
qlite3.js:81:16)
  [90m    ... 5 
lines matching cause 
stack trace ...[39m
      at SQLiteSelect
Base.execute (file://
/D:/UIT_COURSES/SE100
/DailyDesk/node_modul
es/[4m.pnpm[24m/dri
zzle-orm@0.44.7_@elec
tri_5c2928a099a752b7e
299aaadb8975aea/node_
modules/[4msrc[24m/
sqlite-core/query-bui
lders/select.ts:962:1
5)
      at SQLiteSelect
Base.then (file:///D:
/UIT_COURSES/SE100/Da
ilyDesk/node_modules/
[4m.pnpm[24m/drizzl
e-orm@0.44.7_@electri
_5c2928a099a752b7e299
aaadb8975aea/node_mod
ules/[4msrc[24m/que
ry-promise.ts:31:15) 
{
    code: [32m'SQLIT
E_ERROR'[39m,
    rawCode: 
[33m1[39m,
    [cause]: 
SqliteError: no such 
column: is_template
        at 
convertError (D:\UIT_
COURSES\SE100\DailyDe
sk\node_modules\[4m.
pnpm[24m\libsql@0.5.
22\node_modules\[4ml
ibsql[24m\index.js:5
9:12)
        at 
Database.prepare (D:\
UIT_COURSES\SE100\Dai
lyDesk\node_modules\
[4m.pnpm[24m\libsql@
0.5.22\node_modules\
[4mlibsql[24m\index.
js:131:13)
        at 
executeStmt (file:///
D:/UIT_COURSES/SE100/
DailyDesk/node_module
s/[4m.pnpm[24m/@lib
sql+client@0.15.15/no
de_modules/[4m@libsq
l[24m/client/lib-esm
/sqlite3.js:268:28)
        at Sqlite3Cli
ent.execute (file:///
D:/UIT_COURSES/SE100/
DailyDesk/node_module
s/[4m.pnpm[24m/@lib
sql+client@0.15.15/no
de_modules/[4m@libsq
l[24m/client/lib-esm
/sqlite3.js:81:16)
        at file:///D:
/UIT_COURSES/SE100/Da
ilyDesk/node_modules/
[4m.pnpm[24m/drizzl
e-orm@0.44.7_@electri
_5c2928a099a752b7e299
aaadb8975aea/node_mod
ules/[4msrc[24m/lib
sql/session.ts:288:58
        at LibSQLPrep
aredQuery.queryWithCa
che (file:///D:/UIT_C
OURSES/SE100/DailyDes
k/node_modules/[4m.p
npm[24m/drizzle-orm@
0.44.7_@electri_5c292
8a099a752b7e299aaadb8
975aea/node_modules/
[4msrc[24m/sqlite-co
re/session.ts:78:18)
        at LibSQLPrep
aredQuery.values (fil
e:///D:/UIT_COURSES/S
E100/DailyDesk/node_m
odules/[4m.pnpm[24m
/drizzle-orm@0.44.7_@
electri_5c2928a099a75
2b7e299aaadb8975aea/n
ode_modules/[4msrc[
24m/libsql/session.ts
:286:21)
        at LibSQLPrep
aredQuery.all (file:/
//D:/UIT_COURSES/SE10
0/DailyDesk/node_modu
les/[4m.pnpm[24m/dr
izzle-orm@0.44.7_@ele
ctri_5c2928a099a752b7
e299aaadb8975aea/node
_modules/[4msrc[24m
/libsql/session.ts:21
4:27)
        at 
SQLiteSelectBase.all 
(file:///D:/UIT_COURS
ES/SE100/DailyDesk/no
de_modules/[4m.pnpm
[24m/drizzle-orm@0.44
.7_@electri_5c2928a09
9a752b7e299aaadb8975a
ea/node_modules/[4ms
rc[24m/sqlite-core/q
uery-builders/select.
ts:950:26)
        at SQLiteSele
ctBase.execute (file:
///D:/UIT_COURSES/SE1
00/DailyDesk/node_mod
ules/[4m.pnpm[24m/d
rizzle-orm@0.44.7_@el
ectri_5c2928a099a752b
7e299aaadb8975aea/nod
e_modules/[4msrc[24
m/sqlite-core/query-b
uilders/select.ts:962
:15) {
      code: [32m'SQL
ITE_ERROR'[39m,
      rawCode: 
[33m1[39m
    }
  }
}
Error in updateCard 
route: 
DrizzleQueryError: 
Failed query: select 
"id", "name", 
"description", 
"order", 
"cover_url", 
"cover_public_id", 
"cover_color", 
"cover_mode", 
"list_id", 
"start_date", 
"deadline", 
"due_at", 
"due_complete", 
"reminder_minutes", 
"recurrence", 
"recurrence_day", "re
currence_weekday", 
"repeat_frequency", 
"repeat_interval", 
"latitude", 
"longitude", 
"completed", 
"is_template", 
"created_at", 
"updated_at" from 
"cards" where 
"cards"."id" = ? 
limit ?
params: 019bd127-d938
-7267-9438-d0ebd7c3e5
54,1
    at LibSQLPrepared
Query.queryWithCache 
(file:///D:/UIT_COURS
ES/SE100/DailyDesk/no
de_modules/[4m.pnpm
[24m/drizzle-orm@0.44
.7_@electri_5c2928a09
9a752b7e299aaadb8975a
ea/node_modules/[4ms
rc[24m/sqlite-core/s
ession.ts:80:11)
[90m    at processTi
cksAndRejections (nod
e:internal/process/ta
sk_queues:105:5)[39m
    at LibSQLPrepared
Query.values (file://
/D:/UIT_COURSES/SE100
/DailyDesk/node_modul
es/[4m.pnpm[24m/dri
zzle-orm@0.44.7_@elec
tri_5c2928a099a752b7e
299aaadb8975aea/node_
modules/[4msrc[24m/
libsql/session.ts:286
:10)
    at LibSQLPrepared
Query.all (file:///D:
/UIT_COURSES/SE100/Da
ilyDesk/node_modules/
[4m.pnpm[24m/drizzl
e-orm@0.44.7_@electri
_5c2928a099a752b7e299
aaadb8975aea/node_mod
ules/[4msrc[24m/lib
sql/session.ts:214:16
)
    at 
Module.updateCard [9
0m(D:\UIT_COURSES\SE1
00\DailyDesk\backend\
[39msrc\services\car
ds.service.ts:566:24
[90m)[39m
    at [90mD:\UIT_CO
URSES\SE100\DailyDesk
\backend\[39msrc\rou
tes\cards.ts:244:25
    at dispatch (file
:///D:/UIT_COURSES/SE
100/DailyDesk/node_mo
dules/[4m.pnpm[24m/
hono@4.11.3/node_modu
les/[4mhono[24m/dis
t/compose.js:22:17)
    at file:///D:/UIT
_COURSES/SE100/DailyD
esk/node_modules/[4m
.pnpm[24m/hono@4.11.
3/node_modules/[4mho
no[24m/dist/validato
r/validator.js:81:12
    at mw (file:///D:
/UIT_COURSES/SE100/Da
ilyDesk/node_modules/
[4m.pnpm[24m/@hono+
zod-openapi@1.2.0_hon
o@4.11.3_zod@4.3.5/no
de_modules/[4m@hono
[24m/zod-openapi/src/
index.ts:546:26)
    at dispatch (file
:///D:/UIT_COURSES/SE
100/DailyDesk/node_mo
dules/[4m.pnpm[24m/
hono@4.11.3/node_modu
les/[4mhono[24m/dis
t/compose.js:22:17) {
  query: 
[32m'select "id", 
"name", 
"description", 
"order", 
"cover_url", 
"cover_public_id", 
"cover_color", 
"cover_mode", 
"list_id", 
"start_date", 
"deadline", 
"due_at", 
"due_complete", 
"reminder_minutes", 
"recurrence", 
"recurrence_day", "re
currence_weekday", 
"repeat_frequency", 
"repeat_interval", 
"latitude", 
"longitude", 
"completed", 
"is_template", 
"created_at", 
"updated_at" from 
"cards" where 
"cards"."id" = ? 
limit ?'[39m,
  params: [ [32m'019
bd127-d938-7267-9438-
d0ebd7c3e554'[39m, 
[33m1[39m ],
  cause: 
LibsqlError: 
SQLITE_ERROR: no 
such column: 
is_template
      at 
mapSqliteError (file:
///D:/UIT_COURSES/SE1
00/DailyDesk/node_mod
ules/[4m.pnpm[24m/@
libsql+client@0.15.15
/node_modules/[4m@li
bsql[24m/client/lib-
esm/sqlite3.js:392:16
)
      at executeStmt 
(file:///D:/UIT_COURS
ES/SE100/DailyDesk/no
de_modules/[4m.pnpm
[24m/@libsql+client@0
.15.15/node_modules/
[4m@libsql[24m/clien
t/lib-esm/sqlite3.js:
297:15)
      at Sqlite3Clien
t.execute (file:///D:
/UIT_COURSES/SE100/Da
ilyDesk/node_modules/
[4m.pnpm[24m/@libsq
l+client@0.15.15/node
_modules/[4m@libsql
[24m/client/lib-esm/s
qlite3.js:81:16)
  [90m    ... 5 
lines matching cause 
stack trace ...[39m
      at SQLiteSelect
Base.execute (file://
/D:/UIT_COURSES/SE100
/DailyDesk/node_modul
es/[4m.pnpm[24m/dri
zzle-orm@0.44.7_@elec
tri_5c2928a099a752b7e
299aaadb8975aea/node_
modules/[4msrc[24m/
sqlite-core/query-bui
lders/select.ts:962:1
5)
      at SQLiteSelect
Base.then (file:///D:
/UIT_COURSES/SE100/Da
ilyDesk/node_modules/
[4m.pnpm[24m/drizzl
e-orm@0.44.7_@electri
_5c2928a099a752b7e299
aaadb8975aea/node_mod
ules/[4msrc[24m/que
ry-promise.ts:31:15) 
{
    code: [32m'SQLIT
E_ERROR'[39m,
    rawCode: 
[33m1[39m,
    [cause]: 
SqliteError: no such 
column: is_template
        at 
convertError (D:\UIT_
COURSES\SE100\DailyDe
sk\node_modules\[4m.
pnpm[24m\libsql@0.5.
22\node_modules\[4ml
ibsql[24m\index.js:5
9:12)
        at 
Database.prepare (D:\
UIT_COURSES\SE100\Dai
lyDesk\node_modules\
[4m.pnpm[24m\libsql@
0.5.22\node_modules\
[4mlibsql[24m\index.
js:131:13)
        at 
executeStmt (file:///
D:/UIT_COURSES/SE100/
DailyDesk/node_module
s/[4m.pnpm[24m/@lib
sql+client@0.15.15/no
de_modules/[4m@libsq
l[24m/client/lib-esm
/sqlite3.js:268:28)
        at Sqlite3Cli
ent.execute (file:///
D:/UIT_COURSES/SE100/
DailyDesk/node_module
s/[4m.pnpm[24m/@lib
sql+client@0.15.15/no
de_modules/[4m@libsq
l[24m/client/lib-esm
/sqlite3.js:81:16)
        at file:///D:
/UIT_COURSES/SE100/Da
ilyDesk/node_modules/
[4m.pnpm[24m/drizzl
e-orm@0.44.7_@electri
_5c2928a099a752b7e299
aaadb8975aea/node_mod
ules/[4msrc[24m/lib
sql/session.ts:288:58
        at LibSQLPrep
aredQuery.queryWithCa
che (file:///D:/UIT_C
OURSES/SE100/DailyDes
k/node_modules/[4m.p
npm[24m/drizzle-orm@
0.44.7_@electri_5c292
8a099a752b7e299aaadb8
975aea/node_modules/
[4msrc[24m/sqlite-co
re/session.ts:78:18)
        at LibSQLPrep
aredQuery.values (fil
e:///D:/UIT_COURSES/S
E100/DailyDesk/node_m
odules/[4m.pnpm[24m
/drizzle-orm@0.44.7_@
electri_5c2928a099a75
2b7e299aaadb8975aea/n
ode_modules/[4msrc[
24m/libsql/session.ts
:286:21)
        at LibSQLPrep
aredQuery.all (file:/
//D:/UIT_COURSES/SE10
0/DailyDesk/node_modu
les/[4m.pnpm[24m/dr
izzle-orm@0.44.7_@ele
ctri_5c2928a099a752b7
e299aaadb8975aea/node
_modules/[4msrc[24m
/libsql/session.ts:21
4:27)
        at 
SQLiteSelectBase.all 
(file:///D:/UIT_COURS
ES/SE100/DailyDesk/no
de_modules/[4m.pnpm
[24m/drizzle-orm@0.44
.7_@electri_5c2928a09
9a752b7e299aaadb8975a
ea/node_modules/[4ms
rc[24m/sqlite-core/q
uery-builders/select.
ts:950:26)
        at SQLiteSele
ctBase.execute (file:
///D:/UIT_COURSES/SE1
00/DailyDesk/node_mod
ules/[4m.pnpm[24m/d
rizzle-orm@0.44.7_@el
ectri_5c2928a099a752b
7e299aaadb8975aea/nod
e_modules/[4msrc[24
m/sqlite-core/query-b
uilders/select.ts:962
:15) {
      code: [32m'SQL
ITE_ERROR'[39m,
      rawCode: 
[33m1[39m
    }
  }
}
DrizzleQueryError: 
Failed query: select 
"id", "name", 
"description", 
"order", 
"cover_url", 
"cover_public_id", 
"cover_color", 
"cover_mode", 
"list_id", 
"start_date", 
"deadline", 
"due_at", 
"due_complete", 
"reminder_minutes", 
"recurrence", 
"recurrence_day", "re
currence_weekday", 
"repeat_frequency", 
"repeat_interval", 
"latitude", 
"longitude", 
"completed", 
"is_template", 
"created_at", 
"updated_at" from 
"cards" where 
"cards"."id" = ? 
limit ?
params: 019bd127-d938
-7267-9438-d0ebd7c3e5
54,1
    at LibSQLPrepared
Query.queryWithCache 
(file:///D:/UIT_COURS
ES/SE100/DailyDesk/no
de_modules/[4m.pnpm
[24m/drizzle-orm@0.44
.7_@electri_5c2928a09
9a752b7e299aaadb8975a
ea/node_modules/[4ms
rc[24m/sqlite-core/s
ession.ts:80:11)
[90m    at processTi
cksAndRejections (nod
e:internal/process/ta
sk_queues:105:5)[39m
    at LibSQLPrepared
Query.values (file://
/D:/UIT_COURSES/SE100
/DailyDesk/node_modul
es/[4m.pnpm[24m/dri
zzle-orm@0.44.7_@elec
tri_5c2928a099a752b7e
299aaadb8975aea/node_
modules/[4msrc[24m/
libsql/session.ts:286
:10)
    at LibSQLPrepared
Query.all (file:///D:
/UIT_COURSES/SE100/Da
ilyDesk/node_modules/
[4m.pnpm[24m/drizzl
e-orm@0.44.7_@electri
_5c2928a099a752b7e299
aaadb8975aea/node_mod
ules/[4msrc[24m/lib
sql/session.ts:214:16
)
    at 
Module.updateCard [9
0m(D:\UIT_COURSES\SE1
00\DailyDesk\backend\
[39msrc\services\car
ds.service.ts:566:24
[90m)[39m
    at [90mD:\UIT_CO
URSES\SE100\DailyDesk
\backend\[39msrc\rou
tes\cards.ts:244:25
    at dispatch (file
:///D:/UIT_COURSES/SE
100/DailyDesk/node_mo
dules/[4m.pnpm[24m/
hono@4.11.3/node_modu
les/[4mhono[24m/dis
t/compose.js:22:17)
    at file:///D:/UIT
_COURSES/SE100/DailyD
esk/node_modules/[4m
.pnpm[24m/hono@4.11.
3/node_modules/[4mho
no[24m/dist/validato
r/validator.js:81:12
    at mw (file:///D:
/UIT_COURSES/SE100/Da
ilyDesk/node_modules/
[4m.pnpm[24m/@hono+
zod-openapi@1.2.0_hon
o@4.11.3_zod@4.3.5/no
de_modules/[4m@hono
[24m/zod-openapi/src/
index.ts:546:26)
    at dispatch (file
:///D:/UIT_COURSES/SE
100/DailyDesk/node_mo
dules/[4m.pnpm[24m/
hono@4.11.3/node_modu
les/[4mhono[24m/dis
t/compose.js:22:17) {
  query: 
[32m'select "id", 
"name", 
"description", 
"order", 
"cover_url", 
"cover_public_id", 
"cover_color", 
"cover_mode", 
"list_id", 
"start_date", 
"deadline", 
"due_at", 
"due_complete", 
"reminder_minutes", 
"recurrence", 
"recurrence_day", "re
currence_weekday", 
"repeat_frequency", 
"repeat_interval", 
"latitude", 
"longitude", 
"completed", 
"is_template", 
"created_at", 
"updated_at" from 
"cards" where 
"cards"."id" = ? 
limit ?'[39m,
  params: [ [32m'019
bd127-d938-7267-9438-
d0ebd7c3e554'[39m, 
[33m1[39m ],
  cause: 
LibsqlError: 
SQLITE_ERROR: no 
such column: 
is_template
      at 
mapSqliteError (file:
///D:/UIT_COURSES/SE1
00/DailyDesk/node_mod
ules/[4m.pnpm[24m/@
libsql+client@0.15.15
/node_modules/[4m@li
bsql[24m/client/lib-
esm/sqlite3.js:392:16
)
      at executeStmt 
(file:///D:/UIT_COURS
ES/SE100/DailyDesk/no
de_modules/[4m.pnpm
[24m/@libsql+client@0
.15.15/node_modules/
[4m@libsql[24m/clien
t/lib-esm/sqlite3.js:
297:15)
      at Sqlite3Clien
t.execute (file:///D:
/UIT_COURSES/SE100/Da
ilyDesk/node_modules/
[4m.pnpm[24m/@libsq
l+client@0.15.15/node
_modules/[4m@libsql
[24m/client/lib-esm/s
qlite3.js:81:16)
  [90m    ... 5 
lines matching cause 
stack trace ...[39m
      at SQLiteSelect
Base.execute (file://
/D:/UIT_COURSES/SE100
/DailyDesk/node_modul
es/[4m.pnpm[24m/dri
zzle-orm@0.44.7_@elec
tri_5c2928a099a752b7e
299aaadb8975aea/node_
modules/[4msrc[24m/
sqlite-core/query-bui
lders/select.ts:962:1
5)
      at SQLiteSelect
Base.then (file:///D:
/UIT_COURSES/SE100/Da
ilyDesk/node_modules/
[4m.pnpm[24m/drizzl
e-orm@0.44.7_@electri
_5c2928a099a752b7e299
aaadb8975aea/node_mod
ules/[4msrc[24m/que
ry-promise.ts:31:15) 
{
    code: [32m'SQLIT
E_ERROR'[39m,
    rawCode: 
[33m1[39m,
    [cause]: 
SqliteError: no such 
column: is_template
        at 
convertError (D:\UIT_
COURSES\SE100\DailyDe
sk\node_modules\[4m.
pnpm[24m\libsql@0.5.
22\node_modules\[4ml
ibsql[24m\index.js:5
9:12)
        at 
Database.prepare (D:\
UIT_COURSES\SE100\Dai
lyDesk\node_modules\
[4m.pnpm[24m\libsql@
0.5.22\node_modules\
[4mlibsql[24m\index.
js:131:13)
        at 
executeStmt (file:///
D:/UIT_COURSES/SE100/
DailyDesk/node_module
s/[4m.pnpm[24m/@lib
sql+client@0.15.15/no
de_modules/[4m@libsq
l[24m/client/lib-esm
/sqlite3.js:268:28)
        at Sqlite3Cli
ent.execute (file:///
D:/UIT_COURSES/SE100/
DailyDesk/node_module
s/[4m.pnpm[24m/@lib
sql+client@0.15.15/no
de_modules/[4m@libsq
l[24m/client/lib-esm
/sqlite3.js:81:16)
        at file:///D:
/UIT_COURSES/SE100/Da
ilyDesk/node_modules/
[4m.pnpm[24m/drizzl
e-orm@0.44.7_@electri
_5c2928a099a752b7e299
aaadb8975aea/node_mod
ules/[4msrc[24m/lib
sql/session.ts:288:58
        at LibSQLPrep
aredQuery.queryWithCa
che (file:///D:/UIT_C
OURSES/SE100/DailyDes
k/node_modules/[4m.p
npm[24m/drizzle-orm@
0.44.7_@electri_5c292
8a099a752b7e299aaadb8
975aea/node_modules/
[4msrc[24m/sqlite-co
re/session.ts:78:18)
        at LibSQLPrep
aredQuery.values (fil
e:///D:/UIT_COURSES/S
E100/DailyDesk/node_m
odules/[4m.pnpm[24m
/drizzle-orm@0.44.7_@
electri_5c2928a099a75
2b7e299aaadb8975aea/n
ode_modules/[4msrc[
24m/libsql/session.ts
:286:21)
        at LibSQLPrep
aredQuery.all (file:/
//D:/UIT_COURSES/SE10
0/DailyDesk/node_modu
les/[4m.pnpm[24m/dr
izzle-orm@0.44.7_@ele
ctri_5c2928a099a752b7
e299aaadb8975aea/node
_modules/[4msrc[24m
/libsql/session.ts:21
4:27)
        at 
SQLiteSelectBase.all 
(file:///D:/UIT_COURS
ES/SE100/DailyDesk/no
de_modules/[4m.pnpm
[24m/drizzle-orm@0.44
.7_@electri_5c2928a09
9a752b7e299aaadb8975a
ea/node_modules/[4ms
rc[24m/sqlite-core/q
uery-builders/select.
ts:950:26)
        at SQLiteSele
ctBase.execute (file:
///D:/UIT_COURSES/SE1
00/DailyDesk/node_mod
ules/[4m.pnpm[24m/d
rizzle-orm@0.44.7_@el
ectri_5c2928a099a752b
7e299aaadb8975aea/nod
e_modules/[4msrc[24
m/sqlite-core/query-b
uilders/select.ts:962
:15) {
      code: [32m'SQL
ITE_ERROR'[39m,
      rawCode: 
[33m1[39m
    }
  }
}
Error in boards GET 
by ID route: 
DrizzleQueryError: 
Failed query: select 
"id", "name", 
"user_id", 
"background_url", "ba
ckground_public_id", 
"background_color", 
(select coalesce(json
_group_array(json_arr
ay("id", "name", 
"order", "board_id", 
(select coalesce(json
_group_array(json_arr
ay("id", "name", 
"description", 
"order", 
"cover_url", 
"cover_public_id", 
"cover_color", 
"cover_mode", 
"list_id", 
"start_date", 
"deadline", 
"due_at", 
"due_complete", 
"reminder_minutes", 
"recurrence", 
"recurrence_day", "re
currence_weekday", 
"repeat_frequency", 
"repeat_interval", 
"latitude", 
"longitude", 
"completed", 
"is_template", 
"created_at", 
"updated_at")), 
json_array()) as 
"data" from (select 
* from "cards" "board
sTable_lists_cards" 
where "boardsTable_li
sts_cards"."list_id" 
= "boardsTable_lists"
."id" order by "board
sTable_lists_cards"."
order" asc) "boardsTa
ble_lists_cards"))), 
json_array()) as 
"data" from (select 
* from "lists" 
"boardsTable_lists" 
where "boardsTable_li
sts"."board_id" = 
"boardsTable"."id" 
order by "boardsTable
_lists"."order" asc) 
"boardsTable_lists") 
as "lists" from 
"boards" 
"boardsTable" where 
"boardsTable"."id" = 
? limit ?
params: 019bd127-d925
-7819-a62b-0c4f181b19
6c,1
    at LibSQLPrepared
Query.queryWithCache 
(file:///D:/UIT_COURS
ES/SE100/DailyDesk/no
de_modules/[4m.pnpm
[24m/drizzle-orm@0.44
.7_@electri_5c2928a09
9a752b7e299aaadb8975a
ea/node_modules/[4ms
rc[24m/sqlite-core/s
ession.ts:80:11)
[90m    at processTi
cksAndRejections (nod
e:internal/process/ta
sk_queues:105:5)[39m
    at LibSQLPrepared
Query.values (file://
/D:/UIT_COURSES/SE100
/DailyDesk/node_modul
es/[4m.pnpm[24m/dri
zzle-orm@0.44.7_@elec
tri_5c2928a099a752b7e
299aaadb8975aea/node_
modules/[4msrc[24m/
libsql/session.ts:286
:10)
    at LibSQLPrepared
Query.get (file:///D:
/UIT_COURSES/SE100/Da
ilyDesk/node_modules/
[4m.pnpm[24m/drizzl
e-orm@0.44.7_@electri
_5c2928a099a752b7e299
aaadb8975aea/node_mod
ules/[4msrc[24m/lib
sql/session.ts:252:16
)
    at 
Module.getBoardById 
[90m(D:\UIT_COURSES\S
E100\DailyDesk\backen
d\[39msrc\services\b
oards.service.ts:230:
17[90m)[39m
    at [90mD:\UIT_CO
URSES\SE100\DailyDesk
\backend\[39msrc\rou
tes\boards.ts:138:23
    at dispatch (file
:///D:/UIT_COURSES/SE
100/DailyDesk/node_mo
dules/[4m.pnpm[24m/
hono@4.11.3/node_modu
les/[4mhono[24m/dis
t/compose.js:22:17)
    at file:///D:/UIT
_COURSES/SE100/DailyD
esk/node_modules/[4m
.pnpm[24m/hono@4.11.
3/node_modules/[4mho
no[24m/dist/validato
r/validator.js:81:12
    at dispatch (file
:///D:/UIT_COURSES/SE
100/DailyDesk/node_mo
dules/[4m.pnpm[24m/
hono@4.11.3/node_modu
les/[4mhono[24m/dis
t/compose.js:22:17)
    at [90mD:\UIT_CO
URSES\SE100\DailyDesk
\backend\[39mtests\h
elpers\auth.ts:27:5 {
  query: 
[32m'select "id", 
"name", "user_id", 
"background_url", "ba
ckground_public_id", 
"background_color", 
(select coalesce(json
_group_array(json_arr
ay("id", "name", 
"order", "board_id", 
(select coalesce(json
_group_array(json_arr
ay("id", "name", 
"description", 
"order", 
"cover_url", 
"cover_public_id", 
"cover_color", 
"cover_mode", 
"list_id", 
"start_date", 
"deadline", 
"due_at", 
"due_complete", 
"reminder_minutes", 
"recurrence", 
"recurrence_day", "re
currence_weekday", 
"repeat_frequency", 
"repeat_interval", 
"latitude", 
"longitude", 
"completed", 
"is_template", 
"created_at", 
"updated_at")), 
json_array()) as 
"data" from (select 
* from "cards" "board
sTable_lists_cards" 
where "boardsTable_li
sts_cards"."list_id" 
= "boardsTable_lists"
."id" order by "board
sTable_lists_cards"."
order" asc) "boardsTa
ble_lists_cards"))), 
json_array()) as 
"data" from (select 
* from "lists" 
"boardsTable_lists" 
where "boardsTable_li
sts"."board_id" = 
"boardsTable"."id" 
order by "boardsTable
_lists"."order" asc) 
"boardsTable_lists") 
as "lists" from 
"boards" 
"boardsTable" where 
"boardsTable"."id" = 
? limit ?'[39m,
  params: [ [32m'019
bd127-d925-7819-a62b-
0c4f181b196c'[39m, 
[33m1[39m ],
  cause: 
LibsqlError: 
SQLITE_ERROR: no 
such column: 
is_template
      at 
mapSqliteError (file:
///D:/UIT_COURSES/SE1
00/DailyDesk/node_mod
ules/[4m.pnpm[24m/@
libsql+client@0.15.15
/node_modules/[4m@li
bsql[24m/client/lib-
esm/sqlite3.js:392:16
)
      at executeStmt 
(file:///D:/UIT_COURS
ES/SE100/DailyDesk/no
de_modules/[4m.pnpm
[24m/@libsql+client@0
.15.15/node_modules/
[4m@libsql[24m/clien
t/lib-esm/sqlite3.js:
297:15)
      at Sqlite3Clien
t.execute (file:///D:
/UIT_COURSES/SE100/Da
ilyDesk/node_modules/
[4m.pnpm[24m/@libsq
l+client@0.15.15/node
_modules/[4m@libsql
[24m/client/lib-esm/s
qlite3.js:81:16)
  [90m    ... 5 
lines matching cause 
stack trace ...[39m
      at 
QueryPromise.execute 
(file:///D:/UIT_COURS
ES/SE100/DailyDesk/no
de_modules/[4m.pnpm
[24m/drizzle-orm@0.44
.7_@electri_5c2928a09
9a752b7e299aaadb8975a
ea/node_modules/[4ms
rc[24m/sqlite-core/q
uery-builders/query.t
s:197:15)
      at 
QueryPromise.then (fi
le:///D:/UIT_COURSES/
SE100/DailyDesk/node_
modules/[4m.pnpm[24
m/drizzle-orm@0.44.7_
@electri_5c2928a099a7
52b7e299aaadb8975aea/
node_modules/[4msrc
[24m/query-promise.ts
:31:15) {
    code: [32m'SQLIT
E_ERROR'[39m,
    rawCode: 
[33m1[39m,
    [cause]: 
SqliteError: no such 
column: is_template
        at 
convertError (D:\UIT_
COURSES\SE100\DailyDe
sk\node_modules\[4m.
pnpm[24m\libsql@0.5.
22\node_modules\[4ml
ibsql[24m\index.js:5
9:12)
        at 
Database.prepare (D:\
UIT_COURSES\SE100\Dai
lyDesk\node_modules\
[4m.pnpm[24m\libsql@
0.5.22\node_modules\
[4mlibsql[24m\index.
js:131:13)
        at 
executeStmt (file:///
D:/UIT_COURSES/SE100/
DailyDesk/node_module
s/[4m.pnpm[24m/@lib
sql+client@0.15.15/no
de_modules/[4m@libsq
l[24m/client/lib-esm
/sqlite3.js:268:28)
        at Sqlite3Cli
ent.execute (file:///
D:/UIT_COURSES/SE100/
DailyDesk/node_module
s/[4m.pnpm[24m/@lib
sql+client@0.15.15/no
de_modules/[4m@libsq
l[24m/client/lib-esm
/sqlite3.js:81:16)
        at file:///D:
/UIT_COURSES/SE100/Da
ilyDesk/node_modules/
[4m.pnpm[24m/drizzl
e-orm@0.44.7_@electri
_5c2928a099a752b7e299
aaadb8975aea/node_mod
ules/[4msrc[24m/lib
sql/session.ts:288:58
        at LibSQLPrep
aredQuery.queryWithCa
che (file:///D:/UIT_C
OURSES/SE100/DailyDes
k/node_modules/[4m.p
npm[24m/drizzle-orm@
0.44.7_@electri_5c292
8a099a752b7e299aaadb8
975aea/node_modules/
[4msrc[24m/sqlite-co
re/session.ts:78:18)
        at LibSQLPrep
aredQuery.values (fil
e:///D:/UIT_COURSES/S
E100/DailyDesk/node_m
odules/[4m.pnpm[24m
/drizzle-orm@0.44.7_@
electri_5c2928a099a75
2b7e299aaadb8975aea/n
ode_modules/[4msrc[
24m/libsql/session.ts
:286:21)
        at LibSQLPrep
aredQuery.get (file:/
//D:/UIT_COURSES/SE10
0/DailyDesk/node_modu
les/[4m.pnpm[24m/dr
izzle-orm@0.44.7_@ele
ctri_5c2928a099a752b7
e299aaadb8975aea/node
_modules/[4msrc[24m
/libsql/session.ts:25
2:27)
        at QueryPromi
se.executeRaw (file:/
//D:/UIT_COURSES/SE10
0/DailyDesk/node_modu
les/[4m.pnpm[24m/dr
izzle-orm@0.44.7_@ele
ctri_5c2928a099a752b7
e299aaadb8975aea/node
_modules/[4msrc[24m
/sqlite-core/query-bu
ilders/query.ts:191:3
2)
        at 
QueryPromise.execute 
(file:///D:/UIT_COURS
ES/SE100/DailyDesk/no
de_modules/[4m.pnpm
[24m/drizzle-orm@0.44
.7_@electri_5c2928a09
9a752b7e299aaadb8975a
ea/node_modules/[4ms
rc[24m/sqlite-core/q
uery-builders/query.t
s:197:15) {
      code: [32m'SQL
ITE_ERROR'[39m,
      rawCode: 
[33m1[39m
    }
  }
}

[90mstderr[2m | tes
ts/users.test.ts[2m 
> [22m[2mUsers 
Search API 
Integration Tests 
(via Members 
Routes)[2m > 
[22m[2mGET 
/members/search[2m 
> [22m[2mshould 
handle Auth0 API 
errors gracefully
[22m[39mAuth0 API 
error: Rate limit 
exceeded

[90mstderr[2m | tes
ts/comments.test.ts[
2m > 
[22m[2mComments 
API Integration 
Tests[2m > 
[22m[2mPOST /boards
/:boardId/cards/:card
Id/comments[2m > 
[22m[2mshould 
create a new comment
[22m[39mDrizzleQuer
yError: Failed 
query: select "id", 
"name", 
"description", 
"order", 
"cover_url", 
"cover_public_id", 
"cover_color", 
"cover_mode", 
"list_id", 
"start_date", 
"deadline", 
"due_at", 
"due_complete", 
"reminder_minutes", 
"recurrence", 
"recurrence_day", "re
currence_weekday", 
"repeat_frequency", 
"repeat_interval", 
"latitude", 
"longitude", 
"completed", 
"is_template", 
"created_at", 
"updated_at" from 
"cards" where 
"cards"."list_id" = ?
params: 019bd127-d8cb
-7f08-acb8-91af3c8782
dd
    at LibSQLPrepared
Query.queryWithCache 
(file:///D:/UIT_COURS
ES/SE100/DailyDesk/no
de_modules/[4m.pnpm
[24m/drizzle-orm@0.44
.7_@electri_5c2928a09
9a752b7e299aaadb8975a
ea/node_modules/[4ms
rc[24m/sqlite-core/s
ession.ts:80:11)
[90m    at processTi
cksAndRejections (nod
e:internal/process/ta
sk_queues:105:5)[39m
    at LibSQLPrepared
Query.values (file://
/D:/UIT_COURSES/SE100
/DailyDesk/node_modul
es/[4m.pnpm[24m/dri
zzle-orm@0.44.7_@elec
tri_5c2928a099a752b7e
299aaadb8975aea/node_
modules/[4msrc[24m/
libsql/session.ts:286
:10)
    at LibSQLPrepared
Query.all (file:///D:
/UIT_COURSES/SE100/Da
ilyDesk/node_modules/
[4m.pnpm[24m/drizzl
e-orm@0.44.7_@electri
_5c2928a099a752b7e299
aaadb8975aea/node_mod
ules/[4msrc[24m/lib
sql/session.ts:214:16
)
    at 
Module.createCard [9
0m(D:\UIT_COURSES\SE1
00\DailyDesk\backend\
[39msrc\services\car
ds.service.ts:319:23
[90m)[39m
    at [90mD:\UIT_CO
URSES\SE100\DailyDesk
\backend\[39msrc\rou
tes\cards.ts:152:22
    at dispatch (file
:///D:/UIT_COURSES/SE
100/DailyDesk/node_mo
dules/[4m.pnpm[24m/
hono@4.11.3/node_modu
les/[4mhono[24m/dis
t/compose.js:22:17)
    at file:///D:/UIT
_COURSES/SE100/DailyD
esk/node_modules/[4m
.pnpm[24m/hono@4.11.
3/node_modules/[4mho
no[24m/dist/validato
r/validator.js:81:12
    at mw (file:///D:
/UIT_COURSES/SE100/Da
ilyDesk/node_modules/
[4m.pnpm[24m/@hono+
zod-openapi@1.2.0_hon
o@4.11.3_zod@4.3.5/no
de_modules/[4m@hono
[24m/zod-openapi/src/
index.ts:546:26)
    at dispatch (file
:///D:/UIT_COURSES/SE
100/DailyDesk/node_mo
dules/[4m.pnpm[24m/
hono@4.11.3/node_modu
les/[4mhono[24m/dis
t/compose.js:22:17) {
  query: 
[32m'select "id", 
"name", 
"description", 
"order", 
"cover_url", 
"cover_public_id", 
"cover_color", 
"cover_mode", 
"list_id", 
"start_date", 
"deadline", 
"due_at", 
"due_complete", 
"reminder_minutes", 
"recurrence", 
"recurrence_day", "re
currence_weekday", 
"repeat_frequency", 
"repeat_interval", 
"latitude", 
"longitude", 
"completed", 
"is_template", 
"created_at", 
"updated_at" from 
"cards" where 
"cards"."list_id" = 
?'[39m,
  params: [ [32m'019
bd127-d8cb-7f08-acb8-
91af3c8782dd'[39m ],
  cause: 
LibsqlError: 
SQLITE_ERROR: no 
such column: 
is_template
      at 
mapSqliteError (file:
///D:/UIT_COURSES/SE1
00/DailyDesk/node_mod
ules/[4m.pnpm[24m/@
libsql+client@0.15.15
/node_modules/[4m@li
bsql[24m/client/lib-
esm/sqlite3.js:392:16
)
      at executeStmt 
(file:///D:/UIT_COURS
ES/SE100/DailyDesk/no
de_modules/[4m.pnpm
[24m/@libsql+client@0
.15.15/node_modules/
[4m@libsql[24m/clien
t/lib-esm/sqlite3.js:
297:15)
      at Sqlite3Clien
t.execute (file:///D:
/UIT_COURSES/SE100/Da
ilyDesk/node_modules/
[4m.pnpm[24m/@libsq
l+client@0.15.15/node
_modules/[4m@libsql
[24m/client/lib-esm/s
qlite3.js:81:16)
  [90m    ... 5 
lines matching cause 
stack trace ...[39m
      at SQLiteSelect
Base.execute (file://
/D:/UIT_COURSES/SE100
/DailyDesk/node_modul
es/[4m.pnpm[24m/dri
zzle-orm@0.44.7_@elec
tri_5c2928a099a752b7e
299aaadb8975aea/node_
modules/[4msrc[24m/
sqlite-core/query-bui
lders/select.ts:962:1
5)
      at SQLiteSelect
Base.then (file:///D:
/UIT_COURSES/SE100/Da
ilyDesk/node_modules/
[4m.pnpm[24m/drizzl
e-orm@0.44.7_@electri
_5c2928a099a752b7e299
aaadb8975aea/node_mod
ules/[4msrc[24m/que
ry-promise.ts:31:15) 
{
    code: [32m'SQLIT
E_ERROR'[39m,
    rawCode: 
[33m1[39m,
    [cause]: 
SqliteError: no such 
column: is_template
        at 
convertError (D:\UIT_
COURSES\SE100\DailyDe
sk\node_modules\[4m.
pnpm[24m\libsql@0.5.
22\node_modules\[4ml
ibsql[24m\index.js:5
9:12)
        at 
Database.prepare (D:\
UIT_COURSES\SE100\Dai
lyDesk\node_modules\
[4m.pnpm[24m\libsql@
0.5.22\node_modules\
[4mlibsql[24m\index.
js:131:13)
        at 
executeStmt (file:///
D:/UIT_COURSES/SE100/
DailyDesk/node_module
s/[4m.pnpm[24m/@lib
sql+client@0.15.15/no
de_modules/[4m@libsq
l[24m/client/lib-esm
/sqlite3.js:268:28)
        at Sqlite3Cli
ent.execute (file:///
D:/UIT_COURSES/SE100/
DailyDesk/node_module
s/[4m.pnpm[24m/@lib
sql+client@0.15.15/no
de_modules/[4m@libsq
l[24m/client/lib-esm
/sqlite3.js:81:16)
        at file:///D:
/UIT_COURSES/SE100/Da
ilyDesk/node_modules/
[4m.pnpm[24m/drizzl
e-orm@0.44.7_@electri
_5c2928a099a752b7e299
aaadb8975aea/node_mod
ules/[4msrc[24m/lib
sql/session.ts:288:58
        at LibSQLPrep
aredQuery.queryWithCa
che (file:///D:/UIT_C
OURSES/SE100/DailyDes
k/node_modules/[4m.p
npm[24m/drizzle-orm@
0.44.7_@electri_5c292
8a099a752b7e299aaadb8
975aea/node_modules/
[4msrc[24m/sqlite-co
re/session.ts:78:18)
        at LibSQLPrep
aredQuery.values (fil
e:///D:/UIT_COURSES/S
E100/DailyDesk/node_m
odules/[4m.pnpm[24m
/drizzle-orm@0.44.7_@
electri_5c2928a099a75
2b7e299aaadb8975aea/n
ode_modules/[4msrc[
24m/libsql/session.ts
:286:21)
        at LibSQLPrep
aredQuery.all (file:/
//D:/UIT_COURSES/SE10
0/DailyDesk/node_modu
les/[4m.pnpm[24m/dr
izzle-orm@0.44.7_@ele
ctri_5c2928a099a752b7
e299aaadb8975aea/node
_modules/[4msrc[24m
/libsql/session.ts:21
4:27)
        at 
SQLiteSelectBase.all 
(file:///D:/UIT_COURS
ES/SE100/DailyDesk/no
de_modules/[4m.pnpm
[24m/drizzle-orm@0.44
.7_@electri_5c2928a09
9a752b7e299aaadb8975a
ea/node_modules/[4ms
rc[24m/sqlite-core/q
uery-builders/select.
ts:950:26)
        at SQLiteSele
ctBase.execute (file:
///D:/UIT_COURSES/SE1
00/DailyDesk/node_mod
ules/[4m.pnpm[24m/d
rizzle-orm@0.44.7_@el
ectri_5c2928a099a752b
7e299aaadb8975aea/nod
e_modules/[4msrc[24
m/sqlite-core/query-b
uilders/select.ts:962
:15) {
      code: [32m'SQL
ITE_ERROR'[39m,
      rawCode: 
[33m1[39m
    }
  }
}

[90mstderr[2m | tes
ts/cards/card-move.te
st.ts[2m > 
[22m[2mCard 
movement between 
lists with order 
management[2m > 
[22m[2mshould 
handle moving card 
to beginning of 
another list
[22m[39mDrizzleQuer
yError: Failed 
query: select "id", 
"name", 
"description", 
"order", 
"cover_url", 
"cover_public_id", 
"cover_color", 
"cover_mode", 
"list_id", 
"start_date", 
"deadline", 
"due_at", 
"due_complete", 
"reminder_minutes", 
"recurrence", 
"recurrence_day", "re
currence_weekday", 
"repeat_frequency", 
"repeat_interval", 
"latitude", 
"longitude", 
"completed", 
"is_template", 
"created_at", 
"updated_at" from 
"cards" where 
"cards"."list_id" = ?
params: 019bd127-d96f
-7512-bd23-6614ebfc41
55
    at LibSQLPrepared
Query.queryWithCache 
(file:///D:/UIT_COURS
ES/SE100/DailyDesk/no
de_modules/[4m.pnpm
[24m/drizzle-orm@0.44
.7_@electri_5c2928a09
9a752b7e299aaadb8975a
ea/node_modules/[4ms
rc[24m/sqlite-core/s
ession.ts:80:11)
[90m    at processTi
cksAndRejections (nod
e:internal/process/ta
sk_queues:105:5)[39m
    at LibSQLPrepared
Query.values (file://
/D:/UIT_COURSES/SE100
/DailyDesk/node_modul
es/[4m.pnpm[24m/dri
zzle-orm@0.44.7_@elec
tri_5c2928a099a752b7e
299aaadb8975aea/node_
modules/[4msrc[24m/
libsql/session.ts:286
:10)
    at LibSQLPrepared
Query.all (file:///D:
/UIT_COURSES/SE100/Da
ilyDesk/node_modules/
[4m.pnpm[24m/drizzl
e-orm@0.44.7_@electri
_5c2928a099a752b7e299
aaadb8975aea/node_mod
ules/[4msrc[24m/lib
sql/session.ts:214:16
)
    at 
Module.createCard [9
0m(D:\UIT_COURSES\SE1
00\DailyDesk\backend\
[39msrc\services\car
ds.service.ts:319:23
[90m)[39m
    at [90mD:\UIT_CO
URSES\SE100\DailyDesk
\backend\[39msrc\rou
tes\cards.ts:152:22
    at dispatch (file
:///D:/UIT_COURSES/SE
100/DailyDesk/node_mo
dules/[4m.pnpm[24m/
hono@4.11.3/node_modu
les/[4mhono[24m/dis
t/compose.js:22:17)
    at file:///D:/UIT
_COURSES/SE100/DailyD
esk/node_modules/[4m
.pnpm[24m/hono@4.11.
3/node_modules/[4mho
no[24m/dist/validato
r/validator.js:81:12
    at mw (file:///D:
/UIT_COURSES/SE100/Da
ilyDesk/node_modules/
[4m.pnpm[24m/@hono+
zod-openapi@1.2.0_hon
o@4.11.3_zod@4.3.5/no
de_modules/[4m@hono
[24m/zod-openapi/src/
index.ts:546:26)
    at dispatch (file
:///D:/UIT_COURSES/SE
100/DailyDesk/node_mo
dules/[4m.pnpm[24m/
hono@4.11.3/node_modu
les/[4mhono[24m/dis
t/compose.js:22:17) {
  query: 
[32m'select "id", 
"name", 
"description", 
"order", 
"cover_url", 
"cover_public_id", 
"cover_color", 
"cover_mode", 
"list_id", 
"start_date", 
"deadline", 
"due_at", 
"due_complete", 
"reminder_minutes", 
"recurrence", 
"recurrence_day", "re
currence_weekday", 
"repeat_frequency", 
"repeat_interval", 
"latitude", 
"longitude", 
"completed", 
"is_template", 
"created_at", 
"updated_at" from 
"cards" where 
"cards"."list_id" = 
?'[39m,
  params: [ [32m'019
bd127-d96f-7512-bd23-
6614ebfc4155'[39m ],
  cause: 
LibsqlError: 
SQLITE_ERROR: no 
such column: 
is_template
      at 
mapSqliteError (file:
///D:/UIT_COURSES/SE1
00/DailyDesk/node_mod
ules/[4m.pnpm[24m/@
libsql+client@0.15.15
/node_modules/[4m@li
bsql[24m/client/lib-
esm/sqlite3.js:392:16
)
      at executeStmt 
(file:///D:/UIT_COURS
ES/SE100/DailyDesk/no
de_modules/[4m.pnpm
[24m/@libsql+client@0
.15.15/node_modules/
[4m@libsql[24m/clien
t/lib-esm/sqlite3.js:
297:15)
      at Sqlite3Clien
t.execute (file:///D:
/UIT_COURSES/SE100/Da
ilyDesk/node_modules/
[4m.pnpm[24m/@libsq
l+client@0.15.15/node
_modules/[4m@libsql
[24m/client/lib-esm/s
qlite3.js:81:16)
  [90m    ... 5 
lines matching cause 
stack trace ...[39m
      at SQLiteSelect
Base.execute (file://
/D:/UIT_COURSES/SE100
/DailyDesk/node_modul
es/[4m.pnpm[24m/dri
zzle-orm@0.44.7_@elec
tri_5c2928a099a752b7e
299aaadb8975aea/node_
modules/[4msrc[24m/
sqlite-core/query-bui
lders/select.ts:962:1
5)
      at SQLiteSelect
Base.then (file:///D:
/UIT_COURSES/SE100/Da
ilyDesk/node_modules/
[4m.pnpm[24m/drizzl
e-orm@0.44.7_@electri
_5c2928a099a752b7e299
aaadb8975aea/node_mod
ules/[4msrc[24m/que
ry-promise.ts:31:15) 
{
    code: [32m'SQLIT
E_ERROR'[39m,
    rawCode: 
[33m1[39m,
    [cause]: 
SqliteError: no such 
column: is_template
        at 
convertError (D:\UIT_
COURSES\SE100\DailyDe
sk\node_modules\[4m.
pnpm[24m\libsql@0.5.
22\node_modules\[4ml
ibsql[24m\index.js:5
9:12)
        at 
Database.prepare (D:\
UIT_COURSES\SE100\Dai
lyDesk\node_modules\
[4m.pnpm[24m\libsql@
0.5.22\node_modules\
[4mlibsql[24m\index.
js:131:13)
        at 
executeStmt (file:///
D:/UIT_COURSES/SE100/
DailyDesk/node_module
s/[4m.pnpm[24m/@lib
sql+client@0.15.15/no
de_modules/[4m@libsq
l[24m/client/lib-esm
/sqlite3.js:268:28)
        at Sqlite3Cli
ent.execute (file:///
D:/UIT_COURSES/SE100/
DailyDesk/node_module
s/[4m.pnpm[24m/@lib
sql+client@0.15.15/no
de_modules/[4m@libsq
l[24m/client/lib-esm
/sqlite3.js:81:16)
        at file:///D:
/UIT_COURSES/SE100/Da
ilyDesk/node_modules/
[4m.pnpm[24m/drizzl
e-orm@0.44.7_@electri
_5c2928a099a752b7e299
aaadb8975aea/node_mod
ules/[4msrc[24m/lib
sql/session.ts:288:58
        at LibSQLPrep
aredQuery.queryWithCa
che (file:///D:/UIT_C
OURSES/SE100/DailyDes
k/node_modules/[4m.p
npm[24m/drizzle-orm@
0.44.7_@electri_5c292
8a099a752b7e299aaadb8
975aea/node_modules/
[4msrc[24m/sqlite-co
re/session.ts:78:18)
        at LibSQLPrep
aredQuery.values (fil
e:///D:/UIT_COURSES/S
E100/DailyDesk/node_m
odules/[4m.pnpm[24m
/drizzle-orm@0.44.7_@
electri_5c2928a099a75
2b7e299aaadb8975aea/n
ode_modules/[4msrc[
24m/libsql/session.ts
:286:21)
        at LibSQLPrep
aredQuery.all (file:/
//D:/UIT_COURSES/SE10
0/DailyDesk/node_modu
les/[4m.pnpm[24m/dr
izzle-orm@0.44.7_@ele
ctri_5c2928a099a752b7
e299aaadb8975aea/node
_modules/[4msrc[24m
/libsql/session.ts:21
4:27)
        at 
SQLiteSelectBase.all 
(file:///D:/UIT_COURS
ES/SE100/DailyDesk/no
de_modules/[4m.pnpm
[24m/drizzle-orm@0.44
.7_@electri_5c2928a09
9a752b7e299aaadb8975a
ea/node_modules/[4ms
rc[24m/sqlite-core/q
uery-builders/select.
ts:950:26)
        at SQLiteSele
ctBase.execute (file:
///D:/UIT_COURSES/SE1
00/DailyDesk/node_mod
ules/[4m.pnpm[24m/d
rizzle-orm@0.44.7_@el
ectri_5c2928a099a752b
7e299aaadb8975aea/nod
e_modules/[4msrc[24
m/sqlite-core/query-b
uilders/select.ts:962
:15) {
      code: [32m'SQL
ITE_ERROR'[39m,
      rawCode: 
[33m1[39m
    }
  }
}
DrizzleQueryError: 
Failed query: select 
"id", "name", 
"description", 
"order", 
"cover_url", 
"cover_public_id", 
"cover_color", 
"cover_mode", 
"list_id", 
"start_date", 
"deadline", 
"due_at", 
"due_complete", 
"reminder_minutes", 
"recurrence", 
"recurrence_day", "re
currence_weekday", 
"repeat_frequency", 
"repeat_interval", 
"latitude", 
"longitude", 
"completed", 
"is_template", 
"created_at", 
"updated_at" from 
"cards" where 
"cards"."list_id" = ?
params: 019bd127-d96f
-7512-bd23-6614ebfc41
55
    at LibSQLPrepared
Query.queryWithCache 
(file:///D:/UIT_COURS
ES/SE100/DailyDesk/no
de_modules/[4m.pnpm
[24m/drizzle-orm@0.44
.7_@electri_5c2928a09
9a752b7e299aaadb8975a
ea/node_modules/[4ms
rc[24m/sqlite-core/s
ession.ts:80:11)
[90m    at processTi
cksAndRejections (nod
e:internal/process/ta
sk_queues:105:5)[39m
    at LibSQLPrepared
Query.values (file://
/D:/UIT_COURSES/SE100
/DailyDesk/node_modul
es/[4m.pnpm[24m/dri
zzle-orm@0.44.7_@elec
tri_5c2928a099a752b7e
299aaadb8975aea/node_
modules/[4msrc[24m/
libsql/session.ts:286
:10)
    at LibSQLPrepared
Query.all (file:///D:
/UIT_COURSES/SE100/Da
ilyDesk/node_modules/
[4m.pnpm[24m/drizzl
e-orm@0.44.7_@electri
_5c2928a099a752b7e299
aaadb8975aea/node_mod
ules/[4msrc[24m/lib
sql/session.ts:214:16
)
    at 
Module.createCard [9
0m(D:\UIT_COURSES\SE1
00\DailyDesk\backend\
[39msrc\services\car
ds.service.ts:319:23
[90m)[39m
    at [90mD:\UIT_CO
URSES\SE100\DailyDesk
\backend\[39msrc\rou
tes\cards.ts:152:22
    at dispatch (file
:///D:/UIT_COURSES/SE
100/DailyDesk/node_mo
dules/[4m.pnpm[24m/
hono@4.11.3/node_modu
les/[4mhono[24m/dis
t/compose.js:22:17)
    at file:///D:/UIT
_COURSES/SE100/DailyD
esk/node_modules/[4m
.pnpm[24m/hono@4.11.
3/node_modules/[4mho
no[24m/dist/validato
r/validator.js:81:12
    at mw (file:///D:
/UIT_COURSES/SE100/Da
ilyDesk/node_modules/
[4m.pnpm[24m/@hono+
zod-openapi@1.2.0_hon
o@4.11.3_zod@4.3.5/no
de_modules/[4m@hono
[24m/zod-openapi/src/
index.ts:546:26)
    at dispatch (file
:///D:/UIT_COURSES/SE
100/DailyDesk/node_mo
dules/[4m.pnpm[24m/
hono@4.11.3/node_modu
les/[4mhono[24m/dis
t/compose.js:22:17) {
  query: 
[32m'select "id", 
"name", 
"description", 
"order", 
"cover_url", 
"cover_public_id", 
"cover_color", 
"cover_mode", 
"list_id", 
"start_date", 
"deadline", 
"due_at", 
"due_complete", 
"reminder_minutes", 
"recurrence", 
"recurrence_day", "re
currence_weekday", 
"repeat_frequency", 
"repeat_interval", 
"latitude", 
"longitude", 
"completed", 
"is_template", 
"created_at", 
"updated_at" from 
"cards" where 
"cards"."list_id" = 
?'[39m,
  params: [ [32m'019
bd127-d96f-7512-bd23-
6614ebfc4155'[39m ],
  cause: 
LibsqlError: 
SQLITE_ERROR: no 
such column: 
is_template
      at 
mapSqliteError (file:
///D:/UIT_COURSES/SE1
00/DailyDesk/node_mod
ules/[4m.pnpm[24m/@
libsql+client@0.15.15
/node_modules/[4m@li
bsql[24m/client/lib-
esm/sqlite3.js:392:16
)
      at executeStmt 
(file:///D:/UIT_COURS
ES/SE100/DailyDesk/no
de_modules/[4m.pnpm
[24m/@libsql+client@0
.15.15/node_modules/
[4m@libsql[24m/clien
t/lib-esm/sqlite3.js:
297:15)
      at Sqlite3Clien
t.execute (file:///D:
/UIT_COURSES/SE100/Da
ilyDesk/node_modules/
[4m.pnpm[24m/@libsq
l+client@0.15.15/node
_modules/[4m@libsql
[24m/client/lib-esm/s
qlite3.js:81:16)
  [90m    ... 5 
lines matching cause 
stack trace ...[39m
      at SQLiteSelect
Base.execute (file://
/D:/UIT_COURSES/SE100
/DailyDesk/node_modul
es/[4m.pnpm[24m/dri
zzle-orm@0.44.7_@elec
tri_5c2928a099a752b7e
299aaadb8975aea/node_
modules/[4msrc[24m/
sqlite-core/query-bui
lders/select.ts:962:1
5)
      at SQLiteSelect
Base.then (file:///D:
/UIT_COURSES/SE100/Da
ilyDesk/node_modules/
[4m.pnpm[24m/drizzl
e-orm@0.44.7_@electri
_5c2928a099a752b7e299
aaadb8975aea/node_mod
ules/[4msrc[24m/que
ry-promise.ts:31:15) 
{
    code: [32m'SQLIT
E_ERROR'[39m,
    rawCode: 
[33m1[39m,
    [cause]: 
SqliteError: no such 
column: is_template
        at 
convertError (D:\UIT_
COURSES\SE100\DailyDe
sk\node_modules\[4m.
pnpm[24m\libsql@0.5.
22\node_modules\[4ml
ibsql[24m\index.js:5
9:12)
        at 
Database.prepare (D:\
UIT_COURSES\SE100\Dai
lyDesk\node_modules\
[4m.pnpm[24m\libsql@
0.5.22\node_modules\
[4mlibsql[24m\index.
js:131:13)
        at 
executeStmt (file:///
D:/UIT_COURSES/SE100/
DailyDesk/node_module
s/[4m.pnpm[24m/@lib
sql+client@0.15.15/no
de_modules/[4m@libsq
l[24m/client/lib-esm
/sqlite3.js:268:28)
        at Sqlite3Cli
ent.execute (file:///
D:/UIT_COURSES/SE100/
DailyDesk/node_module
s/[4m.pnpm[24m/@lib
sql+client@0.15.15/no
de_modules/[4m@libsq
l[24m/client/lib-esm
/sqlite3.js:81:16)
        at file:///D:
/UIT_COURSES/SE100/Da
ilyDesk/node_modules/
[4m.pnpm[24m/drizzl
e-orm@0.44.7_@electri
_5c2928a099a752b7e299
aaadb8975aea/node_mod
ules/[4msrc[24m/lib
sql/session.ts:288:58
        at LibSQLPrep
aredQuery.queryWithCa
che (file:///D:/UIT_C
OURSES/SE100/DailyDes
k/node_modules/[4m.p
npm[24m/drizzle-orm@
0.44.7_@electri_5c292
8a099a752b7e299aaadb8
975aea/node_modules/
[4msrc[24m/sqlite-co
re/session.ts:78:18)
        at LibSQLPrep
aredQuery.values (fil
e:///D:/UIT_COURSES/S
E100/DailyDesk/node_m
odules/[4m.pnpm[24m
/drizzle-orm@0.44.7_@
electri_5c2928a099a75
2b7e299aaadb8975aea/n
ode_modules/[4msrc[
24m/libsql/session.ts
:286:21)
        at LibSQLPrep
aredQuery.all (file:/
//D:/UIT_COURSES/SE10
0/DailyDesk/node_modu
les/[4m.pnpm[24m/dr
izzle-orm@0.44.7_@ele
ctri_5c2928a099a752b7
e299aaadb8975aea/node
_modules/[4msrc[24m
/libsql/session.ts:21
4:27)
        at 
SQLiteSelectBase.all 
(file:///D:/UIT_COURS
ES/SE100/DailyDesk/no
de_modules/[4m.pnpm
[24m/drizzle-orm@0.44
.7_@electri_5c2928a09
9a752b7e299aaadb8975a
ea/node_modules/[4ms
rc[24m/sqlite-core/q
uery-builders/select.
ts:950:26)
        at SQLiteSele
ctBase.execute (file:
///D:/UIT_COURSES/SE1
00/DailyDesk/node_mod
ules/[4m.pnpm[24m/d
rizzle-orm@0.44.7_@el
ectri_5c2928a099a752b
7e299aaadb8975aea/nod
e_modules/[4msrc[24
m/sqlite-core/query-b
uilders/select.ts:962
:15) {
      code: [32m'SQL
ITE_ERROR'[39m,
      rawCode: 
[33m1[39m
    }
  }
}
DrizzleQueryError: 
Failed query: select 
"id", "name", 
"description", 
"order", 
"cover_url", 
"cover_public_id", 
"cover_color", 
"cover_mode", 
"list_id", 
"start_date", 
"deadline", 
"due_at", 
"due_complete", 
"reminder_minutes", 
"recurrence", 
"recurrence_day", "re
currence_weekday", 
"repeat_frequency", 
"repeat_interval", 
"latitude", 
"longitude", 
"completed", 
"is_template", 
"created_at", 
"updated_at" from 
"cards" where 
"cards"."list_id" = ?
params: 019bd127-d96f
-7512-bd23-6615e8ebdc
c2
    at LibSQLPrepared
Query.queryWithCache 
(file:///D:/UIT_COURS
ES/SE100/DailyDesk/no
de_modules/[4m.pnpm
[24m/drizzle-orm@0.44
.7_@electri_5c2928a09
9a752b7e299aaadb8975a
ea/node_modules/[4ms
rc[24m/sqlite-core/s
ession.ts:80:11)
[90m    at processTi
cksAndRejections (nod
e:internal/process/ta
sk_queues:105:5)[39m
    at LibSQLPrepared
Query.values (file://
/D:/UIT_COURSES/SE100
/DailyDesk/node_modul
es/[4m.pnpm[24m/dri
zzle-orm@0.44.7_@elec
tri_5c2928a099a752b7e
299aaadb8975aea/node_
modules/[4msrc[24m/
libsql/session.ts:286
:10)
    at LibSQLPrepared
Query.all (file:///D:
/UIT_COURSES/SE100/Da
ilyDesk/node_modules/
[4m.pnpm[24m/drizzl
e-orm@0.44.7_@electri
_5c2928a099a752b7e299
aaadb8975aea/node_mod
ules/[4msrc[24m/lib
sql/session.ts:214:16
)
    at 
Module.createCard [9
0m(D:\UIT_COURSES\SE1
00\DailyDesk\backend\
[39msrc\services\car
ds.service.ts:319:23
[90m)[39m
    at [90mD:\UIT_CO
URSES\SE100\DailyDesk
\backend\[39msrc\rou
tes\cards.ts:152:22
    at dispatch (file
:///D:/UIT_COURSES/SE
100/DailyDesk/node_mo
dules/[4m.pnpm[24m/
hono@4.11.3/node_modu
les/[4mhono[24m/dis
t/compose.js:22:17)
    at file:///D:/UIT
_COURSES/SE100/DailyD
esk/node_modules/[4m
.pnpm[24m/hono@4.11.
3/node_modules/[4mho
no[24m/dist/validato
r/validator.js:81:12
    at mw (file:///D:
/UIT_COURSES/SE100/Da
ilyDesk/node_modules/
[4m.pnpm[24m/@hono+
zod-openapi@1.2.0_hon
o@4.11.3_zod@4.3.5/no
de_modules/[4m@hono
[24m/zod-openapi/src/
index.ts:546:26)
    at dispatch (file
:///D:/UIT_COURSES/SE
100/DailyDesk/node_mo
dules/[4m.pnpm[24m/
hono@4.11.3/node_modu
les/[4mhono[24m/dis
t/compose.js:22:17) {
  query: 
[32m'select "id", 
"name", 
"description", 
"order", 
"cover_url", 
"cover_public_id", 
"cover_color", 
"cover_mode", 
"list_id", 
"start_date", 
"deadline", 
"due_at", 
"due_complete", 
"reminder_minutes", 
"recurrence", 
"recurrence_day", "re
currence_weekday", 
"repeat_frequency", 
"repeat_interval", 
"latitude", 
"longitude", 
"completed", 
"is_template", 
"created_at", 
"updated_at" from 
"cards" where 
"cards"."list_id" = 
?'[39m,
  params: [ [32m'019
bd127-d96f-7512-bd23-
6615e8ebdcc2'[39m ],
  cause: 
LibsqlError: 
SQLITE_ERROR: no 
such column: 
is_template
      at 
mapSqliteError (file:
///D:/UIT_COURSES/SE1
00/DailyDesk/node_mod
ules/[4m.pnpm[24m/@
libsql+client@0.15.15
/node_modules/[4m@li
bsql[24m/client/lib-
esm/sqlite3.js:392:16
)
      at executeStmt 
(file:///D:/UIT_COURS
ES/SE100/DailyDesk/no
de_modules/[4m.pnpm
[24m/@libsql+client@0
.15.15/node_modules/
[4m@libsql[24m/clien
t/lib-esm/sqlite3.js:
297:15)
      at Sqlite3Clien
t.execute (file:///D:
/UIT_COURSES/SE100/Da
ilyDesk/node_modules/
[4m.pnpm[24m/@libsq
l+client@0.15.15/node
_modules/[4m@libsql
[24m/client/lib-esm/s
qlite3.js:81:16)
  [90m    ... 5 
lines matching cause 
stack trace ...[39m
      at SQLiteSelect
Base.execute (file://
/D:/UIT_COURSES/SE100
/DailyDesk/node_modul
es/[4m.pnpm[24m/dri
zzle-orm@0.44.7_@elec
tri_5c2928a099a752b7e
299aaadb8975aea/node_
modules/[4msrc[24m/
sqlite-core/query-bui
lders/select.ts:962:1
5)
      at SQLiteSelect
Base.then (file:///D:
/UIT_COURSES/SE100/Da
ilyDesk/node_modules/
[4m.pnpm[24m/drizzl
e-orm@0.44.7_@electri
_5c2928a099a752b7e299
aaadb8975aea/node_mod
ules/[4msrc[24m/que
ry-promise.ts:31:15) 
{
    code: [32m'SQLIT
E_ERROR'[39m,
    rawCode: 
[33m1[39m,
    [cause]: 
SqliteError: no such 
column: is_template
        at 
convertError (D:\UIT_
COURSES\SE100\DailyDe
sk\node_modules\[4m.
pnpm[24m\libsql@0.5.
22\node_modules\[4ml
ibsql[24m\index.js:5
9:12)
        at 
Database.prepare (D:\
UIT_COURSES\SE100\Dai
lyDesk\node_modules\
[4m.pnpm[24m\libsql@
0.5.22\node_modules\
[4mlibsql[24m\index.
js:131:13)
        at 
executeStmt (file:///
D:/UIT_COURSES/SE100/
DailyDesk/node_module
s/[4m.pnpm[24m/@lib
sql+client@0.15.15/no
de_modules/[4m@libsq
l[24m/client/lib-esm
/sqlite3.js:268:28)
        at Sqlite3Cli
ent.execute (file:///
D:/UIT_COURSES/SE100/
DailyDesk/node_module
s/[4m.pnpm[24m/@lib
sql+client@0.15.15/no
de_modules/[4m@libsq
l[24m/client/lib-esm
/sqlite3.js:81:16)
        at file:///D:
/UIT_COURSES/SE100/Da
ilyDesk/node_modules/
[4m.pnpm[24m/drizzl
e-orm@0.44.7_@electri
_5c2928a099a752b7e299
aaadb8975aea/node_mod
ules/[4msrc[24m/lib
sql/session.ts:288:58
        at LibSQLPrep
aredQuery.queryWithCa
che (file:///D:/UIT_C
OURSES/SE100/DailyDes
k/node_modules/[4m.p
npm[24m/drizzle-orm@
0.44.7_@electri_5c292
8a099a752b7e299aaadb8
975aea/node_modules/
[4msrc[24m/sqlite-co
re/session.ts:78:18)
        at LibSQLPrep
aredQuery.values (fil
e:///D:/UIT_COURSES/S
E100/DailyDesk/node_m
odules/[4m.pnpm[24m
/drizzle-orm@0.44.7_@
electri_5c2928a099a75
2b7e299aaadb8975aea/n
ode_modules/[4msrc[
24m/libsql/session.ts
:286:21)
        at LibSQLPrep
aredQuery.all (file:/
//D:/UIT_COURSES/SE10
0/DailyDesk/node_modu
les/[4m.pnpm[24m/dr
izzle-orm@0.44.7_@ele
ctri_5c2928a099a752b7
e299aaadb8975aea/node
_modules/[4msrc[24m
/libsql/session.ts:21
4:27)
        at 
SQLiteSelectBase.all 
(file:///D:/UIT_COURS
ES/SE100/DailyDesk/no
de_modules/[4m.pnpm
[24m/drizzle-orm@0.44
.7_@electri_5c2928a09
9a752b7e299aaadb8975a
ea/node_modules/[4ms
rc[24m/sqlite-core/q
uery-builders/select.
ts:950:26)
        at SQLiteSele
ctBase.execute (file:
///D:/UIT_COURSES/SE1
00/DailyDesk/node_mod
ules/[4m.pnpm[24m/d
rizzle-orm@0.44.7_@el
ectri_5c2928a099a752b
7e299aaadb8975aea/nod
e_modules/[4msrc[24
m/sqlite-core/query-b
uilders/select.ts:962
:15) {
      code: [32m'SQL
ITE_ERROR'[39m,
      rawCode: 
[33m1[39m
    }
  }
}
DrizzleQueryError: 
Failed query: select 
"id", "name", 
"description", 
"order", 
"cover_url", 
"cover_public_id", 
"cover_color", 
"cover_mode", 
"list_id", 
"start_date", 
"deadline", 
"due_at", 
"due_complete", 
"reminder_minutes", 
"recurrence", 
"recurrence_day", "re
currence_weekday", 
"repeat_frequency", 
"repeat_interval", 
"latitude", 
"longitude", 
"completed", 
"is_template", 
"created_at", 
"updated_at" from 
"cards" where 
"cards"."list_id" = ?
params: 019bd127-d96f
-7512-bd23-6615e8ebdc
c2
    at LibSQLPrepared
Query.queryWithCache 
(file:///D:/UIT_COURS
ES/SE100/DailyDesk/no
de_modules/[4m.pnpm
[24m/drizzle-orm@0.44
.7_@electri_5c2928a09
9a752b7e299aaadb8975a
ea/node_modules/[4ms
rc[24m/sqlite-core/s
ession.ts:80:11)
[90m    at processTi
cksAndRejections (nod
e:internal/process/ta
sk_queues:105:5)[39m
    at LibSQLPrepared
Query.values (file://
/D:/UIT_COURSES/SE100
/DailyDesk/node_modul
es/[4m.pnpm[24m/dri
zzle-orm@0.44.7_@elec
tri_5c2928a099a752b7e
299aaadb8975aea/node_
modules/[4msrc[24m/
libsql/session.ts:286
:10)
    at LibSQLPrepared
Query.all (file:///D:
/UIT_COURSES/SE100/Da
ilyDesk/node_modules/
[4m.pnpm[24m/drizzl
e-orm@0.44.7_@electri
_5c2928a099a752b7e299
aaadb8975aea/node_mod
ules/[4msrc[24m/lib
sql/session.ts:214:16
)
    at 
Module.createCard [9
0m(D:\UIT_COURSES\SE1
00\DailyDesk\backend\
[39msrc\services\car
ds.service.ts:319:23
[90m)[39m
    at [90mD:\UIT_CO
URSES\SE100\DailyDesk
\backend\[39msrc\rou
tes\cards.ts:152:22
    at dispatch (file
:///D:/UIT_COURSES/SE
100/DailyDesk/node_mo
dules/[4m.pnpm[24m/
hono@4.11.3/node_modu
les/[4mhono[24m/dis
t/compose.js:22:17)
    at file:///D:/UIT
_COURSES/SE100/DailyD
esk/node_modules/[4m
.pnpm[24m/hono@4.11.
3/node_modules/[4mho
no[24m/dist/validato
r/validator.js:81:12
    at mw (file:///D:
/UIT_COURSES/SE100/Da
ilyDesk/node_modules/
[4m.pnpm[24m/@hono+
zod-openapi@1.2.0_hon
o@4.11.3_zod@4.3.5/no
de_modules/[4m@hono
[24m/zod-openapi/src/
index.ts:546:26)
    at dispatch (file
:///D:/UIT_COURSES/SE
100/DailyDesk/node_mo
dules/[4m.pnpm[24m/
hono@4.11.3/node_modu
les/[4mhono[24m/dis
t/compose.js:22:17) {
  query: 
[32m'select "id", 
"name", 
"description", 
"order", 
"cover_url", 
"cover_public_id", 
"cover_color", 
"cover_mode", 
"list_id", 
"start_date", 
"deadline", 
"due_at", 
"due_complete", 
"reminder_minutes", 
"recurrence", 
"recurrence_day", "re
currence_weekday", 
"repeat_frequency", 
"repeat_interval", 
"latitude", 
"longitude", 
"completed", 
"is_template", 
"created_at", 
"updated_at" from 
"cards" where 
"cards"."list_id" = 
?'[39m,
  params: [ [32m'019
bd127-d96f-7512-bd23-
6615e8ebdcc2'[39m ],
  cause: 
LibsqlError: 
SQLITE_ERROR: no 
such column: 
is_template
      at 
mapSqliteError (file:
///D:/UIT_COURSES/SE1
00/DailyDesk/node_mod
ules/[4m.pnpm[24m/@
libsql+client@0.15.15
/node_modules/[4m@li
bsql[24m/client/lib-
esm/sqlite3.js:392:16
)
      at executeStmt 
(file:///D:/UIT_COURS
ES/SE100/DailyDesk/no
de_modules/[4m.pnpm
[24m/@libsql+client@0
.15.15/node_modules/
[4m@libsql[24m/clien
t/lib-esm/sqlite3.js:
297:15)
      at Sqlite3Clien
t.execute (file:///D:
/UIT_COURSES/SE100/Da
ilyDesk/node_modules/
[4m.pnpm[24m/@libsq
l+client@0.15.15/node
_modules/[4m@libsql
[24m/client/lib-esm/s
qlite3.js:81:16)
  [90m    ... 5 
lines matching cause 
stack trace ...[39m
      at SQLiteSelect
Base.execute (file://
/D:/UIT_COURSES/SE100
/DailyDesk/node_modul
es/[4m.pnpm[24m/dri
zzle-orm@0.44.7_@elec
tri_5c2928a099a752b7e
299aaadb8975aea/node_
modules/[4msrc[24m/
sqlite-core/query-bui
lders/select.ts:962:1
5)
      at SQLiteSelect
Base.then (file:///D:
/UIT_COURSES/SE100/Da
ilyDesk/node_modules/
[4m.pnpm[24m/drizzl
e-orm@0.44.7_@electri
_5c2928a099a752b7e299
aaadb8975aea/node_mod
ules/[4msrc[24m/que
ry-promise.ts:31:15) 
{
    code: [32m'SQLIT
E_ERROR'[39m,
    rawCode: 
[33m1[39m,
    [cause]: 
SqliteError: no such 
column: is_template
        at 
convertError (D:\UIT_
COURSES\SE100\DailyDe
sk\node_modules\[4m.
pnpm[24m\libsql@0.5.
22\node_modules\[4ml
ibsql[24m\index.js:5
9:12)
        at 
Database.prepare (D:\
UIT_COURSES\SE100\Dai
lyDesk\node_modules\
[4m.pnpm[24m\libsql@
0.5.22\node_modules\
[4mlibsql[24m\index.
js:131:13)
        at 
executeStmt (file:///
D:/UIT_COURSES/SE100/
DailyDesk/node_module
s/[4m.pnpm[24m/@lib
sql+client@0.15.15/no
de_modules/[4m@libsq
l[24m/client/lib-esm
/sqlite3.js:268:28)
        at Sqlite3Cli
ent.execute (file:///
D:/UIT_COURSES/SE100/
DailyDesk/node_module
s/[4m.pnpm[24m/@lib
sql+client@0.15.15/no
de_modules/[4m@libsq
l[24m/client/lib-esm
/sqlite3.js:81:16)
        at file:///D:
/UIT_COURSES/SE100/Da
ilyDesk/node_modules/
[4m.pnpm[24m/drizzl
e-orm@0.44.7_@electri
_5c2928a099a752b7e299
aaadb8975aea/node_mod
ules/[4msrc[24m/lib
sql/session.ts:288:58
        at LibSQLPrep
aredQuery.queryWithCa
che (file:///D:/UIT_C
OURSES/SE100/DailyDes
k/node_modules/[4m.p
npm[24m/drizzle-orm@
0.44.7_@electri_5c292
8a099a752b7e299aaadb8
975aea/node_modules/
[4msrc[24m/sqlite-co
re/session.ts:78:18)
        at LibSQLPrep
aredQuery.values (fil
e:///D:/UIT_COURSES/S
E100/DailyDesk/node_m
odules/[4m.pnpm[24m
/drizzle-orm@0.44.7_@
electri_5c2928a099a75
2b7e299aaadb8975aea/n
ode_modules/[4msrc[
24m/libsql/session.ts
:286:21)
        at LibSQLPrep
aredQuery.all (file:/
//D:/UIT_COURSES/SE10
0/DailyDesk/node_modu
les/[4m.pnpm[24m/dr
izzle-orm@0.44.7_@ele
ctri_5c2928a099a752b7
e299aaadb8975aea/node
_modules/[4msrc[24m
/libsql/session.ts:21
4:27)
        at 
SQLiteSelectBase.all 
(file:///D:/UIT_COURS
ES/SE100/DailyDesk/no
de_modules/[4m.pnpm
[24m/drizzle-orm@0.44
.7_@electri_5c2928a09
9a752b7e299aaadb8975a
ea/node_modules/[4ms
rc[24m/sqlite-core/q
uery-builders/select.
ts:950:26)
        at SQLiteSele
ctBase.execute (file:
///D:/UIT_COURSES/SE1
00/DailyDesk/node_mod
ules/[4m.pnpm[24m/d
rizzle-orm@0.44.7_@el
ectri_5c2928a099a752b
7e299aaadb8975aea/nod
e_modules/[4msrc[24
m/sqlite-core/query-b
uilders/select.ts:962
:15) {
      code: [32m'SQL
ITE_ERROR'[39m,
      rawCode: 
[33m1[39m
    }
  }
}
Error in updateCard 
route: 
DrizzleQueryError: 
Failed query: select 
"id", "name", 
"description", 
"order", 
"cover_url", 
"cover_public_id", 
"cover_color", 
"cover_mode", 
"list_id", 
"start_date", 
"deadline", 
"due_at", 
"due_complete", 
"reminder_minutes", 
"recurrence", 
"recurrence_day", "re
currence_weekday", 
"repeat_frequency", 
"repeat_interval", 
"latitude", 
"longitude", 
"completed", 
"is_template", 
"created_at", 
"updated_at" from 
"cards" where 
"cards"."id" = ? 
limit ?
params: 019bd127-d977
-702e-9ffc-5801a43545
e4,1
    at LibSQLPrepared
Query.queryWithCache 
(file:///D:/UIT_COURS
ES/SE100/DailyDesk/no
de_modules/[4m.pnpm
[24m/drizzle-orm@0.44
.7_@electri_5c2928a09
9a752b7e299aaadb8975a
ea/node_modules/[4ms
rc[24m/sqlite-core/s
ession.ts:80:11)
[90m    at processTi
cksAndRejections (nod
e:internal/process/ta
sk_queues:105:5)[39m
    at LibSQLPrepared
Query.values (file://
/D:/UIT_COURSES/SE100
/DailyDesk/node_modul
es/[4m.pnpm[24m/dri
zzle-orm@0.44.7_@elec
tri_5c2928a099a752b7e
299aaadb8975aea/node_
modules/[4msrc[24m/
libsql/session.ts:286
:10)
    at LibSQLPrepared
Query.all (file:///D:
/UIT_COURSES/SE100/Da
ilyDesk/node_modules/
[4m.pnpm[24m/drizzl
e-orm@0.44.7_@electri
_5c2928a099a752b7e299
aaadb8975aea/node_mod
ules/[4msrc[24m/lib
sql/session.ts:214:16
)
    at 
Module.updateCard [9
0m(D:\UIT_COURSES\SE1
00\DailyDesk\backend\
[39msrc\services\car
ds.service.ts:566:24
[90m)[39m
    at [90mD:\UIT_CO
URSES\SE100\DailyDesk
\backend\[39msrc\rou
tes\cards.ts:244:25
    at dispatch (file
:///D:/UIT_COURSES/SE
100/DailyDesk/node_mo
dules/[4m.pnpm[24m/
hono@4.11.3/node_modu
les/[4mhono[24m/dis
t/compose.js:22:17)
    at file:///D:/UIT
_COURSES/SE100/DailyD
esk/node_modules/[4m
.pnpm[24m/hono@4.11.
3/node_modules/[4mho
no[24m/dist/validato
r/validator.js:81:12
    at mw (file:///D:
/UIT_COURSES/SE100/Da
ilyDesk/node_modules/
[4m.pnpm[24m/@hono+
zod-openapi@1.2.0_hon
o@4.11.3_zod@4.3.5/no
de_modules/[4m@hono
[24m/zod-openapi/src/
index.ts:546:26)
    at dispatch (file
:///D:/UIT_COURSES/SE
100/DailyDesk/node_mo
dules/[4m.pnpm[24m/
hono@4.11.3/node_modu
les/[4mhono[24m/dis
t/compose.js:22:17) {
  query: 
[32m'select "id", 
"name", 
"description", 
"order", 
"cover_url", 
"cover_public_id", 
"cover_color", 
"cover_mode", 
"list_id", 
"start_date", 
"deadline", 
"due_at", 
"due_complete", 
"reminder_minutes", 
"recurrence", 
"recurrence_day", "re
currence_weekday", 
"repeat_frequency", 
"repeat_interval", 
"latitude", 
"longitude", 
"completed", 
"is_template", 
"created_at", 
"updated_at" from 
"cards" where 
"cards"."id" = ? 
limit ?'[39m,
  params: [ [32m'019
bd127-d977-702e-9ffc-
5801a43545e4'[39m, 
[33m1[39m ],
  cause: 
LibsqlError: 
SQLITE_ERROR: no 
such column: 
is_template
      at 
mapSqliteError (file:
///D:/UIT_COURSES/SE1
00/DailyDesk/node_mod
ules/[4m.pnpm[24m/@
libsql+client@0.15.15
/node_modules/[4m@li
bsql[24m/client/lib-
esm/sqlite3.js:392:16
)
      at executeStmt 
(file:///D:/UIT_COURS
ES/SE100/DailyDesk/no
de_modules/[4m.pnpm
[24m/@libsql+client@0
.15.15/node_modules/
[4m@libsql[24m/clien
t/lib-esm/sqlite3.js:
297:15)
      at Sqlite3Clien
t.execute (file:///D:
/UIT_COURSES/SE100/Da
ilyDesk/node_modules/
[4m.pnpm[24m/@libsq
l+client@0.15.15/node
_modules/[4m@libsql
[24m/client/lib-esm/s
qlite3.js:81:16)
  [90m    ... 5 
lines matching cause 
stack trace ...[39m
      at SQLiteSelect
Base.execute (file://
/D:/UIT_COURSES/SE100
/DailyDesk/node_modul
es/[4m.pnpm[24m/dri
zzle-orm@0.44.7_@elec
tri_5c2928a099a752b7e
299aaadb8975aea/node_
modules/[4msrc[24m/
sqlite-core/query-bui
lders/select.ts:962:1
5)
      at SQLiteSelect
Base.then (file:///D:
/UIT_COURSES/SE100/Da
ilyDesk/node_modules/
[4m.pnpm[24m/drizzl
e-orm@0.44.7_@electri
_5c2928a099a752b7e299
aaadb8975aea/node_mod
ules/[4msrc[24m/que
ry-promise.ts:31:15) 
{
    code: [32m'SQLIT
E_ERROR'[39m,
    rawCode: 
[33m1[39m,
    [cause]: 
SqliteError: no such 
column: is_template
        at 
convertError (D:\UIT_
COURSES\SE100\DailyDe
sk\node_modules\[4m.
pnpm[24m\libsql@0.5.
22\node_modules\[4ml
ibsql[24m\index.js:5
9:12)
        at 
Database.prepare (D:\
UIT_COURSES\SE100\Dai
lyDesk\node_modules\
[4m.pnpm[24m\libsql@
0.5.22\node_modules\
[4mlibsql[24m\index.
js:131:13)
        at 
executeStmt (file:///
D:/UIT_COURSES/SE100/
DailyDesk/node_module
s/[4m.pnpm[24m/@lib
sql+client@0.15.15/no
de_modules/[4m@libsq
l[24m/client/lib-esm
/sqlite3.js:268:28)
        at Sqlite3Cli
ent.execute (file:///
D:/UIT_COURSES/SE100/
DailyDesk/node_module
s/[4m.pnpm[24m/@lib
sql+client@0.15.15/no
de_modules/[4m@libsq
l[24m/client/lib-esm
/sqlite3.js:81:16)
        at file:///D:
/UIT_COURSES/SE100/Da
ilyDesk/node_modules/
[4m.pnpm[24m/drizzl
e-orm@0.44.7_@electri
_5c2928a099a752b7e299
aaadb8975aea/node_mod
ules/[4msrc[24m/lib
sql/session.ts:288:58
        at LibSQLPrep
aredQuery.queryWithCa
che (file:///D:/UIT_C
OURSES/SE100/DailyDes
k/node_modules/[4m.p
npm[24m/drizzle-orm@
0.44.7_@electri_5c292
8a099a752b7e299aaadb8
975aea/node_modules/
[4msrc[24m/sqlite-co
re/session.ts:78:18)
        at LibSQLPrep
aredQuery.values (fil
e:///D:/UIT_COURSES/S
E100/DailyDesk/node_m
odules/[4m.pnpm[24m
/drizzle-orm@0.44.7_@
electri_5c2928a099a75
2b7e299aaadb8975aea/n
ode_modules/[4msrc[
24m/libsql/session.ts
:286:21)
        at LibSQLPrep
aredQuery.all (file:/
//D:/UIT_COURSES/SE10
0/DailyDesk/node_modu
les/[4m.pnpm[24m/dr
izzle-orm@0.44.7_@ele
ctri_5c2928a099a752b7
e299aaadb8975aea/node
_modules/[4msrc[24m
/libsql/session.ts:21
4:27)
        at 
SQLiteSelectBase.all 
(file:///D:/UIT_COURS
ES/SE100/DailyDesk/no
de_modules/[4m.pnpm
[24m/drizzle-orm@0.44
.7_@electri_5c2928a09
9a752b7e299aaadb8975a
ea/node_modules/[4ms
rc[24m/sqlite-core/q
uery-builders/select.
ts:950:26)
        at SQLiteSele
ctBase.execute (file:
///D:/UIT_COURSES/SE1
00/DailyDesk/node_mod
ules/[4m.pnpm[24m/d
rizzle-orm@0.44.7_@el
ectri_5c2928a099a752b
7e299aaadb8975aea/nod
e_modules/[4msrc[24
m/sqlite-core/query-b
uilders/select.ts:962
:15) {
      code: [32m'SQL
ITE_ERROR'[39m,
      rawCode: 
[33m1[39m
    }
  }
}
DrizzleQueryError: 
Failed query: select 
"id", "name", 
"description", 
"order", 
"cover_url", 
"cover_public_id", 
"cover_color", 
"cover_mode", 
"list_id", 
"start_date", 
"deadline", 
"due_at", 
"due_complete", 
"reminder_minutes", 
"recurrence", 
"recurrence_day", "re
currence_weekday", 
"repeat_frequency", 
"repeat_interval", 
"latitude", 
"longitude", 
"completed", 
"is_template", 
"created_at", 
"updated_at" from 
"cards" where 
"cards"."id" = ? 
limit ?
params: 019bd127-d977
-702e-9ffc-5801a43545
e4,1
    at LibSQLPrepared
Query.queryWithCache 
(file:///D:/UIT_COURS
ES/SE100/DailyDesk/no
de_modules/[4m.pnpm
[24m/drizzle-orm@0.44
.7_@electri_5c2928a09
9a752b7e299aaadb8975a
ea/node_modules/[4ms
rc[24m/sqlite-core/s
ession.ts:80:11)
[90m    at processTi
cksAndRejections (nod
e:internal/process/ta
sk_queues:105:5)[39m
    at LibSQLPrepared
Query.values (file://
/D:/UIT_COURSES/SE100
/DailyDesk/node_modul
es/[4m.pnpm[24m/dri
zzle-orm@0.44.7_@elec
tri_5c2928a099a752b7e
299aaadb8975aea/node_
modules/[4msrc[24m/
libsql/session.ts:286
:10)
    at LibSQLPrepared
Query.all (file:///D:
/UIT_COURSES/SE100/Da
ilyDesk/node_modules/
[4m.pnpm[24m/drizzl
e-orm@0.44.7_@electri
_5c2928a099a752b7e299
aaadb8975aea/node_mod
ules/[4msrc[24m/lib
sql/session.ts:214:16
)
    at 
Module.updateCard [9
0m(D:\UIT_COURSES\SE1
00\DailyDesk\backend\
[39msrc\services\car
ds.service.ts:566:24
[90m)[39m
    at [90mD:\UIT_CO
URSES\SE100\DailyDesk
\backend\[39msrc\rou
tes\cards.ts:244:25
    at dispatch (file
:///D:/UIT_COURSES/SE
100/DailyDesk/node_mo
dules/[4m.pnpm[24m/
hono@4.11.3/node_modu
les/[4mhono[24m/dis
t/compose.js:22:17)
    at file:///D:/UIT
_COURSES/SE100/DailyD
esk/node_modules/[4m
.pnpm[24m/hono@4.11.
3/node_modules/[4mho
no[24m/dist/validato
r/validator.js:81:12
    at mw (file:///D:
/UIT_COURSES/SE100/Da
ilyDesk/node_modules/
[4m.pnpm[24m/@hono+
zod-openapi@1.2.0_hon
o@4.11.3_zod@4.3.5/no
de_modules/[4m@hono
[24m/zod-openapi/src/
index.ts:546:26)
    at dispatch (file
:///D:/UIT_COURSES/SE
100/DailyDesk/node_mo
dules/[4m.pnpm[24m/
hono@4.11.3/node_modu
les/[4mhono[24m/dis
t/compose.js:22:17) {
  query: 
[32m'select "id", 
"name", 
"description", 
"order", 
"cover_url", 
"cover_public_id", 
"cover_color", 
"cover_mode", 
"list_id", 
"start_date", 
"deadline", 
"due_at", 
"due_complete", 
"reminder_minutes", 
"recurrence", 
"recurrence_day", "re
currence_weekday", 
"repeat_frequency", 
"repeat_interval", 
"latitude", 
"longitude", 
"completed", 
"is_template", 
"created_at", 
"updated_at" from 
"cards" where 
"cards"."id" = ? 
limit ?'[39m,
  params: [ [32m'019
bd127-d977-702e-9ffc-
5801a43545e4'[39m, 
[33m1[39m ],
  cause: 
LibsqlError: 
SQLITE_ERROR: no 
such column: 
is_template
      at 
mapSqliteError (file:
///D:/UIT_COURSES/SE1
00/DailyDesk/node_mod
ules/[4m.pnpm[24m/@
libsql+client@0.15.15
/node_modules/[4m@li
bsql[24m/client/lib-
esm/sqlite3.js:392:16
)
      at executeStmt 
(file:///D:/UIT_COURS
ES/SE100/DailyDesk/no
de_modules/[4m.pnpm
[24m/@libsql+client@0
.15.15/node_modules/
[4m@libsql[24m/clien
t/lib-esm/sqlite3.js:
297:15)
      at Sqlite3Clien
t.execute (file:///D:
/UIT_COURSES/SE100/Da
ilyDesk/node_modules/
[4m.pnpm[24m/@libsq
l+client@0.15.15/node
_modules/[4m@libsql
[24m/client/lib-esm/s
qlite3.js:81:16)
  [90m    ... 5 
lines matching cause 
stack trace ...[39m
      at SQLiteSelect
Base.execute (file://
/D:/UIT_COURSES/SE100
/DailyDesk/node_modul
es/[4m.pnpm[24m/dri
zzle-orm@0.44.7_@elec
tri_5c2928a099a752b7e
299aaadb8975aea/node_
modules/[4msrc[24m/
sqlite-core/query-bui
lders/select.ts:962:1
5)
      at SQLiteSelect
Base.then (file:///D:
/UIT_COURSES/SE100/Da
ilyDesk/node_modules/
[4m.pnpm[24m/drizzl
e-orm@0.44.7_@electri
_5c2928a099a752b7e299
aaadb8975aea/node_mod
ules/[4msrc[24m/que
ry-promise.ts:31:15) 
{
    code: [32m'SQLIT
E_ERROR'[39m,
    rawCode: 
[33m1[39m,
    [cause]: 
SqliteError: no such 
column: is_template
        at 
convertError (D:\UIT_
COURSES\SE100\DailyDe
sk\node_modules\[4m.
pnpm[24m\libsql@0.5.
22\node_modules\[4ml
ibsql[24m\index.js:5
9:12)
        at 
Database.prepare (D:\
UIT_COURSES\SE100\Dai
lyDesk\node_modules\
[4m.pnpm[24m\libsql@
0.5.22\node_modules\
[4mlibsql[24m\index.
js:131:13)
        at 
executeStmt (file:///
D:/UIT_COURSES/SE100/
DailyDesk/node_module
s/[4m.pnpm[24m/@lib
sql+client@0.15.15/no
de_modules/[4m@libsq
l[24m/client/lib-esm
/sqlite3.js:268:28)
        at Sqlite3Cli
ent.execute (file:///
D:/UIT_COURSES/SE100/
DailyDesk/node_module
s/[4m.pnpm[24m/@lib
sql+client@0.15.15/no
de_modules/[4m@libsq
l[24m/client/lib-esm
/sqlite3.js:81:16)
        at file:///D:
/UIT_COURSES/SE100/Da
ilyDesk/node_modules/
[4m.pnpm[24m/drizzl
e-orm@0.44.7_@electri
_5c2928a099a752b7e299
aaadb8975aea/node_mod
ules/[4msrc[24m/lib
sql/session.ts:288:58
        at LibSQLPrep
aredQuery.queryWithCa
che (file:///D:/UIT_C
OURSES/SE100/DailyDes
k/node_modules/[4m.p
npm[24m/drizzle-orm@
0.44.7_@electri_5c292
8a099a752b7e299aaadb8
975aea/node_modules/
[4msrc[24m/sqlite-co
re/session.ts:78:18)
        at LibSQLPrep
aredQuery.values (fil
e:///D:/UIT_COURSES/S
E100/DailyDesk/node_m
odules/[4m.pnpm[24m
/drizzle-orm@0.44.7_@
electri_5c2928a099a75
2b7e299aaadb8975aea/n
ode_modules/[4msrc[
24m/libsql/session.ts
:286:21)
        at LibSQLPrep
aredQuery.all (file:/
//D:/UIT_COURSES/SE10
0/DailyDesk/node_modu
les/[4m.pnpm[24m/dr
izzle-orm@0.44.7_@ele
ctri_5c2928a099a752b7
e299aaadb8975aea/node
_modules/[4msrc[24m
/libsql/session.ts:21
4:27)
        at 
SQLiteSelectBase.all 
(file:///D:/UIT_COURS
ES/SE100/DailyDesk/no
de_modules/[4m.pnpm
[24m/drizzle-orm@0.44
.7_@electri_5c2928a09
9a752b7e299aaadb8975a
ea/node_modules/[4ms
rc[24m/sqlite-core/q
uery-builders/select.
ts:950:26)
        at SQLiteSele
ctBase.execute (file:
///D:/UIT_COURSES/SE1
00/DailyDesk/node_mod
ules/[4m.pnpm[24m/d
rizzle-orm@0.44.7_@el
ectri_5c2928a099a752b
7e299aaadb8975aea/nod
e_modules/[4msrc[24
m/sqlite-core/query-b
uilders/select.ts:962
:15) {
      code: [32m'SQL
ITE_ERROR'[39m,
      rawCode: 
[33m1[39m
    }
  }
}
Error in boards GET 
by ID route: 
DrizzleQueryError: 
Failed query: select 
"id", "name", 
"user_id", 
"background_url", "ba
ckground_public_id", 
"background_color", 
(select coalesce(json
_group_array(json_arr
ay("id", "name", 
"order", "board_id", 
(select coalesce(json
_group_array(json_arr
ay("id", "name", 
"description", 
"order", 
"cover_url", 
"cover_public_id", 
"cover_color", 
"cover_mode", 
"list_id", 
"start_date", 
"deadline", 
"due_at", 
"due_complete", 
"reminder_minutes", 
"recurrence", 
"recurrence_day", "re
currence_weekday", 
"repeat_frequency", 
"repeat_interval", 
"latitude", 
"longitude", 
"completed", 
"is_template", 
"created_at", 
"updated_at")), 
json_array()) as 
"data" from (select 
* from "cards" "board
sTable_lists_cards" 
where "boardsTable_li
sts_cards"."list_id" 
= "boardsTable_lists"
."id" order by "board
sTable_lists_cards"."
order" asc) "boardsTa
ble_lists_cards"))), 
json_array()) as 
"data" from (select 
* from "lists" 
"boardsTable_lists" 
where "boardsTable_li
sts"."board_id" = 
"boardsTable"."id" 
order by "boardsTable
_lists"."order" asc) 
"boardsTable_lists") 
as "lists" from 
"boards" 
"boardsTable" where 
"boardsTable"."id" = 
? limit ?
params: 019bd127-d967
-7e5f-ae87-acfa8ab5e4
ac,1
    at LibSQLPrepared
Query.queryWithCache 
(file:///D:/UIT_COURS
ES/SE100/DailyDesk/no
de_modules/[4m.pnpm
[24m/drizzle-orm@0.44
.7_@electri_5c2928a09
9a752b7e299aaadb8975a
ea/node_modules/[4ms
rc[24m/sqlite-core/s
ession.ts:80:11)
[90m    at processTi
cksAndRejections (nod
e:internal/process/ta
sk_queues:105:5)[39m
    at LibSQLPrepared
Query.values (file://
/D:/UIT_COURSES/SE100
/DailyDesk/node_modul
es/[4m.pnpm[24m/dri
zzle-orm@0.44.7_@elec
tri_5c2928a099a752b7e
299aaadb8975aea/node_
modules/[4msrc[24m/
libsql/session.ts:286
:10)
    at LibSQLPrepared
Query.get (file:///D:
/UIT_COURSES/SE100/Da
ilyDesk/node_modules/
[4m.pnpm[24m/drizzl
e-orm@0.44.7_@electri
_5c2928a099a752b7e299
aaadb8975aea/node_mod
ules/[4msrc[24m/lib
sql/session.ts:252:16
)
    at 
Module.getBoardById 
[90m(D:\UIT_COURSES\S
E100\DailyDesk\backen
d\[39msrc\services\b
oards.service.ts:230:
17[90m)[39m
    at [90mD:\UIT_CO
URSES\SE100\DailyDesk
\backend\[39msrc\rou
tes\boards.ts:138:23
    at dispatch (file
:///D:/UIT_COURSES/SE
100/DailyDesk/node_mo
dules/[4m.pnpm[24m/
hono@4.11.3/node_modu
les/[4mhono[24m/dis
t/compose.js:22:17)
    at file:///D:/UIT
_COURSES/SE100/DailyD
esk/node_modules/[4m
.pnpm[24m/hono@4.11.
3/node_modules/[4mho
no[24m/dist/validato
r/validator.js:81:12
    at dispatch (file
:///D:/UIT_COURSES/SE
100/DailyDesk/node_mo
dules/[4m.pnpm[24m/
hono@4.11.3/node_modu
les/[4mhono[24m/dis
t/compose.js:22:17)
    at [90mD:\UIT_CO
URSES\SE100\DailyDesk
\backend\[39mtests\h
elpers\auth.ts:27:5 {
  query: 
[32m'select "id", 
"name", "user_id", 
"background_url", "ba
ckground_public_id", 
"background_color", 
(select coalesce(json
_group_array(json_arr
ay("id", "name", 
"order", "board_id", 
(select coalesce(json
_group_array(json_arr
ay("id", "name", 
"description", 
"order", 
"cover_url", 
"cover_public_id", 
"cover_color", 
"cover_mode", 
"list_id", 
"start_date", 
"deadline", 
"due_at", 
"due_complete", 
"reminder_minutes", 
"recurrence", 
"recurrence_day", "re
currence_weekday", 
"repeat_frequency", 
"repeat_interval", 
"latitude", 
"longitude", 
"completed", 
"is_template", 
"created_at", 
"updated_at")), 
json_array()) as 
"data" from (select 
* from "cards" "board
sTable_lists_cards" 
where "boardsTable_li
sts_cards"."list_id" 
= "boardsTable_lists"
."id" order by "board
sTable_lists_cards"."
order" asc) "boardsTa
ble_lists_cards"))), 
json_array()) as 
"data" from (select 
* from "lists" 
"boardsTable_lists" 
where "boardsTable_li
sts"."board_id" = 
"boardsTable"."id" 
order by "boardsTable
_lists"."order" asc) 
"boardsTable_lists") 
as "lists" from 
"boards" 
"boardsTable" where 
"boardsTable"."id" = 
? limit ?'[39m,
  params: [ [32m'019
bd127-d967-7e5f-ae87-
acfa8ab5e4ac'[39m, 
[33m1[39m ],
  cause: 
LibsqlError: 
SQLITE_ERROR: no 
such column: 
is_template
      at 
mapSqliteError (file:
///D:/UIT_COURSES/SE1
00/DailyDesk/node_mod
ules/[4m.pnpm[24m/@
libsql+client@0.15.15
/node_modules/[4m@li
bsql[24m/client/lib-
esm/sqlite3.js:392:16
)
      at executeStmt 
(file:///D:/UIT_COURS
ES/SE100/DailyDesk/no
de_modules/[4m.pnpm
[24m/@libsql+client@0
.15.15/node_modules/
[4m@libsql[24m/clien
t/lib-esm/sqlite3.js:
297:15)
      at Sqlite3Clien
t.execute (file:///D:
/UIT_COURSES/SE100/Da
ilyDesk/node_modules/
[4m.pnpm[24m/@libsq
l+client@0.15.15/node
_modules/[4m@libsql
[24m/client/lib-esm/s
qlite3.js:81:16)
  [90m    ... 5 
lines matching cause 
stack trace ...[39m
      at 
QueryPromise.execute 
(file:///D:/UIT_COURS
ES/SE100/DailyDesk/no
de_modules/[4m.pnpm
[24m/drizzle-orm@0.44
.7_@electri_5c2928a09
9a752b7e299aaadb8975a
ea/node_modules/[4ms
rc[24m/sqlite-core/q
uery-builders/query.t
s:197:15)
      at 
QueryPromise.then (fi
le:///D:/UIT_COURSES/
SE100/DailyDesk/node_
modules/[4m.pnpm[24
m/drizzle-orm@0.44.7_
@electri_5c2928a099a7
52b7e299aaadb8975aea/
node_modules/[4msrc
[24m/query-promise.ts
:31:15) {
    code: [32m'SQLIT
E_ERROR'[39m,
    rawCode: 
[33m1[39m,
    [cause]: 
SqliteError: no such 
column: is_template
        at 
convertError (D:\UIT_
COURSES\SE100\DailyDe
sk\node_modules\[4m.
pnpm[24m\libsql@0.5.
22\node_modules\[4ml
ibsql[24m\index.js:5
9:12)
        at 
Database.prepare (D:\
UIT_COURSES\SE100\Dai
lyDesk\node_modules\
[4m.pnpm[24m\libsql@
0.5.22\node_modules\
[4mlibsql[24m\index.
js:131:13)
        at 
executeStmt (file:///
D:/UIT_COURSES/SE100/
DailyDesk/node_module
s/[4m.pnpm[24m/@lib
sql+client@0.15.15/no
de_modules/[4m@libsq
l[24m/client/lib-esm
/sqlite3.js:268:28)
        at Sqlite3Cli
ent.execute (file:///
D:/UIT_COURSES/SE100/
DailyDesk/node_module
s/[4m.pnpm[24m/@lib
sql+client@0.15.15/no
de_modules/[4m@libsq
l[24m/client/lib-esm
/sqlite3.js:81:16)
        at file:///D:
/UIT_COURSES/SE100/Da
ilyDesk/node_modules/
[4m.pnpm[24m/drizzl
e-orm@0.44.7_@electri
_5c2928a099a752b7e299
aaadb8975aea/node_mod
ules/[4msrc[24m/lib
sql/session.ts:288:58
        at LibSQLPrep
aredQuery.queryWithCa
che (file:///D:/UIT_C
OURSES/SE100/DailyDes
k/node_modules/[4m.p
npm[24m/drizzle-orm@
0.44.7_@electri_5c292
8a099a752b7e299aaadb8
975aea/node_modules/
[4msrc[24m/sqlite-co
re/session.ts:78:18)
        at LibSQLPrep
aredQuery.values (fil
e:///D:/UIT_COURSES/S
E100/DailyDesk/node_m
odules/[4m.pnpm[24m
/drizzle-orm@0.44.7_@
electri_5c2928a099a75
2b7e299aaadb8975aea/n
ode_modules/[4msrc[
24m/libsql/session.ts
:286:21)
        at LibSQLPrep
aredQuery.get (file:/
//D:/UIT_COURSES/SE10
0/DailyDesk/node_modu
les/[4m.pnpm[24m/dr
izzle-orm@0.44.7_@ele
ctri_5c2928a099a752b7
e299aaadb8975aea/node
_modules/[4msrc[24m
/libsql/session.ts:25
2:27)
        at QueryPromi
se.executeRaw (file:/
//D:/UIT_COURSES/SE10
0/DailyDesk/node_modu
les/[4m.pnpm[24m/dr
izzle-orm@0.44.7_@ele
ctri_5c2928a099a752b7
e299aaadb8975aea/node
_modules/[4msrc[24m
/sqlite-core/query-bu
ilders/query.ts:191:3
2)
        at 
QueryPromise.execute 
(file:///D:/UIT_COURS
ES/SE100/DailyDesk/no
de_modules/[4m.pnpm
[24m/drizzle-orm@0.44
.7_@electri_5c2928a09
9a752b7e299aaadb8975a
ea/node_modules/[4ms
rc[24m/sqlite-core/q
uery-builders/query.t
s:197:15) {
      code: [32m'SQL
ITE_ERROR'[39m,
      rawCode: 
[33m1[39m
    }
  }
}

[90mstderr[2m | tes
ts/users.test.ts[2m 
> [22m[2mUsers 
Search API 
Integration Tests 
(via Members 
Routes)[2m > 
[22m[2mGET 
/members/search[2m 
> [22m[2mshould 
handle Auth0 API 
unauthorized errors
[22m[39mAuth0 API 
error: Invalid token

[90mstderr[2m | tes
ts/comments.test.ts[
2m > 
[22m[2mComments 
API Integration 
Tests[2m > 
[22m[2mPOST /boards
/:boardId/cards/:card
Id/comments[2m > 
[22m[2mshould 
require 
authentication
[22m[39mDrizzleQuer
yError: Failed 
query: select "id", 
"name", 
"description", 
"order", 
"cover_url", 
"cover_public_id", 
"cover_color", 
"cover_mode", 
"list_id", 
"start_date", 
"deadline", 
"due_at", 
"due_complete", 
"reminder_minutes", 
"recurrence", 
"recurrence_day", "re
currence_weekday", 
"repeat_frequency", 
"repeat_interval", 
"latitude", 
"longitude", 
"completed", 
"is_template", 
"created_at", 
"updated_at" from 
"cards" where 
"cards"."list_id" = ?
params: 019bd127-d90e
-7973-9f88-a22d68feda
a1
    at LibSQLPrepared
Query.queryWithCache 
(file:///D:/UIT_COURS
ES/SE100/DailyDesk/no
de_modules/[4m.pnpm
[24m/drizzle-orm@0.44
.7_@electri_5c2928a09
9a752b7e299aaadb8975a
ea/node_modules/[4ms
rc[24m/sqlite-core/s
ession.ts:80:11)
[90m    at processTi
cksAndRejections (nod
e:internal/process/ta
sk_queues:105:5)[39m
    at LibSQLPrepared
Query.values (file://
/D:/UIT_COURSES/SE100
/DailyDesk/node_modul
es/[4m.pnpm[24m/dri
zzle-orm@0.44.7_@elec
tri_5c2928a099a752b7e
299aaadb8975aea/node_
modules/[4msrc[24m/
libsql/session.ts:286
:10)
    at LibSQLPrepared
Query.all (file:///D:
/UIT_COURSES/SE100/Da
ilyDesk/node_modules/
[4m.pnpm[24m/drizzl
e-orm@0.44.7_@electri
_5c2928a099a752b7e299
aaadb8975aea/node_mod
ules/[4msrc[24m/lib
sql/session.ts:214:16
)
    at 
Module.createCard [9
0m(D:\UIT_COURSES\SE1
00\DailyDesk\backend\
[39msrc\services\car
ds.service.ts:319:23
[90m)[39m
    at [90mD:\UIT_CO
URSES\SE100\DailyDesk
\backend\[39msrc\rou
tes\cards.ts:152:22
    at dispatch (file
:///D:/UIT_COURSES/SE
100/DailyDesk/node_mo
dules/[4m.pnpm[24m/
hono@4.11.3/node_modu
les/[4mhono[24m/dis
t/compose.js:22:17)
    at file:///D:/UIT
_COURSES/SE100/DailyD
esk/node_modules/[4m
.pnpm[24m/hono@4.11.
3/node_modules/[4mho
no[24m/dist/validato
r/validator.js:81:12
    at mw (file:///D:
/UIT_COURSES/SE100/Da
ilyDesk/node_modules/
[4m.pnpm[24m/@hono+
zod-openapi@1.2.0_hon
o@4.11.3_zod@4.3.5/no
de_modules/[4m@hono
[24m/zod-openapi/src/
index.ts:546:26)
    at dispatch (file
:///D:/UIT_COURSES/SE
100/DailyDesk/node_mo
dules/[4m.pnpm[24m/
hono@4.11.3/node_modu
les/[4mhono[24m/dis
t/compose.js:22:17) {
  query: 
[32m'select "id", 
"name", 
"description", 
"order", 
"cover_url", 
"cover_public_id", 
"cover_color", 
"cover_mode", 
"list_id", 
"start_date", 
"deadline", 
"due_at", 
"due_complete", 
"reminder_minutes", 
"recurrence", 
"recurrence_day", "re
currence_weekday", 
"repeat_frequency", 
"repeat_interval", 
"latitude", 
"longitude", 
"completed", 
"is_template", 
"created_at", 
"updated_at" from 
"cards" where 
"cards"."list_id" = 
?'[39m,
  params: [ [32m'019
bd127-d90e-7973-9f88-
a22d68fedaa1'[39m ],
  cause: 
LibsqlError: 
SQLITE_ERROR: no 
such column: 
is_template
      at 
mapSqliteError (file:
///D:/UIT_COURSES/SE1
00/DailyDesk/node_mod
ules/[4m.pnpm[24m/@
libsql+client@0.15.15
/node_modules/[4m@li
bsql[24m/client/lib-
esm/sqlite3.js:392:16
)
      at executeStmt 
(file:///D:/UIT_COURS
ES/SE100/DailyDesk/no
de_modules/[4m.pnpm
[24m/@libsql+client@0
.15.15/node_modules/
[4m@libsql[24m/clien
t/lib-esm/sqlite3.js:
297:15)
      at Sqlite3Clien
t.execute (file:///D:
/UIT_COURSES/SE100/Da
ilyDesk/node_modules/
[4m.pnpm[24m/@libsq
l+client@0.15.15/node
_modules/[4m@libsql
[24m/client/lib-esm/s
qlite3.js:81:16)
  [90m    ... 5 
lines matching cause 
stack trace ...[39m
      at SQLiteSelect
Base.execute (file://
/D:/UIT_COURSES/SE100
/DailyDesk/node_modul
es/[4m.pnpm[24m/dri
zzle-orm@0.44.7_@elec
tri_5c2928a099a752b7e
299aaadb8975aea/node_
modules/[4msrc[24m/
sqlite-core/query-bui
lders/select.ts:962:1
5)
      at SQLiteSelect
Base.then (file:///D:
/UIT_COURSES/SE100/Da
ilyDesk/node_modules/
[4m.pnpm[24m/drizzl
e-orm@0.44.7_@electri
_5c2928a099a752b7e299
aaadb8975aea/node_mod
ules/[4msrc[24m/que
ry-promise.ts:31:15) 
{
    code: [32m'SQLIT
E_ERROR'[39m,
    rawCode: 
[33m1[39m,
    [cause]: 
SqliteError: no such 
column: is_template
        at 
convertError (D:\UIT_
COURSES\SE100\DailyDe
sk\node_modules\[4m.
pnpm[24m\libsql@0.5.
22\node_modules\[4ml
ibsql[24m\index.js:5
9:12)
        at 
Database.prepare (D:\
UIT_COURSES\SE100\Dai
lyDesk\node_modules\
[4m.pnpm[24m\libsql@
0.5.22\node_modules\
[4mlibsql[24m\index.
js:131:13)
        at 
executeStmt (file:///
D:/UIT_COURSES/SE100/
DailyDesk/node_module
s/[4m.pnpm[24m/@lib
sql+client@0.15.15/no
de_modules/[4m@libsq
l[24m/client/lib-esm
/sqlite3.js:268:28)
        at Sqlite3Cli
ent.execute (file:///
D:/UIT_COURSES/SE100/
DailyDesk/node_module
s/[4m.pnpm[24m/@lib
sql+client@0.15.15/no
de_modules/[4m@libsq
l[24m/client/lib-esm
/sqlite3.js:81:16)
        at file:///D:
/UIT_COURSES/SE100/Da
ilyDesk/node_modules/
[4m.pnpm[24m/drizzl
e-orm@0.44.7_@electri
_5c2928a099a752b7e299
aaadb8975aea/node_mod
ules/[4msrc[24m/lib
sql/session.ts:288:58
        at LibSQLPrep
aredQuery.queryWithCa
che (file:///D:/UIT_C
OURSES/SE100/DailyDes
k/node_modules/[4m.p
npm[24m/drizzle-orm@
0.44.7_@electri_5c292
8a099a752b7e299aaadb8
975aea/node_modules/
[4msrc[24m/sqlite-co
re/session.ts:78:18)
        at LibSQLPrep
aredQuery.values (fil
e:///D:/UIT_COURSES/S
E100/DailyDesk/node_m
odules/[4m.pnpm[24m
/drizzle-orm@0.44.7_@
electri_5c2928a099a75
2b7e299aaadb8975aea/n
ode_modules/[4msrc[
24m/libsql/session.ts
:286:21)
        at LibSQLPrep
aredQuery.all (file:/
//D:/UIT_COURSES/SE10
0/DailyDesk/node_modu
les/[4m.pnpm[24m/dr
izzle-orm@0.44.7_@ele
ctri_5c2928a099a752b7
e299aaadb8975aea/node
_modules/[4msrc[24m
/libsql/session.ts:21
4:27)
        at 
SQLiteSelectBase.all 
(file:///D:/UIT_COURS
ES/SE100/DailyDesk/no
de_modules/[4m.pnpm
[24m/drizzle-orm@0.44
.7_@electri_5c2928a09
9a752b7e299aaadb8975a
ea/node_modules/[4ms
rc[24m/sqlite-core/q
uery-builders/select.
ts:950:26)
        at SQLiteSele
ctBase.execute (file:
///D:/UIT_COURSES/SE1
00/DailyDesk/node_mod
ules/[4m.pnpm[24m/d
rizzle-orm@0.44.7_@el
ectri_5c2928a099a752b
7e299aaadb8975aea/nod
e_modules/[4msrc[24
m/sqlite-core/query-b
uilders/select.ts:962
:15) {
      code: [32m'SQL
ITE_ERROR'[39m,
      rawCode: 
[33m1[39m
    }
  }
}

 [31m├ù[39m tests/cards/card-move.test.ts[2m > [22mCard movement between lists with order management[2m > [22mshould move card from one list to another and update orders
[31m   ΓåÆ Cannot read properties of undefined (reading 'find')[39m
 [31m├ù[39m tests/cards/card-move.test.ts[2m > [22mCard movement between lists with order management[2m > [22mshould handle moving card to end of another list
[31m   ΓåÆ Cannot read properties of undefined (reading 'find')[39m
 [31m├ù[39m tests/cards/card-move.test.ts[2m > [22mCard movement between lists with order management[2m > [22mshould handle moving card to beginning of another list
[31m   ΓåÆ Cannot read properties of undefined (reading 'find')[39m
[90mstderr[2m | tes
ts/users.test.ts[2m 
> [22m[2mUsers 
Search API 
Integration Tests 
(via Members 
Routes)[2m > 
[22m[2mGET 
/members/search[2m 
> [22m[2mshould 
handle network errors
[22m[39mError 
searching users: 
Error: Network error
    at [90mD:\UIT_CO
URSES\SE100\DailyDesk
\backend\[39mtests\u
sers.test.ts:209:39
    at file:///D:/UIT
_COURSES/SE100/DailyD
esk/node_modules/[4m
.pnpm[24m/@vitest+ru
nner@2.1.9/node_modul
es/[4m@vitest[24m/r
unner/dist/index.js:1
46:14
    at file:///D:/UIT
_COURSES/SE100/DailyD
esk/node_modules/[4m
.pnpm[24m/@vitest+ru
nner@2.1.9/node_modul
es/[4m@vitest[24m/r
unner/dist/index.js:5
33:11
    at 
runWithTimeout (file:
///D:/UIT_COURSES/SE1
00/DailyDesk/node_mod
ules/[4m.pnpm[24m/@
vitest+runner@2.1.9/n
ode_modules/[4m@vite
st[24m/runner/dist/i
ndex.js:39:7)
    at runTest (file:
///D:/UIT_COURSES/SE1
00/DailyDesk/node_mod
ules/[4m.pnpm[24m/@
vitest+runner@2.1.9/n
ode_modules/[4m@vite
st[24m/runner/dist/i
ndex.js:1056:17)
[90m    at processTi
cksAndRejections (nod
e:internal/process/ta
sk_queues:105:5)[39m
    at runSuite (file
:///D:/UIT_COURSES/SE
100/DailyDesk/node_mo
dules/[4m.pnpm[24m/
@vitest+runner@2.1.9/
node_modules/[4m@vit
est[24m/runner/dist/
index.js:1205:15)
    at runSuite (file
:///D:/UIT_COURSES/SE
100/DailyDesk/node_mo
dules/[4m.pnpm[24m/
@vitest+runner@2.1.9/
node_modules/[4m@vit
est[24m/runner/dist/
index.js:1205:15)
    at runSuite (file
:///D:/UIT_COURSES/SE
100/DailyDesk/node_mo
dules/[4m.pnpm[24m/
@vitest+runner@2.1.9/
node_modules/[4m@vit
est[24m/runner/dist/
index.js:1205:15)
    at runFiles (file
:///D:/UIT_COURSES/SE
100/DailyDesk/node_mo
dules/[4m.pnpm[24m/
@vitest+runner@2.1.9/
node_modules/[4m@vit
est[24m/runner/dist/
index.js:1262:5)

[90mstderr[2m | tes
ts/comments.test.ts[
2m > 
[22m[2mComments 
API Integration 
Tests[2m > 
[22m[2mPOST /boards
/:boardId/cards/:card
Id/comments[2m > 
[22m[2mshould 
validate required 
fields
[22m[39mDrizzleQuer
yError: Failed 
query: select "id", 
"name", 
"description", 
"order", 
"cover_url", 
"cover_public_id", 
"cover_color", 
"cover_mode", 
"list_id", 
"start_date", 
"deadline", 
"due_at", 
"due_complete", 
"reminder_minutes", 
"recurrence", 
"recurrence_day", "re
currence_weekday", 
"repeat_frequency", 
"repeat_interval", 
"latitude", 
"longitude", 
"completed", 
"is_template", 
"created_at", 
"updated_at" from 
"cards" where 
"cards"."list_id" = ?
params: 019bd127-d931
-7fae-9153-18cf69b7d9
fe
    at LibSQLPrepared
Query.queryWithCache 
(file:///D:/UIT_COURS
ES/SE100/DailyDesk/no
de_modules/[4m.pnpm
[24m/drizzle-orm@0.44
.7_@electri_5c2928a09
9a752b7e299aaadb8975a
ea/node_modules/[4ms
rc[24m/sqlite-core/s
ession.ts:80:11)
[90m    at processTi
cksAndRejections (nod
e:internal/process/ta
sk_queues:105:5)[39m
    at LibSQLPrepared
Query.values (file://
/D:/UIT_COURSES/SE100
/DailyDesk/node_modul
es/[4m.pnpm[24m/dri
zzle-orm@0.44.7_@elec
tri_5c2928a099a752b7e
299aaadb8975aea/node_
modules/[4msrc[24m/
libsql/session.ts:286
:10)
    at LibSQLPrepared
Query.all (file:///D:
/UIT_COURSES/SE100/Da
ilyDesk/node_modules/
[4m.pnpm[24m/drizzl
e-orm@0.44.7_@electri
_5c2928a099a752b7e299
aaadb8975aea/node_mod
ules/[4msrc[24m/lib
sql/session.ts:214:16
)
    at 
Module.createCard [9
0m(D:\UIT_COURSES\SE1
00\DailyDesk\backend\
[39msrc\services\car
ds.service.ts:319:23
[90m)[39m
    at [90mD:\UIT_CO
URSES\SE100\DailyDesk
\backend\[39msrc\rou
tes\cards.ts:152:22
    at dispatch (file
:///D:/UIT_COURSES/SE
100/DailyDesk/node_mo
dules/[4m.pnpm[24m/
hono@4.11.3/node_modu
les/[4mhono[24m/dis
t/compose.js:22:17)
    at file:///D:/UIT
_COURSES/SE100/DailyD
esk/node_modules/[4m
.pnpm[24m/hono@4.11.
3/node_modules/[4mho
no[24m/dist/validato
r/validator.js:81:12
    at mw (file:///D:
/UIT_COURSES/SE100/Da
ilyDesk/node_modules/
[4m.pnpm[24m/@hono+
zod-openapi@1.2.0_hon
o@4.11.3_zod@4.3.5/no
de_modules/[4m@hono
[24m/zod-openapi/src/
index.ts:546:26)
    at dispatch (file
:///D:/UIT_COURSES/SE
100/DailyDesk/node_mo
dules/[4m.pnpm[24m/
hono@4.11.3/node_modu
les/[4mhono[24m/dis
t/compose.js:22:17) {
  query: 
[32m'select "id", 
"name", 
"description", 
"order", 
"cover_url", 
"cover_public_id", 
"cover_color", 
"cover_mode", 
"list_id", 
"start_date", 
"deadline", 
"due_at", 
"due_complete", 
"reminder_minutes", 
"recurrence", 
"recurrence_day", "re
currence_weekday", 
"repeat_frequency", 
"repeat_interval", 
"latitude", 
"longitude", 
"completed", 
"is_template", 
"created_at", 
"updated_at" from 
"cards" where 
"cards"."list_id" = 
?'[39m,
  params: [ [32m'019
bd127-d931-7fae-9153-
18cf69b7d9fe'[39m ],
  cause: 
LibsqlError: 
SQLITE_ERROR: no 
such column: 
is_template
      at 
mapSqliteError (file:
///D:/UIT_COURSES/SE1
00/DailyDesk/node_mod
ules/[4m.pnpm[24m/@
libsql+client@0.15.15
/node_modules/[4m@li
bsql[24m/client/lib-
esm/sqlite3.js:392:16
)
      at executeStmt 
(file:///D:/UIT_COURS
ES/SE100/DailyDesk/no
de_modules/[4m.pnpm
[24m/@libsql+client@0
.15.15/node_modules/
[4m@libsql[24m/clien
t/lib-esm/sqlite3.js:
297:15)
      at Sqlite3Clien
t.execute (file:///D:
/UIT_COURSES/SE100/Da
ilyDesk/node_modules/
[4m.pnpm[24m/@libsq
l+client@0.15.15/node
_modules/[4m@libsql
[24m/client/lib-esm/s
qlite3.js:81:16)
  [90m    ... 5 
lines matching cause 
stack trace ...[39m
      at SQLiteSelect
Base.execute (file://
/D:/UIT_COURSES/SE100
/DailyDesk/node_modul
es/[4m.pnpm[24m/dri
zzle-orm@0.44.7_@elec
tri_5c2928a099a752b7e
299aaadb8975aea/node_
modules/[4msrc[24m/
sqlite-core/query-bui
lders/select.ts:962:1
5)
      at SQLiteSelect
Base.then (file:///D:
/UIT_COURSES/SE100/Da
ilyDesk/node_modules/
[4m.pnpm[24m/drizzl
e-orm@0.44.7_@electri
_5c2928a099a752b7e299
aaadb8975aea/node_mod
ules/[4msrc[24m/que
ry-promise.ts:31:15) 
{
    code: [32m'SQLIT
E_ERROR'[39m,
    rawCode: 
[33m1[39m,
    [cause]: 
SqliteError: no such 
column: is_template
        at 
convertError (D:\UIT_
COURSES\SE100\DailyDe
sk\node_modules\[4m.
pnpm[24m\libsql@0.5.
22\node_modules\[4ml
ibsql[24m\index.js:5
9:12)
        at 
Database.prepare (D:\
UIT_COURSES\SE100\Dai
lyDesk\node_modules\
[4m.pnpm[24m\libsql@
0.5.22\node_modules\
[4mlibsql[24m\index.
js:131:13)
        at 
executeStmt (file:///
D:/UIT_COURSES/SE100/
DailyDesk/node_module
s/[4m.pnpm[24m/@lib
sql+client@0.15.15/no
de_modules/[4m@libsq
l[24m/client/lib-esm
/sqlite3.js:268:28)
        at Sqlite3Cli
ent.execute (file:///
D:/UIT_COURSES/SE100/
DailyDesk/node_module
s/[4m.pnpm[24m/@lib
sql+client@0.15.15/no
de_modules/[4m@libsq
l[24m/client/lib-esm
/sqlite3.js:81:16)
        at file:///D:
/UIT_COURSES/SE100/Da
ilyDesk/node_modules/
[4m.pnpm[24m/drizzl
e-orm@0.44.7_@electri
_5c2928a099a752b7e299
aaadb8975aea/node_mod
ules/[4msrc[24m/lib
sql/session.ts:288:58
        at LibSQLPrep
aredQuery.queryWithCa
che (file:///D:/UIT_C
OURSES/SE100/DailyDes
k/node_modules/[4m.p
npm[24m/drizzle-orm@
0.44.7_@electri_5c292
8a099a752b7e299aaadb8
975aea/node_modules/
[4msrc[24m/sqlite-co
re/session.ts:78:18)
        at LibSQLPrep
aredQuery.values (fil
e:///D:/UIT_COURSES/S
E100/DailyDesk/node_m
odules/[4m.pnpm[24m
/drizzle-orm@0.44.7_@
electri_5c2928a099a75
2b7e299aaadb8975aea/n
ode_modules/[4msrc[
24m/libsql/session.ts
:286:21)
        at LibSQLPrep
aredQuery.all (file:/
//D:/UIT_COURSES/SE10
0/DailyDesk/node_modu
les/[4m.pnpm[24m/dr
izzle-orm@0.44.7_@ele
ctri_5c2928a099a752b7
e299aaadb8975aea/node
_modules/[4msrc[24m
/libsql/session.ts:21
4:27)
        at 
SQLiteSelectBase.all 
(file:///D:/UIT_COURS
ES/SE100/DailyDesk/no
de_modules/[4m.pnpm
[24m/drizzle-orm@0.44
.7_@electri_5c2928a09
9a752b7e299aaadb8975a
ea/node_modules/[4ms
rc[24m/sqlite-core/q
uery-builders/select.
ts:950:26)
        at SQLiteSele
ctBase.execute (file:
///D:/UIT_COURSES/SE1
00/DailyDesk/node_mod
ules/[4m.pnpm[24m/d
rizzle-orm@0.44.7_@el
ectri_5c2928a099a752b
7e299aaadb8975aea/nod
e_modules/[4msrc[24
m/sqlite-core/query-b
uilders/select.ts:962
:15) {
      code: [32m'SQL
ITE_ERROR'[39m,
      rawCode: 
[33m1[39m
    }
  }
}

[90mstderr[2m | tes
ts/lists.test.ts[2m 
> [22m[2mLists API 
Integration 
Tests[2m > 
[22m[2mDELETE /boar
ds/:boardId/lists/:id
[2m > 
[22m[2mshould 
delete a list
[22m[39mError in 
boards GET by ID 
route: 
DrizzleQueryError: 
Failed query: select 
"id", "name", 
"user_id", 
"background_url", "ba
ckground_public_id", 
"background_color", 
(select coalesce(json
_group_array(json_arr
ay("id", "name", 
"order", "board_id", 
(select coalesce(json
_group_array(json_arr
ay("id", "name", 
"description", 
"order", 
"cover_url", 
"cover_public_id", 
"cover_color", 
"cover_mode", 
"list_id", 
"start_date", 
"deadline", 
"due_at", 
"due_complete", 
"reminder_minutes", 
"recurrence", 
"recurrence_day", "re
currence_weekday", 
"repeat_frequency", 
"repeat_interval", 
"latitude", 
"longitude", 
"completed", 
"is_template", 
"created_at", 
"updated_at")), 
json_array()) as 
"data" from (select 
* from "cards" "board
sTable_lists_cards" 
where "boardsTable_li
sts_cards"."list_id" 
= "boardsTable_lists"
."id" order by "board
sTable_lists_cards"."
order" asc) "boardsTa
ble_lists_cards"))), 
json_array()) as 
"data" from (select 
* from "lists" 
"boardsTable_lists" 
where "boardsTable_li
sts"."board_id" = 
"boardsTable"."id" 
order by "boardsTable
_lists"."order" asc) 
"boardsTable_lists") 
as "lists" from 
"boards" 
"boardsTable" where 
"boardsTable"."id" = 
? limit ?
params: 019bd127-d992
-7a6f-a652-da6a242f93
ca,1
    at LibSQLPrepared
Query.queryWithCache 
(file:///D:/UIT_COURS
ES/SE100/DailyDesk/no
de_modules/[4m.pnpm
[24m/drizzle-orm@0.44
.7_@electri_5c2928a09
9a752b7e299aaadb8975a
ea/node_modules/[4ms
rc[24m/sqlite-core/s
ession.ts:80:11)
[90m    at processTi
cksAndRejections (nod
e:internal/process/ta
sk_queues:105:5)[39m
    at LibSQLPrepared
Query.values (file://
/D:/UIT_COURSES/SE100
/DailyDesk/node_modul
es/[4m.pnpm[24m/dri
zzle-orm@0.44.7_@elec
tri_5c2928a099a752b7e
299aaadb8975aea/node_
modules/[4msrc[24m/
libsql/session.ts:286
:10)
    at LibSQLPrepared
Query.get (file:///D:
/UIT_COURSES/SE100/Da
ilyDesk/node_modules/
[4m.pnpm[24m/drizzl
e-orm@0.44.7_@electri
_5c2928a099a752b7e299
aaadb8975aea/node_mod
ules/[4msrc[24m/lib
sql/session.ts:252:16
)
    at 
Module.getBoardById 
[90m(D:\UIT_COURSES\S
E100\DailyDesk\backen
d\[39msrc\services\b
oards.service.ts:230:
17[90m)[39m
    at [90mD:\UIT_CO
URSES\SE100\DailyDesk
\backend\[39msrc\rou
tes\boards.ts:138:23
    at dispatch (file
:///D:/UIT_COURSES/SE
100/DailyDesk/node_mo
dules/[4m.pnpm[24m/
hono@4.11.3/node_modu
les/[4mhono[24m/dis
t/compose.js:22:17)
    at file:///D:/UIT
_COURSES/SE100/DailyD
esk/node_modules/[4m
.pnpm[24m/hono@4.11.
3/node_modules/[4mho
no[24m/dist/validato
r/validator.js:81:12
    at dispatch (file
:///D:/UIT_COURSES/SE
100/DailyDesk/node_mo
dules/[4m.pnpm[24m/
hono@4.11.3/node_modu
les/[4mhono[24m/dis
t/compose.js:22:17)
    at [90mD:\UIT_CO
URSES\SE100\DailyDesk
\backend\[39mtests\h
elpers\auth.ts:27:5 {
  query: 
[32m'select "id", 
"name", "user_id", 
"background_url", "ba
ckground_public_id", 
"background_color", 
(select coalesce(json
_group_array(json_arr
ay("id", "name", 
"order", "board_id", 
(select coalesce(json
_group_array(json_arr
ay("id", "name", 
"description", 
"order", 
"cover_url", 
"cover_public_id", 
"cover_color", 
"cover_mode", 
"list_id", 
"start_date", 
"deadline", 
"due_at", 
"due_complete", 
"reminder_minutes", 
"recurrence", 
"recurrence_day", "re
currence_weekday", 
"repeat_frequency", 
"repeat_interval", 
"latitude", 
"longitude", 
"completed", 
"is_template", 
"created_at", 
"updated_at")), 
json_array()) as 
"data" from (select 
* from "cards" "board
sTable_lists_cards" 
where "boardsTable_li
sts_cards"."list_id" 
= "boardsTable_lists"
."id" order by "board
sTable_lists_cards"."
order" asc) "boardsTa
ble_lists_cards"))), 
json_array()) as 
"data" from (select 
* from "lists" 
"boardsTable_lists" 
where "boardsTable_li
sts"."board_id" = 
"boardsTable"."id" 
order by "boardsTable
_lists"."order" asc) 
"boardsTable_lists") 
as "lists" from 
"boards" 
"boardsTable" where 
"boardsTable"."id" = 
? limit ?'[39m,
  params: [ [32m'019
bd127-d992-7a6f-a652-
da6a242f93ca'[39m, 
[33m1[39m ],
  cause: 
LibsqlError: 
SQLITE_ERROR: no 
such column: 
is_template
      at 
mapSqliteError (file:
///D:/UIT_COURSES/SE1
00/DailyDesk/node_mod
ules/[4m.pnpm[24m/@
libsql+client@0.15.15
/node_modules/[4m@li
bsql[24m/client/lib-
esm/sqlite3.js:392:16
)
      at executeStmt 
(file:///D:/UIT_COURS
ES/SE100/DailyDesk/no
de_modules/[4m.pnpm
[24m/@libsql+client@0
.15.15/node_modules/
[4m@libsql[24m/clien
t/lib-esm/sqlite3.js:
297:15)
      at Sqlite3Clien
t.execute (file:///D:
/UIT_COURSES/SE100/Da
ilyDesk/node_modules/
[4m.pnpm[24m/@libsq
l+client@0.15.15/node
_modules/[4m@libsql
[24m/client/lib-esm/s
qlite3.js:81:16)
  [90m    ... 5 
lines matching cause 
stack trace ...[39m
      at 
QueryPromise.execute 
(file:///D:/UIT_COURS
ES/SE100/DailyDesk/no
de_modules/[4m.pnpm
[24m/drizzle-orm@0.44
.7_@electri_5c2928a09
9a752b7e299aaadb8975a
ea/node_modules/[4ms
rc[24m/sqlite-core/q
uery-builders/query.t
s:197:15)
      at 
QueryPromise.then (fi
le:///D:/UIT_COURSES/
SE100/DailyDesk/node_
modules/[4m.pnpm[24
m/drizzle-orm@0.44.7_
@electri_5c2928a099a7
52b7e299aaadb8975aea/
node_modules/[4msrc
[24m/query-promise.ts
:31:15) {
    code: [32m'SQLIT
E_ERROR'[39m,
    rawCode: 
[33m1[39m,
    [cause]: 
SqliteError: no such 
column: is_template
        at 
convertError (D:\UIT_
COURSES\SE100\DailyDe
sk\node_modules\[4m.
pnpm[24m\libsql@0.5.
22\node_modules\[4ml
ibsql[24m\index.js:5
9:12)
        at 
Database.prepare (D:\
UIT_COURSES\SE100\Dai
lyDesk\node_modules\
[4m.pnpm[24m\libsql@
0.5.22\node_modules\
[4mlibsql[24m\index.
js:131:13)
        at 
executeStmt (file:///
D:/UIT_COURSES/SE100/
DailyDesk/node_module
s/[4m.pnpm[24m/@lib
sql+client@0.15.15/no
de_modules/[4m@libsq
l[24m/client/lib-esm
/sqlite3.js:268:28)
        at Sqlite3Cli
ent.execute (file:///
D:/UIT_COURSES/SE100/
DailyDesk/node_module
s/[4m.pnpm[24m/@lib
sql+client@0.15.15/no
de_modules/[4m@libsq
l[24m/client/lib-esm
/sqlite3.js:81:16)
        at file:///D:
/UIT_COURSES/SE100/Da
ilyDesk/node_modules/
[4m.pnpm[24m/drizzl
e-orm@0.44.7_@electri
_5c2928a099a752b7e299
aaadb8975aea/node_mod
ules/[4msrc[24m/lib
sql/session.ts:288:58
        at LibSQLPrep
aredQuery.queryWithCa
che (file:///D:/UIT_C
OURSES/SE100/DailyDes
k/node_modules/[4m.p
npm[24m/drizzle-orm@
0.44.7_@electri_5c292
8a099a752b7e299aaadb8
975aea/node_modules/
[4msrc[24m/sqlite-co
re/session.ts:78:18)
        at LibSQLPrep
aredQuery.values (fil
e:///D:/UIT_COURSES/S
E100/DailyDesk/node_m
odules/[4m.pnpm[24m
/drizzle-orm@0.44.7_@
electri_5c2928a099a75
2b7e299aaadb8975aea/n
ode_modules/[4msrc[
24m/libsql/session.ts
:286:21)
        at LibSQLPrep
aredQuery.get (file:/
//D:/UIT_COURSES/SE10
0/DailyDesk/node_modu
les/[4m.pnpm[24m/dr
izzle-orm@0.44.7_@ele
ctri_5c2928a099a752b7
e299aaadb8975aea/node
_modules/[4msrc[24m
/libsql/session.ts:25
2:27)
        at QueryPromi
se.executeRaw (file:/
//D:/UIT_COURSES/SE10
0/DailyDesk/node_modu
les/[4m.pnpm[24m/dr
izzle-orm@0.44.7_@ele
ctri_5c2928a099a752b7
e299aaadb8975aea/node
_modules/[4msrc[24m
/sqlite-core/query-bu
ilders/query.ts:191:3
2)
        at 
QueryPromise.execute 
(file:///D:/UIT_COURS
ES/SE100/DailyDesk/no
de_modules/[4m.pnpm
[24m/drizzle-orm@0.44
.7_@electri_5c2928a09
9a752b7e299aaadb8975a
ea/node_modules/[4ms
rc[24m/sqlite-core/q
uery-builders/query.t
s:197:15) {
      code: [32m'SQL
ITE_ERROR'[39m,
      rawCode: 
[33m1[39m
    }
  }
}

[90mstderr[2m | tes
ts/comments.test.ts[
2m > 
[22m[2mComments 
API Integration 
Tests[2m > 
[22m[2mPOST /boards
/:boardId/cards/:card
Id/comments[2m > 
[22m[2mshould 
return 404 for 
non-existent card
[22m[39mDrizzleQuer
yError: Failed 
query: select "id", 
"name", 
"description", 
"order", 
"cover_url", 
"cover_public_id", 
"cover_color", 
"cover_mode", 
"list_id", 
"start_date", 
"deadline", 
"due_at", 
"due_complete", 
"reminder_minutes", 
"recurrence", 
"recurrence_day", "re
currence_weekday", 
"repeat_frequency", 
"repeat_interval", 
"latitude", 
"longitude", 
"completed", 
"is_template", 
"created_at", 
"updated_at" from 
"cards" where 
"cards"."list_id" = ?
params: 019bd127-d95b
-71ac-ba6f-0786f88f5a
c6
    at LibSQLPrepared
Query.queryWithCache 
(file:///D:/UIT_COURS
ES/SE100/DailyDesk/no
de_modules/[4m.pnpm
[24m/drizzle-orm@0.44
.7_@electri_5c2928a09
9a752b7e299aaadb8975a
ea/node_modules/[4ms
rc[24m/sqlite-core/s
ession.ts:80:11)
[90m    at processTi
cksAndRejections (nod
e:internal/process/ta
sk_queues:105:5)[39m
    at LibSQLPrepared
Query.values (file://
/D:/UIT_COURSES/SE100
/DailyDesk/node_modul
es/[4m.pnpm[24m/dri
zzle-orm@0.44.7_@elec
tri_5c2928a099a752b7e
299aaadb8975aea/node_
modules/[4msrc[24m/
libsql/session.ts:286
:10)
    at LibSQLPrepared
Query.all (file:///D:
/UIT_COURSES/SE100/Da
ilyDesk/node_modules/
[4m.pnpm[24m/drizzl
e-orm@0.44.7_@electri
_5c2928a099a752b7e299
aaadb8975aea/node_mod
ules/[4msrc[24m/lib
sql/session.ts:214:16
)
    at 
Module.createCard [9
0m(D:\UIT_COURSES\SE1
00\DailyDesk\backend\
[39msrc\services\car
ds.service.ts:319:23
[90m)[39m
    at [90mD:\UIT_CO
URSES\SE100\DailyDesk
\backend\[39msrc\rou
tes\cards.ts:152:22
    at dispatch (file
:///D:/UIT_COURSES/SE
100/DailyDesk/node_mo
dules/[4m.pnpm[24m/
hono@4.11.3/node_modu
les/[4mhono[24m/dis
t/compose.js:22:17)
    at file:///D:/UIT
_COURSES/SE100/DailyD
esk/node_modules/[4m
.pnpm[24m/hono@4.11.
3/node_modules/[4mho
no[24m/dist/validato
r/validator.js:81:12
    at mw (file:///D:
/UIT_COURSES/SE100/Da
ilyDesk/node_modules/
[4m.pnpm[24m/@hono+
zod-openapi@1.2.0_hon
o@4.11.3_zod@4.3.5/no
de_modules/[4m@hono
[24m/zod-openapi/src/
index.ts:546:26)
    at dispatch (file
:///D:/UIT_COURSES/SE
100/DailyDesk/node_mo
dules/[4m.pnpm[24m/
hono@4.11.3/node_modu
les/[4mhono[24m/dis
t/compose.js:22:17) {
  query: 
[32m'select "id", 
"name", 
"description", 
"order", 
"cover_url", 
"cover_public_id", 
"cover_color", 
"cover_mode", 
"list_id", 
"start_date", 
"deadline", 
"due_at", 
"due_complete", 
"reminder_minutes", 
"recurrence", 
"recurrence_day", "re
currence_weekday", 
"repeat_frequency", 
"repeat_interval", 
"latitude", 
"longitude", 
"completed", 
"is_template", 
"created_at", 
"updated_at" from 
"cards" where 
"cards"."list_id" = 
?'[39m,
  params: [ [32m'019
bd127-d95b-71ac-ba6f-
0786f88f5ac6'[39m ],
  cause: 
LibsqlError: 
SQLITE_ERROR: no 
such column: 
is_template
      at 
mapSqliteError (file:
///D:/UIT_COURSES/SE1
00/DailyDesk/node_mod
ules/[4m.pnpm[24m/@
libsql+client@0.15.15
/node_modules/[4m@li
bsql[24m/client/lib-
esm/sqlite3.js:392:16
)
      at executeStmt 
(file:///D:/UIT_COURS
ES/SE100/DailyDesk/no
de_modules/[4m.pnpm
[24m/@libsql+client@0
.15.15/node_modules/
[4m@libsql[24m/clien
t/lib-esm/sqlite3.js:
297:15)
      at Sqlite3Clien
t.execute (file:///D:
/UIT_COURSES/SE100/Da
ilyDesk/node_modules/
[4m.pnpm[24m/@libsq
l+client@0.15.15/node
_modules/[4m@libsql
[24m/client/lib-esm/s
qlite3.js:81:16)
  [90m    ... 5 
lines matching cause 
stack trace ...[39m
      at SQLiteSelect
Base.execute (file://
/D:/UIT_COURSES/SE100
/DailyDesk/node_modul
es/[4m.pnpm[24m/dri
zzle-orm@0.44.7_@elec
tri_5c2928a099a752b7e
299aaadb8975aea/node_
modules/[4msrc[24m/
sqlite-core/query-bui
lders/select.ts:962:1
5)
      at SQLiteSelect
Base.then (file:///D:
/UIT_COURSES/SE100/Da
ilyDesk/node_modules/
[4m.pnpm[24m/drizzl
e-orm@0.44.7_@electri
_5c2928a099a752b7e299
aaadb8975aea/node_mod
ules/[4msrc[24m/que
ry-promise.ts:31:15) 
{
    code: [32m'SQLIT
E_ERROR'[39m,
    rawCode: 
[33m1[39m,
    [cause]: 
SqliteError: no such 
column: is_template
        at 
convertError (D:\UIT_
COURSES\SE100\DailyDe
sk\node_modules\[4m.
pnpm[24m\libsql@0.5.
22\node_modules\[4ml
ibsql[24m\index.js:5
9:12)
        at 
Database.prepare (D:\
UIT_COURSES\SE100\Dai
lyDesk\node_modules\
[4m.pnpm[24m\libsql@
0.5.22\node_modules\
[4mlibsql[24m\index.
js:131:13)
        at 
executeStmt (file:///
D:/UIT_COURSES/SE100/
DailyDesk/node_module
s/[4m.pnpm[24m/@lib
sql+client@0.15.15/no
de_modules/[4m@libsq
l[24m/client/lib-esm
/sqlite3.js:268:28)
        at Sqlite3Cli
ent.execute (file:///
D:/UIT_COURSES/SE100/
DailyDesk/node_module
s/[4m.pnpm[24m/@lib
sql+client@0.15.15/no
de_modules/[4m@libsq
l[24m/client/lib-esm
/sqlite3.js:81:16)
        at file:///D:
/UIT_COURSES/SE100/Da
ilyDesk/node_modules/
[4m.pnpm[24m/drizzl
e-orm@0.44.7_@electri
_5c2928a099a752b7e299
aaadb8975aea/node_mod
ules/[4msrc[24m/lib
sql/session.ts:288:58
        at LibSQLPrep
aredQuery.queryWithCa
che (file:///D:/UIT_C
OURSES/SE100/DailyDes
k/node_modules/[4m.p
npm[24m/drizzle-orm@
0.44.7_@electri_5c292
8a099a752b7e299aaadb8
975aea/node_modules/
[4msrc[24m/sqlite-co
re/session.ts:78:18)
        at LibSQLPrep
aredQuery.values (fil
e:///D:/UIT_COURSES/S
E100/DailyDesk/node_m
odules/[4m.pnpm[24m
/drizzle-orm@0.44.7_@
electri_5c2928a099a75
2b7e299aaadb8975aea/n
ode_modules/[4msrc[
24m/libsql/session.ts
:286:21)
        at LibSQLPrep
aredQuery.all (file:/
//D:/UIT_COURSES/SE10
0/DailyDesk/node_modu
les/[4m.pnpm[24m/dr
izzle-orm@0.44.7_@ele
ctri_5c2928a099a752b7
e299aaadb8975aea/node
_modules/[4msrc[24m
/libsql/session.ts:21
4:27)
        at 
SQLiteSelectBase.all 
(file:///D:/UIT_COURS
ES/SE100/DailyDesk/no
de_modules/[4m.pnpm
[24m/drizzle-orm@0.44
.7_@electri_5c2928a09
9a752b7e299aaadb8975a
ea/node_modules/[4ms
rc[24m/sqlite-core/q
uery-builders/select.
ts:950:26)
        at SQLiteSele
ctBase.execute (file:
///D:/UIT_COURSES/SE1
00/DailyDesk/node_mod
ules/[4m.pnpm[24m/d
rizzle-orm@0.44.7_@el
ectri_5c2928a099a752b
7e299aaadb8975aea/nod
e_modules/[4msrc[24
m/sqlite-core/query-b
uilders/select.ts:962
:15) {
      code: [32m'SQL
ITE_ERROR'[39m,
      rawCode: 
[33m1[39m
    }
  }
}

[90mstderr[2m | tes
ts/lists.test.ts[2m 
> [22m[2mLists API 
Integration 
Tests[2m > 
[22m[2mDELETE /boar
ds/:boardId/lists/:id
[2m > 
[22m[2mshould 
cascade delete cards 
when list is deleted
[22m[39mDrizzleQuer
yError: Failed 
query: select "id", 
"name", 
"description", 
"order", 
"cover_url", 
"cover_public_id", 
"cover_color", 
"cover_mode", 
"list_id", 
"start_date", 
"deadline", 
"due_at", 
"due_complete", 
"reminder_minutes", 
"recurrence", 
"recurrence_day", "re
currence_weekday", 
"repeat_frequency", 
"repeat_interval", 
"latitude", 
"longitude", 
"completed", 
"is_template", 
"created_at", 
"updated_at" from 
"cards" where 
"cards"."list_id" = ?
params: 019bd127-d9cc
-74d8-9556-6b21bf2e47
bb
    at LibSQLPrepared
Query.queryWithCache 
(file:///D:/UIT_COURS
ES/SE100/DailyDesk/no
de_modules/[4m.pnpm
[24m/drizzle-orm@0.44
.7_@electri_5c2928a09
9a752b7e299aaadb8975a
ea/node_modules/[4ms
rc[24m/sqlite-core/s
ession.ts:80:11)
[90m    at processTi
cksAndRejections (nod
e:internal/process/ta
sk_queues:105:5)[39m
    at LibSQLPrepared
Query.values (file://
/D:/UIT_COURSES/SE100
/DailyDesk/node_modul
es/[4m.pnpm[24m/dri
zzle-orm@0.44.7_@elec
tri_5c2928a099a752b7e
299aaadb8975aea/node_
modules/[4msrc[24m/
libsql/session.ts:286
:10)
    at LibSQLPrepared
Query.all (file:///D:
/UIT_COURSES/SE100/Da
ilyDesk/node_modules/
[4m.pnpm[24m/drizzl
e-orm@0.44.7_@electri
_5c2928a099a752b7e299
aaadb8975aea/node_mod
ules/[4msrc[24m/lib
sql/session.ts:214:16
)
    at 
Module.createCard [9
0m(D:\UIT_COURSES\SE1
00\DailyDesk\backend\
[39msrc\services\car
ds.service.ts:319:23
[90m)[39m
    at [90mD:\UIT_CO
URSES\SE100\DailyDesk
\backend\[39msrc\rou
tes\cards.ts:152:22
    at dispatch (file
:///D:/UIT_COURSES/SE
100/DailyDesk/node_mo
dules/[4m.pnpm[24m/
hono@4.11.3/node_modu
les/[4mhono[24m/dis
t/compose.js:22:17)
    at file:///D:/UIT
_COURSES/SE100/DailyD
esk/node_modules/[4m
.pnpm[24m/hono@4.11.
3/node_modules/[4mho
no[24m/dist/validato
r/validator.js:81:12
    at mw (file:///D:
/UIT_COURSES/SE100/Da
ilyDesk/node_modules/
[4m.pnpm[24m/@hono+
zod-openapi@1.2.0_hon
o@4.11.3_zod@4.3.5/no
de_modules/[4m@hono
[24m/zod-openapi/src/
index.ts:546:26)
    at dispatch (file
:///D:/UIT_COURSES/SE
100/DailyDesk/node_mo
dules/[4m.pnpm[24m/
hono@4.11.3/node_modu
les/[4mhono[24m/dis
t/compose.js:22:17) {
  query: 
[32m'select "id", 
"name", 
"description", 
"order", 
"cover_url", 
"cover_public_id", 
"cover_color", 
"cover_mode", 
"list_id", 
"start_date", 
"deadline", 
"due_at", 
"due_complete", 
"reminder_minutes", 
"recurrence", 
"recurrence_day", "re
currence_weekday", 
"repeat_frequency", 
"repeat_interval", 
"latitude", 
"longitude", 
"completed", 
"is_template", 
"created_at", 
"updated_at" from 
"cards" where 
"cards"."list_id" = 
?'[39m,
  params: [ [32m'019
bd127-d9cc-74d8-9556-
6b21bf2e47bb'[39m ],
  cause: 
LibsqlError: 
SQLITE_ERROR: no 
such column: 
is_template
      at 
mapSqliteError (file:
///D:/UIT_COURSES/SE1
00/DailyDesk/node_mod
ules/[4m.pnpm[24m/@
libsql+client@0.15.15
/node_modules/[4m@li
bsql[24m/client/lib-
esm/sqlite3.js:392:16
)
      at executeStmt 
(file:///D:/UIT_COURS
ES/SE100/DailyDesk/no
de_modules/[4m.pnpm
[24m/@libsql+client@0
.15.15/node_modules/
[4m@libsql[24m/clien
t/lib-esm/sqlite3.js:
297:15)
      at Sqlite3Clien
t.execute (file:///D:
/UIT_COURSES/SE100/Da
ilyDesk/node_modules/
[4m.pnpm[24m/@libsq
l+client@0.15.15/node
_modules/[4m@libsql
[24m/client/lib-esm/s
qlite3.js:81:16)
  [90m    ... 5 
lines matching cause 
stack trace ...[39m
      at SQLiteSelect
Base.execute (file://
/D:/UIT_COURSES/SE100
/DailyDesk/node_modul
es/[4m.pnpm[24m/dri
zzle-orm@0.44.7_@elec
tri_5c2928a099a752b7e
299aaadb8975aea/node_
modules/[4msrc[24m/
sqlite-core/query-bui
lders/select.ts:962:1
5)
      at SQLiteSelect
Base.then (file:///D:
/UIT_COURSES/SE100/Da
ilyDesk/node_modules/
[4m.pnpm[24m/drizzl
e-orm@0.44.7_@electri
_5c2928a099a752b7e299
aaadb8975aea/node_mod
ules/[4msrc[24m/que
ry-promise.ts:31:15) 
{
    code: [32m'SQLIT
E_ERROR'[39m,
    rawCode: 
[33m1[39m,
    [cause]: 
SqliteError: no such 
column: is_template
        at 
convertError (D:\UIT_
COURSES\SE100\DailyDe
sk\node_modules\[4m.
pnpm[24m\libsql@0.5.
22\node_modules\[4ml
ibsql[24m\index.js:5
9:12)
        at 
Database.prepare (D:\
UIT_COURSES\SE100\Dai
lyDesk\node_modules\
[4m.pnpm[24m\libsql@
0.5.22\node_modules\
[4mlibsql[24m\index.
js:131:13)
        at 
executeStmt (file:///
D:/UIT_COURSES/SE100/
DailyDesk/node_module
s/[4m.pnpm[24m/@lib
sql+client@0.15.15/no
de_modules/[4m@libsq
l[24m/client/lib-esm
/sqlite3.js:268:28)
        at Sqlite3Cli
ent.execute (file:///
D:/UIT_COURSES/SE100/
DailyDesk/node_module
s/[4m.pnpm[24m/@lib
sql+client@0.15.15/no
de_modules/[4m@libsq
l[24m/client/lib-esm
/sqlite3.js:81:16)
        at file:///D:
/UIT_COURSES/SE100/Da
ilyDesk/node_modules/
[4m.pnpm[24m/drizzl
e-orm@0.44.7_@electri
_5c2928a099a752b7e299
aaadb8975aea/node_mod
ules/[4msrc[24m/lib
sql/session.ts:288:58
        at LibSQLPrep
aredQuery.queryWithCa
che (file:///D:/UIT_C
OURSES/SE100/DailyDes
k/node_modules/[4m.p
npm[24m/drizzle-orm@
0.44.7_@electri_5c292
8a099a752b7e299aaadb8
975aea/node_modules/
[4msrc[24m/sqlite-co
re/session.ts:78:18)
        at LibSQLPrep
aredQuery.values (fil
e:///D:/UIT_COURSES/S
E100/DailyDesk/node_m
odules/[4m.pnpm[24m
/drizzle-orm@0.44.7_@
electri_5c2928a099a75
2b7e299aaadb8975aea/n
ode_modules/[4msrc[
24m/libsql/session.ts
:286:21)
        at LibSQLPrep
aredQuery.all (file:/
//D:/UIT_COURSES/SE10
0/DailyDesk/node_modu
les/[4m.pnpm[24m/dr
izzle-orm@0.44.7_@ele
ctri_5c2928a099a752b7
e299aaadb8975aea/node
_modules/[4msrc[24m
/libsql/session.ts:21
4:27)
        at 
SQLiteSelectBase.all 
(file:///D:/UIT_COURS
ES/SE100/DailyDesk/no
de_modules/[4m.pnpm
[24m/drizzle-orm@0.44
.7_@electri_5c2928a09
9a752b7e299aaadb8975a
ea/node_modules/[4ms
rc[24m/sqlite-core/q
uery-builders/select.
ts:950:26)
        at SQLiteSele
ctBase.execute (file:
///D:/UIT_COURSES/SE1
00/DailyDesk/node_mod
ules/[4m.pnpm[24m/d
rizzle-orm@0.44.7_@el
ectri_5c2928a099a752b
7e299aaadb8975aea/nod
e_modules/[4msrc[24
m/sqlite-core/query-b
uilders/select.ts:962
:15) {
      code: [32m'SQL
ITE_ERROR'[39m,
      rawCode: 
[33m1[39m
    }
  }
}
Error in boards GET 
by ID route: 
DrizzleQueryError: 
Failed query: select 
"id", "name", 
"user_id", 
"background_url", "ba
ckground_public_id", 
"background_color", 
(select coalesce(json
_group_array(json_arr
ay("id", "name", 
"order", "board_id", 
(select coalesce(json
_group_array(json_arr
ay("id", "name", 
"description", 
"order", 
"cover_url", 
"cover_public_id", 
"cover_color", 
"cover_mode", 
"list_id", 
"start_date", 
"deadline", 
"due_at", 
"due_complete", 
"reminder_minutes", 
"recurrence", 
"recurrence_day", "re
currence_weekday", 
"repeat_frequency", 
"repeat_interval", 
"latitude", 
"longitude", 
"completed", 
"is_template", 
"created_at", 
"updated_at")), 
json_array()) as 
"data" from (select 
* from "cards" "board
sTable_lists_cards" 
where "boardsTable_li
sts_cards"."list_id" 
= "boardsTable_lists"
."id" order by "board
sTable_lists_cards"."
order" asc) "boardsTa
ble_lists_cards"))), 
json_array()) as 
"data" from (select 
* from "lists" 
"boardsTable_lists" 
where "boardsTable_li
sts"."board_id" = 
"boardsTable"."id" 
order by "boardsTable
_lists"."order" asc) 
"boardsTable_lists") 
as "lists" from 
"boards" 
"boardsTable" where 
"boardsTable"."id" = 
? limit ?
params: 019bd127-d9c6
-7a8c-aae2-a95c97c640
3e,1
    at LibSQLPrepared
Query.queryWithCache 
(file:///D:/UIT_COURS
ES/SE100/DailyDesk/no
de_modules/[4m.pnpm
[24m/drizzle-orm@0.44
.7_@electri_5c2928a09
9a752b7e299aaadb8975a
ea/node_modules/[4ms
rc[24m/sqlite-core/s
ession.ts:80:11)
[90m    at processTi
cksAndRejections (nod
e:internal/process/ta
sk_queues:105:5)[39m
    at LibSQLPrepared
Query.values (file://
/D:/UIT_COURSES/SE100
/DailyDesk/node_modul
es/[4m.pnpm[24m/dri
zzle-orm@0.44.7_@elec
tri_5c2928a099a752b7e
299aaadb8975aea/node_
modules/[4msrc[24m/
libsql/session.ts:286
:10)
    at LibSQLPrepared
Query.get (file:///D:
/UIT_COURSES/SE100/Da
ilyDesk/node_modules/
[4m.pnpm[24m/drizzl
e-orm@0.44.7_@electri
_5c2928a099a752b7e299
aaadb8975aea/node_mod
ules/[4msrc[24m/lib
sql/session.ts:252:16
)
    at 
Module.getBoardById 
[90m(D:\UIT_COURSES\S
E100\DailyDesk\backen
d\[39msrc\services\b
oards.service.ts:230:
17[90m)[39m
    at [90mD:\UIT_CO
URSES\SE100\DailyDesk
\backend\[39msrc\rou
tes\boards.ts:138:23
    at dispatch (file
:///D:/UIT_COURSES/SE
100/DailyDesk/node_mo
dules/[4m.pnpm[24m/
hono@4.11.3/node_modu
les/[4mhono[24m/dis
t/compose.js:22:17)
    at file:///D:/UIT
_COURSES/SE100/DailyD
esk/node_modules/[4m
.pnpm[24m/hono@4.11.
3/node_modules/[4mho
no[24m/dist/validato
r/validator.js:81:12
    at dispatch (file
:///D:/UIT_COURSES/SE
100/DailyDesk/node_mo
dules/[4m.pnpm[24m/
hono@4.11.3/node_modu
les/[4mhono[24m/dis
t/compose.js:22:17)
    at [90mD:\UIT_CO
URSES\SE100\DailyDesk
\backend\[39mtests\h
elpers\auth.ts:27:5 {
  query: 
[32m'select "id", 
"name", "user_id", 
"background_url", "ba
ckground_public_id", 
"background_color", 
(select coalesce(json
_group_array(json_arr
ay("id", "name", 
"order", "board_id", 
(select coalesce(json
_group_array(json_arr
ay("id", "name", 
"description", 
"order", 
"cover_url", 
"cover_public_id", 
"cover_color", 
"cover_mode", 
"list_id", 
"start_date", 
"deadline", 
"due_at", 
"due_complete", 
"reminder_minutes", 
"recurrence", 
"recurrence_day", "re
currence_weekday", 
"repeat_frequency", 
"repeat_interval", 
"latitude", 
"longitude", 
"completed", 
"is_template", 
"created_at", 
"updated_at")), 
json_array()) as 
"data" from (select 
* from "cards" "board
sTable_lists_cards" 
where "boardsTable_li
sts_cards"."list_id" 
= "boardsTable_lists"
."id" order by "board
sTable_lists_cards"."
order" asc) "boardsTa
ble_lists_cards"))), 
json_array()) as 
"data" from (select 
* from "lists" 
"boardsTable_lists" 
where "boardsTable_li
sts"."board_id" = 
"boardsTable"."id" 
order by "boardsTable
_lists"."order" asc) 
"boardsTable_lists") 
as "lists" from 
"boards" 
"boardsTable" where 
"boardsTable"."id" = 
? limit ?'[39m,
  params: [ [32m'019
bd127-d9c6-7a8c-aae2-
a95c97c6403e'[39m, 
[33m1[39m ],
  cause: 
LibsqlError: 
SQLITE_ERROR: no 
such column: 
is_template
      at 
mapSqliteError (file:
///D:/UIT_COURSES/SE1
00/DailyDesk/node_mod
ules/[4m.pnpm[24m/@
libsql+client@0.15.15
/node_modules/[4m@li
bsql[24m/client/lib-
esm/sqlite3.js:392:16
)
      at executeStmt 
(file:///D:/UIT_COURS
ES/SE100/DailyDesk/no
de_modules/[4m.pnpm
[24m/@libsql+client@0
.15.15/node_modules/
[4m@libsql[24m/clien
t/lib-esm/sqlite3.js:
297:15)
 [32mΓ£ô[39m tests/users.test.ts[2m > [22mUsers Search API Integration Tests (via Members Routes)[2m > [22mGET /members/search[2m > [22mshould search users successfully with valid query
 [32mΓ£ô[39m tests/users.test.ts[2m > [22mUsers Search API Integration Tests (via Members Routes)[2m > [22mGET /members/search[2m > [22mshould handle search with pagination parameters
 [32mΓ£ô[39m tests/users.test.ts[2m > [22mUsers Search API Integration Tests (via Members Routes)[2m > [22mGET /members/search[2m > [22mshould use default pagination when not provided
 [32mΓ£ô[39m tests/users.test.ts[2m > [22mUsers Search API Integration Tests (via Members Routes)[2m > [22mGET /members/search[2m > [22mshould return empty array when no users found
 [32mΓ£ô[39m tests/users.test.ts[2m > [22mUsers Search API Integration Tests (via Members Routes)[2m > [22mGET /members/search[2m > [22mshould reject request without authentication
 [32mΓ£ô[39m tests/users.test.ts[2m > [22mUsers Search API Integration Tests (via Members Routes)[2m > [22mGET /members/search[2m > [22mshould require query parameter
 [32mΓ£ô[39m tests/users.test.ts[2m > [22mUsers Search API Integration Tests (via Members Routes)[2m > [22mGET /members/search[2m > [22mshould reject empty query parameter
 [32mΓ£ô[39m tests/users.test.ts[2m > [22mUsers Search API Integration Tests (via Members Routes)[2m > [22mGET /members/search[2m > [22mshould handle Auth0 API errors gracefully
 [32mΓ£ô[39m tests/users.test.ts[2m > [22mUsers Search API Integration Tests (via Members Routes)[2m > [22mGET /members/search[2m > [22mshould handle Auth0 API unauthorized errors
 [32mΓ£ô[39m tests/users.test.ts[2m > [22mUsers Search API Integration Tests (via Members Routes)[2m > [22mGET /members/search[2m > [22mshould handle network errors
 [32mΓ£ô[39m tests/users.test.ts[2m > [22mUsers Search API Integration Tests (via Members Routes)[2m > [22mGET /members/search[2m > [22mshould properly encode search query in URL
 [32mΓ£ô[39m tests/users.test.ts[2m > [22mUsers Search API Integration Tests (via Members Routes)[2m > [22mGET /members/search[2m > [22mshould include search_engine parameter for Auth0 v3
 [32mΓ£ô[39m tests/users.test.ts[2m > [22mUsers Search API Integration Tests (via Members Routes)[2m > [22mGET /members/search[2m > [22mshould map Auth0 user fields correctly
      at Sqlite3Clien
t.execute (file:///D:
/UIT_COURSES/SE100/Da
ilyDesk/node_modules/
[4m.pnpm[24m/@libsq
l+client@0.15.15/node
_modules/[4m@libsql
[24m/client/lib-esm/s
qlite3.js:81:16)
  [90m    ... 5 
lines matching cause 
stack trace ...[39m
      at 
QueryPromise.execute 
(file:///D:/UIT_COURS
ES/SE100/DailyDesk/no
de_modules/[4m.pnpm
[24m/drizzle-orm@0.44
.7_@electri_5c2928a09
9a752b7e299aaadb8975a
ea/node_modules/[4ms
rc[24m/sqlite-core/q
uery-builders/query.t
s:197:15)
      at 
QueryPromise.then (fi
le:///D:/UIT_COURSES/
SE100/DailyDesk/node_
modules/[4m.pnpm[24
m/drizzle-orm@0.44.7_
@electri_5c2928a099a7
52b7e299aaadb8975aea/
node_modules/[4msrc
[24m/query-promise.ts
:31:15) {
    code: [32m'SQLIT
E_ERROR'[39m,
    rawCode: 
[33m1[39m,
    [cause]: 
SqliteError: no such 
column: is_template
        at 
convertError (D:\UIT_
COURSES\SE100\DailyDe
sk\node_modules\[4m.
pnpm[24m\libsql@0.5.
22\node_modules\[4ml
ibsql[24m\index.js:5
9:12)
        at 
Database.prepare (D:\
UIT_COURSES\SE100\Dai
lyDesk\node_modules\
[4m.pnpm[24m\libsql@
0.5.22\node_modules\
[4mlibsql[24m\index.
js:131:13)
        at 
executeStmt (file:///
D:/UIT_COURSES/SE100/
DailyDesk/node_module
s/[4m.pnpm[24m/@lib
sql+client@0.15.15/no
de_modules/[4m@libsq
l[24m/client/lib-esm
/sqlite3.js:268:28)
        at Sqlite3Cli
ent.execute (file:///
D:/UIT_COURSES/SE100/
DailyDesk/node_module
s/[4m.pnpm[24m/@lib
sql+client@0.15.15/no
de_modules/[4m@libsq
l[24m/client/lib-esm
/sqlite3.js:81:16)
        at file:///D:
/UIT_COURSES/SE100/Da
ilyDesk/node_modules/
[4m.pnpm[24m/drizzl
e-orm@0.44.7_@electri
_5c2928a099a752b7e299
aaadb8975aea/node_mod
ules/[4msrc[24m/lib
sql/session.ts:288:58
        at LibSQLPrep
aredQuery.queryWithCa
che (file:///D:/UIT_C
OURSES/SE100/DailyDes
k/node_modules/[4m.p
npm[24m/drizzle-orm@
0.44.7_@electri_5c292
8a099a752b7e299aaadb8
975aea/node_modules/
[4msrc[24m/sqlite-co
re/session.ts:78:18)
        at LibSQLPrep
aredQuery.values (fil
e:///D:/UIT_COURSES/S
E100/DailyDesk/node_m
odules/[4m.pnpm[24m
/drizzle-orm@0.44.7_@
electri_5c2928a099a75
2b7e299aaadb8975aea/n
ode_modules/[4msrc[
24m/libsql/session.ts
:286:21)
        at LibSQLPrep
aredQuery.get (file:/
//D:/UIT_COURSES/SE10
0/DailyDesk/node_modu
les/[4m.pnpm[24m/dr
izzle-orm@0.44.7_@ele
ctri_5c2928a099a752b7
e299aaadb8975aea/node
_modules/[4msrc[24m
/libsql/session.ts:25
2:27)
        at QueryPromi
se.executeRaw (file:/
//D:/UIT_COURSES/SE10
0/DailyDesk/node_modu
les/[4m.pnpm[24m/dr
izzle-orm@0.44.7_@ele
ctri_5c2928a099a752b7
e299aaadb8975aea/node
_modules/[4msrc[24m
/sqlite-core/query-bu
ilders/query.ts:191:3
2)
        at 
QueryPromise.execute 
(file:///D:/UIT_COURS
ES/SE100/DailyDesk/no
de_modules/[4m.pnpm
[24m/drizzle-orm@0.44
.7_@electri_5c2928a09
9a752b7e299aaadb8975a
ea/node_modules/[4ms
rc[24m/sqlite-core/q
uery-builders/query.t
s:197:15) {
      code: [32m'SQL
ITE_ERROR'[39m,
      rawCode: 
[33m1[39m
    }
  }
}

[90mstderr[2m | tes
ts/comments.test.ts[
2m > 
[22m[2mComments 
API Integration 
Tests[2m > 
[22m[2mGET /boards/
:boardId/cards/:cardI
d/comments[2m > 
[22m[2mshould 
return comments for 
a card
[22m[39mDrizzleQuer
yError: Failed 
query: select "id", 
"name", 
"description", 
"order", 
"cover_url", 
"cover_public_id", 
"cover_color", 
"cover_mode", 
"list_id", 
"start_date", 
"deadline", 
"due_at", 
"due_complete", 
"reminder_minutes", 
"recurrence", 
"recurrence_day", "re
currence_weekday", 
"repeat_frequency", 
"repeat_interval", 
"latitude", 
"longitude", 
"completed", 
"is_template", 
"created_at", 
"updated_at" from 
"cards" where 
"cards"."list_id" = ?
params: 019bd127-d978
-7075-9290-0106c96389
9b
    at LibSQLPrepared
Query.queryWithCache 
(file:///D:/UIT_COURS
ES/SE100/DailyDesk/no
de_modules/[4m.pnpm
[24m/drizzle-orm@0.44
.7_@electri_5c2928a09
9a752b7e299aaadb8975a
ea/node_modules/[4ms
rc[24m/sqlite-core/s
ession.ts:80:11)
[90m    at processTi
cksAndRejections (nod
e:internal/process/ta
sk_queues:105:5)[39m
    at LibSQLPrepared
Query.values (file://
/D:/UIT_COURSES/SE100
/DailyDesk/node_modul
es/[4m.pnpm[24m/dri
zzle-orm@0.44.7_@elec
tri_5c2928a099a752b7e
299aaadb8975aea/node_
modules/[4msrc[24m/
libsql/session.ts:286
:10)
    at LibSQLPrepared
Query.all (file:///D:
/UIT_COURSES/SE100/Da
ilyDesk/node_modules/
[4m.pnpm[24m/drizzl
e-orm@0.44.7_@electri
_5c2928a099a752b7e299
aaadb8975aea/node_mod
ules/[4msrc[24m/lib
sql/session.ts:214:16
)
    at 
Module.createCard [9
0m(D:\UIT_COURSES\SE1
00\DailyDesk\backend\
[39msrc\services\car
ds.service.ts:319:23
[90m)[39m
    at [90mD:\UIT_CO
URSES\SE100\DailyDesk
\backend\[39msrc\rou
tes\cards.ts:152:22
    at dispatch (file
:///D:/UIT_COURSES/SE
100/DailyDesk/node_mo
dules/[4m.pnpm[24m/
hono@4.11.3/node_modu
les/[4mhono[24m/dis
t/compose.js:22:17)
    at file:///D:/UIT
_COURSES/SE100/DailyD
esk/node_modules/[4m
.pnpm[24m/hono@4.11.
3/node_modules/[4mho
no[24m/dist/validato
r/validator.js:81:12
    at mw (file:///D:
/UIT_COURSES/SE100/Da
ilyDesk/node_modules/
[4m.pnpm[24m/@hono+
zod-openapi@1.2.0_hon
o@4.11.3_zod@4.3.5/no
de_modules/[4m@hono
[24m/zod-openapi/src/
index.ts:546:26)
    at dispatch (file
:///D:/UIT_COURSES/SE
100/DailyDesk/node_mo
dules/[4m.pnpm[24m/
hono@4.11.3/node_modu
les/[4mhono[24m/dis
t/compose.js:22:17) {
  query: 
[32m'select "id", 
"name", 
"description", 
"order", 
"cover_url", 
"cover_public_id", 
"cover_color", 
"cover_mode", 
"list_id", 
"start_date", 
"deadline", 
"due_at", 
"due_complete", 
"reminder_minutes", 
"recurrence", 
"recurrence_day", "re
currence_weekday", 
"repeat_frequency", 
"repeat_interval", 
"latitude", 
"longitude", 
"completed", 
"is_template", 
"created_at", 
"updated_at" from 
"cards" where 
"cards"."list_id" = 
?'[39m,
  params: [ [32m'019
bd127-d978-7075-9290-
0106c963899b'[39m ],
  cause: 
LibsqlError: 
SQLITE_ERROR: no 
such column: 
is_template
      at 
mapSqliteError (file:
///D:/UIT_COURSES/SE1
00/DailyDesk/node_mod
ules/[4m.pnpm[24m/@
libsql+client@0.15.15
/node_modules/[4m@li
bsql[24m/client/lib-
esm/sqlite3.js:392:16
)
      at executeStmt 
(file:///D:/UIT_COURS
ES/SE100/DailyDesk/no
de_modules/[4m.pnpm
[24m/@libsql+client@0
.15.15/node_modules/
[4m@libsql[24m/clien
t/lib-esm/sqlite3.js:
297:15)
      at Sqlite3Clien
t.execute (file:///D:
/UIT_COURSES/SE100/Da
ilyDesk/node_modules/
[4m.pnpm[24m/@libsq
l+client@0.15.15/node
_modules/[4m@libsql
[24m/client/lib-esm/s
qlite3.js:81:16)
  [90m    ... 5 
lines matching cause 
stack trace ...[39m
      at SQLiteSelect
Base.execute (file://
/D:/UIT_COURSES/SE100
/DailyDesk/node_modul
es/[4m.pnpm[24m/dri
zzle-orm@0.44.7_@elec
tri_5c2928a099a752b7e
299aaadb8975aea/node_
modules/[4msrc[24m/
sqlite-core/query-bui
lders/select.ts:962:1
5)
      at SQLiteSelect
Base.then (file:///D:
/UIT_COURSES/SE100/Da
ilyDesk/node_modules/
[4m.pnpm[24m/drizzl
e-orm@0.44.7_@electri
_5c2928a099a752b7e299
aaadb8975aea/node_mod
ules/[4msrc[24m/que
ry-promise.ts:31:15) 
{
    code: [32m'SQLIT
E_ERROR'[39m,
    rawCode: 
[33m1[39m,
    [cause]: 
SqliteError: no such 
column: is_template
        at 
convertError (D:\UIT_
COURSES\SE100\DailyDe
sk\node_modules\[4m.
pnpm[24m\libsql@0.5.
22\node_modules\[4ml
ibsql[24m\index.js:5
9:12)
        at 
Database.prepare (D:\
UIT_COURSES\SE100\Dai
lyDesk\node_modules\
[4m.pnpm[24m\libsql@
0.5.22\node_modules\
[4mlibsql[24m\index.
js:131:13)
        at 
executeStmt (file:///
D:/UIT_COURSES/SE100/
DailyDesk/node_module
s/[4m.pnpm[24m/@lib
sql+client@0.15.15/no
de_modules/[4m@libsq
l[24m/client/lib-esm
/sqlite3.js:268:28)
        at Sqlite3Cli
ent.execute (file:///
D:/UIT_COURSES/SE100/
DailyDesk/node_module
s/[4m.pnpm[24m/@lib
sql+client@0.15.15/no
de_modules/[4m@libsq
l[24m/client/lib-esm
/sqlite3.js:81:16)
        at file:///D:
/UIT_COURSES/SE100/Da
ilyDesk/node_modules/
[4m.pnpm[24m/drizzl
e-orm@0.44.7_@electri
_5c2928a099a752b7e299
aaadb8975aea/node_mod
ules/[4msrc[24m/lib
sql/session.ts:288:58
        at LibSQLPrep
aredQuery.queryWithCa
che (file:///D:/UIT_C
OURSES/SE100/DailyDes
k/node_modules/[4m.p
npm[24m/drizzle-orm@
0.44.7_@electri_5c292
8a099a752b7e299aaadb8
975aea/node_modules/
[4msrc[24m/sqlite-co
re/session.ts:78:18)
        at LibSQLPrep
aredQuery.values (fil
e:///D:/UIT_COURSES/S
E100/DailyDesk/node_m
odules/[4m.pnpm[24m
/drizzle-orm@0.44.7_@
electri_5c2928a099a75
2b7e299aaadb8975aea/n
ode_modules/[4msrc[
24m/libsql/session.ts
:286:21)
        at LibSQLPrep
aredQuery.all (file:/
//D:/UIT_COURSES/SE10
0/DailyDesk/node_modu
les/[4m.pnpm[24m/dr
izzle-orm@0.44.7_@ele
ctri_5c2928a099a752b7
e299aaadb8975aea/node
_modules/[4msrc[24m
/libsql/session.ts:21
4:27)
        at 
SQLiteSelectBase.all 
(file:///D:/UIT_COURS
ES/SE100/DailyDesk/no
de_modules/[4m.pnpm
[24m/drizzle-orm@0.44
.7_@electri_5c2928a09
9a752b7e299aaadb8975a
ea/node_modules/[4ms
rc[24m/sqlite-core/q
uery-builders/select.
ts:950:26)
        at SQLiteSele
ctBase.execute (file:
///D:/UIT_COURSES/SE1
00/DailyDesk/node_mod
ules/[4m.pnpm[24m/d
rizzle-orm@0.44.7_@el
ectri_5c2928a099a752b
7e299aaadb8975aea/nod
e_modules/[4msrc[24
m/sqlite-core/query-b
uilders/select.ts:962
:15) {
      code: [32m'SQL
ITE_ERROR'[39m,
      rawCode: 
[33m1[39m
    }
  }
}

[90mstderr[2m | tes
ts/lists.test.ts[2m 
> [22m[2mLists API 
Integration 
Tests[2m > 
[22m[2mList 
ordering[2m > 
[22m[2mshould 
maintain correct 
order when multiple 
lists are created
[22m[39mError in 
boards GET by ID 
route: 
DrizzleQueryError: 
Failed query: select 
"id", "name", 
"user_id", 
"background_url", "ba
ckground_public_id", 
"background_color", 
(select coalesce(json
_group_array(json_arr
ay("id", "name", 
"order", "board_id", 
(select coalesce(json
_group_array(json_arr
ay("id", "name", 
"description", 
"order", 
"cover_url", 
"cover_public_id", 
"cover_color", 
"cover_mode", 
"list_id", 
"start_date", 
"deadline", 
"due_at", 
"due_complete", 
"reminder_minutes", 
"recurrence", 
"recurrence_day", "re
currence_weekday", 
"repeat_frequency", 
"repeat_interval", 
"latitude", 
"longitude", 
"completed", 
"is_template", 
"created_at", 
"updated_at")), 
json_array()) as 
"data" from (select 
* from "cards" "board
sTable_lists_cards" 
where "boardsTable_li
sts_cards"."list_id" 
= "boardsTable_lists"
."id" order by "board
sTable_lists_cards"."
order" asc) "boardsTa
ble_lists_cards"))), 
json_array()) as 
"data" from (select 
* from "lists" 
"boardsTable_lists" 
where "boardsTable_li
sts"."board_id" = 
"boardsTable"."id" 
order by "boardsTable
_lists"."order" asc) 
"boardsTable_lists") 
as "lists" from 
"boards" 
"boardsTable" where 
"boardsTable"."id" = 
? limit ?
params: 019bd127-d9ee
-7603-b4d8-d953d8bdcc
0e,1
    at LibSQLPrepared
Query.queryWithCache 
(file:///D:/UIT_COURS
ES/SE100/DailyDesk/no
de_modules/[4m.pnpm
[24m/drizzle-orm@0.44
.7_@electri_5c2928a09
9a752b7e299aaadb8975a
ea/node_modules/[4ms
rc[24m/sqlite-core/s
ession.ts:80:11)
[90m    at processTi
cksAndRejections (nod
e:internal/process/ta
sk_queues:105:5)[39m
    at LibSQLPrepared
Query.values (file://
/D:/UIT_COURSES/SE100
/DailyDesk/node_modul
es/[4m.pnpm[24m/dri
zzle-orm@0.44.7_@elec
tri_5c2928a099a752b7e
299aaadb8975aea/node_
modules/[4msrc[24m/
libsql/session.ts:286
:10)
    at LibSQLPrepared
Query.get (file:///D:
/UIT_COURSES/SE100/Da
ilyDesk/node_modules/
[4m.pnpm[24m/drizzl
e-orm@0.44.7_@electri
_5c2928a099a752b7e299
aaadb8975aea/node_mod
ules/[4msrc[24m/lib
sql/session.ts:252:16
)
    at 
Module.getBoardById 
[90m(D:\UIT_COURSES\S
E100\DailyDesk\backen
d\[39msrc\services\b
oards.service.ts:230:
17[90m)[39m
    at [90mD:\UIT_CO
URSES\SE100\DailyDesk
\backend\[39msrc\rou
tes\boards.ts:138:23
    at dispatch (file
:///D:/UIT_COURSES/SE
100/DailyDesk/node_mo
dules/[4m.pnpm[24m/
hono@4.11.3/node_modu
les/[4mhono[24m/dis
t/compose.js:22:17)
    at file:///D:/UIT
_COURSES/SE100/DailyD
esk/node_modules/[4m
.pnpm[24m/hono@4.11.
3/node_modules/[4mho
no[24m/dist/validato
r/validator.js:81:12
    at dispatch (file
:///D:/UIT_COURSES/SE
100/DailyDesk/node_mo
dules/[4m.pnpm[24m/
hono@4.11.3/node_modu
les/[4mhono[24m/dis
t/compose.js:22:17)
    at [90mD:\UIT_CO
URSES\SE100\DailyDesk
\backend\[39mtests\h
elpers\auth.ts:27:5 {
  query: 
[32m'select "id", 
"name", "user_id", 
"background_url", "ba
ckground_public_id", 
"background_color", 
(select coalesce(json
_group_array(json_arr
ay("id", "name", 
"order", "board_id", 
(select coalesce(json
_group_array(json_arr
ay("id", "name", 
"description", 
"order", 
"cover_url", 
"cover_public_id", 
"cover_color", 
"cover_mode", 
"list_id", 
"start_date", 
"deadline", 
"due_at", 
"due_complete", 
"reminder_minutes", 
"recurrence", 
"recurrence_day", "re
currence_weekday", 
"repeat_frequency", 
"repeat_interval", 
"latitude", 
"longitude", 
"completed", 
"is_template", 
"created_at", 
"updated_at")), 
json_array()) as 
"data" from (select 
* from "cards" "board
sTable_lists_cards" 
where "boardsTable_li
sts_cards"."list_id" 
= "boardsTable_lists"
."id" order by "board
sTable_lists_cards"."
order" asc) "boardsTa
ble_lists_cards"))), 
json_array()) as 
"data" from (select 
* from "lists" 
"boardsTable_lists" 
where "boardsTable_li
sts"."board_id" = 
"boardsTable"."id" 
order by "boardsTable
_lists"."order" asc) 
"boardsTable_lists") 
as "lists" from 
"boards" 
"boardsTable" where 
"boardsTable"."id" = 
? limit ?'[39m,
  params: [ [32m'019
bd127-d9ee-7603-b4d8-
d953d8bdcc0e'[39m, 
[33m1[39m ],
  cause: 
LibsqlError: 
SQLITE_ERROR: no 
such column: 
is_template
      at 
mapSqliteError (file:
///D:/UIT_COURSES/SE1
00/DailyDesk/node_mod
ules/[4m.pnpm[24m/@
libsql+client@0.15.15
/node_modules/[4m@li
bsql[24m/client/lib-
esm/sqlite3.js:392:16
)
      at executeStmt 
(file:///D:/UIT_COURS
ES/SE100/DailyDesk/no
de_modules/[4m.pnpm
[24m/@libsql+client@0
.15.15/node_modules/
[4m@libsql[24m/clien
t/lib-esm/sqlite3.js:
297:15)
      at Sqlite3Clien
t.execute (file:///D:
/UIT_COURSES/SE100/Da
ilyDesk/node_modules/
[4m.pnpm[24m/@libsq
l+client@0.15.15/node
_modules/[4m@libsql
[24m/client/lib-esm/s
qlite3.js:81:16)
  [90m    ... 5 
lines matching cause 
stack trace ...[39m
      at 
QueryPromise.execute 
(file:///D:/UIT_COURS
ES/SE100/DailyDesk/no
de_modules/[4m.pnpm
[24m/drizzle-orm@0.44
.7_@electri_5c2928a09
9a752b7e299aaadb8975a
ea/node_modules/[4ms
rc[24m/sqlite-core/q
uery-builders/query.t
s:197:15)
      at 
QueryPromise.then (fi
le:///D:/UIT_COURSES/
SE100/DailyDesk/node_
modules/[4m.pnpm[24
m/drizzle-orm@0.44.7_
@electri_5c2928a099a7
52b7e299aaadb8975aea/
node_modules/[4msrc
[24m/query-promise.ts
:31:15) {
    code: [32m'SQLIT
E_ERROR'[39m,
    rawCode: 
[33m1[39m,
    [cause]: 
SqliteError: no such 
column: is_template
        at 
convertError (D:\UIT_
COURSES\SE100\DailyDe
sk\node_modules\[4m.
pnpm[24m\libsql@0.5.
22\node_modules\[4ml
ibsql[24m\index.js:5
9:12)
        at 
Database.prepare (D:\
UIT_COURSES\SE100\Dai
lyDesk\node_modules\
[4m.pnpm[24m\libsql@
0.5.22\node_modules\
[4mlibsql[24m\index.
js:131:13)
        at 
executeStmt (file:///
D:/UIT_COURSES/SE100/
DailyDesk/node_module
s/[4m.pnpm[24m/@lib
sql+client@0.15.15/no
de_modules/[4m@libsq
l[24m/client/lib-esm
/sqlite3.js:268:28)
        at Sqlite3Cli
ent.execute (file:///
D:/UIT_COURSES/SE100/
DailyDesk/node_module
s/[4m.pnpm[24m/@lib
sql+client@0.15.15/no
de_modules/[4m@libsq
l[24m/client/lib-esm
/sqlite3.js:81:16)
        at file:///D:
/UIT_COURSES/SE100/Da
ilyDesk/node_modules/
[4m.pnpm[24m/drizzl
e-orm@0.44.7_@electri
_5c2928a099a752b7e299
aaadb8975aea/node_mod
ules/[4msrc[24m/lib
sql/session.ts:288:58
        at LibSQLPrep
aredQuery.queryWithCa
che (file:///D:/UIT_C
OURSES/SE100/DailyDes
k/node_modules/[4m.p
npm[24m/drizzle-orm@
0.44.7_@electri_5c292
8a099a752b7e299aaadb8
975aea/node_modules/
[4msrc[24m/sqlite-co
re/session.ts:78:18)
        at LibSQLPrep
aredQuery.values (fil
e:///D:/UIT_COURSES/S
E100/DailyDesk/node_m
odules/[4m.pnpm[24m
/drizzle-orm@0.44.7_@
electri_5c2928a099a75
2b7e299aaadb8975aea/n
ode_modules/[4msrc[
24m/libsql/session.ts
:286:21)
        at LibSQLPrep
aredQuery.get (file:/
//D:/UIT_COURSES/SE10
0/DailyDesk/node_modu
les/[4m.pnpm[24m/dr
izzle-orm@0.44.7_@ele
ctri_5c2928a099a752b7
e299aaadb8975aea/node
_modules/[4msrc[24m
/libsql/session.ts:25
2:27)
        at QueryPromi
se.executeRaw (file:/
//D:/UIT_COURSES/SE10
0/DailyDesk/node_modu
les/[4m.pnpm[24m/dr
izzle-orm@0.44.7_@ele
ctri_5c2928a099a752b7
e299aaadb8975aea/node
_modules/[4msrc[24m
/sqlite-core/query-bu
ilders/query.ts:191:3
2)
        at 
QueryPromise.execute 
(file:///D:/UIT_COURS
ES/SE100/DailyDesk/no
de_modules/[4m.pnpm
[24m/drizzle-orm@0.44
.7_@electri_5c2928a09
9a752b7e299aaadb8975a
ea/node_modules/[4ms
rc[24m/sqlite-core/q
uery-builders/query.t
s:197:15) {
      code: [32m'SQL
ITE_ERROR'[39m,
      rawCode: 
[33m1[39m
    }
  }
}

[90mstderr[2m | tes
ts/comments.test.ts[
2m > 
[22m[2mComments 
API Integration 
Tests[2m > 
[22m[2mPUT /boards/
:boardId/cards/:cardI
d/comments/:commentId
[2m > 
[22m[2mshould 
update a comment
[22m[39mDrizzleQuer
yError: Failed 
query: select "id", 
"name", 
"description", 
"order", 
"cover_url", 
"cover_public_id", 
"cover_color", 
"cover_mode", 
"list_id", 
"start_date", 
"deadline", 
"due_at", 
"due_complete", 
"reminder_minutes", 
"recurrence", 
"recurrence_day", "re
currence_weekday", 
"repeat_frequency", 
"repeat_interval", 
"latitude", 
"longitude", 
"completed", 
"is_template", 
"created_at", 
"updated_at" from 
"cards" where 
"cards"."list_id" = ?
params: 019bd127-d9a0
-7b8a-868a-d44e1262fd
32
    at LibSQLPrepared
Query.queryWithCache 
(file:///D:/UIT_COURS
ES/SE100/DailyDesk/no
de_modules/[4m.pnpm
[24m/drizzle-orm@0.44
.7_@electri_5c2928a09
9a752b7e299aaadb8975a
ea/node_modules/[4ms
rc[24m/sqlite-core/s
ession.ts:80:11)
[90m    at processTi
cksAndRejections (nod
e:internal/process/ta
sk_queues:105:5)[39m
    at LibSQLPrepared
Query.values (file://
/D:/UIT_COURSES/SE100
/DailyDesk/node_modul
es/[4m.pnpm[24m/dri
zzle-orm@0.44.7_@elec
tri_5c2928a099a752b7e
299aaadb8975aea/node_
modules/[4msrc[24m/
libsql/session.ts:286
:10)
    at LibSQLPrepared
Query.all (file:///D:
/UIT_COURSES/SE100/Da
ilyDesk/node_modules/
[4m.pnpm[24m/drizzl
e-orm@0.44.7_@electri
_5c2928a099a752b7e299
aaadb8975aea/node_mod
ules/[4msrc[24m/lib
sql/session.ts:214:16
)
    at 
Module.createCard [9
0m(D:\UIT_COURSES\SE1
00\DailyDesk\backend\
[39msrc\services\car
ds.service.ts:319:23
[90m)[39m
    at [90mD:\UIT_CO
URSES\SE100\DailyDesk
\backend\[39msrc\rou
tes\cards.ts:152:22
    at dispatch (file
:///D:/UIT_COURSES/SE
100/DailyDesk/node_mo
dules/[4m.pnpm[24m/
hono@4.11.3/node_modu
les/[4mhono[24m/dis
t/compose.js:22:17)
    at file:///D:/UIT
_COURSES/SE100/DailyD
esk/node_modules/[4m
.pnpm[24m/hono@4.11.
3/node_modules/[4mho
no[24m/dist/validato
r/validator.js:81:12
    at mw (file:///D:
/UIT_COURSES/SE100/Da
ilyDesk/node_modules/
[4m.pnpm[24m/@hono+
zod-openapi@1.2.0_hon
o@4.11.3_zod@4.3.5/no
de_modules/[4m@hono
[24m/zod-openapi/src/
index.ts:546:26)
    at dispatch (file
:///D:/UIT_COURSES/SE
100/DailyDesk/node_mo
dules/[4m.pnpm[24m/
hono@4.11.3/node_modu
les/[4mhono[24m/dis
t/compose.js:22:17) {
  query: 
[32m'select "id", 
"name", 
"description", 
"order", 
"cover_url", 
"cover_public_id", 
"cover_color", 
"cover_mode", 
"list_id", 
"start_date", 
"deadline", 
"due_at", 
"due_complete", 
"reminder_minutes", 
"recurrence", 
"recurrence_day", "re
currence_weekday", 
"repeat_frequency", 
"repeat_interval", 
"latitude", 
"longitude", 
"completed", 
"is_template", 
"created_at", 
"updated_at" from 
"cards" where 
"cards"."list_id" = 
?'[39m,
  params: [ [32m'019
bd127-d9a0-7b8a-868a-
d44e1262fd32'[39m ],
  cause: 
LibsqlError: 
SQLITE_ERROR: no 
such column: 
is_template
      at 
mapSqliteError (file:
///D:/UIT_COURSES/SE1
00/DailyDesk/node_mod
ules/[4m.pnpm[24m/@
libsql+client@0.15.15
/node_modules/[4m@li
bsql[24m/client/lib-
esm/sqlite3.js:392:16
)
      at executeStmt 
(file:///D:/UIT_COURS
ES/SE100/DailyDesk/no
de_modules/[4m.pnpm
[24m/@libsql+client@0
.15.15/node_modules/
[4m@libsql[24m/clien
t/lib-esm/sqlite3.js:
297:15)
      at Sqlite3Clien
t.execute (file:///D:
/UIT_COURSES/SE100/Da
ilyDesk/node_modules/
[4m.pnpm[24m/@libsq
l+client@0.15.15/node
_modules/[4m@libsql
[24m/client/lib-esm/s
qlite3.js:81:16)
  [90m    ... 5 
lines matching cause 
stack trace ...[39m
      at SQLiteSelect
Base.execute (file://
/D:/UIT_COURSES/SE100
/DailyDesk/node_modul
es/[4m.pnpm[24m/dri
zzle-orm@0.44.7_@elec
tri_5c2928a099a752b7e
299aaadb8975aea/node_
modules/[4msrc[24m/
sqlite-core/query-bui
lders/select.ts:962:1
5)
      at SQLiteSelect
Base.then (file:///D:
/UIT_COURSES/SE100/Da
ilyDesk/node_modules/
[4m.pnpm[24m/drizzl
e-orm@0.44.7_@electri
_5c2928a099a752b7e299
aaadb8975aea/node_mod
ules/[4msrc[24m/que
ry-promise.ts:31:15) 
{
    code: [32m'SQLIT
E_ERROR'[39m,
    rawCode: 
[33m1[39m,
    [cause]: 
SqliteError: no such 
column: is_template
        at 
convertError (D:\UIT_
COURSES\SE100\DailyDe
sk\node_modules\[4m.
pnpm[24m\libsql@0.5.
22\node_modules\[4ml
ibsql[24m\index.js:5
9:12)
        at 
Database.prepare (D:\
UIT_COURSES\SE100\Dai
lyDesk\node_modules\
[4m.pnpm[24m\libsql@
0.5.22\node_modules\
[4mlibsql[24m\index.
js:131:13)
        at 
executeStmt (file:///
D:/UIT_COURSES/SE100/
DailyDesk/node_module
s/[4m.pnpm[24m/@lib
sql+client@0.15.15/no
de_modules/[4m@libsq
l[24m/client/lib-esm
/sqlite3.js:268:28)
        at Sqlite3Cli
ent.execute (file:///
D:/UIT_COURSES/SE100/
DailyDesk/node_module
s/[4m.pnpm[24m/@lib
sql+client@0.15.15/no
de_modules/[4m@libsq
l[24m/client/lib-esm
/sqlite3.js:81:16)
        at file:///D:
/UIT_COURSES/SE100/Da
ilyDesk/node_modules/
[4m.pnpm[24m/drizzl
e-orm@0.44.7_@electri
_5c2928a099a752b7e299
aaadb8975aea/node_mod
ules/[4msrc[24m/lib
sql/session.ts:288:58
        at LibSQLPrep
aredQuery.queryWithCa
che (file:///D:/UIT_C
OURSES/SE100/DailyDes
k/node_modules/[4m.p
npm[24m/drizzle-orm@
0.44.7_@electri_5c292
8a099a752b7e299aaadb8
975aea/node_modules/
[4msrc[24m/sqlite-co
re/session.ts:78:18)
        at LibSQLPrep
aredQuery.values (fil
e:///D:/UIT_COURSES/S
E100/DailyDesk/node_m
odules/[4m.pnpm[24m
/drizzle-orm@0.44.7_@
electri_5c2928a099a75
2b7e299aaadb8975aea/n
ode_modules/[4msrc[
24m/libsql/session.ts
:286:21)
        at LibSQLPrep
aredQuery.all (file:/
//D:/UIT_COURSES/SE10
0/DailyDesk/node_modu
les/[4m.pnpm[24m/dr
izzle-orm@0.44.7_@ele
ctri_5c2928a099a752b7
e299aaadb8975aea/node
_modules/[4msrc[24m
/libsql/session.ts:21
4:27)
        at 
SQLiteSelectBase.all 
(file:///D:/UIT_COURS
ES/SE100/DailyDesk/no
de_modules/[4m.pnpm
[24m/drizzle-orm@0.44
.7_@electri_5c2928a09
9a752b7e299aaadb8975a
ea/node_modules/[4ms
rc[24m/sqlite-core/q
uery-builders/select.
ts:950:26)
        at SQLiteSele
ctBase.execute (file:
///D:/UIT_COURSES/SE1
00/DailyDesk/node_mod
ules/[4m.pnpm[24m/d
rizzle-orm@0.44.7_@el
ectri_5c2928a099a752b
7e299aaadb8975aea/nod
e_modules/[4msrc[24
m/sqlite-core/query-b
uilders/select.ts:962
:15) {
      code: [32m'SQL
ITE_ERROR'[39m,
      rawCode: 
[33m1[39m
    }
  }
}

[90mstderr[2m | tes
ts/comments.test.ts[
2m > 
[22m[2mComments 
API Integration 
Tests[2m > 
[22m[2mDELETE /boar
ds/:boardId/cards/:ca
rdId/comments/:commen
tId[2m > 
[22m[2mshould 
delete a comment
[22m[39mDrizzleQuer
yError: Failed 
query: select "id", 
"name", 
"description", 
"order", 
"cover_url", 
"cover_public_id", 
"cover_color", 
"cover_mode", 
"list_id", 
"start_date", 
"deadline", 
"due_at", 
"due_complete", 
"reminder_minutes", 
"recurrence", 
"recurrence_day", "re
currence_weekday", 
"repeat_frequency", 
"repeat_interval", 
"latitude", 
"longitude", 
"completed", 
"is_template", 
"created_at", 
"updated_at" from 
"cards" where 
"cards"."list_id" = ?
params: 019bd127-d9bf
-76c5-966d-22b63270e7
09
    at LibSQLPrepared
Query.queryWithCache 
(file:///D:/UIT_COURS
ES/SE100/DailyDesk/no
de_modules/[4m.pnpm
[24m/drizzle-orm@0.44
.7_@electri_5c2928a09
9a752b7e299aaadb8975a
ea/node_modules/[4ms
rc[24m/sqlite-core/s
ession.ts:80:11)
[90m    at processTi
cksAndRejections (nod
e:internal/process/ta
sk_queues:105:5)[39m
    at LibSQLPrepared
Query.values (file://
/D:/UIT_COURSES/SE100
/DailyDesk/node_modul
es/[4m.pnpm[24m/dri
zzle-orm@0.44.7_@elec
tri_5c2928a099a752b7e
299aaadb8975aea/node_
modules/[4msrc[24m/
libsql/session.ts:286
:10)
    at LibSQLPrepared
Query.all (file:///D:
/UIT_COURSES/SE100/Da
ilyDesk/node_modules/
[4m.pnpm[24m/drizzl
e-orm@0.44.7_@electri
_5c2928a099a752b7e299
aaadb8975aea/node_mod
ules/[4msrc[24m/lib
sql/session.ts:214:16
)
    at 
Module.createCard [9
0m(D:\UIT_COURSES\SE1
00\DailyDesk\backend\
[39msrc\services\car
ds.service.ts:319:23
[90m)[39m
    at [90mD:\UIT_CO
URSES\SE100\DailyDesk
\backend\[39msrc\rou
tes\cards.ts:152:22
    at dispatch (file
:///D:/UIT_COURSES/SE
100/DailyDesk/node_mo
dules/[4m.pnpm[24m/
hono@4.11.3/node_modu
les/[4mhono[24m/dis
t/compose.js:22:17)
    at file:///D:/UIT
_COURSES/SE100/DailyD
esk/node_modules/[4m
.pnpm[24m/hono@4.11.
3/node_modules/[4mho
no[24m/dist/validato
r/validator.js:81:12
    at mw (file:///D:
/UIT_COURSES/SE100/Da
ilyDesk/node_modules/
[4m.pnpm[24m/@hono+
zod-openapi@1.2.0_hon
o@4.11.3_zod@4.3.5/no
de_modules/[4m@hono
[24m/zod-openapi/src/
index.ts:546:26)
    at dispatch (file
:///D:/UIT_COURSES/SE
100/DailyDesk/node_mo
dules/[4m.pnpm[24m/
hono@4.11.3/node_modu
les/[4mhono[24m/dis
t/compose.js:22:17) {
  query: 
[32m'select "id", 
"name", 
"description", 
"order", 
"cover_url", 
"cover_public_id", 
"cover_color", 
"cover_mode", 
"list_id", 
"start_date", 
"deadline", 
"due_at", 
"due_complete", 
"reminder_minutes", 
"recurrence", 
"recurrence_day", "re
currence_weekday", 
"repeat_frequency", 
"repeat_interval", 
"latitude", 
"longitude", 
"completed", 
"is_template", 
"created_at", 
"updated_at" from 
"cards" where 
"cards"."list_id" = 
?'[39m,
  params: [ [32m'019
bd127-d9bf-76c5-966d-
22b63270e709'[39m ],
  cause: 
LibsqlError: 
SQLITE_ERROR: no 
such column: 
is_template
      at 
mapSqliteError (file:
///D:/UIT_COURSES/SE1
00/DailyDesk/node_mod
ules/[4m.pnpm[24m/@
libsql+client@0.15.15
/node_modules/[4m@li
bsql[24m/client/lib-
esm/sqlite3.js:392:16
)
      at executeStmt 
(file:///D:/UIT_COURS
ES/SE100/DailyDesk/no
de_modules/[4m.pnpm
[24m/@libsql+client@0
.15.15/node_modules/
[4m@libsql[24m/clien
t/lib-esm/sqlite3.js:
297:15)
      at Sqlite3Clien
t.execute (file:///D:
/UIT_COURSES/SE100/Da
ilyDesk/node_modules/
[4m.pnpm[24m/@libsq
l+client@0.15.15/node
_modules/[4m@libsql
[24m/client/lib-esm/s
qlite3.js:81:16)
  [90m    ... 5 
lines matching cause 
stack trace ...[39m
      at SQLiteSelect
Base.execute (file://
/D:/UIT_COURSES/SE100
/DailyDesk/node_modul
es/[4m.pnpm[24m/dri
zzle-orm@0.44.7_@elec
tri_5c2928a099a752b7e
299aaadb8975aea/node_
modules/[4msrc[24m/
sqlite-core/query-bui
lders/select.ts:962:1
5)
      at SQLiteSelect
Base.then (file:///D:
/UIT_COURSES/SE100/Da
ilyDesk/node_modules/
[4m.pnpm[24m/drizzl
e-orm@0.44.7_@electri
_5c2928a099a752b7e299
aaadb8975aea/node_mod
ules/[4msrc[24m/que
ry-promise.ts:31:15) 
{
    code: [32m'SQLIT
E_ERROR'[39m,
    rawCode: 
[33m1[39m,
    [cause]: 
SqliteError: no such 
column: is_template
        at 
convertError (D:\UIT_
COURSES\SE100\DailyDe
sk\node_modules\[4m.
pnpm[24m\libsql@0.5.
22\node_modules\[4ml
ibsql[24m\index.js:5
9:12)
        at 
Database.prepare (D:\
UIT_COURSES\SE100\Dai
lyDesk\node_modules\
[4m.pnpm[24m\libsql@
0.5.22\node_modules\
[4mlibsql[24m\index.
js:131:13)
        at 
executeStmt (file:///
D:/UIT_COURSES/SE100/
DailyDesk/node_module
s/[4m.pnpm[24m/@lib
sql+client@0.15.15/no
de_modules/[4m@libsq
l[24m/client/lib-esm
/sqlite3.js:268:28)
        at Sqlite3Cli
ent.execute (file:///
D:/UIT_COURSES/SE100/
DailyDesk/node_module
s/[4m.pnpm[24m/@lib
sql+client@0.15.15/no
de_modules/[4m@libsq
l[24m/client/lib-esm
/sqlite3.js:81:16)
        at file:///D:
/UIT_COURSES/SE100/Da
ilyDesk/node_modules/
[4m.pnpm[24m/drizzl
e-orm@0.44.7_@electri
_5c2928a099a752b7e299
aaadb8975aea/node_mod
ules/[4msrc[24m/lib
sql/session.ts:288:58
        at LibSQLPrep
aredQuery.queryWithCa
che (file:///D:/UIT_C
OURSES/SE100/DailyDes
k/node_modules/[4m.p
npm[24m/drizzle-orm@
0.44.7_@electri_5c292
8a099a752b7e299aaadb8
975aea/node_modules/
[4msrc[24m/sqlite-co
re/session.ts:78:18)
        at LibSQLPrep
aredQuery.values (fil
e:///D:/UIT_COURSES/S
E100/DailyDesk/node_m
odules/[4m.pnpm[24m
/drizzle-orm@0.44.7_@
electri_5c2928a099a75
2b7e299aaadb8975aea/n
ode_modules/[4msrc[
24m/libsql/session.ts
:286:21)
        at LibSQLPrep
aredQuery.all (file:/
//D:/UIT_COURSES/SE10
0/DailyDesk/node_modu
les/[4m.pnpm[24m/dr
izzle-orm@0.44.7_@ele
ctri_5c2928a099a752b7
e299aaadb8975aea/node
_modules/[4msrc[24m
/libsql/session.ts:21
4:27)
        at 
SQLiteSelectBase.all 
(file:///D:/UIT_COURS
ES/SE100/DailyDesk/no
de_modules/[4m.pnpm
[24m/drizzle-orm@0.44
.7_@electri_5c2928a09
9a752b7e299aaadb8975a
ea/node_modules/[4ms
rc[24m/sqlite-core/q
uery-builders/select.
ts:950:26)
        at SQLiteSele
ctBase.execute (file:
///D:/UIT_COURSES/SE1
00/DailyDesk/node_mod
ules/[4m.pnpm[24m/d
rizzle-orm@0.44.7_@el
ectri_5c2928a099a752b
7e299aaadb8975aea/nod
e_modules/[4msrc[24
m/sqlite-core/query-b
uilders/select.ts:962
:15) {
      code: [32m'SQL
ITE_ERROR'[39m,
      rawCode: 
[33m1[39m
    }
  }
}

 [32mΓ£ô[39m tests/lists.test.ts[2m > [22mLists API Integration Tests[2m > [22mPOST /boards/:boardId/lists[2m > [22mshould create a new list
 [32mΓ£ô[39m tests/lists.test.ts[2m > [22mLists API Integration Tests[2m > [22mPOST /boards/:boardId/lists[2m > [22mshould validate board exists
 [32mΓ£ô[39m tests/lists.test.ts[2m > [22mLists API Integration Tests[2m > [22mPOST /boards/:boardId/lists[2m > [22mshould require authentication
 [32mΓ£ô[39m tests/lists.test.ts[2m > [22mLists API Integration Tests[2m > [22mPUT /boards/:boardId/lists/:id[2m > [22mshould update list name
 [32mΓ£ô[39m tests/lists.test.ts[2m > [22mLists API Integration Tests[2m > [22mPUT /boards/:boardId/lists/:id[2m > [22mshould update list order
 [31m├ù[39m tests/lists.test.ts[2m > [22mLists API Integration Tests[2m > [22mDELETE /boards/:boardId/lists/:id[2m > [22mshould delete a list
[31m   ΓåÆ Cannot read properties of undefined (reading 'find')[39m
 [31m├ù[39m tests/lists.test.ts[2m > [22mLists API Integration Tests[2m > [22mDELETE /boards/:boardId/lists/:id[2m > [22mshould cascade delete cards when list is deleted
[31m   ΓåÆ Cannot read properties of undefined (reading 'flatMap')[39m
 [31m├ù[39m tests/lists.test.ts[2m > [22mLists API Integration Tests[2m > [22mList ordering[2m > [22mshould maintain correct order when multiple lists are created
[31m   ΓåÆ Target cannot be null or undefined.[39m
 [31m├ù[39m tests/comments.test.ts[2m > [22mComments API Integration Tests[2m > [22mPOST /boards/:boardId/cards/:cardId/comments[2m > [22mshould create a new comment
[31m   ΓåÆ expected 404 to be 200 // Object.is equality[39m
 [32mΓ£ô[39m tests/comments.test.ts[2m > [22mComments API Integration Tests[2m > [22mPOST /boards/:boardId/cards/:cardId/comments[2m > [22mshould require authentication
 [32mΓ£ô[39m tests/comments.test.ts[2m > [22mComments API Integration Tests[2m > [22mPOST /boards/:boardId/cards/:cardId/comments[2m > [22mshould validate required fields
 [32mΓ£ô[39m tests/comments.test.ts[2m > [22mComments API Integration Tests[2m > [22mPOST /boards/:boardId/cards/:cardId/comments[2m > [22mshould return 404 for non-existent card
 [31m├ù[39m tests/comments.test.ts[2m > [22mComments API Integration Tests[2m > [22mGET /boards/:boardId/cards/:cardId/comments[2m > [22mshould return comments for a card
[31m   ΓåÆ expected 404 to be 200 // Object.is equality[39m
 [31m├ù[39m tests/comments.test.ts[2m > [22mComments API Integration Tests[2m > [22mPUT /boards/:boardId/cards/:cardId/comments/:commentId[2m > [22mshould update a comment
[31m   ΓåÆ expected 404 to be 200 // Object.is equality[39m
 [31m├ù[39m tests/comments.test.ts[2m > [22mComments API Integration Tests[2m > [22mDELETE /boards/:boardId/cards/:cardId/comments/:commentId[2m > [22mshould delete a comment
[31m   ΓåÆ expected 404 to be 200 // Object.is equality[39m
[90mstderr[2m | tes
ts/cards/card-members
.test.ts[2m > 
[22m[2mCards 
Members Tests[2m > 
[22m[2mCard 
Members[2m > 
[22m[2mshould 
create a card with 
members
[22m[39mDrizzleQuer
yError: Failed 
query: select "id", 
"name", 
"description", 
"order", 
"cover_url", 
"cover_public_id", 
"cover_color", 
"cover_mode", 
"list_id", 
"start_date", 
"deadline", 
"due_at", 
"due_complete", 
"reminder_minutes", 
"recurrence", 
"recurrence_day", "re
currence_weekday", 
"repeat_frequency", 
"repeat_interval", 
"latitude", 
"longitude", 
"completed", 
"is_template", 
"created_at", 
"updated_at" from 
"cards" where 
"cards"."list_id" = ?
params: 019bd127-d8d1
-7059-9aaf-4d4ef2fa42
01
    at LibSQLPrepared
Query.queryWithCache 
(file:///D:/UIT_COURS
ES/SE100/DailyDesk/no
de_modules/[4m.pnpm
[24m/drizzle-orm@0.44
.7_@electri_5c2928a09
9a752b7e299aaadb8975a
ea/node_modules/[4ms
rc[24m/sqlite-core/s
ession.ts:80:11)
[90m    at processTi
cksAndRejections (nod
e:internal/process/ta
sk_queues:105:5)[39m
    at LibSQLPrepared
Query.values (file://
/D:/UIT_COURSES/SE100
/DailyDesk/node_modul
es/[4m.pnpm[24m/dri
zzle-orm@0.44.7_@elec
tri_5c2928a099a752b7e
299aaadb8975aea/node_
modules/[4msrc[24m/
libsql/session.ts:286
:10)
    at LibSQLPrepared
Query.all (file:///D:
/UIT_COURSES/SE100/Da
ilyDesk/node_modules/
[4m.pnpm[24m/drizzl
e-orm@0.44.7_@electri
_5c2928a099a752b7e299
aaadb8975aea/node_mod
ules/[4msrc[24m/lib
sql/session.ts:214:16
)
    at 
Module.createCard [9
0m(D:\UIT_COURSES\SE1
00\DailyDesk\backend\
[39msrc\services\car
ds.service.ts:319:23
[90m)[39m
    at [90mD:\UIT_CO
URSES\SE100\DailyDesk
\backend\[39msrc\rou
tes\cards.ts:152:22
    at dispatch (file
:///D:/UIT_COURSES/SE
100/DailyDesk/node_mo
dules/[4m.pnpm[24m/
hono@4.11.3/node_modu
les/[4mhono[24m/dis
t/compose.js:22:17)
    at file:///D:/UIT
_COURSES/SE100/DailyD
esk/node_modules/[4m
.pnpm[24m/hono@4.11.
3/node_modules/[4mho
no[24m/dist/validato
r/validator.js:81:12
    at mw (file:///D:
/UIT_COURSES/SE100/Da
ilyDesk/node_modules/
[4m.pnpm[24m/@hono+
zod-openapi@1.2.0_hon
o@4.11.3_zod@4.3.5/no
de_modules/[4m@hono
[24m/zod-openapi/src/
index.ts:546:26)
    at dispatch (file
:///D:/UIT_COURSES/SE
100/DailyDesk/node_mo
dules/[4m.pnpm[24m/
hono@4.11.3/node_modu
les/[4mhono[24m/dis
t/compose.js:22:17) {
  query: 
[32m'select "id", 
"name", 
"description", 
"order", 
"cover_url", 
"cover_public_id", 
"cover_color", 
"cover_mode", 
"list_id", 
"start_date", 
"deadline", 
"due_at", 
"due_complete", 
"reminder_minutes", 
"recurrence", 
"recurrence_day", "re
currence_weekday", 
"repeat_frequency", 
"repeat_interval", 
"latitude", 
"longitude", 
"completed", 
"is_template", 
"created_at", 
"updated_at" from 
"cards" where 
"cards"."list_id" = 
?'[39m,
  params: [ [32m'019
bd127-d8d1-7059-9aaf-
4d4ef2fa4201'[39m ],
  cause: 
LibsqlError: 
SQLITE_ERROR: no 
such column: 
is_template
      at 
mapSqliteError (file:
///D:/UIT_COURSES/SE1
00/DailyDesk/node_mod
ules/[4m.pnpm[24m/@
libsql+client@0.15.15
/node_modules/[4m@li
bsql[24m/client/lib-
esm/sqlite3.js:392:16
)
      at executeStmt 
(file:///D:/UIT_COURS
ES/SE100/DailyDesk/no
de_modules/[4m.pnpm
[24m/@libsql+client@0
.15.15/node_modules/
[4m@libsql[24m/clien
t/lib-esm/sqlite3.js:
297:15)
      at Sqlite3Clien
t.execute (file:///D:
/UIT_COURSES/SE100/Da
ilyDesk/node_modules/
[4m.pnpm[24m/@libsq
l+client@0.15.15/node
_modules/[4m@libsql
[24m/client/lib-esm/s
qlite3.js:81:16)
  [90m    ... 5 
lines matching cause 
stack trace ...[39m
      at SQLiteSelect
Base.execute (file://
/D:/UIT_COURSES/SE100
/DailyDesk/node_modul
es/[4m.pnpm[24m/dri
zzle-orm@0.44.7_@elec
tri_5c2928a099a752b7e
299aaadb8975aea/node_
modules/[4msrc[24m/
sqlite-core/query-bui
lders/select.ts:962:1
5)
      at SQLiteSelect
Base.then (file:///D:
/UIT_COURSES/SE100/Da
ilyDesk/node_modules/
[4m.pnpm[24m/drizzl
e-orm@0.44.7_@electri
_5c2928a099a752b7e299
aaadb8975aea/node_mod
ules/[4msrc[24m/que
ry-promise.ts:31:15) 
{
    code: [32m'SQLIT
E_ERROR'[39m,
    rawCode: 
[33m1[39m,
    [cause]: 
SqliteError: no such 
column: is_template
        at 
convertError (D:\UIT_
COURSES\SE100\DailyDe
sk\node_modules\[4m.
pnpm[24m\libsql@0.5.
22\node_modules\[4ml
ibsql[24m\index.js:5
9:12)
        at 
Database.prepare (D:\
UIT_COURSES\SE100\Dai
lyDesk\node_modules\
[4m.pnpm[24m\libsql@
0.5.22\node_modules\
[4mlibsql[24m\index.
js:131:13)
        at 
executeStmt (file:///
D:/UIT_COURSES/SE100/
DailyDesk/node_module
s/[4m.pnpm[24m/@lib
sql+client@0.15.15/no
de_modules/[4m@libsq
l[24m/client/lib-esm
/sqlite3.js:268:28)
        at Sqlite3Cli
ent.execute (file:///
D:/UIT_COURSES/SE100/
DailyDesk/node_module
s/[4m.pnpm[24m/@lib
sql+client@0.15.15/no
de_modules/[4m@libsq
l[24m/client/lib-esm
/sqlite3.js:81:16)
        at file:///D:
/UIT_COURSES/SE100/Da
ilyDesk/node_modules/
[4m.pnpm[24m/drizzl
e-orm@0.44.7_@electri
_5c2928a099a752b7e299
aaadb8975aea/node_mod
ules/[4msrc[24m/lib
sql/session.ts:288:58
        at LibSQLPrep
aredQuery.queryWithCa
che (file:///D:/UIT_C
OURSES/SE100/DailyDes
k/node_modules/[4m.p
npm[24m/drizzle-orm@
0.44.7_@electri_5c292
8a099a752b7e299aaadb8
975aea/node_modules/
[4msrc[24m/sqlite-co
re/session.ts:78:18)
        at LibSQLPrep
aredQuery.values (fil
e:///D:/UIT_COURSES/S
E100/DailyDesk/node_m
odules/[4m.pnpm[24m
/drizzle-orm@0.44.7_@
electri_5c2928a099a75
2b7e299aaadb8975aea/n
ode_modules/[4msrc[
24m/libsql/session.ts
:286:21)
        at LibSQLPrep
aredQuery.all (file:/
//D:/UIT_COURSES/SE10
0/DailyDesk/node_modu
les/[4m.pnpm[24m/dr
izzle-orm@0.44.7_@ele
ctri_5c2928a099a752b7
e299aaadb8975aea/node
_modules/[4msrc[24m
/libsql/session.ts:21
4:27)
        at 
SQLiteSelectBase.all 
(file:///D:/UIT_COURS
ES/SE100/DailyDesk/no
de_modules/[4m.pnpm
[24m/drizzle-orm@0.44
.7_@electri_5c2928a09
9a752b7e299aaadb8975a
ea/node_modules/[4ms
rc[24m/sqlite-core/q
uery-builders/select.
ts:950:26)
        at SQLiteSele
ctBase.execute (file:
///D:/UIT_COURSES/SE1
00/DailyDesk/node_mod
ules/[4m.pnpm[24m/d
rizzle-orm@0.44.7_@el
ectri_5c2928a099a752b
7e299aaadb8975aea/nod
e_modules/[4msrc[24
m/sqlite-core/query-b
uilders/select.ts:962
:15) {
      code: [32m'SQL
ITE_ERROR'[39m,
      rawCode: 
[33m1[39m
    }
  }
}
DrizzleQueryError: 
Failed query: select 
"id", "name", 
"description", 
"order", 
"cover_url", 
"cover_public_id", 
"cover_color", 
"cover_mode", 
"list_id", 
"start_date", 
"deadline", 
"due_at", 
"due_complete", 
"reminder_minutes", 
"recurrence", 
"recurrence_day", "re
currence_weekday", 
"repeat_frequency", 
"repeat_interval", 
"latitude", 
"longitude", 
"completed", 
"is_template", 
"created_at", 
"updated_at" from 
"cards" where 
"cards"."list_id" = ?
params: 019bd127-d8d1
-7059-9aaf-4d4ef2fa42
01
    at LibSQLPrepared
Query.queryWithCache 
(file:///D:/UIT_COURS
ES/SE100/DailyDesk/no
de_modules/[4m.pnpm
[24m/drizzle-orm@0.44
.7_@electri_5c2928a09
9a752b7e299aaadb8975a
ea/node_modules/[4ms
rc[24m/sqlite-core/s
ession.ts:80:11)
[90m    at processTi
cksAndRejections (nod
e:internal/process/ta
sk_queues:105:5)[39m
    at LibSQLPrepared
Query.values (file://
/D:/UIT_COURSES/SE100
/DailyDesk/node_modul
es/[4m.pnpm[24m/dri
zzle-orm@0.44.7_@elec
tri_5c2928a099a752b7e
299aaadb8975aea/node_
modules/[4msrc[24m/
libsql/session.ts:286
:10)
    at LibSQLPrepared
Query.all (file:///D:
/UIT_COURSES/SE100/Da
ilyDesk/node_modules/
[4m.pnpm[24m/drizzl
e-orm@0.44.7_@electri
_5c2928a099a752b7e299
aaadb8975aea/node_mod
ules/[4msrc[24m/lib
sql/session.ts:214:16
)
    at 
Module.createCard [9
0m(D:\UIT_COURSES\SE1
00\DailyDesk\backend\
[39msrc\services\car
ds.service.ts:319:23
[90m)[39m
    at [90mD:\UIT_CO
URSES\SE100\DailyDesk
\backend\[39msrc\rou
tes\cards.ts:152:22
    at dispatch (file
:///D:/UIT_COURSES/SE
100/DailyDesk/node_mo
dules/[4m.pnpm[24m/
hono@4.11.3/node_modu
les/[4mhono[24m/dis
t/compose.js:22:17)
    at file:///D:/UIT
_COURSES/SE100/DailyD
esk/node_modules/[4m
.pnpm[24m/hono@4.11.
3/node_modules/[4mho
no[24m/dist/validato
r/validator.js:81:12
    at mw (file:///D:
/UIT_COURSES/SE100/Da
ilyDesk/node_modules/
[4m.pnpm[24m/@hono+
zod-openapi@1.2.0_hon
o@4.11.3_zod@4.3.5/no
de_modules/[4m@hono
[24m/zod-openapi/src/
index.ts:546:26)
    at dispatch (file
:///D:/UIT_COURSES/SE
100/DailyDesk/node_mo
dules/[4m.pnpm[24m/
hono@4.11.3/node_modu
les/[4mhono[24m/dis
t/compose.js:22:17) {
  query: 
[32m'select "id", 
"name", 
"description", 
"order", 
"cover_url", 
"cover_public_id", 
"cover_color", 
"cover_mode", 
"list_id", 
"start_date", 
"deadline", 
"due_at", 
"due_complete", 
"reminder_minutes", 
"recurrence", 
"recurrence_day", "re
currence_weekday", 
"repeat_frequency", 
"repeat_interval", 
"latitude", 
"longitude", 
"completed", 
"is_template", 
"created_at", 
"updated_at" from 
"cards" where 
"cards"."list_id" = 
?'[39m,
  params: [ [32m'019
bd127-d8d1-7059-9aaf-
4d4ef2fa4201'[39m ],
  cause: 
LibsqlError: 
SQLITE_ERROR: no 
such column: 
is_template
      at 
mapSqliteError (file:
///D:/UIT_COURSES/SE1
00/DailyDesk/node_mod
ules/[4m.pnpm[24m/@
libsql+client@0.15.15
/node_modules/[4m@li
bsql[24m/client/lib-
esm/sqlite3.js:392:16
)
      at executeStmt 
(file:///D:/UIT_COURS
ES/SE100/DailyDesk/no
de_modules/[4m.pnpm
[24m/@libsql+client@0
.15.15/node_modules/
[4m@libsql[24m/clien
t/lib-esm/sqlite3.js:
297:15)
      at Sqlite3Clien
t.execute (file:///D:
/UIT_COURSES/SE100/Da
ilyDesk/node_modules/
[4m.pnpm[24m/@libsq
l+client@0.15.15/node
_modules/[4m@libsql
[24m/client/lib-esm/s
qlite3.js:81:16)
  [90m    ... 5 
lines matching cause 
stack trace ...[39m
      at SQLiteSelect
Base.execute (file://
/D:/UIT_COURSES/SE100
/DailyDesk/node_modul
es/[4m.pnpm[24m/dri
zzle-orm@0.44.7_@elec
tri_5c2928a099a752b7e
299aaadb8975aea/node_
modules/[4msrc[24m/
sqlite-core/query-bui
lders/select.ts:962:1
5)
      at SQLiteSelect
Base.then (file:///D:
/UIT_COURSES/SE100/Da
ilyDesk/node_modules/
[4m.pnpm[24m/drizzl
e-orm@0.44.7_@electri
_5c2928a099a752b7e299
aaadb8975aea/node_mod
ules/[4msrc[24m/que
ry-promise.ts:31:15) 
{
    code: [32m'SQLIT
E_ERROR'[39m,
    rawCode: 
[33m1[39m,
    [cause]: 
SqliteError: no such 
column: is_template
        at 
convertError (D:\UIT_
COURSES\SE100\DailyDe
sk\node_modules\[4m.
pnpm[24m\libsql@0.5.
22\node_modules\[4ml
ibsql[24m\index.js:5
9:12)
        at 
Database.prepare (D:\
UIT_COURSES\SE100\Dai
lyDesk\node_modules\
[4m.pnpm[24m\libsql@
0.5.22\node_modules\
[4mlibsql[24m\index.
js:131:13)
        at 
executeStmt (file:///
D:/UIT_COURSES/SE100/
DailyDesk/node_module
s/[4m.pnpm[24m/@lib
sql+client@0.15.15/no
de_modules/[4m@libsq
l[24m/client/lib-esm
/sqlite3.js:268:28)
        at Sqlite3Cli
ent.execute (file:///
D:/UIT_COURSES/SE100/
DailyDesk/node_module
s/[4m.pnpm[24m/@lib
sql+client@0.15.15/no
de_modules/[4m@libsq
l[24m/client/lib-esm
/sqlite3.js:81:16)
        at file:///D:
/UIT_COURSES/SE100/Da
ilyDesk/node_modules/
[4m.pnpm[24m/drizzl
e-orm@0.44.7_@electri
_5c2928a099a752b7e299
aaadb8975aea/node_mod
ules/[4msrc[24m/lib
sql/session.ts:288:58
        at LibSQLPrep
aredQuery.queryWithCa
che (file:///D:/UIT_C
OURSES/SE100/DailyDes
k/node_modules/[4m.p
npm[24m/drizzle-orm@
0.44.7_@electri_5c292
8a099a752b7e299aaadb8
975aea/node_modules/
[4msrc[24m/sqlite-co
re/session.ts:78:18)
        at LibSQLPrep
aredQuery.values (fil
e:///D:/UIT_COURSES/S
E100/DailyDesk/node_m
odules/[4m.pnpm[24m
/drizzle-orm@0.44.7_@
electri_5c2928a099a75
2b7e299aaadb8975aea/n
ode_modules/[4msrc[
24m/libsql/session.ts
:286:21)
        at LibSQLPrep
aredQuery.all (file:/
//D:/UIT_COURSES/SE10
0/DailyDesk/node_modu
les/[4m.pnpm[24m/dr
izzle-orm@0.44.7_@ele
ctri_5c2928a099a752b7
e299aaadb8975aea/node
_modules/[4msrc[24m
/libsql/session.ts:21
4:27)
        at 
SQLiteSelectBase.all 
(file:///D:/UIT_COURS
ES/SE100/DailyDesk/no
de_modules/[4m.pnpm
[24m/drizzle-orm@0.44
.7_@electri_5c2928a09
9a752b7e299aaadb8975a
ea/node_modules/[4ms
rc[24m/sqlite-core/q
uery-builders/select.
ts:950:26)
        at SQLiteSele
ctBase.execute (file:
///D:/UIT_COURSES/SE1
00/DailyDesk/node_mod
ules/[4m.pnpm[24m/d
rizzle-orm@0.44.7_@el
ectri_5c2928a099a752b
7e299aaadb8975aea/nod
e_modules/[4msrc[24
m/sqlite-core/query-b
uilders/select.ts:962
:15) {
      code: [32m'SQL
ITE_ERROR'[39m,
      rawCode: 
[33m1[39m
    }
  }
}

[90mstderr[2m | tes
ts/cards/card-members
.test.ts[2m > 
[22m[2mCards 
Members Tests[2m > 
[22m[2mCard 
Members[2m > 
[22m[2mshould add 
members to existing 
card via PUT
[22m[39mDrizzleQuer
yError: Failed 
query: select "id", 
"name", 
"description", 
"order", 
"cover_url", 
"cover_public_id", 
"cover_color", 
"cover_mode", 
"list_id", 
"start_date", 
"deadline", 
"due_at", 
"due_complete", 
"reminder_minutes", 
"recurrence", 
"recurrence_day", "re
currence_weekday", 
"repeat_frequency", 
"repeat_interval", 
"latitude", 
"longitude", 
"completed", 
"is_template", 
"created_at", 
"updated_at" from 
"cards" where 
"cards"."list_id" = ?
params: 019bd127-d923
-78c0-91f6-dcfc1beba9
ab
    at LibSQLPrepared
Query.queryWithCache 
(file:///D:/UIT_COURS
ES/SE100/DailyDesk/no
de_modules/[4m.pnpm
[24m/drizzle-orm@0.44
.7_@electri_5c2928a09
9a752b7e299aaadb8975a
ea/node_modules/[4ms
rc[24m/sqlite-core/s
ession.ts:80:11)
[90m    at processTi
cksAndRejections (nod
e:internal/process/ta
sk_queues:105:5)[39m
    at LibSQLPrepared
Query.values (file://
/D:/UIT_COURSES/SE100
/DailyDesk/node_modul
es/[4m.pnpm[24m/dri
zzle-orm@0.44.7_@elec
tri_5c2928a099a752b7e
299aaadb8975aea/node_
modules/[4msrc[24m/
libsql/session.ts:286
:10)
    at LibSQLPrepared
Query.all (file:///D:
/UIT_COURSES/SE100/Da
ilyDesk/node_modules/
[4m.pnpm[24m/drizzl
e-orm@0.44.7_@electri
_5c2928a099a752b7e299
aaadb8975aea/node_mod
ules/[4msrc[24m/lib
sql/session.ts:214:16
)
    at 
Module.createCard [9
0m(D:\UIT_COURSES\SE1
00\DailyDesk\backend\
[39msrc\services\car
ds.service.ts:319:23
[90m)[39m
    at [90mD:\UIT_CO
URSES\SE100\DailyDesk
\backend\[39msrc\rou
tes\cards.ts:152:22
    at dispatch (file
:///D:/UIT_COURSES/SE
100/DailyDesk/node_mo
dules/[4m.pnpm[24m/
hono@4.11.3/node_modu
les/[4mhono[24m/dis
t/compose.js:22:17)
    at file:///D:/UIT
_COURSES/SE100/DailyD
esk/node_modules/[4m
.pnpm[24m/hono@4.11.
3/node_modules/[4mho
no[24m/dist/validato
r/validator.js:81:12
    at mw (file:///D:
/UIT_COURSES/SE100/Da
ilyDesk/node_modules/
[4m.pnpm[24m/@hono+
zod-openapi@1.2.0_hon
o@4.11.3_zod@4.3.5/no
de_modules/[4m@hono
[24m/zod-openapi/src/
index.ts:546:26)
    at dispatch (file
:///D:/UIT_COURSES/SE
100/DailyDesk/node_mo
dules/[4m.pnpm[24m/
hono@4.11.3/node_modu
les/[4mhono[24m/dis
t/compose.js:22:17) {
  query: 
[32m'select "id", 
"name", 
"description", 
"order", 
"cover_url", 
"cover_public_id", 
"cover_color", 
"cover_mode", 
"list_id", 
"start_date", 
"deadline", 
"due_at", 
"due_complete", 
"reminder_minutes", 
"recurrence", 
"recurrence_day", "re
currence_weekday", 
"repeat_frequency", 
"repeat_interval", 
"latitude", 
"longitude", 
"completed", 
"is_template", 
"created_at", 
"updated_at" from 
"cards" where 
"cards"."list_id" = 
?'[39m,
  params: [ [32m'019
bd127-d923-78c0-91f6-
dcfc1beba9ab'[39m ],
  cause: 
LibsqlError: 
SQLITE_ERROR: no 
such column: 
is_template
      at 
mapSqliteError (file:
///D:/UIT_COURSES/SE1
00/DailyDesk/node_mod
ules/[4m.pnpm[24m/@
libsql+client@0.15.15
/node_modules/[4m@li
bsql[24m/client/lib-
esm/sqlite3.js:392:16
)
      at executeStmt 
(file:///D:/UIT_COURS
ES/SE100/DailyDesk/no
de_modules/[4m.pnpm
[24m/@libsql+client@0
.15.15/node_modules/
[4m@libsql[24m/clien
t/lib-esm/sqlite3.js:
297:15)
      at Sqlite3Clien
t.execute (file:///D:
/UIT_COURSES/SE100/Da
ilyDesk/node_modules/
[4m.pnpm[24m/@libsq
l+client@0.15.15/node
_modules/[4m@libsql
[24m/client/lib-esm/s
qlite3.js:81:16)
  [90m    ... 5 
lines matching cause 
stack trace ...[39m
      at SQLiteSelect
Base.execute (file://
/D:/UIT_COURSES/SE100
/DailyDesk/node_modul
es/[4m.pnpm[24m/dri
zzle-orm@0.44.7_@elec
tri_5c2928a099a752b7e
299aaadb8975aea/node_
modules/[4msrc[24m/
sqlite-core/query-bui
lders/select.ts:962:1
5)
      at SQLiteSelect
Base.then (file:///D:
/UIT_COURSES/SE100/Da
ilyDesk/node_modules/
[4m.pnpm[24m/drizzl
e-orm@0.44.7_@electri
_5c2928a099a752b7e299
aaadb8975aea/node_mod
ules/[4msrc[24m/que
ry-promise.ts:31:15) 
{
    code: [32m'SQLIT
E_ERROR'[39m,
    rawCode: 
[33m1[39m,
    [cause]: 
SqliteError: no such 
column: is_template
        at 
convertError (D:\UIT_
COURSES\SE100\DailyDe
sk\node_modules\[4m.
pnpm[24m\libsql@0.5.
22\node_modules\[4ml
ibsql[24m\index.js:5
9:12)
        at 
Database.prepare (D:\
UIT_COURSES\SE100\Dai
lyDesk\node_modules\
[4m.pnpm[24m\libsql@
0.5.22\node_modules\
[4mlibsql[24m\index.
js:131:13)
        at 
executeStmt (file:///
D:/UIT_COURSES/SE100/
DailyDesk/node_module
s/[4m.pnpm[24m/@lib
sql+client@0.15.15/no
de_modules/[4m@libsq
l[24m/client/lib-esm
/sqlite3.js:268:28)
        at Sqlite3Cli
ent.execute (file:///
D:/UIT_COURSES/SE100/
DailyDesk/node_module
s/[4m.pnpm[24m/@lib
sql+client@0.15.15/no
de_modules/[4m@libsq
l[24m/client/lib-esm
/sqlite3.js:81:16)
        at file:///D:
/UIT_COURSES/SE100/Da
ilyDesk/node_modules/
[4m.pnpm[24m/drizzl
e-orm@0.44.7_@electri
_5c2928a099a752b7e299
aaadb8975aea/node_mod
ules/[4msrc[24m/lib
sql/session.ts:288:58
        at LibSQLPrep
aredQuery.queryWithCa
che (file:///D:/UIT_C
OURSES/SE100/DailyDes
k/node_modules/[4m.p
npm[24m/drizzle-orm@
0.44.7_@electri_5c292
8a099a752b7e299aaadb8
975aea/node_modules/
[4msrc[24m/sqlite-co
re/session.ts:78:18)
        at LibSQLPrep
aredQuery.values (fil
e:///D:/UIT_COURSES/S
E100/DailyDesk/node_m
odules/[4m.pnpm[24m
/drizzle-orm@0.44.7_@
electri_5c2928a099a75
2b7e299aaadb8975aea/n
ode_modules/[4msrc[
24m/libsql/session.ts
:286:21)
        at LibSQLPrep
aredQuery.all (file:/
//D:/UIT_COURSES/SE10
0/DailyDesk/node_modu
les/[4m.pnpm[24m/dr
izzle-orm@0.44.7_@ele
ctri_5c2928a099a752b7
e299aaadb8975aea/node
_modules/[4msrc[24m
/libsql/session.ts:21
4:27)
        at 
SQLiteSelectBase.all 
(file:///D:/UIT_COURS
ES/SE100/DailyDesk/no
de_modules/[4m.pnpm
[24m/drizzle-orm@0.44
.7_@electri_5c2928a09
9a752b7e299aaadb8975a
ea/node_modules/[4ms
rc[24m/sqlite-core/q
uery-builders/select.
ts:950:26)
        at SQLiteSele
ctBase.execute (file:
///D:/UIT_COURSES/SE1
00/DailyDesk/node_mod
ules/[4m.pnpm[24m/d
rizzle-orm@0.44.7_@el
ectri_5c2928a099a752b
7e299aaadb8975aea/nod
e_modules/[4msrc[24
m/sqlite-core/query-b
uilders/select.ts:962
:15) {
      code: [32m'SQL
ITE_ERROR'[39m,
      rawCode: 
[33m1[39m
    }
  }
}
Error in updateCard 
route: 
DrizzleQueryError: 
Failed query: select 
"id", "name", 
"description", 
"order", 
"cover_url", 
"cover_public_id", 
"cover_color", 
"cover_mode", 
"list_id", 
"start_date", 
"deadline", 
"due_at", 
"due_complete", 
"reminder_minutes", 
"recurrence", 
"recurrence_day", "re
currence_weekday", 
"repeat_frequency", 
"repeat_interval", 
"latitude", 
"longitude", 
"completed", 
"is_template", 
"created_at", 
"updated_at" from 
"cards" where 
"cards"."id" = ? 
limit ?
params: 019bd127-d927
-73f5-87b7-5a20d92291
9f,1
    at LibSQLPrepared
Query.queryWithCache 
(file:///D:/UIT_COURS
ES/SE100/DailyDesk/no
de_modules/[4m.pnpm
[24m/drizzle-orm@0.44
.7_@electri_5c2928a09
9a752b7e299aaadb8975a
ea/node_modules/[4ms
rc[24m/sqlite-core/s
ession.ts:80:11)
[90m    at processTi
cksAndRejections (nod
e:internal/process/ta
sk_queues:105:5)[39m
    at LibSQLPrepared
Query.values (file://
/D:/UIT_COURSES/SE100
/DailyDesk/node_modul
es/[4m.pnpm[24m/dri
zzle-orm@0.44.7_@elec
tri_5c2928a099a752b7e
299aaadb8975aea/node_
modules/[4msrc[24m/
libsql/session.ts:286
:10)
    at LibSQLPrepared
Query.all (file:///D:
/UIT_COURSES/SE100/Da
ilyDesk/node_modules/
[4m.pnpm[24m/drizzl
e-orm@0.44.7_@electri
_5c2928a099a752b7e299
aaadb8975aea/node_mod
ules/[4msrc[24m/lib
sql/session.ts:214:16
)
    at 
Module.updateCard [9
0m(D:\UIT_COURSES\SE1
00\DailyDesk\backend\
[39msrc\services\car
ds.service.ts:566:24
[90m)[39m
    at [90mD:\UIT_CO
URSES\SE100\DailyDesk
\backend\[39msrc\rou
tes\cards.ts:244:25
    at dispatch (file
:///D:/UIT_COURSES/SE
100/DailyDesk/node_mo
dules/[4m.pnpm[24m/
hono@4.11.3/node_modu
les/[4mhono[24m/dis
t/compose.js:22:17)
    at file:///D:/UIT
_COURSES/SE100/DailyD
esk/node_modules/[4m
.pnpm[24m/hono@4.11.
3/node_modules/[4mho
no[24m/dist/validato
r/validator.js:81:12
    at mw (file:///D:
/UIT_COURSES/SE100/Da
ilyDesk/node_modules/
[4m.pnpm[24m/@hono+
zod-openapi@1.2.0_hon
o@4.11.3_zod@4.3.5/no
de_modules/[4m@hono
[24m/zod-openapi/src/
index.ts:546:26)
    at dispatch (file
:///D:/UIT_COURSES/SE
100/DailyDesk/node_mo
dules/[4m.pnpm[24m/
hono@4.11.3/node_modu
les/[4mhono[24m/dis
t/compose.js:22:17) {
  query: 
[32m'select "id", 
"name", 
"description", 
"order", 
"cover_url", 
"cover_public_id", 
"cover_color", 
"cover_mode", 
"list_id", 
"start_date", 
"deadline", 
"due_at", 
"due_complete", 
"reminder_minutes", 
"recurrence", 
"recurrence_day", "re
currence_weekday", 
"repeat_frequency", 
"repeat_interval", 
"latitude", 
"longitude", 
"completed", 
"is_template", 
"created_at", 
"updated_at" from 
"cards" where 
"cards"."id" = ? 
limit ?'[39m,
  params: [ [32m'019
bd127-d927-73f5-87b7-
5a20d922919f'[39m, 
[33m1[39m ],
  cause: 
LibsqlError: 
SQLITE_ERROR: no 
such column: 
is_template
      at 
mapSqliteError (file:
///D:/UIT_COURSES/SE1
00/DailyDesk/node_mod
ules/[4m.pnpm[24m/@
libsql+client@0.15.15
/node_modules/[4m@li
bsql[24m/client/lib-
esm/sqlite3.js:392:16
)
      at executeStmt 
(file:///D:/UIT_COURS
ES/SE100/DailyDesk/no
de_modules/[4m.pnpm
[24m/@libsql+client@0
.15.15/node_modules/
[4m@libsql[24m/clien
t/lib-esm/sqlite3.js:
297:15)
      at Sqlite3Clien
t.execute (file:///D:
/UIT_COURSES/SE100/Da
ilyDesk/node_modules/
[4m.pnpm[24m/@libsq
l+client@0.15.15/node
_modules/[4m@libsql
[24m/client/lib-esm/s
qlite3.js:81:16)
  [90m    ... 5 
lines matching cause 
stack trace ...[39m
      at SQLiteSelect
Base.execute (file://
/D:/UIT_COURSES/SE100
/DailyDesk/node_modul
es/[4m.pnpm[24m/dri
zzle-orm@0.44.7_@elec
tri_5c2928a099a752b7e
299aaadb8975aea/node_
modules/[4msrc[24m/
sqlite-core/query-bui
lders/select.ts:962:1
5)
      at SQLiteSelect
Base.then (file:///D:
/UIT_COURSES/SE100/Da
ilyDesk/node_modules/
[4m.pnpm[24m/drizzl
e-orm@0.44.7_@electri
_5c2928a099a752b7e299
aaadb8975aea/node_mod
ules/[4msrc[24m/que
ry-promise.ts:31:15) 
{
    code: [32m'SQLIT
E_ERROR'[39m,
    rawCode: 
[33m1[39m,
    [cause]: 
SqliteError: no such 
column: is_template
        at 
convertError (D:\UIT_
COURSES\SE100\DailyDe
sk\node_modules\[4m.
pnpm[24m\libsql@0.5.
22\node_modules\[4ml
ibsql[24m\index.js:5
9:12)
        at 
Database.prepare (D:\
UIT_COURSES\SE100\Dai
lyDesk\node_modules\
[4m.pnpm[24m\libsql@
0.5.22\node_modules\
[4mlibsql[24m\index.
js:131:13)
        at 
executeStmt (file:///
D:/UIT_COURSES/SE100/
DailyDesk/node_module
s/[4m.pnpm[24m/@lib
sql+client@0.15.15/no
de_modules/[4m@libsq
l[24m/client/lib-esm
/sqlite3.js:268:28)
        at Sqlite3Cli
ent.execute (file:///
D:/UIT_COURSES/SE100/
DailyDesk/node_module
s/[4m.pnpm[24m/@lib
sql+client@0.15.15/no
de_modules/[4m@libsq
l[24m/client/lib-esm
/sqlite3.js:81:16)
        at file:///D:
/UIT_COURSES/SE100/Da
ilyDesk/node_modules/
[4m.pnpm[24m/drizzl
e-orm@0.44.7_@electri
_5c2928a099a752b7e299
aaadb8975aea/node_mod
ules/[4msrc[24m/lib
sql/session.ts:288:58
        at LibSQLPrep
aredQuery.queryWithCa
che (file:///D:/UIT_C
OURSES/SE100/DailyDes
k/node_modules/[4m.p
npm[24m/drizzle-orm@
0.44.7_@electri_5c292
8a099a752b7e299aaadb8
975aea/node_modules/
[4msrc[24m/sqlite-co
re/session.ts:78:18)
        at LibSQLPrep
aredQuery.values (fil
e:///D:/UIT_COURSES/S
E100/DailyDesk/node_m
odules/[4m.pnpm[24m
/drizzle-orm@0.44.7_@
electri_5c2928a099a75
2b7e299aaadb8975aea/n
ode_modules/[4msrc[
24m/libsql/session.ts
:286:21)
        at LibSQLPrep
aredQuery.all (file:/
//D:/UIT_COURSES/SE10
0/DailyDesk/node_modu
les/[4m.pnpm[24m/dr
izzle-orm@0.44.7_@ele
ctri_5c2928a099a752b7
e299aaadb8975aea/node
_modules/[4msrc[24m
/libsql/session.ts:21
4:27)
        at 
SQLiteSelectBase.all 
(file:///D:/UIT_COURS
ES/SE100/DailyDesk/no
de_modules/[4m.pnpm
[24m/drizzle-orm@0.44
.7_@electri_5c2928a09
9a752b7e299aaadb8975a
ea/node_modules/[4ms
rc[24m/sqlite-core/q
uery-builders/select.
ts:950:26)
        at SQLiteSele
ctBase.execute (file:
///D:/UIT_COURSES/SE1
00/DailyDesk/node_mod
ules/[4m.pnpm[24m/d
rizzle-orm@0.44.7_@el
ectri_5c2928a099a752b
7e299aaadb8975aea/nod
e_modules/[4msrc[24
m/sqlite-core/query-b
uilders/select.ts:962
:15) {
      code: [32m'SQL
ITE_ERROR'[39m,
      rawCode: 
[33m1[39m
    }
  }
}
DrizzleQueryError: 
Failed query: select 
"id", "name", 
"description", 
"order", 
"cover_url", 
"cover_public_id", 
"cover_color", 
"cover_mode", 
"list_id", 
"start_date", 
"deadline", 
"due_at", 
"due_complete", 
"reminder_minutes", 
"recurrence", 
"recurrence_day", "re
currence_weekday", 
"repeat_frequency", 
"repeat_interval", 
"latitude", 
"longitude", 
"completed", 
"is_template", 
"created_at", 
"updated_at" from 
"cards" where 
"cards"."id" = ? 
limit ?
params: 019bd127-d927
-73f5-87b7-5a20d92291
9f,1
    at LibSQLPrepared
Query.queryWithCache 
(file:///D:/UIT_COURS
ES/SE100/DailyDesk/no
de_modules/[4m.pnpm
[24m/drizzle-orm@0.44
.7_@electri_5c2928a09
9a752b7e299aaadb8975a
ea/node_modules/[4ms
rc[24m/sqlite-core/s
ession.ts:80:11)
[90m    at processTi
cksAndRejections (nod
e:internal/process/ta
sk_queues:105:5)[39m
    at LibSQLPrepared
Query.values (file://
/D:/UIT_COURSES/SE100
/DailyDesk/node_modul
es/[4m.pnpm[24m/dri
zzle-orm@0.44.7_@elec
tri_5c2928a099a752b7e
299aaadb8975aea/node_
modules/[4msrc[24m/
libsql/session.ts:286
:10)
    at LibSQLPrepared
Query.all (file:///D:
/UIT_COURSES/SE100/Da
ilyDesk/node_modules/
[4m.pnpm[24m/drizzl
e-orm@0.44.7_@electri
_5c2928a099a752b7e299
aaadb8975aea/node_mod
ules/[4msrc[24m/lib
sql/session.ts:214:16
)
    at 
Module.updateCard [9
0m(D:\UIT_COURSES\SE1
00\DailyDesk\backend\
[39msrc\services\car
ds.service.ts:566:24
[90m)[39m
    at [90mD:\UIT_CO
URSES\SE100\DailyDesk
\backend\[39msrc\rou
tes\cards.ts:244:25
    at dispatch (file
:///D:/UIT_COURSES/SE
100/DailyDesk/node_mo
dules/[4m.pnpm[24m/
hono@4.11.3/node_modu
les/[4mhono[24m/dis
t/compose.js:22:17)
    at file:///D:/UIT
_COURSES/SE100/DailyD
esk/node_modules/[4m
.pnpm[24m/hono@4.11.
3/node_modules/[4mho
no[24m/dist/validato
r/validator.js:81:12
    at mw (file:///D:
/UIT_COURSES/SE100/Da
ilyDesk/node_modules/
[4m.pnpm[24m/@hono+
zod-openapi@1.2.0_hon
o@4.11.3_zod@4.3.5/no
de_modules/[4m@hono
[24m/zod-openapi/src/
index.ts:546:26)
    at dispatch (file
:///D:/UIT_COURSES/SE
100/DailyDesk/node_mo
dules/[4m.pnpm[24m/
hono@4.11.3/node_modu
les/[4mhono[24m/dis
t/compose.js:22:17) {
  query: 
[32m'select "id", 
"name", 
"description", 
"order", 
"cover_url", 
"cover_public_id", 
"cover_color", 
"cover_mode", 
"list_id", 
"start_date", 
"deadline", 
"due_at", 
"due_complete", 
"reminder_minutes", 
"recurrence", 
"recurrence_day", "re
currence_weekday", 
"repeat_frequency", 
"repeat_interval", 
"latitude", 
"longitude", 
"completed", 
"is_template", 
"created_at", 
"updated_at" from 
"cards" where 
"cards"."id" = ? 
limit ?'[39m,
  params: [ [32m'019
bd127-d927-73f5-87b7-
5a20d922919f'[39m, 
[33m1[39m ],
  cause: 
LibsqlError: 
SQLITE_ERROR: no 
such column: 
is_template
      at 
mapSqliteError (file:
///D:/UIT_COURSES/SE1
00/DailyDesk/node_mod
ules/[4m.pnpm[24m/@
libsql+client@0.15.15
/node_modules/[4m@li
bsql[24m/client/lib-
esm/sqlite3.js:392:16
)
      at executeStmt 
(file:///D:/UIT_COURS
ES/SE100/DailyDesk/no
de_modules/[4m.pnpm
[24m/@libsql+client@0
.15.15/node_modules/
[4m@libsql[24m/clien
t/lib-esm/sqlite3.js:
297:15)
      at Sqlite3Clien
t.execute (file:///D:
/UIT_COURSES/SE100/Da
ilyDesk/node_modules/
[4m.pnpm[24m/@libsq
l+client@0.15.15/node
_modules/[4m@libsql
[24m/client/lib-esm/s
qlite3.js:81:16)
  [90m    ... 5 
lines matching cause 
stack trace ...[39m
      at SQLiteSelect
Base.execute (file://
/D:/UIT_COURSES/SE100
/DailyDesk/node_modul
es/[4m.pnpm[24m/dri
zzle-orm@0.44.7_@elec
tri_5c2928a099a752b7e
299aaadb8975aea/node_
modules/[4msrc[24m/
sqlite-core/query-bui
lders/select.ts:962:1
5)
      at SQLiteSelect
Base.then (file:///D:
/UIT_COURSES/SE100/Da
ilyDesk/node_modules/
[4m.pnpm[24m/drizzl
e-orm@0.44.7_@electri
_5c2928a099a752b7e299
aaadb8975aea/node_mod
ules/[4msrc[24m/que
ry-promise.ts:31:15) 
{
    code: [32m'SQLIT
E_ERROR'[39m,
    rawCode: 
[33m1[39m,
    [cause]: 
SqliteError: no such 
column: is_template
        at 
convertError (D:\UIT_
COURSES\SE100\DailyDe
sk\node_modules\[4m.
pnpm[24m\libsql@0.5.
22\node_modules\[4ml
ibsql[24m\index.js:5
9:12)
        at 
Database.prepare (D:\
UIT_COURSES\SE100\Dai
lyDesk\node_modules\
[4m.pnpm[24m\libsql@
0.5.22\node_modules\
[4mlibsql[24m\index.
js:131:13)
        at 
executeStmt (file:///
D:/UIT_COURSES/SE100/
DailyDesk/node_module
s/[4m.pnpm[24m/@lib
sql+client@0.15.15/no
de_modules/[4m@libsq
l[24m/client/lib-esm
/sqlite3.js:268:28)
        at Sqlite3Cli
ent.execute (file:///
D:/UIT_COURSES/SE100/
DailyDesk/node_module
s/[4m.pnpm[24m/@lib
sql+client@0.15.15/no
de_modules/[4m@libsq
l[24m/client/lib-esm
/sqlite3.js:81:16)
        at file:///D:
/UIT_COURSES/SE100/Da
ilyDesk/node_modules/
[4m.pnpm[24m/drizzl
e-orm@0.44.7_@electri
_5c2928a099a752b7e299
aaadb8975aea/node_mod
ules/[4msrc[24m/lib
sql/session.ts:288:58
        at LibSQLPrep
aredQuery.queryWithCa
che (file:///D:/UIT_C
OURSES/SE100/DailyDes
k/node_modules/[4m.p
npm[24m/drizzle-orm@
0.44.7_@electri_5c292
8a099a752b7e299aaadb8
975aea/node_modules/
[4msrc[24m/sqlite-co
re/session.ts:78:18)
        at LibSQLPrep
aredQuery.values (fil
e:///D:/UIT_COURSES/S
E100/DailyDesk/node_m
odules/[4m.pnpm[24m
/drizzle-orm@0.44.7_@
electri_5c2928a099a75
2b7e299aaadb8975aea/n
ode_modules/[4msrc[
24m/libsql/session.ts
:286:21)
        at LibSQLPrep
aredQuery.all (file:/
//D:/UIT_COURSES/SE10
0/DailyDesk/node_modu
les/[4m.pnpm[24m/dr
izzle-orm@0.44.7_@ele
ctri_5c2928a099a752b7
e299aaadb8975aea/node
_modules/[4msrc[24m
/libsql/session.ts:21
4:27)
        at 
SQLiteSelectBase.all 
(file:///D:/UIT_COURS
ES/SE100/DailyDesk/no
de_modules/[4m.pnpm
[24m/drizzle-orm@0.44
.7_@electri_5c2928a09
9a752b7e299aaadb8975a
ea/node_modules/[4ms
rc[24m/sqlite-core/q
uery-builders/select.
ts:950:26)
        at SQLiteSele
ctBase.execute (file:
///D:/UIT_COURSES/SE1
00/DailyDesk/node_mod
ules/[4m.pnpm[24m/d
rizzle-orm@0.44.7_@el
ectri_5c2928a099a752b
7e299aaadb8975aea/nod
e_modules/[4msrc[24
m/sqlite-core/query-b
uilders/select.ts:962
:15) {
      code: [32m'SQL
ITE_ERROR'[39m,
      rawCode: 
[33m1[39m
    }
  }
}

[90mstderr[2m | tes
ts/cards/card-members
.test.ts[2m > 
[22m[2mCards 
Members Tests[2m > 
[22m[2mCard 
Members[2m > 
[22m[2mshould 
retrieve card with 
member details via 
GET
[22m[39mDrizzleQuer
yError: Failed 
query: select "id", 
"name", 
"description", 
"order", 
"cover_url", 
"cover_public_id", 
"cover_color", 
"cover_mode", 
"list_id", 
"start_date", 
"deadline", 
"due_at", 
"due_complete", 
"reminder_minutes", 
"recurrence", 
"recurrence_day", "re
currence_weekday", 
"repeat_frequency", 
"repeat_interval", 
"latitude", 
"longitude", 
"completed", 
"is_template", 
"created_at", 
"updated_at" from 
"cards" where 
"cards"."list_id" = ?
params: 019bd127-d956
-7514-b688-63dbe03c78
73
    at LibSQLPrepared
Query.queryWithCache 
(file:///D:/UIT_COURS
ES/SE100/DailyDesk/no
de_modules/[4m.pnpm
[24m/drizzle-orm@0.44
.7_@electri_5c2928a09
9a752b7e299aaadb8975a
ea/node_modules/[4ms
rc[24m/sqlite-core/s
ession.ts:80:11)
[90m    at processTi
cksAndRejections (nod
e:internal/process/ta
sk_queues:105:5)[39m
    at LibSQLPrepared
Query.values (file://
/D:/UIT_COURSES/SE100
/DailyDesk/node_modul
es/[4m.pnpm[24m/dri
zzle-orm@0.44.7_@elec
tri_5c2928a099a752b7e
299aaadb8975aea/node_
modules/[4msrc[24m/
libsql/session.ts:286
:10)
    at LibSQLPrepared
Query.all (file:///D:
/UIT_COURSES/SE100/Da
ilyDesk/node_modules/
[4m.pnpm[24m/drizzl
e-orm@0.44.7_@electri
_5c2928a099a752b7e299
aaadb8975aea/node_mod
ules/[4msrc[24m/lib
sql/session.ts:214:16
)
    at 
Module.createCard [9
0m(D:\UIT_COURSES\SE1
00\DailyDesk\backend\
[39msrc\services\car
ds.service.ts:319:23
[90m)[39m
    at [90mD:\UIT_CO
URSES\SE100\DailyDesk
\backend\[39msrc\rou
tes\cards.ts:152:22
    at dispatch (file
:///D:/UIT_COURSES/SE
100/DailyDesk/node_mo
dules/[4m.pnpm[24m/
hono@4.11.3/node_modu
les/[4mhono[24m/dis
t/compose.js:22:17)
    at file:///D:/UIT
_COURSES/SE100/DailyD
esk/node_modules/[4m
.pnpm[24m/hono@4.11.
3/node_modules/[4mho
no[24m/dist/validato
r/validator.js:81:12
    at mw (file:///D:
/UIT_COURSES/SE100/Da
ilyDesk/node_modules/
[4m.pnpm[24m/@hono+
zod-openapi@1.2.0_hon
o@4.11.3_zod@4.3.5/no
de_modules/[4m@hono
[24m/zod-openapi/src/
index.ts:546:26)
    at dispatch (file
:///D:/UIT_COURSES/SE
100/DailyDesk/node_mo
dules/[4m.pnpm[24m/
hono@4.11.3/node_modu
les/[4mhono[24m/dis
t/compose.js:22:17) {
  query: 
[32m'select "id", 
"name", 
"description", 
"order", 
"cover_url", 
"cover_public_id", 
"cover_color", 
"cover_mode", 
"list_id", 
"start_date", 
"deadline", 
"due_at", 
"due_complete", 
"reminder_minutes", 
"recurrence", 
"recurrence_day", "re
currence_weekday", 
"repeat_frequency", 
"repeat_interval", 
"latitude", 
"longitude", 
"completed", 
"is_template", 
"created_at", 
"updated_at" from 
"cards" where 
"cards"."list_id" = 
?'[39m,
  params: [ [32m'019
bd127-d956-7514-b688-
63dbe03c7873'[39m ],
  cause: 
LibsqlError: 
SQLITE_ERROR: no 
such column: 
is_template
      at 
mapSqliteError (file:
///D:/UIT_COURSES/SE1
00/DailyDesk/node_mod
ules/[4m.pnpm[24m/@
libsql+client@0.15.15
/node_modules/[4m@li
bsql[24m/client/lib-
esm/sqlite3.js:392:16
)
      at executeStmt 
(file:///D:/UIT_COURS
ES/SE100/DailyDesk/no
de_modules/[4m.pnpm
[24m/@libsql+client@0
.15.15/node_modules/
[4m@libsql[24m/clien
t/lib-esm/sqlite3.js:
297:15)
      at Sqlite3Clien
t.execute (file:///D:
/UIT_COURSES/SE100/Da
ilyDesk/node_modules/
[4m.pnpm[24m/@libsq
l+client@0.15.15/node
_modules/[4m@libsql
[24m/client/lib-esm/s
qlite3.js:81:16)
  [90m    ... 5 
lines matching cause 
stack trace ...[39m
      at SQLiteSelect
Base.execute (file://
/D:/UIT_COURSES/SE100
/DailyDesk/node_modul
es/[4m.pnpm[24m/dri
zzle-orm@0.44.7_@elec
tri_5c2928a099a752b7e
299aaadb8975aea/node_
modules/[4msrc[24m/
sqlite-core/query-bui
lders/select.ts:962:1
5)
      at SQLiteSelect
Base.then (file:///D:
/UIT_COURSES/SE100/Da
ilyDesk/node_modules/
[4m.pnpm[24m/drizzl
e-orm@0.44.7_@electri
_5c2928a099a752b7e299
aaadb8975aea/node_mod
ules/[4msrc[24m/que
ry-promise.ts:31:15) 
{
    code: [32m'SQLIT
E_ERROR'[39m,
    rawCode: 
[33m1[39m,
    [cause]: 
SqliteError: no such 
column: is_template
        at 
convertError (D:\UIT_
COURSES\SE100\DailyDe
sk\node_modules\[4m.
pnpm[24m\libsql@0.5.
22\node_modules\[4ml
ibsql[24m\index.js:5
9:12)
        at 
Database.prepare (D:\
UIT_COURSES\SE100\Dai
lyDesk\node_modules\
[4m.pnpm[24m\libsql@
0.5.22\node_modules\
[4mlibsql[24m\index.
js:131:13)
        at 
executeStmt (file:///
D:/UIT_COURSES/SE100/
DailyDesk/node_module
s/[4m.pnpm[24m/@lib
sql+client@0.15.15/no
de_modules/[4m@libsq
l[24m/client/lib-esm
/sqlite3.js:268:28)
        at Sqlite3Cli
ent.execute (file:///
D:/UIT_COURSES/SE100/
DailyDesk/node_module
s/[4m.pnpm[24m/@lib
sql+client@0.15.15/no
de_modules/[4m@libsq
l[24m/client/lib-esm
/sqlite3.js:81:16)
        at file:///D:
/UIT_COURSES/SE100/Da
ilyDesk/node_modules/
[4m.pnpm[24m/drizzl
e-orm@0.44.7_@electri
_5c2928a099a752b7e299
aaadb8975aea/node_mod
ules/[4msrc[24m/lib
sql/session.ts:288:58
        at LibSQLPrep
aredQuery.queryWithCa
che (file:///D:/UIT_C
OURSES/SE100/DailyDes
k/node_modules/[4m.p
npm[24m/drizzle-orm@
0.44.7_@electri_5c292
8a099a752b7e299aaadb8
975aea/node_modules/
[4msrc[24m/sqlite-co
re/session.ts:78:18)
        at LibSQLPrep
aredQuery.values (fil
e:///D:/UIT_COURSES/S
E100/DailyDesk/node_m
odules/[4m.pnpm[24m
/drizzle-orm@0.44.7_@
electri_5c2928a099a75
2b7e299aaadb8975aea/n
ode_modules/[4msrc[
24m/libsql/session.ts
:286:21)
        at LibSQLPrep
aredQuery.all (file:/
//D:/UIT_COURSES/SE10
0/DailyDesk/node_modu
les/[4m.pnpm[24m/dr
izzle-orm@0.44.7_@ele
ctri_5c2928a099a752b7
e299aaadb8975aea/node
_modules/[4msrc[24m
/libsql/session.ts:21
4:27)
        at 
SQLiteSelectBase.all 
(file:///D:/UIT_COURS
ES/SE100/DailyDesk/no
de_modules/[4m.pnpm
[24m/drizzle-orm@0.44
.7_@electri_5c2928a09
9a752b7e299aaadb8975a
ea/node_modules/[4ms
rc[24m/sqlite-core/q
uery-builders/select.
ts:950:26)
        at SQLiteSele
ctBase.execute (file:
///D:/UIT_COURSES/SE1
00/DailyDesk/node_mod
ules/[4m.pnpm[24m/d
rizzle-orm@0.44.7_@el
ectri_5c2928a099a752b
7e299aaadb8975aea/nod
e_modules/[4msrc[24
m/sqlite-core/query-b
uilders/select.ts:962
:15) {
      code: [32m'SQL
ITE_ERROR'[39m,
      rawCode: 
[33m1[39m
    }
  }
}
Error in updateCard 
route: 
DrizzleQueryError: 
Failed query: select 
"id", "name", 
"description", 
"order", 
"cover_url", 
"cover_public_id", 
"cover_color", 
"cover_mode", 
"list_id", 
"start_date", 
"deadline", 
"due_at", 
"due_complete", 
"reminder_minutes", 
"recurrence", 
"recurrence_day", "re
currence_weekday", 
"repeat_frequency", 
"repeat_interval", 
"latitude", 
"longitude", 
"completed", 
"is_template", 
"created_at", 
"updated_at" from 
"cards" where 
"cards"."id" = ? 
limit ?
params: 019bd127-d95b
-713e-997d-58b20d4969
5e,1
    at LibSQLPrepared
Query.queryWithCache 
(file:///D:/UIT_COURS
ES/SE100/DailyDesk/no
de_modules/[4m.pnpm
[24m/drizzle-orm@0.44
.7_@electri_5c2928a09
9a752b7e299aaadb8975a
ea/node_modules/[4ms
rc[24m/sqlite-core/s
ession.ts:80:11)
[90m    at processTi
cksAndRejections (nod
e:internal/process/ta
sk_queues:105:5)[39m
    at LibSQLPrepared
Query.values (file://
/D:/UIT_COURSES/SE100
/DailyDesk/node_modul
es/[4m.pnpm[24m/dri
zzle-orm@0.44.7_@elec
tri_5c2928a099a752b7e
299aaadb8975aea/node_
modules/[4msrc[24m/
libsql/session.ts:286
:10)
    at LibSQLPrepared
Query.all (file:///D:
/UIT_COURSES/SE100/Da
ilyDesk/node_modules/
[4m.pnpm[24m/drizzl
e-orm@0.44.7_@electri
_5c2928a099a752b7e299
aaadb8975aea/node_mod
ules/[4msrc[24m/lib
sql/session.ts:214:16
)
    at 
Module.updateCard [9
0m(D:\UIT_COURSES\SE1
00\DailyDesk\backend\
[39msrc\services\car
ds.service.ts:566:24
[90m)[39m
    at [90mD:\UIT_CO
URSES\SE100\DailyDesk
\backend\[39msrc\rou
tes\cards.ts:244:25
    at dispatch (file
:///D:/UIT_COURSES/SE
100/DailyDesk/node_mo
dules/[4m.pnpm[24m/
hono@4.11.3/node_modu
les/[4mhono[24m/dis
t/compose.js:22:17)
    at file:///D:/UIT
_COURSES/SE100/DailyD
esk/node_modules/[4m
.pnpm[24m/hono@4.11.
3/node_modules/[4mho
no[24m/dist/validato
r/validator.js:81:12
    at mw (file:///D:
/UIT_COURSES/SE100/Da
ilyDesk/node_modules/
[4m.pnpm[24m/@hono+
zod-openapi@1.2.0_hon
o@4.11.3_zod@4.3.5/no
de_modules/[4m@hono
[24m/zod-openapi/src/
index.ts:546:26)
    at dispatch (file
:///D:/UIT_COURSES/SE
100/DailyDesk/node_mo
dules/[4m.pnpm[24m/
hono@4.11.3/node_modu
les/[4mhono[24m/dis
t/compose.js:22:17) {
  query: 
[32m'select "id", 
"name", 
"description", 
"order", 
"cover_url", 
"cover_public_id", 
"cover_color", 
"cover_mode", 
"list_id", 
"start_date", 
"deadline", 
"due_at", 
"due_complete", 
"reminder_minutes", 
"recurrence", 
"recurrence_day", "re
currence_weekday", 
"repeat_frequency", 
"repeat_interval", 
"latitude", 
"longitude", 
"completed", 
"is_template", 
"created_at", 
"updated_at" from 
"cards" where 
"cards"."id" = ? 
limit ?'[39m,
  params: [ [32m'019
bd127-d95b-713e-997d-
58b20d49695e'[39m, 
[33m1[39m ],
  cause: 
LibsqlError: 
SQLITE_ERROR: no 
such column: 
is_template
      at 
mapSqliteError (file:
///D:/UIT_COURSES/SE1
00/DailyDesk/node_mod
ules/[4m.pnpm[24m/@
libsql+client@0.15.15
/node_modules/[4m@li
bsql[24m/client/lib-
esm/sqlite3.js:392:16
)
      at executeStmt 
(file:///D:/UIT_COURS
ES/SE100/DailyDesk/no
de_modules/[4m.pnpm
[24m/@libsql+client@0
.15.15/node_modules/
[4m@libsql[24m/clien
t/lib-esm/sqlite3.js:
297:15)
      at Sqlite3Clien
t.execute (file:///D:
/UIT_COURSES/SE100/Da
ilyDesk/node_modules/
[4m.pnpm[24m/@libsq
l+client@0.15.15/node
_modules/[4m@libsql
[24m/client/lib-esm/s
qlite3.js:81:16)
  [90m    ... 5 
lines matching cause 
stack trace ...[39m
      at SQLiteSelect
Base.execute (file://
/D:/UIT_COURSES/SE100
/DailyDesk/node_modul
es/[4m.pnpm[24m/dri
zzle-orm@0.44.7_@elec
tri_5c2928a099a752b7e
299aaadb8975aea/node_
modules/[4msrc[24m/
sqlite-core/query-bui
lders/select.ts:962:1
5)
      at SQLiteSelect
Base.then (file:///D:
/UIT_COURSES/SE100/Da
ilyDesk/node_modules/
[4m.pnpm[24m/drizzl
e-orm@0.44.7_@electri
_5c2928a099a752b7e299
aaadb8975aea/node_mod
ules/[4msrc[24m/que
ry-promise.ts:31:15) 
{
    code: [32m'SQLIT
E_ERROR'[39m,
    rawCode: 
[33m1[39m,
    [cause]: 
SqliteError: no such 
column: is_template
        at 
convertError (D:\UIT_
COURSES\SE100\DailyDe
sk\node_modules\[4m.
pnpm[24m\libsql@0.5.
22\node_modules\[4ml
ibsql[24m\index.js:5
9:12)
        at 
Database.prepare (D:\
UIT_COURSES\SE100\Dai
lyDesk\node_modules\
[4m.pnpm[24m\libsql@
0.5.22\node_modules\
[4mlibsql[24m\index.
js:131:13)
        at 
executeStmt (file:///
D:/UIT_COURSES/SE100/
DailyDesk/node_module
s/[4m.pnpm[24m/@lib
sql+client@0.15.15/no
de_modules/[4m@libsq
l[24m/client/lib-esm
/sqlite3.js:268:28)
        at Sqlite3Cli
ent.execute (file:///
D:/UIT_COURSES/SE100/
DailyDesk/node_module
s/[4m.pnpm[24m/@lib
sql+client@0.15.15/no
de_modules/[4m@libsq
l[24m/client/lib-esm
/sqlite3.js:81:16)
        at file:///D:
/UIT_COURSES/SE100/Da
ilyDesk/node_modules/
[4m.pnpm[24m/drizzl
e-orm@0.44.7_@electri
_5c2928a099a752b7e299
aaadb8975aea/node_mod
ules/[4msrc[24m/lib
sql/session.ts:288:58
        at LibSQLPrep
aredQuery.queryWithCa
che (file:///D:/UIT_C
OURSES/SE100/DailyDes
k/node_modules/[4m.p
npm[24m/drizzle-orm@
0.44.7_@electri_5c292
8a099a752b7e299aaadb8
975aea/node_modules/
[4msrc[24m/sqlite-co
re/session.ts:78:18)
        at LibSQLPrep
aredQuery.values (fil
e:///D:/UIT_COURSES/S
E100/DailyDesk/node_m
odules/[4m.pnpm[24m
/drizzle-orm@0.44.7_@
electri_5c2928a099a75
2b7e299aaadb8975aea/n
ode_modules/[4msrc[
24m/libsql/session.ts
:286:21)
        at LibSQLPrep
aredQuery.all (file:/
//D:/UIT_COURSES/SE10
0/DailyDesk/node_modu
les/[4m.pnpm[24m/dr
izzle-orm@0.44.7_@ele
ctri_5c2928a099a752b7
e299aaadb8975aea/node
_modules/[4msrc[24m
/libsql/session.ts:21
4:27)
        at 
SQLiteSelectBase.all 
(file:///D:/UIT_COURS
ES/SE100/DailyDesk/no
de_modules/[4m.pnpm
[24m/drizzle-orm@0.44
.7_@electri_5c2928a09
9a752b7e299aaadb8975a
ea/node_modules/[4ms
rc[24m/sqlite-core/q
uery-builders/select.
ts:950:26)
        at SQLiteSele
ctBase.execute (file:
///D:/UIT_COURSES/SE1
00/DailyDesk/node_mod
ules/[4m.pnpm[24m/d
rizzle-orm@0.44.7_@el
ectri_5c2928a099a752b
7e299aaadb8975aea/nod
e_modules/[4msrc[24
m/sqlite-core/query-b
uilders/select.ts:962
:15) {
      code: [32m'SQL
ITE_ERROR'[39m,
      rawCode: 
[33m1[39m
    }
  }
}
DrizzleQueryError: 
Failed query: select 
"id", "name", 
"description", 
"order", 
"cover_url", 
"cover_public_id", 
"cover_color", 
"cover_mode", 
"list_id", 
"start_date", 
"deadline", 
"due_at", 
"due_complete", 
"reminder_minutes", 
"recurrence", 
"recurrence_day", "re
currence_weekday", 
"repeat_frequency", 
"repeat_interval", 
"latitude", 
"longitude", 
"completed", 
"is_template", 
"created_at", 
"updated_at" from 
"cards" where 
"cards"."id" = ? 
limit ?
params: 019bd127-d95b
-713e-997d-58b20d4969
5e,1
    at LibSQLPrepared
Query.queryWithCache 
(file:///D:/UIT_COURS
ES/SE100/DailyDesk/no
de_modules/[4m.pnpm
[24m/drizzle-orm@0.44
.7_@electri_5c2928a09
9a752b7e299aaadb8975a
ea/node_modules/[4ms
rc[24m/sqlite-core/s
ession.ts:80:11)
[90m    at processTi
cksAndRejections (nod
e:internal/process/ta
sk_queues:105:5)[39m
    at LibSQLPrepared
Query.values (file://
/D:/UIT_COURSES/SE100
/DailyDesk/node_modul
es/[4m.pnpm[24m/dri
zzle-orm@0.44.7_@elec
tri_5c2928a099a752b7e
299aaadb8975aea/node_
modules/[4msrc[24m/
libsql/session.ts:286
:10)
    at LibSQLPrepared
Query.all (file:///D:
/UIT_COURSES/SE100/Da
ilyDesk/node_modules/
[4m.pnpm[24m/drizzl
e-orm@0.44.7_@electri
_5c2928a099a752b7e299
aaadb8975aea/node_mod
ules/[4msrc[24m/lib
sql/session.ts:214:16
)
    at 
Module.updateCard [9
0m(D:\UIT_COURSES\SE1
00\DailyDesk\backend\
[39msrc\services\car
ds.service.ts:566:24
[90m)[39m
    at [90mD:\UIT_CO
URSES\SE100\DailyDesk
\backend\[39msrc\rou
tes\cards.ts:244:25
    at dispatch (file
:///D:/UIT_COURSES/SE
100/DailyDesk/node_mo
dules/[4m.pnpm[24m/
hono@4.11.3/node_modu
les/[4mhono[24m/dis
t/compose.js:22:17)
    at file:///D:/UIT
_COURSES/SE100/DailyD
esk/node_modules/[4m
.pnpm[24m/hono@4.11.
3/node_modules/[4mho
no[24m/dist/validato
r/validator.js:81:12
    at mw (file:///D:
/UIT_COURSES/SE100/Da
ilyDesk/node_modules/
[4m.pnpm[24m/@hono+
zod-openapi@1.2.0_hon
o@4.11.3_zod@4.3.5/no
de_modules/[4m@hono
[24m/zod-openapi/src/
index.ts:546:26)
    at dispatch (file
:///D:/UIT_COURSES/SE
100/DailyDesk/node_mo
dules/[4m.pnpm[24m/
hono@4.11.3/node_modu
les/[4mhono[24m/dis
t/compose.js:22:17) {
  query: 
[32m'select "id", 
"name", 
"description", 
"order", 
"cover_url", 
"cover_public_id", 
"cover_color", 
"cover_mode", 
"list_id", 
"start_date", 
"deadline", 
"due_at", 
"due_complete", 
"reminder_minutes", 
"recurrence", 
"recurrence_day", "re
currence_weekday", 
"repeat_frequency", 
"repeat_interval", 
"latitude", 
"longitude", 
"completed", 
"is_template", 
"created_at", 
"updated_at" from 
"cards" where 
"cards"."id" = ? 
limit ?'[39m,
  params: [ [32m'019
bd127-d95b-713e-997d-
58b20d49695e'[39m, 
[33m1[39m ],
  cause: 
LibsqlError: 
SQLITE_ERROR: no 
such column: 
is_template
      at 
mapSqliteError (file:
///D:/UIT_COURSES/SE1
00/DailyDesk/node_mod
ules/[4m.pnpm[24m/@
libsql+client@0.15.15
/node_modules/[4m@li
bsql[24m/client/lib-
esm/sqlite3.js:392:16
)
      at executeStmt 
(file:///D:/UIT_COURS
ES/SE100/DailyDesk/no
de_modules/[4m.pnpm
[24m/@libsql+client@0
.15.15/node_modules/
[4m@libsql[24m/clien
t/lib-esm/sqlite3.js:
297:15)
      at Sqlite3Clien
t.execute (file:///D:
/UIT_COURSES/SE100/Da
ilyDesk/node_modules/
[4m.pnpm[24m/@libsq
l+client@0.15.15/node
_modules/[4m@libsql
[24m/client/lib-esm/s
qlite3.js:81:16)
  [90m    ... 5 
lines matching cause 
stack trace ...[39m
      at SQLiteSelect
Base.execute (file://
/D:/UIT_COURSES/SE100
/DailyDesk/node_modul
es/[4m.pnpm[24m/dri
zzle-orm@0.44.7_@elec
tri_5c2928a099a752b7e
299aaadb8975aea/node_
modules/[4msrc[24m/
sqlite-core/query-bui
lders/select.ts:962:1
5)
      at SQLiteSelect
Base.then (file:///D:
/UIT_COURSES/SE100/Da
ilyDesk/node_modules/
[4m.pnpm[24m/drizzl
e-orm@0.44.7_@electri
_5c2928a099a752b7e299
aaadb8975aea/node_mod
ules/[4msrc[24m/que
ry-promise.ts:31:15) 
{
    code: [32m'SQLIT
E_ERROR'[39m,
    rawCode: 
[33m1[39m,
    [cause]: 
SqliteError: no such 
column: is_template
        at 
convertError (D:\UIT_
COURSES\SE100\DailyDe
sk\node_modules\[4m.
pnpm[24m\libsql@0.5.
22\node_modules\[4ml
ibsql[24m\index.js:5
9:12)
        at 
Database.prepare (D:\
UIT_COURSES\SE100\Dai
lyDesk\node_modules\
[4m.pnpm[24m\libsql@
0.5.22\node_modules\
[4mlibsql[24m\index.
js:131:13)
        at 
executeStmt (file:///
D:/UIT_COURSES/SE100/
DailyDesk/node_module
s/[4m.pnpm[24m/@lib
sql+client@0.15.15/no
de_modules/[4m@libsq
l[24m/client/lib-esm
/sqlite3.js:268:28)
        at Sqlite3Cli
ent.execute (file:///
D:/UIT_COURSES/SE100/
DailyDesk/node_module
s/[4m.pnpm[24m/@lib
sql+client@0.15.15/no
de_modules/[4m@libsq
l[24m/client/lib-esm
/sqlite3.js:81:16)
        at file:///D:
/UIT_COURSES/SE100/Da
ilyDesk/node_modules/
[4m.pnpm[24m/drizzl
e-orm@0.44.7_@electri
_5c2928a099a752b7e299
aaadb8975aea/node_mod
ules/[4msrc[24m/lib
sql/session.ts:288:58
        at LibSQLPrep
aredQuery.queryWithCa
che (file:///D:/UIT_C
OURSES/SE100/DailyDes
k/node_modules/[4m.p
npm[24m/drizzle-orm@
0.44.7_@electri_5c292
8a099a752b7e299aaadb8
975aea/node_modules/
[4msrc[24m/sqlite-co
re/session.ts:78:18)
        at LibSQLPrep
aredQuery.values (fil
e:///D:/UIT_COURSES/S
E100/DailyDesk/node_m
odules/[4m.pnpm[24m
/drizzle-orm@0.44.7_@
electri_5c2928a099a75
2b7e299aaadb8975aea/n
ode_modules/[4msrc[
24m/libsql/session.ts
:286:21)
        at LibSQLPrep
aredQuery.all (file:/
//D:/UIT_COURSES/SE10
0/DailyDesk/node_modu
les/[4m.pnpm[24m/dr
izzle-orm@0.44.7_@ele
ctri_5c2928a099a752b7
e299aaadb8975aea/node
_modules/[4msrc[24m
/libsql/session.ts:21
4:27)
        at 
SQLiteSelectBase.all 
(file:///D:/UIT_COURS
ES/SE100/DailyDesk/no
de_modules/[4m.pnpm
[24m/drizzle-orm@0.44
.7_@electri_5c2928a09
9a752b7e299aaadb8975a
ea/node_modules/[4ms
rc[24m/sqlite-core/q
uery-builders/select.
ts:950:26)
        at SQLiteSele
ctBase.execute (file:
///D:/UIT_COURSES/SE1
00/DailyDesk/node_mod
ules/[4m.pnpm[24m/d
rizzle-orm@0.44.7_@el
ectri_5c2928a099a752b
7e299aaadb8975aea/nod
e_modules/[4msrc[24
m/sqlite-core/query-b
uilders/select.ts:962
:15) {
      code: [32m'SQL
ITE_ERROR'[39m,
      rawCode: 
[33m1[39m
    }
  }
}
DrizzleQueryError: 
Failed query: select 
"cards"."id", 
"cards"."name", "card
s"."description", 
"cards"."order", 
"cards"."cover_url", 
"cards"."cover_public
_id", "cards"."cover_
color", "cards"."cove
r_mode", 
"cards"."list_id", "c
ards"."start_date", 
"cards"."deadline", 
"cards"."due_at", "ca
rds"."due_complete", 
"cards"."reminder_min
utes", "cards"."recur
rence", "cards"."recu
rrence_day", "cards".
"recurrence_weekday",
 "cards"."repeat_freq
uency", "cards"."repe
at_interval", 
"cards"."latitude", 
"cards"."longitude", 
"cards"."completed", 
"cards"."is_template"
, "cards"."created_at
", "cards"."updated_a
t", "lists"."id", 
"lists"."name", 
"lists"."order", 
"lists"."board_id" 
from "cards" inner 
join "lists" on 
"cards"."list_id" = 
"lists"."id" where 
"cards"."id" = ? 
limit ?
params: 019bd127-d95b
-713e-997d-58b20d4969
5e,1
    at LibSQLPrepared
Query.queryWithCache 
(file:///D:/UIT_COURS
ES/SE100/DailyDesk/no
de_modules/[4m.pnpm
[24m/drizzle-orm@0.44
.7_@electri_5c2928a09
9a752b7e299aaadb8975a
ea/node_modules/[4ms
rc[24m/sqlite-core/s
ession.ts:80:11)
[90m    at processTi
cksAndRejections (nod
e:internal/process/ta
sk_queues:105:5)[39m
    at LibSQLPrepared
Query.values (file://
/D:/UIT_COURSES/SE100
/DailyDesk/node_modul
es/[4m.pnpm[24m/dri
zzle-orm@0.44.7_@elec
tri_5c2928a099a752b7e
299aaadb8975aea/node_
modules/[4msrc[24m/
libsql/session.ts:286
:10)
    at LibSQLPrepared
Query.all (file:///D:
/UIT_COURSES/SE100/Da
ilyDesk/node_modules/
[4m.pnpm[24m/drizzl
e-orm@0.44.7_@electri
_5c2928a099a752b7e299
aaadb8975aea/node_mod
ules/[4msrc[24m/lib
sql/session.ts:214:16
)
    at 
Module.getCardById [
90m(D:\UIT_COURSES\SE
100\DailyDesk\backend
\[39msrc\services\ca
rds.service.ts:459:16
[90m)[39m
    at [90mD:\UIT_CO
URSES\SE100\DailyDesk
\backend\[39msrc\rou
tes\cards.ts:195:22
    at dispatch (file
:///D:/UIT_COURSES/SE
100/DailyDesk/node_mo
dules/[4m.pnpm[24m/
hono@4.11.3/node_modu
les/[4mhono[24m/dis
t/compose.js:22:17)
    at file:///D:/UIT
_COURSES/SE100/DailyD
esk/node_modules/[4m
.pnpm[24m/hono@4.11.
3/node_modules/[4mho
no[24m/dist/validato
r/validator.js:81:12
    at dispatch (file
:///D:/UIT_COURSES/SE
100/DailyDesk/node_mo
dules/[4m.pnpm[24m/
hono@4.11.3/node_modu
les/[4mhono[24m/dis
t/compose.js:22:17)
    at [90mD:\UIT_CO
URSES\SE100\DailyDesk
\backend\[39mtests\h
elpers\auth.ts:27:5 {
  query: 
[32m'select 
"cards"."id", 
"cards"."name", "card
s"."description", 
"cards"."order", 
"cards"."cover_url", 
"cards"."cover_public
_id", "cards"."cover_
color", "cards"."cove
r_mode", 
"cards"."list_id", "c
ards"."start_date", 
"cards"."deadline", 
"cards"."due_at", "ca
rds"."due_complete", 
"cards"."reminder_min
utes", "cards"."recur
rence", "cards"."recu
rrence_day", "cards".
"recurrence_weekday",
 "cards"."repeat_freq
uency", "cards"."repe
at_interval", 
"cards"."latitude", 
"cards"."longitude", 
"cards"."completed", 
"cards"."is_template"
, "cards"."created_at
", "cards"."updated_a
t", "lists"."id", 
"lists"."name", 
"lists"."order", 
"lists"."board_id" 
from "cards" inner 
join "lists" on 
"cards"."list_id" = 
"lists"."id" where 
"cards"."id" = ? 
limit ?'[39m,
  params: [ [32m'019
bd127-d95b-713e-997d-
58b20d49695e'[39m, 
[33m1[39m ],
  cause: 
LibsqlError: 
SQLITE_ERROR: no 
such column: 
cards.is_template
      at 
mapSqliteError (file:
///D:/UIT_COURSES/SE1
00/DailyDesk/node_mod
ules/[4m.pnpm[24m/@
libsql+client@0.15.15
/node_modules/[4m@li
bsql[24m/client/lib-
esm/sqlite3.js:392:16
)
      at executeStmt 
(file:///D:/UIT_COURS
ES/SE100/DailyDesk/no
de_modules/[4m.pnpm
[24m/@libsql+client@0
.15.15/node_modules/
[4m@libsql[24m/clien
t/lib-esm/sqlite3.js:
297:15)
      at Sqlite3Clien
t.execute (file:///D:
/UIT_COURSES/SE100/Da
ilyDesk/node_modules/
[4m.pnpm[24m/@libsq
l+client@0.15.15/node
_modules/[4m@libsql
[24m/client/lib-esm/s
qlite3.js:81:16)
  [90m    ... 5 
lines matching cause 
stack trace ...[39m
      at SQLiteSelect
Base.execute (file://
/D:/UIT_COURSES/SE100
/DailyDesk/node_modul
es/[4m.pnpm[24m/dri
zzle-orm@0.44.7_@elec
tri_5c2928a099a752b7e
299aaadb8975aea/node_
modules/[4msrc[24m/
sqlite-core/query-bui
lders/select.ts:962:1
5)
      at SQLiteSelect
Base.then (file:///D:
/UIT_COURSES/SE100/Da
ilyDesk/node_modules/
[4m.pnpm[24m/drizzl
e-orm@0.44.7_@electri
_5c2928a099a752b7e299
aaadb8975aea/node_mod
ules/[4msrc[24m/que
ry-promise.ts:31:15) 
{
    code: [32m'SQLIT
E_ERROR'[39m,
    rawCode: 
[33m1[39m,
    [cause]: 
SqliteError: no such 
column: 
cards.is_template
        at 
convertError (D:\UIT_
COURSES\SE100\DailyDe
sk\node_modules\[4m.
pnpm[24m\libsql@0.5.
22\node_modules\[4ml
ibsql[24m\index.js:5
9:12)
        at 
Database.prepare (D:\
UIT_COURSES\SE100\Dai
lyDesk\node_modules\
[4m.pnpm[24m\libsql@
0.5.22\node_modules\
[4mlibsql[24m\index.
js:131:13)
        at 
executeStmt (file:///
D:/UIT_COURSES/SE100/
DailyDesk/node_module
s/[4m.pnpm[24m/@lib
sql+client@0.15.15/no
de_modules/[4m@libsq
l[24m/client/lib-esm
/sqlite3.js:268:28)
        at Sqlite3Cli
ent.execute (file:///
D:/UIT_COURSES/SE100/
DailyDesk/node_module
s/[4m.pnpm[24m/@lib
sql+client@0.15.15/no
de_modules/[4m@libsq
l[24m/client/lib-esm
/sqlite3.js:81:16)
        at file:///D:
/UIT_COURSES/SE100/Da
ilyDesk/node_modules/
[4m.pnpm[24m/drizzl
e-orm@0.44.7_@electri
_5c2928a099a752b7e299
aaadb8975aea/node_mod
ules/[4msrc[24m/lib
sql/session.ts:288:58
        at LibSQLPrep
aredQuery.queryWithCa
che (file:///D:/UIT_C
OURSES/SE100/DailyDes
k/node_modules/[4m.p
npm[24m/drizzle-orm@
0.44.7_@electri_5c292
8a099a752b7e299aaadb8
975aea/node_modules/
[4msrc[24m/sqlite-co
re/session.ts:78:18)
        at LibSQLPrep
aredQuery.values (fil
e:///D:/UIT_COURSES/S
E100/DailyDesk/node_m
odules/[4m.pnpm[24m
/drizzle-orm@0.44.7_@
electri_5c2928a099a75
2b7e299aaadb8975aea/n
ode_modules/[4msrc[
24m/libsql/session.ts
:286:21)
        at LibSQLPrep
aredQuery.all (file:/
//D:/UIT_COURSES/SE10
0/DailyDesk/node_modu
les/[4m.pnpm[24m/dr
izzle-orm@0.44.7_@ele
ctri_5c2928a099a752b7
e299aaadb8975aea/node
_modules/[4msrc[24m
/libsql/session.ts:21
4:27)
        at 
SQLiteSelectBase.all 
(file:///D:/UIT_COURS
ES/SE100/DailyDesk/no
de_modules/[4m.pnpm
[24m/drizzle-orm@0.44
.7_@electri_5c2928a09
9a752b7e299aaadb8975a
ea/node_modules/[4ms
rc[24m/sqlite-core/q
uery-builders/select.
ts:950:26)
        at SQLiteSele
ctBase.execute (file:
///D:/UIT_COURSES/SE1
00/DailyDesk/node_mod
ules/[4m.pnpm[24m/d
rizzle-orm@0.44.7_@el
ectri_5c2928a099a752b
7e299aaadb8975aea/nod
e_modules/[4msrc[24
m/sqlite-core/query-b
uilders/select.ts:962
:15) {
      code: [32m'SQL
ITE_ERROR'[39m,
      rawCode: 
[33m1[39m
    }
  }
}

[90mstderr[2m | tes
ts/cards/card-members
.test.ts[2m > 
[22m[2mCards 
Members Tests[2m > 
[22m[2mCard 
Members[2m > 
[22m[2mshould add 
multiple members to 
a card
[22m[39mDrizzleQuer
yError: Failed 
query: select "id", 
"name", 
"description", 
"order", 
"cover_url", 
"cover_public_id", 
"cover_color", 
"cover_mode", 
"list_id", 
"start_date", 
"deadline", 
"due_at", 
"due_complete", 
"reminder_minutes", 
"recurrence", 
"recurrence_day", "re
currence_weekday", 
"repeat_frequency", 
"repeat_interval", 
"latitude", 
"longitude", 
"completed", 
"is_template", 
"created_at", 
"updated_at" from 
"cards" where 
"cards"."list_id" = ?
params: 019bd127-d986
-70ae-bfa8-d2f13e0b62
8e
    at LibSQLPrepared
Query.queryWithCache 
(file:///D:/UIT_COURS
ES/SE100/DailyDesk/no
de_modules/[4m.pnpm
[24m/drizzle-orm@0.44
.7_@electri_5c2928a09
9a752b7e299aaadb8975a
ea/node_modules/[4ms
rc[24m/sqlite-core/s
ession.ts:80:11)
[90m    at processTi
cksAndRejections (nod
e:internal/process/ta
sk_queues:105:5)[39m
    at LibSQLPrepared
Query.values (file://
/D:/UIT_COURSES/SE100
/DailyDesk/node_modul
es/[4m.pnpm[24m/dri
zzle-orm@0.44.7_@elec
tri_5c2928a099a752b7e
299aaadb8975aea/node_
modules/[4msrc[24m/
libsql/session.ts:286
:10)
    at LibSQLPrepared
Query.all (file:///D:
/UIT_COURSES/SE100/Da
ilyDesk/node_modules/
[4m.pnpm[24m/drizzl
e-orm@0.44.7_@electri
_5c2928a099a752b7e299
aaadb8975aea/node_mod
ules/[4msrc[24m/lib
sql/session.ts:214:16
)
    at 
Module.createCard [9
0m(D:\UIT_COURSES\SE1
00\DailyDesk\backend\
[39msrc\services\car
ds.service.ts:319:23
[90m)[39m
    at [90mD:\UIT_CO
URSES\SE100\DailyDesk
\backend\[39msrc\rou
tes\cards.ts:152:22
    at dispatch (file
:///D:/UIT_COURSES/SE
100/DailyDesk/node_mo
dules/[4m.pnpm[24m/
hono@4.11.3/node_modu
les/[4mhono[24m/dis
t/compose.js:22:17)
    at file:///D:/UIT
_COURSES/SE100/DailyD
esk/node_modules/[4m
.pnpm[24m/hono@4.11.
3/node_modules/[4mho
no[24m/dist/validato
r/validator.js:81:12
    at mw (file:///D:
/UIT_COURSES/SE100/Da
ilyDesk/node_modules/
[4m.pnpm[24m/@hono+
zod-openapi@1.2.0_hon
o@4.11.3_zod@4.3.5/no
de_modules/[4m@hono
[24m/zod-openapi/src/
index.ts:546:26)
    at dispatch (file
:///D:/UIT_COURSES/SE
100/DailyDesk/node_mo
dules/[4m.pnpm[24m/
hono@4.11.3/node_modu
les/[4mhono[24m/dis
t/compose.js:22:17) {
  query: 
[32m'select "id", 
"name", 
"description", 
"order", 
"cover_url", 
"cover_public_id", 
"cover_color", 
"cover_mode", 
"list_id", 
"start_date", 
"deadline", 
"due_at", 
"due_complete", 
"reminder_minutes", 
"recurrence", 
"recurrence_day", "re
currence_weekday", 
"repeat_frequency", 
"repeat_interval", 
"latitude", 
"longitude", 
"completed", 
"is_template", 
"created_at", 
"updated_at" from 
"cards" where 
"cards"."list_id" = 
?'[39m,
  params: [ [32m'019
bd127-d986-70ae-bfa8-
d2f13e0b628e'[39m ],
  cause: 
LibsqlError: 
SQLITE_ERROR: no 
such column: 
is_template
      at 
mapSqliteError (file:
///D:/UIT_COURSES/SE1
00/DailyDesk/node_mod
ules/[4m.pnpm[24m/@
libsql+client@0.15.15
/node_modules/[4m@li
bsql[24m/client/lib-
esm/sqlite3.js:392:16
)
      at executeStmt 
(file:///D:/UIT_COURS
ES/SE100/DailyDesk/no
de_modules/[4m.pnpm
[24m/@libsql+client@0
.15.15/node_modules/
[4m@libsql[24m/clien
t/lib-esm/sqlite3.js:
297:15)
      at Sqlite3Clien
t.execute (file:///D:
/UIT_COURSES/SE100/Da
ilyDesk/node_modules/
[4m.pnpm[24m/@libsq
l+client@0.15.15/node
_modules/[4m@libsql
[24m/client/lib-esm/s
qlite3.js:81:16)
  [90m    ... 5 
lines matching cause 
stack trace ...[39m
      at SQLiteSelect
Base.execute (file://
/D:/UIT_COURSES/SE100
/DailyDesk/node_modul
es/[4m.pnpm[24m/dri
zzle-orm@0.44.7_@elec
tri_5c2928a099a752b7e
299aaadb8975aea/node_
modules/[4msrc[24m/
sqlite-core/query-bui
lders/select.ts:962:1
5)
      at SQLiteSelect
Base.then (file:///D:
/UIT_COURSES/SE100/Da
ilyDesk/node_modules/
[4m.pnpm[24m/drizzl
e-orm@0.44.7_@electri
_5c2928a099a752b7e299
aaadb8975aea/node_mod
ules/[4msrc[24m/que
ry-promise.ts:31:15) 
{
    code: [32m'SQLIT
E_ERROR'[39m,
    rawCode: 
[33m1[39m,
    [cause]: 
SqliteError: no such 
column: is_template
        at 
convertError (D:\UIT_
COURSES\SE100\DailyDe
sk\node_modules\[4m.
pnpm[24m\libsql@0.5.
22\node_modules\[4ml
ibsql[24m\index.js:5
9:12)
        at 
Database.prepare (D:\
UIT_COURSES\SE100\Dai
lyDesk\node_modules\
[4m.pnpm[24m\libsql@
0.5.22\node_modules\
[4mlibsql[24m\index.
js:131:13)
        at 
executeStmt (file:///
D:/UIT_COURSES/SE100/
DailyDesk/node_module
s/[4m.pnpm[24m/@lib
sql+client@0.15.15/no
de_modules/[4m@libsq
l[24m/client/lib-esm
/sqlite3.js:268:28)
        at Sqlite3Cli
ent.execute (file:///
D:/UIT_COURSES/SE100/
DailyDesk/node_module
s/[4m.pnpm[24m/@lib
sql+client@0.15.15/no
de_modules/[4m@libsq
l[24m/client/lib-esm
/sqlite3.js:81:16)
        at file:///D:
/UIT_COURSES/SE100/Da
ilyDesk/node_modules/
[4m.pnpm[24m/drizzl
e-orm@0.44.7_@electri
_5c2928a099a752b7e299
aaadb8975aea/node_mod
ules/[4msrc[24m/lib
sql/session.ts:288:58
        at LibSQLPrep
aredQuery.queryWithCa
che (file:///D:/UIT_C
OURSES/SE100/DailyDes
k/node_modules/[4m.p
npm[24m/drizzle-orm@
0.44.7_@electri_5c292
8a099a752b7e299aaadb8
975aea/node_modules/
[4msrc[24m/sqlite-co
re/session.ts:78:18)
        at LibSQLPrep
aredQuery.values (fil
e:///D:/UIT_COURSES/S
E100/DailyDesk/node_m
odules/[4m.pnpm[24m
/drizzle-orm@0.44.7_@
electri_5c2928a099a75
2b7e299aaadb8975aea/n
ode_modules/[4msrc[
24m/libsql/session.ts
:286:21)
        at LibSQLPrep
aredQuery.all (file:/
//D:/UIT_COURSES/SE10
0/DailyDesk/node_modu
les/[4m.pnpm[24m/dr
izzle-orm@0.44.7_@ele
ctri_5c2928a099a752b7
e299aaadb8975aea/node
_modules/[4msrc[24m
/libsql/session.ts:21
4:27)
        at 
SQLiteSelectBase.all 
(file:///D:/UIT_COURS
ES/SE100/DailyDesk/no
de_modules/[4m.pnpm
[24m/drizzle-orm@0.44
.7_@electri_5c2928a09
9a752b7e299aaadb8975a
ea/node_modules/[4ms
rc[24m/sqlite-core/q
uery-builders/select.
ts:950:26)
        at SQLiteSele
ctBase.execute (file:
///D:/UIT_COURSES/SE1
00/DailyDesk/node_mod
ules/[4m.pnpm[24m/d
rizzle-orm@0.44.7_@el
ectri_5c2928a099a752b
7e299aaadb8975aea/nod
e_modules/[4msrc[24
m/sqlite-core/query-b
uilders/select.ts:962
:15) {
      code: [32m'SQL
ITE_ERROR'[39m,
      rawCode: 
[33m1[39m
    }
  }
}
Error in updateCard 
route: 
DrizzleQueryError: 
Failed query: select 
"id", "name", 
"description", 
"order", 
"cover_url", 
"cover_public_id", 
"cover_color", 
"cover_mode", 
"list_id", 
"start_date", 
"deadline", 
"due_at", 
"due_complete", 
"reminder_minutes", 
"recurrence", 
"recurrence_day", "re
currence_weekday", 
"repeat_frequency", 
"repeat_interval", 
"latitude", 
"longitude", 
"completed", 
"is_template", 
"created_at", 
"updated_at" from 
"cards" where 
"cards"."id" = ? 
limit ?
params: 019bd127-d98b
-736b-9c49-a6de831694
57,1
    at LibSQLPrepared
Query.queryWithCache 
(file:///D:/UIT_COURS
ES/SE100/DailyDesk/no
de_modules/[4m.pnpm
[24m/drizzle-orm@0.44
.7_@electri_5c2928a09
9a752b7e299aaadb8975a
ea/node_modules/[4ms
rc[24m/sqlite-core/s
ession.ts:80:11)
[90m    at processTi
cksAndRejections (nod
e:internal/process/ta
sk_queues:105:5)[39m
    at LibSQLPrepared
Query.values (file://
/D:/UIT_COURSES/SE100
/DailyDesk/node_modul
es/[4m.pnpm[24m/dri
zzle-orm@0.44.7_@elec
tri_5c2928a099a752b7e
299aaadb8975aea/node_
modules/[4msrc[24m/
libsql/session.ts:286
:10)
    at LibSQLPrepared
Query.all (file:///D:
/UIT_COURSES/SE100/Da
ilyDesk/node_modules/
[4m.pnpm[24m/drizzl
e-orm@0.44.7_@electri
_5c2928a099a752b7e299
aaadb8975aea/node_mod
ules/[4msrc[24m/lib
sql/session.ts:214:16
)
    at 
Module.updateCard [9
0m(D:\UIT_COURSES\SE1
00\DailyDesk\backend\
[39msrc\services\car
ds.service.ts:566:24
[90m)[39m
    at [90mD:\UIT_CO
URSES\SE100\DailyDesk
\backend\[39msrc\rou
tes\cards.ts:244:25
    at dispatch (file
:///D:/UIT_COURSES/SE
100/DailyDesk/node_mo
dules/[4m.pnpm[24m/
hono@4.11.3/node_modu
les/[4mhono[24m/dis
t/compose.js:22:17)
    at file:///D:/UIT
_COURSES/SE100/DailyD
esk/node_modules/[4m
.pnpm[24m/hono@4.11.
3/node_modules/[4mho
no[24m/dist/validato
r/validator.js:81:12
    at mw (file:///D:
/UIT_COURSES/SE100/Da
ilyDesk/node_modules/
[4m.pnpm[24m/@hono+
zod-openapi@1.2.0_hon
o@4.11.3_zod@4.3.5/no
de_modules/[4m@hono
[24m/zod-openapi/src/
index.ts:546:26)
    at dispatch (file
:///D:/UIT_COURSES/SE
100/DailyDesk/node_mo
dules/[4m.pnpm[24m/
hono@4.11.3/node_modu
les/[4mhono[24m/dis
t/compose.js:22:17) {
  query: 
[32m'select "id", 
"name", 
"description", 
"order", 
"cover_url", 
"cover_public_id", 
"cover_color", 
"cover_mode", 
"list_id", 
"start_date", 
"deadline", 
"due_at", 
"due_complete", 
"reminder_minutes", 
"recurrence", 
"recurrence_day", "re
currence_weekday", 
"repeat_frequency", 
"repeat_interval", 
"latitude", 
"longitude", 
"completed", 
"is_template", 
"created_at", 
"updated_at" from 
"cards" where 
"cards"."id" = ? 
limit ?'[39m,
  params: [ [32m'019
bd127-d98b-736b-9c49-
a6de83169457'[39m, 
[33m1[39m ],
  cause: 
LibsqlError: 
SQLITE_ERROR: no 
such column: 
is_template
      at 
mapSqliteError (file:
///D:/UIT_COURSES/SE1
00/DailyDesk/node_mod
ules/[4m.pnpm[24m/@
libsql+client@0.15.15
/node_modules/[4m@li
bsql[24m/client/lib-
esm/sqlite3.js:392:16
)
      at executeStmt 
(file:///D:/UIT_COURS
ES/SE100/DailyDesk/no
de_modules/[4m.pnpm
[24m/@libsql+client@0
.15.15/node_modules/
[4m@libsql[24m/clien
t/lib-esm/sqlite3.js:
297:15)
      at Sqlite3Clien
t.execute (file:///D:
/UIT_COURSES/SE100/Da
ilyDesk/node_modules/
[4m.pnpm[24m/@libsq
l+client@0.15.15/node
_modules/[4m@libsql
[24m/client/lib-esm/s
qlite3.js:81:16)
  [90m    ... 5 
lines matching cause 
stack trace ...[39m
      at SQLiteSelect
Base.execute (file://
/D:/UIT_COURSES/SE100
/DailyDesk/node_modul
es/[4m.pnpm[24m/dri
zzle-orm@0.44.7_@elec
tri_5c2928a099a752b7e
299aaadb8975aea/node_
modules/[4msrc[24m/
sqlite-core/query-bui
lders/select.ts:962:1
5)
      at SQLiteSelect
Base.then (file:///D:
/UIT_COURSES/SE100/Da
ilyDesk/node_modules/
[4m.pnpm[24m/drizzl
e-orm@0.44.7_@electri
_5c2928a099a752b7e299
aaadb8975aea/node_mod
ules/[4msrc[24m/que
ry-promise.ts:31:15) 
{
    code: [32m'SQLIT
E_ERROR'[39m,
    rawCode: 
[33m1[39m,
    [cause]: 
SqliteError: no such 
column: is_template
        at 
convertError (D:\UIT_
COURSES\SE100\DailyDe
sk\node_modules\[4m.
pnpm[24m\libsql@0.5.
22\node_modules\[4ml
ibsql[24m\index.js:5
9:12)
        at 
Database.prepare (D:\
UIT_COURSES\SE100\Dai
lyDesk\node_modules\
[4m.pnpm[24m\libsql@
0.5.22\node_modules\
[4mlibsql[24m\index.
js:131:13)
        at 
executeStmt (file:///
D:/UIT_COURSES/SE100/
DailyDesk/node_module
s/[4m.pnpm[24m/@lib
sql+client@0.15.15/no
de_modules/[4m@libsq
l[24m/client/lib-esm
/sqlite3.js:268:28)
        at Sqlite3Cli
ent.execute (file:///
D:/UIT_COURSES/SE100/
DailyDesk/node_module
s/[4m.pnpm[24m/@lib
sql+client@0.15.15/no
de_modules/[4m@libsq
l[24m/client/lib-esm
/sqlite3.js:81:16)
        at file:///D:
/UIT_COURSES/SE100/Da
ilyDesk/node_modules/
[4m.pnpm[24m/drizzl
e-orm@0.44.7_@electri
_5c2928a099a752b7e299
aaadb8975aea/node_mod
ules/[4msrc[24m/lib
sql/session.ts:288:58
        at LibSQLPrep
aredQuery.queryWithCa
che (file:///D:/UIT_C
OURSES/SE100/DailyDes
k/node_modules/[4m.p
npm[24m/drizzle-orm@
0.44.7_@electri_5c292
8a099a752b7e299aaadb8
975aea/node_modules/
[4msrc[24m/sqlite-co
re/session.ts:78:18)
        at LibSQLPrep
aredQuery.values (fil
e:///D:/UIT_COURSES/S
E100/DailyDesk/node_m
odules/[4m.pnpm[24m
/drizzle-orm@0.44.7_@
electri_5c2928a099a75
2b7e299aaadb8975aea/n
ode_modules/[4msrc[
24m/libsql/session.ts
:286:21)
        at LibSQLPrep
aredQuery.all (file:/
//D:/UIT_COURSES/SE10
0/DailyDesk/node_modu
les/[4m.pnpm[24m/dr
izzle-orm@0.44.7_@ele
ctri_5c2928a099a752b7
e299aaadb8975aea/node
_modules/[4msrc[24m
/libsql/session.ts:21
4:27)
        at 
SQLiteSelectBase.all 
(file:///D:/UIT_COURS
ES/SE100/DailyDesk/no
de_modules/[4m.pnpm
[24m/drizzle-orm@0.44
.7_@electri_5c2928a09
9a752b7e299aaadb8975a
ea/node_modules/[4ms
rc[24m/sqlite-core/q
uery-builders/select.
ts:950:26)
        at SQLiteSele
ctBase.execute (file:
///D:/UIT_COURSES/SE1
00/DailyDesk/node_mod
ules/[4m.pnpm[24m/d
rizzle-orm@0.44.7_@el
ectri_5c2928a099a752b
7e299aaadb8975aea/nod
e_modules/[4msrc[24
m/sqlite-core/query-b
uilders/select.ts:962
:15) {
      code: [32m'SQL
ITE_ERROR'[39m,
      rawCode: 
[33m1[39m
    }
  }
}
DrizzleQueryError: 
Failed query: select 
"id", "name", 
"description", 
"order", 
"cover_url", 
"cover_public_id", 
"cover_color", 
"cover_mode", 
"list_id", 
"start_date", 
"deadline", 
"due_at", 
"due_complete", 
"reminder_minutes", 
"recurrence", 
"recurrence_day", "re
currence_weekday", 
"repeat_frequency", 
"repeat_interval", 
"latitude", 
"longitude", 
"completed", 
"is_template", 
"created_at", 
"updated_at" from 
"cards" where 
"cards"."id" = ? 
limit ?
params: 019bd127-d98b
-736b-9c49-a6de831694
57,1
    at LibSQLPrepared
Query.queryWithCache 
(file:///D:/UIT_COURS
ES/SE100/DailyDesk/no
de_modules/[4m.pnpm
[24m/drizzle-orm@0.44
.7_@electri_5c2928a09
9a752b7e299aaadb8975a
ea/node_modules/[4ms
rc[24m/sqlite-core/s
ession.ts:80:11)
[90m    at processTi
cksAndRejections (nod
e:internal/process/ta
sk_queues:105:5)[39m
    at LibSQLPrepared
Query.values (file://
/D:/UIT_COURSES/SE100
/DailyDesk/node_modul
es/[4m.pnpm[24m/dri
zzle-orm@0.44.7_@elec
tri_5c2928a099a752b7e
299aaadb8975aea/node_
modules/[4msrc[24m/
libsql/session.ts:286
:10)
    at LibSQLPrepared
Query.all (file:///D:
/UIT_COURSES/SE100/Da
ilyDesk/node_modules/
[4m.pnpm[24m/drizzl
e-orm@0.44.7_@electri
_5c2928a099a752b7e299
aaadb8975aea/node_mod
ules/[4msrc[24m/lib
sql/session.ts:214:16
)
    at 
Module.updateCard [9
0m(D:\UIT_COURSES\SE1
00\DailyDesk\backend\
[39msrc\services\car
ds.service.ts:566:24
[90m)[39m
    at [90mD:\UIT_CO
URSES\SE100\DailyDesk
\backend\[39msrc\rou
tes\cards.ts:244:25
    at dispatch (file
:///D:/UIT_COURSES/SE
100/DailyDesk/node_mo
dules/[4m.pnpm[24m/
hono@4.11.3/node_modu
les/[4mhono[24m/dis
t/compose.js:22:17)
    at file:///D:/UIT
_COURSES/SE100/DailyD
esk/node_modules/[4m
.pnpm[24m/hono@4.11.
3/node_modules/[4mho
no[24m/dist/validato
r/validator.js:81:12
    at mw (file:///D:
/UIT_COURSES/SE100/Da
ilyDesk/node_modules/
[4m.pnpm[24m/@hono+
zod-openapi@1.2.0_hon
o@4.11.3_zod@4.3.5/no
de_modules/[4m@hono
[24m/zod-openapi/src/
index.ts:546:26)
    at dispatch (file
:///D:/UIT_COURSES/SE
100/DailyDesk/node_mo
dules/[4m.pnpm[24m/
hono@4.11.3/node_modu
les/[4mhono[24m/dis
t/compose.js:22:17) {
  query: 
[32m'select "id", 
"name", 
"description", 
"order", 
"cover_url", 
"cover_public_id", 
"cover_color", 
"cover_mode", 
"list_id", 
"start_date", 
"deadline", 
"due_at", 
"due_complete", 
"reminder_minutes", 
"recurrence", 
"recurrence_day", "re
currence_weekday", 
"repeat_frequency", 
"repeat_interval", 
"latitude", 
"longitude", 
"completed", 
"is_template", 
"created_at", 
"updated_at" from 
"cards" where 
"cards"."id" = ? 
limit ?'[39m,
  params: [ [32m'019
bd127-d98b-736b-9c49-
a6de83169457'[39m, 
[33m1[39m ],
  cause: 
LibsqlError: 
SQLITE_ERROR: no 
such column: 
is_template
      at 
mapSqliteError (file:
///D:/UIT_COURSES/SE1
00/DailyDesk/node_mod
ules/[4m.pnpm[24m/@
libsql+client@0.15.15
/node_modules/[4m@li
bsql[24m/client/lib-
esm/sqlite3.js:392:16
)
      at executeStmt 
(file:///D:/UIT_COURS
ES/SE100/DailyDesk/no
de_modules/[4m.pnpm
[24m/@libsql+client@0
.15.15/node_modules/
[4m@libsql[24m/clien
t/lib-esm/sqlite3.js:
297:15)
      at Sqlite3Clien
t.execute (file:///D:
/UIT_COURSES/SE100/Da
ilyDesk/node_modules/
[4m.pnpm[24m/@libsq
l+client@0.15.15/node
_modules/[4m@libsql
[24m/client/lib-esm/s
qlite3.js:81:16)
  [90m    ... 5 
lines matching cause 
stack trace ...[39m
      at SQLiteSelect
Base.execute (file://
/D:/UIT_COURSES/SE100
/DailyDesk/node_modul
es/[4m.pnpm[24m/dri
zzle-orm@0.44.7_@elec
tri_5c2928a099a752b7e
299aaadb8975aea/node_
modules/[4msrc[24m/
sqlite-core/query-bui
lders/select.ts:962:1
5)
      at SQLiteSelect
Base.then (file:///D:
/UIT_COURSES/SE100/Da
ilyDesk/node_modules/
[4m.pnpm[24m/drizzl
e-orm@0.44.7_@electri
_5c2928a099a752b7e299
aaadb8975aea/node_mod
ules/[4msrc[24m/que
ry-promise.ts:31:15) 
{
    code: [32m'SQLIT
E_ERROR'[39m,
    rawCode: 
[33m1[39m,
    [cause]: 
SqliteError: no such 
column: is_template
        at 
convertError (D:\UIT_
COURSES\SE100\DailyDe
sk\node_modules\[4m.
pnpm[24m\libsql@0.5.
22\node_modules\[4ml
ibsql[24m\index.js:5
9:12)
        at 
Database.prepare (D:\
UIT_COURSES\SE100\Dai
lyDesk\node_modules\
[4m.pnpm[24m\libsql@
0.5.22\node_modules\
[4mlibsql[24m\index.
js:131:13)
        at 
executeStmt (file:///
D:/UIT_COURSES/SE100/
DailyDesk/node_module
s/[4m.pnpm[24m/@lib
sql+client@0.15.15/no
de_modules/[4m@libsq
l[24m/client/lib-esm
/sqlite3.js:268:28)
        at Sqlite3Cli
ent.execute (file:///
D:/UIT_COURSES/SE100/
DailyDesk/node_module
s/[4m.pnpm[24m/@lib
sql+client@0.15.15/no
de_modules/[4m@libsq
l[24m/client/lib-esm
/sqlite3.js:81:16)
        at file:///D:
/UIT_COURSES/SE100/Da
ilyDesk/node_modules/
[4m.pnpm[24m/drizzl
e-orm@0.44.7_@electri
_5c2928a099a752b7e299
aaadb8975aea/node_mod
ules/[4msrc[24m/lib
sql/session.ts:288:58
        at LibSQLPrep
aredQuery.queryWithCa
che (file:///D:/UIT_C
OURSES/SE100/DailyDes
k/node_modules/[4m.p
npm[24m/drizzle-orm@
0.44.7_@electri_5c292
8a099a752b7e299aaadb8
975aea/node_modules/
[4msrc[24m/sqlite-co
re/session.ts:78:18)
        at LibSQLPrep
aredQuery.values (fil
e:///D:/UIT_COURSES/S
E100/DailyDesk/node_m
odules/[4m.pnpm[24m
/drizzle-orm@0.44.7_@
electri_5c2928a099a75
2b7e299aaadb8975aea/n
ode_modules/[4msrc[
24m/libsql/session.ts
:286:21)
        at LibSQLPrep
aredQuery.all (file:/
//D:/UIT_COURSES/SE10
0/DailyDesk/node_modu
les/[4m.pnpm[24m/dr
izzle-orm@0.44.7_@ele
ctri_5c2928a099a752b7
e299aaadb8975aea/node
_modules/[4msrc[24m
/libsql/session.ts:21
4:27)
        at 
SQLiteSelectBase.all 
(file:///D:/UIT_COURS
ES/SE100/DailyDesk/no
de_modules/[4m.pnpm
[24m/drizzle-orm@0.44
.7_@electri_5c2928a09
9a752b7e299aaadb8975a
ea/node_modules/[4ms
rc[24m/sqlite-core/q
uery-builders/select.
ts:950:26)
        at SQLiteSele
ctBase.execute (file:
///D:/UIT_COURSES/SE1
00/DailyDesk/node_mod
ules/[4m.pnpm[24m/d
rizzle-orm@0.44.7_@el
ectri_5c2928a099a752b
7e299aaadb8975aea/nod
e_modules/[4msrc[24
m/sqlite-core/query-b
uilders/select.ts:962
:15) {
      code: [32m'SQL
ITE_ERROR'[39m,
      rawCode: 
[33m1[39m
    }
  }
}

[90mstderr[2m | tes
ts/cards/card-members
.test.ts[2m > 
[22m[2mCards 
Members Tests[2m > 
[22m[2mCard 
Members[2m > 
[22m[2mshould 
remove members from 
a card by updating 
with empty array
[22m[39mDrizzleQuer
yError: Failed 
query: select "id", 
"name", 
"description", 
"order", 
"cover_url", 
"cover_public_id", 
"cover_color", 
"cover_mode", 
"list_id", 
"start_date", 
"deadline", 
"due_at", 
"due_complete", 
"reminder_minutes", 
"recurrence", 
"recurrence_day", "re
currence_weekday", 
"repeat_frequency", 
"repeat_interval", 
"latitude", 
"longitude", 
"completed", 
"is_template", 
"created_at", 
"updated_at" from 
"cards" where 
"cards"."list_id" = ?
params: 019bd127-d9ae
-7d84-859b-cd86229ddf
ee
    at LibSQLPrepared
Query.queryWithCache 
(file:///D:/UIT_COURS
ES/SE100/DailyDesk/no
de_modules/[4m.pnpm
[24m/drizzle-orm@0.44
.7_@electri_5c2928a09
9a752b7e299aaadb8975a
ea/node_modules/[4ms
rc[24m/sqlite-core/s
ession.ts:80:11)
[90m    at processTi
cksAndRejections (nod
e:internal/process/ta
sk_queues:105:5)[39m
    at LibSQLPrepared
Query.values (file://
/D:/UIT_COURSES/SE100
/DailyDesk/node_modul
es/[4m.pnpm[24m/dri
zzle-orm@0.44.7_@elec
tri_5c2928a099a752b7e
299aaadb8975aea/node_
modules/[4msrc[24m/
libsql/session.ts:286
:10)
    at LibSQLPrepared
Query.all (file:///D:
/UIT_COURSES/SE100/Da
ilyDesk/node_modules/
[4m.pnpm[24m/drizzl
e-orm@0.44.7_@electri
_5c2928a099a752b7e299
aaadb8975aea/node_mod
ules/[4msrc[24m/lib
sql/session.ts:214:16
)
    at 
Module.createCard [9
0m(D:\UIT_COURSES\SE1
00\DailyDesk\backend\
[39msrc\services\car
ds.service.ts:319:23
[90m)[39m
    at [90mD:\UIT_CO
URSES\SE100\DailyDesk
\backend\[39msrc\rou
tes\cards.ts:152:22
    at dispatch (file
:///D:/UIT_COURSES/SE
100/DailyDesk/node_mo
dules/[4m.pnpm[24m/
hono@4.11.3/node_modu
les/[4mhono[24m/dis
t/compose.js:22:17)
    at file:///D:/UIT
_COURSES/SE100/DailyD
esk/node_modules/[4m
.pnpm[24m/hono@4.11.
3/node_modules/[4mho
no[24m/dist/validato
r/validator.js:81:12
    at mw (file:///D:
/UIT_COURSES/SE100/Da
ilyDesk/node_modules/
[4m.pnpm[24m/@hono+
zod-openapi@1.2.0_hon
o@4.11.3_zod@4.3.5/no
de_modules/[4m@hono
[24m/zod-openapi/src/
index.ts:546:26)
    at dispatch (file
:///D:/UIT_COURSES/SE
100/DailyDesk/node_mo
dules/[4m.pnpm[24m/
hono@4.11.3/node_modu
les/[4mhono[24m/dis
t/compose.js:22:17) {
  query: 
[32m'select "id", 
"name", 
"description", 
"order", 
"cover_url", 
"cover_public_id", 
"cover_color", 
"cover_mode", 
"list_id", 
"start_date", 
"deadline", 
"due_at", 
"due_complete", 
"reminder_minutes", 
"recurrence", 
"recurrence_day", "re
currence_weekday", 
"repeat_frequency", 
"repeat_interval", 
"latitude", 
"longitude", 
"completed", 
"is_template", 
"created_at", 
"updated_at" from 
"cards" where 
"cards"."list_id" = 
?'[39m,
  params: [ [32m'019
bd127-d9ae-7d84-859b-
cd86229ddfee'[39m ],
  cause: 
LibsqlError: 
SQLITE_ERROR: no 
such column: 
is_template
      at 
mapSqliteError (file:
///D:/UIT_COURSES/SE1
00/DailyDesk/node_mod
ules/[4m.pnpm[24m/@
libsql+client@0.15.15
/node_modules/[4m@li
bsql[24m/client/lib-
esm/sqlite3.js:392:16
)
      at executeStmt 
(file:///D:/UIT_COURS
ES/SE100/DailyDesk/no
de_modules/[4m.pnpm
[24m/@libsql+client@0
.15.15/node_modules/
[4m@libsql[24m/clien
t/lib-esm/sqlite3.js:
297:15)
      at Sqlite3Clien
t.execute (file:///D:
/UIT_COURSES/SE100/Da
ilyDesk/node_modules/
[4m.pnpm[24m/@libsq
l+client@0.15.15/node
_modules/[4m@libsql
[24m/client/lib-esm/s
qlite3.js:81:16)
  [90m    ... 5 
lines matching cause 
stack trace ...[39m
      at SQLiteSelect
Base.execute (file://
/D:/UIT_COURSES/SE100
/DailyDesk/node_modul
es/[4m.pnpm[24m/dri
zzle-orm@0.44.7_@elec
tri_5c2928a099a752b7e
299aaadb8975aea/node_
modules/[4msrc[24m/
sqlite-core/query-bui
lders/select.ts:962:1
5)
      at SQLiteSelect
Base.then (file:///D:
/UIT_COURSES/SE100/Da
ilyDesk/node_modules/
[4m.pnpm[24m/drizzl
e-orm@0.44.7_@electri
_5c2928a099a752b7e299
aaadb8975aea/node_mod
ules/[4msrc[24m/que
ry-promise.ts:31:15) 
{
    code: [32m'SQLIT
E_ERROR'[39m,
    rawCode: 
[33m1[39m,
    [cause]: 
SqliteError: no such 
column: is_template
        at 
convertError (D:\UIT_
COURSES\SE100\DailyDe
sk\node_modules\[4m.
pnpm[24m\libsql@0.5.
22\node_modules\[4ml
ibsql[24m\index.js:5
9:12)
        at 
Database.prepare (D:\
UIT_COURSES\SE100\Dai
lyDesk\node_modules\
[4m.pnpm[24m\libsql@
0.5.22\node_modules\
[4mlibsql[24m\index.
js:131:13)
        at 
executeStmt (file:///
D:/UIT_COURSES/SE100/
DailyDesk/node_module
s/[4m.pnpm[24m/@lib
sql+client@0.15.15/no
de_modules/[4m@libsq
l[24m/client/lib-esm
/sqlite3.js:268:28)
        at Sqlite3Cli
ent.execute (file:///
D:/UIT_COURSES/SE100/
DailyDesk/node_module
s/[4m.pnpm[24m/@lib
sql+client@0.15.15/no
de_modules/[4m@libsq
l[24m/client/lib-esm
/sqlite3.js:81:16)
        at file:///D:
/UIT_COURSES/SE100/Da
ilyDesk/node_modules/
[4m.pnpm[24m/drizzl
e-orm@0.44.7_@electri
_5c2928a099a752b7e299
aaadb8975aea/node_mod
ules/[4msrc[24m/lib
sql/session.ts:288:58
        at LibSQLPrep
aredQuery.queryWithCa
che (file:///D:/UIT_C
OURSES/SE100/DailyDes
k/node_modules/[4m.p
npm[24m/drizzle-orm@
0.44.7_@electri_5c292
8a099a752b7e299aaadb8
975aea/node_modules/
[4msrc[24m/sqlite-co
re/session.ts:78:18)
        at LibSQLPrep
aredQuery.values (fil
e:///D:/UIT_COURSES/S
E100/DailyDesk/node_m
odules/[4m.pnpm[24m
/drizzle-orm@0.44.7_@
electri_5c2928a099a75
2b7e299aaadb8975aea/n
ode_modules/[4msrc[
24m/libsql/session.ts
:286:21)
        at LibSQLPrep
aredQuery.all (file:/
//D:/UIT_COURSES/SE10
0/DailyDesk/node_modu
les/[4m.pnpm[24m/dr
izzle-orm@0.44.7_@ele
ctri_5c2928a099a752b7
e299aaadb8975aea/node
_modules/[4msrc[24m
/libsql/session.ts:21
4:27)
        at 
SQLiteSelectBase.all 
(file:///D:/UIT_COURS
ES/SE100/DailyDesk/no
de_modules/[4m.pnpm
[24m/drizzle-orm@0.44
.7_@electri_5c2928a09
9a752b7e299aaadb8975a
ea/node_modules/[4ms
rc[24m/sqlite-core/q
uery-builders/select.
ts:950:26)
        at SQLiteSele
ctBase.execute (file:
///D:/UIT_COURSES/SE1
00/DailyDesk/node_mod
ules/[4m.pnpm[24m/d
rizzle-orm@0.44.7_@el
ectri_5c2928a099a752b
7e299aaadb8975aea/nod
e_modules/[4msrc[24
m/sqlite-core/query-b
uilders/select.ts:962
:15) {
      code: [32m'SQL
ITE_ERROR'[39m,
      rawCode: 
[33m1[39m
    }
  }
}
Error in updateCard 
route: 
DrizzleQueryError: 
Failed query: select 
"id", "name", 
"description", 
"order", 
"cover_url", 
"cover_public_id", 
"cover_color", 
"cover_mode", 
"list_id", 
"start_date", 
"deadline", 
"due_at", 
"due_complete", 
"reminder_minutes", 
"recurrence", 
"recurrence_day", "re
currence_weekday", 
"repeat_frequency", 
"repeat_interval", 
"latitude", 
"longitude", 
"completed", 
"is_template", 
"created_at", 
"updated_at" from 
"cards" where 
"cards"."id" = ? 
limit ?
params: 019bd127-d9b3
-733a-ad58-de993d18cd
f0,1
    at LibSQLPrepared
Query.queryWithCache 
(file:///D:/UIT_COURS
ES/SE100/DailyDesk/no
de_modules/[4m.pnpm
[24m/drizzle-orm@0.44
.7_@electri_5c2928a09
9a752b7e299aaadb8975a
ea/node_modules/[4ms
rc[24m/sqlite-core/s
ession.ts:80:11)
[90m    at processTi
cksAndRejections (nod
e:internal/process/ta
sk_queues:105:5)[39m
    at LibSQLPrepared
Query.values (file://
/D:/UIT_COURSES/SE100
/DailyDesk/node_modul
es/[4m.pnpm[24m/dri
zzle-orm@0.44.7_@elec
tri_5c2928a099a752b7e
299aaadb8975aea/node_
modules/[4msrc[24m/
libsql/session.ts:286
:10)
    at LibSQLPrepared
Query.all (file:///D:
/UIT_COURSES/SE100/Da
ilyDesk/node_modules/
[4m.pnpm[24m/drizzl
e-orm@0.44.7_@electri
_5c2928a099a752b7e299
aaadb8975aea/node_mod
ules/[4msrc[24m/lib
sql/session.ts:214:16
)
    at 
Module.updateCard [9
0m(D:\UIT_COURSES\SE1
00\DailyDesk\backend\
[39msrc\services\car
ds.service.ts:566:24
[90m)[39m
    at [90mD:\UIT_CO
URSES\SE100\DailyDesk
\backend\[39msrc\rou
tes\cards.ts:244:25
    at dispatch (file
:///D:/UIT_COURSES/SE
100/DailyDesk/node_mo
dules/[4m.pnpm[24m/
hono@4.11.3/node_modu
les/[4mhono[24m/dis
t/compose.js:22:17)
    at file:///D:/UIT
_COURSES/SE100/DailyD
esk/node_modules/[4m
.pnpm[24m/hono@4.11.
3/node_modules/[4mho
no[24m/dist/validato
r/validator.js:81:12
    at mw (file:///D:
/UIT_COURSES/SE100/Da
ilyDesk/node_modules/
[4m.pnpm[24m/@hono+
zod-openapi@1.2.0_hon
o@4.11.3_zod@4.3.5/no
de_modules/[4m@hono
[24m/zod-openapi/src/
index.ts:546:26)
    at dispatch (file
:///D:/UIT_COURSES/SE
100/DailyDesk/node_mo
dules/[4m.pnpm[24m/
hono@4.11.3/node_modu
les/[4mhono[24m/dis
t/compose.js:22:17) {
  query: 
[32m'select "id", 
"name", 
"description", 
"order", 
"cover_url", 
"cover_public_id", 
"cover_color", 
"cover_mode", 
"list_id", 
"start_date", 
"deadline", 
"due_at", 
"due_complete", 
"reminder_minutes", 
"recurrence", 
"recurrence_day", "re
currence_weekday", 
"repeat_frequency", 
"repeat_interval", 
"latitude", 
"longitude", 
"completed", 
"is_template", 
"created_at", 
"updated_at" from 
"cards" where 
"cards"."id" = ? 
limit ?'[39m,
  params: [ [32m'019
bd127-d9b3-733a-ad58-
de993d18cdf0'[39m, 
[33m1[39m ],
  cause: 
LibsqlError: 
SQLITE_ERROR: no 
such column: 
is_template
      at 
mapSqliteError (file:
///D:/UIT_COURSES/SE1
00/DailyDesk/node_mod
ules/[4m.pnpm[24m/@
libsql+client@0.15.15
/node_modules/[4m@li
bsql[24m/client/lib-
esm/sqlite3.js:392:16
)
      at executeStmt 
(file:///D:/UIT_COURS
ES/SE100/DailyDesk/no
de_modules/[4m.pnpm
[24m/@libsql+client@0
.15.15/node_modules/
[4m@libsql[24m/clien
t/lib-esm/sqlite3.js:
297:15)
      at Sqlite3Clien
t.execute (file:///D:
/UIT_COURSES/SE100/Da
ilyDesk/node_modules/
[4m.pnpm[24m/@libsq
l+client@0.15.15/node
_modules/[4m@libsql
[24m/client/lib-esm/s
qlite3.js:81:16)
  [90m    ... 5 
lines matching cause 
stack trace ...[39m
      at SQLiteSelect
Base.execute (file://
/D:/UIT_COURSES/SE100
/DailyDesk/node_modul
es/[4m.pnpm[24m/dri
zzle-orm@0.44.7_@elec
tri_5c2928a099a752b7e
299aaadb8975aea/node_
modules/[4msrc[24m/
sqlite-core/query-bui
lders/select.ts:962:1
5)
      at SQLiteSelect
Base.then (file:///D:
/UIT_COURSES/SE100/Da
ilyDesk/node_modules/
[4m.pnpm[24m/drizzl
e-orm@0.44.7_@electri
_5c2928a099a752b7e299
aaadb8975aea/node_mod
ules/[4msrc[24m/que
ry-promise.ts:31:15) 
{
    code: [32m'SQLIT
E_ERROR'[39m,
    rawCode: 
[33m1[39m,
    [cause]: 
SqliteError: no such 
column: is_template
        at 
convertError (D:\UIT_
COURSES\SE100\DailyDe
sk\node_modules\[4m.
pnpm[24m\libsql@0.5.
22\node_modules\[4ml
ibsql[24m\index.js:5
9:12)
        at 
Database.prepare (D:\
UIT_COURSES\SE100\Dai
lyDesk\node_modules\
[4m.pnpm[24m\libsql@
0.5.22\node_modules\
[4mlibsql[24m\index.
js:131:13)
        at 
executeStmt (file:///
D:/UIT_COURSES/SE100/
DailyDesk/node_module
s/[4m.pnpm[24m/@lib
sql+client@0.15.15/no
de_modules/[4m@libsq
l[24m/client/lib-esm
/sqlite3.js:268:28)
        at Sqlite3Cli
ent.execute (file:///
D:/UIT_COURSES/SE100/
DailyDesk/node_module
s/[4m.pnpm[24m/@lib
sql+client@0.15.15/no
de_modules/[4m@libsq
l[24m/client/lib-esm
/sqlite3.js:81:16)
        at file:///D:
/UIT_COURSES/SE100/Da
ilyDesk/node_modules/
[4m.pnpm[24m/drizzl
e-orm@0.44.7_@electri
_5c2928a099a752b7e299
aaadb8975aea/node_mod
ules/[4msrc[24m/lib
sql/session.ts:288:58
        at LibSQLPrep
aredQuery.queryWithCa
che (file:///D:/UIT_C
OURSES/SE100/DailyDes
k/node_modules/[4m.p
npm[24m/drizzle-orm@
0.44.7_@electri_5c292
8a099a752b7e299aaadb8
975aea/node_modules/
[4msrc[24m/sqlite-co
re/session.ts:78:18)
        at LibSQLPrep
aredQuery.values (fil
e:///D:/UIT_COURSES/S
E100/DailyDesk/node_m
odules/[4m.pnpm[24m
/drizzle-orm@0.44.7_@
electri_5c2928a099a75
2b7e299aaadb8975aea/n
ode_modules/[4msrc[
24m/libsql/session.ts
:286:21)
        at LibSQLPrep
aredQuery.all (file:/
//D:/UIT_COURSES/SE10
0/DailyDesk/node_modu
les/[4m.pnpm[24m/dr
izzle-orm@0.44.7_@ele
ctri_5c2928a099a752b7
e299aaadb8975aea/node
_modules/[4msrc[24m
/libsql/session.ts:21
4:27)
        at 
SQLiteSelectBase.all 
(file:///D:/UIT_COURS
ES/SE100/DailyDesk/no
de_modules/[4m.pnpm
[24m/drizzle-orm@0.44
.7_@electri_5c2928a09
9a752b7e299aaadb8975a
ea/node_modules/[4ms
rc[24m/sqlite-core/q
uery-builders/select.
ts:950:26)
        at SQLiteSele
ctBase.execute (file:
///D:/UIT_COURSES/SE1
00/DailyDesk/node_mod
ules/[4m.pnpm[24m/d
rizzle-orm@0.44.7_@el
ectri_5c2928a099a752b
7e299aaadb8975aea/nod
e_modules/[4msrc[24
m/sqlite-core/query-b
uilders/select.ts:962
:15) {
      code: [32m'SQL
ITE_ERROR'[39m,
      rawCode: 
[33m1[39m
    }
  }
}
DrizzleQueryError: 
Failed query: select 
"id", "name", 
"description", 
"order", 
"cover_url", 
"cover_public_id", 
"cover_color", 
"cover_mode", 
"list_id", 
"start_date", 
"deadline", 
"due_at", 
"due_complete", 
"reminder_minutes", 
"recurrence", 
"recurrence_day", "re
currence_weekday", 
"repeat_frequency", 
"repeat_interval", 
"latitude", 
"longitude", 
"completed", 
"is_template", 
"created_at", 
"updated_at" from 
"cards" where 
"cards"."id" = ? 
limit ?
params: 019bd127-d9b3
-733a-ad58-de993d18cd
f0,1
    at LibSQLPrepared
Query.queryWithCache 
(file:///D:/UIT_COURS
ES/SE100/DailyDesk/no
de_modules/[4m.pnpm
[24m/drizzle-orm@0.44
.7_@electri_5c2928a09
9a752b7e299aaadb8975a
ea/node_modules/[4ms
rc[24m/sqlite-core/s
ession.ts:80:11)
[90m    at processTi
cksAndRejections (nod
e:internal/process/ta
sk_queues:105:5)[39m
    at LibSQLPrepared
Query.values (file://
/D:/UIT_COURSES/SE100
/DailyDesk/node_modul
es/[4m.pnpm[24m/dri
zzle-orm@0.44.7_@elec
tri_5c2928a099a752b7e
299aaadb8975aea/node_
modules/[4msrc[24m/
libsql/session.ts:286
:10)
    at LibSQLPrepared
Query.all (file:///D:
/UIT_COURSES/SE100/Da
ilyDesk/node_modules/
[4m.pnpm[24m/drizzl
e-orm@0.44.7_@electri
_5c2928a099a752b7e299
aaadb8975aea/node_mod
ules/[4msrc[24m/lib
sql/session.ts:214:16
)
    at 
Module.updateCard [9
0m(D:\UIT_COURSES\SE1
00\DailyDesk\backend\
[39msrc\services\car
ds.service.ts:566:24
[90m)[39m
    at [90mD:\UIT_CO
URSES\SE100\DailyDesk
\backend\[39msrc\rou
tes\cards.ts:244:25
    at dispatch (file
:///D:/UIT_COURSES/SE
100/DailyDesk/node_mo
dules/[4m.pnpm[24m/
hono@4.11.3/node_modu
les/[4mhono[24m/dis
t/compose.js:22:17)
    at file:///D:/UIT
_COURSES/SE100/DailyD
esk/node_modules/[4m
.pnpm[24m/hono@4.11.
3/node_modules/[4mho
no[24m/dist/validato
r/validator.js:81:12
    at mw (file:///D:
/UIT_COURSES/SE100/Da
ilyDesk/node_modules/
[4m.pnpm[24m/@hono+
zod-openapi@1.2.0_hon
o@4.11.3_zod@4.3.5/no
de_modules/[4m@hono
[24m/zod-openapi/src/
index.ts:546:26)
    at dispatch (file
:///D:/UIT_COURSES/SE
100/DailyDesk/node_mo
dules/[4m.pnpm[24m/
hono@4.11.3/node_modu
les/[4mhono[24m/dis
t/compose.js:22:17) {
  query: 
[32m'select "id", 
"name", 
"description", 
"order", 
"cover_url", 
"cover_public_id", 
"cover_color", 
"cover_mode", 
"list_id", 
"start_date", 
"deadline", 
"due_at", 
"due_complete", 
"reminder_minutes", 
"recurrence", 
"recurrence_day", "re
currence_weekday", 
"repeat_frequency", 
"repeat_interval", 
"latitude", 
"longitude", 
"completed", 
"is_template", 
"created_at", 
"updated_at" from 
"cards" where 
"cards"."id" = ? 
limit ?'[39m,
  params: [ [32m'019
bd127-d9b3-733a-ad58-
de993d18cdf0'[39m, 
[33m1[39m ],
  cause: 
LibsqlError: 
SQLITE_ERROR: no 
such column: 
is_template
      at 
mapSqliteError (file:
///D:/UIT_COURSES/SE1
00/DailyDesk/node_mod
ules/[4m.pnpm[24m/@
libsql+client@0.15.15
/node_modules/[4m@li
bsql[24m/client/lib-
esm/sqlite3.js:392:16
)
      at executeStmt 
(file:///D:/UIT_COURS
ES/SE100/DailyDesk/no
de_modules/[4m.pnpm
[24m/@libsql+client@0
.15.15/node_modules/
[4m@libsql[24m/clien
t/lib-esm/sqlite3.js:
297:15)
      at Sqlite3Clien
t.execute (file:///D:
/UIT_COURSES/SE100/Da
ilyDesk/node_modules/
[4m.pnpm[24m/@libsq
l+client@0.15.15/node
_modules/[4m@libsql
[24m/client/lib-esm/s
qlite3.js:81:16)
  [90m    ... 5 
lines matching cause 
stack trace ...[39m
      at SQLiteSelect
Base.execute (file://
/D:/UIT_COURSES/SE100
/DailyDesk/node_modul
es/[4m.pnpm[24m/dri
zzle-orm@0.44.7_@elec
tri_5c2928a099a752b7e
299aaadb8975aea/node_
modules/[4msrc[24m/
sqlite-core/query-bui
lders/select.ts:962:1
5)
      at SQLiteSelect
Base.then (file:///D:
/UIT_COURSES/SE100/Da
ilyDesk/node_modules/
[4m.pnpm[24m/drizzl
e-orm@0.44.7_@electri
_5c2928a099a752b7e299
aaadb8975aea/node_mod
ules/[4msrc[24m/que
ry-promise.ts:31:15) 
{
    code: [32m'SQLIT
E_ERROR'[39m,
    rawCode: 
[33m1[39m,
    [cause]: 
SqliteError: no such 
column: is_template
        at 
convertError (D:\UIT_
COURSES\SE100\DailyDe
sk\node_modules\[4m.
pnpm[24m\libsql@0.5.
22\node_modules\[4ml
ibsql[24m\index.js:5
9:12)
        at 
Database.prepare (D:\
UIT_COURSES\SE100\Dai
lyDesk\node_modules\
[4m.pnpm[24m\libsql@
0.5.22\node_modules\
[4mlibsql[24m\index.
js:131:13)
        at 
executeStmt (file:///
D:/UIT_COURSES/SE100/
DailyDesk/node_module
s/[4m.pnpm[24m/@lib
sql+client@0.15.15/no
de_modules/[4m@libsq
l[24m/client/lib-esm
/sqlite3.js:268:28)
        at Sqlite3Cli
ent.execute (file:///
D:/UIT_COURSES/SE100/
DailyDesk/node_module
s/[4m.pnpm[24m/@lib
sql+client@0.15.15/no
de_modules/[4m@libsq
l[24m/client/lib-esm
/sqlite3.js:81:16)
        at file:///D:
/UIT_COURSES/SE100/Da
ilyDesk/node_modules/
[4m.pnpm[24m/drizzl
e-orm@0.44.7_@electri
_5c2928a099a752b7e299
aaadb8975aea/node_mod
ules/[4msrc[24m/lib
sql/session.ts:288:58
        at LibSQLPrep
aredQuery.queryWithCa
che (file:///D:/UIT_C
OURSES/SE100/DailyDes
k/node_modules/[4m.p
npm[24m/drizzle-orm@
0.44.7_@electri_5c292
8a099a752b7e299aaadb8
975aea/node_modules/
[4msrc[24m/sqlite-co
re/session.ts:78:18)
        at LibSQLPrep
aredQuery.values (fil
e:///D:/UIT_COURSES/S
E100/DailyDesk/node_m
odules/[4m.pnpm[24m
/drizzle-orm@0.44.7_@
electri_5c2928a099a75
2b7e299aaadb8975aea/n
ode_modules/[4msrc[
24m/libsql/session.ts
:286:21)
        at LibSQLPrep
aredQuery.all (file:/
//D:/UIT_COURSES/SE10
0/DailyDesk/node_modu
les/[4m.pnpm[24m/dr
izzle-orm@0.44.7_@ele
ctri_5c2928a099a752b7
e299aaadb8975aea/node
_modules/[4msrc[24m
/libsql/session.ts:21
4:27)
        at 
SQLiteSelectBase.all 
(file:///D:/UIT_COURS
ES/SE100/DailyDesk/no
de_modules/[4m.pnpm
[24m/drizzle-orm@0.44
.7_@electri_5c2928a09
9a752b7e299aaadb8975a
ea/node_modules/[4ms
rc[24m/sqlite-core/q
uery-builders/select.
ts:950:26)
        at SQLiteSele
ctBase.execute (file:
///D:/UIT_COURSES/SE1
00/DailyDesk/node_mod
ules/[4m.pnpm[24m/d
rizzle-orm@0.44.7_@el
ectri_5c2928a099a752b
7e299aaadb8975aea/nod
e_modules/[4msrc[24
m/sqlite-core/query-b
uilders/select.ts:962
:15) {
      code: [32m'SQL
ITE_ERROR'[39m,
      rawCode: 
[33m1[39m
    }
  }
}
Error in updateCard 
route: 
DrizzleQueryError: 
Failed query: select 
"id", "name", 
"description", 
"order", 
"cover_url", 
"cover_public_id", 
"cover_color", 
"cover_mode", 
"list_id", 
"start_date", 
"deadline", 
"due_at", 
"due_complete", 
"reminder_minutes", 
"recurrence", 
"recurrence_day", "re
currence_weekday", 
"repeat_frequency", 
"repeat_interval", 
"latitude", 
"longitude", 
"completed", 
"is_template", 
"created_at", 
"updated_at" from 
"cards" where 
"cards"."id" = ? 
limit ?
params: 019bd127-d9b3
-733a-ad58-de993d18cd
f0,1
    at LibSQLPrepared
Query.queryWithCache 
(file:///D:/UIT_COURS
ES/SE100/DailyDesk/no
de_modules/[4m.pnpm
[24m/drizzle-orm@0.44
.7_@electri_5c2928a09
9a752b7e299aaadb8975a
ea/node_modules/[4ms
rc[24m/sqlite-core/s
ession.ts:80:11)
[90m    at processTi
cksAndRejections (nod
e:internal/process/ta
sk_queues:105:5)[39m
    at LibSQLPrepared
Query.values (file://
/D:/UIT_COURSES/SE100
/DailyDesk/node_modul
es/[4m.pnpm[24m/dri
zzle-orm@0.44.7_@elec
tri_5c2928a099a752b7e
299aaadb8975aea/node_
modules/[4msrc[24m/
libsql/session.ts:286
:10)
    at LibSQLPrepared
Query.all (file:///D:
/UIT_COURSES/SE100/Da
ilyDesk/node_modules/
[4m.pnpm[24m/drizzl
e-orm@0.44.7_@electri
_5c2928a099a752b7e299
aaadb8975aea/node_mod
ules/[4msrc[24m/lib
sql/session.ts:214:16
)
    at 
Module.updateCard [9
0m(D:\UIT_COURSES\SE1
00\DailyDesk\backend\
[39msrc\services\car
ds.service.ts:566:24
[90m)[39m
    at [90mD:\UIT_CO
URSES\SE100\DailyDesk
\backend\[39msrc\rou
tes\cards.ts:244:25
    at dispatch (file
:///D:/UIT_COURSES/SE
100/DailyDesk/node_mo
dules/[4m.pnpm[24m/
hono@4.11.3/node_modu
les/[4mhono[24m/dis
t/compose.js:22:17)
    at file:///D:/UIT
_COURSES/SE100/DailyD
esk/node_modules/[4m
.pnpm[24m/hono@4.11.
3/node_modules/[4mho
no[24m/dist/validato
r/validator.js:81:12
    at mw (file:///D:
/UIT_COURSES/SE100/Da
ilyDesk/node_modules/
[4m.pnpm[24m/@hono+
zod-openapi@1.2.0_hon
o@4.11.3_zod@4.3.5/no
de_modules/[4m@hono
[24m/zod-openapi/src/
index.ts:546:26)
    at dispatch (file
:///D:/UIT_COURSES/SE
100/DailyDesk/node_mo
dules/[4m.pnpm[24m/
hono@4.11.3/node_modu
les/[4mhono[24m/dis
t/compose.js:22:17) {
  query: 
[32m'select "id", 
"name", 
"description", 
"order", 
"cover_url", 
"cover_public_id", 
"cover_color", 
"cover_mode", 
"list_id", 
"start_date", 
"deadline", 
"due_at", 
"due_complete", 
"reminder_minutes", 
"recurrence", 
"recurrence_day", "re
currence_weekday", 
"repeat_frequency", 
"repeat_interval", 
"latitude", 
"longitude", 
"completed", 
"is_template", 
"created_at", 
"updated_at" from 
"cards" where 
"cards"."id" = ? 
limit ?'[39m,
  params: [ [32m'019
bd127-d9b3-733a-ad58-
de993d18cdf0'[39m, 
[33m1[39m ],
  cause: 
LibsqlError: 
SQLITE_ERROR: no 
such column: 
is_template
      at 
mapSqliteError (file:
///D:/UIT_COURSES/SE1
00/DailyDesk/node_mod
ules/[4m.pnpm[24m/@
libsql+client@0.15.15
/node_modules/[4m@li
bsql[24m/client/lib-
esm/sqlite3.js:392:16
)
      at executeStmt 
(file:///D:/UIT_COURS
ES/SE100/DailyDesk/no
de_modules/[4m.pnpm
[24m/@libsql+client@0
.15.15/node_modules/
[4m@libsql[24m/clien
t/lib-esm/sqlite3.js:
297:15)
      at Sqlite3Clien
t.execute (file:///D:
/UIT_COURSES/SE100/Da
ilyDesk/node_modules/
[4m.pnpm[24m/@libsq
l+client@0.15.15/node
_modules/[4m@libsql
[24m/client/lib-esm/s
qlite3.js:81:16)
  [90m    ... 5 
lines matching cause 
stack trace ...[39m
      at SQLiteSelect
Base.execute (file://
/D:/UIT_COURSES/SE100
/DailyDesk/node_modul
es/[4m.pnpm[24m/dri
zzle-orm@0.44.7_@elec
tri_5c2928a099a752b7e
299aaadb8975aea/node_
modules/[4msrc[24m/
sqlite-core/query-bui
lders/select.ts:962:1
5)
      at SQLiteSelect
Base.then (file:///D:
/UIT_COURSES/SE100/Da
ilyDesk/node_modules/
[4m.pnpm[24m/drizzl
e-orm@0.44.7_@electri
_5c2928a099a752b7e299
aaadb8975aea/node_mod
ules/[4msrc[24m/que
ry-promise.ts:31:15) 
{
    code: [32m'SQLIT
E_ERROR'[39m,
    rawCode: 
[33m1[39m,
    [cause]: 
SqliteError: no such 
column: is_template
        at 
convertError (D:\UIT_
COURSES\SE100\DailyDe
sk\node_modules\[4m.
pnpm[24m\libsql@0.5.
22\node_modules\[4ml
ibsql[24m\index.js:5
9:12)
        at 
Database.prepare (D:\
UIT_COURSES\SE100\Dai
lyDesk\node_modules\
[4m.pnpm[24m\libsql@
0.5.22\node_modules\
[4mlibsql[24m\index.
js:131:13)
        at 
executeStmt (file:///
D:/UIT_COURSES/SE100/
DailyDesk/node_module
s/[4m.pnpm[24m/@lib
sql+client@0.15.15/no
de_modules/[4m@libsq
l[24m/client/lib-esm
/sqlite3.js:268:28)
        at Sqlite3Cli
ent.execute (file:///
D:/UIT_COURSES/SE100/
DailyDesk/node_module
s/[4m.pnpm[24m/@lib
sql+client@0.15.15/no
de_modules/[4m@libsq
l[24m/client/lib-esm
/sqlite3.js:81:16)
        at file:///D:
/UIT_COURSES/SE100/Da
ilyDesk/node_modules/
[4m.pnpm[24m/drizzl
e-orm@0.44.7_@electri
_5c2928a099a752b7e299
aaadb8975aea/node_mod
ules/[4msrc[24m/lib
sql/session.ts:288:58
        at LibSQLPrep
aredQuery.queryWithCa
che (file:///D:/UIT_C
OURSES/SE100/DailyDes
k/node_modules/[4m.p
npm[24m/drizzle-orm@
0.44.7_@electri_5c292
8a099a752b7e299aaadb8
975aea/node_modules/
[4msrc[24m/sqlite-co
re/session.ts:78:18)
        at LibSQLPrep
aredQuery.values (fil
e:///D:/UIT_COURSES/S
E100/DailyDesk/node_m
odules/[4m.pnpm[24m
/drizzle-orm@0.44.7_@
electri_5c2928a099a75
2b7e299aaadb8975aea/n
ode_modules/[4msrc[
24m/libsql/session.ts
:286:21)
        at LibSQLPrep
aredQuery.all (file:/
//D:/UIT_COURSES/SE10
0/DailyDesk/node_modu
les/[4m.pnpm[24m/dr
izzle-orm@0.44.7_@ele
ctri_5c2928a099a752b7
e299aaadb8975aea/node
_modules/[4msrc[24m
/libsql/session.ts:21
4:27)
        at 
SQLiteSelectBase.all 
(file:///D:/UIT_COURS
ES/SE100/DailyDesk/no
de_modules/[4m.pnpm
[24m/drizzle-orm@0.44
.7_@electri_5c2928a09
9a752b7e299aaadb8975a
ea/node_modules/[4ms
rc[24m/sqlite-core/q
uery-builders/select.
ts:950:26)
        at SQLiteSele
ctBase.execute (file:
///D:/UIT_COURSES/SE1
00/DailyDesk/node_mod
ules/[4m.pnpm[24m/d
rizzle-orm@0.44.7_@el
ectri_5c2928a099a752b
7e299aaadb8975aea/nod
e_modules/[4msrc[24
m/sqlite-core/query-b
uilders/select.ts:962
:15) {
      code: [32m'SQL
ITE_ERROR'[39m,
      rawCode: 
[33m1[39m
    }
  }
}
DrizzleQueryError: 
Failed query: select 
"id", "name", 
"description", 
"order", 
"cover_url", 
"cover_public_id", 
"cover_color", 
"cover_mode", 
"list_id", 
"start_date", 
"deadline", 
"due_at", 
"due_complete", 
"reminder_minutes", 
"recurrence", 
"recurrence_day", "re
currence_weekday", 
"repeat_frequency", 
"repeat_interval", 
"latitude", 
"longitude", 
"completed", 
"is_template", 
"created_at", 
"updated_at" from 
"cards" where 
"cards"."id" = ? 
limit ?
params: 019bd127-d9b3
-733a-ad58-de993d18cd
f0,1
    at LibSQLPrepared
Query.queryWithCache 
(file:///D:/UIT_COURS
ES/SE100/DailyDesk/no
de_modules/[4m.pnpm
[24m/drizzle-orm@0.44
.7_@electri_5c2928a09
9a752b7e299aaadb8975a
ea/node_modules/[4ms
rc[24m/sqlite-core/s
ession.ts:80:11)
[90m    at processTi
cksAndRejections (nod
e:internal/process/ta
sk_queues:105:5)[39m
    at LibSQLPrepared
Query.values (file://
/D:/UIT_COURSES/SE100
/DailyDesk/node_modul
es/[4m.pnpm[24m/dri
zzle-orm@0.44.7_@elec
tri_5c2928a099a752b7e
299aaadb8975aea/node_
modules/[4msrc[24m/
libsql/session.ts:286
:10)
    at LibSQLPrepared
Query.all (file:///D:
/UIT_COURSES/SE100/Da
ilyDesk/node_modules/
[4m.pnpm[24m/drizzl
e-orm@0.44.7_@electri
_5c2928a099a752b7e299
aaadb8975aea/node_mod
ules/[4msrc[24m/lib
sql/session.ts:214:16
)
    at 
Module.updateCard [9
0m(D:\UIT_COURSES\SE1
00\DailyDesk\backend\
[39msrc\services\car
ds.service.ts:566:24
[90m)[39m
    at [90mD:\UIT_CO
URSES\SE100\DailyDesk
\backend\[39msrc\rou
tes\cards.ts:244:25
    at dispatch (file
:///D:/UIT_COURSES/SE
100/DailyDesk/node_mo
dules/[4m.pnpm[24m/
hono@4.11.3/node_modu
les/[4mhono[24m/dis
t/compose.js:22:17)
    at file:///D:/UIT
_COURSES/SE100/DailyD
esk/node_modules/[4m
.pnpm[24m/hono@4.11.
3/node_modules/[4mho
no[24m/dist/validato
r/validator.js:81:12
    at mw (file:///D:
/UIT_COURSES/SE100/Da
ilyDesk/node_modules/
[4m.pnpm[24m/@hono+
zod-openapi@1.2.0_hon
o@4.11.3_zod@4.3.5/no
de_modules/[4m@hono
[24m/zod-openapi/src/
index.ts:546:26)
    at dispatch (file
:///D:/UIT_COURSES/SE
100/DailyDesk/node_mo
dules/[4m.pnpm[24m/
hono@4.11.3/node_modu
les/[4mhono[24m/dis
t/compose.js:22:17) {
  query: 
[32m'select "id", 
"name", 
"description", 
"order", 
"cover_url", 
"cover_public_id", 
"cover_color", 
"cover_mode", 
"list_id", 
"start_date", 
"deadline", 
"due_at", 
"due_complete", 
"reminder_minutes", 
"recurrence", 
"recurrence_day", "re
currence_weekday", 
"repeat_frequency", 
"repeat_interval", 
"latitude", 
"longitude", 
"completed", 
"is_template", 
"created_at", 
"updated_at" from 
"cards" where 
"cards"."id" = ? 
limit ?'[39m,
  params: [ [32m'019
bd127-d9b3-733a-ad58-
de993d18cdf0'[39m, 
[33m1[39m ],
  cause: 
LibsqlError: 
SQLITE_ERROR: no 
such column: 
is_template
      at 
mapSqliteError (file:
///D:/UIT_COURSES/SE1
00/DailyDesk/node_mod
ules/[4m.pnpm[24m/@
libsql+client@0.15.15
/node_modules/[4m@li
bsql[24m/client/lib-
esm/sqlite3.js:392:16
)
      at executeStmt 
(file:///D:/UIT_COURS
ES/SE100/DailyDesk/no
de_modules/[4m.pnpm
[24m/@libsql+client@0
.15.15/node_modules/
[4m@libsql[24m/clien
t/lib-esm/sqlite3.js:
297:15)
      at Sqlite3Clien
t.execute (file:///D:
/UIT_COURSES/SE100/Da
ilyDesk/node_modules/
[4m.pnpm[24m/@libsq
l+client@0.15.15/node
_modules/[4m@libsql
[24m/client/lib-esm/s
qlite3.js:81:16)
  [90m    ... 5 
lines matching cause 
stack trace ...[39m
      at SQLiteSelect
Base.execute (file://
/D:/UIT_COURSES/SE100
/DailyDesk/node_modul
es/[4m.pnpm[24m/dri
zzle-orm@0.44.7_@elec
tri_5c2928a099a752b7e
299aaadb8975aea/node_
modules/[4msrc[24m/
sqlite-core/query-bui
lders/select.ts:962:1
5)
      at SQLiteSelect
Base.then (file:///D:
/UIT_COURSES/SE100/Da
ilyDesk/node_modules/
[4m.pnpm[24m/drizzl
e-orm@0.44.7_@electri
_5c2928a099a752b7e299
aaadb8975aea/node_mod
ules/[4msrc[24m/que
ry-promise.ts:31:15) 
{
    code: [32m'SQLIT
E_ERROR'[39m,
    rawCode: 
[33m1[39m,
    [cause]: 
SqliteError: no such 
column: is_template
        at 
convertError (D:\UIT_
COURSES\SE100\DailyDe
sk\node_modules\[4m.
pnpm[24m\libsql@0.5.
22\node_modules\[4ml
ibsql[24m\index.js:5
9:12)
        at 
Database.prepare (D:\
UIT_COURSES\SE100\Dai
lyDesk\node_modules\
[4m.pnpm[24m\libsql@
0.5.22\node_modules\
[4mlibsql[24m\index.
js:131:13)
        at 
executeStmt (file:///
D:/UIT_COURSES/SE100/
DailyDesk/node_module
s/[4m.pnpm[24m/@lib
sql+client@0.15.15/no
de_modules/[4m@libsq
l[24m/client/lib-esm
/sqlite3.js:268:28)
        at Sqlite3Cli
ent.execute (file:///
D:/UIT_COURSES/SE100/
DailyDesk/node_module
s/[4m.pnpm[24m/@lib
sql+client@0.15.15/no
de_modules/[4m@libsq
l[24m/client/lib-esm
/sqlite3.js:81:16)
        at file:///D:
/UIT_COURSES/SE100/Da
ilyDesk/node_modules/
[4m.pnpm[24m/drizzl
e-orm@0.44.7_@electri
_5c2928a099a752b7e299
aaadb8975aea/node_mod
ules/[4msrc[24m/lib
sql/session.ts:288:58
        at LibSQLPrep
aredQuery.queryWithCa
che (file:///D:/UIT_C
OURSES/SE100/DailyDes
k/node_modules/[4m.p
npm[24m/drizzle-orm@
0.44.7_@electri_5c292
8a099a752b7e299aaadb8
975aea/node_modules/
[4msrc[24m/sqlite-co
re/session.ts:78:18)
        at LibSQLPrep
aredQuery.values (fil
e:///D:/UIT_COURSES/S
E100/DailyDesk/node_m
odules/[4m.pnpm[24m
/drizzle-orm@0.44.7_@
electri_5c2928a099a75
2b7e299aaadb8975aea/n
ode_modules/[4msrc[
24m/libsql/session.ts
:286:21)
        at LibSQLPrep
aredQuery.all (file:/
//D:/UIT_COURSES/SE10
0/DailyDesk/node_modu
les/[4m.pnpm[24m/dr
izzle-orm@0.44.7_@ele
ctri_5c2928a099a752b7
e299aaadb8975aea/node
_modules/[4msrc[24m
/libsql/session.ts:21
4:27)
        at 
SQLiteSelectBase.all 
(file:///D:/UIT_COURS
ES/SE100/DailyDesk/no
de_modules/[4m.pnpm
[24m/drizzle-orm@0.44
.7_@electri_5c2928a09
9a752b7e299aaadb8975a
ea/node_modules/[4ms
rc[24m/sqlite-core/q
uery-builders/select.
ts:950:26)
        at SQLiteSele
ctBase.execute (file:
///D:/UIT_COURSES/SE1
00/DailyDesk/node_mod
ules/[4m.pnpm[24m/d
rizzle-orm@0.44.7_@el
ectri_5c2928a099a752b
7e299aaadb8975aea/nod
e_modules/[4msrc[24
m/sqlite-core/query-b
uilders/select.ts:962
:15) {
      code: [32m'SQL
ITE_ERROR'[39m,
      rawCode: 
[33m1[39m
    }
  }
}

[90mstderr[2m | tes
ts/cards/card-members
.test.ts[2m > 
[22m[2mCards 
Members Tests[2m > 
[22m[2mCard 
Members[2m > 
[22m[2mshould 
replace existing 
members when updating
[22m[39mDrizzleQuer
yError: Failed 
query: select "id", 
"name", 
"description", 
"order", 
"cover_url", 
"cover_public_id", 
"cover_color", 
"cover_mode", 
"list_id", 
"start_date", 
"deadline", 
"due_at", 
"due_complete", 
"reminder_minutes", 
"recurrence", 
"recurrence_day", "re
currence_weekday", 
"repeat_frequency", 
"repeat_interval", 
"latitude", 
"longitude", 
"completed", 
"is_template", 
"created_at", 
"updated_at" from 
"cards" where 
"cards"."list_id" = ?
params: 019bd127-d9d6
-74bd-bafb-5e9ba3c580
07
    at LibSQLPrepared
Query.queryWithCache 
(file:///D:/UIT_COURS
ES/SE100/DailyDesk/no
de_modules/[4m.pnpm
[24m/drizzle-orm@0.44
.7_@electri_5c2928a09
9a752b7e299aaadb8975a
ea/node_modules/[4ms
rc[24m/sqlite-core/s
ession.ts:80:11)
[90m    at processTi
cksAndRejections (nod
e:internal/process/ta
sk_queues:105:5)[39m
    at LibSQLPrepared
Query.values (file://
/D:/UIT_COURSES/SE100
/DailyDesk/node_modul
es/[4m.pnpm[24m/dri
zzle-orm@0.44.7_@elec
tri_5c2928a099a752b7e
299aaadb8975aea/node_
modules/[4msrc[24m/
libsql/session.ts:286
:10)
    at LibSQLPrepared
Query.all (file:///D:
/UIT_COURSES/SE100/Da
ilyDesk/node_modules/
[4m.pnpm[24m/drizzl
e-orm@0.44.7_@electri
_5c2928a099a752b7e299
aaadb8975aea/node_mod
ules/[4msrc[24m/lib
sql/session.ts:214:16
)
    at 
Module.createCard [9
0m(D:\UIT_COURSES\SE1
00\DailyDesk\backend\
[39msrc\services\car
ds.service.ts:319:23
[90m)[39m
    at [90mD:\UIT_CO
URSES\SE100\DailyDesk
\backend\[39msrc\rou
tes\cards.ts:152:22
    at dispatch (file
:///D:/UIT_COURSES/SE
100/DailyDesk/node_mo
dules/[4m.pnpm[24m/
hono@4.11.3/node_modu
les/[4mhono[24m/dis
t/compose.js:22:17)
    at file:///D:/UIT
_COURSES/SE100/DailyD
esk/node_modules/[4m
.pnpm[24m/hono@4.11.
3/node_modules/[4mho
no[24m/dist/validato
r/validator.js:81:12
    at mw (file:///D:
/UIT_COURSES/SE100/Da
ilyDesk/node_modules/
[4m.pnpm[24m/@hono+
zod-openapi@1.2.0_hon
o@4.11.3_zod@4.3.5/no
de_modules/[4m@hono
[24m/zod-openapi/src/
index.ts:546:26)
    at dispatch (file
:///D:/UIT_COURSES/SE
100/DailyDesk/node_mo
dules/[4m.pnpm[24m/
hono@4.11.3/node_modu
les/[4mhono[24m/dis
t/compose.js:22:17) {
  query: 
[32m'select "id", 
"name", 
"description", 
"order", 
"cover_url", 
"cover_public_id", 
"cover_color", 
"cover_mode", 
"list_id", 
"start_date", 
"deadline", 
"due_at", 
"due_complete", 
"reminder_minutes", 
"recurrence", 
"recurrence_day", "re
currence_weekday", 
"repeat_frequency", 
"repeat_interval", 
"latitude", 
"longitude", 
"completed", 
"is_template", 
"created_at", 
"updated_at" from 
"cards" where 
"cards"."list_id" = 
?'[39m,
  params: [ [32m'019
bd127-d9d6-74bd-bafb-
5e9ba3c58007'[39m ],
  cause: 
LibsqlError: 
SQLITE_ERROR: no 
such column: 
is_template
      at 
mapSqliteError (file:
///D:/UIT_COURSES/SE1
00/DailyDesk/node_mod
ules/[4m.pnpm[24m/@
libsql+client@0.15.15
/node_modules/[4m@li
bsql[24m/client/lib-
esm/sqlite3.js:392:16
)
      at executeStmt 
(file:///D:/UIT_COURS
ES/SE100/DailyDesk/no
de_modules/[4m.pnpm
[24m/@libsql+client@0
.15.15/node_modules/
[4m@libsql[24m/clien
t/lib-esm/sqlite3.js:
297:15)
      at Sqlite3Clien
t.execute (file:///D:
/UIT_COURSES/SE100/Da
ilyDesk/node_modules/
[4m.pnpm[24m/@libsq
l+client@0.15.15/node
_modules/[4m@libsql
[24m/client/lib-esm/s
qlite3.js:81:16)
  [90m    ... 5 
lines matching cause 
stack trace ...[39m
      at SQLiteSelect
Base.execute (file://
/D:/UIT_COURSES/SE100
/DailyDesk/node_modul
es/[4m.pnpm[24m/dri
zzle-orm@0.44.7_@elec
tri_5c2928a099a752b7e
299aaadb8975aea/node_
modules/[4msrc[24m/
sqlite-core/query-bui
lders/select.ts:962:1
5)
      at SQLiteSelect
Base.then (file:///D:
/UIT_COURSES/SE100/Da
ilyDesk/node_modules/
[4m.pnpm[24m/drizzl
e-orm@0.44.7_@electri
_5c2928a099a752b7e299
aaadb8975aea/node_mod
ules/[4msrc[24m/que
ry-promise.ts:31:15) 
{
    code: [32m'SQLIT
E_ERROR'[39m,
    rawCode: 
[33m1[39m,
    [cause]: 
SqliteError: no such 
column: is_template
        at 
convertError (D:\UIT_
COURSES\SE100\DailyDe
sk\node_modules\[4m.
pnpm[24m\libsql@0.5.
22\node_modules\[4ml
ibsql[24m\index.js:5
9:12)
        at 
Database.prepare (D:\
UIT_COURSES\SE100\Dai
lyDesk\node_modules\
[4m.pnpm[24m\libsql@
0.5.22\node_modules\
[4mlibsql[24m\index.
js:131:13)
        at 
executeStmt (file:///
D:/UIT_COURSES/SE100/
DailyDesk/node_module
s/[4m.pnpm[24m/@lib
sql+client@0.15.15/no
de_modules/[4m@libsq
l[24m/client/lib-esm
/sqlite3.js:268:28)
        at Sqlite3Cli
ent.execute (file:///
D:/UIT_COURSES/SE100/
DailyDesk/node_module
s/[4m.pnpm[24m/@lib
sql+client@0.15.15/no
de_modules/[4m@libsq
l[24m/client/lib-esm
/sqlite3.js:81:16)
        at file:///D:
/UIT_COURSES/SE100/Da
ilyDesk/node_modules/
[4m.pnpm[24m/drizzl
e-orm@0.44.7_@electri
_5c2928a099a752b7e299
aaadb8975aea/node_mod
ules/[4msrc[24m/lib
sql/session.ts:288:58
        at LibSQLPrep
aredQuery.queryWithCa
che (file:///D:/UIT_C
OURSES/SE100/DailyDes
k/node_modules/[4m.p
npm[24m/drizzle-orm@
0.44.7_@electri_5c292
8a099a752b7e299aaadb8
975aea/node_modules/
[4msrc[24m/sqlite-co
re/session.ts:78:18)
        at LibSQLPrep
aredQuery.values (fil
e:///D:/UIT_COURSES/S
E100/DailyDesk/node_m
odules/[4m.pnpm[24m
/drizzle-orm@0.44.7_@
electri_5c2928a099a75
2b7e299aaadb8975aea/n
ode_modules/[4msrc[
24m/libsql/session.ts
:286:21)
        at LibSQLPrep
aredQuery.all (file:/
//D:/UIT_COURSES/SE10
0/DailyDesk/node_modu
les/[4m.pnpm[24m/dr
izzle-orm@0.44.7_@ele
ctri_5c2928a099a752b7
e299aaadb8975aea/node
_modules/[4msrc[24m
/libsql/session.ts:21
4:27)
        at 
SQLiteSelectBase.all 
(file:///D:/UIT_COURS
ES/SE100/DailyDesk/no
de_modules/[4m.pnpm
[24m/drizzle-orm@0.44
.7_@electri_5c2928a09
9a752b7e299aaadb8975a
ea/node_modules/[4ms
rc[24m/sqlite-core/q
uery-builders/select.
ts:950:26)
        at SQLiteSele
ctBase.execute (file:
///D:/UIT_COURSES/SE1
00/DailyDesk/node_mod
ules/[4m.pnpm[24m/d
rizzle-orm@0.44.7_@el
ectri_5c2928a099a752b
7e299aaadb8975aea/nod
e_modules/[4msrc[24
m/sqlite-core/query-b
uilders/select.ts:962
:15) {
      code: [32m'SQL
ITE_ERROR'[39m,
      rawCode: 
[33m1[39m
    }
  }
}
Error in updateCard 
route: 
DrizzleQueryError: 
Failed query: select 
"id", "name", 
"description", 
"order", 
"cover_url", 
"cover_public_id", 
"cover_color", 
"cover_mode", 
"list_id", 
"start_date", 
"deadline", 
"due_at", 
"due_complete", 
"reminder_minutes", 
"recurrence", 
"recurrence_day", "re
currence_weekday", 
"repeat_frequency", 
"repeat_interval", 
"latitude", 
"longitude", 
"completed", 
"is_template", 
"created_at", 
"updated_at" from 
"cards" where 
"cards"."id" = ? 
limit ?
params: 019bd127-d9da
-7fd9-a9b3-0fde6fef59
33,1
    at LibSQLPrepared
Query.queryWithCache 
(file:///D:/UIT_COURS
ES/SE100/DailyDesk/no
de_modules/[4m.pnpm
[24m/drizzle-orm@0.44
.7_@electri_5c2928a09
9a752b7e299aaadb8975a
ea/node_modules/[4ms
rc[24m/sqlite-core/s
ession.ts:80:11)
[90m    at processTi
cksAndRejections (nod
e:internal/process/ta
sk_queues:105:5)[39m
    at LibSQLPrepared
Query.values (file://
/D:/UIT_COURSES/SE100
/DailyDesk/node_modul
es/[4m.pnpm[24m/dri
zzle-orm@0.44.7_@elec
tri_5c2928a099a752b7e
299aaadb8975aea/node_
modules/[4msrc[24m/
libsql/session.ts:286
:10)
    at LibSQLPrepared
Query.all (file:///D:
/UIT_COURSES/SE100/Da
ilyDesk/node_modules/
[4m.pnpm[24m/drizzl
e-orm@0.44.7_@electri
_5c2928a099a752b7e299
aaadb8975aea/node_mod
ules/[4msrc[24m/lib
sql/session.ts:214:16
)
    at 
Module.updateCard [9
0m(D:\UIT_COURSES\SE1
00\DailyDesk\backend\
[39msrc\services\car
ds.service.ts:566:24
[90m)[39m
    at [90mD:\UIT_CO
URSES\SE100\DailyDesk
\backend\[39msrc\rou
tes\cards.ts:244:25
    at dispatch (file
:///D:/UIT_COURSES/SE
100/DailyDesk/node_mo
dules/[4m.pnpm[24m/
hono@4.11.3/node_modu
les/[4mhono[24m/dis
t/compose.js:22:17)
    at file:///D:/UIT
_COURSES/SE100/DailyD
esk/node_modules/[4m
.pnpm[24m/hono@4.11.
3/node_modules/[4mho
no[24m/dist/validato
r/validator.js:81:12
    at mw (file:///D:
/UIT_COURSES/SE100/Da
ilyDesk/node_modules/
[4m.pnpm[24m/@hono+
zod-openapi@1.2.0_hon
o@4.11.3_zod@4.3.5/no
de_modules/[4m@hono
[24m/zod-openapi/src/
index.ts:546:26)
    at dispatch (file
:///D:/UIT_COURSES/SE
100/DailyDesk/node_mo
dules/[4m.pnpm[24m/
hono@4.11.3/node_modu
les/[4mhono[24m/dis
t/compose.js:22:17) {
  query: 
[32m'select "id", 
"name", 
"description", 
"order", 
"cover_url", 
"cover_public_id", 
"cover_color", 
"cover_mode", 
"list_id", 
"start_date", 
"deadline", 
"due_at", 
"due_complete", 
"reminder_minutes", 
"recurrence", 
"recurrence_day", "re
currence_weekday", 
"repeat_frequency", 
"repeat_interval", 
"latitude", 
"longitude", 
"completed", 
"is_template", 
"created_at", 
"updated_at" from 
"cards" where 
"cards"."id" = ? 
limit ?'[39m,
  params: [ [32m'019
bd127-d9da-7fd9-a9b3-
0fde6fef5933'[39m, 
[33m1[39m ],
  cause: 
LibsqlError: 
SQLITE_ERROR: no 
such column: 
is_template
      at 
mapSqliteError (file:
///D:/UIT_COURSES/SE1
00/DailyDesk/node_mod
ules/[4m.pnpm[24m/@
libsql+client@0.15.15
/node_modules/[4m@li
bsql[24m/client/lib-
esm/sqlite3.js:392:16
)
      at executeStmt 
(file:///D:/UIT_COURS
ES/SE100/DailyDesk/no
de_modules/[4m.pnpm
[24m/@libsql+client@0
.15.15/node_modules/
[4m@libsql[24m/clien
t/lib-esm/sqlite3.js:
297:15)
      at Sqlite3Clien
t.execute (file:///D:
/UIT_COURSES/SE100/Da
ilyDesk/node_modules/
[4m.pnpm[24m/@libsq
l+client@0.15.15/node
_modules/[4m@libsql
[24m/client/lib-esm/s
qlite3.js:81:16)
  [90m    ... 5 
lines matching cause 
stack trace ...[39m
      at SQLiteSelect
Base.execute (file://
/D:/UIT_COURSES/SE100
/DailyDesk/node_modul
es/[4m.pnpm[24m/dri
zzle-orm@0.44.7_@elec
tri_5c2928a099a752b7e
299aaadb8975aea/node_
modules/[4msrc[24m/
sqlite-core/query-bui
lders/select.ts:962:1
5)
      at SQLiteSelect
Base.then (file:///D:
/UIT_COURSES/SE100/Da
ilyDesk/node_modules/
[4m.pnpm[24m/drizzl
e-orm@0.44.7_@electri
_5c2928a099a752b7e299
aaadb8975aea/node_mod
ules/[4msrc[24m/que
ry-promise.ts:31:15) 
{
    code: [32m'SQLIT
E_ERROR'[39m,
    rawCode: 
[33m1[39m,
    [cause]: 
SqliteError: no such 
column: is_template
        at 
convertError (D:\UIT_
COURSES\SE100\DailyDe
sk\node_modules\[4m.
pnpm[24m\libsql@0.5.
22\node_modules\[4ml
ibsql[24m\index.js:5
9:12)
        at 
Database.prepare (D:\
UIT_COURSES\SE100\Dai
lyDesk\node_modules\
[4m.pnpm[24m\libsql@
0.5.22\node_modules\
[4mlibsql[24m\index.
js:131:13)
        at 
executeStmt (file:///
D:/UIT_COURSES/SE100/
DailyDesk/node_module
s/[4m.pnpm[24m/@lib
sql+client@0.15.15/no
de_modules/[4m@libsq
l[24m/client/lib-esm
/sqlite3.js:268:28)
        at Sqlite3Cli
ent.execute (file:///
D:/UIT_COURSES/SE100/
DailyDesk/node_module
s/[4m.pnpm[24m/@lib
sql+client@0.15.15/no
de_modules/[4m@libsq
l[24m/client/lib-esm
/sqlite3.js:81:16)
        at file:///D:
/UIT_COURSES/SE100/Da
ilyDesk/node_modules/
[4m.pnpm[24m/drizzl
e-orm@0.44.7_@electri
_5c2928a099a752b7e299
aaadb8975aea/node_mod
ules/[4msrc[24m/lib
sql/session.ts:288:58
        at LibSQLPrep
aredQuery.queryWithCa
che (file:///D:/UIT_C
OURSES/SE100/DailyDes
k/node_modules/[4m.p
npm[24m/drizzle-orm@
0.44.7_@electri_5c292
8a099a752b7e299aaadb8
975aea/node_modules/
[4msrc[24m/sqlite-co
re/session.ts:78:18)
        at LibSQLPrep
aredQuery.values (fil
e:///D:/UIT_COURSES/S
E100/DailyDesk/node_m
odules/[4m.pnpm[24m
/drizzle-orm@0.44.7_@
electri_5c2928a099a75
2b7e299aaadb8975aea/n
ode_modules/[4msrc[
24m/libsql/session.ts
:286:21)
        at LibSQLPrep
aredQuery.all (file:/
//D:/UIT_COURSES/SE10
0/DailyDesk/node_modu
les/[4m.pnpm[24m/dr
izzle-orm@0.44.7_@ele
ctri_5c2928a099a752b7
e299aaadb8975aea/node
_modules/[4msrc[24m
/libsql/session.ts:21
4:27)
        at 
SQLiteSelectBase.all 
(file:///D:/UIT_COURS
ES/SE100/DailyDesk/no
de_modules/[4m.pnpm
[24m/drizzle-orm@0.44
.7_@electri_5c2928a09
9a752b7e299aaadb8975a
ea/node_modules/[4ms
rc[24m/sqlite-core/q
uery-builders/select.
ts:950:26)
        at SQLiteSele
ctBase.execute (file:
///D:/UIT_COURSES/SE1
00/DailyDesk/node_mod
ules/[4m.pnpm[24m/d
rizzle-orm@0.44.7_@el
ectri_5c2928a099a752b
7e299aaadb8975aea/nod
e_modules/[4msrc[24
m/sqlite-core/query-b
uilders/select.ts:962
:15) {
      code: [32m'SQL
ITE_ERROR'[39m,
      rawCode: 
[33m1[39m
    }
  }
}
DrizzleQueryError: 
Failed query: select 
"id", "name", 
"description", 
"order", 
"cover_url", 
"cover_public_id", 
"cover_color", 
"cover_mode", 
"list_id", 
"start_date", 
"deadline", 
"due_at", 
"due_complete", 
"reminder_minutes", 
"recurrence", 
"recurrence_day", "re
currence_weekday", 
"repeat_frequency", 
"repeat_interval", 
"latitude", 
"longitude", 
"completed", 
"is_template", 
"created_at", 
"updated_at" from 
"cards" where 
"cards"."id" = ? 
limit ?
params: 019bd127-d9da
-7fd9-a9b3-0fde6fef59
33,1
    at LibSQLPrepared
Query.queryWithCache 
(file:///D:/UIT_COURS
ES/SE100/DailyDesk/no
de_modules/[4m.pnpm
[24m/drizzle-orm@0.44
.7_@electri_5c2928a09
9a752b7e299aaadb8975a
ea/node_modules/[4ms
rc[24m/sqlite-core/s
ession.ts:80:11)
[90m    at processTi
cksAndRejections (nod
e:internal/process/ta
sk_queues:105:5)[39m
    at LibSQLPrepared
Query.values (file://
/D:/UIT_COURSES/SE100
/DailyDesk/node_modul
es/[4m.pnpm[24m/dri
zzle-orm@0.44.7_@elec
tri_5c2928a099a752b7e
299aaadb8975aea/node_
modules/[4msrc[24m/
libsql/session.ts:286
:10)
    at LibSQLPrepared
Query.all (file:///D:
/UIT_COURSES/SE100/Da
ilyDesk/node_modules/
[4m.pnpm[24m/drizzl
e-orm@0.44.7_@electri
_5c2928a099a752b7e299
aaadb8975aea/node_mod
ules/[4msrc[24m/lib
sql/session.ts:214:16
)
    at 
Module.updateCard [9
0m(D:\UIT_COURSES\SE1
00\DailyDesk\backend\
[39msrc\services\car
ds.service.ts:566:24
[90m)[39m
    at [90mD:\UIT_CO
URSES\SE100\DailyDesk
\backend\[39msrc\rou
tes\cards.ts:244:25
    at dispatch (file
:///D:/UIT_COURSES/SE
100/DailyDesk/node_mo
dules/[4m.pnpm[24m/
hono@4.11.3/node_modu
les/[4mhono[24m/dis
t/compose.js:22:17)
    at file:///D:/UIT
_COURSES/SE100/DailyD
esk/node_modules/[4m
.pnpm[24m/hono@4.11.
3/node_modules/[4mho
no[24m/dist/validato
r/validator.js:81:12
    at mw (file:///D:
/UIT_COURSES/SE100/Da
ilyDesk/node_modules/
[4m.pnpm[24m/@hono+
zod-openapi@1.2.0_hon
o@4.11.3_zod@4.3.5/no
de_modules/[4m@hono
[24m/zod-openapi/src/
index.ts:546:26)
    at dispatch (file
:///D:/UIT_COURSES/SE
100/DailyDesk/node_mo
dules/[4m.pnpm[24m/
hono@4.11.3/node_modu
les/[4mhono[24m/dis
t/compose.js:22:17) {
  query: 
[32m'select "id", 
"name", 
"description", 
"order", 
"cover_url", 
"cover_public_id", 
"cover_color", 
"cover_mode", 
"list_id", 
"start_date", 
"deadline", 
"due_at", 
"due_complete", 
"reminder_minutes", 
"recurrence", 
"recurrence_day", "re
currence_weekday", 
"repeat_frequency", 
"repeat_interval", 
"latitude", 
"longitude", 
"completed", 
"is_template", 
"created_at", 
"updated_at" from 
"cards" where 
"cards"."id" = ? 
limit ?'[39m,
  params: [ [32m'019
bd127-d9da-7fd9-a9b3-
0fde6fef5933'[39m, 
[33m1[39m ],
  cause: 
LibsqlError: 
SQLITE_ERROR: no 
such column: 
is_template
      at 
mapSqliteError (file:
///D:/UIT_COURSES/SE1
00/DailyDesk/node_mod
ules/[4m.pnpm[24m/@
libsql+client@0.15.15
/node_modules/[4m@li
bsql[24m/client/lib-
esm/sqlite3.js:392:16
)
      at executeStmt 
(file:///D:/UIT_COURS
ES/SE100/DailyDesk/no
de_modules/[4m.pnpm
[24m/@libsql+client@0
.15.15/node_modules/
[4m@libsql[24m/clien
t/lib-esm/sqlite3.js:
297:15)
      at Sqlite3Clien
t.execute (file:///D:
/UIT_COURSES/SE100/Da
ilyDesk/node_modules/
[4m.pnpm[24m/@libsq
l+client@0.15.15/node
_modules/[4m@libsql
[24m/client/lib-esm/s
qlite3.js:81:16)
  [90m    ... 5 
lines matching cause 
stack trace ...[39m
      at SQLiteSelect
Base.execute (file://
/D:/UIT_COURSES/SE100
/DailyDesk/node_modul
es/[4m.pnpm[24m/dri
zzle-orm@0.44.7_@elec
tri_5c2928a099a752b7e
299aaadb8975aea/node_
modules/[4msrc[24m/
sqlite-core/query-bui
lders/select.ts:962:1
5)
      at SQLiteSelect
Base.then (file:///D:
/UIT_COURSES/SE100/Da
ilyDesk/node_modules/
[4m.pnpm[24m/drizzl
e-orm@0.44.7_@electri
_5c2928a099a752b7e299
aaadb8975aea/node_mod
ules/[4msrc[24m/que
ry-promise.ts:31:15) 
{
    code: [32m'SQLIT
E_ERROR'[39m,
    rawCode: 
[33m1[39m,
    [cause]: 
SqliteError: no such 
column: is_template
        at 
convertError (D:\UIT_
COURSES\SE100\DailyDe
sk\node_modules\[4m.
pnpm[24m\libsql@0.5.
22\node_modules\[4ml
ibsql[24m\index.js:5
9:12)
        at 
Database.prepare (D:\
UIT_COURSES\SE100\Dai
lyDesk\node_modules\
[4m.pnpm[24m\libsql@
0.5.22\node_modules\
[4mlibsql[24m\index.
js:131:13)
        at 
executeStmt (file:///
D:/UIT_COURSES/SE100/
DailyDesk/node_module
s/[4m.pnpm[24m/@lib
sql+client@0.15.15/no
de_modules/[4m@libsq
l[24m/client/lib-esm
/sqlite3.js:268:28)
        at Sqlite3Cli
ent.execute (file:///
D:/UIT_COURSES/SE100/
DailyDesk/node_module
s/[4m.pnpm[24m/@lib
sql+client@0.15.15/no
de_modules/[4m@libsq
l[24m/client/lib-esm
/sqlite3.js:81:16)
        at file:///D:
/UIT_COURSES/SE100/Da
ilyDesk/node_modules/
[4m.pnpm[24m/drizzl
e-orm@0.44.7_@electri
_5c2928a099a752b7e299
aaadb8975aea/node_mod
ules/[4msrc[24m/lib
sql/session.ts:288:58
        at LibSQLPrep
aredQuery.queryWithCa
che (file:///D:/UIT_C
OURSES/SE100/DailyDes
k/node_modules/[4m.p
npm[24m/drizzle-orm@
0.44.7_@electri_5c292
8a099a752b7e299aaadb8
975aea/node_modules/
[4msrc[24m/sqlite-co
re/session.ts:78:18)
        at LibSQLPrep
aredQuery.values (fil
e:///D:/UIT_COURSES/S
E100/DailyDesk/node_m
odules/[4m.pnpm[24m
/drizzle-orm@0.44.7_@
electri_5c2928a099a75
2b7e299aaadb8975aea/n
ode_modules/[4msrc[
24m/libsql/session.ts
:286:21)
        at LibSQLPrep
aredQuery.all (file:/
//D:/UIT_COURSES/SE10
0/DailyDesk/node_modu
les/[4m.pnpm[24m/dr
izzle-orm@0.44.7_@ele
ctri_5c2928a099a752b7
e299aaadb8975aea/node
_modules/[4msrc[24m
/libsql/session.ts:21
4:27)
        at 
SQLiteSelectBase.all 
(file:///D:/UIT_COURS
ES/SE100/DailyDesk/no
de_modules/[4m.pnpm
[24m/drizzle-orm@0.44
.7_@electri_5c2928a09
9a752b7e299aaadb8975a
ea/node_modules/[4ms
rc[24m/sqlite-core/q
uery-builders/select.
ts:950:26)
        at SQLiteSele
ctBase.execute (file:
///D:/UIT_COURSES/SE1
00/DailyDesk/node_mod
ules/[4m.pnpm[24m/d
rizzle-orm@0.44.7_@el
ectri_5c2928a099a752b
7e299aaadb8975aea/nod
e_modules/[4msrc[24
m/sqlite-core/query-b
uilders/select.ts:962
:15) {
      code: [32m'SQL
ITE_ERROR'[39m,
      rawCode: 
[33m1[39m
    }
  }
}
Error in updateCard 
route: 
DrizzleQueryError: 
Failed query: select 
"id", "name", 
"description", 
"order", 
"cover_url", 
"cover_public_id", 
"cover_color", 
"cover_mode", 
"list_id", 
"start_date", 
"deadline", 
"due_at", 
"due_complete", 
"reminder_minutes", 
"recurrence", 
"recurrence_day", "re
currence_weekday", 
"repeat_frequency", 
"repeat_interval", 
"latitude", 
"longitude", 
"completed", 
"is_template", 
"created_at", 
"updated_at" from 
"cards" where 
"cards"."id" = ? 
limit ?
params: 019bd127-d9da
-7fd9-a9b3-0fde6fef59
33,1
    at LibSQLPrepared
Query.queryWithCache 
(file:///D:/UIT_COURS
ES/SE100/DailyDesk/no
de_modules/[4m.pnpm
[24m/drizzle-orm@0.44
.7_@electri_5c2928a09
9a752b7e299aaadb8975a
ea/node_modules/[4ms
rc[24m/sqlite-core/s
ession.ts:80:11)
[90m    at processTi
cksAndRejections (nod
e:internal/process/ta
sk_queues:105:5)[39m
    at LibSQLPrepared
Query.values (file://
/D:/UIT_COURSES/SE100
/DailyDesk/node_modul
es/[4m.pnpm[24m/dri
zzle-orm@0.44.7_@elec
tri_5c2928a099a752b7e
299aaadb8975aea/node_
modules/[4msrc[24m/
libsql/session.ts:286
:10)
    at LibSQLPrepared
Query.all (file:///D:
/UIT_COURSES/SE100/Da
ilyDesk/node_modules/
[4m.pnpm[24m/drizzl
e-orm@0.44.7_@electri
_5c2928a099a752b7e299
aaadb8975aea/node_mod
ules/[4msrc[24m/lib
sql/session.ts:214:16
)
    at 
Module.updateCard [9
0m(D:\UIT_COURSES\SE1
00\DailyDesk\backend\
[39msrc\services\car
ds.service.ts:566:24
[90m)[39m
    at [90mD:\UIT_CO
URSES\SE100\DailyDesk
\backend\[39msrc\rou
tes\cards.ts:244:25
    at dispatch (file
:///D:/UIT_COURSES/SE
100/DailyDesk/node_mo
dules/[4m.pnpm[24m/
hono@4.11.3/node_modu
les/[4mhono[24m/dis
t/compose.js:22:17)
    at file:///D:/UIT
_COURSES/SE100/DailyD
esk/node_modules/[4m
.pnpm[24m/hono@4.11.
3/node_modules/[4mho
no[24m/dist/validato
r/validator.js:81:12
    at mw (file:///D:
/UIT_COURSES/SE100/Da
ilyDesk/node_modules/
[4m.pnpm[24m/@hono+
zod-openapi@1.2.0_hon
o@4.11.3_zod@4.3.5/no
de_modules/[4m@hono
[24m/zod-openapi/src/
index.ts:546:26)
    at dispatch (file
:///D:/UIT_COURSES/SE
100/DailyDesk/node_mo
dules/[4m.pnpm[24m/
hono@4.11.3/node_modu
les/[4mhono[24m/dis
t/compose.js:22:17) {
  query: 
[32m'select "id", 
"name", 
"description", 
"order", 
"cover_url", 
"cover_public_id", 
"cover_color", 
"cover_mode", 
"list_id", 
"start_date", 
"deadline", 
"due_at", 
"due_complete", 
"reminder_minutes", 
"recurrence", 
"recurrence_day", "re
currence_weekday", 
"repeat_frequency", 
"repeat_interval", 
"latitude", 
"longitude", 
"completed", 
"is_template", 
"created_at", 
"updated_at" from 
"cards" where 
"cards"."id" = ? 
limit ?'[39m,
  params: [ [32m'019
bd127-d9da-7fd9-a9b3-
0fde6fef5933'[39m, 
[33m1[39m ],
  cause: 
LibsqlError: 
SQLITE_ERROR: no 
such column: 
is_template
      at 
mapSqliteError (file:
///D:/UIT_COURSES/SE1
00/DailyDesk/node_mod
ules/[4m.pnpm[24m/@
libsql+client@0.15.15
/node_modules/[4m@li
bsql[24m/client/lib-
esm/sqlite3.js:392:16
)
      at executeStmt 
(file:///D:/UIT_COURS
ES/SE100/DailyDesk/no
de_modules/[4m.pnpm
[24m/@libsql+client@0
.15.15/node_modules/
[4m@libsql[24m/clien
t/lib-esm/sqlite3.js:
297:15)
      at Sqlite3Clien
t.execute (file:///D:
/UIT_COURSES/SE100/Da
ilyDesk/node_modules/
[4m.pnpm[24m/@libsq
l+client@0.15.15/node
_modules/[4m@libsql
[24m/client/lib-esm/s
qlite3.js:81:16)
  [90m    ... 5 
lines matching cause 
stack trace ...[39m
      at SQLiteSelect
Base.execute (file://
/D:/UIT_COURSES/SE100
/DailyDesk/node_modul
es/[4m.pnpm[24m/dri
zzle-orm@0.44.7_@elec
tri_5c2928a099a752b7e
299aaadb8975aea/node_
modules/[4msrc[24m/
sqlite-core/query-bui
lders/select.ts:962:1
5)
      at SQLiteSelect
Base.then (file:///D:
/UIT_COURSES/SE100/Da
ilyDesk/node_modules/
[4m.pnpm[24m/drizzl
e-orm@0.44.7_@electri
_5c2928a099a752b7e299
aaadb8975aea/node_mod
ules/[4msrc[24m/que
ry-promise.ts:31:15) 
{
    code: [32m'SQLIT
E_ERROR'[39m,
    rawCode: 
[33m1[39m,
    [cause]: 
SqliteError: no such 
column: is_template
        at 
convertError (D:\UIT_
COURSES\SE100\DailyDe
sk\node_modules\[4m.
pnpm[24m\libsql@0.5.
22\node_modules\[4ml
ibsql[24m\index.js:5
9:12)
        at 
Database.prepare (D:\
UIT_COURSES\SE100\Dai
lyDesk\node_modules\
[4m.pnpm[24m\libsql@
0.5.22\node_modules\
[4mlibsql[24m\index.
js:131:13)
        at 
executeStmt (file:///
D:/UIT_COURSES/SE100/
DailyDesk/node_module
s/[4m.pnpm[24m/@lib
sql+client@0.15.15/no
de_modules/[4m@libsq
l[24m/client/lib-esm
/sqlite3.js:268:28)
        at Sqlite3Cli
ent.execute (file:///
D:/UIT_COURSES/SE100/
DailyDesk/node_module
s/[4m.pnpm[24m/@lib
sql+client@0.15.15/no
de_modules/[4m@libsq
l[24m/client/lib-esm
/sqlite3.js:81:16)
        at file:///D:
/UIT_COURSES/SE100/Da
ilyDesk/node_modules/
[4m.pnpm[24m/drizzl
e-orm@0.44.7_@electri
_5c2928a099a752b7e299
aaadb8975aea/node_mod
ules/[4msrc[24m/lib
sql/session.ts:288:58
        at LibSQLPrep
aredQuery.queryWithCa
che (file:///D:/UIT_C
OURSES/SE100/DailyDes
k/node_modules/[4m.p
npm[24m/drizzle-orm@
0.44.7_@electri_5c292
8a099a752b7e299aaadb8
975aea/node_modules/
[4msrc[24m/sqlite-co
re/session.ts:78:18)
        at LibSQLPrep
aredQuery.values (fil
e:///D:/UIT_COURSES/S
E100/DailyDesk/node_m
odules/[4m.pnpm[24m
/drizzle-orm@0.44.7_@
electri_5c2928a099a75
2b7e299aaadb8975aea/n
ode_modules/[4msrc[
24m/libsql/session.ts
:286:21)
        at LibSQLPrep
aredQuery.all (file:/
//D:/UIT_COURSES/SE10
0/DailyDesk/node_modu
les/[4m.pnpm[24m/dr
izzle-orm@0.44.7_@ele
ctri_5c2928a099a752b7
e299aaadb8975aea/node
_modules/[4msrc[24m
/libsql/session.ts:21
4:27)
        at 
SQLiteSelectBase.all 
(file:///D:/UIT_COURS
ES/SE100/DailyDesk/no
de_modules/[4m.pnpm
[24m/drizzle-orm@0.44
.7_@electri_5c2928a09
9a752b7e299aaadb8975a
ea/node_modules/[4ms
rc[24m/sqlite-core/q
uery-builders/select.
ts:950:26)
        at SQLiteSele
ctBase.execute (file:
///D:/UIT_COURSES/SE1
00/DailyDesk/node_mod
ules/[4m.pnpm[24m/d
rizzle-orm@0.44.7_@el
ectri_5c2928a099a752b
7e299aaadb8975aea/nod
e_modules/[4msrc[24
m/sqlite-core/query-b
uilders/select.ts:962
:15) {
      code: [32m'SQL
ITE_ERROR'[39m,
      rawCode: 
[33m1[39m
    }
  }
}
DrizzleQueryError: 
Failed query: select 
"id", "name", 
"description", 
"order", 
"cover_url", 
"cover_public_id", 
"cover_color", 
"cover_mode", 
"list_id", 
"start_date", 
"deadline", 
"due_at", 
"due_complete", 
"reminder_minutes", 
"recurrence", 
"recurrence_day", "re
currence_weekday", 
"repeat_frequency", 
"repeat_interval", 
"latitude", 
"longitude", 
"completed", 
"is_template", 
"created_at", 
"updated_at" from 
"cards" where 
"cards"."id" = ? 
limit ?
params: 019bd127-d9da
-7fd9-a9b3-0fde6fef59
33,1
    at LibSQLPrepared
Query.queryWithCache 
(file:///D:/UIT_COURS
ES/SE100/DailyDesk/no
de_modules/[4m.pnpm
[24m/drizzle-orm@0.44
.7_@electri_5c2928a09
9a752b7e299aaadb8975a
ea/node_modules/[4ms
rc[24m/sqlite-core/s
ession.ts:80:11)
[90m    at processTi
cksAndRejections (nod
e:internal/process/ta
sk_queues:105:5)[39m
    at LibSQLPrepared
Query.values (file://
/D:/UIT_COURSES/SE100
/DailyDesk/node_modul
es/[4m.pnpm[24m/dri
zzle-orm@0.44.7_@elec
tri_5c2928a099a752b7e
299aaadb8975aea/node_
modules/[4msrc[24m/
libsql/session.ts:286
:10)
    at LibSQLPrepared
Query.all (file:///D:
/UIT_COURSES/SE100/Da
ilyDesk/node_modules/
[4m.pnpm[24m/drizzl
e-orm@0.44.7_@electri
_5c2928a099a752b7e299
aaadb8975aea/node_mod
ules/[4msrc[24m/lib
sql/session.ts:214:16
)
    at 
Module.updateCard [9
0m(D:\UIT_COURSES\SE1
00\DailyDesk\backend\
[39msrc\services\car
ds.service.ts:566:24
[90m)[39m
    at [90mD:\UIT_CO
URSES\SE100\DailyDesk
\backend\[39msrc\rou
tes\cards.ts:244:25
    at dispatch (file
:///D:/UIT_COURSES/SE
100/DailyDesk/node_mo
dules/[4m.pnpm[24m/
hono@4.11.3/node_modu
les/[4mhono[24m/dis
t/compose.js:22:17)
    at file:///D:/UIT
_COURSES/SE100/DailyD
esk/node_modules/[4m
.pnpm[24m/hono@4.11.
3/node_modules/[4mho
no[24m/dist/validato
r/validator.js:81:12
    at mw (file:///D:
/UIT_COURSES/SE100/Da
ilyDesk/node_modules/
[4m.pnpm[24m/@hono+
zod-openapi@1.2.0_hon
o@4.11.3_zod@4.3.5/no
de_modules/[4m@hono
[24m/zod-openapi/src/
index.ts:546:26)
    at dispatch (file
:///D:/UIT_COURSES/SE
100/DailyDesk/node_mo
dules/[4m.pnpm[24m/
hono@4.11.3/node_modu
les/[4mhono[24m/dis
t/compose.js:22:17) {
  query: 
[32m'select "id", 
"name", 
"description", 
"order", 
"cover_url", 
"cover_public_id", 
"cover_color", 
"cover_mode", 
"list_id", 
"start_date", 
"deadline", 
"due_at", 
"due_complete", 
"reminder_minutes", 
"recurrence", 
"recurrence_day", "re
currence_weekday", 
"repeat_frequency", 
"repeat_interval", 
"latitude", 
"longitude", 
"completed", 
"is_template", 
"created_at", 
"updated_at" from 
"cards" where 
"cards"."id" = ? 
limit ?'[39m,
  params: [ [32m'019
bd127-d9da-7fd9-a9b3-
0fde6fef5933'[39m, 
[33m1[39m ],
  cause: 
LibsqlError: 
SQLITE_ERROR: no 
such column: 
is_template
      at 
mapSqliteError (file:
///D:/UIT_COURSES/SE1
00/DailyDesk/node_mod
ules/[4m.pnpm[24m/@
libsql+client@0.15.15
/node_modules/[4m@li
bsql[24m/client/lib-
esm/sqlite3.js:392:16
)
      at executeStmt 
(file:///D:/UIT_COURS
ES/SE100/DailyDesk/no
de_modules/[4m.pnpm
[24m/@libsql+client@0
.15.15/node_modules/
[4m@libsql[24m/clien
t/lib-esm/sqlite3.js:
297:15)
      at Sqlite3Clien
t.execute (file:///D:
/UIT_COURSES/SE100/Da
ilyDesk/node_modules/
[4m.pnpm[24m/@libsq
l+client@0.15.15/node
_modules/[4m@libsql
[24m/client/lib-esm/s
qlite3.js:81:16)
  [90m    ... 5 
lines matching cause 
stack trace ...[39m
      at SQLiteSelect
Base.execute (file://
/D:/UIT_COURSES/SE100
/DailyDesk/node_modul
es/[4m.pnpm[24m/dri
zzle-orm@0.44.7_@elec
tri_5c2928a099a752b7e
299aaadb8975aea/node_
modules/[4msrc[24m/
sqlite-core/query-bui
lders/select.ts:962:1
5)
      at SQLiteSelect
Base.then (file:///D:
/UIT_COURSES/SE100/Da
ilyDesk/node_modules/
[4m.pnpm[24m/drizzl
e-orm@0.44.7_@electri
_5c2928a099a752b7e299
aaadb8975aea/node_mod
ules/[4msrc[24m/que
ry-promise.ts:31:15) 
{
    code: [32m'SQLIT
E_ERROR'[39m,
    rawCode: 
[33m1[39m,
    [cause]: 
SqliteError: no such 
column: is_template
        at 
convertError (D:\UIT_
COURSES\SE100\DailyDe
sk\node_modules\[4m.
pnpm[24m\libsql@0.5.
22\node_modules\[4ml
ibsql[24m\index.js:5
9:12)
        at 
Database.prepare (D:\
UIT_COURSES\SE100\Dai
lyDesk\node_modules\
[4m.pnpm[24m\libsql@
0.5.22\node_modules\
[4mlibsql[24m\index.
js:131:13)
        at 
executeStmt (file:///
D:/UIT_COURSES/SE100/
DailyDesk/node_module
s/[4m.pnpm[24m/@lib
sql+client@0.15.15/no
de_modules/[4m@libsq
l[24m/client/lib-esm
/sqlite3.js:268:28)
        at Sqlite3Cli
ent.execute (file:///
D:/UIT_COURSES/SE100/
DailyDesk/node_module
s/[4m.pnpm[24m/@lib
sql+client@0.15.15/no
de_modules/[4m@libsq
l[24m/client/lib-esm
/sqlite3.js:81:16)
        at file:///D:
/UIT_COURSES/SE100/Da
ilyDesk/node_modules/
[4m.pnpm[24m/drizzl
e-orm@0.44.7_@electri
_5c2928a099a752b7e299
aaadb8975aea/node_mod
ules/[4msrc[24m/lib
sql/session.ts:288:58
        at LibSQLPrep
aredQuery.queryWithCa
che (file:///D:/UIT_C
OURSES/SE100/DailyDes
k/node_modules/[4m.p
npm[24m/drizzle-orm@
0.44.7_@electri_5c292
8a099a752b7e299aaadb8
975aea/node_modules/
[4msrc[24m/sqlite-co
re/session.ts:78:18)
        at LibSQLPrep
aredQuery.values (fil
e:///D:/UIT_COURSES/S
E100/DailyDesk/node_m
odules/[4m.pnpm[24m
/drizzle-orm@0.44.7_@
electri_5c2928a099a75
2b7e299aaadb8975aea/n
ode_modules/[4msrc[
24m/libsql/session.ts
:286:21)
        at LibSQLPrep
aredQuery.all (file:/
//D:/UIT_COURSES/SE10
0/DailyDesk/node_modu
les/[4m.pnpm[24m/dr
izzle-orm@0.44.7_@ele
ctri_5c2928a099a752b7
e299aaadb8975aea/node
_modules/[4msrc[24m
/libsql/session.ts:21
4:27)
        at 
SQLiteSelectBase.all 
(file:///D:/UIT_COURS
ES/SE100/DailyDesk/no
de_modules/[4m.pnpm
[24m/drizzle-orm@0.44
.7_@electri_5c2928a09
9a752b7e299aaadb8975a
ea/node_modules/[4ms
rc[24m/sqlite-core/q
uery-builders/select.
ts:950:26)
        at SQLiteSele
ctBase.execute (file:
///D:/UIT_COURSES/SE1
00/DailyDesk/node_mod
ules/[4m.pnpm[24m/d
rizzle-orm@0.44.7_@el
ectri_5c2928a099a752b
7e299aaadb8975aea/nod
e_modules/[4msrc[24
m/sqlite-core/query-b
uilders/select.ts:962
:15) {
      code: [32m'SQL
ITE_ERROR'[39m,
      rawCode: 
[33m1[39m
    }
  }
}

[90mstderr[2m | tes
ts/members.test.ts[2
m > [22m[2mMembers 
API Integration 
Tests[2m > 
[22m[2mGET 
/members/search[2m 
> [22m[2mshould 
handle Auth0 API 
errors gracefully
[22m[39mAuth0 API 
error: Rate limit 
exceeded

[90mstderr[2m | tes
ts/cards/card-members
.test.ts[2m > 
[22m[2mCards 
Members Tests[2m > 
[22m[2mCard 
Members[2m > 
[22m[2mshould 
retrieve cards with 
members in board 
endpoint
[22m[39mDrizzleQuer
yError: Failed 
query: select "id", 
"name", 
"description", 
"order", 
"cover_url", 
"cover_public_id", 
"cover_color", 
"cover_mode", 
"list_id", 
"start_date", 
"deadline", 
"due_at", 
"due_complete", 
"reminder_minutes", 
"recurrence", 
"recurrence_day", "re
currence_weekday", 
"repeat_frequency", 
"repeat_interval", 
"latitude", 
"longitude", 
"completed", 
"is_template", 
"created_at", 
"updated_at" from 
"cards" where 
"cards"."list_id" = ?
params: 019bd127-da01
-7e22-a3ff-08cb2a984c
ed
    at LibSQLPrepared
Query.queryWithCache 
(file:///D:/UIT_COURS
ES/SE100/DailyDesk/no
de_modules/[4m.pnpm
[24m/drizzle-orm@0.44
.7_@electri_5c2928a09
9a752b7e299aaadb8975a
ea/node_modules/[4ms
rc[24m/sqlite-core/s
ession.ts:80:11)
[90m    at processTi
cksAndRejections (nod
e:internal/process/ta
sk_queues:105:5)[39m
    at LibSQLPrepared
Query.values (file://
/D:/UIT_COURSES/SE100
/DailyDesk/node_modul
es/[4m.pnpm[24m/dri
zzle-orm@0.44.7_@elec
tri_5c2928a099a752b7e
299aaadb8975aea/node_
modules/[4msrc[24m/
libsql/session.ts:286
:10)
    at LibSQLPrepared
Query.all (file:///D:
/UIT_COURSES/SE100/Da
ilyDesk/node_modules/
[4m.pnpm[24m/drizzl
e-orm@0.44.7_@electri
_5c2928a099a752b7e299
aaadb8975aea/node_mod
ules/[4msrc[24m/lib
sql/session.ts:214:16
)
    at 
Module.createCard [9
0m(D:\UIT_COURSES\SE1
00\DailyDesk\backend\
[39msrc\services\car
ds.service.ts:319:23
[90m)[39m
    at [90mD:\UIT_CO
URSES\SE100\DailyDesk
\backend\[39msrc\rou
tes\cards.ts:152:22
    at dispatch (file
:///D:/UIT_COURSES/SE
100/DailyDesk/node_mo
dules/[4m.pnpm[24m/
hono@4.11.3/node_modu
les/[4mhono[24m/dis
t/compose.js:22:17)
    at file:///D:/UIT
_COURSES/SE100/DailyD
esk/node_modules/[4m
.pnpm[24m/hono@4.11.
3/node_modules/[4mho
no[24m/dist/validato
r/validator.js:81:12
    at mw (file:///D:
/UIT_COURSES/SE100/Da
ilyDesk/node_modules/
[4m.pnpm[24m/@hono+
zod-openapi@1.2.0_hon
o@4.11.3_zod@4.3.5/no
de_modules/[4m@hono
[24m/zod-openapi/src/
index.ts:546:26)
    at dispatch (file
:///D:/UIT_COURSES/SE
100/DailyDesk/node_mo
dules/[4m.pnpm[24m/
hono@4.11.3/node_modu
les/[4mhono[24m/dis
t/compose.js:22:17) {
  query: 
[32m'select "id", 
"name", 
"description", 
"order", 
"cover_url", 
"cover_public_id", 
"cover_color", 
"cover_mode", 
"list_id", 
"start_date", 
"deadline", 
"due_at", 
"due_complete", 
"reminder_minutes", 
"recurrence", 
"recurrence_day", "re
currence_weekday", 
"repeat_frequency", 
"repeat_interval", 
"latitude", 
"longitude", 
"completed", 
"is_template", 
"created_at", 
"updated_at" from 
"cards" where 
"cards"."list_id" = 
?'[39m,
  params: [ [32m'019
bd127-da01-7e22-a3ff-
08cb2a984ced'[39m ],
  cause: 
LibsqlError: 
SQLITE_ERROR: no 
such column: 
is_template
      at 
mapSqliteError (file:
///D:/UIT_COURSES/SE1
00/DailyDesk/node_mod
ules/[4m.pnpm[24m/@
libsql+client@0.15.15
/node_modules/[4m@li
bsql[24m/client/lib-
esm/sqlite3.js:392:16
)
      at executeStmt 
(file:///D:/UIT_COURS
ES/SE100/DailyDesk/no
de_modules/[4m.pnpm
[24m/@libsql+client@0
.15.15/node_modules/
[4m@libsql[24m/clien
t/lib-esm/sqlite3.js:
297:15)
      at Sqlite3Clien
t.execute (file:///D:
/UIT_COURSES/SE100/Da
ilyDesk/node_modules/
[4m.pnpm[24m/@libsq
l+client@0.15.15/node
_modules/[4m@libsql
[24m/client/lib-esm/s
qlite3.js:81:16)
  [90m    ... 5 
lines matching cause 
stack trace ...[39m
      at SQLiteSelect
Base.execute (file://
/D:/UIT_COURSES/SE100
/DailyDesk/node_modul
es/[4m.pnpm[24m/dri
zzle-orm@0.44.7_@elec
tri_5c2928a099a752b7e
299aaadb8975aea/node_
modules/[4msrc[24m/
sqlite-core/query-bui
lders/select.ts:962:1
5)
      at SQLiteSelect
Base.then (file:///D:
/UIT_COURSES/SE100/Da
ilyDesk/node_modules/
[4m.pnpm[24m/drizzl
e-orm@0.44.7_@electri
_5c2928a099a752b7e299
aaadb8975aea/node_mod
ules/[4msrc[24m/que
ry-promise.ts:31:15) 
{
    code: [32m'SQLIT
E_ERROR'[39m,
    rawCode: 
[33m1[39m,
    [cause]: 
SqliteError: no such 
column: is_template
        at 
convertError (D:\UIT_
COURSES\SE100\DailyDe
sk\node_modules\[4m.
pnpm[24m\libsql@0.5.
22\node_modules\[4ml
ibsql[24m\index.js:5
9:12)
        at 
Database.prepare (D:\
UIT_COURSES\SE100\Dai
lyDesk\node_modules\
[4m.pnpm[24m\libsql@
0.5.22\node_modules\
[4mlibsql[24m\index.
js:131:13)
        at 
executeStmt (file:///
D:/UIT_COURSES/SE100/
DailyDesk/node_module
s/[4m.pnpm[24m/@lib
sql+client@0.15.15/no
de_modules/[4m@libsq
l[24m/client/lib-esm
/sqlite3.js:268:28)
        at Sqlite3Cli
ent.execute (file:///
D:/UIT_COURSES/SE100/
DailyDesk/node_module
s/[4m.pnpm[24m/@lib
sql+client@0.15.15/no
de_modules/[4m@libsq
l[24m/client/lib-esm
/sqlite3.js:81:16)
        at file:///D:
/UIT_COURSES/SE100/Da
ilyDesk/node_modules/
[4m.pnpm[24m/drizzl
e-orm@0.44.7_@electri
_5c2928a099a752b7e299
aaadb8975aea/node_mod
ules/[4msrc[24m/lib
sql/session.ts:288:58
        at LibSQLPrep
aredQuery.queryWithCa
che (file:///D:/UIT_C
OURSES/SE100/DailyDes
k/node_modules/[4m.p
npm[24m/drizzle-orm@
0.44.7_@electri_5c292
8a099a752b7e299aaadb8
975aea/node_modules/
[4msrc[24m/sqlite-co
re/session.ts:78:18)
        at LibSQLPrep
aredQuery.values (fil
e:///D:/UIT_COURSES/S
E100/DailyDesk/node_m
odules/[4m.pnpm[24m
/drizzle-orm@0.44.7_@
electri_5c2928a099a75
2b7e299aaadb8975aea/n
ode_modules/[4msrc[
24m/libsql/session.ts
:286:21)
        at LibSQLPrep
aredQuery.all (file:/
//D:/UIT_COURSES/SE10
0/DailyDesk/node_modu
les/[4m.pnpm[24m/dr
izzle-orm@0.44.7_@ele
ctri_5c2928a099a752b7
e299aaadb8975aea/node
_modules/[4msrc[24m
/libsql/session.ts:21
4:27)
        at 
SQLiteSelectBase.all 
(file:///D:/UIT_COURS
ES/SE100/DailyDesk/no
de_modules/[4m.pnpm
[24m/drizzle-orm@0.44
.7_@electri_5c2928a09
9a752b7e299aaadb8975a
ea/node_modules/[4ms
rc[24m/sqlite-core/q
uery-builders/select.
ts:950:26)
        at SQLiteSele
ctBase.execute (file:
///D:/UIT_COURSES/SE1
00/DailyDesk/node_mod
ules/[4m.pnpm[24m/d
rizzle-orm@0.44.7_@el
ectri_5c2928a099a752b
7e299aaadb8975aea/nod
e_modules/[4msrc[24
m/sqlite-core/query-b
uilders/select.ts:962
:15) {
      code: [32m'SQL
ITE_ERROR'[39m,
      rawCode: 
[33m1[39m
    }
  }
}
Error in updateCard 
route: 
DrizzleQueryError: 
Failed query: select 
"id", "name", 
"description", 
"order", 
"cover_url", 
"cover_public_id", 
"cover_color", 
"cover_mode", 
"list_id", 
"start_date", 
"deadline", 
"due_at", 
"due_complete", 
"reminder_minutes", 
"recurrence", 
"recurrence_day", "re
currence_weekday", 
"repeat_frequency", 
"repeat_interval", 
"latitude", 
"longitude", 
"completed", 
"is_template", 
"created_at", 
"updated_at" from 
"cards" where 
"cards"."id" = ? 
limit ?
params: 019bd127-da05
-7bc6-ac4f-2a63d7af68
27,1
    at LibSQLPrepared
Query.queryWithCache 
(file:///D:/UIT_COURS
ES/SE100/DailyDesk/no
de_modules/[4m.pnpm
[24m/drizzle-orm@0.44
.7_@electri_5c2928a09
9a752b7e299aaadb8975a
ea/node_modules/[4ms
rc[24m/sqlite-core/s
ession.ts:80:11)
[90m    at processTi
cksAndRejections (nod
e:internal/process/ta
sk_queues:105:5)[39m
    at LibSQLPrepared
Query.values (file://
/D:/UIT_COURSES/SE100
/DailyDesk/node_modul
es/[4m.pnpm[24m/dri
zzle-orm@0.44.7_@elec
tri_5c2928a099a752b7e
299aaadb8975aea/node_
modules/[4msrc[24m/
libsql/session.ts:286
:10)
    at LibSQLPrepared
Query.all (file:///D:
/UIT_COURSES/SE100/Da
ilyDesk/node_modules/
[4m.pnpm[24m/drizzl
e-orm@0.44.7_@electri
_5c2928a099a752b7e299
aaadb8975aea/node_mod
ules/[4msrc[24m/lib
sql/session.ts:214:16
)
    at 
Module.updateCard [9
0m(D:\UIT_COURSES\SE1
00\DailyDesk\backend\
[39msrc\services\car
ds.service.ts:566:24
[90m)[39m
    at [90mD:\UIT_CO
URSES\SE100\DailyDesk
\backend\[39msrc\rou
tes\cards.ts:244:25
    at dispatch (file
:///D:/UIT_COURSES/SE
100/DailyDesk/node_mo
dules/[4m.pnpm[24m/
hono@4.11.3/node_modu
les/[4mhono[24m/dis
t/compose.js:22:17)
    at file:///D:/UIT
_COURSES/SE100/DailyD
esk/node_modules/[4m
.pnpm[24m/hono@4.11.
3/node_modules/[4mho
no[24m/dist/validato
r/validator.js:81:12
    at mw (file:///D:
/UIT_COURSES/SE100/Da
ilyDesk/node_modules/
[4m.pnpm[24m/@hono+
zod-openapi@1.2.0_hon
o@4.11.3_zod@4.3.5/no
de_modules/[4m@hono
[24m/zod-openapi/src/
index.ts:546:26)
    at dispatch (file
:///D:/UIT_COURSES/SE
100/DailyDesk/node_mo
dules/[4m.pnpm[24m/
hono@4.11.3/node_modu
les/[4mhono[24m/dis
t/compose.js:22:17) {
  query: 
[32m'select "id", 
"name", 
"description", 
"order", 
"cover_url", 
"cover_public_id", 
"cover_color", 
"cover_mode", 
"list_id", 
"start_date", 
"deadline", 
"due_at", 
"due_complete", 
"reminder_minutes", 
"recurrence", 
"recurrence_day", "re
currence_weekday", 
"repeat_frequency", 
"repeat_interval", 
"latitude", 
"longitude", 
"completed", 
"is_template", 
"created_at", 
"updated_at" from 
"cards" where 
"cards"."id" = ? 
limit ?'[39m,
  params: [ [32m'019
bd127-da05-7bc6-ac4f-
2a63d7af6827'[39m, 
[33m1[39m ],
  cause: 
LibsqlError: 
SQLITE_ERROR: no 
such column: 
is_template
      at 
mapSqliteError (file:
///D:/UIT_COURSES/SE1
00/DailyDesk/node_mod
ules/[4m.pnpm[24m/@
libsql+client@0.15.15
/node_modules/[4m@li
bsql[24m/client/lib-
esm/sqlite3.js:392:16
)
      at executeStmt 
(file:///D:/UIT_COURS
ES/SE100/DailyDesk/no
de_modules/[4m.pnpm
[24m/@libsql+client@0
.15.15/node_modules/
[4m@libsql[24m/clien
t/lib-esm/sqlite3.js:
297:15)
      at Sqlite3Clien
t.execute (file:///D:
/UIT_COURSES/SE100/Da
ilyDesk/node_modules/
[4m.pnpm[24m/@libsq
l+client@0.15.15/node
_modules/[4m@libsql
[24m/client/lib-esm/s
qlite3.js:81:16)
  [90m    ... 5 
lines matching cause 
stack trace ...[39m
      at SQLiteSelect
Base.execute (file://
/D:/UIT_COURSES/SE100
/DailyDesk/node_modul
es/[4m.pnpm[24m/dri
zzle-orm@0.44.7_@elec
tri_5c2928a099a752b7e
299aaadb8975aea/node_
modules/[4msrc[24m/
sqlite-core/query-bui
lders/select.ts:962:1
5)
      at SQLiteSelect
Base.then (file:///D:
/UIT_COURSES/SE100/Da
ilyDesk/node_modules/
[4m.pnpm[24m/drizzl
e-orm@0.44.7_@electri
_5c2928a099a752b7e299
aaadb8975aea/node_mod
ules/[4msrc[24m/que
ry-promise.ts:31:15) 
{
    code: [32m'SQLIT
E_ERROR'[39m,
    rawCode: 
[33m1[39m,
    [cause]: 
SqliteError: no such 
column: is_template
        at 
convertError (D:\UIT_
COURSES\SE100\DailyDe
sk\node_modules\[4m.
pnpm[24m\libsql@0.5.
22\node_modules\[4ml
ibsql[24m\index.js:5
9:12)
        at 
Database.prepare (D:\
UIT_COURSES\SE100\Dai
lyDesk\node_modules\
[4m.pnpm[24m\libsql@
0.5.22\node_modules\
[4mlibsql[24m\index.
js:131:13)
        at 
executeStmt (file:///
D:/UIT_COURSES/SE100/
DailyDesk/node_module
s/[4m.pnpm[24m/@lib
sql+client@0.15.15/no
de_modules/[4m@libsq
l[24m/client/lib-esm
/sqlite3.js:268:28)
        at Sqlite3Cli
ent.execute (file:///
D:/UIT_COURSES/SE100/
DailyDesk/node_module
s/[4m.pnpm[24m/@lib
sql+client@0.15.15/no
de_modules/[4m@libsq
l[24m/client/lib-esm
/sqlite3.js:81:16)
        at file:///D:
/UIT_COURSES/SE100/Da
ilyDesk/node_modules/
[4m.pnpm[24m/drizzl
e-orm@0.44.7_@electri
_5c2928a099a752b7e299
aaadb8975aea/node_mod
ules/[4msrc[24m/lib
sql/session.ts:288:58
        at LibSQLPrep
aredQuery.queryWithCa
che (file:///D:/UIT_C
OURSES/SE100/DailyDes
k/node_modules/[4m.p
npm[24m/drizzle-orm@
0.44.7_@electri_5c292
8a099a752b7e299aaadb8
975aea/node_modules/
[4msrc[24m/sqlite-co
re/session.ts:78:18)
        at LibSQLPrep
aredQuery.values (fil
e:///D:/UIT_COURSES/S
E100/DailyDesk/node_m
odules/[4m.pnpm[24m
/drizzle-orm@0.44.7_@
electri_5c2928a099a75
2b7e299aaadb8975aea/n
ode_modules/[4msrc[
24m/libsql/session.ts
:286:21)
        at LibSQLPrep
aredQuery.all (file:/
//D:/UIT_COURSES/SE10
0/DailyDesk/node_modu
les/[4m.pnpm[24m/dr
izzle-orm@0.44.7_@ele
ctri_5c2928a099a752b7
e299aaadb8975aea/node
_modules/[4msrc[24m
/libsql/session.ts:21
4:27)
        at 
SQLiteSelectBase.all 
(file:///D:/UIT_COURS
ES/SE100/DailyDesk/no
de_modules/[4m.pnpm
[24m/drizzle-orm@0.44
.7_@electri_5c2928a09
9a752b7e299aaadb8975a
ea/node_modules/[4ms
rc[24m/sqlite-core/q
uery-builders/select.
ts:950:26)
        at SQLiteSele
ctBase.execute (file:
///D:/UIT_COURSES/SE1
00/DailyDesk/node_mod
ules/[4m.pnpm[24m/d
rizzle-orm@0.44.7_@el
ectri_5c2928a099a752b
7e299aaadb8975aea/nod
e_modules/[4msrc[24
m/sqlite-core/query-b
uilders/select.ts:962
:15) {
      code: [32m'SQL
ITE_ERROR'[39m,
      rawCode: 
[33m1[39m
    }
  }
}
DrizzleQueryError: 
Failed query: select 
"id", "name", 
"description", 
"order", 
"cover_url", 
"cover_public_id", 
"cover_color", 
"cover_mode", 
"list_id", 
"start_date", 
"deadline", 
"due_at", 
"due_complete", 
"reminder_minutes", 
"recurrence", 
"recurrence_day", "re
currence_weekday", 
"repeat_frequency", 
"repeat_interval", 
"latitude", 
"longitude", 
"completed", 
"is_template", 
"created_at", 
"updated_at" from 
"cards" where 
"cards"."id" = ? 
limit ?
params: 019bd127-da05
-7bc6-ac4f-2a63d7af68
27,1
    at LibSQLPrepared
Query.queryWithCache 
(file:///D:/UIT_COURS
ES/SE100/DailyDesk/no
de_modules/[4m.pnpm
[24m/drizzle-orm@0.44
.7_@electri_5c2928a09
9a752b7e299aaadb8975a
ea/node_modules/[4ms
rc[24m/sqlite-core/s
ession.ts:80:11)
[90m    at processTi
cksAndRejections (nod
e:internal/process/ta
sk_queues:105:5)[39m
    at LibSQLPrepared
Query.values (file://
/D:/UIT_COURSES/SE100
/DailyDesk/node_modul
es/[4m.pnpm[24m/dri
zzle-orm@0.44.7_@elec
tri_5c2928a099a752b7e
299aaadb8975aea/node_
modules/[4msrc[24m/
libsql/session.ts:286
:10)
    at LibSQLPrepared
Query.all (file:///D:
/UIT_COURSES/SE100/Da
ilyDesk/node_modules/
[4m.pnpm[24m/drizzl
e-orm@0.44.7_@electri
_5c2928a099a752b7e299
aaadb8975aea/node_mod
ules/[4msrc[24m/lib
sql/session.ts:214:16
)
    at 
Module.updateCard [9
0m(D:\UIT_COURSES\SE1
00\DailyDesk\backend\
[39msrc\services\car
ds.service.ts:566:24
[90m)[39m
    at [90mD:\UIT_CO
URSES\SE100\DailyDesk
\backend\[39msrc\rou
tes\cards.ts:244:25
    at dispatch (file
:///D:/UIT_COURSES/SE
100/DailyDesk/node_mo
dules/[4m.pnpm[24m/
hono@4.11.3/node_modu
les/[4mhono[24m/dis
t/compose.js:22:17)
    at file:///D:/UIT
_COURSES/SE100/DailyD
esk/node_modules/[4m
.pnpm[24m/hono@4.11.
3/node_modules/[4mho
no[24m/dist/validato
r/validator.js:81:12
    at mw (file:///D:
/UIT_COURSES/SE100/Da
ilyDesk/node_modules/
[4m.pnpm[24m/@hono+
zod-openapi@1.2.0_hon
o@4.11.3_zod@4.3.5/no
de_modules/[4m@hono
[24m/zod-openapi/src/
index.ts:546:26)
    at dispatch (file
:///D:/UIT_COURSES/SE
100/DailyDesk/node_mo
dules/[4m.pnpm[24m/
hono@4.11.3/node_modu
les/[4mhono[24m/dis
t/compose.js:22:17) {
  query: 
[32m'select "id", 
"name", 
"description", 
"order", 
"cover_url", 
"cover_public_id", 
"cover_color", 
"cover_mode", 
"list_id", 
"start_date", 
"deadline", 
"due_at", 
"due_complete", 
"reminder_minutes", 
"recurrence", 
"recurrence_day", "re
currence_weekday", 
"repeat_frequency", 
"repeat_interval", 
"latitude", 
"longitude", 
"completed", 
"is_template", 
"created_at", 
"updated_at" from 
"cards" where 
"cards"."id" = ? 
limit ?'[39m,
  params: [ [32m'019
bd127-da05-7bc6-ac4f-
2a63d7af6827'[39m, 
[33m1[39m ],
  cause: 
LibsqlError: 
SQLITE_ERROR: no 
such column: 
is_template
      at 
mapSqliteError (file:
///D:/UIT_COURSES/SE1
00/DailyDesk/node_mod
ules/[4m.pnpm[24m/@
libsql+client@0.15.15
/node_modules/[4m@li
bsql[24m/client/lib-
esm/sqlite3.js:392:16
)
      at executeStmt 
(file:///D:/UIT_COURS
ES/SE100/DailyDesk/no
de_modules/[4m.pnpm
[24m/@libsql+client@0
.15.15/node_modules/
[4m@libsql[24m/clien
t/lib-esm/sqlite3.js:
297:15)
      at Sqlite3Clien
t.execute (file:///D:
/UIT_COURSES/SE100/Da
ilyDesk/node_modules/
[4m.pnpm[24m/@libsq
l+client@0.15.15/node
_modules/[4m@libsql
[24m/client/lib-esm/s
qlite3.js:81:16)
  [90m    ... 5 
lines matching cause 
stack trace ...[39m
      at SQLiteSelect
Base.execute (file://
/D:/UIT_COURSES/SE100
/DailyDesk/node_modul
es/[4m.pnpm[24m/dri
zzle-orm@0.44.7_@elec
tri_5c2928a099a752b7e
299aaadb8975aea/node_
modules/[4msrc[24m/
sqlite-core/query-bui
lders/select.ts:962:1
5)
      at SQLiteSelect
Base.then (file:///D:
/UIT_COURSES/SE100/Da
ilyDesk/node_modules/
[4m.pnpm[24m/drizzl
e-orm@0.44.7_@electri
_5c2928a099a752b7e299
aaadb8975aea/node_mod
ules/[4msrc[24m/que
ry-promise.ts:31:15) 
{
    code: [32m'SQLIT
E_ERROR'[39m,
    rawCode: 
[33m1[39m,
    [cause]: 
SqliteError: no such 
column: is_template
        at 
convertError (D:\UIT_
COURSES\SE100\DailyDe
sk\node_modules\[4m.
pnpm[24m\libsql@0.5.
22\node_modules\[4ml
ibsql[24m\index.js:5
9:12)
        at 
Database.prepare (D:\
UIT_COURSES\SE100\Dai
lyDesk\node_modules\
[4m.pnpm[24m\libsql@
0.5.22\node_modules\
[4mlibsql[24m\index.
js:131:13)
        at 
executeStmt (file:///
D:/UIT_COURSES/SE100/
DailyDesk/node_module
s/[4m.pnpm[24m/@lib
sql+client@0.15.15/no
de_modules/[4m@libsq
l[24m/client/lib-esm
/sqlite3.js:268:28)
        at Sqlite3Cli
ent.execute (file:///
D:/UIT_COURSES/SE100/
DailyDesk/node_module
s/[4m.pnpm[24m/@lib
sql+client@0.15.15/no
de_modules/[4m@libsq
l[24m/client/lib-esm
/sqlite3.js:81:16)
        at file:///D:
/UIT_COURSES/SE100/Da
ilyDesk/node_modules/
[4m.pnpm[24m/drizzl
e-orm@0.44.7_@electri
_5c2928a099a752b7e299
aaadb8975aea/node_mod
ules/[4msrc[24m/lib
sql/session.ts:288:58
        at LibSQLPrep
aredQuery.queryWithCa
che (file:///D:/UIT_C
OURSES/SE100/DailyDes
k/node_modules/[4m.p
npm[24m/drizzle-orm@
0.44.7_@electri_5c292
8a099a752b7e299aaadb8
975aea/node_modules/
[4msrc[24m/sqlite-co
re/session.ts:78:18)
        at LibSQLPrep
aredQuery.values (fil
e:///D:/UIT_COURSES/S
E100/DailyDesk/node_m
odules/[4m.pnpm[24m
/drizzle-orm@0.44.7_@
electri_5c2928a099a75
2b7e299aaadb8975aea/n
ode_modules/[4msrc[
24m/libsql/session.ts
:286:21)
        at LibSQLPrep
aredQuery.all (file:/
//D:/UIT_COURSES/SE10
0/DailyDesk/node_modu
les/[4m.pnpm[24m/dr
izzle-orm@0.44.7_@ele
ctri_5c2928a099a752b7
e299aaadb8975aea/node
_modules/[4msrc[24m
/libsql/session.ts:21
4:27)
        at 
SQLiteSelectBase.all 
(file:///D:/UIT_COURS
ES/SE100/DailyDesk/no
de_modules/[4m.pnpm
[24m/drizzle-orm@0.44
.7_@electri_5c2928a09
9a752b7e299aaadb8975a
ea/node_modules/[4ms
rc[24m/sqlite-core/q
uery-builders/select.
ts:950:26)
        at SQLiteSele
ctBase.execute (file:
///D:/UIT_COURSES/SE1
00/DailyDesk/node_mod
ules/[4m.pnpm[24m/d
rizzle-orm@0.44.7_@el
ectri_5c2928a099a752b
7e299aaadb8975aea/nod
e_modules/[4msrc[24
m/sqlite-core/query-b
uilders/select.ts:962
:15) {
      code: [32m'SQL
ITE_ERROR'[39m,
      rawCode: 
[33m1[39m
    }
  }
}
Error in boards GET 
by ID route: 
DrizzleQueryError: 
Failed query: select 
"id", "name", 
"user_id", 
"background_url", "ba
ckground_public_id", 
"background_color", 
(select coalesce(json
_group_array(json_arr
ay("id", "name", 
"order", "board_id", 
(select coalesce(json
_group_array(json_arr
ay("id", "name", 
"description", 
"order", 
"cover_url", 
"cover_public_id", 
"cover_color", 
"cover_mode", 
"list_id", 
"start_date", 
"deadline", 
"due_at", 
"due_complete", 
"reminder_minutes", 
"recurrence", 
"recurrence_day", "re
currence_weekday", 
"repeat_frequency", 
"repeat_interval", 
"latitude", 
"longitude", 
"completed", 
"is_template", 
"created_at", 
"updated_at")), 
json_array()) as 
"data" from (select 
* from "cards" "board
sTable_lists_cards" 
where "boardsTable_li
sts_cards"."list_id" 
= "boardsTable_lists"
."id" order by "board
sTable_lists_cards"."
order" asc) "boardsTa
ble_lists_cards"))), 
json_array()) as 
"data" from (select 
* from "lists" 
"boardsTable_lists" 
where "boardsTable_li
sts"."board_id" = 
"boardsTable"."id" 
order by "boardsTable
_lists"."order" asc) 
"boardsTable_lists") 
as "lists" from 
"boards" 
"boardsTable" where 
"boardsTable"."id" = 
? limit ?
params: 019bd127-d9f8
-7ae0-b048-53ad1b07eb
1a,1
    at LibSQLPrepared
Query.queryWithCache 
(file:///D:/UIT_COURS
ES/SE100/DailyDesk/no
de_modules/[4m.pnpm
[24m/drizzle-orm@0.44
.7_@electri_5c2928a09
9a752b7e299aaadb8975a
ea/node_modules/[4ms
rc[24m/sqlite-core/s
ession.ts:80:11)
[90m    at processTi
cksAndRejections (nod
e:internal/process/ta
sk_queues:105:5)[39m
    at LibSQLPrepared
Query.values (file://
/D:/UIT_COURSES/SE100
/DailyDesk/node_modul
es/[4m.pnpm[24m/dri
zzle-orm@0.44.7_@elec
tri_5c2928a099a752b7e
299aaadb8975aea/node_
modules/[4msrc[24m/
libsql/session.ts:286
:10)
    at LibSQLPrepared
Query.get (file:///D:
/UIT_COURSES/SE100/Da
ilyDesk/node_modules/
[4m.pnpm[24m/drizzl
e-orm@0.44.7_@electri
_5c2928a099a752b7e299
aaadb8975aea/node_mod
ules/[4msrc[24m/lib
sql/session.ts:252:16
)
    at 
Module.getBoardById 
[90m(D:\UIT_COURSES\S
E100\DailyDesk\backen
d\[39msrc\services\b
oards.service.ts:230:
17[90m)[39m
    at [90mD:\UIT_CO
URSES\SE100\DailyDesk
\backend\[39msrc\rou
tes\boards.ts:138:23
    at dispatch (file
:///D:/UIT_COURSES/SE
100/DailyDesk/node_mo
dules/[4m.pnpm[24m/
hono@4.11.3/node_modu
les/[4mhono[24m/dis
t/compose.js:22:17)
    at file:///D:/UIT
_COURSES/SE100/DailyD
esk/node_modules/[4m
.pnpm[24m/hono@4.11.
3/node_modules/[4mho
no[24m/dist/validato
r/validator.js:81:12
    at dispatch (file
:///D:/UIT_COURSES/SE
100/DailyDesk/node_mo
dules/[4m.pnpm[24m/
hono@4.11.3/node_modu
les/[4mhono[24m/dis
t/compose.js:22:17)
    at [90mD:\UIT_CO
URSES\SE100\DailyDesk
\backend\[39mtests\h
elpers\auth.ts:27:5 {
  query: 
[32m'select "id", 
"name", "user_id", 
"background_url", "ba
ckground_public_id", 
"background_color", 
(select coalesce(json
_group_array(json_arr
ay("id", "name", 
"order", "board_id", 
(select coalesce(json
_group_array(json_arr
ay("id", "name", 
"description", 
"order", 
"cover_url", 
"cover_public_id", 
"cover_color", 
"cover_mode", 
"list_id", 
"start_date", 
"deadline", 
"due_at", 
"due_complete", 
"reminder_minutes", 
"recurrence", 
"recurrence_day", "re
currence_weekday", 
"repeat_frequency", 
"repeat_interval", 
"latitude", 
"longitude", 
"completed", 
"is_template", 
"created_at", 
"updated_at")), 
json_array()) as 
"data" from (select 
* from "cards" "board
sTable_lists_cards" 
where "boardsTable_li
sts_cards"."list_id" 
= "boardsTable_lists"
."id" order by "board
sTable_lists_cards"."
order" asc) "boardsTa
ble_lists_cards"))), 
json_array()) as 
"data" from (select 
* from "lists" 
"boardsTable_lists" 
where "boardsTable_li
sts"."board_id" = 
"boardsTable"."id" 
order by "boardsTable
_lists"."order" asc) 
"boardsTable_lists") 
as "lists" from 
"boards" 
"boardsTable" where 
"boardsTable"."id" = 
? limit ?'[39m,
  params: [ [32m'019
bd127-d9f8-7ae0-b048-
53ad1b07eb1a'[39m, 
[33m1[39m ],
  cause: 
LibsqlError: 
SQLITE_ERROR: no 
such column: 
is_template
      at 
mapSqliteError (file:
///D:/UIT_COURSES/SE1
00/DailyDesk/node_mod
ules/[4m.pnpm[24m/@
libsql+client@0.15.15
/node_modules/[4m@li
bsql[24m/client/lib-
esm/sqlite3.js:392:16
)
      at executeStmt 
(file:///D:/UIT_COURS
ES/SE100/DailyDesk/no
de_modules/[4m.pnpm
[24m/@libsql+client@0
.15.15/node_modules/
[4m@libsql[24m/clien
t/lib-esm/sqlite3.js:
297:15)
      at Sqlite3Clien
t.execute (file:///D:
/UIT_COURSES/SE100/Da
ilyDesk/node_modules/
[4m.pnpm[24m/@libsq
l+client@0.15.15/node
_modules/[4m@libsql
[24m/client/lib-esm/s
qlite3.js:81:16)
  [90m    ... 5 
lines matching cause 
stack trace ...[39m
      at 
QueryPromise.execute 
(file:///D:/UIT_COURS
ES/SE100/DailyDesk/no
de_modules/[4m.pnpm
[24m/drizzle-orm@0.44
.7_@electri_5c2928a09
9a752b7e299aaadb8975a
ea/node_modules/[4ms
rc[24m/sqlite-core/q
uery-builders/query.t
s:197:15)
      at 
QueryPromise.then (fi
le:///D:/UIT_COURSES/
SE100/DailyDesk/node_
modules/[4m.pnpm[24
m/drizzle-orm@0.44.7_
@electri_5c2928a099a7
52b7e299aaadb8975aea/
node_modules/[4msrc
[24m/query-promise.ts
:31:15) {
    code: [32m'SQLIT
E_ERROR'[39m,
    rawCode: 
[33m1[39m,
    [cause]: 
SqliteError: no such 
column: is_template
        at 
convertError (D:\UIT_
COURSES\SE100\DailyDe
sk\node_modules\[4m.
pnpm[24m\libsql@0.5.
22\node_modules\[4ml
ibsql[24m\index.js:5
9:12)
        at 
Database.prepare (D:\
UIT_COURSES\SE100\Dai
lyDesk\node_modules\
[4m.pnpm[24m\libsql@
0.5.22\node_modules\
[4mlibsql[24m\index.
js:131:13)
        at 
executeStmt (file:///
D:/UIT_COURSES/SE100/
DailyDesk/node_module
s/[4m.pnpm[24m/@lib
sql+client@0.15.15/no
de_modules/[4m@libsq
l[24m/client/lib-esm
/sqlite3.js:268:28)
        at Sqlite3Cli
ent.execute (file:///
D:/UIT_COURSES/SE100/
DailyDesk/node_module
s/[4m.pnpm[24m/@lib
sql+client@0.15.15/no
de_modules/[4m@libsq
l[24m/client/lib-esm
/sqlite3.js:81:16)
        at file:///D:
/UIT_COURSES/SE100/Da
ilyDesk/node_modules/
[4m.pnpm[24m/drizzl
e-orm@0.44.7_@electri
_5c2928a099a752b7e299
aaadb8975aea/node_mod
ules/[4msrc[24m/lib
sql/session.ts:288:58
        at LibSQLPrep
aredQuery.queryWithCa
che (file:///D:/UIT_C
OURSES/SE100/DailyDes
k/node_modules/[4m.p
npm[24m/drizzle-orm@
0.44.7_@electri_5c292
8a099a752b7e299aaadb8
975aea/node_modules/
[4msrc[24m/sqlite-co
re/session.ts:78:18)
        at LibSQLPrep
aredQuery.values (fil
e:///D:/UIT_COURSES/S
E100/DailyDesk/node_m
odules/[4m.pnpm[24m
/drizzle-orm@0.44.7_@
electri_5c2928a099a75
2b7e299aaadb8975aea/n
ode_modules/[4msrc[
24m/libsql/session.ts
:286:21)
        at LibSQLPrep
aredQuery.get (file:/
//D:/UIT_COURSES/SE10
0/DailyDesk/node_modu
les/[4m.pnpm[24m/dr
izzle-orm@0.44.7_@ele
ctri_5c2928a099a752b7
e299aaadb8975aea/node
_modules/[4msrc[24m
/libsql/session.ts:25
2:27)
        at QueryPromi
se.executeRaw (file:/
//D:/UIT_COURSES/SE10
0/DailyDesk/node_modu
les/[4m.pnpm[24m/dr
izzle-orm@0.44.7_@ele
ctri_5c2928a099a752b7
e299aaadb8975aea/node
_modules/[4msrc[24m
/sqlite-core/query-bu
ilders/query.ts:191:3
2)
        at 
QueryPromise.execute 
(file:///D:/UIT_COURS
ES/SE100/DailyDesk/no
de_modules/[4m.pnpm
[24m/drizzle-orm@0.44
.7_@electri_5c2928a09
9a752b7e299aaadb8975a
ea/node_modules/[4ms
rc[24m/sqlite-core/q
uery-builders/query.t
s:197:15) {
      code: [32m'SQL
ITE_ERROR'[39m,
      rawCode: 
[33m1[39m
    }
  }
}

[90mstderr[2m | tes
ts/members.test.ts[2
m > [22m[2mMembers 
API Integration 
Tests[2m > 
[22m[2mGET 
/members/search[2m 
> [22m[2mshould 
handle Auth0 API 
unauthorized errors
[22m[39mAuth0 API 
error: Invalid token

[90mstderr[2m | tes
ts/cards/card-members
.test.ts[2m > 
[22m[2mCards 
Members Tests[2m > 
[22m[2mCard 
Members[2m > 
[22m[2mshould 
retrieve cards with 
members in cards 
endpoint
[22m[39mDrizzleQuer
yError: Failed 
query: select "id", 
"name", 
"description", 
"order", 
"cover_url", 
"cover_public_id", 
"cover_color", 
"cover_mode", 
"list_id", 
"start_date", 
"deadline", 
"due_at", 
"due_complete", 
"reminder_minutes", 
"recurrence", 
"recurrence_day", "re
currence_weekday", 
"repeat_frequency", 
"repeat_interval", 
"latitude", 
"longitude", 
"completed", 
"is_template", 
"created_at", 
"updated_at" from 
"cards" where 
"cards"."list_id" = ?
params: 019bd127-da28
-7447-877b-27fb12603f
8c
    at LibSQLPrepared
Query.queryWithCache 
(file:///D:/UIT_COURS
ES/SE100/DailyDesk/no
de_modules/[4m.pnpm
[24m/drizzle-orm@0.44
.7_@electri_5c2928a09
9a752b7e299aaadb8975a
ea/node_modules/[4ms
rc[24m/sqlite-core/s
ession.ts:80:11)
[90m    at processTi
cksAndRejections (nod
e:internal/process/ta
sk_queues:105:5)[39m
    at LibSQLPrepared
Query.values (file://
/D:/UIT_COURSES/SE100
/DailyDesk/node_modul
es/[4m.pnpm[24m/dri
zzle-orm@0.44.7_@elec
tri_5c2928a099a752b7e
299aaadb8975aea/node_
modules/[4msrc[24m/
libsql/session.ts:286
:10)
    at LibSQLPrepared
Query.all (file:///D:
/UIT_COURSES/SE100/Da
ilyDesk/node_modules/
[4m.pnpm[24m/drizzl
e-orm@0.44.7_@electri
_5c2928a099a752b7e299
aaadb8975aea/node_mod
ules/[4msrc[24m/lib
sql/session.ts:214:16
)
    at 
Module.createCard [9
0m(D:\UIT_COURSES\SE1
00\DailyDesk\backend\
[39msrc\services\car
ds.service.ts:319:23
[90m)[39m
    at [90mD:\UIT_CO
URSES\SE100\DailyDesk
\backend\[39msrc\rou
tes\cards.ts:152:22
    at dispatch (file
:///D:/UIT_COURSES/SE
100/DailyDesk/node_mo
dules/[4m.pnpm[24m/
hono@4.11.3/node_modu
les/[4mhono[24m/dis
t/compose.js:22:17)
    at file:///D:/UIT
_COURSES/SE100/DailyD
esk/node_modules/[4m
.pnpm[24m/hono@4.11.
3/node_modules/[4mho
no[24m/dist/validato
r/validator.js:81:12
    at mw (file:///D:
/UIT_COURSES/SE100/Da
ilyDesk/node_modules/
[4m.pnpm[24m/@hono+
zod-openapi@1.2.0_hon
o@4.11.3_zod@4.3.5/no
de_modules/[4m@hono
[24m/zod-openapi/src/
index.ts:546:26)
    at dispatch (file
:///D:/UIT_COURSES/SE
100/DailyDesk/node_mo
dules/[4m.pnpm[24m/
hono@4.11.3/node_modu
les/[4mhono[24m/dis
t/compose.js:22:17) {
  query: 
[32m'select "id", 
"name", 
"description", 
"order", 
"cover_url", 
"cover_public_id", 
"cover_color", 
"cover_mode", 
"list_id", 
"start_date", 
"deadline", 
"due_at", 
"due_complete", 
"reminder_minutes", 
"recurrence", 
"recurrence_day", "re
currence_weekday", 
"repeat_frequency", 
"repeat_interval", 
"latitude", 
"longitude", 
"completed", 
"is_template", 
"created_at", 
"updated_at" from 
"cards" where 
"cards"."list_id" = 
?'[39m,
  params: [ [32m'019
bd127-da28-7447-877b-
27fb12603f8c'[39m ],
  cause: 
LibsqlError: 
SQLITE_ERROR: no 
such column: 
is_template
      at 
mapSqliteError (file:
///D:/UIT_COURSES/SE1
00/DailyDesk/node_mod
ules/[4m.pnpm[24m/@
libsql+client@0.15.15
/node_modules/[4m@li
bsql[24m/client/lib-
esm/sqlite3.js:392:16
)
      at executeStmt 
(file:///D:/UIT_COURS
ES/SE100/DailyDesk/no
de_modules/[4m.pnpm
[24m/@libsql+client@0
.15.15/node_modules/
[4m@libsql[24m/clien
t/lib-esm/sqlite3.js:
297:15)
      at Sqlite3Clien
t.execute (file:///D:
/UIT_COURSES/SE100/Da
ilyDesk/node_modules/
[4m.pnpm[24m/@libsq
l+client@0.15.15/node
_modules/[4m@libsql
[24m/client/lib-esm/s
qlite3.js:81:16)
  [90m    ... 5 
lines matching cause 
stack trace ...[39m
      at SQLiteSelect
Base.execute (file://
/D:/UIT_COURSES/SE100
/DailyDesk/node_modul
es/[4m.pnpm[24m/dri
zzle-orm@0.44.7_@elec
tri_5c2928a099a752b7e
299aaadb8975aea/node_
modules/[4msrc[24m/
sqlite-core/query-bui
lders/select.ts:962:1
5)
      at SQLiteSelect
Base.then (file:///D:
/UIT_COURSES/SE100/Da
ilyDesk/node_modules/
[4m.pnpm[24m/drizzl
e-orm@0.44.7_@electri
_5c2928a099a752b7e299
aaadb8975aea/node_mod
ules/[4msrc[24m/que
ry-promise.ts:31:15) 
{
    code: [32m'SQLIT
E_ERROR'[39m,
    rawCode: 
[33m1[39m,
    [cause]: 
SqliteError: no such 
column: is_template
        at 
convertError (D:\UIT_
COURSES\SE100\DailyDe
sk\node_modules\[4m.
pnpm[24m\libsql@0.5.
22\node_modules\[4ml
ibsql[24m\index.js:5
9:12)
        at 
Database.prepare (D:\
UIT_COURSES\SE100\Dai
lyDesk\node_modules\
[4m.pnpm[24m\libsql@
0.5.22\node_modules\
[4mlibsql[24m\index.
js:131:13)
        at 
executeStmt (file:///
D:/UIT_COURSES/SE100/
DailyDesk/node_module
s/[4m.pnpm[24m/@lib
sql+client@0.15.15/no
de_modules/[4m@libsq
l[24m/client/lib-esm
/sqlite3.js:268:28)
        at Sqlite3Cli
ent.execute (file:///
D:/UIT_COURSES/SE100/
DailyDesk/node_module
s/[4m.pnpm[24m/@lib
sql+client@0.15.15/no
de_modules/[4m@libsq
l[24m/client/lib-esm
/sqlite3.js:81:16)
        at file:///D:
/UIT_COURSES/SE100/Da
ilyDesk/node_modules/
[4m.pnpm[24m/drizzl
e-orm@0.44.7_@electri
_5c2928a099a752b7e299
aaadb8975aea/node_mod
ules/[4msrc[24m/lib
sql/session.ts:288:58
        at LibSQLPrep
aredQuery.queryWithCa
che (file:///D:/UIT_C
OURSES/SE100/DailyDes
k/node_modules/[4m.p
npm[24m/drizzle-orm@
0.44.7_@electri_5c292
8a099a752b7e299aaadb8
975aea/node_modules/
[4msrc[24m/sqlite-co
re/session.ts:78:18)
        at LibSQLPrep
aredQuery.values (fil
e:///D:/UIT_COURSES/S
E100/DailyDesk/node_m
odules/[4m.pnpm[24m
/drizzle-orm@0.44.7_@
electri_5c2928a099a75
2b7e299aaadb8975aea/n
ode_modules/[4msrc[
24m/libsql/session.ts
:286:21)
        at LibSQLPrep
aredQuery.all (file:/
//D:/UIT_COURSES/SE10
0/DailyDesk/node_modu
les/[4m.pnpm[24m/dr
izzle-orm@0.44.7_@ele
ctri_5c2928a099a752b7
e299aaadb8975aea/node
_modules/[4msrc[24m
/libsql/session.ts:21
4:27)
        at 
SQLiteSelectBase.all 
(file:///D:/UIT_COURS
ES/SE100/DailyDesk/no
de_modules/[4m.pnpm
[24m/drizzle-orm@0.44
.7_@electri_5c2928a09
9a752b7e299aaadb8975a
ea/node_modules/[4ms
rc[24m/sqlite-core/q
uery-builders/select.
ts:950:26)
        at SQLiteSele
ctBase.execute (file:
///D:/UIT_COURSES/SE1
00/DailyDesk/node_mod
ules/[4m.pnpm[24m/d
rizzle-orm@0.44.7_@el
ectri_5c2928a099a752b
7e299aaadb8975aea/nod
e_modules/[4msrc[24
m/sqlite-core/query-b
uilders/select.ts:962
:15) {
      code: [32m'SQL
ITE_ERROR'[39m,
      rawCode: 
[33m1[39m
    }
  }
}
Error in updateCard 
route: 
DrizzleQueryError: 
Failed query: select 
"id", "name", 
"description", 
"order", 
"cover_url", 
"cover_public_id", 
"cover_color", 
"cover_mode", 
"list_id", 
"start_date", 
"deadline", 
"due_at", 
"due_complete", 
"reminder_minutes", 
"recurrence", 
"recurrence_day", "re
currence_weekday", 
"repeat_frequency", 
"repeat_interval", 
"latitude", 
"longitude", 
"completed", 
"is_template", 
"created_at", 
"updated_at" from 
"cards" where 
"cards"."id" = ? 
limit ?
params: 019bd127-da2b
-7eb6-971d-4c016f1a78
d9,1
    at LibSQLPrepared
Query.queryWithCache 
(file:///D:/UIT_COURS
ES/SE100/DailyDesk/no
de_modules/[4m.pnpm
[24m/drizzle-orm@0.44
.7_@electri_5c2928a09
9a752b7e299aaadb8975a
ea/node_modules/[4ms
rc[24m/sqlite-core/s
ession.ts:80:11)
[90m    at processTi
cksAndRejections (nod
e:internal/process/ta
sk_queues:105:5)[39m
    at LibSQLPrepared
Query.values (file://
/D:/UIT_COURSES/SE100
/DailyDesk/node_modul
es/[4m.pnpm[24m/dri
zzle-orm@0.44.7_@elec
tri_5c2928a099a752b7e
299aaadb8975aea/node_
modules/[4msrc[24m/
libsql/session.ts:286
:10)
    at LibSQLPrepared
Query.all (file:///D:
/UIT_COURSES/SE100/Da
ilyDesk/node_modules/
[4m.pnpm[24m/drizzl
e-orm@0.44.7_@electri
_5c2928a099a752b7e299
aaadb8975aea/node_mod
ules/[4msrc[24m/lib
sql/session.ts:214:16
)
    at 
Module.updateCard [9
0m(D:\UIT_COURSES\SE1
00\DailyDesk\backend\
[39msrc\services\car
ds.service.ts:566:24
[90m)[39m
    at [90mD:\UIT_CO
URSES\SE100\DailyDesk
\backend\[39msrc\rou
tes\cards.ts:244:25
    at dispatch (file
:///D:/UIT_COURSES/SE
100/DailyDesk/node_mo
dules/[4m.pnpm[24m/
hono@4.11.3/node_modu
les/[4mhono[24m/dis
t/compose.js:22:17)
    at file:///D:/UIT
_COURSES/SE100/DailyD
esk/node_modules/[4m
.pnpm[24m/hono@4.11.
3/node_modules/[4mho
no[24m/dist/validato
r/validator.js:81:12
    at mw (file:///D:
/UIT_COURSES/SE100/Da
ilyDesk/node_modules/
[4m.pnpm[24m/@hono+
zod-openapi@1.2.0_hon
o@4.11.3_zod@4.3.5/no
de_modules/[4m@hono
[24m/zod-openapi/src/
index.ts:546:26)
    at dispatch (file
:///D:/UIT_COURSES/SE
100/DailyDesk/node_mo
dules/[4m.pnpm[24m/
hono@4.11.3/node_modu
les/[4mhono[24m/dis
t/compose.js:22:17) {
  query: 
[32m'select "id", 
"name", 
"description", 
"order", 
"cover_url", 
"cover_public_id", 
"cover_color", 
"cover_mode", 
"list_id", 
"start_date", 
"deadline", 
"due_at", 
"due_complete", 
"reminder_minutes", 
"recurrence", 
"recurrence_day", "re
currence_weekday", 
"repeat_frequency", 
"repeat_interval", 
"latitude", 
"longitude", 
"completed", 
"is_template", 
"created_at", 
"updated_at" from 
"cards" where 
"cards"."id" = ? 
limit ?'[39m,
  params: [ [32m'019
bd127-da2b-7eb6-971d-
4c016f1a78d9'[39m, 
[33m1[39m ],
  cause: 
LibsqlError: 
SQLITE_ERROR: no 
such column: 
is_template
      at 
mapSqliteError (file:
///D:/UIT_COURSES/SE1
00/DailyDesk/node_mod
ules/[4m.pnpm[24m/@
libsql+client@0.15.15
/node_modules/[4m@li
bsql[24m/client/lib-
esm/sqlite3.js:392:16
)
      at executeStmt 
(file:///D:/UIT_COURS
ES/SE100/DailyDesk/no
de_modules/[4m.pnpm
[24m/@libsql+client@0
.15.15/node_modules/
[4m@libsql[24m/clien
t/lib-esm/sqlite3.js:
297:15)
      at Sqlite3Clien
t.execute (file:///D:
/UIT_COURSES/SE100/Da
ilyDesk/node_modules/
[4m.pnpm[24m/@libsq
l+client@0.15.15/node
_modules/[4m@libsql
[24m/client/lib-esm/s
qlite3.js:81:16)
  [90m    ... 5 
lines matching cause 
stack trace ...[39m
      at SQLiteSelect
Base.execute (file://
/D:/UIT_COURSES/SE100
/DailyDesk/node_modul
es/[4m.pnpm[24m/dri
zzle-orm@0.44.7_@elec
tri_5c2928a099a752b7e
299aaadb8975aea/node_
modules/[4msrc[24m/
sqlite-core/query-bui
lders/select.ts:962:1
5)
      at SQLiteSelect
Base.then (file:///D:
/UIT_COURSES/SE100/Da
ilyDesk/node_modules/
[4m.pnpm[24m/drizzl
e-orm@0.44.7_@electri
_5c2928a099a752b7e299
aaadb8975aea/node_mod
ules/[4msrc[24m/que
ry-promise.ts:31:15) 
{
    code: [32m'SQLIT
E_ERROR'[39m,
    rawCode: 
[33m1[39m,
    [cause]: 
SqliteError: no such 
column: is_template
        at 
convertError (D:\UIT_
COURSES\SE100\DailyDe
sk\node_modules\[4m.
pnpm[24m\libsql@0.5.
22\node_modules\[4ml
ibsql[24m\index.js:5
9:12)
        at 
Database.prepare (D:\
UIT_COURSES\SE100\Dai
lyDesk\node_modules\
[4m.pnpm[24m\libsql@
0.5.22\node_modules\
[4mlibsql[24m\index.
js:131:13)
        at 
executeStmt (file:///
D:/UIT_COURSES/SE100/
DailyDesk/node_module
s/[4m.pnpm[24m/@lib
sql+client@0.15.15/no
de_modules/[4m@libsq
l[24m/client/lib-esm
/sqlite3.js:268:28)
        at Sqlite3Cli
ent.execute (file:///
D:/UIT_COURSES/SE100/
DailyDesk/node_module
s/[4m.pnpm[24m/@lib
sql+client@0.15.15/no
de_modules/[4m@libsq
l[24m/client/lib-esm
/sqlite3.js:81:16)
        at file:///D:
/UIT_COURSES/SE100/Da
ilyDesk/node_modules/
[4m.pnpm[24m/drizzl
e-orm@0.44.7_@electri
_5c2928a099a752b7e299
aaadb8975aea/node_mod
ules/[4msrc[24m/lib
sql/session.ts:288:58
        at LibSQLPrep
aredQuery.queryWithCa
che (file:///D:/UIT_C
OURSES/SE100/DailyDes
k/node_modules/[4m.p
npm[24m/drizzle-orm@
0.44.7_@electri_5c292
8a099a752b7e299aaadb8
975aea/node_modules/
[4msrc[24m/sqlite-co
re/session.ts:78:18)
        at LibSQLPrep
aredQuery.values (fil
e:///D:/UIT_COURSES/S
E100/DailyDesk/node_m
odules/[4m.pnpm[24m
/drizzle-orm@0.44.7_@
electri_5c2928a099a75
2b7e299aaadb8975aea/n
ode_modules/[4msrc[
24m/libsql/session.ts
:286:21)
        at LibSQLPrep
aredQuery.all (file:/
//D:/UIT_COURSES/SE10
0/DailyDesk/node_modu
les/[4m.pnpm[24m/dr
izzle-orm@0.44.7_@ele
ctri_5c2928a099a752b7
e299aaadb8975aea/node
_modules/[4msrc[24m
/libsql/session.ts:21
4:27)
        at 
SQLiteSelectBase.all 
(file:///D:/UIT_COURS
ES/SE100/DailyDesk/no
de_modules/[4m.pnpm
[24m/drizzle-orm@0.44
.7_@electri_5c2928a09
9a752b7e299aaadb8975a
ea/node_modules/[4ms
rc[24m/sqlite-core/q
uery-builders/select.
ts:950:26)
        at SQLiteSele
ctBase.execute (file:
///D:/UIT_COURSES/SE1
00/DailyDesk/node_mod
ules/[4m.pnpm[24m/d
rizzle-orm@0.44.7_@el
ectri_5c2928a099a752b
7e299aaadb8975aea/nod
e_modules/[4msrc[24
m/sqlite-core/query-b
uilders/select.ts:962
:15) {
      code: [32m'SQL
ITE_ERROR'[39m,
      rawCode: 
[33m1[39m
    }
  }
}
DrizzleQueryError: 
Failed query: select 
"id", "name", 
"description", 
"order", 
"cover_url", 
"cover_public_id", 
"cover_color", 
"cover_mode", 
"list_id", 
"start_date", 
"deadline", 
"due_at", 
"due_complete", 
"reminder_minutes", 
"recurrence", 
"recurrence_day", "re
currence_weekday", 
"repeat_frequency", 
"repeat_interval", 
"latitude", 
"longitude", 
"completed", 
"is_template", 
"created_at", 
"updated_at" from 
"cards" where 
"cards"."id" = ? 
limit ?
params: 019bd127-da2b
-7eb6-971d-4c016f1a78
d9,1
    at LibSQLPrepared
Query.queryWithCache 
(file:///D:/UIT_COURS
ES/SE100/DailyDesk/no
de_modules/[4m.pnpm
[24m/drizzle-orm@0.44
.7_@electri_5c2928a09
9a752b7e299aaadb8975a
ea/node_modules/[4ms
rc[24m/sqlite-core/s
ession.ts:80:11)
[90m    at processTi
cksAndRejections (nod
e:internal/process/ta
sk_queues:105:5)[39m
    at LibSQLPrepared
Query.values (file://
/D:/UIT_COURSES/SE100
/DailyDesk/node_modul
es/[4m.pnpm[24m/dri
zzle-orm@0.44.7_@elec
tri_5c2928a099a752b7e
299aaadb8975aea/node_
modules/[4msrc[24m/
libsql/session.ts:286
:10)
    at LibSQLPrepared
Query.all (file:///D:
/UIT_COURSES/SE100/Da
ilyDesk/node_modules/
[4m.pnpm[24m/drizzl
e-orm@0.44.7_@electri
_5c2928a099a752b7e299
aaadb8975aea/node_mod
ules/[4msrc[24m/lib
sql/session.ts:214:16
)
    at 
Module.updateCard [9
0m(D:\UIT_COURSES\SE1
00\DailyDesk\backend\
[39msrc\services\car
ds.service.ts:566:24
[90m)[39m
    at [90mD:\UIT_CO
URSES\SE100\DailyDesk
\backend\[39msrc\rou
tes\cards.ts:244:25
    at dispatch (file
:///D:/UIT_COURSES/SE
100/DailyDesk/node_mo
dules/[4m.pnpm[24m/
hono@4.11.3/node_modu
les/[4mhono[24m/dis
t/compose.js:22:17)
    at file:///D:/UIT
_COURSES/SE100/DailyD
esk/node_modules/[4m
.pnpm[24m/hono@4.11.
3/node_modules/[4mho
no[24m/dist/validato
r/validator.js:81:12
    at mw (file:///D:
/UIT_COURSES/SE100/Da
ilyDesk/node_modules/
[4m.pnpm[24m/@hono+
zod-openapi@1.2.0_hon
o@4.11.3_zod@4.3.5/no
de_modules/[4m@hono
[24m/zod-openapi/src/
index.ts:546:26)
    at dispatch (file
:///D:/UIT_COURSES/SE
100/DailyDesk/node_mo
dules/[4m.pnpm[24m/
hono@4.11.3/node_modu
les/[4mhono[24m/dis
t/compose.js:22:17) {
  query: 
[32m'select "id", 
"name", 
"description", 
"order", 
"cover_url", 
"cover_public_id", 
"cover_color", 
"cover_mode", 
"list_id", 
"start_date", 
"deadline", 
"due_at", 
"due_complete", 
"reminder_minutes", 
"recurrence", 
"recurrence_day", "re
currence_weekday", 
"repeat_frequency", 
"repeat_interval", 
"latitude", 
"longitude", 
"completed", 
"is_template", 
"created_at", 
"updated_at" from 
"cards" where 
"cards"."id" = ? 
limit ?'[39m,
  params: [ [32m'019
bd127-da2b-7eb6-971d-
4c016f1a78d9'[39m, 
[33m1[39m ],
  cause: 
LibsqlError: 
SQLITE_ERROR: no 
such column: 
is_template
      at 
mapSqliteError (file:
///D:/UIT_COURSES/SE1
00/DailyDesk/node_mod
ules/[4m.pnpm[24m/@
libsql+client@0.15.15
/node_modules/[4m@li
bsql[24m/client/lib-
esm/sqlite3.js:392:16
)
      at executeStmt 
(file:///D:/UIT_COURS
ES/SE100/DailyDesk/no
de_modules/[4m.pnpm
[24m/@libsql+client@0
.15.15/node_modules/
[4m@libsql[24m/clien
t/lib-esm/sqlite3.js:
297:15)
      at Sqlite3Clien
t.execute (file:///D:
/UIT_COURSES/SE100/Da
ilyDesk/node_modules/
[4m.pnpm[24m/@libsq
l+client@0.15.15/node
_modules/[4m@libsql
[24m/client/lib-esm/s
qlite3.js:81:16)
  [90m    ... 5 
lines matching cause 
stack trace ...[39m
      at SQLiteSelect
Base.execute (file://
/D:/UIT_COURSES/SE100
/DailyDesk/node_modul
es/[4m.pnpm[24m/dri
zzle-orm@0.44.7_@elec
tri_5c2928a099a752b7e
299aaadb8975aea/node_
modules/[4msrc[24m/
sqlite-core/query-bui
lders/select.ts:962:1
5)
      at SQLiteSelect
Base.then (file:///D:
/UIT_COURSES/SE100/Da
ilyDesk/node_modules/
[4m.pnpm[24m/drizzl
e-orm@0.44.7_@electri
_5c2928a099a752b7e299
aaadb8975aea/node_mod
ules/[4msrc[24m/que
ry-promise.ts:31:15) 
{
    code: [32m'SQLIT
E_ERROR'[39m,
    rawCode: 
[33m1[39m,
    [cause]: 
SqliteError: no such 
column: is_template
        at 
convertError (D:\UIT_
COURSES\SE100\DailyDe
sk\node_modules\[4m.
pnpm[24m\libsql@0.5.
22\node_modules\[4ml
ibsql[24m\index.js:5
9:12)
        at 
Database.prepare (D:\
UIT_COURSES\SE100\Dai
lyDesk\node_modules\
[4m.pnpm[24m\libsql@
0.5.22\node_modules\
[4mlibsql[24m\index.
js:131:13)
        at 
executeStmt (file:///
D:/UIT_COURSES/SE100/
DailyDesk/node_module
s/[4m.pnpm[24m/@lib
sql+client@0.15.15/no
de_modules/[4m@libsq
l[24m/client/lib-esm
/sqlite3.js:268:28)
        at Sqlite3Cli
ent.execute (file:///
D:/UIT_COURSES/SE100/
DailyDesk/node_module
s/[4m.pnpm[24m/@lib
sql+client@0.15.15/no
de_modules/[4m@libsq
l[24m/client/lib-esm
/sqlite3.js:81:16)
        at file:///D:
/UIT_COURSES/SE100/Da
ilyDesk/node_modules/
[4m.pnpm[24m/drizzl
e-orm@0.44.7_@electri
_5c2928a099a752b7e299
aaadb8975aea/node_mod
ules/[4msrc[24m/lib
sql/session.ts:288:58
        at LibSQLPrep
aredQuery.queryWithCa
che (file:///D:/UIT_C
OURSES/SE100/DailyDes
k/node_modules/[4m.p
npm[24m/drizzle-orm@
0.44.7_@electri_5c292
8a099a752b7e299aaadb8
975aea/node_modules/
[4msrc[24m/sqlite-co
re/session.ts:78:18)
        at LibSQLPrep
aredQuery.values (fil
e:///D:/UIT_COURSES/S
E100/DailyDesk/node_m
odules/[4m.pnpm[24m
/drizzle-orm@0.44.7_@
electri_5c2928a099a75
2b7e299aaadb8975aea/n
ode_modules/[4msrc[
24m/libsql/session.ts
:286:21)
        at LibSQLPrep
aredQuery.all (file:/
//D:/UIT_COURSES/SE10
0/DailyDesk/node_modu
les/[4m.pnpm[24m/dr
izzle-orm@0.44.7_@ele
ctri_5c2928a099a752b7
e299aaadb8975aea/node
_modules/[4msrc[24m
/libsql/session.ts:21
4:27)
        at 
SQLiteSelectBase.all 
(file:///D:/UIT_COURS
ES/SE100/DailyDesk/no
de_modules/[4m.pnpm
[24m/drizzle-orm@0.44
.7_@electri_5c2928a09
9a752b7e299aaadb8975a
ea/node_modules/[4ms
rc[24m/sqlite-core/q
uery-builders/select.
ts:950:26)
        at SQLiteSele
ctBase.execute (file:
///D:/UIT_COURSES/SE1
00/DailyDesk/node_mod
ules/[4m.pnpm[24m/d
rizzle-orm@0.44.7_@el
ectri_5c2928a099a752b
7e299aaadb8975aea/nod
e_modules/[4msrc[24
m/sqlite-core/query-b
uilders/select.ts:962
:15) {
      code: [32m'SQL
ITE_ERROR'[39m,
      rawCode: 
[33m1[39m
    }
  }
}
Error in boards GET 
cards route: 
DrizzleQueryError: 
Failed query: select 
"cards"."id", 
"cards"."name", "card
s"."description", 
"cards"."order", 
"cards"."cover_url", 
"cards"."cover_public
_id", "cards"."cover_
color", "cards"."cove
r_mode", 
"cards"."list_id", "c
ards"."start_date", 
"cards"."deadline", 
"cards"."due_at", "ca
rds"."due_complete", 
"cards"."reminder_min
utes", "cards"."recur
rence", "cards"."recu
rrence_day", "cards".
"recurrence_weekday",
 "cards"."repeat_freq
uency", "cards"."repe
at_interval", 
"cards"."latitude", 
"cards"."longitude", 
"cards"."completed", 
"cards"."is_template"
, "cards"."created_at
", "cards"."updated_a
t", "lists"."id", 
"lists"."name", 
"lists"."order", 
"lists"."board_id" 
from "cards" inner 
join "lists" on 
"cards"."list_id" = 
"lists"."id" where 
"lists"."board_id" = 
?
params: 019bd127-da24
-7bed-ba0e-73a6793bca
39
    at LibSQLPrepared
Query.queryWithCache 
(file:///D:/UIT_COURS
ES/SE100/DailyDesk/no
de_modules/[4m.pnpm
[24m/drizzle-orm@0.44
.7_@electri_5c2928a09
9a752b7e299aaadb8975a
ea/node_modules/[4ms
rc[24m/sqlite-core/s
ession.ts:80:11)
[90m    at processTi
cksAndRejections (nod
e:internal/process/ta
sk_queues:105:5)[39m
    at LibSQLPrepared
Query.values (file://
/D:/UIT_COURSES/SE100
/DailyDesk/node_modul
es/[4m.pnpm[24m/dri
zzle-orm@0.44.7_@elec
tri_5c2928a099a752b7e
299aaadb8975aea/node_
modules/[4msrc[24m/
libsql/session.ts:286
:10)
    at LibSQLPrepared
Query.all (file:///D:
/UIT_COURSES/SE100/Da
ilyDesk/node_modules/
[4m.pnpm[24m/drizzl
e-orm@0.44.7_@electri
_5c2928a099a752b7e299
aaadb8975aea/node_mod
ules/[4msrc[24m/lib
sql/session.ts:214:16
)
    at Module.getCard
sForBoard [90m(D:\UI
T_COURSES\SE100\Daily
Desk\backend\[39msrc
\services\boards.serv
ice.ts:404:17[90m)[
39m
    at [90mD:\UIT_CO
URSES\SE100\DailyDesk
\backend\[39msrc\rou
tes\boards.ts:347:23
    at dispatch (file
:///D:/UIT_COURSES/SE
100/DailyDesk/node_mo
dules/[4m.pnpm[24m/
hono@4.11.3/node_modu
les/[4mhono[24m/dis
t/compose.js:22:17)
    at file:///D:/UIT
_COURSES/SE100/DailyD
esk/node_modules/[4m
.pnpm[24m/hono@4.11.
3/node_modules/[4mho
no[24m/dist/validato
r/validator.js:81:12
    at dispatch (file
:///D:/UIT_COURSES/SE
100/DailyDesk/node_mo
dules/[4m.pnpm[24m/
hono@4.11.3/node_modu
les/[4mhono[24m/dis
t/compose.js:22:17)
    at [90mD:\UIT_CO
URSES\SE100\DailyDesk
\backend\[39mtests\h
elpers\auth.ts:27:5 {
  query: 
[32m'select 
"cards"."id", 
"cards"."name", "card
s"."description", 
"cards"."order", 
"cards"."cover_url", 
"cards"."cover_public
_id", "cards"."cover_
color", "cards"."cove
r_mode", 
"cards"."list_id", "c
ards"."start_date", 
"cards"."deadline", 
"cards"."due_at", "ca
rds"."due_complete", 
"cards"."reminder_min
utes", "cards"."recur
rence", "cards"."recu
rrence_day", "cards".
"recurrence_weekday",
 "cards"."repeat_freq
uency", "cards"."repe
at_interval", 
"cards"."latitude", 
"cards"."longitude", 
"cards"."completed", 
"cards"."is_template"
, "cards"."created_at
", "cards"."updated_a
t", "lists"."id", 
"lists"."name", 
"lists"."order", 
"lists"."board_id" 
from "cards" inner 
join "lists" on 
"cards"."list_id" = 
"lists"."id" where 
"lists"."board_id" = 
?'[39m,
  params: [ [32m'019
bd127-da24-7bed-ba0e-
73a6793bca39'[39m ],
  cause: 
LibsqlError: 
SQLITE_ERROR: no 
such column: 
cards.is_template
      at 
mapSqliteError (file:
///D:/UIT_COURSES/SE1
00/DailyDesk/node_mod
ules/[4m.pnpm[24m/@
libsql+client@0.15.15
/node_modules/[4m@li
bsql[24m/client/lib-
esm/sqlite3.js:392:16
)
      at executeStmt 
(file:///D:/UIT_COURS
ES/SE100/DailyDesk/no
de_modules/[4m.pnpm
[24m/@libsql+client@0
.15.15/node_modules/
[4m@libsql[24m/clien
t/lib-esm/sqlite3.js:
297:15)
      at Sqlite3Clien
t.execute (file:///D:
/UIT_COURSES/SE100/Da
ilyDesk/node_modules/
[4m.pnpm[24m/@libsq
l+client@0.15.15/node
_modules/[4m@libsql
[24m/client/lib-esm/s
qlite3.js:81:16)
  [90m    ... 5 
lines matching cause 
stack trace ...[39m
      at SQLiteSelect
Base.execute (file://
/D:/UIT_COURSES/SE100
/DailyDesk/node_modul
es/[4m.pnpm[24m/dri
zzle-orm@0.44.7_@elec
tri_5c2928a099a752b7e
299aaadb8975aea/node_
modules/[4msrc[24m/
sqlite-core/query-bui
lders/select.ts:962:1
5)
      at SQLiteSelect
Base.then (file:///D:
/UIT_COURSES/SE100/Da
ilyDesk/node_modules/
[4m.pnpm[24m/drizzl
e-orm@0.44.7_@electri
_5c2928a099a752b7e299
aaadb8975aea/node_mod
ules/[4msrc[24m/que
ry-promise.ts:31:15) 
{
    code: [32m'SQLIT
E_ERROR'[39m,
    rawCode: 
[33m1[39m,
    [cause]: 
SqliteError: no such 
column: 
cards.is_template
        at 
convertError (D:\UIT_
COURSES\SE100\DailyDe
sk\node_modules\[4m.
pnpm[24m\libsql@0.5.
22\node_modules\[4ml
ibsql[24m\index.js:5
9:12)
        at 
Database.prepare (D:\
UIT_COURSES\SE100\Dai
lyDesk\node_modules\
[4m.pnpm[24m\libsql@
0.5.22\node_modules\
[4mlibsql[24m\index.
js:131:13)
        at 
executeStmt (file:///
D:/UIT_COURSES/SE100/
DailyDesk/node_module
s/[4m.pnpm[24m/@lib
sql+client@0.15.15/no
de_modules/[4m@libsq
l[24m/client/lib-esm
/sqlite3.js:268:28)
        at Sqlite3Cli
ent.execute (file:///
D:/UIT_COURSES/SE100/
DailyDesk/node_module
s/[4m.pnpm[24m/@lib
sql+client@0.15.15/no
de_modules/[4m@libsq
l[24m/client/lib-esm
/sqlite3.js:81:16)
        at file:///D:
/UIT_COURSES/SE100/Da
ilyDesk/node_modules/
[4m.pnpm[24m/drizzl
e-orm@0.44.7_@electri
_5c2928a099a752b7e299
aaadb8975aea/node_mod
ules/[4msrc[24m/lib
sql/session.ts:288:58
        at LibSQLPrep
aredQuery.queryWithCa
che (file:///D:/UIT_C
OURSES/SE100/DailyDes
k/node_modules/[4m.p
npm[24m/drizzle-orm@
0.44.7_@electri_5c292
8a099a752b7e299aaadb8
975aea/node_modules/
[4msrc[24m/sqlite-co
re/session.ts:78:18)
        at LibSQLPrep
aredQuery.values (fil
e:///D:/UIT_COURSES/S
E100/DailyDesk/node_m
odules/[4m.pnpm[24m
/drizzle-orm@0.44.7_@
electri_5c2928a099a75
2b7e299aaadb8975aea/n
ode_modules/[4msrc[
24m/libsql/session.ts
:286:21)
        at LibSQLPrep
aredQuery.all (file:/
//D:/UIT_COURSES/SE10
0/DailyDesk/node_modu
les/[4m.pnpm[24m/dr
izzle-orm@0.44.7_@ele
ctri_5c2928a099a752b7
e299aaadb8975aea/node
_modules/[4msrc[24m
/libsql/session.ts:21
4:27)
        at 
SQLiteSelectBase.all 
(file:///D:/UIT_COURS
ES/SE100/DailyDesk/no
de_modules/[4m.pnpm
[24m/drizzle-orm@0.44
.7_@electri_5c2928a09
9a752b7e299aaadb8975a
ea/node_modules/[4ms
rc[24m/sqlite-core/q
uery-builders/select.
ts:950:26)
        at SQLiteSele
ctBase.execute (file:
///D:/UIT_COURSES/SE1
00/DailyDesk/node_mod
ules/[4m.pnpm[24m/d
rizzle-orm@0.44.7_@el
ectri_5c2928a099a752b
7e299aaadb8975aea/nod
e_modules/[4msrc[24
m/sqlite-core/query-b
uilders/select.ts:962
:15) {
      code: [32m'SQL
ITE_ERROR'[39m,
      rawCode: 
[33m1[39m
    }
  }
}

[90mstderr[2m | tes
ts/members.test.ts[2
m > [22m[2mMembers 
API Integration 
Tests[2m > 
[22m[2mGET 
/members/search[2m 
> [22m[2mshould 
handle network errors
[22m[39mError 
searching users: 
Error: Network error
    at [90mD:\UIT_CO
URSES\SE100\DailyDesk
\backend\[39mtests\m
embers.test.ts:737:39
    at file:///D:/UIT
_COURSES/SE100/DailyD
esk/node_modules/[4m
.pnpm[24m/@vitest+ru
nner@2.1.9/node_modul
es/[4m@vitest[24m/r
unner/dist/index.js:1
46:14
    at file:///D:/UIT
_COURSES/SE100/DailyD
esk/node_modules/[4m
.pnpm[24m/@vitest+ru
nner@2.1.9/node_modul
es/[4m@vitest[24m/r
unner/dist/index.js:5
33:11
    at 
runWithTimeout (file:
///D:/UIT_COURSES/SE1
00/DailyDesk/node_mod
ules/[4m.pnpm[24m/@
vitest+runner@2.1.9/n
ode_modules/[4m@vite
st[24m/runner/dist/i
ndex.js:39:7)
    at runTest (file:
///D:/UIT_COURSES/SE1
00/DailyDesk/node_mod
ules/[4m.pnpm[24m/@
vitest+runner@2.1.9/n
ode_modules/[4m@vite
st[24m/runner/dist/i
ndex.js:1056:17)
[90m    at processTi
cksAndRejections (nod
e:internal/process/ta
sk_queues:105:5)[39m
    at runSuite (file
:///D:/UIT_COURSES/SE
100/DailyDesk/node_mo
dules/[4m.pnpm[24m/
@vitest+runner@2.1.9/
node_modules/[4m@vit
est[24m/runner/dist/
index.js:1205:15)
    at runSuite (file
:///D:/UIT_COURSES/SE
100/DailyDesk/node_mo
dules/[4m.pnpm[24m/
@vitest+runner@2.1.9/
node_modules/[4m@vit
est[24m/runner/dist/
index.js:1205:15)
    at runSuite (file
:///D:/UIT_COURSES/SE
100/DailyDesk/node_mo
dules/[4m.pnpm[24m/
@vitest+runner@2.1.9/
node_modules/[4m@vit
est[24m/runner/dist/
index.js:1205:15)
    at runFiles (file
:///D:/UIT_COURSES/SE
100/DailyDesk/node_mo
dules/[4m.pnpm[24m/
@vitest+runner@2.1.9/
node_modules/[4m@vit
est[24m/runner/dist/
index.js:1262:5)

[90mstderr[2m | tes
ts/cards/card-members
.test.ts[2m > 
[22m[2mCards 
Members Tests[2m > 
[22m[2mCard 
Members[2m > 
[22m[2mshould 
generate correct 
initials for members
[22m[39mDrizzleQuer
yError: Failed 
query: select "id", 
"name", 
"description", 
"order", 
"cover_url", 
"cover_public_id", 
"cover_color", 
"cover_mode", 
"list_id", 
"start_date", 
"deadline", 
"due_at", 
"due_complete", 
"reminder_minutes", 
"recurrence", 
"recurrence_day", "re
currence_weekday", 
"repeat_frequency", 
"repeat_interval", 
"latitude", 
"longitude", 
"completed", 
"is_template", 
"created_at", 
"updated_at" from 
"cards" where 
"cards"."list_id" = ?
params: 019bd127-da4e
-7d45-8444-c25b3776df
b5
    at LibSQLPrepared
Query.queryWithCache 
(file:///D:/UIT_COURS
ES/SE100/DailyDesk/no
de_modules/[4m.pnpm
[24m/drizzle-orm@0.44
.7_@electri_5c2928a09
9a752b7e299aaadb8975a
ea/node_modules/[4ms
rc[24m/sqlite-core/s
ession.ts:80:11)
[90m    at processTi
cksAndRejections (nod
e:internal/process/ta
sk_queues:105:5)[39m
    at LibSQLPrepared
Query.values (file://
/D:/UIT_COURSES/SE100
/DailyDesk/node_modul
es/[4m.pnpm[24m/dri
zzle-orm@0.44.7_@elec
tri_5c2928a099a752b7e
299aaadb8975aea/node_
modules/[4msrc[24m/
libsql/session.ts:286
:10)
    at LibSQLPrepared
Query.all (file:///D:
/UIT_COURSES/SE100/Da
ilyDesk/node_modules/
[4m.pnpm[24m/drizzl
e-orm@0.44.7_@electri
_5c2928a099a752b7e299
aaadb8975aea/node_mod
ules/[4msrc[24m/lib
sql/session.ts:214:16
)
    at 
Module.createCard [9
0m(D:\UIT_COURSES\SE1
00\DailyDesk\backend\
[39msrc\services\car
ds.service.ts:319:23
[90m)[39m
    at [90mD:\UIT_CO
URSES\SE100\DailyDesk
\backend\[39msrc\rou
tes\cards.ts:152:22
    at dispatch (file
:///D:/UIT_COURSES/SE
100/DailyDesk/node_mo
dules/[4m.pnpm[24m/
hono@4.11.3/node_modu
les/[4mhono[24m/dis
t/compose.js:22:17)
    at file:///D:/UIT
_COURSES/SE100/DailyD
esk/node_modules/[4m
.pnpm[24m/hono@4.11.
3/node_modules/[4mho
no[24m/dist/validato
r/validator.js:81:12
    at mw (file:///D:
/UIT_COURSES/SE100/Da
ilyDesk/node_modules/
[4m.pnpm[24m/@hono+
zod-openapi@1.2.0_hon
o@4.11.3_zod@4.3.5/no
de_modules/[4m@hono
[24m/zod-openapi/src/
index.ts:546:26)
    at dispatch (file
:///D:/UIT_COURSES/SE
100/DailyDesk/node_mo
dules/[4m.pnpm[24m/
hono@4.11.3/node_modu
les/[4mhono[24m/dis
t/compose.js:22:17) {
  query: 
[32m'select "id", 
"name", 
"description", 
"order", 
"cover_url", 
"cover_public_id", 
"cover_color", 
"cover_mode", 
"list_id", 
"start_date", 
"deadline", 
"due_at", 
"due_complete", 
"reminder_minutes", 
"recurrence", 
"recurrence_day", "re
currence_weekday", 
"repeat_frequency", 
"repeat_interval", 
"latitude", 
"longitude", 
"completed", 
"is_template", 
"created_at", 
"updated_at" from 
"cards" where 
"cards"."list_id" = 
?'[39m,
  params: [ [32m'019
bd127-da4e-7d45-8444-
c25b3776dfb5'[39m ],
  cause: 
LibsqlError: 
SQLITE_ERROR: no 
such column: 
is_template
      at 
mapSqliteError (file:
///D:/UIT_COURSES/SE1
00/DailyDesk/node_mod
ules/[4m.pnpm[24m/@
libsql+client@0.15.15
/node_modules/[4m@li
bsql[24m/client/lib-
esm/sqlite3.js:392:16
)
      at executeStmt 
(file:///D:/UIT_COURS
ES/SE100/DailyDesk/no
de_modules/[4m.pnpm
[24m/@libsql+client@0
.15.15/node_modules/
[4m@libsql[24m/clien
t/lib-esm/sqlite3.js:
297:15)
      at Sqlite3Clien
t.execute (file:///D:
/UIT_COURSES/SE100/Da
ilyDesk/node_modules/
[4m.pnpm[24m/@libsq
l+client@0.15.15/node
_modules/[4m@libsql
[24m/client/lib-esm/s
qlite3.js:81:16)
  [90m    ... 5 
lines matching cause 
stack trace ...[39m
      at SQLiteSelect
Base.execute (file://
/D:/UIT_COURSES/SE100
/DailyDesk/node_modul
es/[4m.pnpm[24m/dri
zzle-orm@0.44.7_@elec
tri_5c2928a099a752b7e
299aaadb8975aea/node_
modules/[4msrc[24m/
sqlite-core/query-bui
lders/select.ts:962:1
5)
      at SQLiteSelect
Base.then (file:///D:
/UIT_COURSES/SE100/Da
ilyDesk/node_modules/
[4m.pnpm[24m/drizzl
e-orm@0.44.7_@electri
_5c2928a099a752b7e299
aaadb8975aea/node_mod
ules/[4msrc[24m/que
ry-promise.ts:31:15) 
{
    code: [32m'SQLIT
E_ERROR'[39m,
    rawCode: 
[33m1[39m,
    [cause]: 
SqliteError: no such 
column: is_template
        at 
convertError (D:\UIT_
COURSES\SE100\DailyDe
sk\node_modules\[4m.
pnpm[24m\libsql@0.5.
22\node_modules\[4ml
ibsql[24m\index.js:5
9:12)
        at 
Database.prepare (D:\
UIT_COURSES\SE100\Dai
lyDesk\node_modules\
[4m.pnpm[24m\libsql@
0.5.22\node_modules\
[4mlibsql[24m\index.
js:131:13)
        at 
executeStmt (file:///
D:/UIT_COURSES/SE100/
DailyDesk/node_module
s/[4m.pnpm[24m/@lib
sql+client@0.15.15/no
de_modules/[4m@libsq
l[24m/client/lib-esm
/sqlite3.js:268:28)
        at Sqlite3Cli
ent.execute (file:///
D:/UIT_COURSES/SE100/
DailyDesk/node_module
s/[4m.pnpm[24m/@lib
sql+client@0.15.15/no
de_modules/[4m@libsq
l[24m/client/lib-esm
/sqlite3.js:81:16)
        at file:///D:
/UIT_COURSES/SE100/Da
ilyDesk/node_modules/
[4m.pnpm[24m/drizzl
e-orm@0.44.7_@electri
_5c2928a099a752b7e299
aaadb8975aea/node_mod
ules/[4msrc[24m/lib
sql/session.ts:288:58
        at LibSQLPrep
aredQuery.queryWithCa
che (file:///D:/UIT_C
OURSES/SE100/DailyDes
k/node_modules/[4m.p
npm[24m/drizzle-orm@
0.44.7_@electri_5c292
8a099a752b7e299aaadb8
975aea/node_modules/
[4msrc[24m/sqlite-co
re/session.ts:78:18)
        at LibSQLPrep
aredQuery.values (fil
e:///D:/UIT_COURSES/S
E100/DailyDesk/node_m
odules/[4m.pnpm[24m
/drizzle-orm@0.44.7_@
electri_5c2928a099a75
2b7e299aaadb8975aea/n
ode_modules/[4msrc[
24m/libsql/session.ts
:286:21)
        at LibSQLPrep
aredQuery.all (file:/
//D:/UIT_COURSES/SE10
0/DailyDesk/node_modu
les/[4m.pnpm[24m/dr
izzle-orm@0.44.7_@ele
ctri_5c2928a099a752b7
e299aaadb8975aea/node
_modules/[4msrc[24m
/libsql/session.ts:21
4:27)
        at 
SQLiteSelectBase.all 
(file:///D:/UIT_COURS
ES/SE100/DailyDesk/no
de_modules/[4m.pnpm
[24m/drizzle-orm@0.44
.7_@electri_5c2928a09
9a752b7e299aaadb8975a
ea/node_modules/[4ms
rc[24m/sqlite-core/q
uery-builders/select.
ts:950:26)
        at SQLiteSele
ctBase.execute (file:
///D:/UIT_COURSES/SE1
00/DailyDesk/node_mod
ules/[4m.pnpm[24m/d
rizzle-orm@0.44.7_@el
ectri_5c2928a099a752b
7e299aaadb8975aea/nod
e_modules/[4msrc[24
m/sqlite-core/query-b
uilders/select.ts:962
:15) {
      code: [32m'SQL
ITE_ERROR'[39m,
      rawCode: 
[33m1[39m
    }
  }
}
Error in updateCard 
route: 
DrizzleQueryError: 
Failed query: select 
"id", "name", 
"description", 
"order", 
"cover_url", 
"cover_public_id", 
"cover_color", 
"cover_mode", 
"list_id", 
"start_date", 
"deadline", 
"due_at", 
"due_complete", 
"reminder_minutes", 
"recurrence", 
"recurrence_day", "re
currence_weekday", 
"repeat_frequency", 
"repeat_interval", 
"latitude", 
"longitude", 
"completed", 
"is_template", 
"created_at", 
"updated_at" from 
"cards" where 
"cards"."id" = ? 
limit ?
params: 019bd127-da52
-7883-a218-aebcba50d9
c5,1
    at LibSQLPrepared
Query.queryWithCache 
(file:///D:/UIT_COURS
ES/SE100/DailyDesk/no
de_modules/[4m.pnpm
[24m/drizzle-orm@0.44
.7_@electri_5c2928a09
9a752b7e299aaadb8975a
ea/node_modules/[4ms
rc[24m/sqlite-core/s
ession.ts:80:11)
[90m    at processTi
cksAndRejections (nod
e:internal/process/ta
sk_queues:105:5)[39m
    at LibSQLPrepared
Query.values (file://
/D:/UIT_COURSES/SE100
/DailyDesk/node_modul
es/[4m.pnpm[24m/dri
zzle-orm@0.44.7_@elec
tri_5c2928a099a752b7e
299aaadb8975aea/node_
modules/[4msrc[24m/
libsql/session.ts:286
:10)
    at LibSQLPrepared
Query.all (file:///D:
/UIT_COURSES/SE100/Da
ilyDesk/node_modules/
[4m.pnpm[24m/drizzl
e-orm@0.44.7_@electri
_5c2928a099a752b7e299
aaadb8975aea/node_mod
ules/[4msrc[24m/lib
sql/session.ts:214:16
)
    at 
Module.updateCard [9
0m(D:\UIT_COURSES\SE1
00\DailyDesk\backend\
[39msrc\services\car
ds.service.ts:566:24
[90m)[39m
    at [90mD:\UIT_CO
URSES\SE100\DailyDesk
\backend\[39msrc\rou
tes\cards.ts:244:25
    at dispatch (file
:///D:/UIT_COURSES/SE
100/DailyDesk/node_mo
dules/[4m.pnpm[24m/
hono@4.11.3/node_modu
les/[4mhono[24m/dis
t/compose.js:22:17)
    at file:///D:/UIT
_COURSES/SE100/DailyD
esk/node_modules/[4m
.pnpm[24m/hono@4.11.
3/node_modules/[4mho
no[24m/dist/validato
r/validator.js:81:12
    at mw (file:///D:
/UIT_COURSES/SE100/Da
ilyDesk/node_modules/
[4m.pnpm[24m/@hono+
zod-openapi@1.2.0_hon
o@4.11.3_zod@4.3.5/no
de_modules/[4m@hono
[24m/zod-openapi/src/
index.ts:546:26)
    at dispatch (file
:///D:/UIT_COURSES/SE
100/DailyDesk/node_mo
dules/[4m.pnpm[24m/
hono@4.11.3/node_modu
les/[4mhono[24m/dis
t/compose.js:22:17) {
  query: 
[32m'select "id", 
"name", 
"description", 
"order", 
"cover_url", 
"cover_public_id", 
"cover_color", 
"cover_mode", 
"list_id", 
"start_date", 
"deadline", 
"due_at", 
"due_complete", 
"reminder_minutes", 
"recurrence", 
"recurrence_day", "re
currence_weekday", 
"repeat_frequency", 
"repeat_interval", 
"latitude", 
"longitude", 
"completed", 
"is_template", 
"created_at", 
"updated_at" from 
"cards" where 
"cards"."id" = ? 
limit ?'[39m,
  params: [ [32m'019
bd127-da52-7883-a218-
aebcba50d9c5'[39m, 
[33m1[39m ],
  cause: 
LibsqlError: 
SQLITE_ERROR: no 
such column: 
is_template
      at 
mapSqliteError (file:
///D:/UIT_COURSES/SE1
00/DailyDesk/node_mod
ules/[4m.pnpm[24m/@
libsql+client@0.15.15
/node_modules/[4m@li
bsql[24m/client/lib-
esm/sqlite3.js:392:16
)
      at executeStmt 
(file:///D:/UIT_COURS
ES/SE100/DailyDesk/no
de_modules/[4m.pnpm
[24m/@libsql+client@0
.15.15/node_modules/
[4m@libsql[24m/clien
t/lib-esm/sqlite3.js:
297:15)
      at Sqlite3Clien
t.execute (file:///D:
/UIT_COURSES/SE100/Da
ilyDesk/node_modules/
[4m.pnpm[24m/@libsq
l+client@0.15.15/node
_modules/[4m@libsql
[24m/client/lib-esm/s
qlite3.js:81:16)
  [90m    ... 5 
lines matching cause 
stack trace ...[39m
      at SQLiteSelect
Base.execute (file://
/D:/UIT_COURSES/SE100
/DailyDesk/node_modul
es/[4m.pnpm[24m/dri
zzle-orm@0.44.7_@elec
tri_5c2928a099a752b7e
299aaadb8975aea/node_
modules/[4msrc[24m/
sqlite-core/query-bui
lders/select.ts:962:1
5)
      at SQLiteSelect
Base.then (file:///D:
/UIT_COURSES/SE100/Da
ilyDesk/node_modules/
[4m.pnpm[24m/drizzl
e-orm@0.44.7_@electri
_5c2928a099a752b7e299
aaadb8975aea/node_mod
ules/[4msrc[24m/que
ry-promise.ts:31:15) 
{
    code: [32m'SQLIT
E_ERROR'[39m,
    rawCode: 
[33m1[39m,
    [cause]: 
SqliteError: no such 
column: is_template
        at 
convertError (D:\UIT_
COURSES\SE100\DailyDe
sk\node_modules\[4m.
pnpm[24m\libsql@0.5.
22\node_modules\[4ml
ibsql[24m\index.js:5
9:12)
        at 
Database.prepare (D:\
UIT_COURSES\SE100\Dai
lyDesk\node_modules\
[4m.pnpm[24m\libsql@
0.5.22\node_modules\
[4mlibsql[24m\index.
js:131:13)
        at 
executeStmt (file:///
D:/UIT_COURSES/SE100/
DailyDesk/node_module
s/[4m.pnpm[24m/@lib
sql+client@0.15.15/no
de_modules/[4m@libsq
l[24m/client/lib-esm
/sqlite3.js:268:28)
        at Sqlite3Cli
ent.execute (file:///
D:/UIT_COURSES/SE100/
DailyDesk/node_module
s/[4m.pnpm[24m/@lib
sql+client@0.15.15/no
de_modules/[4m@libsq
l[24m/client/lib-esm
/sqlite3.js:81:16)
        at file:///D:
/UIT_COURSES/SE100/Da
ilyDesk/node_modules/
[4m.pnpm[24m/drizzl
e-orm@0.44.7_@electri
_5c2928a099a752b7e299
aaadb8975aea/node_mod
ules/[4msrc[24m/lib
sql/session.ts:288:58
        at LibSQLPrep
aredQuery.queryWithCa
che (file:///D:/UIT_C
OURSES/SE100/DailyDes
k/node_modules/[4m.p
npm[24m/drizzle-orm@
0.44.7_@electri_5c292
8a099a752b7e299aaadb8
975aea/node_modules/
[4msrc[24m/sqlite-co
re/session.ts:78:18)
        at LibSQLPrep
aredQuery.values (fil
e:///D:/UIT_COURSES/S
E100/DailyDesk/node_m
odules/[4m.pnpm[24m
/drizzle-orm@0.44.7_@
electri_5c2928a099a75
2b7e299aaadb8975aea/n
ode_modules/[4msrc[
24m/libsql/session.ts
:286:21)
        at LibSQLPrep
aredQuery.all (file:/
//D:/UIT_COURSES/SE10
0/DailyDesk/node_modu
les/[4m.pnpm[24m/dr
izzle-orm@0.44.7_@ele
ctri_5c2928a099a752b7
e299aaadb8975aea/node
_modules/[4msrc[24m
/libsql/session.ts:21
4:27)
        at 
SQLiteSelectBase.all 
(file:///D:/UIT_COURS
ES/SE100/DailyDesk/no
de_modules/[4m.pnpm
[24m/drizzle-orm@0.44
.7_@electri_5c2928a09
9a752b7e299aaadb8975a
ea/node_modules/[4ms
rc[24m/sqlite-core/q
uery-builders/select.
ts:950:26)
        at SQLiteSele
ctBase.execute (file:
///D:/UIT_COURSES/SE1
00/DailyDesk/node_mod
ules/[4m.pnpm[24m/d
rizzle-orm@0.44.7_@el
ectri_5c2928a099a752b
7e299aaadb8975aea/nod
e_modules/[4msrc[24
m/sqlite-core/query-b
uilders/select.ts:962
:15) {
      code: [32m'SQL
ITE_ERROR'[39m,
      rawCode: 
[33m1[39m
    }
  }
}
DrizzleQueryError: 
Failed query: select 
"id", "name", 
"description", 
"order", 
"cover_url", 
"cover_public_id", 
"cover_color", 
"cover_mode", 
"list_id", 
"start_date", 
"deadline", 
"due_at", 
"due_complete", 
"reminder_minutes", 
"recurrence", 
"recurrence_day", "re
currence_weekday", 
"repeat_frequency", 
"repeat_interval", 
"latitude", 
"longitude", 
"completed", 
"is_template", 
"created_at", 
"updated_at" from 
"cards" where 
"cards"."id" = ? 
limit ?
params: 019bd127-da52
-7883-a218-aebcba50d9
c5,1
    at LibSQLPrepared
Query.queryWithCache 
(file:///D:/UIT_COURS
ES/SE100/DailyDesk/no
de_modules/[4m.pnpm
[24m/drizzle-orm@0.44
.7_@electri_5c2928a09
9a752b7e299aaadb8975a
ea/node_modules/[4ms
rc[24m/sqlite-core/s
ession.ts:80:11)
[90m    at processTi
cksAndRejections (nod
e:internal/process/ta
sk_queues:105:5)[39m
    at LibSQLPrepared
Query.values (file://
/D:/UIT_COURSES/SE100
/DailyDesk/node_modul
es/[4m.pnpm[24m/dri
zzle-orm@0.44.7_@elec
tri_5c2928a099a752b7e
299aaadb8975aea/node_
modules/[4msrc[24m/
libsql/session.ts:286
:10)
    at LibSQLPrepared
Query.all (file:///D:
/UIT_COURSES/SE100/Da
ilyDesk/node_modules/
[4m.pnpm[24m/drizzl
e-orm@0.44.7_@electri
_5c2928a099a752b7e299
aaadb8975aea/node_mod
ules/[4msrc[24m/lib
sql/session.ts:214:16
)
    at 
Module.updateCard [9
0m(D:\UIT_COURSES\SE1
00\DailyDesk\backend\
[39msrc\services\car
ds.service.ts:566:24
[90m)[39m
    at [90mD:\UIT_CO
URSES\SE100\DailyDesk
\backend\[39msrc\rou
tes\cards.ts:244:25
    at dispatch (file
:///D:/UIT_COURSES/SE
100/DailyDesk/node_mo
dules/[4m.pnpm[24m/
hono@4.11.3/node_modu
les/[4mhono[24m/dis
t/compose.js:22:17)
    at file:///D:/UIT
_COURSES/SE100/DailyD
esk/node_modules/[4m
.pnpm[24m/hono@4.11.
3/node_modules/[4mho
no[24m/dist/validato
r/validator.js:81:12
    at mw (file:///D:
/UIT_COURSES/SE100/Da
ilyDesk/node_modules/
[4m.pnpm[24m/@hono+
zod-openapi@1.2.0_hon
o@4.11.3_zod@4.3.5/no
de_modules/[4m@hono
[24m/zod-openapi/src/
index.ts:546:26)
    at dispatch (file
:///D:/UIT_COURSES/SE
100/DailyDesk/node_mo
dules/[4m.pnpm[24m/
hono@4.11.3/node_modu
les/[4mhono[24m/dis
t/compose.js:22:17) {
  query: 
[32m'select "id", 
"name", 
"description", 
"order", 
"cover_url", 
"cover_public_id", 
"cover_color", 
"cover_mode", 
"list_id", 
"start_date", 
"deadline", 
"due_at", 
"due_complete", 
"reminder_minutes", 
"recurrence", 
"recurrence_day", "re
currence_weekday", 
"repeat_frequency", 
"repeat_interval", 
"latitude", 
"longitude", 
"completed", 
"is_template", 
"created_at", 
"updated_at" from 
"cards" where 
"cards"."id" = ? 
limit ?'[39m,
  params: [ [32m'019
bd127-da52-7883-a218-
aebcba50d9c5'[39m, 
[33m1[39m ],
  cause: 
LibsqlError: 
SQLITE_ERROR: no 
such column: 
is_template
      at 
mapSqliteError (file:
///D:/UIT_COURSES/SE1
00/DailyDesk/node_mod
ules/[4m.pnpm[24m/@
libsql+client@0.15.15
/node_modules/[4m@li
bsql[24m/client/lib-
esm/sqlite3.js:392:16
)
      at executeStmt 
(file:///D:/UIT_COURS
ES/SE100/DailyDesk/no
de_modules/[4m.pnpm
[24m/@libsql+client@0
.15.15/node_modules/
[4m@libsql[24m/clien
t/lib-esm/sqlite3.js:
297:15)
      at Sqlite3Clien
t.execute (file:///D:
/UIT_COURSES/SE100/Da
ilyDesk/node_modules/
[4m.pnpm[24m/@libsq
l+client@0.15.15/node
_modules/[4m@libsql
[24m/client/lib-esm/s
qlite3.js:81:16)
  [90m    ... 5 
lines matching cause 
stack trace ...[39m
      at SQLiteSelect
Base.execute (file://
/D:/UIT_COURSES/SE100
/DailyDesk/node_modul
es/[4m.pnpm[24m/dri
zzle-orm@0.44.7_@elec
tri_5c2928a099a752b7e
299aaadb8975aea/node_
modules/[4msrc[24m/
sqlite-core/query-bui
lders/select.ts:962:1
5)
      at SQLiteSelect
Base.then (file:///D:
/UIT_COURSES/SE100/Da
ilyDesk/node_modules/
[4m.pnpm[24m/drizzl
e-orm@0.44.7_@electri
_5c2928a099a752b7e299
aaadb8975aea/node_mod
ules/[4msrc[24m/que
ry-promise.ts:31:15) 
{
    code: [32m'SQLIT
E_ERROR'[39m,
    rawCode: 
[33m1[39m,
    [cause]: 
SqliteError: no such 
column: is_template
        at 
convertError (D:\UIT_
COURSES\SE100\DailyDe
sk\node_modules\[4m.
pnpm[24m\libsql@0.5.
22\node_modules\[4ml
ibsql[24m\index.js:5
9:12)
        at 
Database.prepare (D:\
UIT_COURSES\SE100\Dai
lyDesk\node_modules\
[4m.pnpm[24m\libsql@
0.5.22\node_modules\
[4mlibsql[24m\index.
js:131:13)
        at 
executeStmt (file:///
D:/UIT_COURSES/SE100/
DailyDesk/node_module
s/[4m.pnpm[24m/@lib
sql+client@0.15.15/no
de_modules/[4m@libsq
l[24m/client/lib-esm
/sqlite3.js:268:28)
        at Sqlite3Cli
ent.execute (file:///
D:/UIT_COURSES/SE100/
DailyDesk/node_module
s/[4m.pnpm[24m/@lib
sql+client@0.15.15/no
de_modules/[4m@libsq
l[24m/client/lib-esm
/sqlite3.js:81:16)
        at file:///D:
/UIT_COURSES/SE100/Da
ilyDesk/node_modules/
[4m.pnpm[24m/drizzl
e-orm@0.44.7_@electri
_5c2928a099a752b7e299
aaadb8975aea/node_mod
ules/[4msrc[24m/lib
sql/session.ts:288:58
        at LibSQLPrep
aredQuery.queryWithCa
che (file:///D:/UIT_C
OURSES/SE100/DailyDes
k/node_modules/[4m.p
npm[24m/drizzle-orm@
0.44.7_@electri_5c292
8a099a752b7e299aaadb8
975aea/node_modules/
[4msrc[24m/sqlite-co
re/session.ts:78:18)
        at LibSQLPrep
aredQuery.values (fil
e:///D:/UIT_COURSES/S
E100/DailyDesk/node_m
odules/[4m.pnpm[24m
/drizzle-orm@0.44.7_@
electri_5c2928a099a75
2b7e299aaadb8975aea/n
ode_modules/[4msrc[
24m/libsql/session.ts
:286:21)
        at LibSQLPrep
aredQuery.all (file:/
//D:/UIT_COURSES/SE10
0/DailyDesk/node_modu
les/[4m.pnpm[24m/dr
izzle-orm@0.44.7_@ele
ctri_5c2928a099a752b7
e299aaadb8975aea/node
_modules/[4msrc[24m
/libsql/session.ts:21
4:27)
        at 
SQLiteSelectBase.all 
(file:///D:/UIT_COURS
ES/SE100/DailyDesk/no
de_modules/[4m.pnpm
[24m/drizzle-orm@0.44
.7_@electri_5c2928a09
9a752b7e299aaadb8975a
ea/node_modules/[4ms
rc[24m/sqlite-core/q
uery-builders/select.
ts:950:26)
        at SQLiteSele
ctBase.execute (file:
///D:/UIT_COURSES/SE1
00/DailyDesk/node_mod
ules/[4m.pnpm[24m/d
rizzle-orm@0.44.7_@el
ectri_5c2928a099a752b
7e299aaadb8975aea/nod
e_modules/[4msrc[24
m/sqlite-core/query-b
uilders/select.ts:962
:15) {
      code: [32m'SQL
ITE_ERROR'[39m,
      rawCode: 
[33m1[39m
    }
  }
}
DrizzleQueryError: 
Failed query: select 
"cards"."id", 
"cards"."name", "card
s"."description", 
"cards"."order", 
"cards"."cover_url", 
"cards"."cover_public
_id", "cards"."cover_
color", "cards"."cove
r_mode", 
"cards"."list_id", "c
ards"."start_date", 
"cards"."deadline", 
"cards"."due_at", "ca
rds"."due_complete", 
"cards"."reminder_min
utes", "cards"."recur
rence", "cards"."recu
rrence_day", "cards".
"recurrence_weekday",
 "cards"."repeat_freq
uency", "cards"."repe
at_interval", 
"cards"."latitude", 
"cards"."longitude", 
"cards"."completed", 
"cards"."is_template"
, "cards"."created_at
", "cards"."updated_a
t", "lists"."id", 
"lists"."name", 
"lists"."order", 
"lists"."board_id" 
from "cards" inner 
join "lists" on 
"cards"."list_id" = 
"lists"."id" where 
"cards"."id" = ? 
limit ?
params: 019bd127-da52
-7883-a218-aebcba50d9
c5,1
    at LibSQLPrepared
Query.queryWithCache 
(file:///D:/UIT_COURS
ES/SE100/DailyDesk/no
de_modules/[4m.pnpm
[24m/drizzle-orm@0.44
.7_@electri_5c2928a09
9a752b7e299aaadb8975a
ea/node_modules/[4ms
rc[24m/sqlite-core/s
ession.ts:80:11)
[90m    at processTi
cksAndRejections (nod
e:internal/process/ta
sk_queues:105:5)[39m
    at LibSQLPrepared
Query.values (file://
/D:/UIT_COURSES/SE100
/DailyDesk/node_modul
es/[4m.pnpm[24m/dri
zzle-orm@0.44.7_@elec
tri_5c2928a099a752b7e
299aaadb8975aea/node_
modules/[4msrc[24m/
libsql/session.ts:286
:10)
    at LibSQLPrepared
Query.all (file:///D:
/UIT_COURSES/SE100/Da
ilyDesk/node_modules/
[4m.pnpm[24m/drizzl
e-orm@0.44.7_@electri
_5c2928a099a752b7e299
aaadb8975aea/node_mod
ules/[4msrc[24m/lib
sql/session.ts:214:16
)
    at 
Module.getCardById [
90m(D:\UIT_COURSES\SE
100\DailyDesk\backend
\[39msrc\services\ca
rds.service.ts:459:16
[90m)[39m
    at [90mD:\UIT_CO
URSES\SE100\DailyDesk
\backend\[39msrc\rou
tes\cards.ts:195:22
    at dispatch (file
:///D:/UIT_COURSES/SE
100/DailyDesk/node_mo
dules/[4m.pnpm[24m/
hono@4.11.3/node_modu
les/[4mhono[24m/dis
t/compose.js:22:17)
    at file:///D:/UIT
_COURSES/SE100/DailyD
esk/node_modules/[4m
.pnpm[24m/hono@4.11.
3/node_modules/[4mho
no[24m/dist/validato
r/validator.js:81:12
    at dispatch (file
:///D:/UIT_COURSES/SE
100/DailyDesk/node_mo
dules/[4m.pnpm[24m/
hono@4.11.3/node_modu
les/[4mhono[24m/dis
t/compose.js:22:17)
    at [90mD:\UIT_CO
URSES\SE100\DailyDesk
\backend\[39mtests\h
elpers\auth.ts:27:5 {
  query: 
[32m'select 
"cards"."id", 
"cards"."name", "card
s"."description", 
"cards"."order", 
"cards"."cover_url", 
"cards"."cover_public
_id", "cards"."cover_
color", "cards"."cove
r_mode", 
"cards"."list_id", "c
ards"."start_date", 
"cards"."deadline", 
"cards"."due_at", "ca
rds"."due_complete", 
"cards"."reminder_min
utes", "cards"."recur
rence", "cards"."recu
rrence_day", "cards".
"recurrence_weekday",
 "cards"."repeat_freq
uency", "cards"."repe
at_interval", 
"cards"."latitude", 
"cards"."longitude", 
"cards"."completed", 
"cards"."is_template"
, "cards"."created_at
", "cards"."updated_a
t", "lists"."id", 
"lists"."name", 
"lists"."order", 
"lists"."board_id" 
from "cards" inner 
join "lists" on 
"cards"."list_id" = 
"lists"."id" where 
"cards"."id" = ? 
limit ?'[39m,
  params: [ [32m'019
bd127-da52-7883-a218-
aebcba50d9c5'[39m, 
[33m1[39m ],
  cause: 
LibsqlError: 
SQLITE_ERROR: no 
such column: 
cards.is_template
      at 
mapSqliteError (file:
///D:/UIT_COURSES/SE1
00/DailyDesk/node_mod
ules/[4m.pnpm[24m/@
libsql+client@0.15.15
/node_modules/[4m@li
bsql[24m/client/lib-
esm/sqlite3.js:392:16
)
      at executeStmt 
(file:///D:/UIT_COURS
ES/SE100/DailyDesk/no
de_modules/[4m.pnpm
[24m/@libsql+client@0
.15.15/node_modules/
[4m@libsql[24m/clien
t/lib-esm/sqlite3.js:
297:15)
      at Sqlite3Clien
t.execute (file:///D:
/UIT_COURSES/SE100/Da
ilyDesk/node_modules/
[4m.pnpm[24m/@libsq
l+client@0.15.15/node
_modules/[4m@libsql
[24m/client/lib-esm/s
qlite3.js:81:16)
  [90m    ... 5 
lines matching cause 
stack trace ...[39m
      at SQLiteSelect
Base.execute (file://
/D:/UIT_COURSES/SE100
/DailyDesk/node_modul
es/[4m.pnpm[24m/dri
zzle-orm@0.44.7_@elec
tri_5c2928a099a752b7e
299aaadb8975aea/node_
modules/[4msrc[24m/
sqlite-core/query-bui
lders/select.ts:962:1
5)
      at SQLiteSelect
Base.then (file:///D:
/UIT_COURSES/SE100/Da
ilyDesk/node_modules/
[4m.pnpm[24m/drizzl
e-orm@0.44.7_@electri
_5c2928a099a752b7e299
aaadb8975aea/node_mod
ules/[4msrc[24m/que
ry-promise.ts:31:15) 
{
    code: [32m'SQLIT
E_ERROR'[39m,
    rawCode: 
[33m1[39m,
    [cause]: 
SqliteError: no such 
column: 
cards.is_template
        at 
convertError (D:\UIT_
COURSES\SE100\DailyDe
sk\node_modules\[4m.
pnpm[24m\libsql@0.5.
22\node_modules\[4ml
ibsql[24m\index.js:5
9:12)
        at 
Database.prepare (D:\
UIT_COURSES\SE100\Dai
lyDesk\node_modules\
[4m.pnpm[24m\libsql@
0.5.22\node_modules\
[4mlibsql[24m\index.
js:131:13)
        at 
executeStmt (file:///
D:/UIT_COURSES/SE100/
DailyDesk/node_module
s/[4m.pnpm[24m/@lib
sql+client@0.15.15/no
de_modules/[4m@libsq
l[24m/client/lib-esm
/sqlite3.js:268:28)
        at Sqlite3Cli
ent.execute (file:///
D:/UIT_COURSES/SE100/
DailyDesk/node_module
s/[4m.pnpm[24m/@lib
sql+client@0.15.15/no
de_modules/[4m@libsq
l[24m/client/lib-esm
/sqlite3.js:81:16)
        at file:///D:
/UIT_COURSES/SE100/Da
ilyDesk/node_modules/
[4m.pnpm[24m/drizzl
e-orm@0.44.7_@electri
_5c2928a099a752b7e299
aaadb8975aea/node_mod
ules/[4msrc[24m/lib
sql/session.ts:288:58
        at LibSQLPrep
aredQuery.queryWithCa
che (file:///D:/UIT_C
OURSES/SE100/DailyDes
k/node_modules/[4m.p
npm[24m/drizzle-orm@
0.44.7_@electri_5c292
8a099a752b7e299aaadb8
975aea/node_modules/
[4msrc[24m/sqlite-co
re/session.ts:78:18)
        at LibSQLPrep
aredQuery.values (fil
e:///D:/UIT_COURSES/S
E100/DailyDesk/node_m
odules/[4m.pnpm[24m
/drizzle-orm@0.44.7_@
electri_5c2928a099a75
2b7e299aaadb8975aea/n
ode_modules/[4msrc[
24m/libsql/session.ts
:286:21)
        at LibSQLPrep
aredQuery.all (file:/
//D:/UIT_COURSES/SE10
0/DailyDesk/node_modu
les/[4m.pnpm[24m/dr
izzle-orm@0.44.7_@ele
ctri_5c2928a099a752b7
e299aaadb8975aea/node
_modules/[4msrc[24m
/libsql/session.ts:21
4:27)
        at 
SQLiteSelectBase.all 
(file:///D:/UIT_COURS
ES/SE100/DailyDesk/no
de_modules/[4m.pnpm
[24m/drizzle-orm@0.44
.7_@electri_5c2928a09
9a752b7e299aaadb8975a
ea/node_modules/[4ms
rc[24m/sqlite-core/q
uery-builders/select.
ts:950:26)
        at SQLiteSele
ctBase.execute (file:
///D:/UIT_COURSES/SE1
00/DailyDesk/node_mod
ules/[4m.pnpm[24m/d
rizzle-orm@0.44.7_@el
ectri_5c2928a099a752b
7e299aaadb8975aea/nod
e_modules/[4msrc[24
m/sqlite-core/query-b
uilders/select.ts:962
:15) {
      code: [32m'SQL
ITE_ERROR'[39m,
      rawCode: 
[33m1[39m
    }
  }
}

[90mstderr[2m | tes
ts/cards/card-members
.test.ts[2m > 
[22m[2mCards 
Members Tests[2m > 
[22m[2mCard 
Members[2m > 
[22m[2mshould 
persist members when 
moving card to 
different list
[22m[39mDrizzleQuer
yError: Failed 
query: select "id", 
"name", 
"description", 
"order", 
"cover_url", 
"cover_public_id", 
"cover_color", 
"cover_mode", 
"list_id", 
"start_date", 
"deadline", 
"due_at", 
"due_complete", 
"reminder_minutes", 
"recurrence", 
"recurrence_day", "re
currence_weekday", 
"repeat_frequency", 
"repeat_interval", 
"latitude", 
"longitude", 
"completed", 
"is_template", 
"created_at", 
"updated_at" from 
"cards" where 
"cards"."list_id" = ?
params: 019bd127-da7f
-7c25-b21f-1dad2de043
d5
    at LibSQLPrepared
Query.queryWithCache 
(file:///D:/UIT_COURS
ES/SE100/DailyDesk/no
de_modules/[4m.pnpm
[24m/drizzle-orm@0.44
.7_@electri_5c2928a09
9a752b7e299aaadb8975a
ea/node_modules/[4ms
rc[24m/sqlite-core/s
ession.ts:80:11)
[90m    at processTi
cksAndRejections (nod
e:internal/process/ta
sk_queues:105:5)[39m
    at LibSQLPrepared
Query.values (file://
/D:/UIT_COURSES/SE100
/DailyDesk/node_modul
es/[4m.pnpm[24m/dri
zzle-orm@0.44.7_@elec
tri_5c2928a099a752b7e
299aaadb8975aea/node_
modules/[4msrc[24m/
libsql/session.ts:286
:10)
    at LibSQLPrepared
Query.all (file:///D:
/UIT_COURSES/SE100/Da
ilyDesk/node_modules/
[4m.pnpm[24m/drizzl
e-orm@0.44.7_@electri
_5c2928a099a752b7e299
aaadb8975aea/node_mod
ules/[4msrc[24m/lib
sql/session.ts:214:16
)
    at 
Module.createCard [9
0m(D:\UIT_COURSES\SE1
00\DailyDesk\backend\
[39msrc\services\car
ds.service.ts:319:23
[90m)[39m
    at [90mD:\UIT_CO
URSES\SE100\DailyDesk
\backend\[39msrc\rou
tes\cards.ts:152:22
    at dispatch (file
:///D:/UIT_COURSES/SE
100/DailyDesk/node_mo
dules/[4m.pnpm[24m/
hono@4.11.3/node_modu
les/[4mhono[24m/dis
t/compose.js:22:17)
    at file:///D:/UIT
_COURSES/SE100/DailyD
esk/node_modules/[4m
.pnpm[24m/hono@4.11.
3/node_modules/[4mho
no[24m/dist/validato
r/validator.js:81:12
    at mw (file:///D:
/UIT_COURSES/SE100/Da
ilyDesk/node_modules/
[4m.pnpm[24m/@hono+
zod-openapi@1.2.0_hon
o@4.11.3_zod@4.3.5/no
de_modules/[4m@hono
[24m/zod-openapi/src/
index.ts:546:26)
    at dispatch (file
:///D:/UIT_COURSES/SE
100/DailyDesk/node_mo
dules/[4m.pnpm[24m/
hono@4.11.3/node_modu
les/[4mhono[24m/dis
t/compose.js:22:17) {
  query: 
[32m'select "id", 
"name", 
"description", 
"order", 
"cover_url", 
"cover_public_id", 
"cover_color", 
"cover_mode", 
"list_id", 
"start_date", 
"deadline", 
"due_at", 
"due_complete", 
"reminder_minutes", 
"recurrence", 
"recurrence_day", "re
currence_weekday", 
"repeat_frequency", 
"repeat_interval", 
"latitude", 
"longitude", 
"completed", 
"is_template", 
"created_at", 
"updated_at" from 
"cards" where 
"cards"."list_id" = 
?'[39m,
  params: [ [32m'019
bd127-da7f-7c25-b21f-
1dad2de043d5'[39m ],
  cause: 
LibsqlError: 
SQLITE_ERROR: no 
such column: 
is_template
      at 
mapSqliteError (file:
///D:/UIT_COURSES/SE1
00/DailyDesk/node_mod
ules/[4m.pnpm[24m/@
libsql+client@0.15.15
/node_modules/[4m@li
bsql[24m/client/lib-
esm/sqlite3.js:392:16
)
      at executeStmt 
(file:///D:/UIT_COURS
ES/SE100/DailyDesk/no
de_modules/[4m.pnpm
[24m/@libsql+client@0
.15.15/node_modules/
[4m@libsql[24m/clien
t/lib-esm/sqlite3.js:
297:15)
      at Sqlite3Clien
t.execute (file:///D:
/UIT_COURSES/SE100/Da
ilyDesk/node_modules/
[4m.pnpm[24m/@libsq
l+client@0.15.15/node
_modules/[4m@libsql
[24m/client/lib-esm/s
qlite3.js:81:16)
  [90m    ... 5 
lines matching cause 
stack trace ...[39m
      at SQLiteSelect
Base.execute (file://
/D:/UIT_COURSES/SE100
/DailyDesk/node_modul
es/[4m.pnpm[24m/dri
zzle-orm@0.44.7_@elec
tri_5c2928a099a752b7e
299aaadb8975aea/node_
modules/[4msrc[24m/
sqlite-core/query-bui
lders/select.ts:962:1
5)
      at SQLiteSelect
Base.then (file:///D:
/UIT_COURSES/SE100/Da
ilyDesk/node_modules/
[4m.pnpm[24m/drizzl
e-orm@0.44.7_@electri
_5c2928a099a752b7e299
aaadb8975aea/node_mod
ules/[4msrc[24m/que
ry-promise.ts:31:15) 
{
    code: [32m'SQLIT
E_ERROR'[39m,
    rawCode: 
[33m1[39m,
    [cause]: 
SqliteError: no such 
column: is_template
        at 
convertError (D:\UIT_
COURSES\SE100\DailyDe
sk\node_modules\[4m.
pnpm[24m\libsql@0.5.
22\node_modules\[4ml
ibsql[24m\index.js:5
9:12)
        at 
Database.prepare (D:\
UIT_COURSES\SE100\Dai
lyDesk\node_modules\
[4m.pnpm[24m\libsql@
0.5.22\node_modules\
[4mlibsql[24m\index.
js:131:13)
        at 
executeStmt (file:///
D:/UIT_COURSES/SE100/
DailyDesk/node_module
s/[4m.pnpm[24m/@lib
sql+client@0.15.15/no
de_modules/[4m@libsq
l[24m/client/lib-esm
/sqlite3.js:268:28)
        at Sqlite3Cli
ent.execute (file:///
D:/UIT_COURSES/SE100/
DailyDesk/node_module
s/[4m.pnpm[24m/@lib
sql+client@0.15.15/no
de_modules/[4m@libsq
l[24m/client/lib-esm
/sqlite3.js:81:16)
        at file:///D:
/UIT_COURSES/SE100/Da
ilyDesk/node_modules/
[4m.pnpm[24m/drizzl
e-orm@0.44.7_@electri
_5c2928a099a752b7e299
aaadb8975aea/node_mod
ules/[4msrc[24m/lib
sql/session.ts:288:58
        at LibSQLPrep
aredQuery.queryWithCa
che (file:///D:/UIT_C
OURSES/SE100/DailyDes
k/node_modules/[4m.p
npm[24m/drizzle-orm@
0.44.7_@electri_5c292
8a099a752b7e299aaadb8
975aea/node_modules/
[4msrc[24m/sqlite-co
re/session.ts:78:18)
        at LibSQLPrep
aredQuery.values (fil
e:///D:/UIT_COURSES/S
E100/DailyDesk/node_m
odules/[4m.pnpm[24m
/drizzle-orm@0.44.7_@
electri_5c2928a099a75
2b7e299aaadb8975aea/n
ode_modules/[4msrc[
24m/libsql/session.ts
:286:21)
        at LibSQLPrep
aredQuery.all (file:/
//D:/UIT_COURSES/SE10
0/DailyDesk/node_modu
les/[4m.pnpm[24m/dr
izzle-orm@0.44.7_@ele
ctri_5c2928a099a752b7
e299aaadb8975aea/node
_modules/[4msrc[24m
/libsql/session.ts:21
4:27)
        at 
SQLiteSelectBase.all 
(file:///D:/UIT_COURS
ES/SE100/DailyDesk/no
de_modules/[4m.pnpm
[24m/drizzle-orm@0.44
.7_@electri_5c2928a09
9a752b7e299aaadb8975a
ea/node_modules/[4ms
rc[24m/sqlite-core/q
uery-builders/select.
ts:950:26)
        at SQLiteSele
ctBase.execute (file:
///D:/UIT_COURSES/SE1
00/DailyDesk/node_mod
ules/[4m.pnpm[24m/d
rizzle-orm@0.44.7_@el
ectri_5c2928a099a752b
7e299aaadb8975aea/nod
e_modules/[4msrc[24
m/sqlite-core/query-b
uilders/select.ts:962
:15) {
      code: [32m'SQL
ITE_ERROR'[39m,
      rawCode: 
[33m1[39m
    }
  }
}
Error in updateCard 
route: 
DrizzleQueryError: 
Failed query: select 
"id", "name", 
"description", 
"order", 
"cover_url", 
"cover_public_id", 
"cover_color", 
"cover_mode", 
"list_id", 
"start_date", 
"deadline", 
"due_at", 
"due_complete", 
"reminder_minutes", 
"recurrence", 
"recurrence_day", "re
currence_weekday", 
"repeat_frequency", 
"repeat_interval", 
"latitude", 
"longitude", 
"completed", 
"is_template", 
"created_at", 
"updated_at" from 
"cards" where 
"cards"."id" = ? 
limit ?
params: 019bd127-da83
-7f1b-94cb-74036ada3a
f5,1
    at LibSQLPrepared
Query.queryWithCache 
(file:///D:/UIT_COURS
ES/SE100/DailyDesk/no
de_modules/[4m.pnpm
[24m/drizzle-orm@0.44
.7_@electri_5c2928a09
9a752b7e299aaadb8975a
ea/node_modules/[4ms
rc[24m/sqlite-core/s
ession.ts:80:11)
[90m    at processTi
cksAndRejections (nod
e:internal/process/ta
sk_queues:105:5)[39m
    at LibSQLPrepared
Query.values (file://
/D:/UIT_COURSES/SE100
/DailyDesk/node_modul
es/[4m.pnpm[24m/dri
zzle-orm@0.44.7_@elec
tri_5c2928a099a752b7e
299aaadb8975aea/node_
modules/[4msrc[24m/
libsql/session.ts:286
:10)
    at LibSQLPrepared
Query.all (file:///D:
/UIT_COURSES/SE100/Da
ilyDesk/node_modules/
[4m.pnpm[24m/drizzl
e-orm@0.44.7_@electri
_5c2928a099a752b7e299
aaadb8975aea/node_mod
ules/[4msrc[24m/lib
sql/session.ts:214:16
)
    at 
Module.updateCard [9
0m(D:\UIT_COURSES\SE1
00\DailyDesk\backend\
[39msrc\services\car
ds.service.ts:566:24
[90m)[39m
    at [90mD:\UIT_CO
URSES\SE100\DailyDesk
\backend\[39msrc\rou
tes\cards.ts:244:25
    at dispatch (file
:///D:/UIT_COURSES/SE
100/DailyDesk/node_mo
dules/[4m.pnpm[24m/
hono@4.11.3/node_modu
les/[4mhono[24m/dis
t/compose.js:22:17)
    at file:///D:/UIT
_COURSES/SE100/DailyD
esk/node_modules/[4m
.pnpm[24m/hono@4.11.
3/node_modules/[4mho
no[24m/dist/validato
r/validator.js:81:12
    at mw (file:///D:
/UIT_COURSES/SE100/Da
ilyDesk/node_modules/
[4m.pnpm[24m/@hono+
zod-openapi@1.2.0_hon
o@4.11.3_zod@4.3.5/no
de_modules/[4m@hono
[24m/zod-openapi/src/
index.ts:546:26)
    at dispatch (file
:///D:/UIT_COURSES/SE
100/DailyDesk/node_mo
dules/[4m.pnpm[24m/
hono@4.11.3/node_modu
les/[4mhono[24m/dis
t/compose.js:22:17) {
  query: 
[32m'select "id", 
"name", 
"description", 
"order", 
"cover_url", 
"cover_public_id", 
"cover_color", 
"cover_mode", 
"list_id", 
"start_date", 
"deadline", 
"due_at", 
"due_complete", 
"reminder_minutes", 
"recurrence", 
"recurrence_day", "re
currence_weekday", 
"repeat_frequency", 
"repeat_interval", 
"latitude", 
"longitude", 
"completed", 
"is_template", 
"created_at", 
"updated_at" from 
"cards" where 
"cards"."id" = ? 
limit ?'[39m,
  params: [ [32m'019
bd127-da83-7f1b-94cb-
74036ada3af5'[39m, 
[33m1[39m ],
  cause: 
LibsqlError: 
SQLITE_ERROR: no 
such column: 
is_template
      at 
mapSqliteError (file:
///D:/UIT_COURSES/SE1
00/DailyDesk/node_mod
ules/[4m.pnpm[24m/@
libsql+client@0.15.15
/node_modules/[4m@li
bsql[24m/client/lib-
esm/sqlite3.js:392:16
)
      at executeStmt 
(file:///D:/UIT_COURS
ES/SE100/DailyDesk/no
de_modules/[4m.pnpm
[24m/@libsql+client@0
.15.15/node_modules/
[4m@libsql[24m/clien
t/lib-esm/sqlite3.js:
297:15)
      at Sqlite3Clien
t.execute (file:///D:
/UIT_COURSES/SE100/Da
ilyDesk/node_modules/
[4m.pnpm[24m/@libsq
l+client@0.15.15/node
_modules/[4m@libsql
[24m/client/lib-esm/s
qlite3.js:81:16)
  [90m    ... 5 
lines matching cause 
stack trace ...[39m
      at SQLiteSelect
Base.execute (file://
/D:/UIT_COURSES/SE100
/DailyDesk/node_modul
es/[4m.pnpm[24m/dri
zzle-orm@0.44.7_@elec
tri_5c2928a099a752b7e
299aaadb8975aea/node_
modules/[4msrc[24m/
sqlite-core/query-bui
lders/select.ts:962:1
5)
      at SQLiteSelect
Base.then (file:///D:
/UIT_COURSES/SE100/Da
ilyDesk/node_modules/
[4m.pnpm[24m/drizzl
e-orm@0.44.7_@electri
_5c2928a099a752b7e299
aaadb8975aea/node_mod
ules/[4msrc[24m/que
ry-promise.ts:31:15) 
{
    code: [32m'SQLIT
E_ERROR'[39m,
    rawCode: 
[33m1[39m,
    [cause]: 
SqliteError: no such 
column: is_template
        at 
convertError (D:\UIT_
COURSES\SE100\DailyDe
sk\node_modules\[4m.
pnpm[24m\libsql@0.5.
22\node_modules\[4ml
ibsql[24m\index.js:5
9:12)
        at 
Database.prepare (D:\
UIT_COURSES\SE100\Dai
lyDesk\node_modules\
[4m.pnpm[24m\libsql@
0.5.22\node_modules\
[4mlibsql[24m\index.
js:131:13)
        at 
executeStmt (file:///
D:/UIT_COURSES/SE100/
DailyDesk/node_module
s/[4m.pnpm[24m/@lib
sql+client@0.15.15/no
de_modules/[4m@libsq
l[24m/client/lib-esm
/sqlite3.js:268:28)
        at Sqlite3Cli
ent.execute (file:///
D:/UIT_COURSES/SE100/
DailyDesk/node_module
s/[4m.pnpm[24m/@lib
sql+client@0.15.15/no
de_modules/[4m@libsq
l[24m/client/lib-esm
/sqlite3.js:81:16)
        at file:///D:
/UIT_COURSES/SE100/Da
ilyDesk/node_modules/
[4m.pnpm[24m/drizzl
e-orm@0.44.7_@electri
_5c2928a099a752b7e299
aaadb8975aea/node_mod
ules/[4msrc[24m/lib
sql/session.ts:288:58
        at LibSQLPrep
aredQuery.queryWithCa
che (file:///D:/UIT_C
OURSES/SE100/DailyDes
k/node_modules/[4m.p
npm[24m/drizzle-orm@
0.44.7_@electri_5c292
8a099a752b7e299aaadb8
975aea/node_modules/
[4msrc[24m/sqlite-co
re/session.ts:78:18)
        at LibSQLPrep
aredQuery.values (fil
e:///D:/UIT_COURSES/S
E100/DailyDesk/node_m
odules/[4m.pnpm[24m
/drizzle-orm@0.44.7_@
electri_5c2928a099a75
2b7e299aaadb8975aea/n
ode_modules/[4msrc[
24m/libsql/session.ts
:286:21)
        at LibSQLPrep
aredQuery.all (file:/
//D:/UIT_COURSES/SE10
0/DailyDesk/node_modu
les/[4m.pnpm[24m/dr
izzle-orm@0.44.7_@ele
ctri_5c2928a099a752b7
e299aaadb8975aea/node
_modules/[4msrc[24m
/libsql/session.ts:21
4:27)
        at 
SQLiteSelectBase.all 
(file:///D:/UIT_COURS
ES/SE100/DailyDesk/no
de_modules/[4m.pnpm
[24m/drizzle-orm@0.44
.7_@electri_5c2928a09
9a752b7e299aaadb8975a
ea/node_modules/[4ms
rc[24m/sqlite-core/q
uery-builders/select.
ts:950:26)
        at SQLiteSele
ctBase.execute (file:
///D:/UIT_COURSES/SE1
00/DailyDesk/node_mod
ules/[4m.pnpm[24m/d
rizzle-orm@0.44.7_@el
ectri_5c2928a099a752b
7e299aaadb8975aea/nod
e_modules/[4msrc[24
m/sqlite-core/query-b
uilders/select.ts:962
:15) {
      code: [32m'SQL
ITE_ERROR'[39m,
      rawCode: 
[33m1[39m
    }
  }
}
DrizzleQueryError: 
Failed query: select 
"id", "name", 
"description", 
"order", 
"cover_url", 
"cover_public_id", 
"cover_color", 
"cover_mode", 
"list_id", 
"start_date", 
"deadline", 
"due_at", 
"due_complete", 
"reminder_minutes", 
"recurrence", 
"recurrence_day", "re
currence_weekday", 
"repeat_frequency", 
"repeat_interval", 
"latitude", 
"longitude", 
"completed", 
"is_template", 
"created_at", 
"updated_at" from 
"cards" where 
"cards"."id" = ? 
limit ?
params: 019bd127-da83
-7f1b-94cb-74036ada3a
f5,1
    at LibSQLPrepared
Query.queryWithCache 
(file:///D:/UIT_COURS
ES/SE100/DailyDesk/no
de_modules/[4m.pnpm
[24m/drizzle-orm@0.44
.7_@electri_5c2928a09
9a752b7e299aaadb8975a
ea/node_modules/[4ms
rc[24m/sqlite-core/s
ession.ts:80:11)
[90m    at processTi
cksAndRejections (nod
e:internal/process/ta
sk_queues:105:5)[39m
    at LibSQLPrepared
Query.values (file://
/D:/UIT_COURSES/SE100
/DailyDesk/node_modul
es/[4m.pnpm[24m/dri
zzle-orm@0.44.7_@elec
tri_5c2928a099a752b7e
299aaadb8975aea/node_
modules/[4msrc[24m/
libsql/session.ts:286
:10)
    at LibSQLPrepared
Query.all (file:///D:
/UIT_COURSES/SE100/Da
ilyDesk/node_modules/
[4m.pnpm[24m/drizzl
e-orm@0.44.7_@electri
_5c2928a099a752b7e299
aaadb8975aea/node_mod
ules/[4msrc[24m/lib
sql/session.ts:214:16
)
    at 
Module.updateCard [9
0m(D:\UIT_COURSES\SE1
00\DailyDesk\backend\
[39msrc\services\car
ds.service.ts:566:24
[90m)[39m
    at [90mD:\UIT_CO
URSES\SE100\DailyDesk
\backend\[39msrc\rou
tes\cards.ts:244:25
    at dispatch (file
:///D:/UIT_COURSES/SE
100/DailyDesk/node_mo
dules/[4m.pnpm[24m/
hono@4.11.3/node_modu
les/[4mhono[24m/dis
t/compose.js:22:17)
    at file:///D:/UIT
_COURSES/SE100/DailyD
esk/node_modules/[4m
.pnpm[24m/hono@4.11.
3/node_modules/[4mho
no[24m/dist/validato
r/validator.js:81:12
    at mw (file:///D:
/UIT_COURSES/SE100/Da
ilyDesk/node_modules/
[4m.pnpm[24m/@hono+
zod-openapi@1.2.0_hon
o@4.11.3_zod@4.3.5/no
de_modules/[4m@hono
[24m/zod-openapi/src/
index.ts:546:26)
    at dispatch (file
:///D:/UIT_COURSES/SE
100/DailyDesk/node_mo
dules/[4m.pnpm[24m/
hono@4.11.3/node_modu
les/[4mhono[24m/dis
t/compose.js:22:17) {
  query: 
[32m'select "id", 
"name", 
"description", 
"order", 
"cover_url", 
"cover_public_id", 
"cover_color", 
"cover_mode", 
"list_id", 
"start_date", 
"deadline", 
"due_at", 
"due_complete", 
"reminder_minutes", 
"recurrence", 
"recurrence_day", "re
currence_weekday", 
"repeat_frequency", 
"repeat_interval", 
"latitude", 
"longitude", 
"completed", 
"is_template", 
"created_at", 
"updated_at" from 
"cards" where 
"cards"."id" = ? 
limit ?'[39m,
  params: [ [32m'019
bd127-da83-7f1b-94cb-
74036ada3af5'[39m, 
[33m1[39m ],
  cause: 
LibsqlError: 
SQLITE_ERROR: no 
such column: 
is_template
      at 
mapSqliteError (file:
///D:/UIT_COURSES/SE1
00/DailyDesk/node_mod
ules/[4m.pnpm[24m/@
libsql+client@0.15.15
/node_modules/[4m@li
bsql[24m/client/lib-
esm/sqlite3.js:392:16
)
      at executeStmt 
(file:///D:/UIT_COURS
ES/SE100/DailyDesk/no
de_modules/[4m.pnpm
[24m/@libsql+client@0
.15.15/node_modules/
[4m@libsql[24m/clien
t/lib-esm/sqlite3.js:
297:15)
      at Sqlite3Clien
t.execute (file:///D:
/UIT_COURSES/SE100/Da
ilyDesk/node_modules/
[4m.pnpm[24m/@libsq
l+client@0.15.15/node
_modules/[4m@libsql
[24m/client/lib-esm/s
qlite3.js:81:16)
  [90m    ... 5 
lines matching cause 
stack trace ...[39m
      at SQLiteSelect
Base.execute (file://
/D:/UIT_COURSES/SE100
/DailyDesk/node_modul
es/[4m.pnpm[24m/dri
zzle-orm@0.44.7_@elec
tri_5c2928a099a752b7e
299aaadb8975aea/node_
modules/[4msrc[24m/
sqlite-core/query-bui
lders/select.ts:962:1
5)
      at SQLiteSelect
Base.then (file:///D:
/UIT_COURSES/SE100/Da
ilyDesk/node_modules/
[4m.pnpm[24m/drizzl
e-orm@0.44.7_@electri
_5c2928a099a752b7e299
aaadb8975aea/node_mod
ules/[4msrc[24m/que
ry-promise.ts:31:15) 
{
    code: [32m'SQLIT
E_ERROR'[39m,
    rawCode: 
[33m1[39m,
    [cause]: 
SqliteError: no such 
column: is_template
        at 
convertError (D:\UIT_
COURSES\SE100\DailyDe
sk\node_modules\[4m.
pnpm[24m\libsql@0.5.
22\node_modules\[4ml
ibsql[24m\index.js:5
9:12)
        at 
Database.prepare (D:\
UIT_COURSES\SE100\Dai
lyDesk\node_modules\
[4m.pnpm[24m\libsql@
0.5.22\node_modules\
[4mlibsql[24m\index.
js:131:13)
        at 
executeStmt (file:///
D:/UIT_COURSES/SE100/
DailyDesk/node_module
s/[4m.pnpm[24m/@lib
sql+client@0.15.15/no
de_modules/[4m@libsq
l[24m/client/lib-esm
/sqlite3.js:268:28)
        at Sqlite3Cli
ent.execute (file:///
D:/UIT_COURSES/SE100/
DailyDesk/node_module
s/[4m.pnpm[24m/@lib
sql+client@0.15.15/no
de_modules/[4m@libsq
l[24m/client/lib-esm
/sqlite3.js:81:16)
        at file:///D:
/UIT_COURSES/SE100/Da
ilyDesk/node_modules/
[4m.pnpm[24m/drizzl
e-orm@0.44.7_@electri
_5c2928a099a752b7e299
aaadb8975aea/node_mod
ules/[4msrc[24m/lib
sql/session.ts:288:58
        at LibSQLPrep
aredQuery.queryWithCa
che (file:///D:/UIT_C
OURSES/SE100/DailyDes
k/node_modules/[4m.p
npm[24m/drizzle-orm@
0.44.7_@electri_5c292
8a099a752b7e299aaadb8
975aea/node_modules/
[4msrc[24m/sqlite-co
re/session.ts:78:18)
        at LibSQLPrep
aredQuery.values (fil
e:///D:/UIT_COURSES/S
E100/DailyDesk/node_m
odules/[4m.pnpm[24m
/drizzle-orm@0.44.7_@
electri_5c2928a099a75
2b7e299aaadb8975aea/n
ode_modules/[4msrc[
24m/libsql/session.ts
:286:21)
        at LibSQLPrep
aredQuery.all (file:/
//D:/UIT_COURSES/SE10
0/DailyDesk/node_modu
les/[4m.pnpm[24m/dr
izzle-orm@0.44.7_@ele
ctri_5c2928a099a752b7
e299aaadb8975aea/node
_modules/[4msrc[24m
/libsql/session.ts:21
4:27)
        at 
SQLiteSelectBase.all 
(file:///D:/UIT_COURS
ES/SE100/DailyDesk/no
de_modules/[4m.pnpm
[24m/drizzle-orm@0.44
.7_@electri_5c2928a09
9a752b7e299aaadb8975a
ea/node_modules/[4ms
rc[24m/sqlite-core/q
uery-builders/select.
ts:950:26)
        at SQLiteSele
ctBase.execute (file:
///D:/UIT_COURSES/SE1
00/DailyDesk/node_mod
ules/[4m.pnpm[24m/d
rizzle-orm@0.44.7_@el
ectri_5c2928a099a752b
7e299aaadb8975aea/nod
e_modules/[4msrc[24
m/sqlite-core/query-b
uilders/select.ts:962
:15) {
      code: [32m'SQL
ITE_ERROR'[39m,
      rawCode: 
[33m1[39m
    }
  }
}
Error in updateCard 
route: 
DrizzleQueryError: 
Failed query: select 
"id", "name", 
"description", 
"order", 
"cover_url", 
"cover_public_id", 
"cover_color", 
"cover_mode", 
"list_id", 
"start_date", 
"deadline", 
"due_at", 
"due_complete", 
"reminder_minutes", 
"recurrence", 
"recurrence_day", "re
currence_weekday", 
"repeat_frequency", 
"repeat_interval", 
"latitude", 
"longitude", 
"completed", 
"is_template", 
"created_at", 
"updated_at" from 
"cards" where 
"cards"."id" = ? 
limit ?
params: 019bd127-da83
-7f1b-94cb-74036ada3a
f5,1
    at LibSQLPrepared
Query.queryWithCache 
(file:///D:/UIT_COURS
ES/SE100/DailyDesk/no
de_modules/[4m.pnpm
[24m/drizzle-orm@0.44
.7_@electri_5c2928a09
9a752b7e299aaadb8975a
ea/node_modules/[4ms
rc[24m/sqlite-core/s
ession.ts:80:11)
[90m    at processTi
cksAndRejections (nod
e:internal/process/ta
sk_queues:105:5)[39m
    at LibSQLPrepared
Query.values (file://
/D:/UIT_COURSES/SE100
/DailyDesk/node_modul
es/[4m.pnpm[24m/dri
zzle-orm@0.44.7_@elec
tri_5c2928a099a752b7e
299aaadb8975aea/node_
modules/[4msrc[24m/
libsql/session.ts:286
:10)
    at LibSQLPrepared
Query.all (file:///D:
/UIT_COURSES/SE100/Da
ilyDesk/node_modules/
[4m.pnpm[24m/drizzl
e-orm@0.44.7_@electri
_5c2928a099a752b7e299
aaadb8975aea/node_mod
ules/[4msrc[24m/lib
sql/session.ts:214:16
)
    at 
Module.updateCard [9
0m(D:\UIT_COURSES\SE1
00\DailyDesk\backend\
[39msrc\services\car
ds.service.ts:566:24
[90m)[39m
    at [90mD:\UIT_CO
URSES\SE100\DailyDesk
\backend\[39msrc\rou
tes\cards.ts:244:25
[90mstdout[2m | tests/members.test.ts[2m > [22m[2mMembers API Integration Tests[2m > [22m[2mPOST /boards/{boardId}/members/by-user-id[2m > [22m[2mshould add member by userId with auto-fetch from Auth0
[22m[39mMember auth0|autofetch123 not found in board 019bd127-daff-73dc-98b2-646c050cd4fd, fetching from Auth0...
Γ£à Created new board member: Auto Fetch User (autofetch@example.com)

    at dispatch (file
:///D:/UIT_COURSES/SE
100/DailyDesk/node_mo
dules/[4m.pnpm[24m/
hono@4.11.3/node_modu
les/[4mhono[24m/dis
t/compose.js:22:17)
    at file:///D:/UIT
_COURSES/SE100/DailyD
esk/node_modules/[4m
.pnpm[24m/hono@4.11.
3/node_modules/[4mho
no[24m/dist/validato
r/validator.js:81:12
    at mw (file:///D:
/UIT_COURSES/SE100/Da
ilyDesk/node_modules/
[4m.pnpm[24m/@hono+
zod-openapi@1.2.0_hon
o@4.11.3_zod@4.3.5/no
de_modules/[4m@hono
[24m/zod-openapi/src/
index.ts:546:26)
    at dispatch (file
:///D:/UIT_COURSES/SE
100/DailyDesk/node_mo
dules/[4m.pnpm[24m/
hono@4.11.3/node_modu
les/[4mhono[24m/dis
t/compose.js:22:17) {
  query: 
[32m'select "id", 
"name", 
"description", 
"order", 
"cover_url", 
"cover_public_id", 
"cover_color", 
"cover_mode", 
"list_id", 
"start_date", 
"deadline", 
"due_at", 
"due_complete", 
"reminder_minutes", 
"recurrence", 
"recurrence_day", "re
currence_weekday", 
"repeat_frequency", 
"repeat_interval", 
"latitude", 
"longitude", 
"completed", 
"is_template", 
"created_at", 
"updated_at" from 
"cards" where 
"cards"."id" = ? 
limit ?'[39m,
  params: [ [32m'019
bd127-da83-7f1b-94cb-
74036ada3af5'[39m, 
[33m1[39m ],
  cause: 
LibsqlError: 
SQLITE_ERROR: no 
such column: 
is_template
      at 
mapSqliteError (file:
///D:/UIT_COURSES/SE1
00/DailyDesk/node_mod
ules/[4m.pnpm[24m/@
libsql+client@0.15.15
/node_modules/[4m@li
bsql[24m/client/lib-
esm/sqlite3.js:392:16
)
      at executeStmt 
(file:///D:/UIT_COURS
ES/SE100/DailyDesk/no
de_modules/[4m.pnpm
[24m/@libsql+client@0
.15.15/node_modules/
[4m@libsql[24m/clien
t/lib-esm/sqlite3.js:
297:15)
      at Sqlite3Clien
t.execute (file:///D:
/UIT_COURSES/SE100/Da
ilyDesk/node_modules/
[4m.pnpm[24m/@libsq
l+client@0.15.15/node
_modules/[4m@libsql
[24m/client/lib-esm/s
qlite3.js:81:16)
  [90m    ... 5 
lines matching cause 
stack trace ...[39m
      at SQLiteSelect
Base.execute (file://
/D:/UIT_COURSES/SE100
/DailyDesk/node_modul
es/[4m.pnpm[24m/dri
zzle-orm@0.44.7_@elec
tri_5c2928a099a752b7e
299aaadb8975aea/node_
modules/[4msrc[24m/
sqlite-core/query-bui
lders/select.ts:962:1
5)
      at SQLiteSelect
Base.then (file:///D:
/UIT_COURSES/SE100/Da
ilyDesk/node_modules/
[4m.pnpm[24m/drizzl
e-orm@0.44.7_@electri
_5c2928a099a752b7e299
aaadb8975aea/node_mod
ules/[4msrc[24m/que
ry-promise.ts:31:15) 
{
    code: [32m'SQLIT
E_ERROR'[39m,
    rawCode: 
[33m1[39m,
    [cause]: 
SqliteError: no such 
column: is_template
        at 
convertError (D:\UIT_
COURSES\SE100\DailyDe
sk\node_modules\[4m.
pnpm[24m\libsql@0.5.
22\node_modules\[4ml
ibsql[24m\index.js:5
9:12)
        at 
Database.prepare (D:\
UIT_COURSES\SE100\Dai
lyDesk\node_modules\
[4m.pnpm[24m\libsql@
0.5.22\node_modules\
[4mlibsql[24m\index.
js:131:13)
        at 
executeStmt (file:///
D:/UIT_COURSES/SE100/
DailyDesk/node_module
s/[4m.pnpm[24m/@lib
sql+client@0.15.15/no
de_modules/[4m@libsq
l[24m/client/lib-esm
/sqlite3.js:268:28)
        at Sqlite3Cli
ent.execute (file:///
D:/UIT_COURSES/SE100/
DailyDesk/node_module
s/[4m.pnpm[24m/@lib
sql+client@0.15.15/no
de_modules/[4m@libsq
l[24m/client/lib-esm
/sqlite3.js:81:16)
        at file:///D:
/UIT_COURSES/SE100/Da
ilyDesk/node_modules/
[4m.pnpm[24m/drizzl
e-orm@0.44.7_@electri
_5c2928a099a752b7e299
aaadb8975aea/node_mod
ules/[4msrc[24m/lib
sql/session.ts:288:58
        at LibSQLPrep
aredQuery.queryWithCa
che (file:///D:/UIT_C
OURSES/SE100/DailyDes
k/node_modules/[4m.p
npm[24m/drizzle-orm@
0.44.7_@electri_5c292
8a099a752b7e299aaadb8
975aea/node_modules/
[4msrc[24m/sqlite-co
re/session.ts:78:18)
        at LibSQLPrep
aredQuery.values (fil
e:///D:/UIT_COURSES/S
E100/DailyDesk/node_m
odules/[4m.pnpm[24m
/drizzle-orm@0.44.7_@
electri_5c2928a099a75
2b7e299aaadb8975aea/n
ode_modules/[4msrc[
24m/libsql/session.ts
:286:21)
        at LibSQLPrep
aredQuery.all (file:/
//D:/UIT_COURSES/SE10
0/DailyDesk/node_modu
les/[4m.pnpm[24m/dr
izzle-orm@0.44.7_@ele
ctri_5c2928a099a752b7
e299aaadb8975aea/node
_modules/[4msrc[24m
/libsql/session.ts:21
4:27)
        at 
SQLiteSelectBase.all 
(file:///D:/UIT_COURS
ES/SE100/DailyDesk/no
de_modules/[4m.pnpm
[24m/drizzle-orm@0.44
.7_@electri_5c2928a09
9a752b7e299aaadb8975a
ea/node_modules/[4ms
rc[24m/sqlite-core/q
uery-builders/select.
ts:950:26)
        at SQLiteSele
ctBase.execute (file:
///D:/UIT_COURSES/SE1
00/DailyDesk/node_mod
ules/[4m.pnpm[24m/d
rizzle-orm@0.44.7_@el
ectri_5c2928a099a752b
7e299aaadb8975aea/nod
e_modules/[4msrc[24
m/sqlite-core/query-b
uilders/select.ts:962
:15) {
      code: [32m'SQL
ITE_ERROR'[39m,
      rawCode: 
[33m1[39m
    }
  }
}
DrizzleQueryError: 
Failed query: select 
"id", "name", 
"description", 
"order", 
"cover_url", 
"cover_public_id", 
"cover_color", 
"cover_mode", 
"list_id", 
"start_date", 
"deadline", 
"due_at", 
"due_complete", 
"reminder_minutes", 
"recurrence", 
"recurrence_day", "re
currence_weekday", 
"repeat_frequency", 
"repeat_interval", 
"latitude", 
"longitude", 
"completed", 
"is_template", 
"created_at", 
"updated_at" from 
"cards" where 
"cards"."id" = ? 
limit ?
params: 019bd127-da83
-7f1b-94cb-74036ada3a
f5,1
    at LibSQLPrepared
Query.queryWithCache 
(file:///D:/UIT_COURS
ES/SE100/DailyDesk/no
de_modules/[4m.pnpm
[24m/drizzle-orm@0.44
.7_@electri_5c2928a09
9a752b7e299aaadb8975a
ea/node_modules/[4ms
rc[24m/sqlite-core/s
ession.ts:80:11)
[90m    at processTi
cksAndRejections (nod
e:internal/process/ta
sk_queues:105:5)[39m
    at LibSQLPrepared
Query.values (file://
/D:/UIT_COURSES/SE100
/DailyDesk/node_modul
es/[4m.pnpm[24m/dri
zzle-orm@0.44.7_@elec
tri_5c2928a099a752b7e
299aaadb8975aea/node_
modules/[4msrc[24m/
libsql/session.ts:286
:10)
    at LibSQLPrepared
Query.all (file:///D:
/UIT_COURSES/SE100/Da
ilyDesk/node_modules/
[4m.pnpm[24m/drizzl
e-orm@0.44.7_@electri
_5c2928a099a752b7e299
aaadb8975aea/node_mod
ules/[4msrc[24m/lib
sql/session.ts:214:16
)
    at 
Module.updateCard [9
0m(D:\UIT_COURSES\SE1
00\DailyDesk\backend\
[39msrc\services\car
ds.service.ts:566:24
[90m)[39m
    at [90mD:\UIT_CO
URSES\SE100\DailyDesk
\backend\[39msrc\rou
tes\cards.ts:244:25
    at dispatch (file
:///D:/UIT_COURSES/SE
100/DailyDesk/node_mo
dules/[4m.pnpm[24m/
hono@4.11.3/node_modu
les/[4mhono[24m/dis
t/compose.js:22:17)
    at file:///D:/UIT
_COURSES/SE100/DailyD
esk/node_modules/[4m
.pnpm[24m/hono@4.11.
3/node_modules/[4mho
no[24m/dist/validato
r/validator.js:81:12
    at mw (file:///D:
/UIT_COURSES/SE100/Da
ilyDesk/node_modules/
[4m.pnpm[24m/@hono+
zod-openapi@1.2.0_hon
o@4.11.3_zod@4.3.5/no
de_modules/[4m@hono
[24m/zod-openapi/src/
index.ts:546:26)
    at dispatch (file
:///D:/UIT_COURSES/SE
100/DailyDesk/node_mo
dules/[4m.pnpm[24m/
hono@4.11.3/node_modu
les/[4mhono[24m/dis
t/compose.js:22:17) {
  query: 
[32m'select "id", 
"name", 
"description", 
"order", 
"cover_url", 
"cover_public_id", 
"cover_color", 
"cover_mode", 
"list_id", 
"start_date", 
"deadline", 
"due_at", 
"due_complete", 
"reminder_minutes", 
"recurrence", 
"recurrence_day", "re
currence_weekday", 
"repeat_frequency", 
"repeat_interval", 
"latitude", 
"longitude", 
"completed", 
"is_template", 
"created_at", 
"updated_at" from 
"cards" where 
"cards"."id" = ? 
limit ?'[39m,
  params: [ [32m'019
bd127-da83-7f1b-94cb-
74036ada3af5'[39m, 
[33m1[39m ],
  cause: 
LibsqlError: 
SQLITE_ERROR: no 
such column: 
is_template
      at 
mapSqliteError (file:
///D:/UIT_COURSES/SE1
00/DailyDesk/node_mod
ules/[4m.pnpm[24m/@
libsql+client@0.15.15
/node_modules/[4m@li
bsql[24m/client/lib-
esm/sqlite3.js:392:16
)
      at executeStmt 
(file:///D:/UIT_COURS
ES/SE100/DailyDesk/no
de_modules/[4m.pnpm
[24m/@libsql+client@0
.15.15/node_modules/
[4m@libsql[24m/clien
t/lib-esm/sqlite3.js:
297:15)
      at Sqlite3Clien
t.execute (file:///D:
/UIT_COURSES/SE100/Da
ilyDesk/node_modules/
[4m.pnpm[24m/@libsq
l+client@0.15.15/node
_modules/[4m@libsql
[24m/client/lib-esm/s
qlite3.js:81:16)
  [90m    ... 5 
lines matching cause 
stack trace ...[39m
      at SQLiteSelect
Base.execute (file://
/D:/UIT_COURSES/SE100
/DailyDesk/node_modul
es/[4m.pnpm[24m/dri
zzle-orm@0.44.7_@elec
tri_5c2928a099a752b7e
299aaadb8975aea/node_
modules/[4msrc[24m/
sqlite-core/query-bui
lders/select.ts:962:1
5)
      at SQLiteSelect
Base.then (file:///D:
/UIT_COURSES/SE100/Da
ilyDesk/node_modules/
[4m.pnpm[24m/drizzl
e-orm@0.44.7_@electri
_5c2928a099a752b7e299
aaadb8975aea/node_mod
ules/[4msrc[24m/que
ry-promise.ts:31:15) 
{
    code: [32m'SQLIT
E_ERROR'[39m,
    rawCode: 
[33m1[39m,
    [cause]: 
SqliteError: no such 
column: is_template
        at 
convertError (D:\UIT_
COURSES\SE100\DailyDe
sk\node_modules\[4m.
pnpm[24m\libsql@0.5.
22\node_modules\[4ml
ibsql[24m\index.js:5
9:12)
        at 
Database.prepare (D:\
UIT_COURSES\SE100\Dai
lyDesk\node_modules\
[4m.pnpm[24m\libsql@
0.5.22\node_modules\
[4mlibsql[24m\index.
js:131:13)
        at 
executeStmt (file:///
D:/UIT_COURSES/SE100/
DailyDesk/node_module
s/[4m.pnpm[24m/@lib
sql+client@0.15.15/no
de_modules/[4m@libsq
l[24m/client/lib-esm
/sqlite3.js:268:28)
        at Sqlite3Cli
ent.execute (file:///
D:/UIT_COURSES/SE100/
DailyDesk/node_module
s/[4m.pnpm[24m/@lib
sql+client@0.15.15/no
de_modules/[4m@libsq
l[24m/client/lib-esm
/sqlite3.js:81:16)
        at file:///D:
/UIT_COURSES/SE100/Da
ilyDesk/node_modules/
[4m.pnpm[24m/drizzl
e-orm@0.44.7_@electri
_5c2928a099a752b7e299
aaadb8975aea/node_mod
ules/[4msrc[24m/lib
sql/session.ts:288:58
        at LibSQLPrep
aredQuery.queryWithCa
che (file:///D:/UIT_C
OURSES/SE100/DailyDes
k/node_modules/[4m.p
npm[24m/drizzle-orm@
0.44.7_@electri_5c292
8a099a752b7e299aaadb8
975aea/node_modules/
[4msrc[24m/sqlite-co
re/session.ts:78:18)
        at LibSQLPrep
aredQuery.values (fil
e:///D:/UIT_COURSES/S
E100/DailyDesk/node_m
odules/[4m.pnpm[24m
/drizzle-orm@0.44.7_@
electri_5c2928a099a75
2b7e299aaadb8975aea/n
ode_modules/[4msrc[
24m/libsql/session.ts
:286:21)
        at LibSQLPrep
aredQuery.all (file:/
//D:/UIT_COURSES/SE10
0/DailyDesk/node_modu
les/[4m.pnpm[24m/dr
izzle-orm@0.44.7_@ele
ctri_5c2928a099a752b7
e299aaadb8975aea/node
_modules/[4msrc[24m
/libsql/session.ts:21
4:27)
        at 
SQLiteSelectBase.all 
(file:///D:/UIT_COURS
ES/SE100/DailyDesk/no
de_modules/[4m.pnpm
[24m/drizzle-orm@0.44
.7_@electri_5c2928a09
9a752b7e299aaadb8975a
ea/node_modules/[4ms
rc[24m/sqlite-core/q
uery-builders/select.
ts:950:26)
        at SQLiteSele
ctBase.execute (file:
///D:/UIT_COURSES/SE1
00/DailyDesk/node_mod
ules/[4m.pnpm[24m/d
rizzle-orm@0.44.7_@el
ectri_5c2928a099a752b
7e299aaadb8975aea/nod
e_modules/[4msrc[24
m/sqlite-core/query-b
uilders/select.ts:962
:15) {
      code: [32m'SQL
ITE_ERROR'[39m,
      rawCode: 
[33m1[39m
    }
  }
}
DrizzleQueryError: 
Failed query: select 
"cards"."id", 
"cards"."name", "card
s"."description", 
"cards"."order", 
"cards"."cover_url", 
"cards"."cover_public
_id", "cards"."cover_
color", "cards"."cove
r_mode", 
"cards"."list_id", "c
ards"."start_date", 
"cards"."deadline", 
"cards"."due_at", "ca
rds"."due_complete", 
"cards"."reminder_min
utes", "cards"."recur
rence", "cards"."recu
rrence_day", "cards".
"recurrence_weekday",
 "cards"."repeat_freq
uency", "cards"."repe
at_interval", 
"cards"."latitude", 
"cards"."longitude", 
"cards"."completed", 
"cards"."is_template"
, "cards"."created_at
", "cards"."updated_a
t", "lists"."id", 
"lists"."name", 
"lists"."order", 
"lists"."board_id" 
from "cards" inner 
join "lists" on 
"cards"."list_id" = 
"lists"."id" where 
"cards"."id" = ? 
limit ?
params: 019bd127-da83
-7f1b-94cb-74036ada3a
f5,1
    at LibSQLPrepared
Query.queryWithCache 
(file:///D:/UIT_COURS
ES/SE100/DailyDesk/no
de_modules/[4m.pnpm
[24m/drizzle-orm@0.44
.7_@electri_5c2928a09
9a752b7e299aaadb8975a
ea/node_modules/[4ms
rc[24m/sqlite-core/s
ession.ts:80:11)
[90m    at processTi
cksAndRejections (nod
e:internal/process/ta
sk_queues:105:5)[39m
    at LibSQLPrepared
Query.values (file://
/D:/UIT_COURSES/SE100
/DailyDesk/node_modul
es/[4m.pnpm[24m/dri
zzle-orm@0.44.7_@elec
tri_5c2928a099a752b7e
299aaadb8975aea/node_
modules/[4msrc[24m/
libsql/session.ts:286
:10)
    at LibSQLPrepared
Query.all (file:///D:
/UIT_COURSES/SE100/Da
ilyDesk/node_modules/
[4m.pnpm[24m/drizzl
e-orm@0.44.7_@electri
_5c2928a099a752b7e299
aaadb8975aea/node_mod
ules/[4msrc[24m/lib
sql/session.ts:214:16
)
    at 
Module.getCardById [
90m(D:\UIT_COURSES\SE
100\DailyDesk\backend
\[39msrc\services\ca
rds.service.ts:459:16
[90m)[39m
    at [90mD:\UIT_CO
URSES\SE100\DailyDesk
\backend\[39msrc\rou
tes\cards.ts:195:22
    at dispatch (file
:///D:/UIT_COURSES/SE
100/DailyDesk/node_mo
dules/[4m.pnpm[24m/
hono@4.11.3/node_modu
les/[4mhono[24m/dis
t/compose.js:22:17)
    at file:///D:/UIT
_COURSES/SE100/DailyD
esk/node_modules/[4m
.pnpm[24m/hono@4.11.
3/node_modules/[4mho
no[24m/dist/validato
r/validator.js:81:12
    at dispatch (file
:///D:/UIT_COURSES/SE
100/DailyDesk/node_mo
dules/[4m.pnpm[24m/
hono@4.11.3/node_modu
les/[4mhono[24m/dis
t/compose.js:22:17)
    at [90mD:\UIT_CO
URSES\SE100\DailyDesk
\backend\[39mtests\h
elpers\auth.ts:27:5 {
  query: 
[32m'select 
"cards"."id", 
"cards"."name", "card
s"."description", 
"cards"."order", 
"cards"."cover_url", 
"cards"."cover_public
_id", "cards"."cover_
color", "cards"."cove
r_mode", 
"cards"."list_id", "c
ards"."start_date", 
"cards"."deadline", 
"cards"."due_at", "ca
rds"."due_complete", 
"cards"."reminder_min
utes", "cards"."recur
rence", "cards"."recu
rrence_day", "cards".
"recurrence_weekday",
 "cards"."repeat_freq
uency", "cards"."repe
at_interval", 
"cards"."latitude", 
"cards"."longitude", 
"cards"."completed", 
"cards"."is_template"
, "cards"."created_at
", "cards"."updated_a
t", "lists"."id", 
"lists"."name", 
"lists"."order", 
"lists"."board_id" 
from "cards" inner 
join "lists" on 
"cards"."list_id" = 
"lists"."id" where 
"cards"."id" = ? 
limit ?'[39m,
  params: [ [32m'019
bd127-da83-7f1b-94cb-
74036ada3af5'[39m, 
[33m1[39m ],
  cause: 
LibsqlError: 
SQLITE_ERROR: no 
such column: 
cards.is_template
      at 
mapSqliteError (file:
///D:/UIT_COURSES/SE1
00/DailyDesk/node_mod
ules/[4m.pnpm[24m/@
libsql+client@0.15.15
/node_modules/[4m@li
bsql[24m/client/lib-
esm/sqlite3.js:392:16
)
      at executeStmt 
(file:///D:/UIT_COURS
ES/SE100/DailyDesk/no
de_modules/[4m.pnpm
[24m/@libsql+client@0
.15.15/node_modules/
[4m@libsql[24m/clien
t/lib-esm/sqlite3.js:
297:15)
      at Sqlite3Clien
t.execute (file:///D:
/UIT_COURSES/SE100/Da
ilyDesk/node_modules/
[4m.pnpm[24m/@libsq
l+client@0.15.15/node
_modules/[4m@libsql
[24m/client/lib-esm/s
qlite3.js:81:16)
  [90m    ... 5 
lines matching cause 
stack trace ...[39m
      at SQLiteSelect
Base.execute (file://
/D:/UIT_COURSES/SE100
/DailyDesk/node_modul
es/[4m.pnpm[24m/dri
zzle-orm@0.44.7_@elec
tri_5c2928a099a752b7e
299aaadb8975aea/node_
modules/[4msrc[24m/
sqlite-core/query-bui
lders/select.ts:962:1
5)
      at SQLiteSelect
Base.then (file:///D:
/UIT_COURSES/SE100/Da
ilyDesk/node_modules/
[4m.pnpm[24m/drizzl
e-orm@0.44.7_@electri
_5c2928a099a752b7e299
aaadb8975aea/node_mod
ules/[4msrc[24m/que
ry-promise.ts:31:15) 
{
    code: [32m'SQLIT
E_ERROR'[39m,
    rawCode: 
[33m1[39m,
    [cause]: 
SqliteError: no such 
column: 
cards.is_template
        at 
convertError (D:\UIT_
COURSES\SE100\DailyDe
sk\node_modules\[4m.
pnpm[24m\libsql@0.5.
22\node_modules\[4ml
ibsql[24m\index.js:5
9:12)
        at 
Database.prepare (D:\
UIT_COURSES\SE100\Dai
lyDesk\node_modules\
[4m.pnpm[24m\libsql@
0.5.22\node_modules\
[4mlibsql[24m\index.
js:131:13)
        at 
executeStmt (file:///
D:/UIT_COURSES/SE100/
DailyDesk/node_module
s/[4m.pnpm[24m/@lib
sql+client@0.15.15/no
de_modules/[4m@libsq
l[24m/client/lib-esm
/sqlite3.js:268:28)
        at Sqlite3Cli
ent.execute (file:///
D:/UIT_COURSES/SE100/
DailyDesk/node_module
s/[4m.pnpm[24m/@lib
sql+client@0.15.15/no
de_modules/[4m@libsq
l[24m/client/lib-esm
/sqlite3.js:81:16)
        at file:///D:
/UIT_COURSES/SE100/Da
ilyDesk/node_modules/
[4m.pnpm[24m/drizzl
e-orm@0.44.7_@electri
_5c2928a099a752b7e299
aaadb8975aea/node_mod
ules/[4msrc[24m/lib
sql/session.ts:288:58
        at LibSQLPrep
aredQuery.queryWithCa
che (file:///D:/UIT_C
OURSES/SE100/DailyDes
k/node_modules/[4m.p
npm[24m/drizzle-orm@
0.44.7_@electri_5c292
8a099a752b7e299aaadb8
975aea/node_modules/
[4msrc[24m/sqlite-co
re/session.ts:78:18)
        at LibSQLPrep
aredQuery.values (fil
e:///D:/UIT_COURSES/S
E100/DailyDesk/node_m
odules/[4m.pnpm[24m
/drizzle-orm@0.44.7_@
electri_5c2928a099a75
2b7e299aaadb8975aea/n
ode_modules/[4msrc[
24m/libsql/session.ts
:286:21)
        at LibSQLPrep
aredQuery.all (file:/
//D:/UIT_COURSES/SE10
0/DailyDesk/node_modu
les/[4m.pnpm[24m/dr
izzle-orm@0.44.7_@ele
ctri_5c2928a099a752b7
e299aaadb8975aea/node
_modules/[4msrc[24m
/libsql/session.ts:21
4:27)
        at 
SQLiteSelectBase.all 
(file:///D:/UIT_COURS
ES/SE100/DailyDesk/no
de_modules/[4m.pnpm
[24m/drizzle-orm@0.44
.7_@electri_5c2928a09
9a752b7e299aaadb8975a
ea/node_modules/[4ms
rc[24m/sqlite-core/q
uery-builders/select.
ts:950:26)
        at SQLiteSele
ctBase.execute (file:
///D:/UIT_COURSES/SE1
00/DailyDesk/node_mod
ules/[4m.pnpm[24m/d
rizzle-orm@0.44.7_@el
ectri_5c2928a099a752b
7e299aaadb8975aea/nod
e_modules/[4msrc[24
m/sqlite-core/query-b
uilders/select.ts:962
:15) {
      code: [32m'SQL
ITE_ERROR'[39m,
      rawCode: 
[33m1[39m
    }
  }
}

[90mstderr[2m | tes
ts/cards/card-members
.test.ts[2m > 
[22m[2mCards 
Members Tests[2m > 
[22m[2mCard 
Members[2m > 
[22m[2mshould 
auto-create board 
member from Auth0 
when adding 
non-existent member 
to card
[22m[39mDrizzleQuer
yError: Failed 
query: select "id", 
"name", 
"description", 
"order", 
"cover_url", 
"cover_public_id", 
"cover_color", 
"cover_mode", 
"list_id", 
"start_date", 
"deadline", 
"due_at", 
"due_complete", 
"reminder_minutes", 
"recurrence", 
"recurrence_day", "re
currence_weekday", 
"repeat_frequency", 
"repeat_interval", 
"latitude", 
"longitude", 
"completed", 
"is_template", 
"created_at", 
"updated_at" from 
"cards" where 
"cards"."list_id" = ?
params: 019bd127-dab1
-7bb3-91fe-82a181f7b3
e8
    at LibSQLPrepared
Query.queryWithCache 
(file:///D:/UIT_COURS
ES/SE100/DailyDesk/no
de_modules/[4m.pnpm
[24m/drizzle-orm@0.44
.7_@electri_5c2928a09
9a752b7e299aaadb8975a
ea/node_modules/[4ms
rc[24m/sqlite-core/s
ession.ts:80:11)
[90m    at processTi
cksAndRejections (nod
e:internal/process/ta
sk_queues:105:5)[39m
    at LibSQLPrepared
Query.values (file://
/D:/UIT_COURSES/SE100
/DailyDesk/node_modul
es/[4m.pnpm[24m/dri
zzle-orm@0.44.7_@elec
tri_5c2928a099a752b7e
299aaadb8975aea/node_
modules/[4msrc[24m/
libsql/session.ts:286
:10)
    at LibSQLPrepared
Query.all (file:///D:
/UIT_COURSES/SE100/Da
ilyDesk/node_modules/
[4m.pnpm[24m/drizzl
e-orm@0.44.7_@electri
_5c2928a099a752b7e299
aaadb8975aea/node_mod
ules/[4msrc[24m/lib
sql/session.ts:214:16
)
    at 
Module.createCard [9
0m(D:\UIT_COURSES\SE1
00\DailyDesk\backend\
[39msrc\services\car
ds.service.ts:319:23
[90m)[39m
    at [90mD:\UIT_CO
URSES\SE100\DailyDesk
\backend\[39msrc\rou
tes\cards.ts:152:22
    at dispatch (file
:///D:/UIT_COURSES/SE
100/DailyDesk/node_mo
dules/[4m.pnpm[24m/
hono@4.11.3/node_modu
les/[4mhono[24m/dis
t/compose.js:22:17)
    at file:///D:/UIT
_COURSES/SE100/DailyD
esk/node_modules/[4m
.pnpm[24m/hono@4.11.
3/node_modules/[4mho
no[24m/dist/validato
r/validator.js:81:12
    at mw (file:///D:
/UIT_COURSES/SE100/Da
ilyDesk/node_modules/
[4m.pnpm[24m/@hono+
zod-openapi@1.2.0_hon
o@4.11.3_zod@4.3.5/no
de_modules/[4m@hono
[24m/zod-openapi/src/
index.ts:546:26)
    at dispatch (file
:///D:/UIT_COURSES/SE
100/DailyDesk/node_mo
dules/[4m.pnpm[24m/
hono@4.11.3/node_modu
les/[4mhono[24m/dis
t/compose.js:22:17) {
  query: 
[32m'select "id", 
"name", 
"description", 
"order", 
"cover_url", 
"cover_public_id", 
"cover_color", 
"cover_mode", 
"list_id", 
"start_date", 
"deadline", 
"due_at", 
"due_complete", 
"reminder_minutes", 
"recurrence", 
"recurrence_day", "re
currence_weekday", 
"repeat_frequency", 
"repeat_interval", 
"latitude", 
"longitude", 
"completed", 
"is_template", 
"created_at", 
"updated_at" from 
"cards" where 
"cards"."list_id" = 
?'[39m,
  params: [ [32m'019
bd127-dab1-7bb3-91fe-
82a181f7b3e8'[39m ],
  cause: 
LibsqlError: 
SQLITE_ERROR: no 
such column: 
is_template
      at 
mapSqliteError (file:
///D:/UIT_COURSES/SE1
00/DailyDesk/node_mod
ules/[4m.pnpm[24m/@
libsql+client@0.15.15
/node_modules/[4m@li
bsql[24m/client/lib-
esm/sqlite3.js:392:16
)
      at executeStmt 
(file:///D:/UIT_COURS
ES/SE100/DailyDesk/no
de_modules/[4m.pnpm
[24m/@libsql+client@0
.15.15/node_modules/
[4m@libsql[24m/clien
t/lib-esm/sqlite3.js:
297:15)
      at Sqlite3Clien
t.execute (file:///D:
/UIT_COURSES/SE100/Da
ilyDesk/node_modules/
[4m.pnpm[24m/@libsq
l+client@0.15.15/node
_modules/[4m@libsql
[24m/client/lib-esm/s
qlite3.js:81:16)
  [90m    ... 5 
lines matching cause 
stack trace ...[39m
      at SQLiteSelect
Base.execute (file://
/D:/UIT_COURSES/SE100
/DailyDesk/node_modul
es/[4m.pnpm[24m/dri
zzle-orm@0.44.7_@elec
tri_5c2928a099a752b7e
299aaadb8975aea/node_
modules/[4msrc[24m/
sqlite-core/query-bui
lders/select.ts:962:1
5)
      at SQLiteSelect
Base.then (file:///D:
/UIT_COURSES/SE100/Da
ilyDesk/node_modules/
[4m.pnpm[24m/drizzl
e-orm@0.44.7_@electri
_5c2928a099a752b7e299
aaadb8975aea/node_mod
ules/[4msrc[24m/que
ry-promise.ts:31:15) 
{
    code: [32m'SQLIT
E_ERROR'[39m,
    rawCode: 
[33m1[39m,
    [cause]: 
SqliteError: no such 
column: is_template
        at 
convertError (D:\UIT_
COURSES\SE100\DailyDe
sk\node_modules\[4m.
pnpm[24m\libsql@0.5.
22\node_modules\[4ml
ibsql[24m\index.js:5
9:12)
        at 
Database.prepare (D:\
UIT_COURSES\SE100\Dai
lyDesk\node_modules\
[4m.pnpm[24m\libsql@
0.5.22\node_modules\
[4mlibsql[24m\index.
js:131:13)
        at 
executeStmt (file:///
D:/UIT_COURSES/SE100/
DailyDesk/node_module
s/[4m.pnpm[24m/@lib
sql+client@0.15.15/no
de_modules/[4m@libsq
l[24m/client/lib-esm
/sqlite3.js:268:28)
        at Sqlite3Cli
ent.execute (file:///
D:/UIT_COURSES/SE100/
DailyDesk/node_module
s/[4m.pnpm[24m/@lib
sql+client@0.15.15/no
de_modules/[4m@libsq
l[24m/client/lib-esm
/sqlite3.js:81:16)
        at file:///D:
/UIT_COURSES/SE100/Da
ilyDesk/node_modules/
[4m.pnpm[24m/drizzl
e-orm@0.44.7_@electri
_5c2928a099a752b7e299
aaadb8975aea/node_mod
ules/[4msrc[24m/lib
sql/session.ts:288:58
        at LibSQLPrep
aredQuery.queryWithCa
che (file:///D:/UIT_C
OURSES/SE100/DailyDes
k/node_modules/[4m.p
npm[24m/drizzle-orm@
0.44.7_@electri_5c292
8a099a752b7e299aaadb8
975aea/node_modules/
[4msrc[24m/sqlite-co
re/session.ts:78:18)
        at LibSQLPrep
aredQuery.values (fil
e:///D:/UIT_COURSES/S
E100/DailyDesk/node_m
odules/[4m.pnpm[24m
/drizzle-orm@0.44.7_@
electri_5c2928a099a75
2b7e299aaadb8975aea/n
ode_modules/[4msrc[
24m/libsql/session.ts
:286:21)
        at LibSQLPrep
aredQuery.all (file:/
//D:/UIT_COURSES/SE10
0/DailyDesk/node_modu
les/[4m.pnpm[24m/dr
izzle-orm@0.44.7_@ele
ctri_5c2928a099a752b7
e299aaadb8975aea/node
_modules/[4msrc[24m
/libsql/session.ts:21
4:27)
        at 
SQLiteSelectBase.all 
(file:///D:/UIT_COURS
ES/SE100/DailyDesk/no
de_modules/[4m.pnpm
[24m/drizzle-orm@0.44
.7_@electri_5c2928a09
9a752b7e299aaadb8975a
ea/node_modules/[4ms
rc[24m/sqlite-core/q
uery-builders/select.
ts:950:26)
        at SQLiteSele
ctBase.execute (file:
///D:/UIT_COURSES/SE1
00/DailyDesk/node_mod
ules/[4m.pnpm[24m/d
rizzle-orm@0.44.7_@el
ectri_5c2928a099a752b
7e299aaadb8975aea/nod
e_modules/[4msrc[24
m/sqlite-core/query-b
uilders/select.ts:962
:15) {
      code: [32m'SQL
ITE_ERROR'[39m,
      rawCode: 
[33m1[39m
    }
  }
}
Error in updateCard 
route: 
DrizzleQueryError: 
Failed query: select 
"id", "name", 
"description", 
"order", 
"cover_url", 
"cover_public_id", 
"cover_color", 
"cover_mode", 
"list_id", 
"start_date", 
"deadline", 
"due_at", 
"due_complete", 
"reminder_minutes", 
"recurrence", 
"recurrence_day", "re
currence_weekday", 
"repeat_frequency", 
"repeat_interval", 
"latitude", 
"longitude", 
"completed", 
"is_template", 
"created_at", 
"updated_at" from 
"cards" where 
"cards"."id" = ? 
limit ?
params: 019bd127-dab6
-7035-aa17-06f9712fcb
f6,1
    at LibSQLPrepared
Query.queryWithCache 
(file:///D:/UIT_COURS
ES/SE100/DailyDesk/no
de_modules/[4m.pnpm
[24m/drizzle-orm@0.44
.7_@electri_5c2928a09
9a752b7e299aaadb8975a
ea/node_modules/[4ms
rc[24m/sqlite-core/s
ession.ts:80:11)
[90m    at processTi
cksAndRejections (nod
e:internal/process/ta
sk_queues:105:5)[39m
    at LibSQLPrepared
Query.values (file://
/D:/UIT_COURSES/SE100
/DailyDesk/node_modul
es/[4m.pnpm[24m/dri
zzle-orm@0.44.7_@elec
tri_5c2928a099a752b7e
299aaadb8975aea/node_
modules/[4msrc[24m/
libsql/session.ts:286
:10)
    at LibSQLPrepared
Query.all (file:///D:
/UIT_COURSES/SE100/Da
ilyDesk/node_modules/
[4m.pnpm[24m/drizzl
e-orm@0.44.7_@electri
_5c2928a099a752b7e299
aaadb8975aea/node_mod
ules/[4msrc[24m/lib
sql/session.ts:214:16
)
    at 
Module.updateCard [9
0m(D:\UIT_COURSES\SE1
00\DailyDesk\backend\
[39msrc\services\car
ds.service.ts:566:24
[90m)[39m
    at [90mD:\UIT_CO
URSES\SE100\DailyDesk
\backend\[39msrc\rou
tes\cards.ts:244:25
    at dispatch (file
:///D:/UIT_COURSES/SE
100/DailyDesk/node_mo
dules/[4m.pnpm[24m/
hono@4.11.3/node_modu
les/[4mhono[24m/dis
t/compose.js:22:17)
    at file:///D:/UIT
_COURSES/SE100/DailyD
esk/node_modules/[4m
.pnpm[24m/hono@4.11.
3/node_modules/[4mho
no[24m/dist/validato
r/validator.js:81:12
    at mw (file:///D:
/UIT_COURSES/SE100/Da
ilyDesk/node_modules/
[4m.pnpm[24m/@hono+
zod-openapi@1.2.0_hon
o@4.11.3_zod@4.3.5/no
de_modules/[4m@hono
[24m/zod-openapi/src/
index.ts:546:26)
    at dispatch (file
:///D:/UIT_COURSES/SE
100/DailyDesk/node_mo
dules/[4m.pnpm[24m/
hono@4.11.3/node_modu
les/[4mhono[24m/dis
t/compose.js:22:17) {
  query: 
[32m'select "id", 
"name", 
"description", 
"order", 
"cover_url", 
"cover_public_id", 
"cover_color", 
"cover_mode", 
"list_id", 
"start_date", 
"deadline", 
"due_at", 
"due_complete", 
"reminder_minutes", 
"recurrence", 
"recurrence_day", "re
currence_weekday", 
"repeat_frequency", 
"repeat_interval", 
"latitude", 
"longitude", 
"completed", 
"is_template", 
"created_at", 
"updated_at" from 
"cards" where 
"cards"."id" = ? 
limit ?'[39m,
  params: [ [32m'019
bd127-dab6-7035-aa17-
06f9712fcbf6'[39m, 
[33m1[39m ],
  cause: 
LibsqlError: 
SQLITE_ERROR: no 
such column: 
is_template
      at 
mapSqliteError (file:
///D:/UIT_COURSES/SE1
00/DailyDesk/node_mod
ules/[4m.pnpm[24m/@
libsql+client@0.15.15
/node_modules/[4m@li
bsql[24m/client/lib-
esm/sqlite3.js:392:16
)
      at executeStmt 
(file:///D:/UIT_COURS
ES/SE100/DailyDesk/no
de_modules/[4m.pnpm
[24m/@libsql+client@0
.15.15/node_modules/
[4m@libsql[24m/clien
t/lib-esm/sqlite3.js:
297:15)
      at Sqlite3Clien
t.execute (file:///D:
/UIT_COURSES/SE100/Da
ilyDesk/node_modules/
[4m.pnpm[24m/@libsq
l+client@0.15.15/node
_modules/[4m@libsql
[24m/client/lib-esm/s
qlite3.js:81:16)
  [90m    ... 5 
lines matching cause 
stack trace ...[39m
      at SQLiteSelect
Base.execute (file://
/D:/UIT_COURSES/SE100
/DailyDesk/node_modul
es/[4m.pnpm[24m/dri
zzle-orm@0.44.7_@elec
tri_5c2928a099a752b7e
299aaadb8975aea/node_
modules/[4msrc[24m/
sqlite-core/query-bui
lders/select.ts:962:1
5)
      at SQLiteSelect
Base.then (file:///D:
/UIT_COURSES/SE100/Da
ilyDesk/node_modules/
[4m.pnpm[24m/drizzl
e-orm@0.44.7_@electri
_5c2928a099a752b7e299
aaadb8975aea/node_mod
ules/[4msrc[24m/que
ry-promise.ts:31:15) 
{
    code: [32m'SQLIT
E_ERROR'[39m,
    rawCode: 
[33m1[39m,
    [cause]: 
SqliteError: no such 
column: is_template
        at 
convertError (D:\UIT_
COURSES\SE100\DailyDe
sk\node_modules\[4m.
pnpm[24m\libsql@0.5.
22\node_modules\[4ml
ibsql[24m\index.js:5
9:12)
        at 
Database.prepare (D:\
UIT_COURSES\SE100\Dai
lyDesk\node_modules\
[4m.pnpm[24m\libsql@
0.5.22\node_modules\
[4mlibsql[24m\index.
js:131:13)
        at 
executeStmt (file:///
D:/UIT_COURSES/SE100/
DailyDesk/node_module
s/[4m.pnpm[24m/@lib
sql+client@0.15.15/no
de_modules/[4m@libsq
l[24m/client/lib-esm
/sqlite3.js:268:28)
        at Sqlite3Cli
ent.execute (file:///
D:/UIT_COURSES/SE100/
DailyDesk/node_module
s/[4m.pnpm[24m/@lib
sql+client@0.15.15/no
de_modules/[4m@libsq
l[24m/client/lib-esm
/sqlite3.js:81:16)
        at file:///D:
/UIT_COURSES/SE100/Da
ilyDesk/node_modules/
[4m.pnpm[24m/drizzl
e-orm@0.44.7_@electri
_5c2928a099a752b7e299
aaadb8975aea/node_mod
ules/[4msrc[24m/lib
sql/session.ts:288:58
        at LibSQLPrep
aredQuery.queryWithCa
che (file:///D:/UIT_C
OURSES/SE100/DailyDes
k/node_modules/[4m.p
npm[24m/drizzle-orm@
0.44.7_@electri_5c292
8a099a752b7e299aaadb8
975aea/node_modules/
[4msrc[24m/sqlite-co
re/session.ts:78:18)
        at LibSQLPrep
aredQuery.values (fil
e:///D:/UIT_COURSES/S
E100/DailyDesk/node_m
odules/[4m.pnpm[24m
/drizzle-orm@0.44.7_@
electri_5c2928a099a75
2b7e299aaadb8975aea/n
ode_modules/[4msrc[
24m/libsql/session.ts
:286:21)
        at LibSQLPrep
aredQuery.all (file:/
//D:/UIT_COURSES/SE10
0/DailyDesk/node_modu
les/[4m.pnpm[24m/dr
izzle-orm@0.44.7_@ele
ctri_5c2928a099a752b7
e299aaadb8975aea/node
_modules/[4msrc[24m
/libsql/session.ts:21
4:27)
        at 
SQLiteSelectBase.all 
(file:///D:/UIT_COURS
ES/SE100/DailyDesk/no
de_modules/[4m.pnpm
[24m/drizzle-orm@0.44
.7_@electri_5c2928a09
9a752b7e299aaadb8975a
ea/node_modules/[4ms
rc[24m/sqlite-core/q
uery-builders/select.
ts:950:26)
        at SQLiteSele
ctBase.execute (file:
///D:/UIT_COURSES/SE1
00/DailyDesk/node_mod
ules/[4m.pnpm[24m/d
rizzle-orm@0.44.7_@el
ectri_5c2928a099a752b
7e299aaadb8975aea/nod
e_modules/[4msrc[24
m/sqlite-core/query-b
uilders/select.ts:962
:15) {
      code: [32m'SQL
ITE_ERROR'[39m,
      rawCode: 
[33m1[39m
    }
  }
}
DrizzleQueryError: 
Failed query: select 
"id", "name", 
"description", 
"order", 
"cover_url", 
"cover_public_id", 
"cover_color", 
"cover_mode", 
"list_id", 
"start_date", 
"deadline", 
"due_at", 
"due_complete", 
"reminder_minutes", 
"recurrence", 
"recurrence_day", "re
currence_weekday", 
"repeat_frequency", 
"repeat_interval", 
"latitude", 
"longitude", 
"completed", 
"is_template", 
"created_at", 
"updated_at" from 
"cards" where 
"cards"."id" = ? 
limit ?
params: 019bd127-dab6
-7035-aa17-06f9712fcb
f6,1
    at LibSQLPrepared
Query.queryWithCache 
(file:///D:/UIT_COURS
ES/SE100/DailyDesk/no
de_modules/[4m.pnpm
[24m/drizzle-orm@0.44
.7_@electri_5c2928a09
9a752b7e299aaadb8975a
ea/node_modules/[4ms
rc[24m/sqlite-core/s
ession.ts:80:11)
[90m    at processTi
cksAndRejections (nod
e:internal/process/ta
sk_queues:105:5)[39m
    at LibSQLPrepared
Query.values (file://
/D:/UIT_COURSES/SE100
/DailyDesk/node_modul
es/[4m.pnpm[24m/dri
zzle-orm@0.44.7_@elec
tri_5c2928a099a752b7e
299aaadb8975aea/node_
modules/[4msrc[24m/
libsql/session.ts:286
:10)
    at LibSQLPrepared
Query.all (file:///D:
/UIT_COURSES/SE100/Da
ilyDesk/node_modules/
[4m.pnpm[24m/drizzl
e-orm@0.44.7_@electri
_5c2928a099a752b7e299
aaadb8975aea/node_mod
ules/[4msrc[24m/lib
sql/session.ts:214:16
)
    at 
Module.updateCard [9
0m(D:\UIT_COURSES\SE1
00\DailyDesk\backend\
[39msrc\services\car
ds.service.ts:566:24
[90m)[39m
    at [90mD:\UIT_CO
URSES\SE100\DailyDesk
\backend\[39msrc\rou
tes\cards.ts:244:25
    at dispatch (file
:///D:/UIT_COURSES/SE
100/DailyDesk/node_mo
dules/[4m.pnpm[24m/
hono@4.11.3/node_modu
les/[4mhono[24m/dis
t/compose.js:22:17)
    at file:///D:/UIT
_COURSES/SE100/DailyD
esk/node_modules/[4m
.pnpm[24m/hono@4.11.
3/node_modules/[4mho
no[24m/dist/validato
r/validator.js:81:12
    at mw (file:///D:
/UIT_COURSES/SE100/Da
ilyDesk/node_modules/
[4m.pnpm[24m/@hono+
zod-openapi@1.2.0_hon
o@4.11.3_zod@4.3.5/no
de_modules/[4m@hono
[24m/zod-openapi/src/
index.ts:546:26)
    at dispatch (file
:///D:/UIT_COURSES/SE
100/DailyDesk/node_mo
dules/[4m.pnpm[24m/
hono@4.11.3/node_modu
les/[4mhono[24m/dis
t/compose.js:22:17) {
  query: 
[32m'select "id", 
"name", 
"description", 
"order", 
"cover_url", 
"cover_public_id", 
"cover_color", 
"cover_mode", 
"list_id", 
"start_date", 
"deadline", 
"due_at", 
"due_complete", 
"reminder_minutes", 
"recurrence", 
"recurrence_day", "re
currence_weekday", 
"repeat_frequency", 
"repeat_interval", 
"latitude", 
"longitude", 
"completed", 
"is_template", 
"created_at", 
"updated_at" from 
"cards" where 
"cards"."id" = ? 
limit ?'[39m,
  params: [ [32m'019
bd127-dab6-7035-aa17-
06f9712fcbf6'[39m, 
[33m1[39m ],
  cause: 
LibsqlError: 
SQLITE_ERROR: no 
such column: 
is_template
      at 
mapSqliteError (file:
///D:/UIT_COURSES/SE1
00/DailyDesk/node_mod
ules/[4m.pnpm[24m/@
libsql+client@0.15.15
/node_modules/[4m@li
bsql[24m/client/lib-
esm/sqlite3.js:392:16
)
      at executeStmt 
(file:///D:/UIT_COURS
ES/SE100/DailyDesk/no
de_modules/[4m.pnpm
[24m/@libsql+client@0
.15.15/node_modules/
[4m@libsql[24m/clien
t/lib-esm/sqlite3.js:
297:15)
      at Sqlite3Clien
t.execute (file:///D:
/UIT_COURSES/SE100/Da
ilyDesk/node_modules/
[4m.pnpm[24m/@libsq
l+client@0.15.15/node
_modules/[4m@libsql
[24m/client/lib-esm/s
qlite3.js:81:16)
  [90m    ... 5 
lines matching cause 
stack trace ...[39m
      at SQLiteSelect
Base.execute (file://
/D:/UIT_COURSES/SE100
/DailyDesk/node_modul
es/[4m.pnpm[24m/dri
zzle-orm@0.44.7_@elec
tri_5c2928a099a752b7e
299aaadb8975aea/node_
modules/[4msrc[24m/
sqlite-core/query-bui
lders/select.ts:962:1
5)
      at SQLiteSelect
Base.then (file:///D:
/UIT_COURSES/SE100/Da
ilyDesk/node_modules/
[4m.pnpm[24m/drizzl
e-orm@0.44.7_@electri
_5c2928a099a752b7e299
aaadb8975aea/node_mod
ules/[4msrc[24m/que
ry-promise.ts:31:15) 
{
    code: [32m'SQLIT
E_ERROR'[39m,
    rawCode: 
[33m1[39m,
    [cause]: 
SqliteError: no such 
column: is_template
        at 
convertError (D:\UIT_
COURSES\SE100\DailyDe
sk\node_modules\[4m.
pnpm[24m\libsql@0.5.
22\node_modules\[4ml
ibsql[24m\index.js:5
9:12)
        at 
Database.prepare (D:\
UIT_COURSES\SE100\Dai
lyDesk\node_modules\
[4m.pnpm[24m\libsql@
0.5.22\node_modules\
[4mlibsql[24m\index.
js:131:13)
        at 
executeStmt (file:///
D:/UIT_COURSES/SE100/
DailyDesk/node_module
s/[4m.pnpm[24m/@lib
sql+client@0.15.15/no
de_modules/[4m@libsq
l[24m/client/lib-esm
/sqlite3.js:268:28)
        at Sqlite3Cli
ent.execute (file:///
D:/UIT_COURSES/SE100/
DailyDesk/node_module
s/[4m.pnpm[24m/@lib
sql+client@0.15.15/no
de_modules/[4m@libsq
l[24m/client/lib-esm
/sqlite3.js:81:16)
        at file:///D:
/UIT_COURSES/SE100/Da
ilyDesk/node_modules/
[4m.pnpm[24m/drizzl
e-orm@0.44.7_@electri
_5c2928a099a752b7e299
aaadb8975aea/node_mod
ules/[4msrc[24m/lib
sql/session.ts:288:58
        at LibSQLPrep
aredQuery.queryWithCa
che (file:///D:/UIT_C
OURSES/SE100/DailyDes
k/node_modules/[4m.p
npm[24m/drizzle-orm@
0.44.7_@electri_5c292
8a099a752b7e299aaadb8
975aea/node_modules/
[4msrc[24m/sqlite-co
re/session.ts:78:18)
        at LibSQLPrep
aredQuery.values (fil
e:///D:/UIT_COURSES/S
E100/DailyDesk/node_m
odules/[4m.pnpm[24m
/drizzle-orm@0.44.7_@
electri_5c2928a099a75
2b7e299aaadb8975aea/n
ode_modules/[4msrc[
24m/libsql/session.ts
:286:21)
        at LibSQLPrep
aredQuery.all (file:/
//D:/UIT_COURSES/SE10
0/DailyDesk/node_modu
les/[4m.pnpm[24m/dr
izzle-orm@0.44.7_@ele
ctri_5c2928a099a752b7
e299aaadb8975aea/node
_modules/[4msrc[24m
/libsql/session.ts:21
4:27)
        at 
SQLiteSelectBase.all 
(file:///D:/UIT_COURS
ES/SE100/DailyDesk/no
de_modules/[4m.pnpm
[24m/drizzle-orm@0.44
.7_@electri_5c2928a09
9a752b7e299aaadb8975a
ea/node_modules/[4ms
rc[24m/sqlite-core/q
uery-builders/select.
ts:950:26)
        at SQLiteSele
ctBase.execute (file:
///D:/UIT_COURSES/SE1
00/DailyDesk/node_mod
ules/[4m.pnpm[24m/d
rizzle-orm@0.44.7_@el
ectri_5c2928a099a752b
7e299aaadb8975aea/nod
e_modules/[4msrc[24
m/sqlite-core/query-b
uilders/select.ts:962
:15) {
      code: [32m'SQL
ITE_ERROR'[39m,
      rawCode: 
[33m1[39m
    }
  }
}

[90mstderr[2m | tes
ts/members.test.ts[2
m > [22m[2mMembers 
API Integration 
Tests[2m > 
[22m[2mPOST /boards
/{boardId}/members/by
-user-id[2m > 
[22m[2mshould 
return 404 if user 
not found in Auth0
[22m[39mError 
adding member by 
userId: 
MemberServiceError: 
User 
auth0|nonexistent999 
not found in Auth0
    at Module.ensureB
oardMemberExists [90
m(D:\UIT_COURSES\SE10
0\DailyDesk\backend\
[39msrc\services\memb
ers.service.ts:110:11
[90m)[39m
[90m    at processTi
cksAndRejections (nod
e:internal/process/ta
sk_queues:105:5)[39m
    at [90mD:\UIT_CO
URSES\SE100\DailyDesk
\backend\[39msrc\rou
tes\members.ts:388:24
    at dispatch (file
:///D:/UIT_COURSES/SE
100/DailyDesk/node_mo
dules/[4m.pnpm[24m/
hono@4.11.3/node_modu
les/[4mhono[24m/dis
t/compose.js:22:17)
    at file:///D:/UIT
_COURSES/SE100/DailyD
esk/node_modules/[4m
.pnpm[24m/hono@4.11.
3/node_modules/[4mho
no[24m/dist/validato
r/validator.js:81:12
    at mw (file:///D:
/UIT_COURSES/SE100/Da
ilyDesk/node_modules/
[4m.pnpm[24m/@hono+
zod-openapi@1.2.0_hon
o@4.11.3_zod@4.3.5/no
de_modules/[4m@hono
[24m/zod-openapi/src/
index.ts:546:26)
    at dispatch (file
:///D:/UIT_COURSES/SE
100/DailyDesk/node_mo
dules/[4m.pnpm[24m/
hono@4.11.3/node_modu
les/[4mhono[24m/dis
t/compose.js:22:17)
    at file:///D:/UIT
_COURSES/SE100/DailyD
esk/node_modules/[4m
.pnpm[24m/hono@4.11.
3/node_modules/[4mho
no[24m/dist/validato
r/validator.js:81:12
    at dispatch (file
:///D:/UIT_COURSES/SE
100/DailyDesk/node_mo
dules/[4m.pnpm[24m/
hono@4.11.3/node_modu
les/[4mhono[24m/dis
t/compose.js:22:17)
    at [90mD:\UIT_CO
URSES\SE100\DailyDesk
\backend\[39mtests\h
elpers\auth.ts:27:5 {
  status: 
[33m404[39m
}

[90mstderr[2m | tes
ts/cards/card-members
.test.ts[2m > 
[22m[2mCards 
Members Tests[2m > 
[22m[2mCard 
Members[2m > 
[22m[2mshould 
handle creating card 
with member that 
needs to be 
auto-fetched
[22m[39mDrizzleQuer
yError: Failed 
query: select "id", 
"name", 
"description", 
"order", 
"cover_url", 
"cover_public_id", 
"cover_color", 
"cover_mode", 
"list_id", 
"start_date", 
"deadline", 
"due_at", 
"due_complete", 
"reminder_minutes", 
"recurrence", 
"recurrence_day", "re
currence_weekday", 
"repeat_frequency", 
"repeat_interval", 
"latitude", 
"longitude", 
"completed", 
"is_template", 
"created_at", 
"updated_at" from 
"cards" where 
"cards"."list_id" = ?
params: 019bd127-dad6
-7876-80d6-a05d9ffb2d
f3
    at LibSQLPrepared
Query.queryWithCache 
(file:///D:/UIT_COURS
ES/SE100/DailyDesk/no
de_modules/[4m.pnpm
[24m/drizzle-orm@0.44
.7_@electri_5c2928a09
9a752b7e299aaadb8975a
ea/node_modules/[4ms
rc[24m/sqlite-core/s
ession.ts:80:11)
[90m    at processTi
cksAndRejections (nod
e:internal/process/ta
sk_queues:105:5)[39m
    at LibSQLPrepared
Query.values (file://
/D:/UIT_COURSES/SE100
/DailyDesk/node_modul
es/[4m.pnpm[24m/dri
zzle-orm@0.44.7_@elec
tri_5c2928a099a752b7e
299aaadb8975aea/node_
modules/[4msrc[24m/
libsql/session.ts:286
:10)
    at LibSQLPrepared
Query.all (file:///D:
/UIT_COURSES/SE100/Da
ilyDesk/node_modules/
[4m.pnpm[24m/drizzl
e-orm@0.44.7_@electri
_5c2928a099a752b7e299
aaadb8975aea/node_mod
ules/[4msrc[24m/lib
sql/session.ts:214:16
)
    at 
Module.createCard [9
0m(D:\UIT_COURSES\SE1
00\DailyDesk\backend\
[39msrc\services\car
ds.service.ts:319:23
[90m)[39m
    at [90mD:\UIT_CO
URSES\SE100\DailyDesk
\backend\[39msrc\rou
tes\cards.ts:152:22
    at dispatch (file
:///D:/UIT_COURSES/SE
100/DailyDesk/node_mo
dules/[4m.pnpm[24m/
hono@4.11.3/node_modu
les/[4mhono[24m/dis
t/compose.js:22:17)
    at file:///D:/UIT
_COURSES/SE100/DailyD
esk/node_modules/[4m
.pnpm[24m/hono@4.11.
3/node_modules/[4mho
no[24m/dist/validato
r/validator.js:81:12
    at mw (file:///D:
/UIT_COURSES/SE100/Da
ilyDesk/node_modules/
[4m.pnpm[24m/@hono+
zod-openapi@1.2.0_hon
o@4.11.3_zod@4.3.5/no
de_modules/[4m@hono
[24m/zod-openapi/src/
index.ts:546:26)
    at dispatch (file
:///D:/UIT_COURSES/SE
100/DailyDesk/node_mo
dules/[4m.pnpm[24m/
hono@4.11.3/node_modu
les/[4mhono[24m/dis
t/compose.js:22:17) {
  query: 
[32m'select "id", 
"name", 
"description", 
"order", 
"cover_url", 
"cover_public_id", 
"cover_color", 
"cover_mode", 
"list_id", 
"start_date", 
"deadline", 
"due_at", 
"due_complete", 
"reminder_minutes", 
"recurrence", 
"recurrence_day", "re
currence_weekday", 
"repeat_frequency", 
"repeat_interval", 
"latitude", 
"longitude", 
"completed", 
"is_template", 
"created_at", 
"updated_at" from 
"cards" where 
"cards"."list_id" = 
?'[39m,
[90mstdout[2m | tests/members.test.ts[2m > [22m[2mMembers API Integration Tests[2m > [22m[2mPOST /boards/{boardId}/members/by-user-id[2m > [22m[2mshould return 404 if user not found in Auth0
[22m[39mMember auth0|nonexistent999 not found in board 019bd127-db23-74d7-9ce4-75a4e6b857b4, fetching from Auth0...

  params: [ [32m'019
bd127-dad6-7876-80d6-
a05d9ffb2df3'[39m ],
  cause: 
LibsqlError: 
SQLITE_ERROR: no 
such column: 
is_template
      at 
mapSqliteError (file:
///D:/UIT_COURSES/SE1
00/DailyDesk/node_mod
ules/[4m.pnpm[24m/@
libsql+client@0.15.15
/node_modules/[4m@li
bsql[24m/client/lib-
esm/sqlite3.js:392:16
)
      at executeStmt 
(file:///D:/UIT_COURS
ES/SE100/DailyDesk/no
de_modules/[4m.pnpm
[24m/@libsql+client@0
.15.15/node_modules/
[4m@libsql[24m/clien
t/lib-esm/sqlite3.js:
297:15)
      at Sqlite3Clien
t.execute (file:///D:
/UIT_COURSES/SE100/Da
ilyDesk/node_modules/
[4m.pnpm[24m/@libsq
l+client@0.15.15/node
_modules/[4m@libsql
[24m/client/lib-esm/s
qlite3.js:81:16)
  [90m    ... 5 
lines matching cause 
stack trace ...[39m
      at SQLiteSelect
Base.execute (file://
/D:/UIT_COURSES/SE100
/DailyDesk/node_modul
es/[4m.pnpm[24m/dri
zzle-orm@0.44.7_@elec
tri_5c2928a099a752b7e
299aaadb8975aea/node_
modules/[4msrc[24m/
sqlite-core/query-bui
lders/select.ts:962:1
5)
      at SQLiteSelect
Base.then (file:///D:
/UIT_COURSES/SE100/Da
ilyDesk/node_modules/
[4m.pnpm[24m/drizzl
e-orm@0.44.7_@electri
_5c2928a099a752b7e299
aaadb8975aea/node_mod
ules/[4msrc[24m/que
ry-promise.ts:31:15) 
{
    code: [32m'SQLIT
E_ERROR'[39m,
    rawCode: 
[33m1[39m,
    [cause]: 
SqliteError: no such 
column: is_template
        at 
convertError (D:\UIT_
COURSES\SE100\DailyDe
sk\node_modules\[4m.
pnpm[24m\libsql@0.5.
22\node_modules\[4ml
ibsql[24m\index.js:5
9:12)
        at 
Database.prepare (D:\
UIT_COURSES\SE100\Dai
lyDesk\node_modules\
[4m.pnpm[24m\libsql@
0.5.22\node_modules\
[4mlibsql[24m\index.
js:131:13)
        at 
executeStmt (file:///
D:/UIT_COURSES/SE100/
DailyDesk/node_module
s/[4m.pnpm[24m/@lib
sql+client@0.15.15/no
de_modules/[4m@libsq
l[24m/client/lib-esm
/sqlite3.js:268:28)
        at Sqlite3Cli
ent.execute (file:///
D:/UIT_COURSES/SE100/
DailyDesk/node_module
s/[4m.pnpm[24m/@lib
sql+client@0.15.15/no
de_modules/[4m@libsq
l[24m/client/lib-esm
/sqlite3.js:81:16)
        at file:///D:
/UIT_COURSES/SE100/Da
ilyDesk/node_modules/
[4m.pnpm[24m/drizzl
e-orm@0.44.7_@electri
_5c2928a099a752b7e299
aaadb8975aea/node_mod
ules/[4msrc[24m/lib
sql/session.ts:288:58
        at LibSQLPrep
aredQuery.queryWithCa
che (file:///D:/UIT_C
OURSES/SE100/DailyDes
k/node_modules/[4m.p
npm[24m/drizzle-orm@
0.44.7_@electri_5c292
8a099a752b7e299aaadb8
975aea/node_modules/
[4msrc[24m/sqlite-co
re/session.ts:78:18)
        at LibSQLPrep
aredQuery.values (fil
e:///D:/UIT_COURSES/S
E100/DailyDesk/node_m
odules/[4m.pnpm[24m
/drizzle-orm@0.44.7_@
electri_5c2928a099a75
2b7e299aaadb8975aea/n
ode_modules/[4msrc[
24m/libsql/session.ts
:286:21)
        at LibSQLPrep
aredQuery.all (file:/
//D:/UIT_COURSES/SE10
0/DailyDesk/node_modu
les/[4m.pnpm[24m/dr
izzle-orm@0.44.7_@ele
ctri_5c2928a099a752b7
e299aaadb8975aea/node
_modules/[4msrc[24m
/libsql/session.ts:21
4:27)
        at 
SQLiteSelectBase.all 
(file:///D:/UIT_COURS
ES/SE100/DailyDesk/no
de_modules/[4m.pnpm
[24m/drizzle-orm@0.44
.7_@electri_5c2928a09
9a752b7e299aaadb8975a
ea/node_modules/[4ms
rc[24m/sqlite-core/q
uery-builders/select.
ts:950:26)
        at SQLiteSele
ctBase.execute (file:
///D:/UIT_COURSES/SE1
00/DailyDesk/node_mod
ules/[4m.pnpm[24m/d
rizzle-orm@0.44.7_@el
ectri_5c2928a099a752b
7e299aaadb8975aea/nod
e_modules/[4msrc[24
m/sqlite-core/query-b
uilders/select.ts:962
:15) {
      code: [32m'SQL
ITE_ERROR'[39m,
      rawCode: 
[33m1[39m
    }
  }
}
DrizzleQueryError: 
Failed query: select 
"id", "name", 
"description", 
"order", 
"cover_url", 
"cover_public_id", 
"cover_color", 
"cover_mode", 
"list_id", 
"start_date", 
"deadline", 
"due_at", 
"due_complete", 
"reminder_minutes", 
"recurrence", 
"recurrence_day", "re
currence_weekday", 
"repeat_frequency", 
"repeat_interval", 
"latitude", 
"longitude", 
"completed", 
"is_template", 
"created_at", 
"updated_at" from 
"cards" where 
"cards"."list_id" = ?
params: 019bd127-dad6
-7876-80d6-a05d9ffb2d
f3
    at LibSQLPrepared
Query.queryWithCache 
(file:///D:/UIT_COURS
ES/SE100/DailyDesk/no
de_modules/[4m.pnpm
[24m/drizzle-orm@0.44
.7_@electri_5c2928a09
9a752b7e299aaadb8975a
ea/node_modules/[4ms
rc[24m/sqlite-core/s
ession.ts:80:11)
[90m    at processTi
cksAndRejections (nod
e:internal/process/ta
sk_queues:105:5)[39m
    at LibSQLPrepared
Query.values (file://
/D:/UIT_COURSES/SE100
/DailyDesk/node_modul
es/[4m.pnpm[24m/dri
zzle-orm@0.44.7_@elec
tri_5c2928a099a752b7e
299aaadb8975aea/node_
modules/[4msrc[24m/
libsql/session.ts:286
:10)
    at LibSQLPrepared
Query.all (file:///D:
/UIT_COURSES/SE100/Da
ilyDesk/node_modules/
[4m.pnpm[24m/drizzl
e-orm@0.44.7_@electri
_5c2928a099a752b7e299
aaadb8975aea/node_mod
ules/[4msrc[24m/lib
sql/session.ts:214:16
)
    at 
Module.createCard [9
0m(D:\UIT_COURSES\SE1
00\DailyDesk\backend\
[39msrc\services\car
ds.service.ts:319:23
[90m)[39m
    at [90mD:\UIT_CO
URSES\SE100\DailyDesk
\backend\[39msrc\rou
tes\cards.ts:152:22
    at dispatch (file
:///D:/UIT_COURSES/SE
100/DailyDesk/node_mo
dules/[4m.pnpm[24m/
hono@4.11.3/node_modu
les/[4mhono[24m/dis
t/compose.js:22:17)
    at file:///D:/UIT
_COURSES/SE100/DailyD
esk/node_modules/[4m
.pnpm[24m/hono@4.11.
3/node_modules/[4mho
no[24m/dist/validato
r/validator.js:81:12
    at mw (file:///D:
/UIT_COURSES/SE100/Da
ilyDesk/node_modules/
[4m.pnpm[24m/@hono+
zod-openapi@1.2.0_hon
o@4.11.3_zod@4.3.5/no
de_modules/[4m@hono
[24m/zod-openapi/src/
index.ts:546:26)
    at dispatch (file
:///D:/UIT_COURSES/SE
100/DailyDesk/node_mo
dules/[4m.pnpm[24m/
hono@4.11.3/node_modu
les/[4mhono[24m/dis
t/compose.js:22:17) {
  query: 
[32m'select "id", 
"name", 
"description", 
"order", 
"cover_url", 
"cover_public_id", 
"cover_color", 
"cover_mode", 
"list_id", 
"start_date", 
"deadline", 
"due_at", 
"due_complete", 
"reminder_minutes", 
"recurrence", 
"recurrence_day", "re
currence_weekday", 
"repeat_frequency", 
"repeat_interval", 
"latitude", 
"longitude", 
"completed", 
"is_template", 
"created_at", 
"updated_at" from 
"cards" where 
"cards"."list_id" = 
?'[39m,
  params: [ [32m'019
bd127-dad6-7876-80d6-
a05d9ffb2df3'[39m ],
  cause: 
LibsqlError: 
SQLITE_ERROR: no 
such column: 
is_template
      at 
mapSqliteError (file:
///D:/UIT_COURSES/SE1
00/DailyDesk/node_mod
ules/[4m.pnpm[24m/@
libsql+client@0.15.15
/node_modules/[4m@li
bsql[24m/client/lib-
esm/sqlite3.js:392:16
)
      at executeStmt 
(file:///D:/UIT_COURS
ES/SE100/DailyDesk/no
de_modules/[4m.pnpm
[24m/@libsql+client@0
.15.15/node_modules/
[4m@libsql[24m/clien
t/lib-esm/sqlite3.js:
297:15)
      at Sqlite3Clien
t.execute (file:///D:
/UIT_COURSES/SE100/Da
ilyDesk/node_modules/
[4m.pnpm[24m/@libsq
l+client@0.15.15/node
_modules/[4m@libsql
[24m/client/lib-esm/s
qlite3.js:81:16)
  [90m    ... 5 
lines matching cause 
stack trace ...[39m
      at SQLiteSelect
Base.execute (file://
/D:/UIT_COURSES/SE100
/DailyDesk/node_modul
es/[4m.pnpm[24m/dri
zzle-orm@0.44.7_@elec
tri_5c2928a099a752b7e
299aaadb8975aea/node_
modules/[4msrc[24m/
sqlite-core/query-bui
lders/select.ts:962:1
5)
      at SQLiteSelect
Base.then (file:///D:
/UIT_COURSES/SE100/Da
ilyDesk/node_modules/
[4m.pnpm[24m/drizzl
e-orm@0.44.7_@electri
_5c2928a099a752b7e299
aaadb8975aea/node_mod
ules/[4msrc[24m/que
ry-promise.ts:31:15) 
{
    code: [32m'SQLIT
E_ERROR'[39m,
    rawCode: 
[33m1[39m,
    [cause]: 
SqliteError: no such 
column: is_template
        at 
convertError (D:\UIT_
COURSES\SE100\DailyDe
sk\node_modules\[4m.
pnpm[24m\libsql@0.5.
22\node_modules\[4ml
ibsql[24m\index.js:5
9:12)
        at 
Database.prepare (D:\
UIT_COURSES\SE100\Dai
lyDesk\node_modules\
[4m.pnpm[24m\libsql@
0.5.22\node_modules\
[4mlibsql[24m\index.
js:131:13)
        at 
executeStmt (file:///
D:/UIT_COURSES/SE100/
DailyDesk/node_module
s/[4m.pnpm[24m/@lib
sql+client@0.15.15/no
de_modules/[4m@libsq
l[24m/client/lib-esm
/sqlite3.js:268:28)
        at Sqlite3Cli
ent.execute (file:///
D:/UIT_COURSES/SE100/
DailyDesk/node_module
s/[4m.pnpm[24m/@lib
sql+client@0.15.15/no
de_modules/[4m@libsq
l[24m/client/lib-esm
/sqlite3.js:81:16)
        at file:///D:
/UIT_COURSES/SE100/Da
ilyDesk/node_modules/
[4m.pnpm[24m/drizzl
e-orm@0.44.7_@electri
_5c2928a099a752b7e299
aaadb8975aea/node_mod
ules/[4msrc[24m/lib
sql/session.ts:288:58
        at LibSQLPrep
aredQuery.queryWithCa
che (file:///D:/UIT_C
OURSES/SE100/DailyDes
k/node_modules/[4m.p
npm[24m/drizzle-orm@
0.44.7_@electri_5c292
8a099a752b7e299aaadb8
975aea/node_modules/
[4msrc[24m/sqlite-co
re/session.ts:78:18)
        at LibSQLPrep
aredQuery.values (fil
e:///D:/UIT_COURSES/S
E100/DailyDesk/node_m
odules/[4m.pnpm[24m
/drizzle-orm@0.44.7_@
electri_5c2928a099a75
2b7e299aaadb8975aea/n
ode_modules/[4msrc[
24m/libsql/session.ts
:286:21)
        at LibSQLPrep
aredQuery.all (file:/
//D:/UIT_COURSES/SE10
0/DailyDesk/node_modu
les/[4m.pnpm[24m/dr
izzle-orm@0.44.7_@ele
ctri_5c2928a099a752b7
e299aaadb8975aea/node
_modules/[4msrc[24m
/libsql/session.ts:21
4:27)
        at 
SQLiteSelectBase.all 
(file:///D:/UIT_COURS
ES/SE100/DailyDesk/no
de_modules/[4m.pnpm
[24m/drizzle-orm@0.44
.7_@electri_5c2928a09
9a752b7e299aaadb8975a
ea/node_modules/[4ms
rc[24m/sqlite-core/q
uery-builders/select.
ts:950:26)
        at SQLiteSele
ctBase.execute (file:
///D:/UIT_COURSES/SE1
00/DailyDesk/node_mod
ules/[4m.pnpm[24m/d
rizzle-orm@0.44.7_@el
ectri_5c2928a099a752b
7e299aaadb8975aea/nod
e_modules/[4msrc[24
m/sqlite-core/query-b
uilders/select.ts:962
:15) {
      code: [32m'SQL
ITE_ERROR'[39m,
      rawCode: 
[33m1[39m
    }
  }
}

[90mstderr[2m | tes
ts/cards/card-members
.test.ts[2m > 
[22m[2mCards 
Members Tests[2m > 
[22m[2mCard 
Members[2m > 
[22m[2mshould 
handle multiple 
members including 
auto-fetched ones
[22m[39mDrizzleQuer
yError: Failed 
query: select "id", 
"name", 
"description", 
"order", 
"cover_url", 
"cover_public_id", 
"cover_color", 
"cover_mode", 
"list_id", 
"start_date", 
"deadline", 
"due_at", 
"due_complete", 
"reminder_minutes", 
"recurrence", 
"recurrence_day", "re
currence_weekday", 
"repeat_frequency", 
"repeat_interval", 
"latitude", 
"longitude", 
"completed", 
"is_template", 
"created_at", 
"updated_at" from 
"cards" where 
"cards"."list_id" = ?
params: 019bd127-dafd
-76ba-81f7-559d19bd03
d7
    at LibSQLPrepared
Query.queryWithCache 
(file:///D:/UIT_COURS
ES/SE100/DailyDesk/no
de_modules/[4m.pnpm
[24m/drizzle-orm@0.44
.7_@electri_5c2928a09
9a752b7e299aaadb8975a
ea/node_modules/[4ms
rc[24m/sqlite-core/s
ession.ts:80:11)
[90m    at processTi
cksAndRejections (nod
e:internal/process/ta
sk_queues:105:5)[39m
    at LibSQLPrepared
Query.values (file://
/D:/UIT_COURSES/SE100
/DailyDesk/node_modul
es/[4m.pnpm[24m/dri
zzle-orm@0.44.7_@elec
tri_5c2928a099a752b7e
299aaadb8975aea/node_
modules/[4msrc[24m/
libsql/session.ts:286
:10)
    at LibSQLPrepared
Query.all (file:///D:
/UIT_COURSES/SE100/Da
ilyDesk/node_modules/
[4m.pnpm[24m/drizzl
e-orm@0.44.7_@electri
_5c2928a099a752b7e299
aaadb8975aea/node_mod
ules/[4msrc[24m/lib
sql/session.ts:214:16
)
    at 
Module.createCard [9
0m(D:\UIT_COURSES\SE1
00\DailyDesk\backend\
[39msrc\services\car
ds.service.ts:319:23
[90m)[39m
    at [90mD:\UIT_CO
URSES\SE100\DailyDesk
\backend\[39msrc\rou
tes\cards.ts:152:22
    at dispatch (file
:///D:/UIT_COURSES/SE
100/DailyDesk/node_mo
dules/[4m.pnpm[24m/
hono@4.11.3/node_modu
les/[4mhono[24m/dis
t/compose.js:22:17)
    at file:///D:/UIT
_COURSES/SE100/DailyD
esk/node_modules/[4m
.pnpm[24m/hono@4.11.
3/node_modules/[4mho
no[24m/dist/validato
r/validator.js:81:12
    at mw (file:///D:
/UIT_COURSES/SE100/Da
ilyDesk/node_modules/
[4m.pnpm[24m/@hono+
zod-openapi@1.2.0_hon
o@4.11.3_zod@4.3.5/no
de_modules/[4m@hono
[24m/zod-openapi/src/
index.ts:546:26)
    at dispatch (file
:///D:/UIT_COURSES/SE
100/DailyDesk/node_mo
dules/[4m.pnpm[24m/
hono@4.11.3/node_modu
les/[4mhono[24m/dis
t/compose.js:22:17) {
  query: 
[32m'select "id", 
"name", 
"description", 
"order", 
"cover_url", 
"cover_public_id", 
"cover_color", 
"cover_mode", 
"list_id", 
"start_date", 
"deadline", 
"due_at", 
"due_complete", 
"reminder_minutes", 
"recurrence", 
"recurrence_day", "re
currence_weekday", 
"repeat_frequency", 
"repeat_interval", 
"latitude", 
"longitude", 
"completed", 
"is_template", 
"created_at", 
"updated_at" from 
"cards" where 
"cards"."list_id" = 
?'[39m,
  params: [ [32m'019
bd127-dafd-76ba-81f7-
559d19bd03d7'[39m ],
  cause: 
LibsqlError: 
SQLITE_ERROR: no 
such column: 
is_template
      at 
mapSqliteError (file:
///D:/UIT_COURSES/SE1
00/DailyDesk/node_mod
ules/[4m.pnpm[24m/@
libsql+client@0.15.15
/node_modules/[4m@li
bsql[24m/client/lib-
esm/sqlite3.js:392:16
)
      at executeStmt 
(file:///D:/UIT_COURS
ES/SE100/DailyDesk/no
de_modules/[4m.pnpm
[24m/@libsql+client@0
.15.15/node_modules/
[4m@libsql[24m/clien
t/lib-esm/sqlite3.js:
297:15)
      at Sqlite3Clien
t.execute (file:///D:
/UIT_COURSES/SE100/Da
ilyDesk/node_modules/
[4m.pnpm[24m/@libsq
l+client@0.15.15/node
_modules/[4m@libsql
[24m/client/lib-esm/s
qlite3.js:81:16)
  [90m    ... 5 
lines matching cause 
stack trace ...[39m
      at SQLiteSelect
Base.execute (file://
/D:/UIT_COURSES/SE100
/DailyDesk/node_modul
es/[4m.pnpm[24m/dri
zzle-orm@0.44.7_@elec
tri_5c2928a099a752b7e
299aaadb8975aea/node_
modules/[4msrc[24m/
sqlite-core/query-bui
lders/select.ts:962:1
5)
      at SQLiteSelect
Base.then (file:///D:
/UIT_COURSES/SE100/Da
ilyDesk/node_modules/
[4m.pnpm[24m/drizzl
e-orm@0.44.7_@electri
_5c2928a099a752b7e299
aaadb8975aea/node_mod
ules/[4msrc[24m/que
ry-promise.ts:31:15) 
{
    code: [32m'SQLIT
E_ERROR'[39m,
    rawCode: 
[33m1[39m,
    [cause]: 
SqliteError: no such 
column: is_template
        at 
convertError (D:\UIT_
COURSES\SE100\DailyDe
sk\node_modules\[4m.
pnpm[24m\libsql@0.5.
22\node_modules\[4ml
ibsql[24m\index.js:5
9:12)
        at 
Database.prepare (D:\
UIT_COURSES\SE100\Dai
lyDesk\node_modules\
[4m.pnpm[24m\libsql@
0.5.22\node_modules\
[4mlibsql[24m\index.
js:131:13)
        at 
executeStmt (file:///
D:/UIT_COURSES/SE100/
DailyDesk/node_module
s/[4m.pnpm[24m/@lib
sql+client@0.15.15/no
de_modules/[4m@libsq
l[24m/client/lib-esm
/sqlite3.js:268:28)
        at Sqlite3Cli
ent.execute (file:///
D:/UIT_COURSES/SE100/
DailyDesk/node_module
s/[4m.pnpm[24m/@lib
sql+client@0.15.15/no
de_modules/[4m@libsq
l[24m/client/lib-esm
/sqlite3.js:81:16)
        at file:///D:
/UIT_COURSES/SE100/Da
ilyDesk/node_modules/
[4m.pnpm[24m/drizzl
e-orm@0.44.7_@electri
_5c2928a099a752b7e299
aaadb8975aea/node_mod
ules/[4msrc[24m/lib
sql/session.ts:288:58
        at LibSQLPrep
aredQuery.queryWithCa
che (file:///D:/UIT_C
OURSES/SE100/DailyDes
k/node_modules/[4m.p
npm[24m/drizzle-orm@
0.44.7_@electri_5c292
8a099a752b7e299aaadb8
975aea/node_modules/
[4msrc[24m/sqlite-co
re/session.ts:78:18)
        at LibSQLPrep
aredQuery.values (fil
e:///D:/UIT_COURSES/S
E100/DailyDesk/node_m
odules/[4m.pnpm[24m
/drizzle-orm@0.44.7_@
electri_5c2928a099a75
2b7e299aaadb8975aea/n
ode_modules/[4msrc[
24m/libsql/session.ts
:286:21)
        at LibSQLPrep
aredQuery.all (file:/
//D:/UIT_COURSES/SE10
0/DailyDesk/node_modu
les/[4m.pnpm[24m/dr
izzle-orm@0.44.7_@ele
ctri_5c2928a099a752b7
e299aaadb8975aea/node
_modules/[4msrc[24m
/libsql/session.ts:21
4:27)
        at 
SQLiteSelectBase.all 
(file:///D:/UIT_COURS
ES/SE100/DailyDesk/no
de_modules/[4m.pnpm
[24m/drizzle-orm@0.44
.7_@electri_5c2928a09
9a752b7e299aaadb8975a
ea/node_modules/[4ms
rc[24m/sqlite-core/q
uery-builders/select.
ts:950:26)
        at SQLiteSele
ctBase.execute (file:
///D:/UIT_COURSES/SE1
00/DailyDesk/node_mod
ules/[4m.pnpm[24m/d
rizzle-orm@0.44.7_@el
ectri_5c2928a099a752b
7e299aaadb8975aea/nod
e_modules/[4msrc[24
m/sqlite-core/query-b
uilders/select.ts:962
:15) {
      code: [32m'SQL
ITE_ERROR'[39m,
      rawCode: 
[33m1[39m
    }
  }
}
Error in updateCard 
route: 
DrizzleQueryError: 
Failed query: select 
"id", "name", 
"description", 
"order", 
"cover_url", 
"cover_public_id", 
"cover_color", 
"cover_mode", 
"list_id", 
"start_date", 
"deadline", 
"due_at", 
"due_complete", 
"reminder_minutes", 
"recurrence", 
"recurrence_day", "re
currence_weekday", 
"repeat_frequency", 
"repeat_interval", 
"latitude", 
"longitude", 
"completed", 
"is_template", 
"created_at", 
"updated_at" from 
"cards" where 
"cards"."id" = ? 
limit ?
params: 019bd127-daff
-7bac-a711-cb741c4344
3f,1
    at LibSQLPrepared
Query.queryWithCache 
(file:///D:/UIT_COURS
ES/SE100/DailyDesk/no
de_modules/[4m.pnpm
[24m/drizzle-orm@0.44
.7_@electri_5c2928a09
9a752b7e299aaadb8975a
ea/node_modules/[4ms
rc[24m/sqlite-core/s
ession.ts:80:11)
[90m    at processTi
cksAndRejections (nod
e:internal/process/ta
sk_queues:105:5)[39m
    at LibSQLPrepared
Query.values (file://
/D:/UIT_COURSES/SE100
/DailyDesk/node_modul
es/[4m.pnpm[24m/dri
zzle-orm@0.44.7_@elec
tri_5c2928a099a752b7e
299aaadb8975aea/node_
modules/[4msrc[24m/
libsql/session.ts:286
:10)
    at LibSQLPrepared
Query.all (file:///D:
/UIT_COURSES/SE100/Da
ilyDesk/node_modules/
[4m.pnpm[24m/drizzl
e-orm@0.44.7_@electri
_5c2928a099a752b7e299
aaadb8975aea/node_mod
ules/[4msrc[24m/lib
sql/session.ts:214:16
)
    at 
Module.updateCard [9
0m(D:\UIT_COURSES\SE1
00\DailyDesk\backend\
[39msrc\services\car
ds.service.ts:566:24
[90m)[39m
    at [90mD:\UIT_CO
URSES\SE100\DailyDesk
\backend\[39msrc\rou
tes\cards.ts:244:25
    at dispatch (file
:///D:/UIT_COURSES/SE
100/DailyDesk/node_mo
dules/[4m.pnpm[24m/
hono@4.11.3/node_modu
les/[4mhono[24m/dis
t/compose.js:22:17)
    at file:///D:/UIT
_COURSES/SE100/DailyD
esk/node_modules/[4m
.pnpm[24m/hono@4.11.
3/node_modules/[4mho
no[24m/dist/validato
r/validator.js:81:12
    at mw (file:///D:
/UIT_COURSES/SE100/Da
ilyDesk/node_modules/
[4m.pnpm[24m/@hono+
zod-openapi@1.2.0_hon
o@4.11.3_zod@4.3.5/no
de_modules/[4m@hono
[24m/zod-openapi/src/
index.ts:546:26)
    at dispatch (file
:///D:/UIT_COURSES/SE
100/DailyDesk/node_mo
dules/[4m.pnpm[24m/
hono@4.11.3/node_modu
les/[4mhono[24m/dis
t/compose.js:22:17) {
  query: 
[32m'select "id", 
"name", 
"description", 
"order", 
"cover_url", 
"cover_public_id", 
"cover_color", 
"cover_mode", 
"list_id", 
"start_date", 
"deadline", 
"due_at", 
"due_complete", 
"reminder_minutes", 
"recurrence", 
"recurrence_day", "re
currence_weekday", 
"repeat_frequency", 
"repeat_interval", 
"latitude", 
"longitude", 
"completed", 
"is_template", 
"created_at", 
"updated_at" from 
"cards" where 
"cards"."id" = ? 
limit ?'[39m,
  params: [ [32m'019
bd127-daff-7bac-a711-
cb741c43443f'[39m, 
[33m1[39m ],
  cause: 
LibsqlError: 
SQLITE_ERROR: no 
such column: 
is_template
      at 
mapSqliteError (file:
///D:/UIT_COURSES/SE1
00/DailyDesk/node_mod
ules/[4m.pnpm[24m/@
libsql+client@0.15.15
/node_modules/[4m@li
bsql[24m/client/lib-
esm/sqlite3.js:392:16
)
      at executeStmt 
(file:///D:/UIT_COURS
ES/SE100/DailyDesk/no
de_modules/[4m.pnpm
[24m/@libsql+client@0
.15.15/node_modules/
[4m@libsql[24m/clien
t/lib-esm/sqlite3.js:
297:15)
      at Sqlite3Clien
t.execute (file:///D:
/UIT_COURSES/SE100/Da
ilyDesk/node_modules/
[4m.pnpm[24m/@libsq
l+client@0.15.15/node
_modules/[4m@libsql
[24m/client/lib-esm/s
qlite3.js:81:16)
  [90m    ... 5 
lines matching cause 
stack trace ...[39m
      at SQLiteSelect
Base.execute (file://
/D:/UIT_COURSES/SE100
/DailyDesk/node_modul
es/[4m.pnpm[24m/dri
zzle-orm@0.44.7_@elec
tri_5c2928a099a752b7e
299aaadb8975aea/node_
modules/[4msrc[24m/
sqlite-core/query-bui
lders/select.ts:962:1
5)
      at SQLiteSelect
Base.then (file:///D:
/UIT_COURSES/SE100/Da
ilyDesk/node_modules/
[4m.pnpm[24m/drizzl
e-orm@0.44.7_@electri
_5c2928a099a752b7e299
aaadb8975aea/node_mod
ules/[4msrc[24m/que
ry-promise.ts:31:15) 
{
    code: [32m'SQLIT
E_ERROR'[39m,
    rawCode: 
[33m1[39m,
    [cause]: 
SqliteError: no such 
column: is_template
        at 
convertError (D:\UIT_
COURSES\SE100\DailyDe
sk\node_modules\[4m.
pnpm[24m\libsql@0.5.
22\node_modules\[4ml
ibsql[24m\index.js:5
9:12)
        at 
Database.prepare (D:\
UIT_COURSES\SE100\Dai
lyDesk\node_modules\
[4m.pnpm[24m\libsql@
0.5.22\node_modules\
[4mlibsql[24m\index.
js:131:13)
        at 
executeStmt (file:///
D:/UIT_COURSES/SE100/
DailyDesk/node_module
s/[4m.pnpm[24m/@lib
sql+client@0.15.15/no
de_modules/[4m@libsq
l[24m/client/lib-esm
/sqlite3.js:268:28)
        at Sqlite3Cli
ent.execute (file:///
D:/UIT_COURSES/SE100/
DailyDesk/node_module
s/[4m.pnpm[24m/@lib
sql+client@0.15.15/no
de_modules/[4m@libsq
l[24m/client/lib-esm
/sqlite3.js:81:16)
        at file:///D:
/UIT_COURSES/SE100/Da
ilyDesk/node_modules/
[4m.pnpm[24m/drizzl
e-orm@0.44.7_@electri
_5c2928a099a752b7e299
aaadb8975aea/node_mod
ules/[4msrc[24m/lib
sql/session.ts:288:58
        at LibSQLPrep
aredQuery.queryWithCa
che (file:///D:/UIT_C
OURSES/SE100/DailyDes
k/node_modules/[4m.p
npm[24m/drizzle-orm@
0.44.7_@electri_5c292
8a099a752b7e299aaadb8
975aea/node_modules/
[4msrc[24m/sqlite-co
re/session.ts:78:18)
        at LibSQLPrep
aredQuery.values (fil
e:///D:/UIT_COURSES/S
E100/DailyDesk/node_m
odules/[4m.pnpm[24m
/drizzle-orm@0.44.7_@
electri_5c2928a099a75
2b7e299aaadb8975aea/n
ode_modules/[4msrc[
24m/libsql/session.ts
:286:21)
        at LibSQLPrep
aredQuery.all (file:/
//D:/UIT_COURSES/SE10
0/DailyDesk/node_modu
les/[4m.pnpm[24m/dr
izzle-orm@0.44.7_@ele
ctri_5c2928a099a752b7
e299aaadb8975aea/node
_modules/[4msrc[24m
/libsql/session.ts:21
4:27)
        at 
SQLiteSelectBase.all 
(file:///D:/UIT_COURS
ES/SE100/DailyDesk/no
de_modules/[4m.pnpm
[24m/drizzle-orm@0.44
.7_@electri_5c2928a09
9a752b7e299aaadb8975a
ea/node_modules/[4ms
rc[24m/sqlite-core/q
uery-builders/select.
ts:950:26)
        at SQLiteSele
ctBase.execute (file:
///D:/UIT_COURSES/SE1
00/DailyDesk/node_mod
ules/[4m.pnpm[24m/d
rizzle-orm@0.44.7_@el
ectri_5c2928a099a752b
7e299aaadb8975aea/nod
e_modules/[4msrc[24
m/sqlite-core/query-b
uilders/select.ts:962
:15) {
      code: [32m'SQL
ITE_ERROR'[39m,
      rawCode: 
[33m1[39m
    }
  }
}
DrizzleQueryError: 
Failed query: select 
"id", "name", 
"description", 
"order", 
"cover_url", 
"cover_public_id", 
"cover_color", 
"cover_mode", 
"list_id", 
"start_date", 
"deadline", 
"due_at", 
"due_complete", 
"reminder_minutes", 
"recurrence", 
"recurrence_day", "re
currence_weekday", 
"repeat_frequency", 
"repeat_interval", 
"latitude", 
"longitude", 
"completed", 
"is_template", 
"created_at", 
"updated_at" from 
"cards" where 
"cards"."id" = ? 
limit ?
params: 019bd127-daff
-7bac-a711-cb741c4344
3f,1
    at LibSQLPrepared
Query.queryWithCache 
(file:///D:/UIT_COURS
ES/SE100/DailyDesk/no
de_modules/[4m.pnpm
[24m/drizzle-orm@0.44
.7_@electri_5c2928a09
9a752b7e299aaadb8975a
ea/node_modules/[4ms
rc[24m/sqlite-core/s
ession.ts:80:11)
[90m    at processTi
cksAndRejections (nod
e:internal/process/ta
sk_queues:105:5)[39m
    at LibSQLPrepared
Query.values (file://
/D:/UIT_COURSES/SE100
/DailyDesk/node_modul
es/[4m.pnpm[24m/dri
zzle-orm@0.44.7_@elec
tri_5c2928a099a752b7e
299aaadb8975aea/node_
modules/[4msrc[24m/
libsql/session.ts:286
:10)
    at LibSQLPrepared
Query.all (file:///D:
/UIT_COURSES/SE100/Da
ilyDesk/node_modules/
[4m.pnpm[24m/drizzl
e-orm@0.44.7_@electri
_5c2928a099a752b7e299
aaadb8975aea/node_mod
ules/[4msrc[24m/lib
sql/session.ts:214:16
)
    at 
Module.updateCard [9
0m(D:\UIT_COURSES\SE1
00\DailyDesk\backend\
[39msrc\services\car
ds.service.ts:566:24
[90m)[39m
    at [90mD:\UIT_CO
URSES\SE100\DailyDesk
\backend\[39msrc\rou
tes\cards.ts:244:25
    at dispatch (file
:///D:/UIT_COURSES/SE
100/DailyDesk/node_mo
dules/[4m.pnpm[24m/
hono@4.11.3/node_modu
les/[4mhono[24m/dis
t/compose.js:22:17)
    at file:///D:/UIT
_COURSES/SE100/DailyD
esk/node_modules/[4m
.pnpm[24m/hono@4.11.
3/node_modules/[4mho
no[24m/dist/validato
r/validator.js:81:12
    at mw (file:///D:
/UIT_COURSES/SE100/Da
ilyDesk/node_modules/
[4m.pnpm[24m/@hono+
zod-openapi@1.2.0_hon
o@4.11.3_zod@4.3.5/no
de_modules/[4m@hono
[24m/zod-openapi/src/
index.ts:546:26)
    at dispatch (file
:///D:/UIT_COURSES/SE
100/DailyDesk/node_mo
dules/[4m.pnpm[24m/
hono@4.11.3/node_modu
les/[4mhono[24m/dis
t/compose.js:22:17) {
  query: 
[32m'select "id", 
"name", 
"description", 
"order", 
"cover_url", 
"cover_public_id", 
"cover_color", 
"cover_mode", 
"list_id", 
"start_date", 
"deadline", 
"due_at", 
"due_complete", 
"reminder_minutes", 
"recurrence", 
"recurrence_day", "re
currence_weekday", 
"repeat_frequency", 
"repeat_interval", 
"latitude", 
"longitude", 
"completed", 
"is_template", 
"created_at", 
"updated_at" from 
"cards" where 
"cards"."id" = ? 
limit ?'[39m,
  params: [ [32m'019
bd127-daff-7bac-a711-
cb741c43443f'[39m, 
[33m1[39m ],
  cause: 
LibsqlError: 
SQLITE_ERROR: no 
such column: 
is_template
      at 
mapSqliteError (file:
///D:/UIT_COURSES/SE1
00/DailyDesk/node_mod
ules/[4m.pnpm[24m/@
libsql+client@0.15.15
/node_modules/[4m@li
bsql[24m/client/lib-
esm/sqlite3.js:392:16
)
      at executeStmt 
(file:///D:/UIT_COURS
ES/SE100/DailyDesk/no
de_modules/[4m.pnpm
[24m/@libsql+client@0
.15.15/node_modules/
[4m@libsql[24m/clien
t/lib-esm/sqlite3.js:
297:15)
      at Sqlite3Clien
t.execute (file:///D:
/UIT_COURSES/SE100/Da
ilyDesk/node_modules/
[4m.pnpm[24m/@libsq
l+client@0.15.15/node
_modules/[4m@libsql
[24m/client/lib-esm/s
qlite3.js:81:16)
  [90m    ... 5 
lines matching cause 
stack trace ...[39m
      at SQLiteSelect
Base.execute (file://
/D:/UIT_COURSES/SE100
/DailyDesk/node_modul
es/[4m.pnpm[24m/dri
zzle-orm@0.44.7_@elec
tri_5c2928a099a752b7e
299aaadb8975aea/node_
modules/[4msrc[24m/
sqlite-core/query-bui
lders/select.ts:962:1
5)
      at SQLiteSelect
Base.then (file:///D:
/UIT_COURSES/SE100/Da
ilyDesk/node_modules/
[4m.pnpm[24m/drizzl
e-orm@0.44.7_@electri
_5c2928a099a752b7e299
aaadb8975aea/node_mod
ules/[4msrc[24m/que
ry-promise.ts:31:15) 
{
    code: [32m'SQLIT
E_ERROR'[39m,
    rawCode: 
[33m1[39m,
    [cause]: 
SqliteError: no such 
column: is_template
        at 
convertError (D:\UIT_
COURSES\SE100\DailyDe
sk\node_modules\[4m.
pnpm[24m\libsql@0.5.
22\node_modules\[4ml
ibsql[24m\index.js:5
9:12)
        at 
Database.prepare (D:\
UIT_COURSES\SE100\Dai
lyDesk\node_modules\
[4m.pnpm[24m\libsql@
0.5.22\node_modules\
[4mlibsql[24m\index.
js:131:13)
        at 
executeStmt (file:///
D:/UIT_COURSES/SE100/
DailyDesk/node_module
s/[4m.pnpm[24m/@lib
sql+client@0.15.15/no
de_modules/[4m@libsq
l[24m/client/lib-esm
/sqlite3.js:268:28)
        at Sqlite3Cli
ent.execute (file:///
D:/UIT_COURSES/SE100/
DailyDesk/node_module
s/[4m.pnpm[24m/@lib
sql+client@0.15.15/no
de_modules/[4m@libsq
l[24m/client/lib-esm
/sqlite3.js:81:16)
        at file:///D:
/UIT_COURSES/SE100/Da
ilyDesk/node_modules/
[4m.pnpm[24m/drizzl
e-orm@0.44.7_@electri
_5c2928a099a752b7e299
aaadb8975aea/node_mod
ules/[4msrc[24m/lib
sql/session.ts:288:58
        at LibSQLPrep
aredQuery.queryWithCa
che (file:///D:/UIT_C
OURSES/SE100/DailyDes
k/node_modules/[4m.p
npm[24m/drizzle-orm@
0.44.7_@electri_5c292
8a099a752b7e299aaadb8
975aea/node_modules/
[4msrc[24m/sqlite-co
re/session.ts:78:18)
        at LibSQLPrep
aredQuery.values (fil
e:///D:/UIT_COURSES/S
E100/DailyDesk/node_m
odules/[4m.pnpm[24m
/drizzle-orm@0.44.7_@
electri_5c2928a099a75
2b7e299aaadb8975aea/n
ode_modules/[4msrc[
24m/libsql/session.ts
:286:21)
        at LibSQLPrep
aredQuery.all (file:/
//D:/UIT_COURSES/SE10
0/DailyDesk/node_modu
les/[4m.pnpm[24m/dr
izzle-orm@0.44.7_@ele
ctri_5c2928a099a752b7
e299aaadb8975aea/node
_modules/[4msrc[24m
/libsql/session.ts:21
4:27)
        at 
SQLiteSelectBase.all 
(file:///D:/UIT_COURS
ES/SE100/DailyDesk/no
de_modules/[4m.pnpm
[24m/drizzle-orm@0.44
.7_@electri_5c2928a09
9a752b7e299aaadb8975a
ea/node_modules/[4ms
rc[24m/sqlite-core/q
uery-builders/select.
ts:950:26)
        at SQLiteSele
ctBase.execute (file:
///D:/UIT_COURSES/SE1
00/DailyDesk/node_mod
ules/[4m.pnpm[24m/d
rizzle-orm@0.44.7_@el
ectri_5c2928a099a752b
7e299aaadb8975aea/nod
e_modules/[4msrc[24
m/sqlite-core/query-b
uilders/select.ts:962
:15) {
      code: [32m'SQL
ITE_ERROR'[39m,
      rawCode: 
[33m1[39m
    }
  }
}

[90mstderr[2m | tes
ts/cards/card-members
.test.ts[2m > 
[22m[2mCards 
Members Tests[2m > 
[22m[2mCard 
Members[2m > 
[22m[2mshould 
gracefully handle 
invalid member 
references
[22m[39mDrizzleQuer
yError: Failed 
query: select "id", 
"name", 
"description", 
"order", 
"cover_url", 
"cover_public_id", 
"cover_color", 
"cover_mode", 
"list_id", 
"start_date", 
"deadline", 
"due_at", 
"due_complete", 
"reminder_minutes", 
"recurrence", 
"recurrence_day", "re
currence_weekday", 
"repeat_frequency", 
"repeat_interval", 
"latitude", 
"longitude", 
"completed", 
"is_template", 
"created_at", 
"updated_at" from 
"cards" where 
"cards"."list_id" = ?
params: 019bd127-db1c
-749d-bf1c-0fb0dc54f4
5f
    at LibSQLPrepared
Query.queryWithCache 
(file:///D:/UIT_COURS
ES/SE100/DailyDesk/no
de_modules/[4m.pnpm
[24m/drizzle-orm@0.44
.7_@electri_5c2928a09
9a752b7e299aaadb8975a
ea/node_modules/[4ms
rc[24m/sqlite-core/s
ession.ts:80:11)
[90m    at processTi
cksAndRejections (nod
e:internal/process/ta
sk_queues:105:5)[39m
    at LibSQLPrepared
Query.values (file://
/D:/UIT_COURSES/SE100
/DailyDesk/node_modul
es/[4m.pnpm[24m/dri
zzle-orm@0.44.7_@elec
tri_5c2928a099a752b7e
299aaadb8975aea/node_
modules/[4msrc[24m/
libsql/session.ts:286
:10)
    at LibSQLPrepared
Query.all (file:///D:
/UIT_COURSES/SE100/Da
ilyDesk/node_modules/
[4m.pnpm[24m/drizzl
e-orm@0.44.7_@electri
_5c2928a099a752b7e299
aaadb8975aea/node_mod
ules/[4msrc[24m/lib
sql/session.ts:214:16
)
    at 
Module.createCard [9
0m(D:\UIT_COURSES\SE1
00\DailyDesk\backend\
[39msrc\services\car
ds.service.ts:319:23
[90m)[39m
    at [90mD:\UIT_CO
URSES\SE100\DailyDesk
\backend\[39msrc\rou
tes\cards.ts:152:22
    at dispatch (file
:///D:/UIT_COURSES/SE
100/DailyDesk/node_mo
dules/[4m.pnpm[24m/
hono@4.11.3/node_modu
les/[4mhono[24m/dis
t/compose.js:22:17)
    at file:///D:/UIT
_COURSES/SE100/DailyD
esk/node_modules/[4m
.pnpm[24m/hono@4.11.
3/node_modules/[4mho
no[24m/dist/validato
r/validator.js:81:12
    at mw (file:///D:
/UIT_COURSES/SE100/Da
ilyDesk/node_modules/
[4m.pnpm[24m/@hono+
zod-openapi@1.2.0_hon
o@4.11.3_zod@4.3.5/no
de_modules/[4m@hono
[24m/zod-openapi/src/
index.ts:546:26)
    at dispatch (file
:///D:/UIT_COURSES/SE
100/DailyDesk/node_mo
dules/[4m.pnpm[24m/
hono@4.11.3/node_modu
les/[4mhono[24m/dis
t/compose.js:22:17) {
  query: 
[32m'select "id", 
"name", 
"description", 
"order", 
"cover_url", 
"cover_public_id", 
"cover_color", 
"cover_mode", 
"list_id", 
"start_date", 
"deadline", 
"due_at", 
"due_complete", 
"reminder_minutes", 
"recurrence", 
"recurrence_day", "re
currence_weekday", 
"repeat_frequency", 
"repeat_interval", 
"latitude", 
"longitude", 
"completed", 
"is_template", 
"created_at", 
"updated_at" from 
"cards" where 
"cards"."list_id" = 
?'[39m,
  params: [ [32m'019
bd127-db1c-749d-bf1c-
0fb0dc54f45f'[39m ],
[90mstdout[2m | tests/members.test.ts[2m > [22m[2mMembers API Integration Tests[2m > [22m[2mPOST /boards/{boardId}/members/by-user-id[2m > [22m[2mshould use default role as member if not specified
  cause: 
LibsqlError: 
SQLITE_ERROR: no 
such column: 
is_template
      at 
mapSqliteError (file:
///D:/UIT_COURSES/SE1
00/DailyDesk/node_mod
ules/[4m.pnpm[24m/@
libsql+client@0.15.15
/node_modules/[4m@li
bsql[24m/client/lib-
esm/sqlite3.js:392:16
)
      at executeStmt 
(file:///D:/UIT_COURS
ES/SE100/DailyDesk/no
de_modules/[4m.pnpm
[24m/@libsql+client@0
.15.15/node_modules/
[4m@libsql[24m/clien
t/lib-esm/sqlite3.js:
297:15)
      at Sqlite3Clien
t.execute (file:///D:
/UIT_COURSES/SE100/Da
ilyDesk/node_modules/
[4m.pnpm[24m/@libsq
l+client@0.15.15/node
_modules/[4m@libsql
[24m/client/lib-esm/s
qlite3.js:81:16)
  [90m    ... 5 
lines matching cause 
stack trace ...[39m
      at SQLiteSelect
Base.execute (file://
/D:/UIT_COURSES/SE100
/DailyDesk/node_modul
es/[4m.pnpm[24m/dri
zzle-orm@0.44.7_@elec
tri_5c2928a099a752b7e
299aaadb8975aea/node_
modules/[4msrc[24m/
sqlite-core/query-bui
lders/select.ts:962:1
5)
      at SQLiteSelect
Base.then (file:///D:
/UIT_COURSES/SE100/Da
ilyDesk/node_modules/
[4m.pnpm[24m/drizzl
e-orm@0.44.7_@electri
_5c2928a099a752b7e299
aaadb8975aea/node_mod
ules/[4msrc[24m/que
ry-promise.ts:31:15) 
{
    code: [32m'SQLIT
E_ERROR'[39m,
    rawCode: 
[33m1[39m,
    [cause]: 
SqliteError: no such 
column: is_template
        at 
convertError (D:\UIT_
COURSES\SE100\DailyDe
sk\node_modules\[4m.
pnpm[24m\libsql@0.5.
22\node_modules\[4ml
ibsql[24m\index.js:5
9:12)
        at 
Database.prepare (D:\
UIT_COURSES\SE100\Dai
lyDesk\node_modules\
[4m.pnpm[24m\libsql@
0.5.22\node_modules\
[4mlibsql[24m\index.
js:131:13)
        at 
executeStmt (file:///
D:/UIT_COURSES/SE100/
DailyDesk/node_module
s/[4m.pnpm[24m/@lib
sql+client@0.15.15/no
de_modules/[4m@libsq
l[24m/client/lib-esm
/sqlite3.js:268:28)
        at Sqlite3Cli
ent.execute (file:///
D:/UIT_COURSES/SE100/
DailyDesk/node_module
s/[4m.pnpm[24m/@lib
sql+client@0.15.15/no
de_modules/[4m@libsq
l[24m/client/lib-esm
/sqlite3.js:81:16)
        at file:///D:
/UIT_COURSES/SE100/Da
ilyDesk/node_modules/
[4m.pnpm[24m/drizzl
e-orm@0.44.7_@electri
_5c2928a099a752b7e299
aaadb8975aea/node_mod
ules/[4msrc[24m/lib
sql/session.ts:288:58
        at LibSQLPrep
aredQuery.queryWithCa
che (file:///D:/UIT_C
OURSES/SE100/DailyDes
k/node_modules/[4m.p
npm[24m/drizzle-orm@
0.44.7_@electri_5c292
8a099a752b7e299aaadb8
975aea/node_modules/
[4msrc[24m/sqlite-co
re/session.ts:78:18)
        at LibSQLPrep
aredQuery.values (fil
e:///D:/UIT_COURSES/S
E100/DailyDesk/node_m
odules/[4m.pnpm[24m
/drizzle-orm@0.44.7_@
electri_5c2928a099a75
2b7e299aaadb8975aea/n
ode_modules/[4msrc[
24m/libsql/session.ts
:286:21)
        at LibSQLPrep
aredQuery.all (file:/
//D:/UIT_COURSES/SE10
0/DailyDesk/node_modu
les/[4m.pnpm[24m/dr
izzle-orm@0.44.7_@ele
ctri_5c2928a099a752b7
e299aaadb8975aea/node
_modules/[4msrc[24m
/libsql/session.ts:21
4:27)
        at 
SQLiteSelectBase.all 
(file:///D:/UIT_COURS
ES/SE100/DailyDesk/no
de_modules/[4m.pnpm
[24m/drizzle-orm@0.44
.7_@electri_5c2928a09
9a752b7e299aaadb8975a
ea/node_modules/[4ms
rc[24m/sqlite-core/q
uery-builders/select.
ts:950:26)
        at SQLiteSele
ctBase.execute (file:
///D:/UIT_COURSES/SE1
00/DailyDesk/node_mod
ules/[4m.pnpm[24m/d
rizzle-orm@0.44.7_@el
ectri_5c2928a099a752b
7e299aaadb8975aea/nod
e_modules/[4msrc[24
m/sqlite-core/query-b
uilders/select.ts:962
:15) {
      code: [32m'SQL
ITE_ERROR'[39m,
      rawCode: 
[33m1[39m
    }
  }
}
Error in updateCard 
route: 
DrizzleQueryError: 
Failed query: select 
"id", "name", 
"description", 
"order", 
"cover_url", 
"cover_public_id", 
"cover_color", 
"cover_mode", 
"list_id", 
"start_date", 
"deadline", 
"due_at", 
"due_complete", 
"reminder_minutes", 
"recurrence", 
"recurrence_day", "re
currence_weekday", 
"repeat_frequency", 
"repeat_interval", 
"latitude", 
"longitude", 
"completed", 
"is_template", 
"created_at", 
"updated_at" from 
"cards" where 
"cards"."id" = ? 
limit ?
params: 019bd127-db1f
-72c3-884e-181eb616eb
d7,1
    at LibSQLPrepared
Query.queryWithCache 
(file:///D:/UIT_COURS
ES/SE100/DailyDesk/no
de_modules/[4m.pnpm
[24m/drizzle-orm@0.44
.7_@electri_5c2928a09
9a752b7e299aaadb8975a
ea/node_modules/[4ms
rc[24m/sqlite-core/s
ession.ts:80:11)
[90m    at processTi
cksAndRejections (nod
e:internal/process/ta
sk_queues:105:5)[39m
    at LibSQLPrepared
Query.values (file://
/D:/UIT_COURSES/SE100
/DailyDesk/node_modul
es/[4m.pnpm[24m/dri
zzle-orm@0.44.7_@elec
tri_5c2928a099a752b7e
299aaadb8975aea/node_
modules/[4msrc[24m/
libsql/session.ts:286
:10)
    at LibSQLPrepared
Query.all (file:///D:
/UIT_COURSES/SE100/Da
ilyDesk/node_modules/
[4m.pnpm[24m/drizzl
e-orm@0.44.7_@electri
_5c2928a099a752b7e299
aaadb8975aea/node_mod
ules/[4msrc[24m/lib
sql/session.ts:214:16
)
    at 
Module.updateCard [9
0m(D:\UIT_COURSES\SE1
00\DailyDesk\backend\
[39msrc\services\car
ds.service.ts:566:24
[90m)[39m
    at [90mD:\UIT_CO
URSES\SE100\DailyDesk
\backend\[39msrc\rou
tes\cards.ts:244:25
    at dispatch (file
:///D:/UIT_COURSES/SE
100/DailyDesk/node_mo
dules/[4m.pnpm[24m/
hono@4.11.3/node_modu
les/[4mhono[24m/dis
t/compose.js:22:17)
    at file:///D:/UIT
_COURSES/SE100/DailyD
esk/node_modules/[4m
.pnpm[24m/hono@4.11.
3/node_modules/[4mho
no[24m/dist/validato
r/validator.js:81:12
    at mw (file:///D:
/UIT_COURSES/SE100/Da
ilyDesk/node_modules/
[4m.pnpm[24m/@hono+
zod-openapi@1.2.0_hon
o@4.11.3_zod@4.3.5/no
de_modules/[4m@hono
[24m/zod-openapi/src/
index.ts:546:26)
    at dispatch (file
:///D:/UIT_COURSES/SE
100/DailyDesk/node_mo
dules/[4m.pnpm[24m/
hono@4.11.3/node_modu
les/[4mhono[24m/dis
t/compose.js:22:17) {
  query: 
[32m'select "id", 
"name", 
"description", 
"order", 
"cover_url", 
"cover_public_id", 
"cover_color", 
"cover_mode", 
"list_id", 
"start_date", 
"deadline", 
"due_at", 
"due_complete", 
"reminder_minutes", 
"recurrence", 
"recurrence_day", "re
currence_weekday", 
"repeat_frequency", 
"repeat_interval", 
"latitude", 
"longitude", 
"completed", 
"is_template", 
"created_at", 
"updated_at" from 
"cards" where 
"cards"."id" = ? 
limit ?'[39m,
  params: [ [32m'019
bd127-db1f-72c3-884e-
181eb616ebd7'[39m, 
[33m1[39m ],
  cause: 
LibsqlError: 
SQLITE_ERROR: no 
such column: 
is_template
      at 
mapSqliteError (file:
///D:/UIT_COURSES/SE1
00/DailyDesk/node_mod
ules/[4m.pnpm[24m/@
libsql+client@0.15.15
/node_modules/[4m@li
bsql[24m/client/lib-
esm/sqlite3.js:392:16
)
      at executeStmt 
(file:///D:/UIT_COURS
ES/SE100/DailyDesk/no
de_modules/[4m.pnpm
[24m/@libsql+client@0
.15.15/node_modules/
[4m@libsql[24m/clien
t/lib-esm/sqlite3.js:
297:15)
      at Sqlite3Clien
t.execute (file:///D:
/UIT_COURSES/SE100/Da
ilyDesk/node_modules/
[4m.pnpm[24m/@libsq
l+client@0.15.15/node
_modules/[4m@libsql
[24m/client/lib-esm/s
qlite3.js:81:16)
  [90m    ... 5 
lines matching cause 
stack trace ...[39m
      at SQLiteSelect
Base.execute (file://
/D:/UIT_COURSES/SE100
/DailyDesk/node_modul
es/[4m.pnpm[24m/dri
zzle-orm@0.44.7_@elec
tri_5c2928a099a752b7e
299aaadb8975aea/node_
modules/[4msrc[24m/
sqlite-core/query-bui
lders/select.ts:962:1
5)
      at SQLiteSelect
Base.then (file:///D:
/UIT_COURSES/SE100/Da
ilyDesk/node_modules/
[4m.pnpm[24m/drizzl
e-orm@0.44.7_@electri
_5c2928a099a752b7e299
aaadb8975aea/node_mod
ules/[4msrc[24m/que
ry-promise.ts:31:15) 
{
    code: [32m'SQLIT
E_ERROR'[39m,
    rawCode: 
[33m1[39m,
    [cause]: 
SqliteError: no such 
column: is_template
        at 
convertError (D:\UIT_
COURSES\SE100\DailyDe
sk\node_modules\[4m.
pnpm[24m\libsql@0.5.
22\node_modules\[4ml
ibsql[24m\index.js:5
9:12)
        at 
Database.prepare (D:\
UIT_COURSES\SE100\Dai
lyDesk\node_modules\
[4m.pnpm[24m\libsql@
0.5.22\node_modules\
[4mlibsql[24m\index.
js:131:13)
        at 
executeStmt (file:///
D:/UIT_COURSES/SE100/
DailyDesk/node_module
s/[4m.pnpm[24m/@lib
sql+client@0.15.15/no
de_modules/[4m@libsq
l[24m/client/lib-esm
/sqlite3.js:268:28)
        at Sqlite3Cli
ent.execute (file:///
D:/UIT_COURSES/SE100/
DailyDesk/node_module
s/[4m.pnpm[24m/@lib
sql+client@0.15.15/no
de_modules/[4m@libsq
l[24m/client/lib-esm
/sqlite3.js:81:16)
        at file:///D:
/UIT_COURSES/SE100/Da
ilyDesk/node_modules/
[4m.pnpm[24m/drizzl
e-orm@0.44.7_@electri
_5c2928a099a752b7e299
aaadb8975aea/node_mod
ules/[4msrc[24m/lib
sql/session.ts:288:58
        at LibSQLPrep
aredQuery.queryWithCa
che (file:///D:/UIT_C
OURSES/SE100/DailyDes
k/node_modules/[4m.p
npm[24m/drizzle-orm@
0.44.7_@electri_5c292
8a099a752b7e299aaadb8
975aea/node_modules/
[4msrc[24m/sqlite-co
re/session.ts:78:18)
        at LibSQLPrep
aredQuery.values (fil
e:///D:/UIT_COURSES/S
E100/DailyDesk/node_m
odules/[4m.pnpm[24m
/drizzle-orm@0.44.7_@
electri_5c2928a099a75
2b7e299aaadb8975aea/n
ode_modules/[4msrc[
24m/libsql/session.ts
:286:21)
        at LibSQLPrep
aredQuery.all (file:/
//D:/UIT_COURSES/SE10
0/DailyDesk/node_modu
les/[4m.pnpm[24m/dr
izzle-orm@0.44.7_@ele
ctri_5c2928a099a752b7
e299aaadb8975aea/node
_modules/[4msrc[24m
/libsql/session.ts:21
4:27)
        at 
SQLiteSelectBase.all 
(file:///D:/UIT_COURS
ES/SE100/DailyDesk/no
de_modules/[4m.pnpm
[24m/drizzle-orm@0.44
.7_@electri_5c2928a09
9a752b7e299aaadb8975a
ea/node_modules/[4ms
rc[24m/sqlite-core/q
uery-builders/select.
ts:950:26)
        at SQLiteSele
ctBase.execute (file:
///D:/UIT_COURSES/SE1
00/DailyDesk/node_mod
ules/[4m.pnpm[24m/d
rizzle-orm@0.44.7_@el
ectri_5c2928a099a752b
7e299aaadb8975aea/nod
e_modules/[4msrc[24
m/sqlite-core/query-b
uilders/select.ts:962
:15) {
      code: [32m'SQL
ITE_ERROR'[39m,
      rawCode: 
[33m1[39m
    }
  }
}
DrizzleQueryError: 
Failed query: select 
"id", "name", 
"description", 
"order", 
"cover_url", 
"cover_public_id", 
"cover_color", 
"cover_mode", 
"list_id", 
"start_date", 
"deadline", 
"due_at", 
"due_complete", 
"reminder_minutes", 
"recurrence", 
"recurrence_day", "re
currence_weekday", 
"repeat_frequency", 
"repeat_interval", 
"latitude", 
"longitude", 
"completed", 
"is_template", 
"created_at", 
"updated_at" from 
"cards" where 
"cards"."id" = ? 
limit ?
params: 019bd127-db1f
-72c3-884e-181eb616eb
d7,1
    at LibSQLPrepared
Query.queryWithCache 
(file:///D:/UIT_COURS
ES/SE100/DailyDesk/no
de_modules/[4m.pnpm
[24m/drizzle-orm@0.44
.7_@electri_5c2928a09
9a752b7e299aaadb8975a
ea/node_modules/[4ms
rc[24m/sqlite-core/s
ession.ts:80:11)
[90m    at processTi
cksAndRejections (nod
e:internal/process/ta
sk_queues:105:5)[39m
    at LibSQLPrepared
Query.values (file://
/D:/UIT_COURSES/SE100
/DailyDesk/node_modul
es/[4m.pnpm[24m/dri
zzle-orm@0.44.7_@elec
tri_5c2928a099a752b7e
299aaadb8975aea/node_
modules/[4msrc[24m/
libsql/session.ts:286
:10)
    at LibSQLPrepared
Query.all (file:///D:
/UIT_COURSES/SE100/Da
ilyDesk/node_modules/
[4m.pnpm[24m/drizzl
e-orm@0.44.7_@electri
_5c2928a099a752b7e299
aaadb8975aea/node_mod
ules/[4msrc[24m/lib
sql/session.ts:214:16
)
    at 
Module.updateCard [9
0m(D:\UIT_COURSES\SE1
00\DailyDesk\backend\
[39msrc\services\car
ds.service.ts:566:24
[90m)[39m
    at [90mD:\UIT_CO
URSES\SE100\DailyDesk
\backend\[39msrc\rou
tes\cards.ts:244:25
    at dispatch (file
:///D:/UIT_COURSES/SE
100/DailyDesk/node_mo
dules/[4m.pnpm[24m/
hono@4.11.3/node_modu
les/[4mhono[24m/dis
t/compose.js:22:17)
    at file:///D:/UIT
_COURSES/SE100/DailyD
esk/node_modules/[4m
.pnpm[24m/hono@4.11.
3/node_modules/[4mho
no[24m/dist/validato
r/validator.js:81:12
    at mw (file:///D:
/UIT_COURSES/SE100/Da
ilyDesk/node_modules/
[4m.pnpm[24m/@hono+
zod-openapi@1.2.0_hon
o@4.11.3_zod@4.3.5/no
de_modules/[4m@hono
[24m/zod-openapi/src/
index.ts:546:26)
    at dispatch (file
:///D:/UIT_COURSES/SE
100/DailyDesk/node_mo
dules/[4m.pnpm[24m/
hono@4.11.3/node_modu
les/[4mhono[24m/dis
t/compose.js:22:17) {
  query: 
[32m'select "id", 
"name", 
"description", 
"order", 
"cover_url", 
"cover_public_id", 
"cover_color", 
"cover_mode", 
"list_id", 
"start_date", 
"deadline", 
"due_at", 
"due_complete", 
"reminder_minutes", 
"recurrence", 
"recurrence_day", "re
currence_weekday", 
"repeat_frequency", 
"repeat_interval", 
"latitude", 
"longitude", 
"completed", 
"is_template", 
"created_at", 
"updated_at" from 
"cards" where 
"cards"."id" = ? 
limit ?'[39m,
  params: [ [32m'019
bd127-db1f-72c3-884e-
181eb616ebd7'[39m, 
[33m1[39m ],
  cause: 
LibsqlError: 
SQLITE_ERROR: no 
such column: 
is_template
      at 
mapSqliteError (file:
///D:/UIT_COURSES/SE1
00/DailyDesk/node_mod
ules/[4m.pnpm[24m/@
libsql+client@0.15.15
/node_modules/[4m@li
bsql[24m/client/lib-
esm/sqlite3.js:392:16
)
      at executeStmt 
(file:///D:/UIT_COURS
ES/SE100/DailyDesk/no
de_modules/[4m.pnpm
[24m/@libsql+client@0
.15.15/node_modules/
[4m@libsql[24m/clien
t/lib-esm/sqlite3.js:
297:15)
      at Sqlite3Clien
t.execute (file:///D:
/UIT_COURSES/SE100/Da
ilyDesk/node_modules/
[4m.pnpm[24m/@libsq
l+client@0.15.15/node
_modules/[4m@libsql
[24m/client/lib-esm/s
qlite3.js:81:16)
  [90m    ... 5 
lines matching cause 
stack trace ...[39m
      at SQLiteSelect
Base.execute (file://
/D:/UIT_COURSES/SE100
/DailyDesk/node_modul
es/[4m.pnpm[24m/dri
zzle-orm@0.44.7_@elec
tri_5c2928a099a752b7e
299aaadb8975aea/node_
modules/[4msrc[24m/
sqlite-core/query-bui
lders/select.ts:962:1
5)
      at SQLiteSelect
Base.then (file:///D:
/UIT_COURSES/SE100/Da
ilyDesk/node_modules/
[4m.pnpm[24m/drizzl
e-orm@0.44.7_@electri
_5c2928a099a752b7e299
aaadb8975aea/node_mod
ules/[4msrc[24m/que
ry-promise.ts:31:15) 
{
    code: [32m'SQLIT
E_ERROR'[39m,
    rawCode: 
[33m1[39m,
    [cause]: 
SqliteError: no such 
column: is_template
        at 
convertError (D:\UIT_
COURSES\SE100\DailyDe
sk\node_modules\[4m.
pnpm[24m\libsql@0.5.
22\node_modules\[4ml
ibsql[24m\index.js:5
9:12)
        at 
Database.prepare (D:\
UIT_COURSES\SE100\Dai
lyDesk\node_modules\
[4m.pnpm[24m\libsql@
0.5.22\node_modules\
[4mlibsql[24m\index.
js:131:13)
        at 
executeStmt (file:///
D:/UIT_COURSES/SE100/
DailyDesk/node_module
s/[4m.pnpm[24m/@lib
sql+client@0.15.15/no
de_modules/[4m@libsq
l[24m/client/lib-esm
/sqlite3.js:268:28)
        at Sqlite3Cli
ent.execute (file:///
D:/UIT_COURSES/SE100/
DailyDesk/node_module
s/[4m.pnpm[24m/@lib
sql+client@0.15.15/no
de_modules/[4m@libsq
l[24m/client/lib-esm
/sqlite3.js:81:16)
        at file:///D:
/UIT_COURSES/SE100/Da
ilyDesk/node_modules/
[4m.pnpm[24m/drizzl
e-orm@0.44.7_@electri
_5c2928a099a752b7e299
aaadb8975aea/node_mod
ules/[4msrc[24m/lib
sql/session.ts:288:58
        at LibSQLPrep
aredQuery.queryWithCa
che (file:///D:/UIT_C
OURSES/SE100/DailyDes
k/node_modules/[4m.p
npm[24m/drizzle-orm@
0.44.7_@electri_5c292
8a099a752b7e299aaadb8
975aea/node_modules/
[4msrc[24m/sqlite-co
re/session.ts:78:18)
        at LibSQLPrep
aredQuery.values (fil
e:///D:/UIT_COURSES/S
E100/DailyDesk/node_m
odules/[4m.pnpm[24m
/drizzle-orm@0.44.7_@
electri_5c2928a099a75
2b7e299aaadb8975aea/n
ode_modules/[4msrc[
24m/libsql/session.ts
:286:21)
        at LibSQLPrep
aredQuery.all (file:/
//D:/UIT_COURSES/SE10
0/DailyDesk/node_modu
les/[4m.pnpm[24m/dr
izzle-orm@0.44.7_@ele
ctri_5c2928a099a752b7
e299aaadb8975aea/node
_modules/[4msrc[24m
/libsql/session.ts:21
4:27)
        at 
SQLiteSelectBase.all 
(file:///D:/UIT_COURS
ES/SE100/DailyDesk/no
de_modules/[4m.pnpm
[24m/drizzle-orm@0.44
.7_@electri_5c2928a09
9a752b7e299aaadb8975a
ea/node_modules/[4ms
rc[24m/sqlite-core/q
uery-builders/select.
ts:950:26)
        at SQLiteSele
ctBase.execute (file:
///D:/UIT_COURSES/SE1
00/DailyDesk/node_mod
ules/[4m.pnpm[24m/d
rizzle-orm@0.44.7_@el
ectri_5c2928a099a752b
7e299aaadb8975aea/nod
e_modules/[4msrc[24
m/sqlite-core/query-b
uilders/select.ts:962
:15) {
      code: [32m'SQL
ITE_ERROR'[39m,
      rawCode: 
[33m1[39m
    }
  }
}

[22m[39mMember auth0|defaultrole not found in board 019bd127-db36-7363-b961-fe798e031e82, fetching from Auth0...
Γ£à Created new board member: Default Role User (default@example.com)

[90mstdout[2m | tests/members.test.ts[2m > [22m[2mMembers API Integration Tests[2m > [22m[2mPOST /boards/{boardId}/members/by-user-id[2m > [22m[2mshould respect custom role when adding by userId
[22m[39mMember auth0|adminuser not found in board 019bd127-db47-7593-902a-5000866a8b61, fetching from Auth0...
Γ£à Created new board member: Admin User (admin@example.com)

 [32mΓ£ô[39m tests/members.test.ts[2m > [22mMembers API Integration Tests[2m > [22mGET /boards/{boardId}/members[2m > [22mshould return all members for a board as owner
 [32mΓ£ô[39m tests/members.test.ts[2m > [22mMembers API Integration Tests[2m > [22mGET /boards/{boardId}/members[2m > [22mshould return members for a board member
 [32mΓ£ô[39m tests/members.test.ts[2m > [22mMembers API Integration Tests[2m > [22mGET /boards/{boardId}/members[2m > [22mshould return 404 if board does not exist
 [32mΓ£ô[39m tests/members.test.ts[2m > [22mMembers API Integration Tests[2m > [22mGET /boards/{boardId}/members[2m > [22mshould return 403 if user is not owner or member
 [32mΓ£ô[39m tests/members.test.ts[2m > [22mMembers API Integration Tests[2m > [22mGET /boards/{boardId}/members[2m > [22mshould reject request without authentication
 [32mΓ£ô[39m tests/members.test.ts[2m > [22mMembers API Integration Tests[2m > [22mPOST /boards/{boardId}/members[2m > [22mshould add a member to a board as owner
 [32mΓ£ô[39m tests/members.test.ts[2m > [22mMembers API Integration Tests[2m > [22mPOST /boards/{boardId}/members[2m > [22mshould add a member with admin role
 [32mΓ£ô[39m tests/members.test.ts[2m > [22mMembers API Integration Tests[2m > [22mPOST /boards/{boardId}/members[2m > [22mshould return 404 if board does not exist
 [32mΓ£ô[39m tests/members.test.ts[2m > [22mMembers API Integration Tests[2m > [22mPOST /boards/{boardId}/members[2m > [22mshould return 409 if member already exists in board
 [32mΓ£ô[39m tests/members.test.ts[2m > [22mMembers API Integration Tests[2m > [22mPOST /boards/{boardId}/members[2m > [22mshould reject request without authentication
 [32mΓ£ô[39m tests/members.test.ts[2m > [22mMembers API Integration Tests[2m > [22mPOST /boards/{boardId}/members[2m > [22mshould validate required fields
 [32mΓ£ô[39m tests/members.test.ts[2m > [22mMembers API Integration Tests[2m > [22mPUT /boards/{boardId}/members/{id}[2m > [22mshould update member role as board owner
 [32mΓ£ô[39m tests/members.test.ts[2m > [22mMembers API Integration Tests[2m > [22mPUT /boards/{boardId}/members/{id}[2m > [22mshould return 404 if member does not exist
 [32mΓ£ô[39m tests/members.test.ts[2m > [22mMembers API Integration Tests[2m > [22mPUT /boards/{boardId}/members/{id}[2m > [22mshould return 404 if board does not exist
 [32mΓ£ô[39m tests/members.test.ts[2m > [22mMembers API Integration Tests[2m > [22mPUT /boards/{boardId}/members/{id}[2m > [22mshould reject request without authentication
 [32mΓ£ô[39m tests/members.test.ts[2m > [22mMembers API Integration Tests[2m > [22mDELETE /boards/{boardId}/members/{id}[2m > [22mshould remove member as board owner
 [32mΓ£ô[39m tests/members.test.ts[2m > [22mMembers API Integration Tests[2m > [22mDELETE /boards/{boardId}/members/{id}[2m > [22mshould allow member to remove themselves
 [32mΓ£ô[39m tests/members.test.ts[2m > [22mMembers API Integration Tests[2m > [22mDELETE /boards/{boardId}/members/{id}[2m > [22mshould return 404 if member does not exist
 [32mΓ£ô[39m tests/members.test.ts[2m > [22mMembers API Integration Tests[2m > [22mDELETE /boards/{boardId}/members/{id}[2m > [22mshould return 404 if board does not exist
 [32mΓ£ô[39m tests/members.test.ts[2m > [22mMembers API Integration Tests[2m > [22mDELETE /boards/{boardId}/members/{id}[2m > [22mshould reject request without authentication
 [32mΓ£ô[39m tests/members.test.ts[2m > [22mMembers API Integration Tests[2m > [22mGET /members/search[2m > [22mshould search users successfully with valid query
 [32mΓ£ô[39m tests/members.test.ts[2m > [22mMembers API Integration Tests[2m > [22mGET /members/search[2m > [22mshould handle search with pagination parameters
 [32mΓ£ô[39m tests/members.test.ts[2m > [22mMembers API Integration Tests[2m > [22mGET /members/search[2m > [22mshould use default pagination when not provided
 [32mΓ£ô[39m tests/members.test.ts[2m > [22mMembers API Integration Tests[2m > [22mGET /members/search[2m > [22mshould return empty array when no users found
 [32mΓ£ô[39m tests/members.test.ts[2m > [22mMembers API Integration Tests[2m > [22mGET /members/search[2m > [22mshould reject request without authentication
 [32mΓ£ô[39m tests/members.test.ts[2m > [22mMembers API Integration Tests[2m > [22mGET /members/search[2m > [22mshould require query parameter
 [32mΓ£ô[39m tests/members.test.ts[2m > [22mMembers API Integration Tests[2m > [22mGET /members/search[2m > [22mshould reject empty query parameter
 [32mΓ£ô[39m tests/members.test.ts[2m > [22mMembers API Integration Tests[2m > [22mGET /members/search[2m > [22mshould handle Auth0 API errors gracefully
 [32mΓ£ô[39m tests/members.test.ts[2m > [22mMembers API Integration Tests[2m > [22mGET /members/search[2m > [22mshould handle Auth0 API unauthorized errors
 [32mΓ£ô[39m tests/members.test.ts[2m > [22mMembers API Integration Tests[2m > [22mGET /members/search[2m > [22mshould handle network errors
 [32mΓ£ô[39m tests/members.test.ts[2m > [22mMembers API Integration Tests[2m > [22mGET /members/search[2m > [22mshould properly encode search query in URL
 [32mΓ£ô[39m tests/members.test.ts[2m > [22mMembers API Integration Tests[2m > [22mGET /members/search[2m > [22mshould include search_engine parameter for Auth0 v3
 [32mΓ£ô[39m tests/members.test.ts[2m > [22mMembers API Integration Tests[2m > [22mGET /members/search[2m > [22mshould map Auth0 user fields correctly
 [32mΓ£ô[39m tests/members.test.ts[2m > [22mMembers API Integration Tests[2m > [22mPOST /boards/{boardId}/members/by-user-id[2m > [22mshould add member by userId with auto-fetch from Auth0
 [32mΓ£ô[39m tests/members.test.ts[2m > [22mMembers API Integration Tests[2m > [22mPOST /boards/{boardId}/members/by-user-id[2m > [22mshould return 409 if member already exists when adding by userId
 [32mΓ£ô[39m tests/members.test.ts[2m > [22mMembers API Integration Tests[2m > [22mPOST /boards/{boardId}/members/by-user-id[2m > [22mshould return 404 if user not found in Auth0
 [32mΓ£ô[39m tests/members.test.ts[2m > [22mMembers API Integration Tests[2m > [22mPOST /boards/{boardId}/members/by-user-id[2m > [22mshould use default role as member if not specified
 [32mΓ£ô[39m tests/members.test.ts[2m > [22mMembers API Integration Tests[2m > [22mPOST /boards/{boardId}/members/by-user-id[2m > [22mshould respect custom role when adding by userId
 [31m├ù[39m tests/cards/card-members.test.ts[2m > [22mCards Members Tests[2m > [22mCard Members[2m > [22mshould create a card with members
[31m   ΓåÆ expected 500 to be 200 // Object.is equality[39m
 [31m├ù[39m tests/cards/card-members.test.ts[2m > [22mCards Members Tests[2m > [22mCard Members[2m > [22mshould add members to existing card via PUT
[31m   ΓåÆ expected 500 to be 200 // Object.is equality[39m
 [31m├ù[39m tests/cards/card-members.test.ts[2m > [22mCards Members Tests[2m > [22mCard Members[2m > [22mshould retrieve card with member details via GET
[31m   ΓåÆ expected 500 to be 200 // Object.is equality[39m
 [31m├ù[39m tests/cards/card-members.test.ts[2m > [22mCards Members Tests[2m > [22mCard Members[2m > [22mshould add multiple members to a card
[31m   ΓåÆ expected 500 to be 200 // Object.is equality[39m
 [31m├ù[39m tests/cards/card-members.test.ts[2m > [22mCards Members Tests[2m > [22mCard Members[2m > [22mshould remove members from a card by updating with empty array
[31m   ΓåÆ expected 500 to be 200 // Object.is equality[39m
 [31m├ù[39m tests/cards/card-members.test.ts[2m > [22mCards Members Tests[2m > [22mCard Members[2m > [22mshould replace existing members when updating
[31m   ΓåÆ expected 500 to be 200 // Object.is equality[39m
 [31m├ù[39m tests/cards/card-members.test.ts[2m > [22mCards Members Tests[2m > [22mCard Members[2m > [22mshould retrieve cards with members in board endpoint
[31m   ΓåÆ expected 500 to be 200 // Object.is equality[39m
 [31m├ù[39m tests/cards/card-members.test.ts[2m > [22mCards Members Tests[2m > [22mCard Members[2m > [22mshould retrieve cards with members in cards endpoint
[31m   ΓåÆ expected 500 to be 200 // Object.is equality[39m
 [31m├ù[39m tests/cards/card-members.test.ts[2m > [22mCards Members Tests[2m > [22mCard Members[2m > [22mshould generate correct initials for members
[31m   ΓåÆ Unexpected token 'I', "Internal S"... is not valid JSON[39m
 [31m├ù[39m tests/cards/card-members.test.ts[2m > [22mCards Members Tests[2m > [22mCard Members[2m > [22mshould persist members when moving card to different list
[31m   ΓåÆ Unexpected token 'I', "Internal S"... is not valid JSON[39m
 [31m├ù[39m tests/cards/card-members.test.ts[2m > [22mCards Members Tests[2m > [22mCard Members[2m > [22mshould auto-create board member from Auth0 when adding non-existent member to card
[31m   ΓåÆ expected 500 to be 200 // Object.is equality[39m
 [31m├ù[39m tests/cards/card-members.test.ts[2m > [22mCards Members Tests[2m > [22mCard Members[2m > [22mshould handle creating card with member that needs to be auto-fetched
[31m   ΓåÆ Unexpected token 'I', "Internal S"... is not valid JSON[39m
 [31m├ù[39m tests/cards/card-members.test.ts[2m > [22mCards Members Tests[2m > [22mCard Members[2m > [22mshould handle multiple members including auto-fetched ones
[31m   ΓåÆ expected 500 to be 200 // Object.is equality[39m
 [31m├ù[39m tests/cards/card-members.test.ts[2m > [22mCards Members Tests[2m > [22mCard Members[2m > [22mshould gracefully handle invalid member references
[31m   ΓåÆ expected 500 to be 200 // Object.is equality[39m
[90mstderr[2m | tes
ts/cards/cards.test.t
s[2m > 
[22m[2mCards API 
Integration 
Tests[2m > 
[22m[2mGET /boards/
:boardId/cards[2m > 
[22m[2mshould 
return empty array 
when board has no 
cards
[22m[39mError in 
boards GET cards 
route: 
DrizzleQueryError: 
Failed query: select 
"cards"."id", 
"cards"."name", "card
s"."description", 
"cards"."order", 
"cards"."cover_url", 
"cards"."cover_public
_id", "cards"."cover_
color", "cards"."cove
r_mode", 
"cards"."list_id", "c
ards"."start_date", 
"cards"."deadline", 
"cards"."due_at", "ca
rds"."due_complete", 
"cards"."reminder_min
utes", "cards"."recur
rence", "cards"."recu
rrence_day", "cards".
"recurrence_weekday",
 "cards"."repeat_freq
uency", "cards"."repe
at_interval", 
"cards"."latitude", 
"cards"."longitude", 
"cards"."completed", 
"cards"."is_template"
, "cards"."created_at
", "cards"."updated_a
t", "lists"."id", 
"lists"."name", 
"lists"."order", 
"lists"."board_id" 
from "cards" inner 
join "lists" on 
"cards"."list_id" = 
"lists"."id" where 
"lists"."board_id" = 
?
params: 019bd127-d8b6
-7dbe-a123-c097e9a3da
68
    at LibSQLPrepared
Query.queryWithCache 
(file:///D:/UIT_COURS
ES/SE100/DailyDesk/no
de_modules/[4m.pnpm
[24m/drizzle-orm@0.44
.7_@electri_5c2928a09
9a752b7e299aaadb8975a
ea/node_modules/[4ms
rc[24m/sqlite-core/s
ession.ts:80:11)
[90m    at processTi
cksAndRejections (nod
e:internal/process/ta
sk_queues:105:5)[39m
    at LibSQLPrepared
Query.values (file://
/D:/UIT_COURSES/SE100
/DailyDesk/node_modul
es/[4m.pnpm[24m/dri
zzle-orm@0.44.7_@elec
tri_5c2928a099a752b7e
299aaadb8975aea/node_
modules/[4msrc[24m/
libsql/session.ts:286
:10)
    at LibSQLPrepared
Query.all (file:///D:
/UIT_COURSES/SE100/Da
ilyDesk/node_modules/
[4m.pnpm[24m/drizzl
e-orm@0.44.7_@electri
_5c2928a099a752b7e299
aaadb8975aea/node_mod
ules/[4msrc[24m/lib
sql/session.ts:214:16
)
    at Module.getCard
sForBoard [90m(D:\UI
T_COURSES\SE100\Daily
Desk\backend\[39msrc
\services\boards.serv
ice.ts:404:17[90m)[
39m
    at [90mD:\UIT_CO
URSES\SE100\DailyDesk
\backend\[39msrc\rou
tes\boards.ts:347:23
    at dispatch (file
:///D:/UIT_COURSES/SE
100/DailyDesk/node_mo
dules/[4m.pnpm[24m/
hono@4.11.3/node_modu
les/[4mhono[24m/dis
t/compose.js:22:17)
    at file:///D:/UIT
_COURSES/SE100/DailyD
esk/node_modules/[4m
.pnpm[24m/hono@4.11.
3/node_modules/[4mho
no[24m/dist/validato
r/validator.js:81:12
    at dispatch (file
:///D:/UIT_COURSES/SE
100/DailyDesk/node_mo
dules/[4m.pnpm[24m/
hono@4.11.3/node_modu
les/[4mhono[24m/dis
t/compose.js:22:17)
    at [90mD:\UIT_CO
URSES\SE100\DailyDesk
\backend\[39mtests\h
elpers\auth.ts:27:5 {
  query: 
[32m'select 
"cards"."id", 
"cards"."name", "card
s"."description", 
"cards"."order", 
"cards"."cover_url", 
"cards"."cover_public
_id", "cards"."cover_
color", "cards"."cove
r_mode", 
"cards"."list_id", "c
ards"."start_date", 
"cards"."deadline", 
"cards"."due_at", "ca
rds"."due_complete", 
"cards"."reminder_min
utes", "cards"."recur
rence", "cards"."recu
rrence_day", "cards".
"recurrence_weekday",
 "cards"."repeat_freq
uency", "cards"."repe
at_interval", 
"cards"."latitude", 
"cards"."longitude", 
"cards"."completed", 
"cards"."is_template"
, "cards"."created_at
", "cards"."updated_a
t", "lists"."id", 
"lists"."name", 
"lists"."order", 
"lists"."board_id" 
from "cards" inner 
join "lists" on 
"cards"."list_id" = 
"lists"."id" where 
"lists"."board_id" = 
?'[39m,
  params: [ [32m'019
bd127-d8b6-7dbe-a123-
c097e9a3da68'[39m ],
  cause: 
LibsqlError: 
SQLITE_ERROR: no 
such column: 
cards.is_template
      at 
mapSqliteError (file:
///D:/UIT_COURSES/SE1
00/DailyDesk/node_mod
ules/[4m.pnpm[24m/@
libsql+client@0.15.15
/node_modules/[4m@li
bsql[24m/client/lib-
esm/sqlite3.js:392:16
)
      at executeStmt 
(file:///D:/UIT_COURS
ES/SE100/DailyDesk/no
de_modules/[4m.pnpm
[24m/@libsql+client@0
.15.15/node_modules/
[4m@libsql[24m/clien
t/lib-esm/sqlite3.js:
297:15)
      at Sqlite3Clien
t.execute (file:///D:
/UIT_COURSES/SE100/Da
ilyDesk/node_modules/
[4m.pnpm[24m/@libsq
l+client@0.15.15/node
_modules/[4m@libsql
[24m/client/lib-esm/s
qlite3.js:81:16)
  [90m    ... 5 
lines matching cause 
stack trace ...[39m
      at SQLiteSelect
Base.execute (file://
/D:/UIT_COURSES/SE100
/DailyDesk/node_modul
es/[4m.pnpm[24m/dri
zzle-orm@0.44.7_@elec
tri_5c2928a099a752b7e
299aaadb8975aea/node_
modules/[4msrc[24m/
sqlite-core/query-bui
lders/select.ts:962:1
5)
      at SQLiteSelect
Base.then (file:///D:
/UIT_COURSES/SE100/Da
ilyDesk/node_modules/
[4m.pnpm[24m/drizzl
e-orm@0.44.7_@electri
_5c2928a099a752b7e299
aaadb8975aea/node_mod
ules/[4msrc[24m/que
ry-promise.ts:31:15) 
{
    code: [32m'SQLIT
E_ERROR'[39m,
    rawCode: 
[33m1[39m,
    [cause]: 
SqliteError: no such 
column: 
cards.is_template
        at 
convertError (D:\UIT_
COURSES\SE100\DailyDe
sk\node_modules\[4m.
pnpm[24m\libsql@0.5.
22\node_modules\[4ml
ibsql[24m\index.js:5
9:12)
        at 
Database.prepare (D:\
UIT_COURSES\SE100\Dai
lyDesk\node_modules\
[4m.pnpm[24m\libsql@
0.5.22\node_modules\
[4mlibsql[24m\index.
js:131:13)
        at 
executeStmt (file:///
D:/UIT_COURSES/SE100/
DailyDesk/node_module
s/[4m.pnpm[24m/@lib
sql+client@0.15.15/no
de_modules/[4m@libsq
l[24m/client/lib-esm
/sqlite3.js:268:28)
        at Sqlite3Cli
ent.execute (file:///
D:/UIT_COURSES/SE100/
DailyDesk/node_module
s/[4m.pnpm[24m/@lib
sql+client@0.15.15/no
de_modules/[4m@libsq
l[24m/client/lib-esm
/sqlite3.js:81:16)
        at file:///D:
/UIT_COURSES/SE100/Da
ilyDesk/node_modules/
[4m.pnpm[24m/drizzl
e-orm@0.44.7_@electri
_5c2928a099a752b7e299
aaadb8975aea/node_mod
ules/[4msrc[24m/lib
sql/session.ts:288:58
        at LibSQLPrep
aredQuery.queryWithCa
che (file:///D:/UIT_C
OURSES/SE100/DailyDes
k/node_modules/[4m.p
npm[24m/drizzle-orm@
0.44.7_@electri_5c292
8a099a752b7e299aaadb8
975aea/node_modules/
[4msrc[24m/sqlite-co
re/session.ts:78:18)
        at LibSQLPrep
aredQuery.values (fil
e:///D:/UIT_COURSES/S
E100/DailyDesk/node_m
odules/[4m.pnpm[24m
/drizzle-orm@0.44.7_@
electri_5c2928a099a75
2b7e299aaadb8975aea/n
ode_modules/[4msrc[
24m/libsql/session.ts
:286:21)
        at LibSQLPrep
aredQuery.all (file:/
//D:/UIT_COURSES/SE10
0/DailyDesk/node_modu
les/[4m.pnpm[24m/dr
izzle-orm@0.44.7_@ele
ctri_5c2928a099a752b7
e299aaadb8975aea/node
_modules/[4msrc[24m
/libsql/session.ts:21
4:27)
        at 
SQLiteSelectBase.all 
(file:///D:/UIT_COURS
ES/SE100/DailyDesk/no
de_modules/[4m.pnpm
[24m/drizzle-orm@0.44
.7_@electri_5c2928a09
9a752b7e299aaadb8975a
ea/node_modules/[4ms
rc[24m/sqlite-core/q
uery-builders/select.
ts:950:26)
        at SQLiteSele
ctBase.execute (file:
///D:/UIT_COURSES/SE1
00/DailyDesk/node_mod
ules/[4m.pnpm[24m/d
rizzle-orm@0.44.7_@el
ectri_5c2928a099a752b
7e299aaadb8975aea/nod
e_modules/[4msrc[24
m/sqlite-core/query-b
uilders/select.ts:962
:15) {
      code: [32m'SQL
ITE_ERROR'[39m,
      rawCode: 
[33m1[39m
    }
  }
}

[90mstderr[2m | tes
ts/cards/cards.test.t
s[2m > 
[22m[2mCards API 
Integration 
Tests[2m > 
[22m[2mGET /boards/
:boardId/cards[2m > 
[22m[2mshould 
return all cards for 
a board
[22m[39mDrizzleQuer
yError: Failed 
query: select "id", 
"name", 
"description", 
"order", 
"cover_url", 
"cover_public_id", 
"cover_color", 
"cover_mode", 
"list_id", 
"start_date", 
"deadline", 
"due_at", 
"due_complete", 
"reminder_minutes", 
"recurrence", 
"recurrence_day", "re
currence_weekday", 
"repeat_frequency", 
"repeat_interval", 
"latitude", 
"longitude", 
"completed", 
"is_template", 
"created_at", 
"updated_at" from 
"cards" where 
"cards"."list_id" = ?
params: 019bd127-d903
-7829-a566-81c679a84e
c6
    at LibSQLPrepared
Query.queryWithCache 
(file:///D:/UIT_COURS
ES/SE100/DailyDesk/no
de_modules/[4m.pnpm
[24m/drizzle-orm@0.44
.7_@electri_5c2928a09
9a752b7e299aaadb8975a
ea/node_modules/[4ms
rc[24m/sqlite-core/s
ession.ts:80:11)
[90m    at processTi
cksAndRejections (nod
e:internal/process/ta
sk_queues:105:5)[39m
    at LibSQLPrepared
Query.values (file://
/D:/UIT_COURSES/SE100
/DailyDesk/node_modul
es/[4m.pnpm[24m/dri
zzle-orm@0.44.7_@elec
tri_5c2928a099a752b7e
299aaadb8975aea/node_
modules/[4msrc[24m/
libsql/session.ts:286
:10)
    at LibSQLPrepared
Query.all (file:///D:
/UIT_COURSES/SE100/Da
ilyDesk/node_modules/
[4m.pnpm[24m/drizzl
e-orm@0.44.7_@electri
_5c2928a099a752b7e299
aaadb8975aea/node_mod
ules/[4msrc[24m/lib
sql/session.ts:214:16
)
    at 
Module.createCard [9
0m(D:\UIT_COURSES\SE1
00\DailyDesk\backend\
[39msrc\services\car
ds.service.ts:319:23
[90m)[39m
    at [90mD:\UIT_CO
URSES\SE100\DailyDesk
\backend\[39msrc\rou
tes\cards.ts:152:22
    at dispatch (file
:///D:/UIT_COURSES/SE
100/DailyDesk/node_mo
dules/[4m.pnpm[24m/
hono@4.11.3/node_modu
les/[4mhono[24m/dis
t/compose.js:22:17)
    at file:///D:/UIT
_COURSES/SE100/DailyD
esk/node_modules/[4m
.pnpm[24m/hono@4.11.
3/node_modules/[4mho
no[24m/dist/validato
r/validator.js:81:12
    at mw (file:///D:
/UIT_COURSES/SE100/Da
ilyDesk/node_modules/
[4m.pnpm[24m/@hono+
zod-openapi@1.2.0_hon
o@4.11.3_zod@4.3.5/no
de_modules/[4m@hono
[24m/zod-openapi/src/
index.ts:546:26)
    at dispatch (file
:///D:/UIT_COURSES/SE
100/DailyDesk/node_mo
dules/[4m.pnpm[24m/
hono@4.11.3/node_modu
les/[4mhono[24m/dis
t/compose.js:22:17) {
  query: 
[32m'select "id", 
"name", 
"description", 
"order", 
"cover_url", 
"cover_public_id", 
"cover_color", 
"cover_mode", 
"list_id", 
"start_date", 
"deadline", 
"due_at", 
"due_complete", 
"reminder_minutes", 
"recurrence", 
"recurrence_day", "re
currence_weekday", 
"repeat_frequency", 
"repeat_interval", 
"latitude", 
"longitude", 
"completed", 
"is_template", 
"created_at", 
"updated_at" from 
"cards" where 
"cards"."list_id" = 
?'[39m,
  params: [ [32m'019
bd127-d903-7829-a566-
81c679a84ec6'[39m ],
  cause: 
LibsqlError: 
SQLITE_ERROR: no 
such column: 
is_template
      at 
mapSqliteError (file:
///D:/UIT_COURSES/SE1
00/DailyDesk/node_mod
ules/[4m.pnpm[24m/@
libsql+client@0.15.15
/node_modules/[4m@li
bsql[24m/client/lib-
esm/sqlite3.js:392:16
)
      at executeStmt 
(file:///D:/UIT_COURS
ES/SE100/DailyDesk/no
de_modules/[4m.pnpm
[24m/@libsql+client@0
.15.15/node_modules/
[4m@libsql[24m/clien
t/lib-esm/sqlite3.js:
297:15)
      at Sqlite3Clien
t.execute (file:///D:
/UIT_COURSES/SE100/Da
ilyDesk/node_modules/
[4m.pnpm[24m/@libsq
l+client@0.15.15/node
_modules/[4m@libsql
[24m/client/lib-esm/s
qlite3.js:81:16)
  [90m    ... 5 
lines matching cause 
stack trace ...[39m
      at SQLiteSelect
Base.execute (file://
/D:/UIT_COURSES/SE100
/DailyDesk/node_modul
es/[4m.pnpm[24m/dri
zzle-orm@0.44.7_@elec
tri_5c2928a099a752b7e
299aaadb8975aea/node_
modules/[4msrc[24m/
sqlite-core/query-bui
lders/select.ts:962:1
5)
      at SQLiteSelect
Base.then (file:///D:
/UIT_COURSES/SE100/Da
ilyDesk/node_modules/
[4m.pnpm[24m/drizzl
e-orm@0.44.7_@electri
_5c2928a099a752b7e299
aaadb8975aea/node_mod
ules/[4msrc[24m/que
ry-promise.ts:31:15) 
{
    code: [32m'SQLIT
E_ERROR'[39m,
    rawCode: 
[33m1[39m,
    [cause]: 
SqliteError: no such 
column: is_template
        at 
convertError (D:\UIT_
COURSES\SE100\DailyDe
sk\node_modules\[4m.
pnpm[24m\libsql@0.5.
22\node_modules\[4ml
ibsql[24m\index.js:5
9:12)
        at 
Database.prepare (D:\
UIT_COURSES\SE100\Dai
lyDesk\node_modules\
[4m.pnpm[24m\libsql@
0.5.22\node_modules\
[4mlibsql[24m\index.
js:131:13)
        at 
executeStmt (file:///
D:/UIT_COURSES/SE100/
DailyDesk/node_module
s/[4m.pnpm[24m/@lib
sql+client@0.15.15/no
de_modules/[4m@libsq
l[24m/client/lib-esm
/sqlite3.js:268:28)
        at Sqlite3Cli
ent.execute (file:///
D:/UIT_COURSES/SE100/
DailyDesk/node_module
s/[4m.pnpm[24m/@lib
sql+client@0.15.15/no
de_modules/[4m@libsq
l[24m/client/lib-esm
/sqlite3.js:81:16)
        at file:///D:
/UIT_COURSES/SE100/Da
ilyDesk/node_modules/
[4m.pnpm[24m/drizzl
e-orm@0.44.7_@electri
_5c2928a099a752b7e299
aaadb8975aea/node_mod
ules/[4msrc[24m/lib
sql/session.ts:288:58
        at LibSQLPrep
aredQuery.queryWithCa
che (file:///D:/UIT_C
OURSES/SE100/DailyDes
k/node_modules/[4m.p
npm[24m/drizzle-orm@
0.44.7_@electri_5c292
8a099a752b7e299aaadb8
975aea/node_modules/
[4msrc[24m/sqlite-co
re/session.ts:78:18)
        at LibSQLPrep
aredQuery.values (fil
e:///D:/UIT_COURSES/S
E100/DailyDesk/node_m
odules/[4m.pnpm[24m
/drizzle-orm@0.44.7_@
electri_5c2928a099a75
2b7e299aaadb8975aea/n
ode_modules/[4msrc[
24m/libsql/session.ts
:286:21)
        at LibSQLPrep
aredQuery.all (file:/
//D:/UIT_COURSES/SE10
0/DailyDesk/node_modu
les/[4m.pnpm[24m/dr
izzle-orm@0.44.7_@ele
ctri_5c2928a099a752b7
e299aaadb8975aea/node
_modules/[4msrc[24m
/libsql/session.ts:21
4:27)
        at 
SQLiteSelectBase.all 
(file:///D:/UIT_COURS
ES/SE100/DailyDesk/no
de_modules/[4m.pnpm
[24m/drizzle-orm@0.44
.7_@electri_5c2928a09
9a752b7e299aaadb8975a
ea/node_modules/[4ms
rc[24m/sqlite-core/q
uery-builders/select.
ts:950:26)
        at SQLiteSele
ctBase.execute (file:
///D:/UIT_COURSES/SE1
00/DailyDesk/node_mod
ules/[4m.pnpm[24m/d
rizzle-orm@0.44.7_@el
ectri_5c2928a099a752b
7e299aaadb8975aea/nod
e_modules/[4msrc[24
m/sqlite-core/query-b
uilders/select.ts:962
:15) {
      code: [32m'SQL
ITE_ERROR'[39m,
      rawCode: 
[33m1[39m
    }
  }
}
DrizzleQueryError: 
Failed query: select 
"id", "name", 
"description", 
"order", 
"cover_url", 
"cover_public_id", 
"cover_color", 
"cover_mode", 
"list_id", 
"start_date", 
"deadline", 
"due_at", 
"due_complete", 
"reminder_minutes", 
"recurrence", 
"recurrence_day", "re
currence_weekday", 
"repeat_frequency", 
"repeat_interval", 
"latitude", 
"longitude", 
"completed", 
"is_template", 
"created_at", 
"updated_at" from 
"cards" where 
"cards"."list_id" = ?
params: 019bd127-d903
-7829-a566-81c679a84e
c6
    at LibSQLPrepared
Query.queryWithCache 
(file:///D:/UIT_COURS
ES/SE100/DailyDesk/no
de_modules/[4m.pnpm
[24m/drizzle-orm@0.44
.7_@electri_5c2928a09
9a752b7e299aaadb8975a
ea/node_modules/[4ms
rc[24m/sqlite-core/s
ession.ts:80:11)
[90m    at processTi
cksAndRejections (nod
e:internal/process/ta
sk_queues:105:5)[39m
    at LibSQLPrepared
Query.values (file://
/D:/UIT_COURSES/SE100
/DailyDesk/node_modul
es/[4m.pnpm[24m/dri
zzle-orm@0.44.7_@elec
tri_5c2928a099a752b7e
299aaadb8975aea/node_
modules/[4msrc[24m/
libsql/session.ts:286
:10)
    at LibSQLPrepared
Query.all (file:///D:
/UIT_COURSES/SE100/Da
ilyDesk/node_modules/
[4m.pnpm[24m/drizzl
e-orm@0.44.7_@electri
_5c2928a099a752b7e299
aaadb8975aea/node_mod
ules/[4msrc[24m/lib
sql/session.ts:214:16
)
    at 
Module.createCard [9
0m(D:\UIT_COURSES\SE1
00\DailyDesk\backend\
[39msrc\services\car
ds.service.ts:319:23
[90m)[39m
    at [90mD:\UIT_CO
URSES\SE100\DailyDesk
\backend\[39msrc\rou
tes\cards.ts:152:22
    at dispatch (file
:///D:/UIT_COURSES/SE
100/DailyDesk/node_mo
dules/[4m.pnpm[24m/
hono@4.11.3/node_modu
les/[4mhono[24m/dis
t/compose.js:22:17)
    at file:///D:/UIT
_COURSES/SE100/DailyD
esk/node_modules/[4m
.pnpm[24m/hono@4.11.
3/node_modules/[4mho
no[24m/dist/validato
r/validator.js:81:12
    at mw (file:///D:
/UIT_COURSES/SE100/Da
ilyDesk/node_modules/
[4m.pnpm[24m/@hono+
zod-openapi@1.2.0_hon
o@4.11.3_zod@4.3.5/no
de_modules/[4m@hono
[24m/zod-openapi/src/
index.ts:546:26)
    at dispatch (file
:///D:/UIT_COURSES/SE
100/DailyDesk/node_mo
dules/[4m.pnpm[24m/
hono@4.11.3/node_modu
les/[4mhono[24m/dis
t/compose.js:22:17) {
  query: 
[32m'select "id", 
"name", 
"description", 
"order", 
"cover_url", 
"cover_public_id", 
"cover_color", 
"cover_mode", 
"list_id", 
"start_date", 
"deadline", 
"due_at", 
"due_complete", 
"reminder_minutes", 
"recurrence", 
"recurrence_day", "re
currence_weekday", 
"repeat_frequency", 
"repeat_interval", 
"latitude", 
"longitude", 
"completed", 
"is_template", 
"created_at", 
"updated_at" from 
"cards" where 
"cards"."list_id" = 
?'[39m,
  params: [ [32m'019
bd127-d903-7829-a566-
81c679a84ec6'[39m ],
  cause: 
LibsqlError: 
SQLITE_ERROR: no 
such column: 
is_template
      at 
mapSqliteError (file:
///D:/UIT_COURSES/SE1
00/DailyDesk/node_mod
ules/[4m.pnpm[24m/@
libsql+client@0.15.15
/node_modules/[4m@li
bsql[24m/client/lib-
esm/sqlite3.js:392:16
)
      at executeStmt 
(file:///D:/UIT_COURS
ES/SE100/DailyDesk/no
de_modules/[4m.pnpm
[24m/@libsql+client@0
.15.15/node_modules/
[4m@libsql[24m/clien
t/lib-esm/sqlite3.js:
297:15)
      at Sqlite3Clien
t.execute (file:///D:
/UIT_COURSES/SE100/Da
ilyDesk/node_modules/
[4m.pnpm[24m/@libsq
l+client@0.15.15/node
_modules/[4m@libsql
[24m/client/lib-esm/s
qlite3.js:81:16)
  [90m    ... 5 
lines matching cause 
stack trace ...[39m
      at SQLiteSelect
Base.execute (file://
/D:/UIT_COURSES/SE100
/DailyDesk/node_modul
es/[4m.pnpm[24m/dri
zzle-orm@0.44.7_@elec
tri_5c2928a099a752b7e
299aaadb8975aea/node_
modules/[4msrc[24m/
sqlite-core/query-bui
lders/select.ts:962:1
5)
      at SQLiteSelect
Base.then (file:///D:
/UIT_COURSES/SE100/Da
ilyDesk/node_modules/
[4m.pnpm[24m/drizzl
e-orm@0.44.7_@electri
_5c2928a099a752b7e299
aaadb8975aea/node_mod
ules/[4msrc[24m/que
ry-promise.ts:31:15) 
{
    code: [32m'SQLIT
E_ERROR'[39m,
    rawCode: 
[33m1[39m,
    [cause]: 
SqliteError: no such 
column: is_template
        at 
convertError (D:\UIT_
COURSES\SE100\DailyDe
sk\node_modules\[4m.
pnpm[24m\libsql@0.5.
22\node_modules\[4ml
ibsql[24m\index.js:5
9:12)
        at 
Database.prepare (D:\
UIT_COURSES\SE100\Dai
lyDesk\node_modules\
[4m.pnpm[24m\libsql@
0.5.22\node_modules\
[4mlibsql[24m\index.
js:131:13)
        at 
executeStmt (file:///
D:/UIT_COURSES/SE100/
DailyDesk/node_module
s/[4m.pnpm[24m/@lib
sql+client@0.15.15/no
de_modules/[4m@libsq
l[24m/client/lib-esm
/sqlite3.js:268:28)
        at Sqlite3Cli
ent.execute (file:///
D:/UIT_COURSES/SE100/
DailyDesk/node_module
s/[4m.pnpm[24m/@lib
sql+client@0.15.15/no
de_modules/[4m@libsq
l[24m/client/lib-esm
/sqlite3.js:81:16)
        at file:///D:
/UIT_COURSES/SE100/Da
ilyDesk/node_modules/
[4m.pnpm[24m/drizzl
e-orm@0.44.7_@electri
_5c2928a099a752b7e299
aaadb8975aea/node_mod
ules/[4msrc[24m/lib
sql/session.ts:288:58
        at LibSQLPrep
aredQuery.queryWithCa
che (file:///D:/UIT_C
OURSES/SE100/DailyDes
k/node_modules/[4m.p
npm[24m/drizzle-orm@
0.44.7_@electri_5c292
8a099a752b7e299aaadb8
975aea/node_modules/
[4msrc[24m/sqlite-co
re/session.ts:78:18)
        at LibSQLPrep
aredQuery.values (fil
e:///D:/UIT_COURSES/S
E100/DailyDesk/node_m
odules/[4m.pnpm[24m
/drizzle-orm@0.44.7_@
electri_5c2928a099a75
2b7e299aaadb8975aea/n
ode_modules/[4msrc[
24m/libsql/session.ts
:286:21)
        at LibSQLPrep
aredQuery.all (file:/
//D:/UIT_COURSES/SE10
0/DailyDesk/node_modu
les/[4m.pnpm[24m/dr
izzle-orm@0.44.7_@ele
ctri_5c2928a099a752b7
e299aaadb8975aea/node
_modules/[4msrc[24m
/libsql/session.ts:21
4:27)
        at 
SQLiteSelectBase.all 
(file:///D:/UIT_COURS
ES/SE100/DailyDesk/no
de_modules/[4m.pnpm
[24m/drizzle-orm@0.44
.7_@electri_5c2928a09
9a752b7e299aaadb8975a
ea/node_modules/[4ms
rc[24m/sqlite-core/q
uery-builders/select.
ts:950:26)
        at SQLiteSele
ctBase.execute (file:
///D:/UIT_COURSES/SE1
00/DailyDesk/node_mod
ules/[4m.pnpm[24m/d
rizzle-orm@0.44.7_@el
ectri_5c2928a099a752b
7e299aaadb8975aea/nod
e_modules/[4msrc[24
m/sqlite-core/query-b
uilders/select.ts:962
:15) {
      code: [32m'SQL
ITE_ERROR'[39m,
      rawCode: 
[33m1[39m
    }
  }
}
Error in boards GET 
cards route: 
DrizzleQueryError: 
Failed query: select 
"cards"."id", 
"cards"."name", "card
s"."description", 
"cards"."order", 
"cards"."cover_url", 
"cards"."cover_public
_id", "cards"."cover_
color", "cards"."cove
r_mode", 
"cards"."list_id", "c
ards"."start_date", 
"cards"."deadline", 
"cards"."due_at", "ca
rds"."due_complete", 
"cards"."reminder_min
utes", "cards"."recur
rence", "cards"."recu
rrence_day", "cards".
"recurrence_weekday",
 "cards"."repeat_freq
uency", "cards"."repe
at_interval", 
"cards"."latitude", 
"cards"."longitude", 
"cards"."completed", 
"cards"."is_template"
, "cards"."created_at
", "cards"."updated_a
t", "lists"."id", 
"lists"."name", 
"lists"."order", 
"lists"."board_id" 
from "cards" inner 
join "lists" on 
"cards"."list_id" = 
"lists"."id" where 
"lists"."board_id" = 
?
params: 019bd127-d8fc
-7df0-b23f-2a0731d549
b5
    at LibSQLPrepared
Query.queryWithCache 
(file:///D:/UIT_COURS
ES/SE100/DailyDesk/no
de_modules/[4m.pnpm
[24m/drizzle-orm@0.44
.7_@electri_5c2928a09
9a752b7e299aaadb8975a
ea/node_modules/[4ms
rc[24m/sqlite-core/s
ession.ts:80:11)
[90m    at processTi
cksAndRejections (nod
e:internal/process/ta
sk_queues:105:5)[39m
    at LibSQLPrepared
Query.values (file://
/D:/UIT_COURSES/SE100
/DailyDesk/node_modul
es/[4m.pnpm[24m/dri
zzle-orm@0.44.7_@elec
tri_5c2928a099a752b7e
299aaadb8975aea/node_
modules/[4msrc[24m/
libsql/session.ts:286
:10)
    at LibSQLPrepared
Query.all (file:///D:
/UIT_COURSES/SE100/Da
ilyDesk/node_modules/
[4m.pnpm[24m/drizzl
e-orm@0.44.7_@electri
_5c2928a099a752b7e299
aaadb8975aea/node_mod
ules/[4msrc[24m/lib
sql/session.ts:214:16
)
    at Module.getCard
sForBoard [90m(D:\UI
T_COURSES\SE100\Daily
Desk\backend\[39msrc
\services\boards.serv
ice.ts:404:17[90m)[
39m
    at [90mD:\UIT_CO
URSES\SE100\DailyDesk
\backend\[39msrc\rou
tes\boards.ts:347:23
    at dispatch (file
:///D:/UIT_COURSES/SE
100/DailyDesk/node_mo
dules/[4m.pnpm[24m/
hono@4.11.3/node_modu
les/[4mhono[24m/dis
t/compose.js:22:17)
    at file:///D:/UIT
_COURSES/SE100/DailyD
esk/node_modules/[4m
.pnpm[24m/hono@4.11.
3/node_modules/[4mho
no[24m/dist/validato
r/validator.js:81:12
    at dispatch (file
:///D:/UIT_COURSES/SE
100/DailyDesk/node_mo
dules/[4m.pnpm[24m/
hono@4.11.3/node_modu
les/[4mhono[24m/dis
t/compose.js:22:17)
    at [90mD:\UIT_CO
URSES\SE100\DailyDesk
\backend\[39mtests\h
elpers\auth.ts:27:5 {
  query: 
[32m'select 
"cards"."id", 
"cards"."name", "card
s"."description", 
"cards"."order", 
"cards"."cover_url", 
"cards"."cover_public
_id", "cards"."cover_
color", "cards"."cove
r_mode", 
"cards"."list_id", "c
ards"."start_date", 
"cards"."deadline", 
"cards"."due_at", "ca
rds"."due_complete", 
"cards"."reminder_min
utes", "cards"."recur
rence", "cards"."recu
rrence_day", "cards".
"recurrence_weekday",
 "cards"."repeat_freq
uency", "cards"."repe
at_interval", 
"cards"."latitude", 
"cards"."longitude", 
"cards"."completed", 
"cards"."is_template"
, "cards"."created_at
", "cards"."updated_a
t", "lists"."id", 
"lists"."name", 
"lists"."order", 
"lists"."board_id" 
from "cards" inner 
join "lists" on 
"cards"."list_id" = 
"lists"."id" where 
"lists"."board_id" = 
?'[39m,
  params: [ [32m'019
bd127-d8fc-7df0-b23f-
2a0731d549b5'[39m ],
  cause: 
LibsqlError: 
SQLITE_ERROR: no 
such column: 
cards.is_template
      at 
mapSqliteError (file:
///D:/UIT_COURSES/SE1
00/DailyDesk/node_mod
ules/[4m.pnpm[24m/@
libsql+client@0.15.15
/node_modules/[4m@li
bsql[24m/client/lib-
esm/sqlite3.js:392:16
)
      at executeStmt 
(file:///D:/UIT_COURS
ES/SE100/DailyDesk/no
de_modules/[4m.pnpm
[24m/@libsql+client@0
.15.15/node_modules/
[4m@libsql[24m/clien
t/lib-esm/sqlite3.js:
297:15)
      at Sqlite3Clien
t.execute (file:///D:
/UIT_COURSES/SE100/Da
ilyDesk/node_modules/
[4m.pnpm[24m/@libsq
l+client@0.15.15/node
_modules/[4m@libsql
[24m/client/lib-esm/s
qlite3.js:81:16)
  [90m    ... 5 
lines matching cause 
stack trace ...[39m
      at SQLiteSelect
Base.execute (file://
/D:/UIT_COURSES/SE100
/DailyDesk/node_modul
es/[4m.pnpm[24m/dri
zzle-orm@0.44.7_@elec
tri_5c2928a099a752b7e
299aaadb8975aea/node_
modules/[4msrc[24m/
sqlite-core/query-bui
lders/select.ts:962:1
5)
      at SQLiteSelect
Base.then (file:///D:
/UIT_COURSES/SE100/Da
ilyDesk/node_modules/
[4m.pnpm[24m/drizzl
e-orm@0.44.7_@electri
_5c2928a099a752b7e299
aaadb8975aea/node_mod
ules/[4msrc[24m/que
ry-promise.ts:31:15) 
{
    code: [32m'SQLIT
E_ERROR'[39m,
    rawCode: 
[33m1[39m,
    [cause]: 
SqliteError: no such 
column: 
cards.is_template
        at 
convertError (D:\UIT_
COURSES\SE100\DailyDe
sk\node_modules\[4m.
pnpm[24m\libsql@0.5.
22\node_modules\[4ml
ibsql[24m\index.js:5
9:12)
        at 
Database.prepare (D:\
UIT_COURSES\SE100\Dai
lyDesk\node_modules\
[4m.pnpm[24m\libsql@
0.5.22\node_modules\
[4mlibsql[24m\index.
js:131:13)
        at 
executeStmt (file:///
D:/UIT_COURSES/SE100/
DailyDesk/node_module
s/[4m.pnpm[24m/@lib
sql+client@0.15.15/no
de_modules/[4m@libsq
l[24m/client/lib-esm
/sqlite3.js:268:28)
        at Sqlite3Cli
ent.execute (file:///
D:/UIT_COURSES/SE100/
DailyDesk/node_module
s/[4m.pnpm[24m/@lib
sql+client@0.15.15/no
de_modules/[4m@libsq
l[24m/client/lib-esm
/sqlite3.js:81:16)
        at file:///D:
/UIT_COURSES/SE100/Da
ilyDesk/node_modules/
[4m.pnpm[24m/drizzl
e-orm@0.44.7_@electri
_5c2928a099a752b7e299
aaadb8975aea/node_mod
ules/[4msrc[24m/lib
sql/session.ts:288:58
        at LibSQLPrep
aredQuery.queryWithCa
che (file:///D:/UIT_C
OURSES/SE100/DailyDes
k/node_modules/[4m.p
npm[24m/drizzle-orm@
0.44.7_@electri_5c292
8a099a752b7e299aaadb8
975aea/node_modules/
[4msrc[24m/sqlite-co
re/session.ts:78:18)
        at LibSQLPrep
aredQuery.values (fil
e:///D:/UIT_COURSES/S
E100/DailyDesk/node_m
odules/[4m.pnpm[24m
/drizzle-orm@0.44.7_@
electri_5c2928a099a75
2b7e299aaadb8975aea/n
ode_modules/[4msrc[
24m/libsql/session.ts
:286:21)
        at LibSQLPrep
aredQuery.all (file:/
//D:/UIT_COURSES/SE10
0/DailyDesk/node_modu
les/[4m.pnpm[24m/dr
izzle-orm@0.44.7_@ele
ctri_5c2928a099a752b7
e299aaadb8975aea/node
_modules/[4msrc[24m
/libsql/session.ts:21
4:27)
        at 
SQLiteSelectBase.all 
(file:///D:/UIT_COURS
ES/SE100/DailyDesk/no
de_modules/[4m.pnpm
[24m/drizzle-orm@0.44
.7_@electri_5c2928a09
9a752b7e299aaadb8975a
ea/node_modules/[4ms
rc[24m/sqlite-core/q
uery-builders/select.
ts:950:26)
        at SQLiteSele
ctBase.execute (file:
///D:/UIT_COURSES/SE1
00/DailyDesk/node_mod
ules/[4m.pnpm[24m/d
rizzle-orm@0.44.7_@el
ectri_5c2928a099a752b
7e299aaadb8975aea/nod
e_modules/[4msrc[24
m/sqlite-core/query-b
uilders/select.ts:962
:15) {
      code: [32m'SQL
ITE_ERROR'[39m,
      rawCode: 
[33m1[39m
    }
  }
}

[90mstderr[2m | tes
ts/cards/cards.test.t
s[2m > 
[22m[2mCards API 
Integration 
Tests[2m > 
[22m[2mPOST /boards
/:boardId/cards[2m 
> [22m[2mshould 
create a new card
[22m[39mDrizzleQuer
yError: Failed 
query: select "id", 
"name", 
"description", 
"order", 
"cover_url", 
"cover_public_id", 
"cover_color", 
"cover_mode", 
"list_id", 
"start_date", 
"deadline", 
"due_at", 
"due_complete", 
"reminder_minutes", 
"recurrence", 
"recurrence_day", "re
currence_weekday", 
"repeat_frequency", 
"repeat_interval", 
"latitude", 
"longitude", 
"completed", 
"is_template", 
"created_at", 
"updated_at" from 
"cards" where 
"cards"."list_id" = ?
params: 019bd127-d970
-7453-89c3-422b1dad83
fe
    at LibSQLPrepared
Query.queryWithCache 
(file:///D:/UIT_COURS
ES/SE100/DailyDesk/no
de_modules/[4m.pnpm
[24m/drizzle-orm@0.44
.7_@electri_5c2928a09
9a752b7e299aaadb8975a
ea/node_modules/[4ms
rc[24m/sqlite-core/s
ession.ts:80:11)
[90m    at processTi
cksAndRejections (nod
e:internal/process/ta
sk_queues:105:5)[39m
    at LibSQLPrepared
Query.values (file://
/D:/UIT_COURSES/SE100
/DailyDesk/node_modul
es/[4m.pnpm[24m/dri
zzle-orm@0.44.7_@elec
tri_5c2928a099a752b7e
299aaadb8975aea/node_
modules/[4msrc[24m/
libsql/session.ts:286
:10)
    at LibSQLPrepared
Query.all (file:///D:
/UIT_COURSES/SE100/Da
ilyDesk/node_modules/
[4m.pnpm[24m/drizzl
e-orm@0.44.7_@electri
_5c2928a099a752b7e299
aaadb8975aea/node_mod
ules/[4msrc[24m/lib
sql/session.ts:214:16
)
    at 
Module.createCard [9
0m(D:\UIT_COURSES\SE1
00\DailyDesk\backend\
[39msrc\services\car
ds.service.ts:319:23
[90m)[39m
    at [90mD:\UIT_CO
URSES\SE100\DailyDesk
\backend\[39msrc\rou
tes\cards.ts:152:22
    at dispatch (file
:///D:/UIT_COURSES/SE
100/DailyDesk/node_mo
dules/[4m.pnpm[24m/
hono@4.11.3/node_modu
les/[4mhono[24m/dis
t/compose.js:22:17)
    at file:///D:/UIT
_COURSES/SE100/DailyD
esk/node_modules/[4m
.pnpm[24m/hono@4.11.
3/node_modules/[4mho
no[24m/dist/validato
r/validator.js:81:12
    at mw (file:///D:
/UIT_COURSES/SE100/Da
ilyDesk/node_modules/
[4m.pnpm[24m/@hono+
zod-openapi@1.2.0_hon
o@4.11.3_zod@4.3.5/no
de_modules/[4m@hono
[24m/zod-openapi/src/
index.ts:546:26)
    at dispatch (file
:///D:/UIT_COURSES/SE
100/DailyDesk/node_mo
dules/[4m.pnpm[24m/
hono@4.11.3/node_modu
les/[4mhono[24m/dis
t/compose.js:22:17) {
  query: 
[32m'select "id", 
"name", 
"description", 
"order", 
"cover_url", 
"cover_public_id", 
"cover_color", 
"cover_mode", 
"list_id", 
"start_date", 
"deadline", 
"due_at", 
"due_complete", 
"reminder_minutes", 
"recurrence", 
"recurrence_day", "re
currence_weekday", 
"repeat_frequency", 
"repeat_interval", 
"latitude", 
"longitude", 
"completed", 
"is_template", 
"created_at", 
"updated_at" from 
"cards" where 
"cards"."list_id" = 
?'[39m,
  params: [ [32m'019
bd127-d970-7453-89c3-
422b1dad83fe'[39m ],
  cause: 
LibsqlError: 
SQLITE_ERROR: no 
such column: 
is_template
      at 
mapSqliteError (file:
///D:/UIT_COURSES/SE1
00/DailyDesk/node_mod
ules/[4m.pnpm[24m/@
libsql+client@0.15.15
/node_modules/[4m@li
bsql[24m/client/lib-
esm/sqlite3.js:392:16
)
      at executeStmt 
(file:///D:/UIT_COURS
ES/SE100/DailyDesk/no
de_modules/[4m.pnpm
[24m/@libsql+client@0
.15.15/node_modules/
[4m@libsql[24m/clien
t/lib-esm/sqlite3.js:
297:15)
      at Sqlite3Clien
t.execute (file:///D:
/UIT_COURSES/SE100/Da
ilyDesk/node_modules/
[4m.pnpm[24m/@libsq
l+client@0.15.15/node
_modules/[4m@libsql
[24m/client/lib-esm/s
qlite3.js:81:16)
  [90m    ... 5 
lines matching cause 
stack trace ...[39m
      at SQLiteSelect
Base.execute (file://
/D:/UIT_COURSES/SE100
/DailyDesk/node_modul
es/[4m.pnpm[24m/dri
zzle-orm@0.44.7_@elec
tri_5c2928a099a752b7e
299aaadb8975aea/node_
modules/[4msrc[24m/
sqlite-core/query-bui
lders/select.ts:962:1
5)
      at SQLiteSelect
Base.then (file:///D:
/UIT_COURSES/SE100/Da
ilyDesk/node_modules/
[4m.pnpm[24m/drizzl
e-orm@0.44.7_@electri
_5c2928a099a752b7e299
aaadb8975aea/node_mod
ules/[4msrc[24m/que
ry-promise.ts:31:15) 
{
    code: [32m'SQLIT
E_ERROR'[39m,
    rawCode: 
[33m1[39m,
    [cause]: 
SqliteError: no such 
column: is_template
        at 
convertError (D:\UIT_
COURSES\SE100\DailyDe
sk\node_modules\[4m.
pnpm[24m\libsql@0.5.
22\node_modules\[4ml
ibsql[24m\index.js:5
9:12)
        at 
Database.prepare (D:\
UIT_COURSES\SE100\Dai
lyDesk\node_modules\
[4m.pnpm[24m\libsql@
0.5.22\node_modules\
[4mlibsql[24m\index.
js:131:13)
        at 
executeStmt (file:///
D:/UIT_COURSES/SE100/
DailyDesk/node_module
s/[4m.pnpm[24m/@lib
sql+client@0.15.15/no
de_modules/[4m@libsq
l[24m/client/lib-esm
/sqlite3.js:268:28)
        at Sqlite3Cli
ent.execute (file:///
D:/UIT_COURSES/SE100/
DailyDesk/node_module
s/[4m.pnpm[24m/@lib
sql+client@0.15.15/no
de_modules/[4m@libsq
l[24m/client/lib-esm
/sqlite3.js:81:16)
        at file:///D:
/UIT_COURSES/SE100/Da
ilyDesk/node_modules/
[4m.pnpm[24m/drizzl
e-orm@0.44.7_@electri
_5c2928a099a752b7e299
aaadb8975aea/node_mod
ules/[4msrc[24m/lib
sql/session.ts:288:58
        at LibSQLPrep
aredQuery.queryWithCa
che (file:///D:/UIT_C
OURSES/SE100/DailyDes
k/node_modules/[4m.p
npm[24m/drizzle-orm@
0.44.7_@electri_5c292
8a099a752b7e299aaadb8
975aea/node_modules/
[4msrc[24m/sqlite-co
re/session.ts:78:18)
        at LibSQLPrep
aredQuery.values (fil
e:///D:/UIT_COURSES/S
E100/DailyDesk/node_m
odules/[4m.pnpm[24m
/drizzle-orm@0.44.7_@
electri_5c2928a099a75
2b7e299aaadb8975aea/n
ode_modules/[4msrc[
24m/libsql/session.ts
:286:21)
        at LibSQLPrep
aredQuery.all (file:/
//D:/UIT_COURSES/SE10
0/DailyDesk/node_modu
les/[4m.pnpm[24m/dr
izzle-orm@0.44.7_@ele
ctri_5c2928a099a752b7
e299aaadb8975aea/node
_modules/[4msrc[24m
/libsql/session.ts:21
4:27)
        at 
SQLiteSelectBase.all 
(file:///D:/UIT_COURS
ES/SE100/DailyDesk/no
de_modules/[4m.pnpm
[24m/drizzle-orm@0.44
.7_@electri_5c2928a09
9a752b7e299aaadb8975a
ea/node_modules/[4ms
rc[24m/sqlite-core/q
uery-builders/select.
ts:950:26)
        at SQLiteSele
ctBase.execute (file:
///D:/UIT_COURSES/SE1
00/DailyDesk/node_mod
ules/[4m.pnpm[24m/d
rizzle-orm@0.44.7_@el
ectri_5c2928a099a752b
7e299aaadb8975aea/nod
e_modules/[4msrc[24
m/sqlite-core/query-b
uilders/select.ts:962
:15) {
      code: [32m'SQL
ITE_ERROR'[39m,
      rawCode: 
[33m1[39m
    }
  }
}

[90mstderr[2m | tes
ts/cards/cards.test.t
s[2m > 
[22m[2mCards API 
Integration 
Tests[2m > 
[22m[2mPOST /boards
/:boardId/cards[2m 
> [22m[2mshould 
create a card with 
dates
[22m[39mDrizzleQuer
yError: Failed 
query: select "id", 
"name", 
"description", 
"order", 
"cover_url", 
"cover_public_id", 
"cover_color", 
"cover_mode", 
"list_id", 
"start_date", 
"deadline", 
"due_at", 
"due_complete", 
"reminder_minutes", 
"recurrence", 
"recurrence_day", "re
currence_weekday", 
"repeat_frequency", 
"repeat_interval", 
"latitude", 
"longitude", 
"completed", 
"is_template", 
"created_at", 
"updated_at" from 
"cards" where 
"cards"."list_id" = ?
params: 019bd127-d996
-738f-b501-77d0ef4359
be
    at LibSQLPrepared
Query.queryWithCache 
(file:///D:/UIT_COURS
ES/SE100/DailyDesk/no
de_modules/[4m.pnpm
[24m/drizzle-orm@0.44
.7_@electri_5c2928a09
9a752b7e299aaadb8975a
ea/node_modules/[4ms
rc[24m/sqlite-core/s
ession.ts:80:11)
[90m    at processTi
cksAndRejections (nod
e:internal/process/ta
sk_queues:105:5)[39m
    at LibSQLPrepared
Query.values (file://
/D:/UIT_COURSES/SE100
/DailyDesk/node_modul
es/[4m.pnpm[24m/dri
zzle-orm@0.44.7_@elec
tri_5c2928a099a752b7e
299aaadb8975aea/node_
modules/[4msrc[24m/
libsql/session.ts:286
:10)
    at LibSQLPrepared
Query.all (file:///D:
/UIT_COURSES/SE100/Da
ilyDesk/node_modules/
[4m.pnpm[24m/drizzl
e-orm@0.44.7_@electri
_5c2928a099a752b7e299
aaadb8975aea/node_mod
ules/[4msrc[24m/lib
sql/session.ts:214:16
)
    at 
Module.createCard [9
0m(D:\UIT_COURSES\SE1
00\DailyDesk\backend\
[39msrc\services\car
ds.service.ts:319:23
[90m)[39m
    at [90mD:\UIT_CO
URSES\SE100\DailyDesk
\backend\[39msrc\rou
tes\cards.ts:152:22
    at dispatch (file
:///D:/UIT_COURSES/SE
100/DailyDesk/node_mo
dules/[4m.pnpm[24m/
hono@4.11.3/node_modu
les/[4mhono[24m/dis
t/compose.js:22:17)
    at file:///D:/UIT
_COURSES/SE100/DailyD
esk/node_modules/[4m
.pnpm[24m/hono@4.11.
3/node_modules/[4mho
no[24m/dist/validato
r/validator.js:81:12
    at mw (file:///D:
/UIT_COURSES/SE100/Da
ilyDesk/node_modules/
[4m.pnpm[24m/@hono+
zod-openapi@1.2.0_hon
o@4.11.3_zod@4.3.5/no
de_modules/[4m@hono
[24m/zod-openapi/src/
index.ts:546:26)
    at dispatch (file
:///D:/UIT_COURSES/SE
100/DailyDesk/node_mo
dules/[4m.pnpm[24m/
hono@4.11.3/node_modu
les/[4mhono[24m/dis
t/compose.js:22:17) {
  query: 
[32m'select "id", 
"name", 
"description", 
"order", 
"cover_url", 
"cover_public_id", 
"cover_color", 
"cover_mode", 
"list_id", 
"start_date", 
"deadline", 
"due_at", 
"due_complete", 
"reminder_minutes", 
"recurrence", 
"recurrence_day", "re
currence_weekday", 
"repeat_frequency", 
"repeat_interval", 
"latitude", 
"longitude", 
"completed", 
"is_template", 
"created_at", 
"updated_at" from 
"cards" where 
"cards"."list_id" = 
?'[39m,
  params: [ [32m'019
bd127-d996-738f-b501-
77d0ef4359be'[39m ],
  cause: 
LibsqlError: 
SQLITE_ERROR: no 
such column: 
is_template
      at 
mapSqliteError (file:
///D:/UIT_COURSES/SE1
00/DailyDesk/node_mod
ules/[4m.pnpm[24m/@
libsql+client@0.15.15
/node_modules/[4m@li
bsql[24m/client/lib-
esm/sqlite3.js:392:16
)
      at executeStmt 
(file:///D:/UIT_COURS
ES/SE100/DailyDesk/no
de_modules/[4m.pnpm
[24m/@libsql+client@0
.15.15/node_modules/
[4m@libsql[24m/clien
t/lib-esm/sqlite3.js:
297:15)
      at Sqlite3Clien
t.execute (file:///D:
/UIT_COURSES/SE100/Da
ilyDesk/node_modules/
[4m.pnpm[24m/@libsq
l+client@0.15.15/node
_modules/[4m@libsql
[24m/client/lib-esm/s
qlite3.js:81:16)
  [90m    ... 5 
lines matching cause 
stack trace ...[39m
      at SQLiteSelect
Base.execute (file://
/D:/UIT_COURSES/SE100
/DailyDesk/node_modul
es/[4m.pnpm[24m/dri
zzle-orm@0.44.7_@elec
tri_5c2928a099a752b7e
299aaadb8975aea/node_
modules/[4msrc[24m/
sqlite-core/query-bui
lders/select.ts:962:1
5)
      at SQLiteSelect
Base.then (file:///D:
/UIT_COURSES/SE100/Da
ilyDesk/node_modules/
[4m.pnpm[24m/drizzl
e-orm@0.44.7_@electri
_5c2928a099a752b7e299
aaadb8975aea/node_mod
ules/[4msrc[24m/que
ry-promise.ts:31:15) 
{
    code: [32m'SQLIT
E_ERROR'[39m,
    rawCode: 
[33m1[39m,
    [cause]: 
SqliteError: no such 
column: is_template
        at 
convertError (D:\UIT_
COURSES\SE100\DailyDe
sk\node_modules\[4m.
pnpm[24m\libsql@0.5.
22\node_modules\[4ml
ibsql[24m\index.js:5
9:12)
        at 
Database.prepare (D:\
UIT_COURSES\SE100\Dai
lyDesk\node_modules\
[4m.pnpm[24m\libsql@
0.5.22\node_modules\
[4mlibsql[24m\index.
js:131:13)
        at 
executeStmt (file:///
D:/UIT_COURSES/SE100/
DailyDesk/node_module
s/[4m.pnpm[24m/@lib
sql+client@0.15.15/no
de_modules/[4m@libsq
l[24m/client/lib-esm
/sqlite3.js:268:28)
        at Sqlite3Cli
ent.execute (file:///
D:/UIT_COURSES/SE100/
DailyDesk/node_module
s/[4m.pnpm[24m/@lib
sql+client@0.15.15/no
de_modules/[4m@libsq
l[24m/client/lib-esm
/sqlite3.js:81:16)
        at file:///D:
/UIT_COURSES/SE100/Da
ilyDesk/node_modules/
[4m.pnpm[24m/drizzl
e-orm@0.44.7_@electri
_5c2928a099a752b7e299
aaadb8975aea/node_mod
ules/[4msrc[24m/lib
sql/session.ts:288:58
        at LibSQLPrep
aredQuery.queryWithCa
che (file:///D:/UIT_C
OURSES/SE100/DailyDes
k/node_modules/[4m.p
npm[24m/drizzle-orm@
0.44.7_@electri_5c292
8a099a752b7e299aaadb8
975aea/node_modules/
[4msrc[24m/sqlite-co
re/session.ts:78:18)
        at LibSQLPrep
aredQuery.values (fil
e:///D:/UIT_COURSES/S
E100/DailyDesk/node_m
odules/[4m.pnpm[24m
/drizzle-orm@0.44.7_@
electri_5c2928a099a75
2b7e299aaadb8975aea/n
ode_modules/[4msrc[
24m/libsql/session.ts
:286:21)
        at LibSQLPrep
aredQuery.all (file:/
//D:/UIT_COURSES/SE10
0/DailyDesk/node_modu
les/[4m.pnpm[24m/dr
izzle-orm@0.44.7_@ele
ctri_5c2928a099a752b7
e299aaadb8975aea/node
_modules/[4msrc[24m
/libsql/session.ts:21
4:27)
        at 
SQLiteSelectBase.all 
(file:///D:/UIT_COURS
ES/SE100/DailyDesk/no
de_modules/[4m.pnpm
[24m/drizzle-orm@0.44
.7_@electri_5c2928a09
9a752b7e299aaadb8975a
ea/node_modules/[4ms
rc[24m/sqlite-core/q
uery-builders/select.
ts:950:26)
        at SQLiteSele
ctBase.execute (file:
///D:/UIT_COURSES/SE1
00/DailyDesk/node_mod
ules/[4m.pnpm[24m/d
rizzle-orm@0.44.7_@el
ectri_5c2928a099a752b
7e299aaadb8975aea/nod
e_modules/[4msrc[24
m/sqlite-core/query-b
uilders/select.ts:962
:15) {
      code: [32m'SQL
ITE_ERROR'[39m,
      rawCode: 
[33m1[39m
    }
  }
}

[90mstderr[2m | tes
ts/cards/cards.test.t
s[2m > 
[22m[2mCards API 
Integration 
Tests[2m > 
[22m[2mPOST /boards
/:boardId/cards[2m 
> [22m[2mshould 
create a card with 
location
[22m[39mDrizzleQuer
yError: Failed 
query: select "id", 
"name", 
"description", 
"order", 
"cover_url", 
"cover_public_id", 
"cover_color", 
"cover_mode", 
"list_id", 
"start_date", 
"deadline", 
"due_at", 
"due_complete", 
"reminder_minutes", 
"recurrence", 
"recurrence_day", "re
currence_weekday", 
"repeat_frequency", 
"repeat_interval", 
"latitude", 
"longitude", 
"completed", 
"is_template", 
"created_at", 
"updated_at" from 
"cards" where 
"cards"."list_id" = ?
params: 019bd127-d9b2
-77d4-970f-edc1391dc6
12
    at LibSQLPrepared
Query.queryWithCache 
(file:///D:/UIT_COURS
ES/SE100/DailyDesk/no
de_modules/[4m.pnpm
[24m/drizzle-orm@0.44
.7_@electri_5c2928a09
9a752b7e299aaadb8975a
ea/node_modules/[4ms
rc[24m/sqlite-core/s
ession.ts:80:11)
[90m    at processTi
cksAndRejections (nod
e:internal/process/ta
sk_queues:105:5)[39m
    at LibSQLPrepared
Query.values (file://
/D:/UIT_COURSES/SE100
/DailyDesk/node_modul
es/[4m.pnpm[24m/dri
zzle-orm@0.44.7_@elec
tri_5c2928a099a752b7e
299aaadb8975aea/node_
modules/[4msrc[24m/
libsql/session.ts:286
:10)
    at LibSQLPrepared
Query.all (file:///D:
/UIT_COURSES/SE100/Da
ilyDesk/node_modules/
[4m.pnpm[24m/drizzl
e-orm@0.44.7_@electri
_5c2928a099a752b7e299
aaadb8975aea/node_mod
ules/[4msrc[24m/lib
sql/session.ts:214:16
)
    at 
Module.createCard [9
0m(D:\UIT_COURSES\SE1
00\DailyDesk\backend\
[39msrc\services\car
ds.service.ts:319:23
[90m)[39m
    at [90mD:\UIT_CO
URSES\SE100\DailyDesk
\backend\[39msrc\rou
tes\cards.ts:152:22
    at dispatch (file
:///D:/UIT_COURSES/SE
100/DailyDesk/node_mo
dules/[4m.pnpm[24m/
hono@4.11.3/node_modu
les/[4mhono[24m/dis
t/compose.js:22:17)
    at file:///D:/UIT
_COURSES/SE100/DailyD
esk/node_modules/[4m
.pnpm[24m/hono@4.11.
3/node_modules/[4mho
no[24m/dist/validato
r/validator.js:81:12
    at mw (file:///D:
/UIT_COURSES/SE100/Da
ilyDesk/node_modules/
[4m.pnpm[24m/@hono+
zod-openapi@1.2.0_hon
o@4.11.3_zod@4.3.5/no
de_modules/[4m@hono
[24m/zod-openapi/src/
index.ts:546:26)
    at dispatch (file
:///D:/UIT_COURSES/SE
100/DailyDesk/node_mo
dules/[4m.pnpm[24m/
hono@4.11.3/node_modu
les/[4mhono[24m/dis
t/compose.js:22:17) {
  query: 
[32m'select "id", 
"name", 
"description", 
"order", 
"cover_url", 
"cover_public_id", 
"cover_color", 
"cover_mode", 
"list_id", 
"start_date", 
"deadline", 
"due_at", 
"due_complete", 
"reminder_minutes", 
"recurrence", 
"recurrence_day", "re
currence_weekday", 
"repeat_frequency", 
"repeat_interval", 
"latitude", 
"longitude", 
"completed", 
"is_template", 
"created_at", 
"updated_at" from 
"cards" where 
"cards"."list_id" = 
?'[39m,
  params: [ [32m'019
bd127-d9b2-77d4-970f-
edc1391dc612'[39m ],
  cause: 
LibsqlError: 
SQLITE_ERROR: no 
such column: 
is_template
      at 
mapSqliteError (file:
///D:/UIT_COURSES/SE1
00/DailyDesk/node_mod
ules/[4m.pnpm[24m/@
libsql+client@0.15.15
/node_modules/[4m@li
bsql[24m/client/lib-
esm/sqlite3.js:392:16
)
      at executeStmt 
(file:///D:/UIT_COURS
ES/SE100/DailyDesk/no
de_modules/[4m.pnpm
[24m/@libsql+client@0
.15.15/node_modules/
[4m@libsql[24m/clien
t/lib-esm/sqlite3.js:
297:15)
      at Sqlite3Clien
t.execute (file:///D:
/UIT_COURSES/SE100/Da
ilyDesk/node_modules/
[4m.pnpm[24m/@libsq
l+client@0.15.15/node
_modules/[4m@libsql
[24m/client/lib-esm/s
qlite3.js:81:16)
  [90m    ... 5 
lines matching cause 
stack trace ...[39m
      at SQLiteSelect
Base.execute (file://
/D:/UIT_COURSES/SE100
/DailyDesk/node_modul
es/[4m.pnpm[24m/dri
zzle-orm@0.44.7_@elec
tri_5c2928a099a752b7e
299aaadb8975aea/node_
modules/[4msrc[24m/
sqlite-core/query-bui
lders/select.ts:962:1
5)
      at SQLiteSelect
Base.then (file:///D:
/UIT_COURSES/SE100/Da
ilyDesk/node_modules/
[4m.pnpm[24m/drizzl
e-orm@0.44.7_@electri
_5c2928a099a752b7e299
aaadb8975aea/node_mod
ules/[4msrc[24m/que
ry-promise.ts:31:15) 
{
    code: [32m'SQLIT
E_ERROR'[39m,
    rawCode: 
[33m1[39m,
    [cause]: 
SqliteError: no such 
column: is_template
        at 
convertError (D:\UIT_
COURSES\SE100\DailyDe
sk\node_modules\[4m.
pnpm[24m\libsql@0.5.
22\node_modules\[4ml
ibsql[24m\index.js:5
9:12)
        at 
Database.prepare (D:\
UIT_COURSES\SE100\Dai
lyDesk\node_modules\
[4m.pnpm[24m\libsql@
0.5.22\node_modules\
[4mlibsql[24m\index.
js:131:13)
        at 
executeStmt (file:///
D:/UIT_COURSES/SE100/
DailyDesk/node_module
s/[4m.pnpm[24m/@lib
sql+client@0.15.15/no
de_modules/[4m@libsq
l[24m/client/lib-esm
/sqlite3.js:268:28)
        at Sqlite3Cli
ent.execute (file:///
D:/UIT_COURSES/SE100/
DailyDesk/node_module
s/[4m.pnpm[24m/@lib
sql+client@0.15.15/no
de_modules/[4m@libsq
l[24m/client/lib-esm
/sqlite3.js:81:16)
        at file:///D:
/UIT_COURSES/SE100/Da
ilyDesk/node_modules/
[4m.pnpm[24m/drizzl
e-orm@0.44.7_@electri
_5c2928a099a752b7e299
aaadb8975aea/node_mod
ules/[4msrc[24m/lib
sql/session.ts:288:58
        at LibSQLPrep
aredQuery.queryWithCa
che (file:///D:/UIT_C
OURSES/SE100/DailyDes
k/node_modules/[4m.p
npm[24m/drizzle-orm@
0.44.7_@electri_5c292
8a099a752b7e299aaadb8
975aea/node_modules/
[4msrc[24m/sqlite-co
re/session.ts:78:18)
        at LibSQLPrep
aredQuery.values (fil
e:///D:/UIT_COURSES/S
E100/DailyDesk/node_m
odules/[4m.pnpm[24m
/drizzle-orm@0.44.7_@
electri_5c2928a099a75
2b7e299aaadb8975aea/n
ode_modules/[4msrc[
24m/libsql/session.ts
:286:21)
        at LibSQLPrep
aredQuery.all (file:/
//D:/UIT_COURSES/SE10
0/DailyDesk/node_modu
les/[4m.pnpm[24m/dr
izzle-orm@0.44.7_@ele
ctri_5c2928a099a752b7
e299aaadb8975aea/node
_modules/[4msrc[24m
/libsql/session.ts:21
4:27)
        at 
SQLiteSelectBase.all 
(file:///D:/UIT_COURS
ES/SE100/DailyDesk/no
de_modules/[4m.pnpm
[24m/drizzle-orm@0.44
.7_@electri_5c2928a09
9a752b7e299aaadb8975a
ea/node_modules/[4ms
rc[24m/sqlite-core/q
uery-builders/select.
ts:950:26)
        at SQLiteSele
ctBase.execute (file:
///D:/UIT_COURSES/SE1
00/DailyDesk/node_mod
ules/[4m.pnpm[24m/d
rizzle-orm@0.44.7_@el
ectri_5c2928a099a752b
7e299aaadb8975aea/nod
e_modules/[4msrc[24
m/sqlite-core/query-b
uilders/select.ts:962
:15) {
      code: [32m'SQL
ITE_ERROR'[39m,
      rawCode: 
[33m1[39m
    }
  }
}

[90mstderr[2m | tes
ts/cards/cards.test.t
s[2m > 
[22m[2mCards API 
Integration 
Tests[2m > 
[22m[2mGET /boards/
:boardId/cards/:id[2
m > [22m[2mshould 
return a specific 
card
[22m[39mDrizzleQuer
yError: Failed 
query: select "id", 
"name", 
"description", 
"order", 
"cover_url", 
"cover_public_id", 
"cover_color", 
"cover_mode", 
"list_id", 
"start_date", 
"deadline", 
"due_at", 
"due_complete", 
"reminder_minutes", 
"recurrence", 
"recurrence_day", "re
currence_weekday", 
"repeat_frequency", 
"repeat_interval", 
"latitude", 
"longitude", 
"completed", 
"is_template", 
"created_at", 
"updated_at" from 
"cards" where 
"cards"."list_id" = ?
params: 019bd127-da3c
-77e6-b33d-73a131da3b
8e
    at LibSQLPrepared
Query.queryWithCache 
(file:///D:/UIT_COURS
ES/SE100/DailyDesk/no
de_modules/[4m.pnpm
[24m/drizzle-orm@0.44
.7_@electri_5c2928a09
9a752b7e299aaadb8975a
ea/node_modules/[4ms
rc[24m/sqlite-core/s
ession.ts:80:11)
[90m    at processTi
cksAndRejections (nod
e:internal/process/ta
sk_queues:105:5)[39m
    at LibSQLPrepared
Query.values (file://
/D:/UIT_COURSES/SE100
/DailyDesk/node_modul
es/[4m.pnpm[24m/dri
zzle-orm@0.44.7_@elec
tri_5c2928a099a752b7e
299aaadb8975aea/node_
modules/[4msrc[24m/
libsql/session.ts:286
:10)
    at LibSQLPrepared
Query.all (file:///D:
/UIT_COURSES/SE100/Da
ilyDesk/node_modules/
[4m.pnpm[24m/drizzl
e-orm@0.44.7_@electri
_5c2928a099a752b7e299
aaadb8975aea/node_mod
ules/[4msrc[24m/lib
sql/session.ts:214:16
)
    at 
Module.createCard [9
0m(D:\UIT_COURSES\SE1
00\DailyDesk\backend\
[39msrc\services\car
ds.service.ts:319:23
[90m)[39m
    at [90mD:\UIT_CO
URSES\SE100\DailyDesk
\backend\[39msrc\rou
tes\cards.ts:152:22
    at dispatch (file
:///D:/UIT_COURSES/SE
100/DailyDesk/node_mo
dules/[4m.pnpm[24m/
hono@4.11.3/node_modu
les/[4mhono[24m/dis
t/compose.js:22:17)
    at file:///D:/UIT
_COURSES/SE100/DailyD
esk/node_modules/[4m
.pnpm[24m/hono@4.11.
3/node_modules/[4mho
no[24m/dist/validato
r/validator.js:81:12
    at mw (file:///D:
/UIT_COURSES/SE100/Da
ilyDesk/node_modules/
[4m.pnpm[24m/@hono+
zod-openapi@1.2.0_hon
o@4.11.3_zod@4.3.5/no
de_modules/[4m@hono
[24m/zod-openapi/src/
index.ts:546:26)
    at dispatch (file
:///D:/UIT_COURSES/SE
100/DailyDesk/node_mo
dules/[4m.pnpm[24m/
hono@4.11.3/node_modu
les/[4mhono[24m/dis
t/compose.js:22:17) {
  query: 
[32m'select "id", 
"name", 
"description", 
"order", 
"cover_url", 
"cover_public_id", 
"cover_color", 
"cover_mode", 
"list_id", 
"start_date", 
"deadline", 
"due_at", 
"due_complete", 
"reminder_minutes", 
"recurrence", 
"recurrence_day", "re
currence_weekday", 
"repeat_frequency", 
"repeat_interval", 
"latitude", 
"longitude", 
"completed", 
"is_template", 
"created_at", 
"updated_at" from 
"cards" where 
"cards"."list_id" = 
?'[39m,
  params: [ [32m'019
bd127-da3c-77e6-b33d-
73a131da3b8e'[39m ],
  cause: 
LibsqlError: 
SQLITE_ERROR: no 
such column: 
is_template
      at 
mapSqliteError (file:
///D:/UIT_COURSES/SE1
00/DailyDesk/node_mod
ules/[4m.pnpm[24m/@
libsql+client@0.15.15
/node_modules/[4m@li
bsql[24m/client/lib-
esm/sqlite3.js:392:16
)
      at executeStmt 
(file:///D:/UIT_COURS
ES/SE100/DailyDesk/no
de_modules/[4m.pnpm
[24m/@libsql+client@0
.15.15/node_modules/
[4m@libsql[24m/clien
t/lib-esm/sqlite3.js:
297:15)
      at Sqlite3Clien
t.execute (file:///D:
/UIT_COURSES/SE100/Da
ilyDesk/node_modules/
[4m.pnpm[24m/@libsq
l+client@0.15.15/node
_modules/[4m@libsql
[24m/client/lib-esm/s
qlite3.js:81:16)
  [90m    ... 5 
lines matching cause 
stack trace ...[39m
      at SQLiteSelect
Base.execute (file://
/D:/UIT_COURSES/SE100
/DailyDesk/node_modul
es/[4m.pnpm[24m/dri
zzle-orm@0.44.7_@elec
tri_5c2928a099a752b7e
299aaadb8975aea/node_
modules/[4msrc[24m/
sqlite-core/query-bui
lders/select.ts:962:1
5)
      at SQLiteSelect
Base.then (file:///D:
/UIT_COURSES/SE100/Da
ilyDesk/node_modules/
[4m.pnpm[24m/drizzl
e-orm@0.44.7_@electri
_5c2928a099a752b7e299
aaadb8975aea/node_mod
ules/[4msrc[24m/que
ry-promise.ts:31:15) 
{
    code: [32m'SQLIT
E_ERROR'[39m,
    rawCode: 
[33m1[39m,
    [cause]: 
SqliteError: no such 
column: is_template
        at 
convertError (D:\UIT_
COURSES\SE100\DailyDe
sk\node_modules\[4m.
pnpm[24m\libsql@0.5.
22\node_modules\[4ml
ibsql[24m\index.js:5
9:12)
        at 
Database.prepare (D:\
UIT_COURSES\SE100\Dai
lyDesk\node_modules\
[4m.pnpm[24m\libsql@
0.5.22\node_modules\
[4mlibsql[24m\index.
js:131:13)
        at 
executeStmt (file:///
D:/UIT_COURSES/SE100/
DailyDesk/node_module
s/[4m.pnpm[24m/@lib
sql+client@0.15.15/no
de_modules/[4m@libsq
l[24m/client/lib-esm
/sqlite3.js:268:28)
        at Sqlite3Cli
ent.execute (file:///
D:/UIT_COURSES/SE100/
DailyDesk/node_module
s/[4m.pnpm[24m/@lib
sql+client@0.15.15/no
de_modules/[4m@libsq
l[24m/client/lib-esm
/sqlite3.js:81:16)
        at file:///D:
/UIT_COURSES/SE100/Da
ilyDesk/node_modules/
[4m.pnpm[24m/drizzl
e-orm@0.44.7_@electri
_5c2928a099a752b7e299
aaadb8975aea/node_mod
ules/[4msrc[24m/lib
sql/session.ts:288:58
        at LibSQLPrep
aredQuery.queryWithCa
che (file:///D:/UIT_C
OURSES/SE100/DailyDes
k/node_modules/[4m.p
npm[24m/drizzle-orm@
0.44.7_@electri_5c292
8a099a752b7e299aaadb8
975aea/node_modules/
[4msrc[24m/sqlite-co
re/session.ts:78:18)
        at LibSQLPrep
aredQuery.values (fil
e:///D:/UIT_COURSES/S
E100/DailyDesk/node_m
odules/[4m.pnpm[24m
/drizzle-orm@0.44.7_@
electri_5c2928a099a75
2b7e299aaadb8975aea/n
ode_modules/[4msrc[
24m/libsql/session.ts
:286:21)
        at LibSQLPrep
aredQuery.all (file:/
//D:/UIT_COURSES/SE10
0/DailyDesk/node_modu
les/[4m.pnpm[24m/dr
izzle-orm@0.44.7_@ele
ctri_5c2928a099a752b7
e299aaadb8975aea/node
_modules/[4msrc[24m
/libsql/session.ts:21
4:27)
        at 
SQLiteSelectBase.all 
(file:///D:/UIT_COURS
ES/SE100/DailyDesk/no
de_modules/[4m.pnpm
[24m/drizzle-orm@0.44
.7_@electri_5c2928a09
9a752b7e299aaadb8975a
ea/node_modules/[4ms
rc[24m/sqlite-core/q
uery-builders/select.
ts:950:26)
        at SQLiteSele
ctBase.execute (file:
///D:/UIT_COURSES/SE1
00/DailyDesk/node_mod
ules/[4m.pnpm[24m/d
rizzle-orm@0.44.7_@el
ectri_5c2928a099a752b
7e299aaadb8975aea/nod
e_modules/[4msrc[24
m/sqlite-core/query-b
uilders/select.ts:962
:15) {
      code: [32m'SQL
ITE_ERROR'[39m,
      rawCode: 
[33m1[39m
    }
  }
}
DrizzleQueryError: 
Failed query: select 
"cards"."id", 
"cards"."name", "card
s"."description", 
"cards"."order", 
"cards"."cover_url", 
"cards"."cover_public
_id", "cards"."cover_
color", "cards"."cove
r_mode", 
"cards"."list_id", "c
ards"."start_date", 
"cards"."deadline", 
"cards"."due_at", "ca
rds"."due_complete", 
"cards"."reminder_min
utes", "cards"."recur
rence", "cards"."recu
rrence_day", "cards".
"recurrence_weekday",
 "cards"."repeat_freq
uency", "cards"."repe
at_interval", 
"cards"."latitude", 
"cards"."longitude", 
"cards"."completed", 
"cards"."is_template"
, "cards"."created_at
", "cards"."updated_a
t", "lists"."id", 
"lists"."name", 
"lists"."order", 
"lists"."board_id" 
from "cards" inner 
join "lists" on 
"cards"."list_id" = 
"lists"."id" where 
"cards"."id" = ? 
limit ?
params: 019bd127-da3f
-7f05-b58c-8cb7950ae2
3c,1
    at LibSQLPrepared
Query.queryWithCache 
(file:///D:/UIT_COURS
ES/SE100/DailyDesk/no
de_modules/[4m.pnpm
[24m/drizzle-orm@0.44
.7_@electri_5c2928a09
9a752b7e299aaadb8975a
ea/node_modules/[4ms
rc[24m/sqlite-core/s
ession.ts:80:11)
[90m    at processTi
cksAndRejections (nod
e:internal/process/ta
sk_queues:105:5)[39m
    at LibSQLPrepared
Query.values (file://
/D:/UIT_COURSES/SE100
/DailyDesk/node_modul
es/[4m.pnpm[24m/dri
zzle-orm@0.44.7_@elec
tri_5c2928a099a752b7e
299aaadb8975aea/node_
modules/[4msrc[24m/
libsql/session.ts:286
:10)
    at LibSQLPrepared
Query.all (file:///D:
/UIT_COURSES/SE100/Da
ilyDesk/node_modules/
[4m.pnpm[24m/drizzl
e-orm@0.44.7_@electri
_5c2928a099a752b7e299
aaadb8975aea/node_mod
ules/[4msrc[24m/lib
sql/session.ts:214:16
)
    at 
Module.getCardById [
90m(D:\UIT_COURSES\SE
100\DailyDesk\backend
\[39msrc\services\ca
rds.service.ts:459:16
[90m)[39m
    at [90mD:\UIT_CO
URSES\SE100\DailyDesk
\backend\[39msrc\rou
tes\cards.ts:195:22
    at dispatch (file
:///D:/UIT_COURSES/SE
100/DailyDesk/node_mo
dules/[4m.pnpm[24m/
hono@4.11.3/node_modu
les/[4mhono[24m/dis
t/compose.js:22:17)
    at file:///D:/UIT
_COURSES/SE100/DailyD
esk/node_modules/[4m
.pnpm[24m/hono@4.11.
3/node_modules/[4mho
no[24m/dist/validato
r/validator.js:81:12
    at dispatch (file
:///D:/UIT_COURSES/SE
100/DailyDesk/node_mo
dules/[4m.pnpm[24m/
hono@4.11.3/node_modu
les/[4mhono[24m/dis
t/compose.js:22:17)
    at [90mD:\UIT_CO
URSES\SE100\DailyDesk
\backend\[39mtests\h
elpers\auth.ts:27:5 {
  query: 
[32m'select 
"cards"."id", 
"cards"."name", "card
s"."description", 
"cards"."order", 
"cards"."cover_url", 
"cards"."cover_public
_id", "cards"."cover_
color", "cards"."cove
r_mode", 
"cards"."list_id", "c
ards"."start_date", 
"cards"."deadline", 
"cards"."due_at", "ca
rds"."due_complete", 
"cards"."reminder_min
utes", "cards"."recur
rence", "cards"."recu
rrence_day", "cards".
"recurrence_weekday",
 "cards"."repeat_freq
uency", "cards"."repe
at_interval", 
"cards"."latitude", 
"cards"."longitude", 
"cards"."completed", 
"cards"."is_template"
, "cards"."created_at
", "cards"."updated_a
t", "lists"."id", 
"lists"."name", 
"lists"."order", 
"lists"."board_id" 
from "cards" inner 
join "lists" on 
"cards"."list_id" = 
"lists"."id" where 
"cards"."id" = ? 
limit ?'[39m,
  params: [ [32m'019
bd127-da3f-7f05-b58c-
8cb7950ae23c'[39m, 
[33m1[39m ],
  cause: 
LibsqlError: 
SQLITE_ERROR: no 
such column: 
cards.is_template
      at 
mapSqliteError (file:
///D:/UIT_COURSES/SE1
00/DailyDesk/node_mod
ules/[4m.pnpm[24m/@
libsql+client@0.15.15
/node_modules/[4m@li
bsql[24m/client/lib-
esm/sqlite3.js:392:16
)
      at executeStmt 
(file:///D:/UIT_COURS
ES/SE100/DailyDesk/no
de_modules/[4m.pnpm
[24m/@libsql+client@0
.15.15/node_modules/
[4m@libsql[24m/clien
t/lib-esm/sqlite3.js:
297:15)
      at Sqlite3Clien
t.execute (file:///D:
/UIT_COURSES/SE100/Da
ilyDesk/node_modules/
[4m.pnpm[24m/@libsq
l+client@0.15.15/node
_modules/[4m@libsql
[24m/client/lib-esm/s
qlite3.js:81:16)
  [90m    ... 5 
lines matching cause 
stack trace ...[39m
      at SQLiteSelect
Base.execute (file://
/D:/UIT_COURSES/SE100
/DailyDesk/node_modul
es/[4m.pnpm[24m/dri
zzle-orm@0.44.7_@elec
tri_5c2928a099a752b7e
299aaadb8975aea/node_
modules/[4msrc[24m/
sqlite-core/query-bui
lders/select.ts:962:1
5)
      at SQLiteSelect
Base.then (file:///D:
/UIT_COURSES/SE100/Da
ilyDesk/node_modules/
[4m.pnpm[24m/drizzl
e-orm@0.44.7_@electri
_5c2928a099a752b7e299
aaadb8975aea/node_mod
ules/[4msrc[24m/que
ry-promise.ts:31:15) 
{
    code: [32m'SQLIT
E_ERROR'[39m,
    rawCode: 
[33m1[39m,
    [cause]: 
SqliteError: no such 
column: 
cards.is_template
        at 
convertError (D:\UIT_
COURSES\SE100\DailyDe
sk\node_modules\[4m.
pnpm[24m\libsql@0.5.
22\node_modules\[4ml
ibsql[24m\index.js:5
9:12)
        at 
Database.prepare (D:\
UIT_COURSES\SE100\Dai
lyDesk\node_modules\
[4m.pnpm[24m\libsql@
0.5.22\node_modules\
[4mlibsql[24m\index.
js:131:13)
        at 
executeStmt (file:///
D:/UIT_COURSES/SE100/
DailyDesk/node_module
s/[4m.pnpm[24m/@lib
sql+client@0.15.15/no
de_modules/[4m@libsq
l[24m/client/lib-esm
/sqlite3.js:268:28)
        at Sqlite3Cli
ent.execute (file:///
D:/UIT_COURSES/SE100/
DailyDesk/node_module
s/[4m.pnpm[24m/@lib
sql+client@0.15.15/no
de_modules/[4m@libsq
l[24m/client/lib-esm
/sqlite3.js:81:16)
        at file:///D:
/UIT_COURSES/SE100/Da
ilyDesk/node_modules/
[4m.pnpm[24m/drizzl
e-orm@0.44.7_@electri
_5c2928a099a752b7e299
aaadb8975aea/node_mod
ules/[4msrc[24m/lib
sql/session.ts:288:58
        at LibSQLPrep
aredQuery.queryWithCa
che (file:///D:/UIT_C
OURSES/SE100/DailyDes
k/node_modules/[4m.p
npm[24m/drizzle-orm@
0.44.7_@electri_5c292
8a099a752b7e299aaadb8
975aea/node_modules/
[4msrc[24m/sqlite-co
re/session.ts:78:18)
        at LibSQLPrep
aredQuery.values (fil
e:///D:/UIT_COURSES/S
E100/DailyDesk/node_m
odules/[4m.pnpm[24m
/drizzle-orm@0.44.7_@
electri_5c2928a099a75
2b7e299aaadb8975aea/n
ode_modules/[4msrc[
24m/libsql/session.ts
:286:21)
        at LibSQLPrep
aredQuery.all (file:/
//D:/UIT_COURSES/SE10
0/DailyDesk/node_modu
les/[4m.pnpm[24m/dr
izzle-orm@0.44.7_@ele
ctri_5c2928a099a752b7
e299aaadb8975aea/node
_modules/[4msrc[24m
/libsql/session.ts:21
4:27)
        at 
SQLiteSelectBase.all 
(file:///D:/UIT_COURS
ES/SE100/DailyDesk/no
de_modules/[4m.pnpm
[24m/drizzle-orm@0.44
.7_@electri_5c2928a09
9a752b7e299aaadb8975a
ea/node_modules/[4ms
rc[24m/sqlite-core/q
uery-builders/select.
ts:950:26)
        at SQLiteSele
ctBase.execute (file:
///D:/UIT_COURSES/SE1
00/DailyDesk/node_mod
ules/[4m.pnpm[24m/d
rizzle-orm@0.44.7_@el
ectri_5c2928a099a752b
7e299aaadb8975aea/nod
e_modules/[4msrc[24
m/sqlite-core/query-b
uilders/select.ts:962
:15) {
      code: [32m'SQL
ITE_ERROR'[39m,
      rawCode: 
[33m1[39m
    }
  }
}

[90mstderr[2m | tes
ts/cards/cards.test.t
s[2m > 
[22m[2mCards API 
Integration 
Tests[2m > 
[22m[2mGET /boards/
:boardId/cards/:id[2
m > [22m[2mshould 
return 404 for 
non-existent card
[22m[39mDrizzleQuer
yError: Failed 
query: select 
"cards"."id", 
"cards"."name", "card
s"."description", 
"cards"."order", 
"cards"."cover_url", 
"cards"."cover_public
_id", "cards"."cover_
color", "cards"."cove
r_mode", 
"cards"."list_id", "c
ards"."start_date", 
"cards"."deadline", 
"cards"."due_at", "ca
rds"."due_complete", 
"cards"."reminder_min
utes", "cards"."recur
rence", "cards"."recu
rrence_day", "cards".
"recurrence_weekday",
 "cards"."repeat_freq
uency", "cards"."repe
at_interval", 
"cards"."latitude", 
"cards"."longitude", 
"cards"."completed", 
"cards"."is_template"
, "cards"."created_at
", "cards"."updated_a
t", "lists"."id", 
"lists"."name", 
"lists"."order", 
"lists"."board_id" 
from "cards" inner 
join "lists" on 
"cards"."list_id" = 
"lists"."id" where 
"cards"."id" = ? 
limit ?
params: 019bd127-da6d
-7783-90d1-b67dd63c5c
2b,1
    at LibSQLPrepared
Query.queryWithCache 
(file:///D:/UIT_COURS
ES/SE100/DailyDesk/no
de_modules/[4m.pnpm
[24m/drizzle-orm@0.44
.7_@electri_5c2928a09
9a752b7e299aaadb8975a
ea/node_modules/[4ms
rc[24m/sqlite-core/s
ession.ts:80:11)
[90m    at processTi
cksAndRejections (nod
e:internal/process/ta
sk_queues:105:5)[39m
    at LibSQLPrepared
Query.values (file://
/D:/UIT_COURSES/SE100
/DailyDesk/node_modul
es/[4m.pnpm[24m/dri
zzle-orm@0.44.7_@elec
tri_5c2928a099a752b7e
299aaadb8975aea/node_
modules/[4msrc[24m/
libsql/session.ts:286
:10)
    at LibSQLPrepared
Query.all (file:///D:
/UIT_COURSES/SE100/Da
ilyDesk/node_modules/
[4m.pnpm[24m/drizzl
e-orm@0.44.7_@electri
_5c2928a099a752b7e299
aaadb8975aea/node_mod
ules/[4msrc[24m/lib
sql/session.ts:214:16
)
    at 
Module.getCardById [
90m(D:\UIT_COURSES\SE
100\DailyDesk\backend
\[39msrc\services\ca
rds.service.ts:459:16
[90m)[39m
    at [90mD:\UIT_CO
URSES\SE100\DailyDesk
\backend\[39msrc\rou
tes\cards.ts:195:22
    at dispatch (file
:///D:/UIT_COURSES/SE
100/DailyDesk/node_mo
dules/[4m.pnpm[24m/
hono@4.11.3/node_modu
les/[4mhono[24m/dis
t/compose.js:22:17)
    at file:///D:/UIT
_COURSES/SE100/DailyD
esk/node_modules/[4m
.pnpm[24m/hono@4.11.
3/node_modules/[4mho
no[24m/dist/validato
r/validator.js:81:12
    at dispatch (file
:///D:/UIT_COURSES/SE
100/DailyDesk/node_mo
dules/[4m.pnpm[24m/
hono@4.11.3/node_modu
les/[4mhono[24m/dis
t/compose.js:22:17)
    at [90mD:\UIT_CO
URSES\SE100\DailyDesk
\backend\[39mtests\h
elpers\auth.ts:27:5 {
  query: 
[32m'select 
"cards"."id", 
"cards"."name", "card
s"."description", 
"cards"."order", 
"cards"."cover_url", 
"cards"."cover_public
_id", "cards"."cover_
color", "cards"."cove
r_mode", 
"cards"."list_id", "c
ards"."start_date", 
"cards"."deadline", 
"cards"."due_at", "ca
rds"."due_complete", 
"cards"."reminder_min
utes", "cards"."recur
rence", "cards"."recu
rrence_day", "cards".
"recurrence_weekday",
 "cards"."repeat_freq
uency", "cards"."repe
at_interval", 
"cards"."latitude", 
"cards"."longitude", 
"cards"."completed", 
"cards"."is_template"
, "cards"."created_at
", "cards"."updated_a
t", "lists"."id", 
"lists"."name", 
"lists"."order", 
"lists"."board_id" 
from "cards" inner 
join "lists" on 
"cards"."list_id" = 
"lists"."id" where 
"cards"."id" = ? 
limit ?'[39m,
  params: [ [32m'019
bd127-da6d-7783-90d1-
b67dd63c5c2b'[39m, 
[33m1[39m ],
  cause: 
LibsqlError: 
SQLITE_ERROR: no 
such column: 
cards.is_template
      at 
mapSqliteError (file:
///D:/UIT_COURSES/SE1
00/DailyDesk/node_mod
ules/[4m.pnpm[24m/@
libsql+client@0.15.15
/node_modules/[4m@li
bsql[24m/client/lib-
esm/sqlite3.js:392:16
)
      at executeStmt 
(file:///D:/UIT_COURS
ES/SE100/DailyDesk/no
de_modules/[4m.pnpm
[24m/@libsql+client@0
.15.15/node_modules/
[4m@libsql[24m/clien
t/lib-esm/sqlite3.js:
297:15)
      at Sqlite3Clien
t.execute (file:///D:
/UIT_COURSES/SE100/Da
ilyDesk/node_modules/
[4m.pnpm[24m/@libsq
l+client@0.15.15/node
_modules/[4m@libsql
[24m/client/lib-esm/s
qlite3.js:81:16)
  [90m    ... 5 
lines matching cause 
stack trace ...[39m
      at SQLiteSelect
Base.execute (file://
/D:/UIT_COURSES/SE100
/DailyDesk/node_modul
es/[4m.pnpm[24m/dri
zzle-orm@0.44.7_@elec
tri_5c2928a099a752b7e
299aaadb8975aea/node_
modules/[4msrc[24m/
sqlite-core/query-bui
lders/select.ts:962:1
5)
      at SQLiteSelect
Base.then (file:///D:
/UIT_COURSES/SE100/Da
ilyDesk/node_modules/
[4m.pnpm[24m/drizzl
e-orm@0.44.7_@electri
_5c2928a099a752b7e299
aaadb8975aea/node_mod
ules/[4msrc[24m/que
ry-promise.ts:31:15) 
{
    code: [32m'SQLIT
E_ERROR'[39m,
    rawCode: 
[33m1[39m,
    [cause]: 
SqliteError: no such 
column: 
cards.is_template
        at 
convertError (D:\UIT_
COURSES\SE100\DailyDe
sk\node_modules\[4m.
pnpm[24m\libsql@0.5.
22\node_modules\[4ml
ibsql[24m\index.js:5
9:12)
        at 
Database.prepare (D:\
UIT_COURSES\SE100\Dai
lyDesk\node_modules\
[4m.pnpm[24m\libsql@
0.5.22\node_modules\
[4mlibsql[24m\index.
js:131:13)
        at 
executeStmt (file:///
D:/UIT_COURSES/SE100/
DailyDesk/node_module
s/[4m.pnpm[24m/@lib
sql+client@0.15.15/no
de_modules/[4m@libsq
l[24m/client/lib-esm
/sqlite3.js:268:28)
        at Sqlite3Cli
ent.execute (file:///
D:/UIT_COURSES/SE100/
DailyDesk/node_module
s/[4m.pnpm[24m/@lib
sql+client@0.15.15/no
de_modules/[4m@libsq
l[24m/client/lib-esm
/sqlite3.js:81:16)
        at file:///D:
/UIT_COURSES/SE100/Da
ilyDesk/node_modules/
[4m.pnpm[24m/drizzl
e-orm@0.44.7_@electri
_5c2928a099a752b7e299
aaadb8975aea/node_mod
ules/[4msrc[24m/lib
sql/session.ts:288:58
        at LibSQLPrep
aredQuery.queryWithCa
che (file:///D:/UIT_C
OURSES/SE100/DailyDes
k/node_modules/[4m.p
npm[24m/drizzle-orm@
0.44.7_@electri_5c292
8a099a752b7e299aaadb8
975aea/node_modules/
[4msrc[24m/sqlite-co
re/session.ts:78:18)
        at LibSQLPrep
aredQuery.values (fil
e:///D:/UIT_COURSES/S
E100/DailyDesk/node_m
odules/[4m.pnpm[24m
/drizzle-orm@0.44.7_@
electri_5c2928a099a75
2b7e299aaadb8975aea/n
ode_modules/[4msrc[
24m/libsql/session.ts
:286:21)
        at LibSQLPrep
aredQuery.all (file:/
//D:/UIT_COURSES/SE10
0/DailyDesk/node_modu
les/[4m.pnpm[24m/dr
izzle-orm@0.44.7_@ele
ctri_5c2928a099a752b7
e299aaadb8975aea/node
_modules/[4msrc[24m
/libsql/session.ts:21
4:27)
        at 
SQLiteSelectBase.all 
(file:///D:/UIT_COURS
ES/SE100/DailyDesk/no
de_modules/[4m.pnpm
[24m/drizzle-orm@0.44
.7_@electri_5c2928a09
9a752b7e299aaadb8975a
ea/node_modules/[4ms
rc[24m/sqlite-core/q
uery-builders/select.
ts:950:26)
        at SQLiteSele
ctBase.execute (file:
///D:/UIT_COURSES/SE1
00/DailyDesk/node_mod
ules/[4m.pnpm[24m/d
rizzle-orm@0.44.7_@el
ectri_5c2928a099a752b
7e299aaadb8975aea/nod
e_modules/[4msrc[24
m/sqlite-core/query-b
uilders/select.ts:962
:15) {
      code: [32m'SQL
ITE_ERROR'[39m,
      rawCode: 
[33m1[39m
    }
  }
}

[90mstderr[2m | tes
ts/cards/cards.test.t
s[2m > 
[22m[2mCards API 
Integration 
Tests[2m > 
[22m[2mPUT /boards/
:boardId/cards/:id[2
m > [22m[2mshould 
update card name
[22m[39mDrizzleQuer
yError: Failed 
query: select "id", 
"name", 
"description", 
"order", 
"cover_url", 
"cover_public_id", 
"cover_color", 
"cover_mode", 
"list_id", 
"start_date", 
"deadline", 
"due_at", 
"due_complete", 
"reminder_minutes", 
"recurrence", 
"recurrence_day", "re
currence_weekday", 
"repeat_frequency", 
"repeat_interval", 
"latitude", 
"longitude", 
"completed", 
"is_template", 
"created_at", 
"updated_at" from 
"cards" where 
"cards"."list_id" = ?
params: 019bd127-dab8
-761c-bc73-d81553728b
2a
    at LibSQLPrepared
Query.queryWithCache 
(file:///D:/UIT_COURS
ES/SE100/DailyDesk/no
de_modules/[4m.pnpm
[24m/drizzle-orm@0.44
.7_@electri_5c2928a09
9a752b7e299aaadb8975a
ea/node_modules/[4ms
rc[24m/sqlite-core/s
ession.ts:80:11)
[90m    at processTi
cksAndRejections (nod
e:internal/process/ta
sk_queues:105:5)[39m
    at LibSQLPrepared
Query.values (file://
/D:/UIT_COURSES/SE100
/DailyDesk/node_modul
es/[4m.pnpm[24m/dri
zzle-orm@0.44.7_@elec
tri_5c2928a099a752b7e
299aaadb8975aea/node_
modules/[4msrc[24m/
libsql/session.ts:286
:10)
    at LibSQLPrepared
Query.all (file:///D:
/UIT_COURSES/SE100/Da
ilyDesk/node_modules/
[4m.pnpm[24m/drizzl
e-orm@0.44.7_@electri
_5c2928a099a752b7e299
aaadb8975aea/node_mod
ules/[4msrc[24m/lib
sql/session.ts:214:16
)
    at 
Module.createCard [9
0m(D:\UIT_COURSES\SE1
00\DailyDesk\backend\
[39msrc\services\car
ds.service.ts:319:23
[90m)[39m
    at [90mD:\UIT_CO
URSES\SE100\DailyDesk
\backend\[39msrc\rou
tes\cards.ts:152:22
    at dispatch (file
:///D:/UIT_COURSES/SE
100/DailyDesk/node_mo
dules/[4m.pnpm[24m/
hono@4.11.3/node_modu
les/[4mhono[24m/dis
t/compose.js:22:17)
    at file:///D:/UIT
_COURSES/SE100/DailyD
esk/node_modules/[4m
.pnpm[24m/hono@4.11.
3/node_modules/[4mho
no[24m/dist/validato
r/validator.js:81:12
    at mw (file:///D:
/UIT_COURSES/SE100/Da
ilyDesk/node_modules/
[4m.pnpm[24m/@hono+
zod-openapi@1.2.0_hon
o@4.11.3_zod@4.3.5/no
de_modules/[4m@hono
[24m/zod-openapi/src/
index.ts:546:26)
    at dispatch (file
:///D:/UIT_COURSES/SE
100/DailyDesk/node_mo
dules/[4m.pnpm[24m/
hono@4.11.3/node_modu
les/[4mhono[24m/dis
t/compose.js:22:17) {
  query: 
[32m'select "id", 
"name", 
"description", 
"order", 
"cover_url", 
"cover_public_id", 
"cover_color", 
"cover_mode", 
"list_id", 
"start_date", 
"deadline", 
"due_at", 
"due_complete", 
"reminder_minutes", 
"recurrence", 
"recurrence_day", "re
currence_weekday", 
"repeat_frequency", 
"repeat_interval", 
"latitude", 
"longitude", 
"completed", 
"is_template", 
"created_at", 
"updated_at" from 
"cards" where 
"cards"."list_id" = 
?'[39m,
  params: [ [32m'019
bd127-dab8-761c-bc73-
d81553728b2a'[39m ],
  cause: 
LibsqlError: 
SQLITE_ERROR: no 
such column: 
is_template
      at 
mapSqliteError (file:
///D:/UIT_COURSES/SE1
00/DailyDesk/node_mod
ules/[4m.pnpm[24m/@
libsql+client@0.15.15
/node_modules/[4m@li
bsql[24m/client/lib-
esm/sqlite3.js:392:16
)
      at executeStmt 
(file:///D:/UIT_COURS
ES/SE100/DailyDesk/no
de_modules/[4m.pnpm
[24m/@libsql+client@0
.15.15/node_modules/
[4m@libsql[24m/clien
t/lib-esm/sqlite3.js:
297:15)
      at Sqlite3Clien
t.execute (file:///D:
/UIT_COURSES/SE100/Da
ilyDesk/node_modules/
[4m.pnpm[24m/@libsq
l+client@0.15.15/node
_modules/[4m@libsql
[24m/client/lib-esm/s
qlite3.js:81:16)
  [90m    ... 5 
lines matching cause 
stack trace ...[39m
      at SQLiteSelect
Base.execute (file://
/D:/UIT_COURSES/SE100
/DailyDesk/node_modul
es/[4m.pnpm[24m/dri
zzle-orm@0.44.7_@elec
tri_5c2928a099a752b7e
299aaadb8975aea/node_
modules/[4msrc[24m/
sqlite-core/query-bui
lders/select.ts:962:1
5)
      at SQLiteSelect
Base.then (file:///D:
/UIT_COURSES/SE100/Da
ilyDesk/node_modules/
[4m.pnpm[24m/drizzl
e-orm@0.44.7_@electri
_5c2928a099a752b7e299
aaadb8975aea/node_mod
ules/[4msrc[24m/que
ry-promise.ts:31:15) 
{
    code: [32m'SQLIT
E_ERROR'[39m,
    rawCode: 
[33m1[39m,
    [cause]: 
SqliteError: no such 
column: is_template
        at 
convertError (D:\UIT_
COURSES\SE100\DailyDe
sk\node_modules\[4m.
pnpm[24m\libsql@0.5.
22\node_modules\[4ml
ibsql[24m\index.js:5
9:12)
        at 
Database.prepare (D:\
UIT_COURSES\SE100\Dai
lyDesk\node_modules\
[4m.pnpm[24m\libsql@
0.5.22\node_modules\
[4mlibsql[24m\index.
js:131:13)
        at 
executeStmt (file:///
D:/UIT_COURSES/SE100/
DailyDesk/node_module
s/[4m.pnpm[24m/@lib
sql+client@0.15.15/no
de_modules/[4m@libsq
l[24m/client/lib-esm
/sqlite3.js:268:28)
        at Sqlite3Cli
ent.execute (file:///
D:/UIT_COURSES/SE100/
DailyDesk/node_module
s/[4m.pnpm[24m/@lib
sql+client@0.15.15/no
de_modules/[4m@libsq
l[24m/client/lib-esm
/sqlite3.js:81:16)
        at file:///D:
/UIT_COURSES/SE100/Da
ilyDesk/node_modules/
[4m.pnpm[24m/drizzl
e-orm@0.44.7_@electri
_5c2928a099a752b7e299
aaadb8975aea/node_mod
ules/[4msrc[24m/lib
sql/session.ts:288:58
        at LibSQLPrep
aredQuery.queryWithCa
che (file:///D:/UIT_C
OURSES/SE100/DailyDes
k/node_modules/[4m.p
npm[24m/drizzle-orm@
0.44.7_@electri_5c292
8a099a752b7e299aaadb8
975aea/node_modules/
[4msrc[24m/sqlite-co
re/session.ts:78:18)
        at LibSQLPrep
aredQuery.values (fil
e:///D:/UIT_COURSES/S
E100/DailyDesk/node_m
odules/[4m.pnpm[24m
/drizzle-orm@0.44.7_@
electri_5c2928a099a75
2b7e299aaadb8975aea/n
ode_modules/[4msrc[
24m/libsql/session.ts
:286:21)
        at LibSQLPrep
aredQuery.all (file:/
//D:/UIT_COURSES/SE10
0/DailyDesk/node_modu
les/[4m.pnpm[24m/dr
izzle-orm@0.44.7_@ele
ctri_5c2928a099a752b7
e299aaadb8975aea/node
_modules/[4msrc[24m
/libsql/session.ts:21
4:27)
        at 
SQLiteSelectBase.all 
(file:///D:/UIT_COURS
ES/SE100/DailyDesk/no
de_modules/[4m.pnpm
[24m/drizzle-orm@0.44
.7_@electri_5c2928a09
9a752b7e299aaadb8975a
ea/node_modules/[4ms
rc[24m/sqlite-core/q
uery-builders/select.
ts:950:26)
        at SQLiteSele
ctBase.execute (file:
///D:/UIT_COURSES/SE1
00/DailyDesk/node_mod
ules/[4m.pnpm[24m/d
rizzle-orm@0.44.7_@el
ectri_5c2928a099a752b
7e299aaadb8975aea/nod
e_modules/[4msrc[24
m/sqlite-core/query-b
uilders/select.ts:962
:15) {
      code: [32m'SQL
ITE_ERROR'[39m,
      rawCode: 
[33m1[39m
    }
  }
}
Error in updateCard 
route: 
DrizzleQueryError: 
Failed query: select 
"id", "name", 
"description", 
"order", 
"cover_url", 
"cover_public_id", 
"cover_color", 
"cover_mode", 
"list_id", 
"start_date", 
"deadline", 
"due_at", 
"due_complete", 
"reminder_minutes", 
"recurrence", 
"recurrence_day", "re
currence_weekday", 
"repeat_frequency", 
"repeat_interval", 
"latitude", 
"longitude", 
"completed", 
"is_template", 
"created_at", 
"updated_at" from 
"cards" where 
"cards"."id" = ? 
limit ?
params: 019bd127-dabc
-7e83-9c01-15084075b5
c0,1
    at LibSQLPrepared
Query.queryWithCache 
(file:///D:/UIT_COURS
ES/SE100/DailyDesk/no
de_modules/[4m.pnpm
[24m/drizzle-orm@0.44
.7_@electri_5c2928a09
9a752b7e299aaadb8975a
ea/node_modules/[4ms
rc[24m/sqlite-core/s
ession.ts:80:11)
[90m    at processTi
cksAndRejections (nod
e:internal/process/ta
sk_queues:105:5)[39m
    at LibSQLPrepared
Query.values (file://
/D:/UIT_COURSES/SE100
/DailyDesk/node_modul
es/[4m.pnpm[24m/dri
zzle-orm@0.44.7_@elec
tri_5c2928a099a752b7e
299aaadb8975aea/node_
modules/[4msrc[24m/
libsql/session.ts:286
:10)
    at LibSQLPrepared
Query.all (file:///D:
/UIT_COURSES/SE100/Da
ilyDesk/node_modules/
[4m.pnpm[24m/drizzl
e-orm@0.44.7_@electri
_5c2928a099a752b7e299
aaadb8975aea/node_mod
ules/[4msrc[24m/lib
sql/session.ts:214:16
)
    at 
Module.updateCard [9
0m(D:\UIT_COURSES\SE1
00\DailyDesk\backend\
[39msrc\services\car
ds.service.ts:566:24
[90m)[39m
    at [90mD:\UIT_CO
URSES\SE100\DailyDesk
\backend\[39msrc\rou
tes\cards.ts:244:25
    at dispatch (file
:///D:/UIT_COURSES/SE
100/DailyDesk/node_mo
dules/[4m.pnpm[24m/
hono@4.11.3/node_modu
les/[4mhono[24m/dis
t/compose.js:22:17)
    at file:///D:/UIT
_COURSES/SE100/DailyD
esk/node_modules/[4m
.pnpm[24m/hono@4.11.
3/node_modules/[4mho
no[24m/dist/validato
r/validator.js:81:12
    at mw (file:///D:
/UIT_COURSES/SE100/Da
ilyDesk/node_modules/
[4m.pnpm[24m/@hono+
zod-openapi@1.2.0_hon
o@4.11.3_zod@4.3.5/no
de_modules/[4m@hono
[24m/zod-openapi/src/
index.ts:546:26)
    at dispatch (file
:///D:/UIT_COURSES/SE
100/DailyDesk/node_mo
dules/[4m.pnpm[24m/
hono@4.11.3/node_modu
les/[4mhono[24m/dis
t/compose.js:22:17) {
  query: 
[32m'select "id", 
"name", 
"description", 
"order", 
"cover_url", 
"cover_public_id", 
"cover_color", 
"cover_mode", 
"list_id", 
"start_date", 
"deadline", 
"due_at", 
"due_complete", 
"reminder_minutes", 
"recurrence", 
"recurrence_day", "re
currence_weekday", 
"repeat_frequency", 
"repeat_interval", 
"latitude", 
"longitude", 
"completed", 
"is_template", 
"created_at", 
"updated_at" from 
"cards" where 
"cards"."id" = ? 
limit ?'[39m,
  params: [ [32m'019
bd127-dabc-7e83-9c01-
15084075b5c0'[39m, 
[33m1[39m ],
  cause: 
LibsqlError: 
SQLITE_ERROR: no 
such column: 
is_template
      at 
mapSqliteError (file:
///D:/UIT_COURSES/SE1
00/DailyDesk/node_mod
ules/[4m.pnpm[24m/@
libsql+client@0.15.15
/node_modules/[4m@li
bsql[24m/client/lib-
esm/sqlite3.js:392:16
)
      at executeStmt 
(file:///D:/UIT_COURS
ES/SE100/DailyDesk/no
de_modules/[4m.pnpm
[24m/@libsql+client@0
.15.15/node_modules/
[4m@libsql[24m/clien
t/lib-esm/sqlite3.js:
297:15)
      at Sqlite3Clien
t.execute (file:///D:
/UIT_COURSES/SE100/Da
ilyDesk/node_modules/
[4m.pnpm[24m/@libsq
l+client@0.15.15/node
_modules/[4m@libsql
[24m/client/lib-esm/s
qlite3.js:81:16)
  [90m    ... 5 
lines matching cause 
stack trace ...[39m
      at SQLiteSelect
Base.execute (file://
/D:/UIT_COURSES/SE100
/DailyDesk/node_modul
es/[4m.pnpm[24m/dri
zzle-orm@0.44.7_@elec
tri_5c2928a099a752b7e
299aaadb8975aea/node_
modules/[4msrc[24m/
sqlite-core/query-bui
lders/select.ts:962:1
5)
      at SQLiteSelect
Base.then (file:///D:
/UIT_COURSES/SE100/Da
ilyDesk/node_modules/
[4m.pnpm[24m/drizzl
e-orm@0.44.7_@electri
_5c2928a099a752b7e299
aaadb8975aea/node_mod
ules/[4msrc[24m/que
ry-promise.ts:31:15) 
{
    code: [32m'SQLIT
E_ERROR'[39m,
    rawCode: 
[33m1[39m,
    [cause]: 
SqliteError: no such 
column: is_template
        at 
convertError (D:\UIT_
COURSES\SE100\DailyDe
sk\node_modules\[4m.
pnpm[24m\libsql@0.5.
22\node_modules\[4ml
ibsql[24m\index.js:5
9:12)
        at 
Database.prepare (D:\
UIT_COURSES\SE100\Dai
lyDesk\node_modules\
[4m.pnpm[24m\libsql@
0.5.22\node_modules\
[4mlibsql[24m\index.
js:131:13)
        at 
executeStmt (file:///
D:/UIT_COURSES/SE100/
DailyDesk/node_module
s/[4m.pnpm[24m/@lib
sql+client@0.15.15/no
de_modules/[4m@libsq
l[24m/client/lib-esm
/sqlite3.js:268:28)
        at Sqlite3Cli
ent.execute (file:///
D:/UIT_COURSES/SE100/
DailyDesk/node_module
s/[4m.pnpm[24m/@lib
sql+client@0.15.15/no
de_modules/[4m@libsq
l[24m/client/lib-esm
/sqlite3.js:81:16)
        at file:///D:
/UIT_COURSES/SE100/Da
ilyDesk/node_modules/
[4m.pnpm[24m/drizzl
e-orm@0.44.7_@electri
_5c2928a099a752b7e299
aaadb8975aea/node_mod
ules/[4msrc[24m/lib
sql/session.ts:288:58
        at LibSQLPrep
aredQuery.queryWithCa
che (file:///D:/UIT_C
OURSES/SE100/DailyDes
k/node_modules/[4m.p
npm[24m/drizzle-orm@
0.44.7_@electri_5c292
8a099a752b7e299aaadb8
975aea/node_modules/
[4msrc[24m/sqlite-co
re/session.ts:78:18)
        at LibSQLPrep
aredQuery.values (fil
e:///D:/UIT_COURSES/S
E100/DailyDesk/node_m
odules/[4m.pnpm[24m
/drizzle-orm@0.44.7_@
electri_5c2928a099a75
2b7e299aaadb8975aea/n
ode_modules/[4msrc[
24m/libsql/session.ts
:286:21)
        at LibSQLPrep
aredQuery.all (file:/
//D:/UIT_COURSES/SE10
0/DailyDesk/node_modu
les/[4m.pnpm[24m/dr
izzle-orm@0.44.7_@ele
ctri_5c2928a099a752b7
e299aaadb8975aea/node
_modules/[4msrc[24m
/libsql/session.ts:21
4:27)
        at 
SQLiteSelectBase.all 
(file:///D:/UIT_COURS
ES/SE100/DailyDesk/no
de_modules/[4m.pnpm
[24m/drizzle-orm@0.44
.7_@electri_5c2928a09
9a752b7e299aaadb8975a
ea/node_modules/[4ms
rc[24m/sqlite-core/q
uery-builders/select.
ts:950:26)
        at SQLiteSele
ctBase.execute (file:
///D:/UIT_COURSES/SE1
00/DailyDesk/node_mod
ules/[4m.pnpm[24m/d
rizzle-orm@0.44.7_@el
ectri_5c2928a099a752b
7e299aaadb8975aea/nod
e_modules/[4msrc[24
m/sqlite-core/query-b
uilders/select.ts:962
:15) {
      code: [32m'SQL
ITE_ERROR'[39m,
      rawCode: 
[33m1[39m
    }
  }
}
DrizzleQueryError: 
Failed query: select 
"id", "name", 
"description", 
"order", 
"cover_url", 
"cover_public_id", 
"cover_color", 
"cover_mode", 
"list_id", 
"start_date", 
"deadline", 
"due_at", 
"due_complete", 
"reminder_minutes", 
"recurrence", 
"recurrence_day", "re
currence_weekday", 
"repeat_frequency", 
"repeat_interval", 
"latitude", 
"longitude", 
"completed", 
"is_template", 
"created_at", 
"updated_at" from 
"cards" where 
"cards"."id" = ? 
limit ?
params: 019bd127-dabc
-7e83-9c01-15084075b5
c0,1
    at LibSQLPrepared
Query.queryWithCache 
(file:///D:/UIT_COURS
ES/SE100/DailyDesk/no
de_modules/[4m.pnpm
[24m/drizzle-orm@0.44
.7_@electri_5c2928a09
9a752b7e299aaadb8975a
ea/node_modules/[4ms
rc[24m/sqlite-core/s
ession.ts:80:11)
[90m    at processTi
cksAndRejections (nod
e:internal/process/ta
sk_queues:105:5)[39m
    at LibSQLPrepared
Query.values (file://
/D:/UIT_COURSES/SE100
/DailyDesk/node_modul
es/[4m.pnpm[24m/dri
zzle-orm@0.44.7_@elec
tri_5c2928a099a752b7e
299aaadb8975aea/node_
modules/[4msrc[24m/
libsql/session.ts:286
:10)
    at LibSQLPrepared
Query.all (file:///D:
/UIT_COURSES/SE100/Da
ilyDesk/node_modules/
[4m.pnpm[24m/drizzl
e-orm@0.44.7_@electri
_5c2928a099a752b7e299
aaadb8975aea/node_mod
ules/[4msrc[24m/lib
sql/session.ts:214:16
)
    at 
Module.updateCard [9
0m(D:\UIT_COURSES\SE1
00\DailyDesk\backend\
[39msrc\services\car
ds.service.ts:566:24
[90m)[39m
    at [90mD:\UIT_CO
URSES\SE100\DailyDesk
\backend\[39msrc\rou
tes\cards.ts:244:25
    at dispatch (file
:///D:/UIT_COURSES/SE
100/DailyDesk/node_mo
dules/[4m.pnpm[24m/
hono@4.11.3/node_modu
les/[4mhono[24m/dis
t/compose.js:22:17)
    at file:///D:/UIT
_COURSES/SE100/DailyD
esk/node_modules/[4m
.pnpm[24m/hono@4.11.
3/node_modules/[4mho
no[24m/dist/validato
r/validator.js:81:12
    at mw (file:///D:
/UIT_COURSES/SE100/Da
ilyDesk/node_modules/
[4m.pnpm[24m/@hono+
zod-openapi@1.2.0_hon
o@4.11.3_zod@4.3.5/no
de_modules/[4m@hono
[24m/zod-openapi/src/
index.ts:546:26)
    at dispatch (file
:///D:/UIT_COURSES/SE
100/DailyDesk/node_mo
dules/[4m.pnpm[24m/
hono@4.11.3/node_modu
les/[4mhono[24m/dis
t/compose.js:22:17) {
  query: 
[32m'select "id", 
"name", 
"description", 
"order", 
"cover_url", 
"cover_public_id", 
"cover_color", 
"cover_mode", 
"list_id", 
"start_date", 
"deadline", 
"due_at", 
"due_complete", 
"reminder_minutes", 
"recurrence", 
"recurrence_day", "re
currence_weekday", 
"repeat_frequency", 
"repeat_interval", 
"latitude", 
"longitude", 
"completed", 
"is_template", 
"created_at", 
"updated_at" from 
"cards" where 
"cards"."id" = ? 
limit ?'[39m,
  params: [ [32m'019
bd127-dabc-7e83-9c01-
15084075b5c0'[39m, 
[33m1[39m ],
  cause: 
LibsqlError: 
SQLITE_ERROR: no 
such column: 
is_template
      at 
mapSqliteError (file:
///D:/UIT_COURSES/SE1
00/DailyDesk/node_mod
ules/[4m.pnpm[24m/@
libsql+client@0.15.15
/node_modules/[4m@li
bsql[24m/client/lib-
esm/sqlite3.js:392:16
)
      at executeStmt 
(file:///D:/UIT_COURS
ES/SE100/DailyDesk/no
de_modules/[4m.pnpm
[24m/@libsql+client@0
.15.15/node_modules/
[4m@libsql[24m/clien
t/lib-esm/sqlite3.js:
297:15)
      at Sqlite3Clien
t.execute (file:///D:
/UIT_COURSES/SE100/Da
ilyDesk/node_modules/
[4m.pnpm[24m/@libsq
l+client@0.15.15/node
_modules/[4m@libsql
[24m/client/lib-esm/s
qlite3.js:81:16)
  [90m    ... 5 
lines matching cause 
stack trace ...[39m
      at SQLiteSelect
Base.execute (file://
/D:/UIT_COURSES/SE100
/DailyDesk/node_modul
es/[4m.pnpm[24m/dri
zzle-orm@0.44.7_@elec
tri_5c2928a099a752b7e
299aaadb8975aea/node_
modules/[4msrc[24m/
sqlite-core/query-bui
lders/select.ts:962:1
5)
      at SQLiteSelect
Base.then (file:///D:
/UIT_COURSES/SE100/Da
ilyDesk/node_modules/
[4m.pnpm[24m/drizzl
e-orm@0.44.7_@electri
_5c2928a099a752b7e299
aaadb8975aea/node_mod
ules/[4msrc[24m/que
ry-promise.ts:31:15) 
{
    code: [32m'SQLIT
E_ERROR'[39m,
    rawCode: 
[33m1[39m,
    [cause]: 
SqliteError: no such 
column: is_template
        at 
convertError (D:\UIT_
COURSES\SE100\DailyDe
sk\node_modules\[4m.
pnpm[24m\libsql@0.5.
22\node_modules\[4ml
ibsql[24m\index.js:5
9:12)
        at 
Database.prepare (D:\
UIT_COURSES\SE100\Dai
lyDesk\node_modules\
[4m.pnpm[24m\libsql@
0.5.22\node_modules\
[4mlibsql[24m\index.
js:131:13)
        at 
executeStmt (file:///
D:/UIT_COURSES/SE100/
DailyDesk/node_module
s/[4m.pnpm[24m/@lib
sql+client@0.15.15/no
de_modules/[4m@libsq
l[24m/client/lib-esm
/sqlite3.js:268:28)
        at Sqlite3Cli
ent.execute (file:///
D:/UIT_COURSES/SE100/
DailyDesk/node_module
s/[4m.pnpm[24m/@lib
sql+client@0.15.15/no
de_modules/[4m@libsq
l[24m/client/lib-esm
/sqlite3.js:81:16)
        at file:///D:
/UIT_COURSES/SE100/Da
ilyDesk/node_modules/
[4m.pnpm[24m/drizzl
e-orm@0.44.7_@electri
_5c2928a099a752b7e299
aaadb8975aea/node_mod
ules/[4msrc[24m/lib
sql/session.ts:288:58
        at LibSQLPrep
aredQuery.queryWithCa
che (file:///D:/UIT_C
OURSES/SE100/DailyDes
k/node_modules/[4m.p
npm[24m/drizzle-orm@
0.44.7_@electri_5c292
8a099a752b7e299aaadb8
975aea/node_modules/
[4msrc[24m/sqlite-co
re/session.ts:78:18)
        at LibSQLPrep
aredQuery.values (fil
e:///D:/UIT_COURSES/S
E100/DailyDesk/node_m
odules/[4m.pnpm[24m
/drizzle-orm@0.44.7_@
electri_5c2928a099a75
2b7e299aaadb8975aea/n
ode_modules/[4msrc[
24m/libsql/session.ts
:286:21)
        at LibSQLPrep
aredQuery.all (file:/
//D:/UIT_COURSES/SE10
0/DailyDesk/node_modu
les/[4m.pnpm[24m/dr
izzle-orm@0.44.7_@ele
ctri_5c2928a099a752b7
e299aaadb8975aea/node
_modules/[4msrc[24m
/libsql/session.ts:21
4:27)
        at 
SQLiteSelectBase.all 
(file:///D:/UIT_COURS
ES/SE100/DailyDesk/no
de_modules/[4m.pnpm
[24m/drizzle-orm@0.44
.7_@electri_5c2928a09
9a752b7e299aaadb8975a
ea/node_modules/[4ms
rc[24m/sqlite-core/q
uery-builders/select.
ts:950:26)
        at SQLiteSele
ctBase.execute (file:
///D:/UIT_COURSES/SE1
00/DailyDesk/node_mod
ules/[4m.pnpm[24m/d
rizzle-orm@0.44.7_@el
ectri_5c2928a099a752b
7e299aaadb8975aea/nod
e_modules/[4msrc[24
m/sqlite-core/query-b
uilders/select.ts:962
:15) {
      code: [32m'SQL
ITE_ERROR'[39m,
      rawCode: 
[33m1[39m
    }
  }
}

[90mstderr[2m | tes
ts/cards/cards.test.t
s[2m > 
[22m[2mCards API 
Integration 
Tests[2m > 
[22m[2mPUT /boards/
:boardId/cards/:id[2
m > [22m[2mshould 
update card order
[22m[39mDrizzleQuer
yError: Failed 
query: select "id", 
"name", 
"description", 
"order", 
"cover_url", 
"cover_public_id", 
"cover_color", 
"cover_mode", 
"list_id", 
"start_date", 
"deadline", 
"due_at", 
"due_complete", 
"reminder_minutes", 
"recurrence", 
"recurrence_day", "re
currence_weekday", 
"repeat_frequency", 
"repeat_interval", 
"latitude", 
"longitude", 
"completed", 
"is_template", 
"created_at", 
"updated_at" from 
"cards" where 
"cards"."list_id" = ?
params: 019bd127-dad5
-7b45-b54d-fe7320616f
f4
    at LibSQLPrepared
Query.queryWithCache 
(file:///D:/UIT_COURS
ES/SE100/DailyDesk/no
de_modules/[4m.pnpm
[24m/drizzle-orm@0.44
.7_@electri_5c2928a09
9a752b7e299aaadb8975a
ea/node_modules/[4ms
rc[24m/sqlite-core/s
ession.ts:80:11)
[90m    at processTi
cksAndRejections (nod
e:internal/process/ta
sk_queues:105:5)[39m
    at LibSQLPrepared
Query.values (file://
/D:/UIT_COURSES/SE100
/DailyDesk/node_modul
es/[4m.pnpm[24m/dri
zzle-orm@0.44.7_@elec
tri_5c2928a099a752b7e
299aaadb8975aea/node_
modules/[4msrc[24m/
libsql/session.ts:286
:10)
    at LibSQLPrepared
Query.all (file:///D:
/UIT_COURSES/SE100/Da
ilyDesk/node_modules/
[4m.pnpm[24m/drizzl
e-orm@0.44.7_@electri
_5c2928a099a752b7e299
aaadb8975aea/node_mod
ules/[4msrc[24m/lib
sql/session.ts:214:16
)
    at 
Module.createCard [9
0m(D:\UIT_COURSES\SE1
00\DailyDesk\backend\
[39msrc\services\car
ds.service.ts:319:23
[90m)[39m
    at [90mD:\UIT_CO
URSES\SE100\DailyDesk
\backend\[39msrc\rou
tes\cards.ts:152:22
    at dispatch (file
:///D:/UIT_COURSES/SE
100/DailyDesk/node_mo
dules/[4m.pnpm[24m/
hono@4.11.3/node_modu
les/[4mhono[24m/dis
t/compose.js:22:17)
    at file:///D:/UIT
_COURSES/SE100/DailyD
esk/node_modules/[4m
.pnpm[24m/hono@4.11.
3/node_modules/[4mho
no[24m/dist/validato
r/validator.js:81:12
    at mw (file:///D:
/UIT_COURSES/SE100/Da
ilyDesk/node_modules/
[4m.pnpm[24m/@hono+
zod-openapi@1.2.0_hon
o@4.11.3_zod@4.3.5/no
de_modules/[4m@hono
[24m/zod-openapi/src/
index.ts:546:26)
    at dispatch (file
:///D:/UIT_COURSES/SE
100/DailyDesk/node_mo
dules/[4m.pnpm[24m/
hono@4.11.3/node_modu
les/[4mhono[24m/dis
t/compose.js:22:17) {
  query: 
[32m'select "id", 
"name", 
"description", 
"order", 
"cover_url", 
"cover_public_id", 
"cover_color", 
"cover_mode", 
"list_id", 
"start_date", 
"deadline", 
"due_at", 
"due_complete", 
"reminder_minutes", 
"recurrence", 
"recurrence_day", "re
currence_weekday", 
"repeat_frequency", 
"repeat_interval", 
"latitude", 
"longitude", 
"completed", 
"is_template", 
"created_at", 
"updated_at" from 
"cards" where 
"cards"."list_id" = 
?'[39m,
  params: [ [32m'019
bd127-dad5-7b45-b54d-
fe7320616ff4'[39m ],
  cause: 
LibsqlError: 
SQLITE_ERROR: no 
such column: 
is_template
      at 
mapSqliteError (file:
///D:/UIT_COURSES/SE1
00/DailyDesk/node_mod
ules/[4m.pnpm[24m/@
libsql+client@0.15.15
/node_modules/[4m@li
bsql[24m/client/lib-
esm/sqlite3.js:392:16
)
      at executeStmt 
(file:///D:/UIT_COURS
ES/SE100/DailyDesk/no
de_modules/[4m.pnpm
[24m/@libsql+client@0
.15.15/node_modules/
[4m@libsql[24m/clien
t/lib-esm/sqlite3.js:
297:15)
      at Sqlite3Clien
t.execute (file:///D:
/UIT_COURSES/SE100/Da
ilyDesk/node_modules/
[4m.pnpm[24m/@libsq
l+client@0.15.15/node
_modules/[4m@libsql
[24m/client/lib-esm/s
qlite3.js:81:16)
  [90m    ... 5 
lines matching cause 
stack trace ...[39m
      at SQLiteSelect
Base.execute (file://
/D:/UIT_COURSES/SE100
/DailyDesk/node_modul
es/[4m.pnpm[24m/dri
zzle-orm@0.44.7_@elec
tri_5c2928a099a752b7e
299aaadb8975aea/node_
modules/[4msrc[24m/
sqlite-core/query-bui
lders/select.ts:962:1
5)
      at SQLiteSelect
Base.then (file:///D:
/UIT_COURSES/SE100/Da
ilyDesk/node_modules/
[4m.pnpm[24m/drizzl
e-orm@0.44.7_@electri
_5c2928a099a752b7e299
aaadb8975aea/node_mod
ules/[4msrc[24m/que
ry-promise.ts:31:15) 
{
    code: [32m'SQLIT
E_ERROR'[39m,
    rawCode: 
[33m1[39m,
    [cause]: 
SqliteError: no such 
column: is_template
        at 
convertError (D:\UIT_
COURSES\SE100\DailyDe
sk\node_modules\[4m.
pnpm[24m\libsql@0.5.
22\node_modules\[4ml
ibsql[24m\index.js:5
9:12)
        at 
Database.prepare (D:\
UIT_COURSES\SE100\Dai
lyDesk\node_modules\
[4m.pnpm[24m\libsql@
0.5.22\node_modules\
[4mlibsql[24m\index.
js:131:13)
        at 
executeStmt (file:///
D:/UIT_COURSES/SE100/
DailyDesk/node_module
s/[4m.pnpm[24m/@lib
sql+client@0.15.15/no
de_modules/[4m@libsq
l[24m/client/lib-esm
/sqlite3.js:268:28)
        at Sqlite3Cli
ent.execute (file:///
D:/UIT_COURSES/SE100/
DailyDesk/node_module
s/[4m.pnpm[24m/@lib
sql+client@0.15.15/no
de_modules/[4m@libsq
l[24m/client/lib-esm
/sqlite3.js:81:16)
        at file:///D:
/UIT_COURSES/SE100/Da
ilyDesk/node_modules/
[4m.pnpm[24m/drizzl
e-orm@0.44.7_@electri
_5c2928a099a752b7e299
aaadb8975aea/node_mod
ules/[4msrc[24m/lib
sql/session.ts:288:58
        at LibSQLPrep
aredQuery.queryWithCa
che (file:///D:/UIT_C
OURSES/SE100/DailyDes
k/node_modules/[4m.p
npm[24m/drizzle-orm@
0.44.7_@electri_5c292
8a099a752b7e299aaadb8
975aea/node_modules/
[4msrc[24m/sqlite-co
re/session.ts:78:18)
        at LibSQLPrep
aredQuery.values (fil
e:///D:/UIT_COURSES/S
E100/DailyDesk/node_m
odules/[4m.pnpm[24m
/drizzle-orm@0.44.7_@
electri_5c2928a099a75
2b7e299aaadb8975aea/n
ode_modules/[4msrc[
24m/libsql/session.ts
:286:21)
        at LibSQLPrep
aredQuery.all (file:/
//D:/UIT_COURSES/SE10
0/DailyDesk/node_modu
les/[4m.pnpm[24m/dr
izzle-orm@0.44.7_@ele
ctri_5c2928a099a752b7
e299aaadb8975aea/node
_modules/[4msrc[24m
/libsql/session.ts:21
4:27)
        at 
SQLiteSelectBase.all 
(file:///D:/UIT_COURS
ES/SE100/DailyDesk/no
de_modules/[4m.pnpm
[24m/drizzle-orm@0.44
.7_@electri_5c2928a09
9a752b7e299aaadb8975a
ea/node_modules/[4ms
rc[24m/sqlite-core/q
uery-builders/select.
ts:950:26)
        at SQLiteSele
ctBase.execute (file:
///D:/UIT_COURSES/SE1
00/DailyDesk/node_mod
ules/[4m.pnpm[24m/d
rizzle-orm@0.44.7_@el
ectri_5c2928a099a752b
7e299aaadb8975aea/nod
e_modules/[4msrc[24
m/sqlite-core/query-b
uilders/select.ts:962
:15) {
      code: [32m'SQL
ITE_ERROR'[39m,
      rawCode: 
[33m1[39m
    }
  }
}
DrizzleQueryError: 
Failed query: select 
"id", "name", 
"description", 
"order", 
"cover_url", 
"cover_public_id", 
"cover_color", 
"cover_mode", 
"list_id", 
"start_date", 
"deadline", 
"due_at", 
"due_complete", 
"reminder_minutes", 
"recurrence", 
"recurrence_day", "re
currence_weekday", 
"repeat_frequency", 
"repeat_interval", 
"latitude", 
"longitude", 
"completed", 
"is_template", 
"created_at", 
"updated_at" from 
"cards" where 
"cards"."list_id" = ?
params: 019bd127-dad5
-7b45-b54d-fe7320616f
f4
    at LibSQLPrepared
Query.queryWithCache 
(file:///D:/UIT_COURS
ES/SE100/DailyDesk/no
de_modules/[4m.pnpm
[24m/drizzle-orm@0.44
.7_@electri_5c2928a09
9a752b7e299aaadb8975a
ea/node_modules/[4ms
rc[24m/sqlite-core/s
ession.ts:80:11)
[90m    at processTi
cksAndRejections (nod
e:internal/process/ta
sk_queues:105:5)[39m
    at LibSQLPrepared
Query.values (file://
/D:/UIT_COURSES/SE100
/DailyDesk/node_modul
es/[4m.pnpm[24m/dri
zzle-orm@0.44.7_@elec
tri_5c2928a099a752b7e
299aaadb8975aea/node_
modules/[4msrc[24m/
libsql/session.ts:286
:10)
    at LibSQLPrepared
Query.all (file:///D:
/UIT_COURSES/SE100/Da
ilyDesk/node_modules/
[4m.pnpm[24m/drizzl
e-orm@0.44.7_@electri
_5c2928a099a752b7e299
aaadb8975aea/node_mod
ules/[4msrc[24m/lib
sql/session.ts:214:16
)
    at 
Module.createCard [9
0m(D:\UIT_COURSES\SE1
00\DailyDesk\backend\
[39msrc\services\car
ds.service.ts:319:23
[90m)[39m
    at [90mD:\UIT_CO
URSES\SE100\DailyDesk
\backend\[39msrc\rou
tes\cards.ts:152:22
    at dispatch (file
:///D:/UIT_COURSES/SE
100/DailyDesk/node_mo
dules/[4m.pnpm[24m/
hono@4.11.3/node_modu
les/[4mhono[24m/dis
t/compose.js:22:17)
    at file:///D:/UIT
_COURSES/SE100/DailyD
esk/node_modules/[4m
.pnpm[24m/hono@4.11.
3/node_modules/[4mho
no[24m/dist/validato
r/validator.js:81:12
    at mw (file:///D:
/UIT_COURSES/SE100/Da
ilyDesk/node_modules/
[4m.pnpm[24m/@hono+
zod-openapi@1.2.0_hon
o@4.11.3_zod@4.3.5/no
de_modules/[4m@hono
[24m/zod-openapi/src/
index.ts:546:26)
    at dispatch (file
:///D:/UIT_COURSES/SE
100/DailyDesk/node_mo
dules/[4m.pnpm[24m/
hono@4.11.3/node_modu
les/[4mhono[24m/dis
t/compose.js:22:17) {
  query: 
[32m'select "id", 
"name", 
"description", 
"order", 
"cover_url", 
"cover_public_id", 
"cover_color", 
"cover_mode", 
"list_id", 
"start_date", 
"deadline", 
"due_at", 
"due_complete", 
"reminder_minutes", 
"recurrence", 
"recurrence_day", "re
currence_weekday", 
"repeat_frequency", 
"repeat_interval", 
"latitude", 
"longitude", 
"completed", 
"is_template", 
"created_at", 
"updated_at" from 
"cards" where 
"cards"."list_id" = 
?'[39m,
  params: [ [32m'019
bd127-dad5-7b45-b54d-
fe7320616ff4'[39m ],
  cause: 
LibsqlError: 
SQLITE_ERROR: no 
such column: 
is_template
      at 
mapSqliteError (file:
///D:/UIT_COURSES/SE1
00/DailyDesk/node_mod
ules/[4m.pnpm[24m/@
libsql+client@0.15.15
/node_modules/[4m@li
bsql[24m/client/lib-
esm/sqlite3.js:392:16
)
      at executeStmt 
(file:///D:/UIT_COURS
ES/SE100/DailyDesk/no
de_modules/[4m.pnpm
[24m/@libsql+client@0
.15.15/node_modules/
[4m@libsql[24m/clien
t/lib-esm/sqlite3.js:
297:15)
      at Sqlite3Clien
t.execute (file:///D:
/UIT_COURSES/SE100/Da
ilyDesk/node_modules/
[4m.pnpm[24m/@libsq
l+client@0.15.15/node
_modules/[4m@libsql
[24m/client/lib-esm/s
qlite3.js:81:16)
  [90m    ... 5 
lines matching cause 
stack trace ...[39m
      at SQLiteSelect
Base.execute (file://
/D:/UIT_COURSES/SE100
/DailyDesk/node_modul
es/[4m.pnpm[24m/dri
zzle-orm@0.44.7_@elec
tri_5c2928a099a752b7e
299aaadb8975aea/node_
modules/[4msrc[24m/
sqlite-core/query-bui
lders/select.ts:962:1
5)
      at SQLiteSelect
Base.then (file:///D:
/UIT_COURSES/SE100/Da
ilyDesk/node_modules/
[4m.pnpm[24m/drizzl
e-orm@0.44.7_@electri
_5c2928a099a752b7e299
aaadb8975aea/node_mod
ules/[4msrc[24m/que
ry-promise.ts:31:15) 
{
    code: [32m'SQLIT
E_ERROR'[39m,
    rawCode: 
[33m1[39m,
    [cause]: 
SqliteError: no such 
column: is_template
        at 
convertError (D:\UIT_
COURSES\SE100\DailyDe
sk\node_modules\[4m.
pnpm[24m\libsql@0.5.
22\node_modules\[4ml
ibsql[24m\index.js:5
9:12)
        at 
Database.prepare (D:\
UIT_COURSES\SE100\Dai
lyDesk\node_modules\
[4m.pnpm[24m\libsql@
0.5.22\node_modules\
[4mlibsql[24m\index.
js:131:13)
        at 
executeStmt (file:///
D:/UIT_COURSES/SE100/
DailyDesk/node_module
s/[4m.pnpm[24m/@lib
sql+client@0.15.15/no
de_modules/[4m@libsq
l[24m/client/lib-esm
/sqlite3.js:268:28)
        at Sqlite3Cli
ent.execute (file:///
D:/UIT_COURSES/SE100/
DailyDesk/node_module
s/[4m.pnpm[24m/@lib
sql+client@0.15.15/no
de_modules/[4m@libsq
l[24m/client/lib-esm
/sqlite3.js:81:16)
        at file:///D:
/UIT_COURSES/SE100/Da
ilyDesk/node_modules/
[4m.pnpm[24m/drizzl
e-orm@0.44.7_@electri
_5c2928a099a752b7e299
aaadb8975aea/node_mod
ules/[4msrc[24m/lib
sql/session.ts:288:58
        at LibSQLPrep
aredQuery.queryWithCa
che (file:///D:/UIT_C
OURSES/SE100/DailyDes
k/node_modules/[4m.p
npm[24m/drizzle-orm@
0.44.7_@electri_5c292
8a099a752b7e299aaadb8
975aea/node_modules/
[4msrc[24m/sqlite-co
re/session.ts:78:18)
        at LibSQLPrep
aredQuery.values (fil
e:///D:/UIT_COURSES/S
E100/DailyDesk/node_m
odules/[4m.pnpm[24m
/drizzle-orm@0.44.7_@
electri_5c2928a099a75
2b7e299aaadb8975aea/n
ode_modules/[4msrc[
24m/libsql/session.ts
:286:21)
        at LibSQLPrep
aredQuery.all (file:/
//D:/UIT_COURSES/SE10
0/DailyDesk/node_modu
les/[4m.pnpm[24m/dr
izzle-orm@0.44.7_@ele
ctri_5c2928a099a752b7
e299aaadb8975aea/node
_modules/[4msrc[24m
/libsql/session.ts:21
4:27)
        at 
SQLiteSelectBase.all 
(file:///D:/UIT_COURS
ES/SE100/DailyDesk/no
de_modules/[4m.pnpm
[24m/drizzle-orm@0.44
.7_@electri_5c2928a09
9a752b7e299aaadb8975a
ea/node_modules/[4ms
rc[24m/sqlite-core/q
uery-builders/select.
ts:950:26)
        at SQLiteSele
ctBase.execute (file:
///D:/UIT_COURSES/SE1
00/DailyDesk/node_mod
ules/[4m.pnpm[24m/d
rizzle-orm@0.44.7_@el
ectri_5c2928a099a752b
7e299aaadb8975aea/nod
e_modules/[4msrc[24
m/sqlite-core/query-b
uilders/select.ts:962
:15) {
      code: [32m'SQL
ITE_ERROR'[39m,
      rawCode: 
[33m1[39m
    }
  }
}
DrizzleQueryError: 
Failed query: select 
"id", "name", 
"description", 
"order", 
"cover_url", 
"cover_public_id", 
"cover_color", 
"cover_mode", 
"list_id", 
"start_date", 
"deadline", 
"due_at", 
"due_complete", 
"reminder_minutes", 
"recurrence", 
"recurrence_day", "re
currence_weekday", 
"repeat_frequency", 
"repeat_interval", 
"latitude", 
"longitude", 
"completed", 
"is_template", 
"created_at", 
"updated_at" from 
"cards" where 
"cards"."list_id" = ?
params: 019bd127-dad5
-7b45-b54d-fe7320616f
f4
    at LibSQLPrepared
Query.queryWithCache 
(file:///D:/UIT_COURS
ES/SE100/DailyDesk/no
de_modules/[4m.pnpm
[24m/drizzle-orm@0.44
.7_@electri_5c2928a09
9a752b7e299aaadb8975a
ea/node_modules/[4ms
rc[24m/sqlite-core/s
ession.ts:80:11)
[90m    at processTi
cksAndRejections (nod
e:internal/process/ta
sk_queues:105:5)[39m
    at LibSQLPrepared
Query.values (file://
/D:/UIT_COURSES/SE100
/DailyDesk/node_modul
es/[4m.pnpm[24m/dri
zzle-orm@0.44.7_@elec
tri_5c2928a099a752b7e
299aaadb8975aea/node_
modules/[4msrc[24m/
libsql/session.ts:286
:10)
    at LibSQLPrepared
Query.all (file:///D:
/UIT_COURSES/SE100/Da
ilyDesk/node_modules/
[4m.pnpm[24m/drizzl
e-orm@0.44.7_@electri
_5c2928a099a752b7e299
aaadb8975aea/node_mod
ules/[4msrc[24m/lib
sql/session.ts:214:16
)
    at 
Module.createCard [9
0m(D:\UIT_COURSES\SE1
00\DailyDesk\backend\
[39msrc\services\car
ds.service.ts:319:23
[90m)[39m
    at [90mD:\UIT_CO
URSES\SE100\DailyDesk
\backend\[39msrc\rou
tes\cards.ts:152:22
    at dispatch (file
:///D:/UIT_COURSES/SE
100/DailyDesk/node_mo
dules/[4m.pnpm[24m/
hono@4.11.3/node_modu
les/[4mhono[24m/dis
t/compose.js:22:17)
    at file:///D:/UIT
_COURSES/SE100/DailyD
esk/node_modules/[4m
.pnpm[24m/hono@4.11.
3/node_modules/[4mho
no[24m/dist/validato
r/validator.js:81:12
    at mw (file:///D:
/UIT_COURSES/SE100/Da
ilyDesk/node_modules/
[4m.pnpm[24m/@hono+
zod-openapi@1.2.0_hon
o@4.11.3_zod@4.3.5/no
de_modules/[4m@hono
[24m/zod-openapi/src/
index.ts:546:26)
    at dispatch (file
:///D:/UIT_COURSES/SE
100/DailyDesk/node_mo
dules/[4m.pnpm[24m/
hono@4.11.3/node_modu
les/[4mhono[24m/dis
t/compose.js:22:17) {
  query: 
[32m'select "id", 
"name", 
"description", 
"order", 
"cover_url", 
"cover_public_id", 
"cover_color", 
"cover_mode", 
"list_id", 
"start_date", 
"deadline", 
"due_at", 
"due_complete", 
"reminder_minutes", 
"recurrence", 
"recurrence_day", "re
currence_weekday", 
"repeat_frequency", 
"repeat_interval", 
"latitude", 
"longitude", 
"completed", 
"is_template", 
"created_at", 
"updated_at" from 
"cards" where 
"cards"."list_id" = 
?'[39m,
  params: [ [32m'019
bd127-dad5-7b45-b54d-
fe7320616ff4'[39m ],
  cause: 
LibsqlError: 
SQLITE_ERROR: no 
such column: 
is_template
      at 
mapSqliteError (file:
///D:/UIT_COURSES/SE1
00/DailyDesk/node_mod
ules/[4m.pnpm[24m/@
libsql+client@0.15.15
/node_modules/[4m@li
bsql[24m/client/lib-
esm/sqlite3.js:392:16
)
      at executeStmt 
(file:///D:/UIT_COURS
ES/SE100/DailyDesk/no
de_modules/[4m.pnpm
[24m/@libsql+client@0
.15.15/node_modules/
[4m@libsql[24m/clien
t/lib-esm/sqlite3.js:
297:15)
      at Sqlite3Clien
t.execute (file:///D:
/UIT_COURSES/SE100/Da
ilyDesk/node_modules/
[4m.pnpm[24m/@libsq
l+client@0.15.15/node
_modules/[4m@libsql
[24m/client/lib-esm/s
qlite3.js:81:16)
  [90m    ... 5 
lines matching cause 
stack trace ...[39m
      at SQLiteSelect
Base.execute (file://
/D:/UIT_COURSES/SE100
/DailyDesk/node_modul
es/[4m.pnpm[24m/dri
zzle-orm@0.44.7_@elec
tri_5c2928a099a752b7e
299aaadb8975aea/node_
modules/[4msrc[24m/
sqlite-core/query-bui
lders/select.ts:962:1
5)
      at SQLiteSelect
Base.then (file:///D:
/UIT_COURSES/SE100/Da
ilyDesk/node_modules/
[4m.pnpm[24m/drizzl
e-orm@0.44.7_@electri
_5c2928a099a752b7e299
aaadb8975aea/node_mod
ules/[4msrc[24m/que
ry-promise.ts:31:15) 
{
    code: [32m'SQLIT
E_ERROR'[39m,
    rawCode: 
[33m1[39m,
    [cause]: 
SqliteError: no such 
column: is_template
        at 
convertError (D:\UIT_
COURSES\SE100\DailyDe
sk\node_modules\[4m.
pnpm[24m\libsql@0.5.
22\node_modules\[4ml
ibsql[24m\index.js:5
9:12)
        at 
Database.prepare (D:\
UIT_COURSES\SE100\Dai
lyDesk\node_modules\
[4m.pnpm[24m\libsql@
0.5.22\node_modules\
[4mlibsql[24m\index.
js:131:13)
        at 
executeStmt (file:///
D:/UIT_COURSES/SE100/
DailyDesk/node_module
s/[4m.pnpm[24m/@lib
sql+client@0.15.15/no
de_modules/[4m@libsq
l[24m/client/lib-esm
/sqlite3.js:268:28)
        at Sqlite3Cli
ent.execute (file:///
D:/UIT_COURSES/SE100/
DailyDesk/node_module
s/[4m.pnpm[24m/@lib
sql+client@0.15.15/no
de_modules/[4m@libsq
l[24m/client/lib-esm
/sqlite3.js:81:16)
        at file:///D:
/UIT_COURSES/SE100/Da
ilyDesk/node_modules/
[4m.pnpm[24m/drizzl
e-orm@0.44.7_@electri
_5c2928a099a752b7e299
aaadb8975aea/node_mod
ules/[4msrc[24m/lib
sql/session.ts:288:58
        at LibSQLPrep
aredQuery.queryWithCa
che (file:///D:/UIT_C
OURSES/SE100/DailyDes
k/node_modules/[4m.p
npm[24m/drizzle-orm@
0.44.7_@electri_5c292
8a099a752b7e299aaadb8
975aea/node_modules/
[4msrc[24m/sqlite-co
re/session.ts:78:18)
        at LibSQLPrep
aredQuery.values (fil
e:///D:/UIT_COURSES/S
E100/DailyDesk/node_m
odules/[4m.pnpm[24m
/drizzle-orm@0.44.7_@
electri_5c2928a099a75
2b7e299aaadb8975aea/n
ode_modules/[4msrc[
24m/libsql/session.ts
:286:21)
        at LibSQLPrep
aredQuery.all (file:/
//D:/UIT_COURSES/SE10
0/DailyDesk/node_modu
les/[4m.pnpm[24m/dr
izzle-orm@0.44.7_@ele
ctri_5c2928a099a752b7
e299aaadb8975aea/node
_modules/[4msrc[24m
/libsql/session.ts:21
4:27)
        at 
SQLiteSelectBase.all 
(file:///D:/UIT_COURS
ES/SE100/DailyDesk/no
de_modules/[4m.pnpm
[24m/drizzle-orm@0.44
.7_@electri_5c2928a09
9a752b7e299aaadb8975a
ea/node_modules/[4ms
rc[24m/sqlite-core/q
uery-builders/select.
ts:950:26)
        at SQLiteSele
ctBase.execute (file:
///D:/UIT_COURSES/SE1
00/DailyDesk/node_mod
ules/[4m.pnpm[24m/d
rizzle-orm@0.44.7_@el
ectri_5c2928a099a752b
7e299aaadb8975aea/nod
e_modules/[4msrc[24
m/sqlite-core/query-b
uilders/select.ts:962
:15) {
      code: [32m'SQL
ITE_ERROR'[39m,
      rawCode: 
[33m1[39m
    }
  }
}
Error in updateCard 
route: 
DrizzleQueryError: 
Failed query: select 
"id", "name", 
"description", 
"order", 
"cover_url", 
"cover_public_id", 
"cover_color", 
"cover_mode", 
"list_id", 
"start_date", 
"deadline", 
"due_at", 
"due_complete", 
"reminder_minutes", 
"recurrence", 
"recurrence_day", "re
currence_weekday", 
"repeat_frequency", 
"repeat_interval", 
"latitude", 
"longitude", 
"completed", 
"is_template", 
"created_at", 
"updated_at" from 
"cards" where 
"cards"."id" = ? 
limit ?
params: 019bd127-dad9
-75ab-b09b-b88fc880e1
3c,1
    at LibSQLPrepared
Query.queryWithCache 
(file:///D:/UIT_COURS
ES/SE100/DailyDesk/no
de_modules/[4m.pnpm
[24m/drizzle-orm@0.44
.7_@electri_5c2928a09
9a752b7e299aaadb8975a
ea/node_modules/[4ms
rc[24m/sqlite-core/s
ession.ts:80:11)
[90m    at processTi
cksAndRejections (nod
e:internal/process/ta
sk_queues:105:5)[39m
    at LibSQLPrepared
Query.values (file://
/D:/UIT_COURSES/SE100
/DailyDesk/node_modul
es/[4m.pnpm[24m/dri
zzle-orm@0.44.7_@elec
tri_5c2928a099a752b7e
299aaadb8975aea/node_
modules/[4msrc[24m/
libsql/session.ts:286
:10)
    at LibSQLPrepared
Query.all (file:///D:
/UIT_COURSES/SE100/Da
ilyDesk/node_modules/
[4m.pnpm[24m/drizzl
e-orm@0.44.7_@electri
_5c2928a099a752b7e299
aaadb8975aea/node_mod
ules/[4msrc[24m/lib
sql/session.ts:214:16
)
    at 
Module.updateCard [9
0m(D:\UIT_COURSES\SE1
00\DailyDesk\backend\
[39msrc\services\car
ds.service.ts:566:24
[90m)[39m
    at [90mD:\UIT_CO
URSES\SE100\DailyDesk
\backend\[39msrc\rou
tes\cards.ts:244:25
    at dispatch (file
:///D:/UIT_COURSES/SE
100/DailyDesk/node_mo
dules/[4m.pnpm[24m/
hono@4.11.3/node_modu
les/[4mhono[24m/dis
t/compose.js:22:17)
    at file:///D:/UIT
_COURSES/SE100/DailyD
esk/node_modules/[4m
.pnpm[24m/hono@4.11.
3/node_modules/[4mho
no[24m/dist/validato
r/validator.js:81:12
    at mw (file:///D:
/UIT_COURSES/SE100/Da
ilyDesk/node_modules/
[4m.pnpm[24m/@hono+
zod-openapi@1.2.0_hon
o@4.11.3_zod@4.3.5/no
de_modules/[4m@hono
[24m/zod-openapi/src/
index.ts:546:26)
    at dispatch (file
:///D:/UIT_COURSES/SE
100/DailyDesk/node_mo
dules/[4m.pnpm[24m/
hono@4.11.3/node_modu
les/[4mhono[24m/dis
t/compose.js:22:17) {
  query: 
[32m'select "id", 
"name", 
"description", 
"order", 
"cover_url", 
"cover_public_id", 
"cover_color", 
"cover_mode", 
"list_id", 
"start_date", 
"deadline", 
"due_at", 
"due_complete", 
"reminder_minutes", 
"recurrence", 
"recurrence_day", "re
currence_weekday", 
"repeat_frequency", 
"repeat_interval", 
"latitude", 
"longitude", 
"completed", 
"is_template", 
"created_at", 
"updated_at" from 
"cards" where 
"cards"."id" = ? 
limit ?'[39m,
  params: [ [32m'019
bd127-dad9-75ab-b09b-
b88fc880e13c'[39m, 
[33m1[39m ],
  cause: 
LibsqlError: 
SQLITE_ERROR: no 
such column: 
is_template
      at 
mapSqliteError (file:
///D:/UIT_COURSES/SE1
00/DailyDesk/node_mod
ules/[4m.pnpm[24m/@
libsql+client@0.15.15
/node_modules/[4m@li
bsql[24m/client/lib-
esm/sqlite3.js:392:16
)
      at executeStmt 
(file:///D:/UIT_COURS
ES/SE100/DailyDesk/no
de_modules/[4m.pnpm
[24m/@libsql+client@0
.15.15/node_modules/
[4m@libsql[24m/clien
t/lib-esm/sqlite3.js:
297:15)
      at Sqlite3Clien
t.execute (file:///D:
/UIT_COURSES/SE100/Da
ilyDesk/node_modules/
[4m.pnpm[24m/@libsq
l+client@0.15.15/node
_modules/[4m@libsql
[24m/client/lib-esm/s
qlite3.js:81:16)
  [90m    ... 5 
lines matching cause 
stack trace ...[39m
      at SQLiteSelect
Base.execute (file://
/D:/UIT_COURSES/SE100
/DailyDesk/node_modul
es/[4m.pnpm[24m/dri
zzle-orm@0.44.7_@elec
tri_5c2928a099a752b7e
299aaadb8975aea/node_
modules/[4msrc[24m/
sqlite-core/query-bui
lders/select.ts:962:1
5)
      at SQLiteSelect
Base.then (file:///D:
/UIT_COURSES/SE100/Da
ilyDesk/node_modules/
[4m.pnpm[24m/drizzl
e-orm@0.44.7_@electri
_5c2928a099a752b7e299
aaadb8975aea/node_mod
ules/[4msrc[24m/que
ry-promise.ts:31:15) 
{
    code: [32m'SQLIT
E_ERROR'[39m,
    rawCode: 
[33m1[39m,
    [cause]: 
SqliteError: no such 
column: is_template
        at 
convertError (D:\UIT_
COURSES\SE100\DailyDe
sk\node_modules\[4m.
pnpm[24m\libsql@0.5.
22\node_modules\[4ml
ibsql[24m\index.js:5
9:12)
        at 
Database.prepare (D:\
UIT_COURSES\SE100\Dai
lyDesk\node_modules\
[4m.pnpm[24m\libsql@
0.5.22\node_modules\
[4mlibsql[24m\index.
js:131:13)
        at 
executeStmt (file:///
D:/UIT_COURSES/SE100/
DailyDesk/node_module
s/[4m.pnpm[24m/@lib
sql+client@0.15.15/no
de_modules/[4m@libsq
l[24m/client/lib-esm
/sqlite3.js:268:28)
        at Sqlite3Cli
ent.execute (file:///
D:/UIT_COURSES/SE100/
DailyDesk/node_module
s/[4m.pnpm[24m/@lib
sql+client@0.15.15/no
de_modules/[4m@libsq
l[24m/client/lib-esm
/sqlite3.js:81:16)
        at file:///D:
/UIT_COURSES/SE100/Da
ilyDesk/node_modules/
[4m.pnpm[24m/drizzl
e-orm@0.44.7_@electri
_5c2928a099a752b7e299
aaadb8975aea/node_mod
ules/[4msrc[24m/lib
sql/session.ts:288:58
        at LibSQLPrep
aredQuery.queryWithCa
che (file:///D:/UIT_C
OURSES/SE100/DailyDes
k/node_modules/[4m.p
npm[24m/drizzle-orm@
0.44.7_@electri_5c292
8a099a752b7e299aaadb8
975aea/node_modules/
[4msrc[24m/sqlite-co
re/session.ts:78:18)
        at LibSQLPrep
aredQuery.values (fil
e:///D:/UIT_COURSES/S
E100/DailyDesk/node_m
odules/[4m.pnpm[24m
/drizzle-orm@0.44.7_@
electri_5c2928a099a75
2b7e299aaadb8975aea/n
ode_modules/[4msrc[
24m/libsql/session.ts
:286:21)
        at LibSQLPrep
aredQuery.all (file:/
//D:/UIT_COURSES/SE10
0/DailyDesk/node_modu
les/[4m.pnpm[24m/dr
izzle-orm@0.44.7_@ele
ctri_5c2928a099a752b7
e299aaadb8975aea/node
_modules/[4msrc[24m
/libsql/session.ts:21
4:27)
        at 
SQLiteSelectBase.all 
(file:///D:/UIT_COURS
ES/SE100/DailyDesk/no
de_modules/[4m.pnpm
[24m/drizzle-orm@0.44
.7_@electri_5c2928a09
9a752b7e299aaadb8975a
ea/node_modules/[4ms
rc[24m/sqlite-core/q
uery-builders/select.
ts:950:26)
        at SQLiteSele
ctBase.execute (file:
///D:/UIT_COURSES/SE1
00/DailyDesk/node_mod
ules/[4m.pnpm[24m/d
rizzle-orm@0.44.7_@el
ectri_5c2928a099a752b
7e299aaadb8975aea/nod
e_modules/[4msrc[24
m/sqlite-core/query-b
uilders/select.ts:962
:15) {
      code: [32m'SQL
ITE_ERROR'[39m,
      rawCode: 
[33m1[39m
    }
  }
}
DrizzleQueryError: 
Failed query: select 
"id", "name", 
"description", 
"order", 
"cover_url", 
"cover_public_id", 
"cover_color", 
"cover_mode", 
"list_id", 
"start_date", 
"deadline", 
"due_at", 
"due_complete", 
"reminder_minutes", 
"recurrence", 
"recurrence_day", "re
currence_weekday", 
"repeat_frequency", 
"repeat_interval", 
"latitude", 
"longitude", 
"completed", 
"is_template", 
"created_at", 
"updated_at" from 
"cards" where 
"cards"."id" = ? 
limit ?
params: 019bd127-dad9
-75ab-b09b-b88fc880e1
3c,1
    at LibSQLPrepared
Query.queryWithCache 
(file:///D:/UIT_COURS
ES/SE100/DailyDesk/no
de_modules/[4m.pnpm
[24m/drizzle-orm@0.44
.7_@electri_5c2928a09
9a752b7e299aaadb8975a
ea/node_modules/[4ms
rc[24m/sqlite-core/s
ession.ts:80:11)
[90m    at processTi
cksAndRejections (nod
e:internal/process/ta
sk_queues:105:5)[39m
    at LibSQLPrepared
Query.values (file://
/D:/UIT_COURSES/SE100
/DailyDesk/node_modul
es/[4m.pnpm[24m/dri
zzle-orm@0.44.7_@elec
tri_5c2928a099a752b7e
299aaadb8975aea/node_
modules/[4msrc[24m/
libsql/session.ts:286
:10)
    at LibSQLPrepared
Query.all (file:///D:
/UIT_COURSES/SE100/Da
ilyDesk/node_modules/
[4m.pnpm[24m/drizzl
e-orm@0.44.7_@electri
_5c2928a099a752b7e299
aaadb8975aea/node_mod
ules/[4msrc[24m/lib
sql/session.ts:214:16
)
    at 
Module.updateCard [9
0m(D:\UIT_COURSES\SE1
00\DailyDesk\backend\
[39msrc\services\car
ds.service.ts:566:24
[90m)[39m
    at [90mD:\UIT_CO
URSES\SE100\DailyDesk
\backend\[39msrc\rou
tes\cards.ts:244:25
    at dispatch (file
:///D:/UIT_COURSES/SE
100/DailyDesk/node_mo
dules/[4m.pnpm[24m/
hono@4.11.3/node_modu
les/[4mhono[24m/dis
t/compose.js:22:17)
    at file:///D:/UIT
_COURSES/SE100/DailyD
esk/node_modules/[4m
.pnpm[24m/hono@4.11.
3/node_modules/[4mho
no[24m/dist/validato
r/validator.js:81:12
    at mw (file:///D:
/UIT_COURSES/SE100/Da
ilyDesk/node_modules/
[4m.pnpm[24m/@hono+
zod-openapi@1.2.0_hon
o@4.11.3_zod@4.3.5/no
de_modules/[4m@hono
[24m/zod-openapi/src/
index.ts:546:26)
    at dispatch (file
:///D:/UIT_COURSES/SE
100/DailyDesk/node_mo
dules/[4m.pnpm[24m/
hono@4.11.3/node_modu
les/[4mhono[24m/dis
t/compose.js:22:17) {
  query: 
[32m'select "id", 
"name", 
"description", 
"order", 
"cover_url", 
"cover_public_id", 
"cover_color", 
"cover_mode", 
"list_id", 
"start_date", 
"deadline", 
"due_at", 
"due_complete", 
"reminder_minutes", 
"recurrence", 
"recurrence_day", "re
currence_weekday", 
"repeat_frequency", 
"repeat_interval", 
"latitude", 
"longitude", 
"completed", 
"is_template", 
"created_at", 
"updated_at" from 
"cards" where 
"cards"."id" = ? 
limit ?'[39m,
  params: [ [32m'019
bd127-dad9-75ab-b09b-
b88fc880e13c'[39m, 
[33m1[39m ],
  cause: 
LibsqlError: 
SQLITE_ERROR: no 
such column: 
is_template
      at 
mapSqliteError (file:
///D:/UIT_COURSES/SE1
00/DailyDesk/node_mod
ules/[4m.pnpm[24m/@
libsql+client@0.15.15
/node_modules/[4m@li
bsql[24m/client/lib-
esm/sqlite3.js:392:16
)
      at executeStmt 
(file:///D:/UIT_COURS
ES/SE100/DailyDesk/no
de_modules/[4m.pnpm
[24m/@libsql+client@0
.15.15/node_modules/
[4m@libsql[24m/clien
t/lib-esm/sqlite3.js:
297:15)
      at Sqlite3Clien
t.execute (file:///D:
/UIT_COURSES/SE100/Da
ilyDesk/node_modules/
[4m.pnpm[24m/@libsq
l+client@0.15.15/node
_modules/[4m@libsql
[24m/client/lib-esm/s
qlite3.js:81:16)
  [90m    ... 5 
lines matching cause 
stack trace ...[39m
      at SQLiteSelect
Base.execute (file://
/D:/UIT_COURSES/SE100
/DailyDesk/node_modul
es/[4m.pnpm[24m/dri
zzle-orm@0.44.7_@elec
tri_5c2928a099a752b7e
299aaadb8975aea/node_
modules/[4msrc[24m/
sqlite-core/query-bui
lders/select.ts:962:1
5)
      at SQLiteSelect
Base.then (file:///D:
/UIT_COURSES/SE100/Da
ilyDesk/node_modules/
[4m.pnpm[24m/drizzl
e-orm@0.44.7_@electri
_5c2928a099a752b7e299
aaadb8975aea/node_mod
ules/[4msrc[24m/que
ry-promise.ts:31:15) 
{
    code: [32m'SQLIT
E_ERROR'[39m,
    rawCode: 
[33m1[39m,
    [cause]: 
SqliteError: no such 
column: is_template
        at 
convertError (D:\UIT_
COURSES\SE100\DailyDe
sk\node_modules\[4m.
pnpm[24m\libsql@0.5.
22\node_modules\[4ml
ibsql[24m\index.js:5
9:12)
        at 
Database.prepare (D:\
UIT_COURSES\SE100\Dai
lyDesk\node_modules\
[4m.pnpm[24m\libsql@
0.5.22\node_modules\
[4mlibsql[24m\index.
js:131:13)
        at 
executeStmt (file:///
D:/UIT_COURSES/SE100/
DailyDesk/node_module
s/[4m.pnpm[24m/@lib
sql+client@0.15.15/no
de_modules/[4m@libsq
l[24m/client/lib-esm
/sqlite3.js:268:28)
        at Sqlite3Cli
ent.execute (file:///
D:/UIT_COURSES/SE100/
DailyDesk/node_module
s/[4m.pnpm[24m/@lib
sql+client@0.15.15/no
de_modules/[4m@libsq
l[24m/client/lib-esm
/sqlite3.js:81:16)
        at file:///D:
/UIT_COURSES/SE100/Da
ilyDesk/node_modules/
[4m.pnpm[24m/drizzl
e-orm@0.44.7_@electri
_5c2928a099a752b7e299
aaadb8975aea/node_mod
ules/[4msrc[24m/lib
sql/session.ts:288:58
        at LibSQLPrep
aredQuery.queryWithCa
che (file:///D:/UIT_C
OURSES/SE100/DailyDes
k/node_modules/[4m.p
npm[24m/drizzle-orm@
0.44.7_@electri_5c292
8a099a752b7e299aaadb8
975aea/node_modules/
[4msrc[24m/sqlite-co
re/session.ts:78:18)
        at LibSQLPrep
aredQuery.values (fil
e:///D:/UIT_COURSES/S
E100/DailyDesk/node_m
odules/[4m.pnpm[24m
/drizzle-orm@0.44.7_@
electri_5c2928a099a75
2b7e299aaadb8975aea/n
ode_modules/[4msrc[
24m/libsql/session.ts
:286:21)
        at LibSQLPrep
aredQuery.all (file:/
//D:/UIT_COURSES/SE10
0/DailyDesk/node_modu
les/[4m.pnpm[24m/dr
izzle-orm@0.44.7_@ele
ctri_5c2928a099a752b7
e299aaadb8975aea/node
_modules/[4msrc[24m
/libsql/session.ts:21
4:27)
        at 
SQLiteSelectBase.all 
(file:///D:/UIT_COURS
ES/SE100/DailyDesk/no
de_modules/[4m.pnpm
[24m/drizzle-orm@0.44
.7_@electri_5c2928a09
9a752b7e299aaadb8975a
ea/node_modules/[4ms
rc[24m/sqlite-core/q
uery-builders/select.
ts:950:26)
        at SQLiteSele
ctBase.execute (file:
///D:/UIT_COURSES/SE1
00/DailyDesk/node_mod
ules/[4m.pnpm[24m/d
rizzle-orm@0.44.7_@el
ectri_5c2928a099a752b
7e299aaadb8975aea/nod
e_modules/[4msrc[24
m/sqlite-core/query-b
uilders/select.ts:962
:15) {
      code: [32m'SQL
ITE_ERROR'[39m,
      rawCode: 
[33m1[39m
    }
  }
}

[90mstderr[2m | tes
ts/cards/cards.test.t
s[2m > 
[22m[2mCards API 
Integration 
Tests[2m > 
[22m[2mPUT /boards/
:boardId/cards/:id[2
m > [22m[2mshould 
update card dates
[22m[39mDrizzleQuer
yError: Failed 
query: select "id", 
"name", 
"description", 
"order", 
"cover_url", 
"cover_public_id", 
"cover_color", 
"cover_mode", 
"list_id", 
"start_date", 
"deadline", 
"due_at", 
"due_complete", 
"reminder_minutes", 
"recurrence", 
"recurrence_day", "re
currence_weekday", 
"repeat_frequency", 
"repeat_interval", 
"latitude", 
"longitude", 
"completed", 
"is_template", 
"created_at", 
"updated_at" from 
"cards" where 
"cards"."list_id" = ?
params: 019bd127-daf6
-726a-bbf8-c002cc0605
33
    at LibSQLPrepared
Query.queryWithCache 
(file:///D:/UIT_COURS
ES/SE100/DailyDesk/no
de_modules/[4m.pnpm
[24m/drizzle-orm@0.44
.7_@electri_5c2928a09
9a752b7e299aaadb8975a
ea/node_modules/[4ms
rc[24m/sqlite-core/s
ession.ts:80:11)
[90m    at processTi
cksAndRejections (nod
e:internal/process/ta
sk_queues:105:5)[39m
    at LibSQLPrepared
Query.values (file://
/D:/UIT_COURSES/SE100
/DailyDesk/node_modul
es/[4m.pnpm[24m/dri
zzle-orm@0.44.7_@elec
tri_5c2928a099a752b7e
299aaadb8975aea/node_
modules/[4msrc[24m/
libsql/session.ts:286
:10)
    at LibSQLPrepared
Query.all (file:///D:
/UIT_COURSES/SE100/Da
ilyDesk/node_modules/
[4m.pnpm[24m/drizzl
e-orm@0.44.7_@electri
_5c2928a099a752b7e299
aaadb8975aea/node_mod
ules/[4msrc[24m/lib
sql/session.ts:214:16
)
    at 
Module.createCard [9
0m(D:\UIT_COURSES\SE1
00\DailyDesk\backend\
[39msrc\services\car
ds.service.ts:319:23
[90m)[39m
    at [90mD:\UIT_CO
URSES\SE100\DailyDesk
\backend\[39msrc\rou
tes\cards.ts:152:22
    at dispatch (file
:///D:/UIT_COURSES/SE
100/DailyDesk/node_mo
dules/[4m.pnpm[24m/
hono@4.11.3/node_modu
les/[4mhono[24m/dis
t/compose.js:22:17)
    at file:///D:/UIT
_COURSES/SE100/DailyD
esk/node_modules/[4m
.pnpm[24m/hono@4.11.
3/node_modules/[4mho
no[24m/dist/validato
r/validator.js:81:12
    at mw (file:///D:
/UIT_COURSES/SE100/Da
ilyDesk/node_modules/
[4m.pnpm[24m/@hono+
zod-openapi@1.2.0_hon
o@4.11.3_zod@4.3.5/no
de_modules/[4m@hono
[24m/zod-openapi/src/
index.ts:546:26)
    at dispatch (file
:///D:/UIT_COURSES/SE
100/DailyDesk/node_mo
dules/[4m.pnpm[24m/
hono@4.11.3/node_modu
les/[4mhono[24m/dis
t/compose.js:22:17) {
  query: 
[32m'select "id", 
"name", 
"description", 
"order", 
"cover_url", 
"cover_public_id", 
"cover_color", 
"cover_mode", 
"list_id", 
"start_date", 
"deadline", 
"due_at", 
"due_complete", 
"reminder_minutes", 
"recurrence", 
"recurrence_day", "re
currence_weekday", 
"repeat_frequency", 
"repeat_interval", 
"latitude", 
"longitude", 
"completed", 
"is_template", 
"created_at", 
"updated_at" from 
"cards" where 
"cards"."list_id" = 
?'[39m,
  params: [ [32m'019
bd127-daf6-726a-bbf8-
c002cc060533'[39m ],
  cause: 
LibsqlError: 
SQLITE_ERROR: no 
such column: 
is_template
      at 
mapSqliteError (file:
///D:/UIT_COURSES/SE1
00/DailyDesk/node_mod
ules/[4m.pnpm[24m/@
libsql+client@0.15.15
/node_modules/[4m@li
bsql[24m/client/lib-
esm/sqlite3.js:392:16
)
      at executeStmt 
(file:///D:/UIT_COURS
ES/SE100/DailyDesk/no
de_modules/[4m.pnpm
[24m/@libsql+client@0
.15.15/node_modules/
[4m@libsql[24m/clien
t/lib-esm/sqlite3.js:
297:15)
      at Sqlite3Clien
t.execute (file:///D:
/UIT_COURSES/SE100/Da
ilyDesk/node_modules/
[4m.pnpm[24m/@libsq
l+client@0.15.15/node
_modules/[4m@libsql
[24m/client/lib-esm/s
qlite3.js:81:16)
  [90m    ... 5 
lines matching cause 
stack trace ...[39m
      at SQLiteSelect
Base.execute (file://
/D:/UIT_COURSES/SE100
/DailyDesk/node_modul
es/[4m.pnpm[24m/dri
zzle-orm@0.44.7_@elec
tri_5c2928a099a752b7e
299aaadb8975aea/node_
modules/[4msrc[24m/
sqlite-core/query-bui
lders/select.ts:962:1
5)
      at SQLiteSelect
Base.then (file:///D:
/UIT_COURSES/SE100/Da
ilyDesk/node_modules/
[4m.pnpm[24m/drizzl
e-orm@0.44.7_@electri
_5c2928a099a752b7e299
aaadb8975aea/node_mod
ules/[4msrc[24m/que
ry-promise.ts:31:15) 
{
    code: [32m'SQLIT
E_ERROR'[39m,
    rawCode: 
[33m1[39m,
    [cause]: 
SqliteError: no such 
column: is_template
        at 
convertError (D:\UIT_
COURSES\SE100\DailyDe
sk\node_modules\[4m.
pnpm[24m\libsql@0.5.
22\node_modules\[4ml
ibsql[24m\index.js:5
9:12)
        at 
Database.prepare (D:\
UIT_COURSES\SE100\Dai
lyDesk\node_modules\
[4m.pnpm[24m\libsql@
0.5.22\node_modules\
[4mlibsql[24m\index.
js:131:13)
        at 
executeStmt (file:///
D:/UIT_COURSES/SE100/
DailyDesk/node_module
s/[4m.pnpm[24m/@lib
sql+client@0.15.15/no
de_modules/[4m@libsq
l[24m/client/lib-esm
/sqlite3.js:268:28)
        at Sqlite3Cli
ent.execute (file:///
D:/UIT_COURSES/SE100/
DailyDesk/node_module
s/[4m.pnpm[24m/@lib
sql+client@0.15.15/no
de_modules/[4m@libsq
l[24m/client/lib-esm
/sqlite3.js:81:16)
        at file:///D:
/UIT_COURSES/SE100/Da
ilyDesk/node_modules/
[4m.pnpm[24m/drizzl
e-orm@0.44.7_@electri
_5c2928a099a752b7e299
aaadb8975aea/node_mod
ules/[4msrc[24m/lib
sql/session.ts:288:58
        at LibSQLPrep
aredQuery.queryWithCa
che (file:///D:/UIT_C
OURSES/SE100/DailyDes
k/node_modules/[4m.p
npm[24m/drizzle-orm@
0.44.7_@electri_5c292
8a099a752b7e299aaadb8
975aea/node_modules/
[4msrc[24m/sqlite-co
re/session.ts:78:18)
        at LibSQLPrep
aredQuery.values (fil
e:///D:/UIT_COURSES/S
E100/DailyDesk/node_m
odules/[4m.pnpm[24m
/drizzle-orm@0.44.7_@
electri_5c2928a099a75
2b7e299aaadb8975aea/n
ode_modules/[4msrc[
24m/libsql/session.ts
:286:21)
        at LibSQLPrep
aredQuery.all (file:/
//D:/UIT_COURSES/SE10
0/DailyDesk/node_modu
les/[4m.pnpm[24m/dr
izzle-orm@0.44.7_@ele
ctri_5c2928a099a752b7
e299aaadb8975aea/node
_modules/[4msrc[24m
/libsql/session.ts:21
4:27)
        at 
SQLiteSelectBase.all 
(file:///D:/UIT_COURS
ES/SE100/DailyDesk/no
de_modules/[4m.pnpm
[24m/drizzle-orm@0.44
.7_@electri_5c2928a09
9a752b7e299aaadb8975a
ea/node_modules/[4ms
rc[24m/sqlite-core/q
uery-builders/select.
ts:950:26)
        at SQLiteSele
ctBase.execute (file:
///D:/UIT_COURSES/SE1
00/DailyDesk/node_mod
ules/[4m.pnpm[24m/d
rizzle-orm@0.44.7_@el
ectri_5c2928a099a752b
7e299aaadb8975aea/nod
e_modules/[4msrc[24
m/sqlite-core/query-b
uilders/select.ts:962
:15) {
      code: [32m'SQL
ITE_ERROR'[39m,
      rawCode: 
[33m1[39m
    }
  }
}
Error in updateCard 
route: 
DrizzleQueryError: 
Failed query: select 
"id", "name", 
"description", 
"order", 
"cover_url", 
"cover_public_id", 
"cover_color", 
"cover_mode", 
"list_id", 
"start_date", 
"deadline", 
"due_at", 
"due_complete", 
"reminder_minutes", 
"recurrence", 
"recurrence_day", "re
currence_weekday", 
"repeat_frequency", 
"repeat_interval", 
"latitude", 
"longitude", 
"completed", 
"is_template", 
"created_at", 
"updated_at" from 
"cards" where 
"cards"."id" = ? 
limit ?
params: 019bd127-dafa
-7331-841d-88950e1f42
eb,1
    at LibSQLPrepared
Query.queryWithCache 
(file:///D:/UIT_COURS
ES/SE100/DailyDesk/no
de_modules/[4m.pnpm
[24m/drizzle-orm@0.44
.7_@electri_5c2928a09
9a752b7e299aaadb8975a
ea/node_modules/[4ms
rc[24m/sqlite-core/s
ession.ts:80:11)
[90m    at processTi
cksAndRejections (nod
e:internal/process/ta
sk_queues:105:5)[39m
    at LibSQLPrepared
Query.values (file://
/D:/UIT_COURSES/SE100
/DailyDesk/node_modul
es/[4m.pnpm[24m/dri
zzle-orm@0.44.7_@elec
tri_5c2928a099a752b7e
299aaadb8975aea/node_
modules/[4msrc[24m/
libsql/session.ts:286
:10)
    at LibSQLPrepared
Query.all (file:///D:
/UIT_COURSES/SE100/Da
ilyDesk/node_modules/
[4m.pnpm[24m/drizzl
e-orm@0.44.7_@electri
_5c2928a099a752b7e299
aaadb8975aea/node_mod
ules/[4msrc[24m/lib
sql/session.ts:214:16
)
    at 
Module.updateCard [9
0m(D:\UIT_COURSES\SE1
00\DailyDesk\backend\
[39msrc\services\car
ds.service.ts:566:24
[90m)[39m
    at [90mD:\UIT_CO
URSES\SE100\DailyDesk
\backend\[39msrc\rou
tes\cards.ts:244:25
    at dispatch (file
:///D:/UIT_COURSES/SE
100/DailyDesk/node_mo
dules/[4m.pnpm[24m/
hono@4.11.3/node_modu
les/[4mhono[24m/dis
t/compose.js:22:17)
    at file:///D:/UIT
_COURSES/SE100/DailyD
esk/node_modules/[4m
.pnpm[24m/hono@4.11.
3/node_modules/[4mho
no[24m/dist/validato
r/validator.js:81:12
    at mw (file:///D:
/UIT_COURSES/SE100/Da
ilyDesk/node_modules/
[4m.pnpm[24m/@hono+
zod-openapi@1.2.0_hon
o@4.11.3_zod@4.3.5/no
de_modules/[4m@hono
[24m/zod-openapi/src/
index.ts:546:26)
    at dispatch (file
:///D:/UIT_COURSES/SE
100/DailyDesk/node_mo
dules/[4m.pnpm[24m/
hono@4.11.3/node_modu
les/[4mhono[24m/dis
t/compose.js:22:17) {
  query: 
[32m'select "id", 
"name", 
"description", 
"order", 
"cover_url", 
"cover_public_id", 
"cover_color", 
"cover_mode", 
"list_id", 
"start_date", 
"deadline", 
"due_at", 
"due_complete", 
"reminder_minutes", 
"recurrence", 
"recurrence_day", "re
currence_weekday", 
"repeat_frequency", 
"repeat_interval", 
"latitude", 
"longitude", 
"completed", 
"is_template", 
"created_at", 
"updated_at" from 
"cards" where 
"cards"."id" = ? 
limit ?'[39m,
  params: [ [32m'019
bd127-dafa-7331-841d-
88950e1f42eb'[39m, 
[33m1[39m ],
  cause: 
LibsqlError: 
SQLITE_ERROR: no 
such column: 
is_template
      at 
mapSqliteError (file:
///D:/UIT_COURSES/SE1
00/DailyDesk/node_mod
ules/[4m.pnpm[24m/@
libsql+client@0.15.15
/node_modules/[4m@li
bsql[24m/client/lib-
esm/sqlite3.js:392:16
)
      at executeStmt 
(file:///D:/UIT_COURS
ES/SE100/DailyDesk/no
de_modules/[4m.pnpm
[24m/@libsql+client@0
.15.15/node_modules/
[4m@libsql[24m/clien
t/lib-esm/sqlite3.js:
297:15)
      at Sqlite3Clien
t.execute (file:///D:
/UIT_COURSES/SE100/Da
ilyDesk/node_modules/
[4m.pnpm[24m/@libsq
l+client@0.15.15/node
_modules/[4m@libsql
[24m/client/lib-esm/s
qlite3.js:81:16)
  [90m    ... 5 
lines matching cause 
stack trace ...[39m
      at SQLiteSelect
Base.execute (file://
/D:/UIT_COURSES/SE100
/DailyDesk/node_modul
es/[4m.pnpm[24m/dri
zzle-orm@0.44.7_@elec
tri_5c2928a099a752b7e
299aaadb8975aea/node_
modules/[4msrc[24m/
sqlite-core/query-bui
lders/select.ts:962:1
5)
      at SQLiteSelect
Base.then (file:///D:
/UIT_COURSES/SE100/Da
ilyDesk/node_modules/
[4m.pnpm[24m/drizzl
e-orm@0.44.7_@electri
_5c2928a099a752b7e299
aaadb8975aea/node_mod
ules/[4msrc[24m/que
ry-promise.ts:31:15) 
{
    code: [32m'SQLIT
E_ERROR'[39m,
    rawCode: 
[33m1[39m,
    [cause]: 
SqliteError: no such 
column: is_template
        at 
convertError (D:\UIT_
COURSES\SE100\DailyDe
sk\node_modules\[4m.
pnpm[24m\libsql@0.5.
22\node_modules\[4ml
ibsql[24m\index.js:5
9:12)
        at 
Database.prepare (D:\
UIT_COURSES\SE100\Dai
lyDesk\node_modules\
[4m.pnpm[24m\libsql@
0.5.22\node_modules\
[4mlibsql[24m\index.
js:131:13)
        at 
executeStmt (file:///
D:/UIT_COURSES/SE100/
DailyDesk/node_module
s/[4m.pnpm[24m/@lib
sql+client@0.15.15/no
de_modules/[4m@libsq
l[24m/client/lib-esm
/sqlite3.js:268:28)
        at Sqlite3Cli
ent.execute (file:///
D:/UIT_COURSES/SE100/
DailyDesk/node_module
s/[4m.pnpm[24m/@lib
sql+client@0.15.15/no
de_modules/[4m@libsq
l[24m/client/lib-esm
/sqlite3.js:81:16)
        at file:///D:
/UIT_COURSES/SE100/Da
ilyDesk/node_modules/
[4m.pnpm[24m/drizzl
e-orm@0.44.7_@electri
_5c2928a099a752b7e299
aaadb8975aea/node_mod
ules/[4msrc[24m/lib
sql/session.ts:288:58
        at LibSQLPrep
aredQuery.queryWithCa
che (file:///D:/UIT_C
OURSES/SE100/DailyDes
k/node_modules/[4m.p
npm[24m/drizzle-orm@
0.44.7_@electri_5c292
8a099a752b7e299aaadb8
975aea/node_modules/
[4msrc[24m/sqlite-co
re/session.ts:78:18)
        at LibSQLPrep
aredQuery.values (fil
e:///D:/UIT_COURSES/S
E100/DailyDesk/node_m
odules/[4m.pnpm[24m
/drizzle-orm@0.44.7_@
electri_5c2928a099a75
2b7e299aaadb8975aea/n
ode_modules/[4msrc[
24m/libsql/session.ts
:286:21)
        at LibSQLPrep
aredQuery.all (file:/
//D:/UIT_COURSES/SE10
0/DailyDesk/node_modu
les/[4m.pnpm[24m/dr
izzle-orm@0.44.7_@ele
ctri_5c2928a099a752b7
e299aaadb8975aea/node
_modules/[4msrc[24m
/libsql/session.ts:21
4:27)
        at 
SQLiteSelectBase.all 
(file:///D:/UIT_COURS
ES/SE100/DailyDesk/no
de_modules/[4m.pnpm
[24m/drizzle-orm@0.44
.7_@electri_5c2928a09
9a752b7e299aaadb8975a
ea/node_modules/[4ms
rc[24m/sqlite-core/q
uery-builders/select.
ts:950:26)
        at SQLiteSele
ctBase.execute (file:
///D:/UIT_COURSES/SE1
00/DailyDesk/node_mod
ules/[4m.pnpm[24m/d
rizzle-orm@0.44.7_@el
ectri_5c2928a099a752b
7e299aaadb8975aea/nod
e_modules/[4msrc[24
m/sqlite-core/query-b
uilders/select.ts:962
:15) {
      code: [32m'SQL
ITE_ERROR'[39m,
      rawCode: 
[33m1[39m
    }
  }
}
DrizzleQueryError: 
Failed query: select 
"id", "name", 
"description", 
"order", 
"cover_url", 
"cover_public_id", 
"cover_color", 
"cover_mode", 
"list_id", 
"start_date", 
"deadline", 
"due_at", 
"due_complete", 
"reminder_minutes", 
"recurrence", 
"recurrence_day", "re
currence_weekday", 
"repeat_frequency", 
"repeat_interval", 
"latitude", 
"longitude", 
"completed", 
"is_template", 
"created_at", 
"updated_at" from 
"cards" where 
"cards"."id" = ? 
limit ?
params: 019bd127-dafa
-7331-841d-88950e1f42
eb,1
    at LibSQLPrepared
Query.queryWithCache 
(file:///D:/UIT_COURS
ES/SE100/DailyDesk/no
de_modules/[4m.pnpm
[24m/drizzle-orm@0.44
.7_@electri_5c2928a09
9a752b7e299aaadb8975a
ea/node_modules/[4ms
rc[24m/sqlite-core/s
ession.ts:80:11)
[90m    at processTi
cksAndRejections (nod
e:internal/process/ta
sk_queues:105:5)[39m
    at LibSQLPrepared
Query.values (file://
/D:/UIT_COURSES/SE100
/DailyDesk/node_modul
es/[4m.pnpm[24m/dri
zzle-orm@0.44.7_@elec
tri_5c2928a099a752b7e
299aaadb8975aea/node_
modules/[4msrc[24m/
libsql/session.ts:286
:10)
    at LibSQLPrepared
Query.all (file:///D:
/UIT_COURSES/SE100/Da
ilyDesk/node_modules/
[4m.pnpm[24m/drizzl
e-orm@0.44.7_@electri
_5c2928a099a752b7e299
aaadb8975aea/node_mod
ules/[4msrc[24m/lib
sql/session.ts:214:16
)
    at 
Module.updateCard [9
0m(D:\UIT_COURSES\SE1
00\DailyDesk\backend\
[39msrc\services\car
ds.service.ts:566:24
[90m)[39m
    at [90mD:\UIT_CO
URSES\SE100\DailyDesk
\backend\[39msrc\rou
tes\cards.ts:244:25
    at dispatch (file
:///D:/UIT_COURSES/SE
100/DailyDesk/node_mo
dules/[4m.pnpm[24m/
hono@4.11.3/node_modu
les/[4mhono[24m/dis
t/compose.js:22:17)
    at file:///D:/UIT
_COURSES/SE100/DailyD
esk/node_modules/[4m
.pnpm[24m/hono@4.11.
3/node_modules/[4mho
no[24m/dist/validato
r/validator.js:81:12
    at mw (file:///D:
/UIT_COURSES/SE100/Da
ilyDesk/node_modules/
[4m.pnpm[24m/@hono+
zod-openapi@1.2.0_hon
o@4.11.3_zod@4.3.5/no
de_modules/[4m@hono
[24m/zod-openapi/src/
index.ts:546:26)
    at dispatch (file
:///D:/UIT_COURSES/SE
100/DailyDesk/node_mo
dules/[4m.pnpm[24m/
hono@4.11.3/node_modu
les/[4mhono[24m/dis
t/compose.js:22:17) {
  query: 
[32m'select "id", 
"name", 
"description", 
"order", 
"cover_url", 
"cover_public_id", 
"cover_color", 
"cover_mode", 
"list_id", 
"start_date", 
"deadline", 
"due_at", 
"due_complete", 
"reminder_minutes", 
"recurrence", 
"recurrence_day", "re
currence_weekday", 
"repeat_frequency", 
"repeat_interval", 
"latitude", 
"longitude", 
"completed", 
"is_template", 
"created_at", 
"updated_at" from 
"cards" where 
"cards"."id" = ? 
limit ?'[39m,
  params: [ [32m'019
bd127-dafa-7331-841d-
88950e1f42eb'[39m, 
[33m1[39m ],
  cause: 
LibsqlError: 
SQLITE_ERROR: no 
such column: 
is_template
      at 
mapSqliteError (file:
///D:/UIT_COURSES/SE1
00/DailyDesk/node_mod
ules/[4m.pnpm[24m/@
libsql+client@0.15.15
/node_modules/[4m@li
bsql[24m/client/lib-
esm/sqlite3.js:392:16
)
      at executeStmt 
(file:///D:/UIT_COURS
ES/SE100/DailyDesk/no
de_modules/[4m.pnpm
[24m/@libsql+client@0
.15.15/node_modules/
[4m@libsql[24m/clien
t/lib-esm/sqlite3.js:
297:15)
      at Sqlite3Clien
t.execute (file:///D:
/UIT_COURSES/SE100/Da
ilyDesk/node_modules/
[4m.pnpm[24m/@libsq
l+client@0.15.15/node
_modules/[4m@libsql
[24m/client/lib-esm/s
qlite3.js:81:16)
  [90m    ... 5 
lines matching cause 
stack trace ...[39m
      at SQLiteSelect
Base.execute (file://
/D:/UIT_COURSES/SE100
/DailyDesk/node_modul
es/[4m.pnpm[24m/dri
zzle-orm@0.44.7_@elec
tri_5c2928a099a752b7e
299aaadb8975aea/node_
modules/[4msrc[24m/
sqlite-core/query-bui
lders/select.ts:962:1
5)
      at SQLiteSelect
Base.then (file:///D:
/UIT_COURSES/SE100/Da
ilyDesk/node_modules/
[4m.pnpm[24m/drizzl
e-orm@0.44.7_@electri
_5c2928a099a752b7e299
aaadb8975aea/node_mod
ules/[4msrc[24m/que
ry-promise.ts:31:15) 
{
    code: [32m'SQLIT
E_ERROR'[39m,
    rawCode: 
[33m1[39m,
    [cause]: 
SqliteError: no such 
column: is_template
        at 
convertError (D:\UIT_
COURSES\SE100\DailyDe
sk\node_modules\[4m.
pnpm[24m\libsql@0.5.
22\node_modules\[4ml
ibsql[24m\index.js:5
9:12)
        at 
Database.prepare (D:\
UIT_COURSES\SE100\Dai
lyDesk\node_modules\
[4m.pnpm[24m\libsql@
0.5.22\node_modules\
[4mlibsql[24m\index.
js:131:13)
        at 
executeStmt (file:///
D:/UIT_COURSES/SE100/
DailyDesk/node_module
s/[4m.pnpm[24m/@lib
sql+client@0.15.15/no
de_modules/[4m@libsq
l[24m/client/lib-esm
/sqlite3.js:268:28)
        at Sqlite3Cli
ent.execute (file:///
D:/UIT_COURSES/SE100/
DailyDesk/node_module
s/[4m.pnpm[24m/@lib
sql+client@0.15.15/no
de_modules/[4m@libsq
l[24m/client/lib-esm
/sqlite3.js:81:16)
        at file:///D:
/UIT_COURSES/SE100/Da
ilyDesk/node_modules/
[4m.pnpm[24m/drizzl
e-orm@0.44.7_@electri
_5c2928a099a752b7e299
aaadb8975aea/node_mod
ules/[4msrc[24m/lib
sql/session.ts:288:58
        at LibSQLPrep
aredQuery.queryWithCa
che (file:///D:/UIT_C
OURSES/SE100/DailyDes
k/node_modules/[4m.p
npm[24m/drizzle-orm@
0.44.7_@electri_5c292
8a099a752b7e299aaadb8
975aea/node_modules/
[4msrc[24m/sqlite-co
re/session.ts:78:18)
        at LibSQLPrep
aredQuery.values (fil
e:///D:/UIT_COURSES/S
E100/DailyDesk/node_m
odules/[4m.pnpm[24m
/drizzle-orm@0.44.7_@
electri_5c2928a099a75
2b7e299aaadb8975aea/n
ode_modules/[4msrc[
24m/libsql/session.ts
:286:21)
        at LibSQLPrep
aredQuery.all (file:/
//D:/UIT_COURSES/SE10
0/DailyDesk/node_modu
les/[4m.pnpm[24m/dr
izzle-orm@0.44.7_@ele
ctri_5c2928a099a752b7
e299aaadb8975aea/node
_modules/[4msrc[24m
/libsql/session.ts:21
4:27)
        at 
SQLiteSelectBase.all 
(file:///D:/UIT_COURS
ES/SE100/DailyDesk/no
de_modules/[4m.pnpm
[24m/drizzle-orm@0.44
.7_@electri_5c2928a09
9a752b7e299aaadb8975a
ea/node_modules/[4ms
rc[24m/sqlite-core/q
uery-builders/select.
ts:950:26)
        at SQLiteSele
ctBase.execute (file:
///D:/UIT_COURSES/SE1
00/DailyDesk/node_mod
ules/[4m.pnpm[24m/d
rizzle-orm@0.44.7_@el
ectri_5c2928a099a752b
7e299aaadb8975aea/nod
e_modules/[4msrc[24
m/sqlite-core/query-b
uilders/select.ts:962
:15) {
      code: [32m'SQL
ITE_ERROR'[39m,
      rawCode: 
[33m1[39m
    }
  }
}

[90mstderr[2m | tes
ts/cards/cards.test.t
s[2m > 
[22m[2mCards API 
Integration 
Tests[2m > 
[22m[2mPUT /boards/
:boardId/cards/:id[2
m > [22m[2mshould 
update card location
[22m[39mDrizzleQuer
yError: Failed 
query: select "id", 
"name", 
"description", 
"order", 
"cover_url", 
"cover_public_id", 
"cover_color", 
"cover_mode", 
"list_id", 
"start_date", 
"deadline", 
"due_at", 
"due_complete", 
"reminder_minutes", 
"recurrence", 
"recurrence_day", "re
currence_weekday", 
"repeat_frequency", 
"repeat_interval", 
"latitude", 
"longitude", 
"completed", 
"is_template", 
"created_at", 
"updated_at" from 
"cards" where 
"cards"."list_id" = ?
params: 019bd127-db0e
-7c95-a798-b01eaf18e8
0b
    at LibSQLPrepared
Query.queryWithCache 
(file:///D:/UIT_COURS
ES/SE100/DailyDesk/no
de_modules/[4m.pnpm
[24m/drizzle-orm@0.44
.7_@electri_5c2928a09
9a752b7e299aaadb8975a
ea/node_modules/[4ms
rc[24m/sqlite-core/s
ession.ts:80:11)
[90m    at processTi
cksAndRejections (nod
e:internal/process/ta
sk_queues:105:5)[39m
    at LibSQLPrepared
Query.values (file://
/D:/UIT_COURSES/SE100
/DailyDesk/node_modul
es/[4m.pnpm[24m/dri
zzle-orm@0.44.7_@elec
tri_5c2928a099a752b7e
299aaadb8975aea/node_
modules/[4msrc[24m/
libsql/session.ts:286
:10)
    at LibSQLPrepared
Query.all (file:///D:
/UIT_COURSES/SE100/Da
ilyDesk/node_modules/
[4m.pnpm[24m/drizzl
e-orm@0.44.7_@electri
_5c2928a099a752b7e299
aaadb8975aea/node_mod
ules/[4msrc[24m/lib
sql/session.ts:214:16
)
    at 
Module.createCard [9
0m(D:\UIT_COURSES\SE1
00\DailyDesk\backend\
[39msrc\services\car
ds.service.ts:319:23
[90m)[39m
    at [90mD:\UIT_CO
URSES\SE100\DailyDesk
\backend\[39msrc\rou
tes\cards.ts:152:22
    at dispatch (file
:///D:/UIT_COURSES/SE
100/DailyDesk/node_mo
dules/[4m.pnpm[24m/
hono@4.11.3/node_modu
les/[4mhono[24m/dis
t/compose.js:22:17)
    at file:///D:/UIT
_COURSES/SE100/DailyD
esk/node_modules/[4m
.pnpm[24m/hono@4.11.
3/node_modules/[4mho
no[24m/dist/validato
r/validator.js:81:12
    at mw (file:///D:
/UIT_COURSES/SE100/Da
ilyDesk/node_modules/
[4m.pnpm[24m/@hono+
zod-openapi@1.2.0_hon
o@4.11.3_zod@4.3.5/no
de_modules/[4m@hono
[24m/zod-openapi/src/
index.ts:546:26)
    at dispatch (file
:///D:/UIT_COURSES/SE
100/DailyDesk/node_mo
dules/[4m.pnpm[24m/
hono@4.11.3/node_modu
les/[4mhono[24m/dis
t/compose.js:22:17) {
  query: 
[32m'select "id", 
"name", 
"description", 
"order", 
"cover_url", 
"cover_public_id", 
"cover_color", 
"cover_mode", 
"list_id", 
"start_date", 
"deadline", 
"due_at", 
"due_complete", 
"reminder_minutes", 
"recurrence", 
"recurrence_day", "re
currence_weekday", 
"repeat_frequency", 
"repeat_interval", 
"latitude", 
"longitude", 
"completed", 
"is_template", 
"created_at", 
"updated_at" from 
"cards" where 
"cards"."list_id" = 
?'[39m,
  params: [ [32m'019
bd127-db0e-7c95-a798-
b01eaf18e80b'[39m ],
  cause: 
LibsqlError: 
SQLITE_ERROR: no 
such column: 
is_template
      at 
mapSqliteError (file:
///D:/UIT_COURSES/SE1
00/DailyDesk/node_mod
ules/[4m.pnpm[24m/@
libsql+client@0.15.15
/node_modules/[4m@li
bsql[24m/client/lib-
esm/sqlite3.js:392:16
)
      at executeStmt 
(file:///D:/UIT_COURS
ES/SE100/DailyDesk/no
de_modules/[4m.pnpm
[24m/@libsql+client@0
.15.15/node_modules/
[4m@libsql[24m/clien
t/lib-esm/sqlite3.js:
297:15)
      at Sqlite3Clien
t.execute (file:///D:
/UIT_COURSES/SE100/Da
ilyDesk/node_modules/
[4m.pnpm[24m/@libsq
l+client@0.15.15/node
_modules/[4m@libsql
[24m/client/lib-esm/s
qlite3.js:81:16)
  [90m    ... 5 
lines matching cause 
stack trace ...[39m
      at SQLiteSelect
Base.execute (file://
/D:/UIT_COURSES/SE100
/DailyDesk/node_modul
es/[4m.pnpm[24m/dri
zzle-orm@0.44.7_@elec
tri_5c2928a099a752b7e
299aaadb8975aea/node_
modules/[4msrc[24m/
sqlite-core/query-bui
lders/select.ts:962:1
5)
      at SQLiteSelect
Base.then (file:///D:
/UIT_COURSES/SE100/Da
ilyDesk/node_modules/
[4m.pnpm[24m/drizzl
e-orm@0.44.7_@electri
_5c2928a099a752b7e299
aaadb8975aea/node_mod
ules/[4msrc[24m/que
ry-promise.ts:31:15) 
{
    code: [32m'SQLIT
E_ERROR'[39m,
    rawCode: 
[33m1[39m,
    [cause]: 
SqliteError: no such 
column: is_template
        at 
convertError (D:\UIT_
COURSES\SE100\DailyDe
sk\node_modules\[4m.
pnpm[24m\libsql@0.5.
22\node_modules\[4ml
ibsql[24m\index.js:5
9:12)
        at 
Database.prepare (D:\
UIT_COURSES\SE100\Dai
lyDesk\node_modules\
[4m.pnpm[24m\libsql@
0.5.22\node_modules\
[4mlibsql[24m\index.
js:131:13)
        at 
executeStmt (file:///
D:/UIT_COURSES/SE100/
DailyDesk/node_module
s/[4m.pnpm[24m/@lib
sql+client@0.15.15/no
de_modules/[4m@libsq
l[24m/client/lib-esm
/sqlite3.js:268:28)
        at Sqlite3Cli
ent.execute (file:///
D:/UIT_COURSES/SE100/
DailyDesk/node_module
s/[4m.pnpm[24m/@lib
sql+client@0.15.15/no
de_modules/[4m@libsq
l[24m/client/lib-esm
/sqlite3.js:81:16)
        at file:///D:
/UIT_COURSES/SE100/Da
ilyDesk/node_modules/
[4m.pnpm[24m/drizzl
e-orm@0.44.7_@electri
_5c2928a099a752b7e299
aaadb8975aea/node_mod
ules/[4msrc[24m/lib
sql/session.ts:288:58
        at LibSQLPrep
aredQuery.queryWithCa
che (file:///D:/UIT_C
OURSES/SE100/DailyDes
k/node_modules/[4m.p
npm[24m/drizzle-orm@
0.44.7_@electri_5c292
8a099a752b7e299aaadb8
975aea/node_modules/
[4msrc[24m/sqlite-co
re/session.ts:78:18)
        at LibSQLPrep
aredQuery.values (fil
e:///D:/UIT_COURSES/S
E100/DailyDesk/node_m
odules/[4m.pnpm[24m
/drizzle-orm@0.44.7_@
electri_5c2928a099a75
2b7e299aaadb8975aea/n
ode_modules/[4msrc[
24m/libsql/session.ts
:286:21)
        at LibSQLPrep
aredQuery.all (file:/
//D:/UIT_COURSES/SE10
0/DailyDesk/node_modu
les/[4m.pnpm[24m/dr
izzle-orm@0.44.7_@ele
ctri_5c2928a099a752b7
e299aaadb8975aea/node
_modules/[4msrc[24m
/libsql/session.ts:21
4:27)
        at 
SQLiteSelectBase.all 
(file:///D:/UIT_COURS
ES/SE100/DailyDesk/no
de_modules/[4m.pnpm
[24m/drizzle-orm@0.44
.7_@electri_5c2928a09
9a752b7e299aaadb8975a
ea/node_modules/[4ms
rc[24m/sqlite-core/q
uery-builders/select.
ts:950:26)
        at SQLiteSele
ctBase.execute (file:
///D:/UIT_COURSES/SE1
00/DailyDesk/node_mod
ules/[4m.pnpm[24m/d
rizzle-orm@0.44.7_@el
ectri_5c2928a099a752b
7e299aaadb8975aea/nod
e_modules/[4msrc[24
m/sqlite-core/query-b
uilders/select.ts:962
:15) {
      code: [32m'SQL
ITE_ERROR'[39m,
      rawCode: 
[33m1[39m
    }
  }
}
Error in updateCard 
route: 
DrizzleQueryError: 
Failed query: select 
"id", "name", 
"description", 
"order", 
"cover_url", 
"cover_public_id", 
"cover_color", 
"cover_mode", 
"list_id", 
"start_date", 
"deadline", 
"due_at", 
"due_complete", 
"reminder_minutes", 
"recurrence", 
"recurrence_day", "re
currence_weekday", 
"repeat_frequency", 
"repeat_interval", 
"latitude", 
"longitude", 
"completed", 
"is_template", 
"created_at", 
"updated_at" from 
"cards" where 
"cards"."id" = ? 
limit ?
params: 019bd127-db11
-7723-9245-b65f59bb92
d2,1
    at LibSQLPrepared
Query.queryWithCache 
(file:///D:/UIT_COURS
ES/SE100/DailyDesk/no
de_modules/[4m.pnpm
[24m/drizzle-orm@0.44
.7_@electri_5c2928a09
9a752b7e299aaadb8975a
ea/node_modules/[4ms
rc[24m/sqlite-core/s
ession.ts:80:11)
[90m    at processTi
cksAndRejections (nod
e:internal/process/ta
sk_queues:105:5)[39m
    at LibSQLPrepared
Query.values (file://
/D:/UIT_COURSES/SE100
/DailyDesk/node_modul
es/[4m.pnpm[24m/dri
zzle-orm@0.44.7_@elec
tri_5c2928a099a752b7e
299aaadb8975aea/node_
modules/[4msrc[24m/
libsql/session.ts:286
:10)
    at LibSQLPrepared
Query.all (file:///D:
/UIT_COURSES/SE100/Da
ilyDesk/node_modules/
[4m.pnpm[24m/drizzl
e-orm@0.44.7_@electri
_5c2928a099a752b7e299
aaadb8975aea/node_mod
ules/[4msrc[24m/lib
sql/session.ts:214:16
)
    at 
Module.updateCard [9
0m(D:\UIT_COURSES\SE1
00\DailyDesk\backend\
[39msrc\services\car
ds.service.ts:566:24
[90m)[39m
    at [90mD:\UIT_CO
URSES\SE100\DailyDesk
\backend\[39msrc\rou
tes\cards.ts:244:25
    at dispatch (file
:///D:/UIT_COURSES/SE
100/DailyDesk/node_mo
dules/[4m.pnpm[24m/
hono@4.11.3/node_modu
les/[4mhono[24m/dis
t/compose.js:22:17)
    at file:///D:/UIT
_COURSES/SE100/DailyD
esk/node_modules/[4m
.pnpm[24m/hono@4.11.
3/node_modules/[4mho
no[24m/dist/validato
r/validator.js:81:12
    at mw (file:///D:
/UIT_COURSES/SE100/Da
ilyDesk/node_modules/
[4m.pnpm[24m/@hono+
zod-openapi@1.2.0_hon
o@4.11.3_zod@4.3.5/no
de_modules/[4m@hono
[24m/zod-openapi/src/
index.ts:546:26)
    at dispatch (file
:///D:/UIT_COURSES/SE
100/DailyDesk/node_mo
dules/[4m.pnpm[24m/
hono@4.11.3/node_modu
les/[4mhono[24m/dis
t/compose.js:22:17) {
  query: 
[32m'select "id", 
"name", 
"description", 
"order", 
"cover_url", 
"cover_public_id", 
"cover_color", 
"cover_mode", 
"list_id", 
"start_date", 
"deadline", 
"due_at", 
"due_complete", 
"reminder_minutes", 
"recurrence", 
"recurrence_day", "re
currence_weekday", 
"repeat_frequency", 
"repeat_interval", 
"latitude", 
"longitude", 
"completed", 
"is_template", 
"created_at", 
"updated_at" from 
"cards" where 
"cards"."id" = ? 
limit ?'[39m,
  params: [ [32m'019
bd127-db11-7723-9245-
b65f59bb92d2'[39m, 
[33m1[39m ],
  cause: 
LibsqlError: 
SQLITE_ERROR: no 
such column: 
is_template
      at 
mapSqliteError (file:
///D:/UIT_COURSES/SE1
00/DailyDesk/node_mod
ules/[4m.pnpm[24m/@
libsql+client@0.15.15
/node_modules/[4m@li
bsql[24m/client/lib-
esm/sqlite3.js:392:16
)
      at executeStmt 
(file:///D:/UIT_COURS
ES/SE100/DailyDesk/no
de_modules/[4m.pnpm
[24m/@libsql+client@0
.15.15/node_modules/
[4m@libsql[24m/clien
t/lib-esm/sqlite3.js:
297:15)
      at Sqlite3Clien
t.execute (file:///D:
/UIT_COURSES/SE100/Da
ilyDesk/node_modules/
[4m.pnpm[24m/@libsq
l+client@0.15.15/node
_modules/[4m@libsql
[24m/client/lib-esm/s
qlite3.js:81:16)
  [90m    ... 5 
lines matching cause 
stack trace ...[39m
      at SQLiteSelect
Base.execute (file://
/D:/UIT_COURSES/SE100
/DailyDesk/node_modul
es/[4m.pnpm[24m/dri
zzle-orm@0.44.7_@elec
tri_5c2928a099a752b7e
299aaadb8975aea/node_
modules/[4msrc[24m/
sqlite-core/query-bui
lders/select.ts:962:1
5)
      at SQLiteSelect
Base.then (file:///D:
/UIT_COURSES/SE100/Da
ilyDesk/node_modules/
[4m.pnpm[24m/drizzl
e-orm@0.44.7_@electri
_5c2928a099a752b7e299
aaadb8975aea/node_mod
ules/[4msrc[24m/que
ry-promise.ts:31:15) 
{
    code: [32m'SQLIT
E_ERROR'[39m,
    rawCode: 
[33m1[39m,
    [cause]: 
SqliteError: no such 
column: is_template
        at 
convertError (D:\UIT_
COURSES\SE100\DailyDe
sk\node_modules\[4m.
pnpm[24m\libsql@0.5.
22\node_modules\[4ml
ibsql[24m\index.js:5
9:12)
        at 
Database.prepare (D:\
UIT_COURSES\SE100\Dai
lyDesk\node_modules\
[4m.pnpm[24m\libsql@
0.5.22\node_modules\
[4mlibsql[24m\index.
js:131:13)
        at 
executeStmt (file:///
D:/UIT_COURSES/SE100/
DailyDesk/node_module
s/[4m.pnpm[24m/@lib
sql+client@0.15.15/no
de_modules/[4m@libsq
l[24m/client/lib-esm
/sqlite3.js:268:28)
        at Sqlite3Cli
ent.execute (file:///
D:/UIT_COURSES/SE100/
DailyDesk/node_module
s/[4m.pnpm[24m/@lib
sql+client@0.15.15/no
de_modules/[4m@libsq
l[24m/client/lib-esm
/sqlite3.js:81:16)
        at file:///D:
/UIT_COURSES/SE100/Da
ilyDesk/node_modules/
[4m.pnpm[24m/drizzl
e-orm@0.44.7_@electri
_5c2928a099a752b7e299
aaadb8975aea/node_mod
ules/[4msrc[24m/lib
sql/session.ts:288:58
        at LibSQLPrep
aredQuery.queryWithCa
che (file:///D:/UIT_C
OURSES/SE100/DailyDes
k/node_modules/[4m.p
npm[24m/drizzle-orm@
0.44.7_@electri_5c292
8a099a752b7e299aaadb8
975aea/node_modules/
[4msrc[24m/sqlite-co
re/session.ts:78:18)
        at LibSQLPrep
aredQuery.values (fil
e:///D:/UIT_COURSES/S
E100/DailyDesk/node_m
odules/[4m.pnpm[24m
/drizzle-orm@0.44.7_@
electri_5c2928a099a75
2b7e299aaadb8975aea/n
ode_modules/[4msrc[
24m/libsql/session.ts
:286:21)
        at LibSQLPrep
aredQuery.all (file:/
//D:/UIT_COURSES/SE10
0/DailyDesk/node_modu
les/[4m.pnpm[24m/dr
izzle-orm@0.44.7_@ele
ctri_5c2928a099a752b7
e299aaadb8975aea/node
_modules/[4msrc[24m
/libsql/session.ts:21
4:27)
        at 
SQLiteSelectBase.all 
(file:///D:/UIT_COURS
ES/SE100/DailyDesk/no
de_modules/[4m.pnpm
[24m/drizzle-orm@0.44
.7_@electri_5c2928a09
9a752b7e299aaadb8975a
ea/node_modules/[4ms
rc[24m/sqlite-core/q
uery-builders/select.
ts:950:26)
        at SQLiteSele
ctBase.execute (file:
///D:/UIT_COURSES/SE1
00/DailyDesk/node_mod
ules/[4m.pnpm[24m/d
rizzle-orm@0.44.7_@el
ectri_5c2928a099a752b
7e299aaadb8975aea/nod
e_modules/[4msrc[24
m/sqlite-core/query-b
uilders/select.ts:962
:15) {
      code: [32m'SQL
ITE_ERROR'[39m,
      rawCode: 
[33m1[39m
    }
  }
}
DrizzleQueryError: 
Failed query: select 
"id", "name", 
"description", 
"order", 
"cover_url", 
"cover_public_id", 
"cover_color", 
"cover_mode", 
"list_id", 
"start_date", 
"deadline", 
"due_at", 
"due_complete", 
"reminder_minutes", 
"recurrence", 
"recurrence_day", "re
currence_weekday", 
"repeat_frequency", 
"repeat_interval", 
"latitude", 
"longitude", 
"completed", 
"is_template", 
"created_at", 
"updated_at" from 
"cards" where 
"cards"."id" = ? 
limit ?
params: 019bd127-db11
-7723-9245-b65f59bb92
d2,1
    at LibSQLPrepared
Query.queryWithCache 
(file:///D:/UIT_COURS
ES/SE100/DailyDesk/no
de_modules/[4m.pnpm
[24m/drizzle-orm@0.44
.7_@electri_5c2928a09
9a752b7e299aaadb8975a
ea/node_modules/[4ms
rc[24m/sqlite-core/s
ession.ts:80:11)
[90m    at processTi
cksAndRejections (nod
e:internal/process/ta
sk_queues:105:5)[39m
    at LibSQLPrepared
Query.values (file://
/D:/UIT_COURSES/SE100
/DailyDesk/node_modul
es/[4m.pnpm[24m/dri
zzle-orm@0.44.7_@elec
tri_5c2928a099a752b7e
299aaadb8975aea/node_
modules/[4msrc[24m/
libsql/session.ts:286
:10)
    at LibSQLPrepared
Query.all (file:///D:
/UIT_COURSES/SE100/Da
ilyDesk/node_modules/
[4m.pnpm[24m/drizzl
e-orm@0.44.7_@electri
_5c2928a099a752b7e299
aaadb8975aea/node_mod
ules/[4msrc[24m/lib
sql/session.ts:214:16
)
    at 
Module.updateCard [9
0m(D:\UIT_COURSES\SE1
00\DailyDesk\backend\
[39msrc\services\car
ds.service.ts:566:24
[90m)[39m
    at [90mD:\UIT_CO
URSES\SE100\DailyDesk
\backend\[39msrc\rou
tes\cards.ts:244:25
    at dispatch (file
:///D:/UIT_COURSES/SE
100/DailyDesk/node_mo
dules/[4m.pnpm[24m/
hono@4.11.3/node_modu
les/[4mhono[24m/dis
t/compose.js:22:17)
    at file:///D:/UIT
_COURSES/SE100/DailyD
esk/node_modules/[4m
.pnpm[24m/hono@4.11.
3/node_modules/[4mho
no[24m/dist/validato
r/validator.js:81:12
    at mw (file:///D:
/UIT_COURSES/SE100/Da
ilyDesk/node_modules/
[4m.pnpm[24m/@hono+
zod-openapi@1.2.0_hon
o@4.11.3_zod@4.3.5/no
de_modules/[4m@hono
[24m/zod-openapi/src/
index.ts:546:26)
    at dispatch (file
:///D:/UIT_COURSES/SE
100/DailyDesk/node_mo
dules/[4m.pnpm[24m/
hono@4.11.3/node_modu
les/[4mhono[24m/dis
t/compose.js:22:17) {
  query: 
[32m'select "id", 
"name", 
"description", 
"order", 
"cover_url", 
"cover_public_id", 
"cover_color", 
"cover_mode", 
"list_id", 
"start_date", 
"deadline", 
"due_at", 
"due_complete", 
"reminder_minutes", 
"recurrence", 
"recurrence_day", "re
currence_weekday", 
"repeat_frequency", 
"repeat_interval", 
"latitude", 
"longitude", 
"completed", 
"is_template", 
"created_at", 
"updated_at" from 
"cards" where 
"cards"."id" = ? 
limit ?'[39m,
  params: [ [32m'019
bd127-db11-7723-9245-
b65f59bb92d2'[39m, 
[33m1[39m ],
  cause: 
LibsqlError: 
SQLITE_ERROR: no 
such column: 
is_template
      at 
mapSqliteError (file:
///D:/UIT_COURSES/SE1
00/DailyDesk/node_mod
ules/[4m.pnpm[24m/@
libsql+client@0.15.15
/node_modules/[4m@li
bsql[24m/client/lib-
esm/sqlite3.js:392:16
)
      at executeStmt 
(file:///D:/UIT_COURS
ES/SE100/DailyDesk/no
de_modules/[4m.pnpm
[24m/@libsql+client@0
.15.15/node_modules/
[4m@libsql[24m/clien
t/lib-esm/sqlite3.js:
297:15)
      at Sqlite3Clien
t.execute (file:///D:
/UIT_COURSES/SE100/Da
ilyDesk/node_modules/
[4m.pnpm[24m/@libsq
l+client@0.15.15/node
_modules/[4m@libsql
[24m/client/lib-esm/s
qlite3.js:81:16)
  [90m    ... 5 
lines matching cause 
stack trace ...[39m
      at SQLiteSelect
Base.execute (file://
/D:/UIT_COURSES/SE100
/DailyDesk/node_modul
es/[4m.pnpm[24m/dri
zzle-orm@0.44.7_@elec
tri_5c2928a099a752b7e
299aaadb8975aea/node_
modules/[4msrc[24m/
sqlite-core/query-bui
lders/select.ts:962:1
5)
      at SQLiteSelect
Base.then (file:///D:
/UIT_COURSES/SE100/Da
ilyDesk/node_modules/
[4m.pnpm[24m/drizzl
e-orm@0.44.7_@electri
_5c2928a099a752b7e299
aaadb8975aea/node_mod
ules/[4msrc[24m/que
ry-promise.ts:31:15) 
{
    code: [32m'SQLIT
E_ERROR'[39m,
    rawCode: 
[33m1[39m,
    [cause]: 
SqliteError: no such 
column: is_template
        at 
convertError (D:\UIT_
COURSES\SE100\DailyDe
sk\node_modules\[4m.
pnpm[24m\libsql@0.5.
22\node_modules\[4ml
ibsql[24m\index.js:5
9:12)
        at 
Database.prepare (D:\
UIT_COURSES\SE100\Dai
lyDesk\node_modules\
[4m.pnpm[24m\libsql@
0.5.22\node_modules\
[4mlibsql[24m\index.
js:131:13)
        at 
executeStmt (file:///
D:/UIT_COURSES/SE100/
DailyDesk/node_module
s/[4m.pnpm[24m/@lib
sql+client@0.15.15/no
de_modules/[4m@libsq
l[24m/client/lib-esm
/sqlite3.js:268:28)
        at Sqlite3Cli
ent.execute (file:///
D:/UIT_COURSES/SE100/
DailyDesk/node_module
s/[4m.pnpm[24m/@lib
sql+client@0.15.15/no
de_modules/[4m@libsq
l[24m/client/lib-esm
/sqlite3.js:81:16)
        at file:///D:
/UIT_COURSES/SE100/Da
ilyDesk/node_modules/
[4m.pnpm[24m/drizzl
e-orm@0.44.7_@electri
_5c2928a099a752b7e299
aaadb8975aea/node_mod
ules/[4msrc[24m/lib
sql/session.ts:288:58
        at LibSQLPrep
aredQuery.queryWithCa
che (file:///D:/UIT_C
OURSES/SE100/DailyDes
k/node_modules/[4m.p
npm[24m/drizzle-orm@
0.44.7_@electri_5c292
8a099a752b7e299aaadb8
975aea/node_modules/
[4msrc[24m/sqlite-co
re/session.ts:78:18)
        at LibSQLPrep
aredQuery.values (fil
e:///D:/UIT_COURSES/S
E100/DailyDesk/node_m
odules/[4m.pnpm[24m
/drizzle-orm@0.44.7_@
electri_5c2928a099a75
2b7e299aaadb8975aea/n
ode_modules/[4msrc[
24m/libsql/session.ts
:286:21)
        at LibSQLPrep
aredQuery.all (file:/
//D:/UIT_COURSES/SE10
0/DailyDesk/node_modu
les/[4m.pnpm[24m/dr
izzle-orm@0.44.7_@ele
ctri_5c2928a099a752b7
e299aaadb8975aea/node
_modules/[4msrc[24m
/libsql/session.ts:21
4:27)
        at 
SQLiteSelectBase.all 
(file:///D:/UIT_COURS
ES/SE100/DailyDesk/no
de_modules/[4m.pnpm
[24m/drizzle-orm@0.44
.7_@electri_5c2928a09
9a752b7e299aaadb8975a
ea/node_modules/[4ms
rc[24m/sqlite-core/q
uery-builders/select.
ts:950:26)
        at SQLiteSele
ctBase.execute (file:
///D:/UIT_COURSES/SE1
00/DailyDesk/node_mod
ules/[4m.pnpm[24m/d
rizzle-orm@0.44.7_@el
ectri_5c2928a099a752b
7e299aaadb8975aea/nod
e_modules/[4msrc[24
m/sqlite-core/query-b
uilders/select.ts:962
:15) {
      code: [32m'SQL
ITE_ERROR'[39m,
      rawCode: 
[33m1[39m
    }
  }
}

[90mstderr[2m | tes
ts/cards/cards.test.t
s[2m > 
[22m[2mCards API 
Integration 
Tests[2m > 
[22m[2mPUT /boards/
:boardId/cards/:id[2
m > [22m[2mshould 
move card to another 
list in same board
[22m[39mDrizzleQuer
yError: Failed 
query: select "id", 
"name", 
"description", 
"order", 
"cover_url", 
"cover_public_id", 
"cover_color", 
"cover_mode", 
"list_id", 
"start_date", 
"deadline", 
"due_at", 
"due_complete", 
"reminder_minutes", 
"recurrence", 
"recurrence_day", "re
currence_weekday", 
"repeat_frequency", 
"repeat_interval", 
"latitude", 
"longitude", 
"completed", 
"is_template", 
"created_at", 
"updated_at" from 
"cards" where 
"cards"."list_id" = ?
params: 019bd127-db21
-7628-abb3-7bd81cb1e2
7d
    at LibSQLPrepared
Query.queryWithCache 
(file:///D:/UIT_COURS
ES/SE100/DailyDesk/no
de_modules/[4m.pnpm
[24m/drizzle-orm@0.44
.7_@electri_5c2928a09
9a752b7e299aaadb8975a
ea/node_modules/[4ms
rc[24m/sqlite-core/s
ession.ts:80:11)
[90m    at processTi
cksAndRejections (nod
e:internal/process/ta
sk_queues:105:5)[39m
    at LibSQLPrepared
Query.values (file://
/D:/UIT_COURSES/SE100
/DailyDesk/node_modul
es/[4m.pnpm[24m/dri
zzle-orm@0.44.7_@elec
tri_5c2928a099a752b7e
299aaadb8975aea/node_
modules/[4msrc[24m/
libsql/session.ts:286
:10)
    at LibSQLPrepared
Query.all (file:///D:
/UIT_COURSES/SE100/Da
ilyDesk/node_modules/
[4m.pnpm[24m/drizzl
e-orm@0.44.7_@electri
_5c2928a099a752b7e299
aaadb8975aea/node_mod
ules/[4msrc[24m/lib
sql/session.ts:214:16
)
    at 
Module.createCard [9
0m(D:\UIT_COURSES\SE1
00\DailyDesk\backend\
[39msrc\services\car
ds.service.ts:319:23
[90m)[39m
    at [90mD:\UIT_CO
URSES\SE100\DailyDesk
\backend\[39msrc\rou
tes\cards.ts:152:22
    at dispatch (file
:///D:/UIT_COURSES/SE
100/DailyDesk/node_mo
dules/[4m.pnpm[24m/
hono@4.11.3/node_modu
les/[4mhono[24m/dis
t/compose.js:22:17)
    at file:///D:/UIT
_COURSES/SE100/DailyD
esk/node_modules/[4m
.pnpm[24m/hono@4.11.
3/node_modules/[4mho
no[24m/dist/validato
r/validator.js:81:12
    at mw (file:///D:
/UIT_COURSES/SE100/Da
ilyDesk/node_modules/
[4m.pnpm[24m/@hono+
zod-openapi@1.2.0_hon
o@4.11.3_zod@4.3.5/no
de_modules/[4m@hono
[24m/zod-openapi/src/
index.ts:546:26)
    at dispatch (file
:///D:/UIT_COURSES/SE
100/DailyDesk/node_mo
dules/[4m.pnpm[24m/
hono@4.11.3/node_modu
les/[4mhono[24m/dis
t/compose.js:22:17) {
  query: 
[32m'select "id", 
"name", 
"description", 
"order", 
"cover_url", 
"cover_public_id", 
"cover_color", 
"cover_mode", 
"list_id", 
"start_date", 
"deadline", 
"due_at", 
"due_complete", 
"reminder_minutes", 
"recurrence", 
"recurrence_day", "re
currence_weekday", 
"repeat_frequency", 
"repeat_interval", 
"latitude", 
"longitude", 
"completed", 
"is_template", 
"created_at", 
"updated_at" from 
"cards" where 
"cards"."list_id" = 
?'[39m,
  params: [ [32m'019
bd127-db21-7628-abb3-
7bd81cb1e27d'[39m ],
  cause: 
LibsqlError: 
SQLITE_ERROR: no 
such column: 
is_template
      at 
mapSqliteError (file:
///D:/UIT_COURSES/SE1
00/DailyDesk/node_mod
ules/[4m.pnpm[24m/@
libsql+client@0.15.15
/node_modules/[4m@li
bsql[24m/client/lib-
esm/sqlite3.js:392:16
)
      at executeStmt 
(file:///D:/UIT_COURS
ES/SE100/DailyDesk/no
de_modules/[4m.pnpm
[24m/@libsql+client@0
.15.15/node_modules/
[4m@libsql[24m/clien
t/lib-esm/sqlite3.js:
297:15)
      at Sqlite3Clien
t.execute (file:///D:
/UIT_COURSES/SE100/Da
ilyDesk/node_modules/
[4m.pnpm[24m/@libsq
l+client@0.15.15/node
_modules/[4m@libsql
[24m/client/lib-esm/s
qlite3.js:81:16)
  [90m    ... 5 
lines matching cause 
stack trace ...[39m
      at SQLiteSelect
Base.execute (file://
/D:/UIT_COURSES/SE100
/DailyDesk/node_modul
es/[4m.pnpm[24m/dri
zzle-orm@0.44.7_@elec
tri_5c2928a099a752b7e
299aaadb8975aea/node_
modules/[4msrc[24m/
sqlite-core/query-bui
lders/select.ts:962:1
5)
      at SQLiteSelect
Base.then (file:///D:
/UIT_COURSES/SE100/Da
ilyDesk/node_modules/
[4m.pnpm[24m/drizzl
e-orm@0.44.7_@electri
_5c2928a099a752b7e299
aaadb8975aea/node_mod
ules/[4msrc[24m/que
ry-promise.ts:31:15) 
{
    code: [32m'SQLIT
E_ERROR'[39m,
    rawCode: 
[33m1[39m,
    [cause]: 
SqliteError: no such 
column: is_template
        at 
convertError (D:\UIT_
COURSES\SE100\DailyDe
sk\node_modules\[4m.
pnpm[24m\libsql@0.5.
22\node_modules\[4ml
ibsql[24m\index.js:5
9:12)
        at 
Database.prepare (D:\
UIT_COURSES\SE100\Dai
lyDesk\node_modules\
[4m.pnpm[24m\libsql@
0.5.22\node_modules\
[4mlibsql[24m\index.
js:131:13)
        at 
executeStmt (file:///
D:/UIT_COURSES/SE100/
DailyDesk/node_module
s/[4m.pnpm[24m/@lib
sql+client@0.15.15/no
de_modules/[4m@libsq
l[24m/client/lib-esm
/sqlite3.js:268:28)
        at Sqlite3Cli
ent.execute (file:///
D:/UIT_COURSES/SE100/
DailyDesk/node_module
s/[4m.pnpm[24m/@lib
sql+client@0.15.15/no
de_modules/[4m@libsq
l[24m/client/lib-esm
/sqlite3.js:81:16)
        at file:///D:
/UIT_COURSES/SE100/Da
ilyDesk/node_modules/
[4m.pnpm[24m/drizzl
e-orm@0.44.7_@electri
_5c2928a099a752b7e299
aaadb8975aea/node_mod
ules/[4msrc[24m/lib
sql/session.ts:288:58
        at LibSQLPrep
aredQuery.queryWithCa
che (file:///D:/UIT_C
OURSES/SE100/DailyDes
k/node_modules/[4m.p
npm[24m/drizzle-orm@
0.44.7_@electri_5c292
8a099a752b7e299aaadb8
975aea/node_modules/
[4msrc[24m/sqlite-co
re/session.ts:78:18)
        at LibSQLPrep
aredQuery.values (fil
e:///D:/UIT_COURSES/S
E100/DailyDesk/node_m
odules/[4m.pnpm[24m
/drizzle-orm@0.44.7_@
electri_5c2928a099a75
2b7e299aaadb8975aea/n
ode_modules/[4msrc[
24m/libsql/session.ts
:286:21)
        at LibSQLPrep
aredQuery.all (file:/
//D:/UIT_COURSES/SE10
0/DailyDesk/node_modu
les/[4m.pnpm[24m/dr
izzle-orm@0.44.7_@ele
ctri_5c2928a099a752b7
e299aaadb8975aea/node
_modules/[4msrc[24m
/libsql/session.ts:21
4:27)
        at 
SQLiteSelectBase.all 
(file:///D:/UIT_COURS
ES/SE100/DailyDesk/no
de_modules/[4m.pnpm
[24m/drizzle-orm@0.44
.7_@electri_5c2928a09
9a752b7e299aaadb8975a
ea/node_modules/[4ms
rc[24m/sqlite-core/q
uery-builders/select.
ts:950:26)
        at SQLiteSele
ctBase.execute (file:
///D:/UIT_COURSES/SE1
00/DailyDesk/node_mod
ules/[4m.pnpm[24m/d
rizzle-orm@0.44.7_@el
ectri_5c2928a099a752b
7e299aaadb8975aea/nod
e_modules/[4msrc[24
m/sqlite-core/query-b
uilders/select.ts:962
:15) {
      code: [32m'SQL
ITE_ERROR'[39m,
      rawCode: 
[33m1[39m
    }
  }
}
Error in updateCard 
route: 
DrizzleQueryError: 
Failed query: select 
"id", "name", 
"description", 
"order", 
"cover_url", 
"cover_public_id", 
"cover_color", 
"cover_mode", 
"list_id", 
"start_date", 
"deadline", 
"due_at", 
"due_complete", 
"reminder_minutes", 
"recurrence", 
"recurrence_day", "re
currence_weekday", 
"repeat_frequency", 
"repeat_interval", 
"latitude", 
"longitude", 
"completed", 
"is_template", 
"created_at", 
"updated_at" from 
"cards" where 
"cards"."id" = ? 
limit ?
params: 019bd127-db27
-76f2-862c-734feaf3fd
49,1
    at LibSQLPrepared
Query.queryWithCache 
(file:///D:/UIT_COURS
ES/SE100/DailyDesk/no
de_modules/[4m.pnpm
[24m/drizzle-orm@0.44
.7_@electri_5c2928a09
9a752b7e299aaadb8975a
ea/node_modules/[4ms
rc[24m/sqlite-core/s
ession.ts:80:11)
[90m    at processTi
cksAndRejections (nod
e:internal/process/ta
sk_queues:105:5)[39m
    at LibSQLPrepared
Query.values (file://
/D:/UIT_COURSES/SE100
/DailyDesk/node_modul
es/[4m.pnpm[24m/dri
zzle-orm@0.44.7_@elec
tri_5c2928a099a752b7e
299aaadb8975aea/node_
modules/[4msrc[24m/
libsql/session.ts:286
:10)
    at LibSQLPrepared
Query.all (file:///D:
/UIT_COURSES/SE100/Da
ilyDesk/node_modules/
[4m.pnpm[24m/drizzl
e-orm@0.44.7_@electri
_5c2928a099a752b7e299
aaadb8975aea/node_mod
ules/[4msrc[24m/lib
sql/session.ts:214:16
)
    at 
Module.updateCard [9
0m(D:\UIT_COURSES\SE1
00\DailyDesk\backend\
[39msrc\services\car
ds.service.ts:566:24
[90m)[39m
    at [90mD:\UIT_CO
URSES\SE100\DailyDesk
\backend\[39msrc\rou
tes\cards.ts:244:25
    at dispatch (file
:///D:/UIT_COURSES/SE
100/DailyDesk/node_mo
dules/[4m.pnpm[24m/
hono@4.11.3/node_modu
les/[4mhono[24m/dis
t/compose.js:22:17)
    at file:///D:/UIT
_COURSES/SE100/DailyD
esk/node_modules/[4m
.pnpm[24m/hono@4.11.
3/node_modules/[4mho
no[24m/dist/validato
r/validator.js:81:12
    at mw (file:///D:
/UIT_COURSES/SE100/Da
ilyDesk/node_modules/
[4m.pnpm[24m/@hono+
zod-openapi@1.2.0_hon
o@4.11.3_zod@4.3.5/no
de_modules/[4m@hono
[24m/zod-openapi/src/
index.ts:546:26)
    at dispatch (file
:///D:/UIT_COURSES/SE
100/DailyDesk/node_mo
dules/[4m.pnpm[24m/
hono@4.11.3/node_modu
les/[4mhono[24m/dis
t/compose.js:22:17) {
  query: 
[32m'select "id", 
"name", 
"description", 
"order", 
"cover_url", 
"cover_public_id", 
"cover_color", 
"cover_mode", 
"list_id", 
"start_date", 
"deadline", 
"due_at", 
"due_complete", 
"reminder_minutes", 
"recurrence", 
"recurrence_day", "re
currence_weekday", 
"repeat_frequency", 
"repeat_interval", 
"latitude", 
"longitude", 
"completed", 
"is_template", 
"created_at", 
"updated_at" from 
"cards" where 
"cards"."id" = ? 
limit ?'[39m,
  params: [ [32m'019
bd127-db27-76f2-862c-
734feaf3fd49'[39m, 
[33m1[39m ],
  cause: 
LibsqlError: 
SQLITE_ERROR: no 
such column: 
is_template
      at 
mapSqliteError (file:
///D:/UIT_COURSES/SE1
00/DailyDesk/node_mod
ules/[4m.pnpm[24m/@
libsql+client@0.15.15
/node_modules/[4m@li
bsql[24m/client/lib-
esm/sqlite3.js:392:16
)
      at executeStmt 
(file:///D:/UIT_COURS
ES/SE100/DailyDesk/no
de_modules/[4m.pnpm
[24m/@libsql+client@0
.15.15/node_modules/
[4m@libsql[24m/clien
t/lib-esm/sqlite3.js:
297:15)
      at Sqlite3Clien
t.execute (file:///D:
/UIT_COURSES/SE100/Da
ilyDesk/node_modules/
[4m.pnpm[24m/@libsq
l+client@0.15.15/node
_modules/[4m@libsql
[24m/client/lib-esm/s
qlite3.js:81:16)
  [90m    ... 5 
lines matching cause 
stack trace ...[39m
      at SQLiteSelect
Base.execute (file://
/D:/UIT_COURSES/SE100
/DailyDesk/node_modul
es/[4m.pnpm[24m/dri
zzle-orm@0.44.7_@elec
tri_5c2928a099a752b7e
299aaadb8975aea/node_
modules/[4msrc[24m/
sqlite-core/query-bui
lders/select.ts:962:1
5)
      at SQLiteSelect
Base.then (file:///D:
/UIT_COURSES/SE100/Da
ilyDesk/node_modules/
[4m.pnpm[24m/drizzl
e-orm@0.44.7_@electri
_5c2928a099a752b7e299
aaadb8975aea/node_mod
ules/[4msrc[24m/que
ry-promise.ts:31:15) 
{
    code: [32m'SQLIT
E_ERROR'[39m,
    rawCode: 
[33m1[39m,
    [cause]: 
SqliteError: no such 
column: is_template
        at 
convertError (D:\UIT_
COURSES\SE100\DailyDe
sk\node_modules\[4m.
pnpm[24m\libsql@0.5.
22\node_modules\[4ml
ibsql[24m\index.js:5
9:12)
        at 
Database.prepare (D:\
UIT_COURSES\SE100\Dai
lyDesk\node_modules\
[4m.pnpm[24m\libsql@
0.5.22\node_modules\
[4mlibsql[24m\index.
js:131:13)
        at 
executeStmt (file:///
D:/UIT_COURSES/SE100/
DailyDesk/node_module
s/[4m.pnpm[24m/@lib
sql+client@0.15.15/no
de_modules/[4m@libsq
l[24m/client/lib-esm
/sqlite3.js:268:28)
        at Sqlite3Cli
ent.execute (file:///
D:/UIT_COURSES/SE100/
DailyDesk/node_module
s/[4m.pnpm[24m/@lib
sql+client@0.15.15/no
de_modules/[4m@libsq
l[24m/client/lib-esm
/sqlite3.js:81:16)
        at file:///D:
/UIT_COURSES/SE100/Da
ilyDesk/node_modules/
[4m.pnpm[24m/drizzl
e-orm@0.44.7_@electri
_5c2928a099a752b7e299
aaadb8975aea/node_mod
ules/[4msrc[24m/lib
sql/session.ts:288:58
        at LibSQLPrep
aredQuery.queryWithCa
che (file:///D:/UIT_C
OURSES/SE100/DailyDes
k/node_modules/[4m.p
npm[24m/drizzle-orm@
0.44.7_@electri_5c292
8a099a752b7e299aaadb8
975aea/node_modules/
[4msrc[24m/sqlite-co
re/session.ts:78:18)
        at LibSQLPrep
aredQuery.values (fil
e:///D:/UIT_COURSES/S
E100/DailyDesk/node_m
odules/[4m.pnpm[24m
/drizzle-orm@0.44.7_@
electri_5c2928a099a75
2b7e299aaadb8975aea/n
ode_modules/[4msrc[
24m/libsql/session.ts
:286:21)
        at LibSQLPrep
aredQuery.all (file:/
//D:/UIT_COURSES/SE10
0/DailyDesk/node_modu
les/[4m.pnpm[24m/dr
izzle-orm@0.44.7_@ele
ctri_5c2928a099a752b7
e299aaadb8975aea/node
_modules/[4msrc[24m
/libsql/session.ts:21
4:27)
        at 
SQLiteSelectBase.all 
(file:///D:/UIT_COURS
ES/SE100/DailyDesk/no
de_modules/[4m.pnpm
[24m/drizzle-orm@0.44
.7_@electri_5c2928a09
9a752b7e299aaadb8975a
ea/node_modules/[4ms
rc[24m/sqlite-core/q
uery-builders/select.
ts:950:26)
        at SQLiteSele
ctBase.execute (file:
///D:/UIT_COURSES/SE1
00/DailyDesk/node_mod
ules/[4m.pnpm[24m/d
rizzle-orm@0.44.7_@el
ectri_5c2928a099a752b
7e299aaadb8975aea/nod
e_modules/[4msrc[24
m/sqlite-core/query-b
uilders/select.ts:962
:15) {
      code: [32m'SQL
ITE_ERROR'[39m,
      rawCode: 
[33m1[39m
    }
  }
}
DrizzleQueryError: 
Failed query: select 
"id", "name", 
"description", 
"order", 
"cover_url", 
"cover_public_id", 
"cover_color", 
"cover_mode", 
"list_id", 
"start_date", 
"deadline", 
"due_at", 
"due_complete", 
"reminder_minutes", 
"recurrence", 
"recurrence_day", "re
currence_weekday", 
"repeat_frequency", 
"repeat_interval", 
"latitude", 
"longitude", 
"completed", 
"is_template", 
"created_at", 
"updated_at" from 
"cards" where 
"cards"."id" = ? 
limit ?
params: 019bd127-db27
-76f2-862c-734feaf3fd
49,1
    at LibSQLPrepared
Query.queryWithCache 
(file:///D:/UIT_COURS
ES/SE100/DailyDesk/no
de_modules/[4m.pnpm
[24m/drizzle-orm@0.44
.7_@electri_5c2928a09
9a752b7e299aaadb8975a
ea/node_modules/[4ms
rc[24m/sqlite-core/s
ession.ts:80:11)
[90m    at processTi
cksAndRejections (nod
e:internal/process/ta
sk_queues:105:5)[39m
    at LibSQLPrepared
Query.values (file://
/D:/UIT_COURSES/SE100
/DailyDesk/node_modul
es/[4m.pnpm[24m/dri
zzle-orm@0.44.7_@elec
tri_5c2928a099a752b7e
299aaadb8975aea/node_
modules/[4msrc[24m/
libsql/session.ts:286
:10)
    at LibSQLPrepared
Query.all (file:///D:
/UIT_COURSES/SE100/Da
ilyDesk/node_modules/
[4m.pnpm[24m/drizzl
e-orm@0.44.7_@electri
_5c2928a099a752b7e299
aaadb8975aea/node_mod
ules/[4msrc[24m/lib
sql/session.ts:214:16
)
    at 
Module.updateCard [9
0m(D:\UIT_COURSES\SE1
00\DailyDesk\backend\
[39msrc\services\car
ds.service.ts:566:24
[90m)[39m
    at [90mD:\UIT_CO
URSES\SE100\DailyDesk
\backend\[39msrc\rou
tes\cards.ts:244:25
    at dispatch (file
:///D:/UIT_COURSES/SE
100/DailyDesk/node_mo
dules/[4m.pnpm[24m/
hono@4.11.3/node_modu
les/[4mhono[24m/dis
t/compose.js:22:17)
    at file:///D:/UIT
_COURSES/SE100/DailyD
esk/node_modules/[4m
.pnpm[24m/hono@4.11.
3/node_modules/[4mho
no[24m/dist/validato
r/validator.js:81:12
    at mw (file:///D:
/UIT_COURSES/SE100/Da
ilyDesk/node_modules/
[4m.pnpm[24m/@hono+
zod-openapi@1.2.0_hon
o@4.11.3_zod@4.3.5/no
de_modules/[4m@hono
[24m/zod-openapi/src/
index.ts:546:26)
    at dispatch (file
:///D:/UIT_COURSES/SE
100/DailyDesk/node_mo
dules/[4m.pnpm[24m/
hono@4.11.3/node_modu
les/[4mhono[24m/dis
t/compose.js:22:17) {
  query: 
[32m'select "id", 
"name", 
"description", 
"order", 
"cover_url", 
"cover_public_id", 
"cover_color", 
"cover_mode", 
"list_id", 
"start_date", 
"deadline", 
"due_at", 
"due_complete", 
"reminder_minutes", 
"recurrence", 
"recurrence_day", "re
currence_weekday", 
"repeat_frequency", 
"repeat_interval", 
"latitude", 
"longitude", 
"completed", 
"is_template", 
"created_at", 
"updated_at" from 
"cards" where 
"cards"."id" = ? 
limit ?'[39m,
  params: [ [32m'019
bd127-db27-76f2-862c-
734feaf3fd49'[39m, 
[33m1[39m ],
  cause: 
LibsqlError: 
SQLITE_ERROR: no 
such column: 
is_template
      at 
mapSqliteError (file:
///D:/UIT_COURSES/SE1
00/DailyDesk/node_mod
ules/[4m.pnpm[24m/@
libsql+client@0.15.15
/node_modules/[4m@li
bsql[24m/client/lib-
esm/sqlite3.js:392:16
)
      at executeStmt 
(file:///D:/UIT_COURS
ES/SE100/DailyDesk/no
de_modules/[4m.pnpm
[24m/@libsql+client@0
.15.15/node_modules/
[4m@libsql[24m/clien
t/lib-esm/sqlite3.js:
297:15)
      at Sqlite3Clien
t.execute (file:///D:
/UIT_COURSES/SE100/Da
ilyDesk/node_modules/
[4m.pnpm[24m/@libsq
l+client@0.15.15/node
_modules/[4m@libsql
[24m/client/lib-esm/s
qlite3.js:81:16)
  [90m    ... 5 
lines matching cause 
stack trace ...[39m
      at SQLiteSelect
Base.execute (file://
/D:/UIT_COURSES/SE100
/DailyDesk/node_modul
es/[4m.pnpm[24m/dri
zzle-orm@0.44.7_@elec
tri_5c2928a099a752b7e
299aaadb8975aea/node_
modules/[4msrc[24m/
sqlite-core/query-bui
lders/select.ts:962:1
5)
      at SQLiteSelect
Base.then (file:///D:
/UIT_COURSES/SE100/Da
ilyDesk/node_modules/
[4m.pnpm[24m/drizzl
e-orm@0.44.7_@electri
_5c2928a099a752b7e299
aaadb8975aea/node_mod
ules/[4msrc[24m/que
ry-promise.ts:31:15) 
{
    code: [32m'SQLIT
E_ERROR'[39m,
    rawCode: 
[33m1[39m,
    [cause]: 
SqliteError: no such 
column: is_template
        at 
convertError (D:\UIT_
COURSES\SE100\DailyDe
sk\node_modules\[4m.
pnpm[24m\libsql@0.5.
22\node_modules\[4ml
ibsql[24m\index.js:5
9:12)
        at 
Database.prepare (D:\
UIT_COURSES\SE100\Dai
lyDesk\node_modules\
[4m.pnpm[24m\libsql@
0.5.22\node_modules\
[4mlibsql[24m\index.
js:131:13)
        at 
executeStmt (file:///
D:/UIT_COURSES/SE100/
DailyDesk/node_module
s/[4m.pnpm[24m/@lib
sql+client@0.15.15/no
de_modules/[4m@libsq
l[24m/client/lib-esm
/sqlite3.js:268:28)
        at Sqlite3Cli
ent.execute (file:///
D:/UIT_COURSES/SE100/
DailyDesk/node_module
s/[4m.pnpm[24m/@lib
sql+client@0.15.15/no
de_modules/[4m@libsq
l[24m/client/lib-esm
/sqlite3.js:81:16)
        at file:///D:
/UIT_COURSES/SE100/Da
ilyDesk/node_modules/
[4m.pnpm[24m/drizzl
e-orm@0.44.7_@electri
_5c2928a099a752b7e299
aaadb8975aea/node_mod
ules/[4msrc[24m/lib
sql/session.ts:288:58
        at LibSQLPrep
aredQuery.queryWithCa
che (file:///D:/UIT_C
OURSES/SE100/DailyDes
k/node_modules/[4m.p
npm[24m/drizzle-orm@
0.44.7_@electri_5c292
8a099a752b7e299aaadb8
975aea/node_modules/
[4msrc[24m/sqlite-co
re/session.ts:78:18)
        at LibSQLPrep
aredQuery.values (fil
e:///D:/UIT_COURSES/S
E100/DailyDesk/node_m
odules/[4m.pnpm[24m
/drizzle-orm@0.44.7_@
electri_5c2928a099a75
2b7e299aaadb8975aea/n
ode_modules/[4msrc[
24m/libsql/session.ts
:286:21)
        at LibSQLPrep
aredQuery.all (file:/
//D:/UIT_COURSES/SE10
0/DailyDesk/node_modu
les/[4m.pnpm[24m/dr
izzle-orm@0.44.7_@ele
ctri_5c2928a099a752b7
e299aaadb8975aea/node
_modules/[4msrc[24m
/libsql/session.ts:21
4:27)
        at 
SQLiteSelectBase.all 
(file:///D:/UIT_COURS
ES/SE100/DailyDesk/no
de_modules/[4m.pnpm
[24m/drizzle-orm@0.44
.7_@electri_5c2928a09
9a752b7e299aaadb8975a
ea/node_modules/[4ms
rc[24m/sqlite-core/q
uery-builders/select.
ts:950:26)
        at SQLiteSele
ctBase.execute (file:
///D:/UIT_COURSES/SE1
00/DailyDesk/node_mod
ules/[4m.pnpm[24m/d
rizzle-orm@0.44.7_@el
ectri_5c2928a099a752b
7e299aaadb8975aea/nod
e_modules/[4msrc[24
m/sqlite-core/query-b
uilders/select.ts:962
:15) {
      code: [32m'SQL
ITE_ERROR'[39m,
      rawCode: 
[33m1[39m
    }
  }
}

[90mstderr[2m | tes
ts/cards/cards.test.t
s[2m > 
[22m[2mCards API 
Integration 
Tests[2m > 
[22m[2mPUT /boards/
:boardId/cards/:id[2
m > [22m[2mshould 
return 404 when 
trying to move card 
to non-existent list
[22m[39mDrizzleQuer
yError: Failed 
query: select "id", 
"name", 
"description", 
"order", 
"cover_url", 
"cover_public_id", 
"cover_color", 
"cover_mode", 
"list_id", 
"start_date", 
"deadline", 
"due_at", 
"due_complete", 
"reminder_minutes", 
"recurrence", 
"recurrence_day", "re
currence_weekday", 
"repeat_frequency", 
"repeat_interval", 
"latitude", 
"longitude", 
"completed", 
"is_template", 
"created_at", 
"updated_at" from 
"cards" where 
"cards"."list_id" = ?
params: 019bd127-db3d
-7ebc-b377-87e2ff0469
10
    at LibSQLPrepared
Query.queryWithCache 
(file:///D:/UIT_COURS
ES/SE100/DailyDesk/no
de_modules/[4m.pnpm
[24m/drizzle-orm@0.44
.7_@electri_5c2928a09
9a752b7e299aaadb8975a
ea/node_modules/[4ms
rc[24m/sqlite-core/s
ession.ts:80:11)
[90m    at processTi
cksAndRejections (nod
e:internal/process/ta
sk_queues:105:5)[39m
    at LibSQLPrepared
Query.values (file://
/D:/UIT_COURSES/SE100
/DailyDesk/node_modul
es/[4m.pnpm[24m/dri
zzle-orm@0.44.7_@elec
tri_5c2928a099a752b7e
299aaadb8975aea/node_
modules/[4msrc[24m/
libsql/session.ts:286
:10)
    at LibSQLPrepared
Query.all (file:///D:
/UIT_COURSES/SE100/Da
ilyDesk/node_modules/
[4m.pnpm[24m/drizzl
e-orm@0.44.7_@electri
_5c2928a099a752b7e299
aaadb8975aea/node_mod
ules/[4msrc[24m/lib
sql/session.ts:214:16
)
    at 
Module.createCard [9
0m(D:\UIT_COURSES\SE1
00\DailyDesk\backend\
[39msrc\services\car
ds.service.ts:319:23
[90m)[39m
    at [90mD:\UIT_CO
URSES\SE100\DailyDesk
\backend\[39msrc\rou
tes\cards.ts:152:22
    at dispatch (file
:///D:/UIT_COURSES/SE
100/DailyDesk/node_mo
dules/[4m.pnpm[24m/
hono@4.11.3/node_modu
les/[4mhono[24m/dis
t/compose.js:22:17)
    at file:///D:/UIT
_COURSES/SE100/DailyD
esk/node_modules/[4m
.pnpm[24m/hono@4.11.
3/node_modules/[4mho
no[24m/dist/validato
r/validator.js:81:12
    at mw (file:///D:
/UIT_COURSES/SE100/Da
ilyDesk/node_modules/
[4m.pnpm[24m/@hono+
zod-openapi@1.2.0_hon
o@4.11.3_zod@4.3.5/no
de_modules/[4m@hono
[24m/zod-openapi/src/
index.ts:546:26)
    at dispatch (file
:///D:/UIT_COURSES/SE
100/DailyDesk/node_mo
dules/[4m.pnpm[24m/
hono@4.11.3/node_modu
les/[4mhono[24m/dis
t/compose.js:22:17) {
  query: 
[32m'select "id", 
"name", 
"description", 
"order", 
"cover_url", 
"cover_public_id", 
"cover_color", 
"cover_mode", 
"list_id", 
"start_date", 
"deadline", 
"due_at", 
"due_complete", 
"reminder_minutes", 
"recurrence", 
"recurrence_day", "re
currence_weekday", 
"repeat_frequency", 
"repeat_interval", 
"latitude", 
"longitude", 
"completed", 
"is_template", 
"created_at", 
"updated_at" from 
"cards" where 
"cards"."list_id" = 
?'[39m,
  params: [ [32m'019
bd127-db3d-7ebc-b377-
87e2ff046910'[39m ],
  cause: 
LibsqlError: 
SQLITE_ERROR: no 
such column: 
is_template
      at 
mapSqliteError (file:
///D:/UIT_COURSES/SE1
00/DailyDesk/node_mod
ules/[4m.pnpm[24m/@
libsql+client@0.15.15
/node_modules/[4m@li
bsql[24m/client/lib-
esm/sqlite3.js:392:16
)
      at executeStmt 
(file:///D:/UIT_COURS
ES/SE100/DailyDesk/no
de_modules/[4m.pnpm
[24m/@libsql+client@0
.15.15/node_modules/
[4m@libsql[24m/clien
t/lib-esm/sqlite3.js:
297:15)
      at Sqlite3Clien
t.execute (file:///D:
/UIT_COURSES/SE100/Da
ilyDesk/node_modules/
[4m.pnpm[24m/@libsq
l+client@0.15.15/node
_modules/[4m@libsql
[24m/client/lib-esm/s
qlite3.js:81:16)
  [90m    ... 5 
lines matching cause 
stack trace ...[39m
      at SQLiteSelect
Base.execute (file://
/D:/UIT_COURSES/SE100
/DailyDesk/node_modul
es/[4m.pnpm[24m/dri
zzle-orm@0.44.7_@elec
tri_5c2928a099a752b7e
299aaadb8975aea/node_
modules/[4msrc[24m/
sqlite-core/query-bui
lders/select.ts:962:1
5)
      at SQLiteSelect
Base.then (file:///D:
/UIT_COURSES/SE100/Da
ilyDesk/node_modules/
[4m.pnpm[24m/drizzl
e-orm@0.44.7_@electri
_5c2928a099a752b7e299
aaadb8975aea/node_mod
ules/[4msrc[24m/que
ry-promise.ts:31:15) 
{
    code: [32m'SQLIT
E_ERROR'[39m,
    rawCode: 
[33m1[39m,
    [cause]: 
SqliteError: no such 
column: is_template
        at 
convertError (D:\UIT_
COURSES\SE100\DailyDe
sk\node_modules\[4m.
pnpm[24m\libsql@0.5.
22\node_modules\[4ml
ibsql[24m\index.js:5
9:12)
        at 
Database.prepare (D:\
UIT_COURSES\SE100\Dai
lyDesk\node_modules\
[4m.pnpm[24m\libsql@
0.5.22\node_modules\
[4mlibsql[24m\index.
js:131:13)
        at 
executeStmt (file:///
D:/UIT_COURSES/SE100/
DailyDesk/node_module
s/[4m.pnpm[24m/@lib
sql+client@0.15.15/no
de_modules/[4m@libsq
l[24m/client/lib-esm
/sqlite3.js:268:28)
        at Sqlite3Cli
ent.execute (file:///
D:/UIT_COURSES/SE100/
DailyDesk/node_module
s/[4m.pnpm[24m/@lib
sql+client@0.15.15/no
de_modules/[4m@libsq
l[24m/client/lib-esm
/sqlite3.js:81:16)
        at file:///D:
/UIT_COURSES/SE100/Da
ilyDesk/node_modules/
[4m.pnpm[24m/drizzl
e-orm@0.44.7_@electri
_5c2928a099a752b7e299
aaadb8975aea/node_mod
ules/[4msrc[24m/lib
sql/session.ts:288:58
        at LibSQLPrep
aredQuery.queryWithCa
che (file:///D:/UIT_C
OURSES/SE100/DailyDes
k/node_modules/[4m.p
npm[24m/drizzle-orm@
0.44.7_@electri_5c292
8a099a752b7e299aaadb8
975aea/node_modules/
[4msrc[24m/sqlite-co
re/session.ts:78:18)
        at LibSQLPrep
aredQuery.values (fil
e:///D:/UIT_COURSES/S
E100/DailyDesk/node_m
odules/[4m.pnpm[24m
/drizzle-orm@0.44.7_@
electri_5c2928a099a75
2b7e299aaadb8975aea/n
ode_modules/[4msrc[
24m/libsql/session.ts
:286:21)
        at LibSQLPrep
aredQuery.all (file:/
//D:/UIT_COURSES/SE10
0/DailyDesk/node_modu
les/[4m.pnpm[24m/dr
izzle-orm@0.44.7_@ele
ctri_5c2928a099a752b7
e299aaadb8975aea/node
_modules/[4msrc[24m
/libsql/session.ts:21
4:27)
        at 
SQLiteSelectBase.all 
(file:///D:/UIT_COURS
ES/SE100/DailyDesk/no
de_modules/[4m.pnpm
[24m/drizzle-orm@0.44
.7_@electri_5c2928a09
9a752b7e299aaadb8975a
ea/node_modules/[4ms
rc[24m/sqlite-core/q
uery-builders/select.
ts:950:26)
        at SQLiteSele
ctBase.execute (file:
///D:/UIT_COURSES/SE1
00/DailyDesk/node_mod
ules/[4m.pnpm[24m/d
rizzle-orm@0.44.7_@el
ectri_5c2928a099a752b
7e299aaadb8975aea/nod
e_modules/[4msrc[24
m/sqlite-core/query-b
uilders/select.ts:962
:15) {
      code: [32m'SQL
ITE_ERROR'[39m,
      rawCode: 
[33m1[39m
    }
  }
}
Error in updateCard 
route: 
DrizzleQueryError: 
Failed query: select 
"id", "name", 
"description", 
"order", 
"cover_url", 
"cover_public_id", 
"cover_color", 
"cover_mode", 
"list_id", 
"start_date", 
"deadline", 
"due_at", 
"due_complete", 
"reminder_minutes", 
"recurrence", 
"recurrence_day", "re
currence_weekday", 
"repeat_frequency", 
"repeat_interval", 
"latitude", 
"longitude", 
"completed", 
"is_template", 
"created_at", 
"updated_at" from 
"cards" where 
"cards"."id" = ? 
limit ?
params: 019bd127-db41
-79da-a994-876a8effe8
50,1
    at LibSQLPrepared
Query.queryWithCache 
(file:///D:/UIT_COURS
ES/SE100/DailyDesk/no
de_modules/[4m.pnpm
[24m/drizzle-orm@0.44
.7_@electri_5c2928a09
9a752b7e299aaadb8975a
ea/node_modules/[4ms
rc[24m/sqlite-core/s
ession.ts:80:11)
[90m    at processTi
cksAndRejections (nod
e:internal/process/ta
sk_queues:105:5)[39m
    at LibSQLPrepared
Query.values (file://
/D:/UIT_COURSES/SE100
/DailyDesk/node_modul
es/[4m.pnpm[24m/dri
zzle-orm@0.44.7_@elec
tri_5c2928a099a752b7e
299aaadb8975aea/node_
modules/[4msrc[24m/
libsql/session.ts:286
:10)
    at LibSQLPrepared
Query.all (file:///D:
/UIT_COURSES/SE100/Da
ilyDesk/node_modules/
[4m.pnpm[24m/drizzl
e-orm@0.44.7_@electri
_5c2928a099a752b7e299
aaadb8975aea/node_mod
ules/[4msrc[24m/lib
sql/session.ts:214:16
)
    at 
Module.updateCard [9
0m(D:\UIT_COURSES\SE1
00\DailyDesk\backend\
[39msrc\services\car
ds.service.ts:566:24
[90m)[39m
    at [90mD:\UIT_CO
URSES\SE100\DailyDesk
\backend\[39msrc\rou
tes\cards.ts:244:25
    at dispatch (file
:///D:/UIT_COURSES/SE
100/DailyDesk/node_mo
dules/[4m.pnpm[24m/
hono@4.11.3/node_modu
les/[4mhono[24m/dis
t/compose.js:22:17)
    at file:///D:/UIT
_COURSES/SE100/DailyD
esk/node_modules/[4m
.pnpm[24m/hono@4.11.
3/node_modules/[4mho
no[24m/dist/validato
r/validator.js:81:12
    at mw (file:///D:
/UIT_COURSES/SE100/Da
ilyDesk/node_modules/
[4m.pnpm[24m/@hono+
zod-openapi@1.2.0_hon
o@4.11.3_zod@4.3.5/no
de_modules/[4m@hono
[24m/zod-openapi/src/
index.ts:546:26)
    at dispatch (file
:///D:/UIT_COURSES/SE
100/DailyDesk/node_mo
dules/[4m.pnpm[24m/
hono@4.11.3/node_modu
les/[4mhono[24m/dis
t/compose.js:22:17) {
  query: 
[32m'select "id", 
"name", 
"description", 
"order", 
"cover_url", 
"cover_public_id", 
"cover_color", 
"cover_mode", 
"list_id", 
"start_date", 
"deadline", 
"due_at", 
"due_complete", 
"reminder_minutes", 
"recurrence", 
"recurrence_day", "re
currence_weekday", 
"repeat_frequency", 
"repeat_interval", 
"latitude", 
"longitude", 
"completed", 
"is_template", 
"created_at", 
"updated_at" from 
"cards" where 
"cards"."id" = ? 
limit ?'[39m,
  params: [ [32m'019
bd127-db41-79da-a994-
876a8effe850'[39m, 
[33m1[39m ],
  cause: 
LibsqlError: 
SQLITE_ERROR: no 
such column: 
is_template
      at 
mapSqliteError (file:
///D:/UIT_COURSES/SE1
00/DailyDesk/node_mod
ules/[4m.pnpm[24m/@
libsql+client@0.15.15
/node_modules/[4m@li
bsql[24m/client/lib-
esm/sqlite3.js:392:16
)
      at executeStmt 
(file:///D:/UIT_COURS
ES/SE100/DailyDesk/no
de_modules/[4m.pnpm
[24m/@libsql+client@0
.15.15/node_modules/
[4m@libsql[24m/clien
t/lib-esm/sqlite3.js:
297:15)
      at Sqlite3Clien
t.execute (file:///D:
/UIT_COURSES/SE100/Da
ilyDesk/node_modules/
[4m.pnpm[24m/@libsq
l+client@0.15.15/node
_modules/[4m@libsql
[24m/client/lib-esm/s
qlite3.js:81:16)
  [90m    ... 5 
lines matching cause 
stack trace ...[39m
      at SQLiteSelect
Base.execute (file://
/D:/UIT_COURSES/SE100
/DailyDesk/node_modul
es/[4m.pnpm[24m/dri
zzle-orm@0.44.7_@elec
tri_5c2928a099a752b7e
299aaadb8975aea/node_
modules/[4msrc[24m/
sqlite-core/query-bui
lders/select.ts:962:1
5)
      at SQLiteSelect
Base.then (file:///D:
/UIT_COURSES/SE100/Da
ilyDesk/node_modules/
[4m.pnpm[24m/drizzl
e-orm@0.44.7_@electri
_5c2928a099a752b7e299
aaadb8975aea/node_mod
ules/[4msrc[24m/que
ry-promise.ts:31:15) 
{
    code: [32m'SQLIT
E_ERROR'[39m,
    rawCode: 
[33m1[39m,
    [cause]: 
SqliteError: no such 
column: is_template
        at 
convertError (D:\UIT_
COURSES\SE100\DailyDe
sk\node_modules\[4m.
pnpm[24m\libsql@0.5.
22\node_modules\[4ml
ibsql[24m\index.js:5
9:12)
        at 
Database.prepare (D:\
UIT_COURSES\SE100\Dai
lyDesk\node_modules\
[4m.pnpm[24m\libsql@
0.5.22\node_modules\
[4mlibsql[24m\index.
js:131:13)
        at 
executeStmt (file:///
D:/UIT_COURSES/SE100/
DailyDesk/node_module
s/[4m.pnpm[24m/@lib
sql+client@0.15.15/no
de_modules/[4m@libsq
l[24m/client/lib-esm
/sqlite3.js:268:28)
        at Sqlite3Cli
ent.execute (file:///
D:/UIT_COURSES/SE100/
DailyDesk/node_module
s/[4m.pnpm[24m/@lib
sql+client@0.15.15/no
de_modules/[4m@libsq
l[24m/client/lib-esm
/sqlite3.js:81:16)
        at file:///D:
/UIT_COURSES/SE100/Da
ilyDesk/node_modules/
[4m.pnpm[24m/drizzl
e-orm@0.44.7_@electri
_5c2928a099a752b7e299
aaadb8975aea/node_mod
ules/[4msrc[24m/lib
sql/session.ts:288:58
        at LibSQLPrep
aredQuery.queryWithCa
che (file:///D:/UIT_C
OURSES/SE100/DailyDes
k/node_modules/[4m.p
npm[24m/drizzle-orm@
0.44.7_@electri_5c292
8a099a752b7e299aaadb8
975aea/node_modules/
[4msrc[24m/sqlite-co
re/session.ts:78:18)
        at LibSQLPrep
aredQuery.values (fil
e:///D:/UIT_COURSES/S
E100/DailyDesk/node_m
odules/[4m.pnpm[24m
/drizzle-orm@0.44.7_@
electri_5c2928a099a75
2b7e299aaadb8975aea/n
ode_modules/[4msrc[
24m/libsql/session.ts
:286:21)
        at LibSQLPrep
aredQuery.all (file:/
//D:/UIT_COURSES/SE10
0/DailyDesk/node_modu
les/[4m.pnpm[24m/dr
izzle-orm@0.44.7_@ele
ctri_5c2928a099a752b7
e299aaadb8975aea/node
_modules/[4msrc[24m
/libsql/session.ts:21
4:27)
        at 
SQLiteSelectBase.all 
(file:///D:/UIT_COURS
ES/SE100/DailyDesk/no
de_modules/[4m.pnpm
[24m/drizzle-orm@0.44
.7_@electri_5c2928a09
9a752b7e299aaadb8975a
ea/node_modules/[4ms
rc[24m/sqlite-core/q
uery-builders/select.
ts:950:26)
        at SQLiteSele
ctBase.execute (file:
///D:/UIT_COURSES/SE1
00/DailyDesk/node_mod
ules/[4m.pnpm[24m/d
rizzle-orm@0.44.7_@el
ectri_5c2928a099a752b
7e299aaadb8975aea/nod
e_modules/[4msrc[24
m/sqlite-core/query-b
uilders/select.ts:962
:15) {
      code: [32m'SQL
ITE_ERROR'[39m,
      rawCode: 
[33m1[39m
    }
  }
}
DrizzleQueryError: 
Failed query: select 
"id", "name", 
"description", 
"order", 
"cover_url", 
"cover_public_id", 
"cover_color", 
"cover_mode", 
"list_id", 
"start_date", 
"deadline", 
"due_at", 
"due_complete", 
"reminder_minutes", 
"recurrence", 
"recurrence_day", "re
currence_weekday", 
"repeat_frequency", 
"repeat_interval", 
"latitude", 
"longitude", 
"completed", 
"is_template", 
"created_at", 
"updated_at" from 
"cards" where 
"cards"."id" = ? 
limit ?
params: 019bd127-db41
-79da-a994-876a8effe8
50,1
    at LibSQLPrepared
Query.queryWithCache 
(file:///D:/UIT_COURS
ES/SE100/DailyDesk/no
de_modules/[4m.pnpm
[24m/drizzle-orm@0.44
.7_@electri_5c2928a09
9a752b7e299aaadb8975a
ea/node_modules/[4ms
rc[24m/sqlite-core/s
ession.ts:80:11)
[90m    at processTi
cksAndRejections (nod
e:internal/process/ta
sk_queues:105:5)[39m
    at LibSQLPrepared
Query.values (file://
/D:/UIT_COURSES/SE100
/DailyDesk/node_modul
es/[4m.pnpm[24m/dri
zzle-orm@0.44.7_@elec
tri_5c2928a099a752b7e
299aaadb8975aea/node_
modules/[4msrc[24m/
libsql/session.ts:286
:10)
    at LibSQLPrepared
Query.all (file:///D:
/UIT_COURSES/SE100/Da
ilyDesk/node_modules/
[4m.pnpm[24m/drizzl
e-orm@0.44.7_@electri
_5c2928a099a752b7e299
aaadb8975aea/node_mod
ules/[4msrc[24m/lib
sql/session.ts:214:16
)
    at 
Module.updateCard [9
0m(D:\UIT_COURSES\SE1
00\DailyDesk\backend\
[39msrc\services\car
ds.service.ts:566:24
[90m)[39m
    at [90mD:\UIT_CO
URSES\SE100\DailyDesk
\backend\[39msrc\rou
tes\cards.ts:244:25
    at dispatch (file
:///D:/UIT_COURSES/SE
100/DailyDesk/node_mo
dules/[4m.pnpm[24m/
hono@4.11.3/node_modu
les/[4mhono[24m/dis
t/compose.js:22:17)
    at file:///D:/UIT
_COURSES/SE100/DailyD
esk/node_modules/[4m
.pnpm[24m/hono@4.11.
3/node_modules/[4mho
no[24m/dist/validato
r/validator.js:81:12
    at mw (file:///D:
/UIT_COURSES/SE100/Da
ilyDesk/node_modules/
[4m.pnpm[24m/@hono+
zod-openapi@1.2.0_hon
o@4.11.3_zod@4.3.5/no
de_modules/[4m@hono
[24m/zod-openapi/src/
index.ts:546:26)
    at dispatch (file
:///D:/UIT_COURSES/SE
100/DailyDesk/node_mo
dules/[4m.pnpm[24m/
hono@4.11.3/node_modu
les/[4mhono[24m/dis
t/compose.js:22:17) {
  query: 
[32m'select "id", 
"name", 
"description", 
"order", 
"cover_url", 
"cover_public_id", 
"cover_color", 
"cover_mode", 
"list_id", 
"start_date", 
"deadline", 
"due_at", 
"due_complete", 
"reminder_minutes", 
"recurrence", 
"recurrence_day", "re
currence_weekday", 
"repeat_frequency", 
"repeat_interval", 
"latitude", 
"longitude", 
"completed", 
"is_template", 
"created_at", 
"updated_at" from 
"cards" where 
"cards"."id" = ? 
limit ?'[39m,
  params: [ [32m'019
bd127-db41-79da-a994-
876a8effe850'[39m, 
[33m1[39m ],
  cause: 
LibsqlError: 
SQLITE_ERROR: no 
such column: 
is_template
      at 
mapSqliteError (file:
///D:/UIT_COURSES/SE1
00/DailyDesk/node_mod
ules/[4m.pnpm[24m/@
libsql+client@0.15.15
/node_modules/[4m@li
bsql[24m/client/lib-
esm/sqlite3.js:392:16
)
      at executeStmt 
(file:///D:/UIT_COURS
ES/SE100/DailyDesk/no
de_modules/[4m.pnpm
[24m/@libsql+client@0
.15.15/node_modules/
[4m@libsql[24m/clien
t/lib-esm/sqlite3.js:
297:15)
      at Sqlite3Clien
t.execute (file:///D:
/UIT_COURSES/SE100/Da
ilyDesk/node_modules/
[4m.pnpm[24m/@libsq
l+client@0.15.15/node
_modules/[4m@libsql
[24m/client/lib-esm/s
qlite3.js:81:16)
  [90m    ... 5 
lines matching cause 
stack trace ...[39m
      at SQLiteSelect
Base.execute (file://
/D:/UIT_COURSES/SE100
/DailyDesk/node_modul
es/[4m.pnpm[24m/dri
zzle-orm@0.44.7_@elec
tri_5c2928a099a752b7e
299aaadb8975aea/node_
modules/[4msrc[24m/
sqlite-core/query-bui
lders/select.ts:962:1
5)
      at SQLiteSelect
Base.then (file:///D:
/UIT_COURSES/SE100/Da
ilyDesk/node_modules/
[4m.pnpm[24m/drizzl
e-orm@0.44.7_@electri
_5c2928a099a752b7e299
aaadb8975aea/node_mod
ules/[4msrc[24m/que
ry-promise.ts:31:15) 
{
    code: [32m'SQLIT
E_ERROR'[39m,
    rawCode: 
[33m1[39m,
    [cause]: 
SqliteError: no such 
column: is_template
        at 
convertError (D:\UIT_
COURSES\SE100\DailyDe
sk\node_modules\[4m.
pnpm[24m\libsql@0.5.
22\node_modules\[4ml
ibsql[24m\index.js:5
9:12)
        at 
Database.prepare (D:\
UIT_COURSES\SE100\Dai
lyDesk\node_modules\
[4m.pnpm[24m\libsql@
0.5.22\node_modules\
[4mlibsql[24m\index.
js:131:13)
        at 
executeStmt (file:///
D:/UIT_COURSES/SE100/
DailyDesk/node_module
s/[4m.pnpm[24m/@lib
sql+client@0.15.15/no
de_modules/[4m@libsq
l[24m/client/lib-esm
/sqlite3.js:268:28)
        at Sqlite3Cli
ent.execute (file:///
D:/UIT_COURSES/SE100/
DailyDesk/node_module
s/[4m.pnpm[24m/@lib
sql+client@0.15.15/no
de_modules/[4m@libsq
l[24m/client/lib-esm
/sqlite3.js:81:16)
        at file:///D:
/UIT_COURSES/SE100/Da
ilyDesk/node_modules/
[4m.pnpm[24m/drizzl
e-orm@0.44.7_@electri
_5c2928a099a752b7e299
aaadb8975aea/node_mod
ules/[4msrc[24m/lib
sql/session.ts:288:58
        at LibSQLPrep
aredQuery.queryWithCa
che (file:///D:/UIT_C
OURSES/SE100/DailyDes
k/node_modules/[4m.p
npm[24m/drizzle-orm@
0.44.7_@electri_5c292
8a099a752b7e299aaadb8
975aea/node_modules/
[4msrc[24m/sqlite-co
re/session.ts:78:18)
        at LibSQLPrep
aredQuery.values (fil
e:///D:/UIT_COURSES/S
E100/DailyDesk/node_m
odules/[4m.pnpm[24m
/drizzle-orm@0.44.7_@
electri_5c2928a099a75
2b7e299aaadb8975aea/n
ode_modules/[4msrc[
24m/libsql/session.ts
:286:21)
        at LibSQLPrep
aredQuery.all (file:/
//D:/UIT_COURSES/SE10
0/DailyDesk/node_modu
les/[4m.pnpm[24m/dr
izzle-orm@0.44.7_@ele
ctri_5c2928a099a752b7
e299aaadb8975aea/node
_modules/[4msrc[24m
/libsql/session.ts:21
4:27)
        at 
SQLiteSelectBase.all 
(file:///D:/UIT_COURS
ES/SE100/DailyDesk/no
de_modules/[4m.pnpm
[24m/drizzle-orm@0.44
.7_@electri_5c2928a09
9a752b7e299aaadb8975a
ea/node_modules/[4ms
rc[24m/sqlite-core/q
uery-builders/select.
ts:950:26)
        at SQLiteSele
ctBase.execute (file:
///D:/UIT_COURSES/SE1
00/DailyDesk/node_mod
ules/[4m.pnpm[24m/d
rizzle-orm@0.44.7_@el
ectri_5c2928a099a752b
7e299aaadb8975aea/nod
e_modules/[4msrc[24
m/sqlite-core/query-b
uilders/select.ts:962
:15) {
      code: [32m'SQL
ITE_ERROR'[39m,
      rawCode: 
[33m1[39m
    }
  }
}

[90mstderr[2m | tes
ts/cards/cards.test.t
s[2m > 
[22m[2mCards API 
Integration 
Tests[2m > 
[22m[2mPUT /boards/
:boardId/cards/:id[2
m > [22m[2mshould 
return 403 when 
trying to move card 
to list in different 
board
[22m[39mDrizzleQuer
yError: Failed 
query: select "id", 
"name", 
"description", 
"order", 
"cover_url", 
"cover_public_id", 
"cover_color", 
"cover_mode", 
"list_id", 
"start_date", 
"deadline", 
"due_at", 
"due_complete", 
"reminder_minutes", 
"recurrence", 
"recurrence_day", "re
currence_weekday", 
"repeat_frequency", 
"repeat_interval", 
"latitude", 
"longitude", 
"completed", 
"is_template", 
"created_at", 
"updated_at" from 
"cards" where 
"cards"."list_id" = ?
params: 019bd127-db56
-7e8b-b93f-6ace06e6b6
3f
    at LibSQLPrepared
Query.queryWithCache 
(file:///D:/UIT_COURS
ES/SE100/DailyDesk/no
de_modules/[4m.pnpm
[24m/drizzle-orm@0.44
.7_@electri_5c2928a09
9a752b7e299aaadb8975a
ea/node_modules/[4ms
rc[24m/sqlite-core/s
ession.ts:80:11)
[90m    at processTi
cksAndRejections (nod
e:internal/process/ta
sk_queues:105:5)[39m
    at LibSQLPrepared
Query.values (file://
/D:/UIT_COURSES/SE100
/DailyDesk/node_modul
es/[4m.pnpm[24m/dri
zzle-orm@0.44.7_@elec
tri_5c2928a099a752b7e
299aaadb8975aea/node_
modules/[4msrc[24m/
libsql/session.ts:286
:10)
    at LibSQLPrepared
Query.all (file:///D:
/UIT_COURSES/SE100/Da
ilyDesk/node_modules/
[4m.pnpm[24m/drizzl
e-orm@0.44.7_@electri
_5c2928a099a752b7e299
aaadb8975aea/node_mod
ules/[4msrc[24m/lib
sql/session.ts:214:16
)
    at 
Module.createCard [9
0m(D:\UIT_COURSES\SE1
00\DailyDesk\backend\
[39msrc\services\car
ds.service.ts:319:23
[90m)[39m
    at [90mD:\UIT_CO
URSES\SE100\DailyDesk
\backend\[39msrc\rou
tes\cards.ts:152:22
    at dispatch (file
:///D:/UIT_COURSES/SE
100/DailyDesk/node_mo
dules/[4m.pnpm[24m/
hono@4.11.3/node_modu
les/[4mhono[24m/dis
t/compose.js:22:17)
    at file:///D:/UIT
_COURSES/SE100/DailyD
esk/node_modules/[4m
.pnpm[24m/hono@4.11.
3/node_modules/[4mho
no[24m/dist/validato
r/validator.js:81:12
    at mw (file:///D:
/UIT_COURSES/SE100/Da
ilyDesk/node_modules/
[4m.pnpm[24m/@hono+
zod-openapi@1.2.0_hon
o@4.11.3_zod@4.3.5/no
de_modules/[4m@hono
[24m/zod-openapi/src/
index.ts:546:26)
    at dispatch (file
:///D:/UIT_COURSES/SE
100/DailyDesk/node_mo
dules/[4m.pnpm[24m/
hono@4.11.3/node_modu
les/[4mhono[24m/dis
t/compose.js:22:17) {
  query: 
[32m'select "id", 
"name", 
"description", 
"order", 
"cover_url", 
"cover_public_id", 
"cover_color", 
"cover_mode", 
"list_id", 
"start_date", 
"deadline", 
"due_at", 
"due_complete", 
"reminder_minutes", 
"recurrence", 
"recurrence_day", "re
currence_weekday", 
"repeat_frequency", 
"repeat_interval", 
"latitude", 
"longitude", 
"completed", 
"is_template", 
"created_at", 
"updated_at" from 
"cards" where 
"cards"."list_id" = 
?'[39m,
  params: [ [32m'019
bd127-db56-7e8b-b93f-
6ace06e6b63f'[39m ],
  cause: 
LibsqlError: 
SQLITE_ERROR: no 
such column: 
is_template
      at 
mapSqliteError (file:
///D:/UIT_COURSES/SE1
00/DailyDesk/node_mod
ules/[4m.pnpm[24m/@
libsql+client@0.15.15
/node_modules/[4m@li
bsql[24m/client/lib-
esm/sqlite3.js:392:16
)
      at executeStmt 
(file:///D:/UIT_COURS
ES/SE100/DailyDesk/no
de_modules/[4m.pnpm
[24m/@libsql+client@0
.15.15/node_modules/
[4m@libsql[24m/clien
t/lib-esm/sqlite3.js:
297:15)
      at Sqlite3Clien
t.execute (file:///D:
/UIT_COURSES/SE100/Da
ilyDesk/node_modules/
[4m.pnpm[24m/@libsq
l+client@0.15.15/node
_modules/[4m@libsql
[24m/client/lib-esm/s
qlite3.js:81:16)
  [90m    ... 5 
lines matching cause 
stack trace ...[39m
      at SQLiteSelect
Base.execute (file://
/D:/UIT_COURSES/SE100
/DailyDesk/node_modul
es/[4m.pnpm[24m/dri
zzle-orm@0.44.7_@elec
tri_5c2928a099a752b7e
299aaadb8975aea/node_
modules/[4msrc[24m/
sqlite-core/query-bui
lders/select.ts:962:1
5)
      at SQLiteSelect
Base.then (file:///D:
/UIT_COURSES/SE100/Da
ilyDesk/node_modules/
[4m.pnpm[24m/drizzl
e-orm@0.44.7_@electri
_5c2928a099a752b7e299
aaadb8975aea/node_mod
ules/[4msrc[24m/que
ry-promise.ts:31:15) 
{
    code: [32m'SQLIT
E_ERROR'[39m,
    rawCode: 
[33m1[39m,
    [cause]: 
SqliteError: no such 
column: is_template
        at 
convertError (D:\UIT_
COURSES\SE100\DailyDe
sk\node_modules\[4m.
pnpm[24m\libsql@0.5.
22\node_modules\[4ml
ibsql[24m\index.js:5
9:12)
        at 
Database.prepare (D:\
UIT_COURSES\SE100\Dai
lyDesk\node_modules\
[4m.pnpm[24m\libsql@
0.5.22\node_modules\
[4mlibsql[24m\index.
js:131:13)
        at 
executeStmt (file:///
D:/UIT_COURSES/SE100/
DailyDesk/node_module
s/[4m.pnpm[24m/@lib
sql+client@0.15.15/no
de_modules/[4m@libsq
l[24m/client/lib-esm
/sqlite3.js:268:28)
        at Sqlite3Cli
ent.execute (file:///
D:/UIT_COURSES/SE100/
DailyDesk/node_module
s/[4m.pnpm[24m/@lib
sql+client@0.15.15/no
de_modules/[4m@libsq
l[24m/client/lib-esm
/sqlite3.js:81:16)
        at file:///D:
/UIT_COURSES/SE100/Da
ilyDesk/node_modules/
[4m.pnpm[24m/drizzl
e-orm@0.44.7_@electri
_5c2928a099a752b7e299
aaadb8975aea/node_mod
ules/[4msrc[24m/lib
sql/session.ts:288:58
        at LibSQLPrep
aredQuery.queryWithCa
che (file:///D:/UIT_C
OURSES/SE100/DailyDes
k/node_modules/[4m.p
npm[24m/drizzle-orm@
0.44.7_@electri_5c292
8a099a752b7e299aaadb8
975aea/node_modules/
[4msrc[24m/sqlite-co
re/session.ts:78:18)
        at LibSQLPrep
aredQuery.values (fil
e:///D:/UIT_COURSES/S
E100/DailyDesk/node_m
odules/[4m.pnpm[24m
/drizzle-orm@0.44.7_@
electri_5c2928a099a75
2b7e299aaadb8975aea/n
ode_modules/[4msrc[
24m/libsql/session.ts
:286:21)
        at LibSQLPrep
aredQuery.all (file:/
//D:/UIT_COURSES/SE10
0/DailyDesk/node_modu
les/[4m.pnpm[24m/dr
izzle-orm@0.44.7_@ele
ctri_5c2928a099a752b7
e299aaadb8975aea/node
_modules/[4msrc[24m
/libsql/session.ts:21
4:27)
        at 
SQLiteSelectBase.all 
(file:///D:/UIT_COURS
ES/SE100/DailyDesk/no
de_modules/[4m.pnpm
[24m/drizzle-orm@0.44
.7_@electri_5c2928a09
9a752b7e299aaadb8975a
ea/node_modules/[4ms
rc[24m/sqlite-core/q
uery-builders/select.
ts:950:26)
        at SQLiteSele
ctBase.execute (file:
///D:/UIT_COURSES/SE1
00/DailyDesk/node_mod
ules/[4m.pnpm[24m/d
rizzle-orm@0.44.7_@el
ectri_5c2928a099a752b
7e299aaadb8975aea/nod
e_modules/[4msrc[24
m/sqlite-core/query-b
uilders/select.ts:962
:15) {
      code: [32m'SQL
ITE_ERROR'[39m,
      rawCode: 
[33m1[39m
    }
  }
}
Error in updateCard 
route: 
DrizzleQueryError: 
Failed query: select 
"id", "name", 
"description", 
"order", 
"cover_url", 
"cover_public_id", 
"cover_color", 
"cover_mode", 
"list_id", 
"start_date", 
"deadline", 
"due_at", 
"due_complete", 
"reminder_minutes", 
"recurrence", 
"recurrence_day", "re
currence_weekday", 
"repeat_frequency", 
"repeat_interval", 
"latitude", 
"longitude", 
"completed", 
"is_template", 
"created_at", 
"updated_at" from 
"cards" where 
"cards"."id" = ? 
limit ?
params: 019bd127-db5d
-7fe9-a6cb-33214b7463
af,1
    at LibSQLPrepared
Query.queryWithCache 
(file:///D:/UIT_COURS
ES/SE100/DailyDesk/no
de_modules/[4m.pnpm
[24m/drizzle-orm@0.44
.7_@electri_5c2928a09
9a752b7e299aaadb8975a
ea/node_modules/[4ms
rc[24m/sqlite-core/s
ession.ts:80:11)
[90m    at processTi
cksAndRejections (nod
e:internal/process/ta
sk_queues:105:5)[39m
    at LibSQLPrepared
Query.values (file://
/D:/UIT_COURSES/SE100
/DailyDesk/node_modul
es/[4m.pnpm[24m/dri
zzle-orm@0.44.7_@elec
tri_5c2928a099a752b7e
299aaadb8975aea/node_
modules/[4msrc[24m/
libsql/session.ts:286
:10)
    at LibSQLPrepared
Query.all (file:///D:
/UIT_COURSES/SE100/Da
ilyDesk/node_modules/
[4m.pnpm[24m/drizzl
e-orm@0.44.7_@electri
_5c2928a099a752b7e299
aaadb8975aea/node_mod
ules/[4msrc[24m/lib
sql/session.ts:214:16
)
    at 
Module.updateCard [9
0m(D:\UIT_COURSES\SE1
00\DailyDesk\backend\
[39msrc\services\car
ds.service.ts:566:24
[90m)[39m
    at [90mD:\UIT_CO
URSES\SE100\DailyDesk
\backend\[39msrc\rou
tes\cards.ts:244:25
    at dispatch (file
:///D:/UIT_COURSES/SE
100/DailyDesk/node_mo
dules/[4m.pnpm[24m/
hono@4.11.3/node_modu
les/[4mhono[24m/dis
t/compose.js:22:17)
    at file:///D:/UIT
_COURSES/SE100/DailyD
esk/node_modules/[4m
.pnpm[24m/hono@4.11.
3/node_modules/[4mho
no[24m/dist/validato
r/validator.js:81:12
    at mw (file:///D:
/UIT_COURSES/SE100/Da
ilyDesk/node_modules/
[4m.pnpm[24m/@hono+
zod-openapi@1.2.0_hon
o@4.11.3_zod@4.3.5/no
de_modules/[4m@hono
[24m/zod-openapi/src/
index.ts:546:26)
    at dispatch (file
:///D:/UIT_COURSES/SE
100/DailyDesk/node_mo
dules/[4m.pnpm[24m/
hono@4.11.3/node_modu
les/[4mhono[24m/dis
t/compose.js:22:17) {
  query: 
[32m'select "id", 
"name", 
"description", 
"order", 
"cover_url", 
"cover_public_id", 
"cover_color", 
"cover_mode", 
"list_id", 
"start_date", 
"deadline", 
"due_at", 
"due_complete", 
"reminder_minutes", 
"recurrence", 
"recurrence_day", "re
currence_weekday", 
"repeat_frequency", 
"repeat_interval", 
"latitude", 
"longitude", 
"completed", 
"is_template", 
"created_at", 
"updated_at" from 
"cards" where 
"cards"."id" = ? 
limit ?'[39m,
  params: [ [32m'019
bd127-db5d-7fe9-a6cb-
33214b7463af'[39m, 
[33m1[39m ],
  cause: 
LibsqlError: 
SQLITE_ERROR: no 
such column: 
is_template
      at 
mapSqliteError (file:
///D:/UIT_COURSES/SE1
00/DailyDesk/node_mod
ules/[4m.pnpm[24m/@
libsql+client@0.15.15
/node_modules/[4m@li
bsql[24m/client/lib-
esm/sqlite3.js:392:16
)
      at executeStmt 
(file:///D:/UIT_COURS
ES/SE100/DailyDesk/no
de_modules/[4m.pnpm
[24m/@libsql+client@0
.15.15/node_modules/
[4m@libsql[24m/clien
t/lib-esm/sqlite3.js:
297:15)
      at Sqlite3Clien
t.execute (file:///D:
/UIT_COURSES/SE100/Da
ilyDesk/node_modules/
[4m.pnpm[24m/@libsq
l+client@0.15.15/node
_modules/[4m@libsql
[24m/client/lib-esm/s
qlite3.js:81:16)
  [90m    ... 5 
lines matching cause 
stack trace ...[39m
      at SQLiteSelect
Base.execute (file://
/D:/UIT_COURSES/SE100
/DailyDesk/node_modul
es/[4m.pnpm[24m/dri
zzle-orm@0.44.7_@elec
tri_5c2928a099a752b7e
299aaadb8975aea/node_
modules/[4msrc[24m/
sqlite-core/query-bui
lders/select.ts:962:1
5)
      at SQLiteSelect
Base.then (file:///D:
/UIT_COURSES/SE100/Da
ilyDesk/node_modules/
[4m.pnpm[24m/drizzl
e-orm@0.44.7_@electri
_5c2928a099a752b7e299
aaadb8975aea/node_mod
ules/[4msrc[24m/que
ry-promise.ts:31:15) 
{
    code: [32m'SQLIT
E_ERROR'[39m,
    rawCode: 
[33m1[39m,
    [cause]: 
SqliteError: no such 
column: is_template
        at 
convertError (D:\UIT_
COURSES\SE100\DailyDe
sk\node_modules\[4m.
pnpm[24m\libsql@0.5.
22\node_modules\[4ml
ibsql[24m\index.js:5
9:12)
        at 
Database.prepare (D:\
UIT_COURSES\SE100\Dai
lyDesk\node_modules\
[4m.pnpm[24m\libsql@
0.5.22\node_modules\
[4mlibsql[24m\index.
js:131:13)
        at 
executeStmt (file:///
D:/UIT_COURSES/SE100/
DailyDesk/node_module
s/[4m.pnpm[24m/@lib
sql+client@0.15.15/no
de_modules/[4m@libsq
l[24m/client/lib-esm
/sqlite3.js:268:28)
        at Sqlite3Cli
ent.execute (file:///
D:/UIT_COURSES/SE100/
DailyDesk/node_module
s/[4m.pnpm[24m/@lib
sql+client@0.15.15/no
de_modules/[4m@libsq
l[24m/client/lib-esm
/sqlite3.js:81:16)
        at file:///D:
/UIT_COURSES/SE100/Da
ilyDesk/node_modules/
[4m.pnpm[24m/drizzl
e-orm@0.44.7_@electri
_5c2928a099a752b7e299
aaadb8975aea/node_mod
ules/[4msrc[24m/lib
sql/session.ts:288:58
        at LibSQLPrep
aredQuery.queryWithCa
che (file:///D:/UIT_C
OURSES/SE100/DailyDes
k/node_modules/[4m.p
npm[24m/drizzle-orm@
0.44.7_@electri_5c292
8a099a752b7e299aaadb8
975aea/node_modules/
[4msrc[24m/sqlite-co
re/session.ts:78:18)
        at LibSQLPrep
aredQuery.values (fil
e:///D:/UIT_COURSES/S
E100/DailyDesk/node_m
odules/[4m.pnpm[24m
/drizzle-orm@0.44.7_@
electri_5c2928a099a75
2b7e299aaadb8975aea/n
ode_modules/[4msrc[
24m/libsql/session.ts
:286:21)
        at LibSQLPrep
aredQuery.all (file:/
//D:/UIT_COURSES/SE10
0/DailyDesk/node_modu
les/[4m.pnpm[24m/dr
izzle-orm@0.44.7_@ele
ctri_5c2928a099a752b7
e299aaadb8975aea/node
_modules/[4msrc[24m
/libsql/session.ts:21
4:27)
        at 
SQLiteSelectBase.all 
(file:///D:/UIT_COURS
ES/SE100/DailyDesk/no
de_modules/[4m.pnpm
[24m/drizzle-orm@0.44
.7_@electri_5c2928a09
9a752b7e299aaadb8975a
ea/node_modules/[4ms
rc[24m/sqlite-core/q
uery-builders/select.
ts:950:26)
        at SQLiteSele
ctBase.execute (file:
///D:/UIT_COURSES/SE1
00/DailyDesk/node_mod
ules/[4m.pnpm[24m/d
rizzle-orm@0.44.7_@el
ectri_5c2928a099a752b
7e299aaadb8975aea/nod
e_modules/[4msrc[24
m/sqlite-core/query-b
uilders/select.ts:962
:15) {
      code: [32m'SQL
ITE_ERROR'[39m,
      rawCode: 
[33m1[39m
    }
  }
}
DrizzleQueryError: 
Failed query: select 
"id", "name", 
"description", 
"order", 
"cover_url", 
"cover_public_id", 
"cover_color", 
"cover_mode", 
"list_id", 
"start_date", 
"deadline", 
"due_at", 
"due_complete", 
"reminder_minutes", 
"recurrence", 
"recurrence_day", "re
currence_weekday", 
"repeat_frequency", 
"repeat_interval", 
"latitude", 
"longitude", 
"completed", 
"is_template", 
"created_at", 
"updated_at" from 
"cards" where 
"cards"."id" = ? 
limit ?
params: 019bd127-db5d
-7fe9-a6cb-33214b7463
af,1
    at LibSQLPrepared
Query.queryWithCache 
(file:///D:/UIT_COURS
ES/SE100/DailyDesk/no
de_modules/[4m.pnpm
[24m/drizzle-orm@0.44
.7_@electri_5c2928a09
9a752b7e299aaadb8975a
ea/node_modules/[4ms
rc[24m/sqlite-core/s
ession.ts:80:11)
[90m    at processTi
cksAndRejections (nod
e:internal/process/ta
sk_queues:105:5)[39m
    at LibSQLPrepared
Query.values (file://
/D:/UIT_COURSES/SE100
/DailyDesk/node_modul
es/[4m.pnpm[24m/dri
zzle-orm@0.44.7_@elec
tri_5c2928a099a752b7e
299aaadb8975aea/node_
modules/[4msrc[24m/
libsql/session.ts:286
:10)
    at LibSQLPrepared
Query.all (file:///D:
/UIT_COURSES/SE100/Da
ilyDesk/node_modules/
[4m.pnpm[24m/drizzl
e-orm@0.44.7_@electri
_5c2928a099a752b7e299
aaadb8975aea/node_mod
ules/[4msrc[24m/lib
sql/session.ts:214:16
)
    at 
Module.updateCard [9
0m(D:\UIT_COURSES\SE1
00\DailyDesk\backend\
[39msrc\services\car
ds.service.ts:566:24
[90m)[39m
    at [90mD:\UIT_CO
URSES\SE100\DailyDesk
\backend\[39msrc\rou
tes\cards.ts:244:25
    at dispatch (file
:///D:/UIT_COURSES/SE
100/DailyDesk/node_mo
dules/[4m.pnpm[24m/
hono@4.11.3/node_modu
les/[4mhono[24m/dis
t/compose.js:22:17)
    at file:///D:/UIT
_COURSES/SE100/DailyD
esk/node_modules/[4m
.pnpm[24m/hono@4.11.
3/node_modules/[4mho
no[24m/dist/validato
r/validator.js:81:12
    at mw (file:///D:
/UIT_COURSES/SE100/Da
ilyDesk/node_modules/
[4m.pnpm[24m/@hono+
zod-openapi@1.2.0_hon
o@4.11.3_zod@4.3.5/no
de_modules/[4m@hono
[24m/zod-openapi/src/
index.ts:546:26)
    at dispatch (file
:///D:/UIT_COURSES/SE
100/DailyDesk/node_mo
dules/[4m.pnpm[24m/
hono@4.11.3/node_modu
les/[4mhono[24m/dis
t/compose.js:22:17) {
  query: 
[32m'select "id", 
"name", 
"description", 
"order", 
"cover_url", 
"cover_public_id", 
"cover_color", 
"cover_mode", 
"list_id", 
"start_date", 
"deadline", 
"due_at", 
"due_complete", 
"reminder_minutes", 
"recurrence", 
"recurrence_day", "re
currence_weekday", 
"repeat_frequency", 
"repeat_interval", 
"latitude", 
"longitude", 
"completed", 
"is_template", 
"created_at", 
"updated_at" from 
"cards" where 
"cards"."id" = ? 
limit ?'[39m,
  params: [ [32m'019
bd127-db5d-7fe9-a6cb-
33214b7463af'[39m, 
[33m1[39m ],
  cause: 
LibsqlError: 
SQLITE_ERROR: no 
such column: 
is_template
      at 
mapSqliteError (file:
///D:/UIT_COURSES/SE1
00/DailyDesk/node_mod
ules/[4m.pnpm[24m/@
libsql+client@0.15.15
/node_modules/[4m@li
bsql[24m/client/lib-
esm/sqlite3.js:392:16
)
      at executeStmt 
(file:///D:/UIT_COURS
ES/SE100/DailyDesk/no
de_modules/[4m.pnpm
[24m/@libsql+client@0
.15.15/node_modules/
[4m@libsql[24m/clien
t/lib-esm/sqlite3.js:
297:15)
      at Sqlite3Clien
t.execute (file:///D:
/UIT_COURSES/SE100/Da
ilyDesk/node_modules/
[4m.pnpm[24m/@libsq
l+client@0.15.15/node
_modules/[4m@libsql
[24m/client/lib-esm/s
qlite3.js:81:16)
  [90m    ... 5 
lines matching cause 
stack trace ...[39m
      at SQLiteSelect
Base.execute (file://
/D:/UIT_COURSES/SE100
/DailyDesk/node_modul
es/[4m.pnpm[24m/dri
zzle-orm@0.44.7_@elec
tri_5c2928a099a752b7e
299aaadb8975aea/node_
modules/[4msrc[24m/
sqlite-core/query-bui
lders/select.ts:962:1
5)
      at SQLiteSelect
Base.then (file:///D:
/UIT_COURSES/SE100/Da
ilyDesk/node_modules/
[4m.pnpm[24m/drizzl
e-orm@0.44.7_@electri
_5c2928a099a752b7e299
aaadb8975aea/node_mod
ules/[4msrc[24m/que
ry-promise.ts:31:15) 
{
    code: [32m'SQLIT
E_ERROR'[39m,
    rawCode: 
[33m1[39m,
    [cause]: 
SqliteError: no such 
column: is_template
        at 
convertError (D:\UIT_
COURSES\SE100\DailyDe
sk\node_modules\[4m.
pnpm[24m\libsql@0.5.
22\node_modules\[4ml
ibsql[24m\index.js:5
9:12)
        at 
Database.prepare (D:\
UIT_COURSES\SE100\Dai
lyDesk\node_modules\
[4m.pnpm[24m\libsql@
0.5.22\node_modules\
[4mlibsql[24m\index.
js:131:13)
        at 
executeStmt (file:///
D:/UIT_COURSES/SE100/
DailyDesk/node_module
s/[4m.pnpm[24m/@lib
sql+client@0.15.15/no
de_modules/[4m@libsq
l[24m/client/lib-esm
/sqlite3.js:268:28)
        at Sqlite3Cli
ent.execute (file:///
D:/UIT_COURSES/SE100/
DailyDesk/node_module
s/[4m.pnpm[24m/@lib
sql+client@0.15.15/no
de_modules/[4m@libsq
l[24m/client/lib-esm
/sqlite3.js:81:16)
        at file:///D:
/UIT_COURSES/SE100/Da
ilyDesk/node_modules/
[4m.pnpm[24m/drizzl
e-orm@0.44.7_@electri
_5c2928a099a752b7e299
aaadb8975aea/node_mod
ules/[4msrc[24m/lib
sql/session.ts:288:58
        at LibSQLPrep
aredQuery.queryWithCa
che (file:///D:/UIT_C
OURSES/SE100/DailyDes
k/node_modules/[4m.p
npm[24m/drizzle-orm@
0.44.7_@electri_5c292
8a099a752b7e299aaadb8
975aea/node_modules/
[4msrc[24m/sqlite-co
re/session.ts:78:18)
        at LibSQLPrep
aredQuery.values (fil
e:///D:/UIT_COURSES/S
E100/DailyDesk/node_m
odules/[4m.pnpm[24m
/drizzle-orm@0.44.7_@
electri_5c2928a099a75
2b7e299aaadb8975aea/n
ode_modules/[4msrc[
24m/libsql/session.ts
:286:21)
        at LibSQLPrep
aredQuery.all (file:/
//D:/UIT_COURSES/SE10
0/DailyDesk/node_modu
les/[4m.pnpm[24m/dr
izzle-orm@0.44.7_@ele
ctri_5c2928a099a752b7
e299aaadb8975aea/node
_modules/[4msrc[24m
/libsql/session.ts:21
4:27)
        at 
SQLiteSelectBase.all 
(file:///D:/UIT_COURS
ES/SE100/DailyDesk/no
de_modules/[4m.pnpm
[24m/drizzle-orm@0.44
.7_@electri_5c2928a09
9a752b7e299aaadb8975a
ea/node_modules/[4ms
rc[24m/sqlite-core/q
uery-builders/select.
ts:950:26)
        at SQLiteSele
ctBase.execute (file:
///D:/UIT_COURSES/SE1
00/DailyDesk/node_mod
ules/[4m.pnpm[24m/d
rizzle-orm@0.44.7_@el
ectri_5c2928a099a752b
7e299aaadb8975aea/nod
e_modules/[4msrc[24
m/sqlite-core/query-b
uilders/select.ts:962
:15) {
      code: [32m'SQL
ITE_ERROR'[39m,
      rawCode: 
[33m1[39m
    }
  }
}

[90mstderr[2m | tes
ts/cards/cards.test.t
s[2m > 
[22m[2mCards API 
Integration 
Tests[2m > 
[22m[2mPUT /boards/
:boardId/cards/:id[2
m > [22m[2mshould 
return 404 for 
non-existent card
[22m[39mError in 
updateCard route: 
DrizzleQueryError: 
Failed query: select 
"id", "name", 
"description", 
"order", 
"cover_url", 
"cover_public_id", 
"cover_color", 
"cover_mode", 
"list_id", 
"start_date", 
"deadline", 
"due_at", 
"due_complete", 
"reminder_minutes", 
"recurrence", 
"recurrence_day", "re
currence_weekday", 
"repeat_frequency", 
"repeat_interval", 
"latitude", 
"longitude", 
"completed", 
"is_template", 
"created_at", 
"updated_at" from 
"cards" where 
"cards"."id" = ? 
limit ?
params: 019bd127-db71
-74f0-a9b8-0391f22305
7a,1
    at LibSQLPrepared
Query.queryWithCache 
(file:///D:/UIT_COURS
ES/SE100/DailyDesk/no
de_modules/[4m.pnpm
[24m/drizzle-orm@0.44
.7_@electri_5c2928a09
9a752b7e299aaadb8975a
ea/node_modules/[4ms
rc[24m/sqlite-core/s
ession.ts:80:11)
[90m    at processTi
cksAndRejections (nod
e:internal/process/ta
sk_queues:105:5)[39m
    at LibSQLPrepared
Query.values (file://
/D:/UIT_COURSES/SE100
/DailyDesk/node_modul
es/[4m.pnpm[24m/dri
zzle-orm@0.44.7_@elec
tri_5c2928a099a752b7e
299aaadb8975aea/node_
modules/[4msrc[24m/
libsql/session.ts:286
:10)
    at LibSQLPrepared
Query.all (file:///D:
/UIT_COURSES/SE100/Da
ilyDesk/node_modules/
[4m.pnpm[24m/drizzl
e-orm@0.44.7_@electri
_5c2928a099a752b7e299
aaadb8975aea/node_mod
ules/[4msrc[24m/lib
sql/session.ts:214:16
)
    at 
Module.updateCard [9
0m(D:\UIT_COURSES\SE1
00\DailyDesk\backend\
[39msrc\services\car
ds.service.ts:566:24
[90m)[39m
    at [90mD:\UIT_CO
URSES\SE100\DailyDesk
\backend\[39msrc\rou
tes\cards.ts:244:25
    at dispatch (file
:///D:/UIT_COURSES/SE
100/DailyDesk/node_mo
dules/[4m.pnpm[24m/
hono@4.11.3/node_modu
les/[4mhono[24m/dis
t/compose.js:22:17)
    at file:///D:/UIT
_COURSES/SE100/DailyD
esk/node_modules/[4m
.pnpm[24m/hono@4.11.
3/node_modules/[4mho
no[24m/dist/validato
r/validator.js:81:12
    at mw (file:///D:
/UIT_COURSES/SE100/Da
ilyDesk/node_modules/
[4m.pnpm[24m/@hono+
zod-openapi@1.2.0_hon
o@4.11.3_zod@4.3.5/no
de_modules/[4m@hono
[24m/zod-openapi/src/
index.ts:546:26)
    at dispatch (file
:///D:/UIT_COURSES/SE
100/DailyDesk/node_mo
dules/[4m.pnpm[24m/
hono@4.11.3/node_modu
les/[4mhono[24m/dis
t/compose.js:22:17) {
  query: 
[32m'select "id", 
"name", 
"description", 
"order", 
"cover_url", 
"cover_public_id", 
"cover_color", 
"cover_mode", 
"list_id", 
"start_date", 
"deadline", 
"due_at", 
"due_complete", 
"reminder_minutes", 
"recurrence", 
"recurrence_day", "re
currence_weekday", 
"repeat_frequency", 
"repeat_interval", 
"latitude", 
"longitude", 
"completed", 
"is_template", 
"created_at", 
"updated_at" from 
"cards" where 
"cards"."id" = ? 
limit ?'[39m,
  params: [ [32m'019
bd127-db71-74f0-a9b8-
0391f223057a'[39m, 
[33m1[39m ],
  cause: 
LibsqlError: 
SQLITE_ERROR: no 
such column: 
is_template
      at 
mapSqliteError (file:
///D:/UIT_COURSES/SE1
00/DailyDesk/node_mod
ules/[4m.pnpm[24m/@
libsql+client@0.15.15
/node_modules/[4m@li
bsql[24m/client/lib-
esm/sqlite3.js:392:16
)
      at executeStmt 
(file:///D:/UIT_COURS
ES/SE100/DailyDesk/no
de_modules/[4m.pnpm
[24m/@libsql+client@0
.15.15/node_modules/
[4m@libsql[24m/clien
t/lib-esm/sqlite3.js:
297:15)
      at Sqlite3Clien
t.execute (file:///D:
/UIT_COURSES/SE100/Da
ilyDesk/node_modules/
[4m.pnpm[24m/@libsq
l+client@0.15.15/node
_modules/[4m@libsql
[24m/client/lib-esm/s
qlite3.js:81:16)
  [90m    ... 5 
lines matching cause 
stack trace ...[39m
      at SQLiteSelect
Base.execute (file://
/D:/UIT_COURSES/SE100
/DailyDesk/node_modul
es/[4m.pnpm[24m/dri
zzle-orm@0.44.7_@elec
tri_5c2928a099a752b7e
299aaadb8975aea/node_
modules/[4msrc[24m/
sqlite-core/query-bui
lders/select.ts:962:1
5)
      at SQLiteSelect
Base.then (file:///D:
/UIT_COURSES/SE100/Da
ilyDesk/node_modules/
[4m.pnpm[24m/drizzl
e-orm@0.44.7_@electri
_5c2928a099a752b7e299
aaadb8975aea/node_mod
ules/[4msrc[24m/que
ry-promise.ts:31:15) 
{
    code: [32m'SQLIT
E_ERROR'[39m,
    rawCode: 
[33m1[39m,
    [cause]: 
SqliteError: no such 
column: is_template
        at 
convertError (D:\UIT_
COURSES\SE100\DailyDe
sk\node_modules\[4m.
pnpm[24m\libsql@0.5.
22\node_modules\[4ml
ibsql[24m\index.js:5
9:12)
        at 
Database.prepare (D:\
UIT_COURSES\SE100\Dai
lyDesk\node_modules\
[4m.pnpm[24m\libsql@
0.5.22\node_modules\
[4mlibsql[24m\index.
js:131:13)
        at 
executeStmt (file:///
D:/UIT_COURSES/SE100/
DailyDesk/node_module
s/[4m.pnpm[24m/@lib
sql+client@0.15.15/no
de_modules/[4m@libsq
l[24m/client/lib-esm
/sqlite3.js:268:28)
        at Sqlite3Cli
ent.execute (file:///
D:/UIT_COURSES/SE100/
DailyDesk/node_module
s/[4m.pnpm[24m/@lib
sql+client@0.15.15/no
de_modules/[4m@libsq
l[24m/client/lib-esm
/sqlite3.js:81:16)
        at file:///D:
/UIT_COURSES/SE100/Da
ilyDesk/node_modules/
[4m.pnpm[24m/drizzl
e-orm@0.44.7_@electri
_5c2928a099a752b7e299
aaadb8975aea/node_mod
ules/[4msrc[24m/lib
sql/session.ts:288:58
        at LibSQLPrep
aredQuery.queryWithCa
che (file:///D:/UIT_C
OURSES/SE100/DailyDes
k/node_modules/[4m.p
npm[24m/drizzle-orm@
0.44.7_@electri_5c292
8a099a752b7e299aaadb8
975aea/node_modules/
[4msrc[24m/sqlite-co
re/session.ts:78:18)
        at LibSQLPrep
aredQuery.values (fil
e:///D:/UIT_COURSES/S
E100/DailyDesk/node_m
odules/[4m.pnpm[24m
/drizzle-orm@0.44.7_@
electri_5c2928a099a75
2b7e299aaadb8975aea/n
ode_modules/[4msrc[
24m/libsql/session.ts
:286:21)
        at LibSQLPrep
aredQuery.all (file:/
//D:/UIT_COURSES/SE10
0/DailyDesk/node_modu
les/[4m.pnpm[24m/dr
izzle-orm@0.44.7_@ele
ctri_5c2928a099a752b7
e299aaadb8975aea/node
_modules/[4msrc[24m
/libsql/session.ts:21
4:27)
        at 
SQLiteSelectBase.all 
(file:///D:/UIT_COURS
ES/SE100/DailyDesk/no
de_modules/[4m.pnpm
[24m/drizzle-orm@0.44
.7_@electri_5c2928a09
9a752b7e299aaadb8975a
ea/node_modules/[4ms
rc[24m/sqlite-core/q
uery-builders/select.
ts:950:26)
        at SQLiteSele
ctBase.execute (file:
///D:/UIT_COURSES/SE1
00/DailyDesk/node_mod
ules/[4m.pnpm[24m/d
rizzle-orm@0.44.7_@el
ectri_5c2928a099a752b
7e299aaadb8975aea/nod
e_modules/[4msrc[24
m/sqlite-core/query-b
uilders/select.ts:962
:15) {
      code: [32m'SQL
ITE_ERROR'[39m,
      rawCode: 
[33m1[39m
    }
  }
}
DrizzleQueryError: 
Failed query: select 
"id", "name", 
"description", 
"order", 
"cover_url", 
"cover_public_id", 
"cover_color", 
"cover_mode", 
"list_id", 
"start_date", 
"deadline", 
"due_at", 
"due_complete", 
"reminder_minutes", 
"recurrence", 
"recurrence_day", "re
currence_weekday", 
"repeat_frequency", 
"repeat_interval", 
"latitude", 
"longitude", 
"completed", 
"is_template", 
"created_at", 
"updated_at" from 
"cards" where 
"cards"."id" = ? 
limit ?
params: 019bd127-db71
-74f0-a9b8-0391f22305
7a,1
    at LibSQLPrepared
Query.queryWithCache 
(file:///D:/UIT_COURS
ES/SE100/DailyDesk/no
de_modules/[4m.pnpm
[24m/drizzle-orm@0.44
.7_@electri_5c2928a09
9a752b7e299aaadb8975a
ea/node_modules/[4ms
rc[24m/sqlite-core/s
ession.ts:80:11)
[90m    at processTi
cksAndRejections (nod
e:internal/process/ta
sk_queues:105:5)[39m
    at LibSQLPrepared
Query.values (file://
/D:/UIT_COURSES/SE100
/DailyDesk/node_modul
es/[4m.pnpm[24m/dri
zzle-orm@0.44.7_@elec
tri_5c2928a099a752b7e
299aaadb8975aea/node_
modules/[4msrc[24m/
libsql/session.ts:286
:10)
    at LibSQLPrepared
Query.all (file:///D:
/UIT_COURSES/SE100/Da
ilyDesk/node_modules/
[4m.pnpm[24m/drizzl
e-orm@0.44.7_@electri
_5c2928a099a752b7e299
aaadb8975aea/node_mod
ules/[4msrc[24m/lib
sql/session.ts:214:16
)
    at 
Module.updateCard [9
0m(D:\UIT_COURSES\SE1
00\DailyDesk\backend\
[39msrc\services\car
ds.service.ts:566:24
[90m)[39m
    at [90mD:\UIT_CO
URSES\SE100\DailyDesk
\backend\[39msrc\rou
tes\cards.ts:244:25
    at dispatch (file
:///D:/UIT_COURSES/SE
100/DailyDesk/node_mo
dules/[4m.pnpm[24m/
hono@4.11.3/node_modu
les/[4mhono[24m/dis
t/compose.js:22:17)
    at file:///D:/UIT
_COURSES/SE100/DailyD
esk/node_modules/[4m
.pnpm[24m/hono@4.11.
3/node_modules/[4mho
no[24m/dist/validato
r/validator.js:81:12
    at mw (file:///D:
/UIT_COURSES/SE100/Da
ilyDesk/node_modules/
[4m.pnpm[24m/@hono+
zod-openapi@1.2.0_hon
o@4.11.3_zod@4.3.5/no
de_modules/[4m@hono
[24m/zod-openapi/src/
index.ts:546:26)
    at dispatch (file
:///D:/UIT_COURSES/SE
100/DailyDesk/node_mo
dules/[4m.pnpm[24m/
hono@4.11.3/node_modu
les/[4mhono[24m/dis
t/compose.js:22:17) {
  query: 
[32m'select "id", 
"name", 
"description", 
"order", 
"cover_url", 
"cover_public_id", 
"cover_color", 
"cover_mode", 
"list_id", 
"start_date", 
"deadline", 
"due_at", 
"due_complete", 
"reminder_minutes", 
"recurrence", 
"recurrence_day", "re
currence_weekday", 
"repeat_frequency", 
"repeat_interval", 
"latitude", 
"longitude", 
"completed", 
"is_template", 
"created_at", 
"updated_at" from 
"cards" where 
"cards"."id" = ? 
limit ?'[39m,
  params: [ [32m'019
bd127-db71-74f0-a9b8-
0391f223057a'[39m, 
[33m1[39m ],
  cause: 
LibsqlError: 
SQLITE_ERROR: no 
such column: 
is_template
      at 
mapSqliteError (file:
///D:/UIT_COURSES/SE1
00/DailyDesk/node_mod
ules/[4m.pnpm[24m/@
libsql+client@0.15.15
/node_modules/[4m@li
bsql[24m/client/lib-
esm/sqlite3.js:392:16
)
      at executeStmt 
(file:///D:/UIT_COURS
ES/SE100/DailyDesk/no
de_modules/[4m.pnpm
[24m/@libsql+client@0
.15.15/node_modules/
[4m@libsql[24m/clien
t/lib-esm/sqlite3.js:
297:15)
      at Sqlite3Clien
t.execute (file:///D:
/UIT_COURSES/SE100/Da
ilyDesk/node_modules/
[4m.pnpm[24m/@libsq
l+client@0.15.15/node
_modules/[4m@libsql
[24m/client/lib-esm/s
qlite3.js:81:16)
  [90m    ... 5 
lines matching cause 
stack trace ...[39m
      at SQLiteSelect
Base.execute (file://
/D:/UIT_COURSES/SE100
/DailyDesk/node_modul
es/[4m.pnpm[24m/dri
zzle-orm@0.44.7_@elec
tri_5c2928a099a752b7e
299aaadb8975aea/node_
modules/[4msrc[24m/
sqlite-core/query-bui
lders/select.ts:962:1
5)
      at SQLiteSelect
Base.then (file:///D:
/UIT_COURSES/SE100/Da
ilyDesk/node_modules/
[4m.pnpm[24m/drizzl
e-orm@0.44.7_@electri
_5c2928a099a752b7e299
aaadb8975aea/node_mod
ules/[4msrc[24m/que
ry-promise.ts:31:15) 
{
    code: [32m'SQLIT
E_ERROR'[39m,
    rawCode: 
[33m1[39m,
    [cause]: 
SqliteError: no such 
column: is_template
        at 
convertError (D:\UIT_
COURSES\SE100\DailyDe
sk\node_modules\[4m.
pnpm[24m\libsql@0.5.
22\node_modules\[4ml
ibsql[24m\index.js:5
9:12)
        at 
Database.prepare (D:\
UIT_COURSES\SE100\Dai
lyDesk\node_modules\
[4m.pnpm[24m\libsql@
0.5.22\node_modules\
[4mlibsql[24m\index.
js:131:13)
        at 
executeStmt (file:///
D:/UIT_COURSES/SE100/
DailyDesk/node_module
s/[4m.pnpm[24m/@lib
sql+client@0.15.15/no
de_modules/[4m@libsq
l[24m/client/lib-esm
/sqlite3.js:268:28)
        at Sqlite3Cli
ent.execute (file:///
D:/UIT_COURSES/SE100/
DailyDesk/node_module
s/[4m.pnpm[24m/@lib
sql+client@0.15.15/no
de_modules/[4m@libsq
l[24m/client/lib-esm
/sqlite3.js:81:16)
        at file:///D:
/UIT_COURSES/SE100/Da
ilyDesk/node_modules/
[4m.pnpm[24m/drizzl
e-orm@0.44.7_@electri
_5c2928a099a752b7e299
aaadb8975aea/node_mod
ules/[4msrc[24m/lib
sql/session.ts:288:58
        at LibSQLPrep
aredQuery.queryWithCa
che (file:///D:/UIT_C
OURSES/SE100/DailyDes
k/node_modules/[4m.p
npm[24m/drizzle-orm@
0.44.7_@electri_5c292
8a099a752b7e299aaadb8
975aea/node_modules/
[4msrc[24m/sqlite-co
re/session.ts:78:18)
        at LibSQLPrep
aredQuery.values (fil
e:///D:/UIT_COURSES/S
E100/DailyDesk/node_m
odules/[4m.pnpm[24m
/drizzle-orm@0.44.7_@
electri_5c2928a099a75
2b7e299aaadb8975aea/n
ode_modules/[4msrc[
24m/libsql/session.ts
:286:21)
        at LibSQLPrep
aredQuery.all (file:/
//D:/UIT_COURSES/SE10
0/DailyDesk/node_modu
les/[4m.pnpm[24m/dr
izzle-orm@0.44.7_@ele
ctri_5c2928a099a752b7
e299aaadb8975aea/node
_modules/[4msrc[24m
/libsql/session.ts:21
4:27)
        at 
SQLiteSelectBase.all 
(file:///D:/UIT_COURS
ES/SE100/DailyDesk/no
de_modules/[4m.pnpm
[24m/drizzle-orm@0.44
.7_@electri_5c2928a09
9a752b7e299aaadb8975a
ea/node_modules/[4ms
rc[24m/sqlite-core/q
uery-builders/select.
ts:950:26)
        at SQLiteSele
ctBase.execute (file:
///D:/UIT_COURSES/SE1
00/DailyDesk/node_mod
ules/[4m.pnpm[24m/d
rizzle-orm@0.44.7_@el
ectri_5c2928a099a752b
7e299aaadb8975aea/nod
e_modules/[4msrc[24
m/sqlite-core/query-b
uilders/select.ts:962
:15) {
      code: [32m'SQL
ITE_ERROR'[39m,
      rawCode: 
[33m1[39m
    }
  }
}

[90mstderr[2m | tes
ts/cards/cards.test.t
s[2m > 
[22m[2mCards API 
Integration 
Tests[2m > 
[22m[2mDELETE /boar
ds/:boardId/cards/:id
[2m > 
[22m[2mshould 
delete a card
[22m[39mDrizzleQuer
yError: Failed 
query: select "id", 
"name", 
"description", 
"order", 
"cover_url", 
"cover_public_id", 
"cover_color", 
"cover_mode", 
"list_id", 
"start_date", 
"deadline", 
"due_at", 
"due_complete", 
"reminder_minutes", 
"recurrence", 
"recurrence_day", "re
currence_weekday", 
"repeat_frequency", 
"repeat_interval", 
"latitude", 
"longitude", 
"completed", 
"is_template", 
"created_at", 
"updated_at" from 
"cards" where 
"cards"."list_id" = ?
params: 019bd127-db92
-7371-b52e-a20893861f
4b
    at LibSQLPrepared
Query.queryWithCache 
(file:///D:/UIT_COURS
ES/SE100/DailyDesk/no
de_modules/[4m.pnpm
[24m/drizzle-orm@0.44
.7_@electri_5c2928a09
9a752b7e299aaadb8975a
ea/node_modules/[4ms
rc[24m/sqlite-core/s
ession.ts:80:11)
[90m    at processTi
cksAndRejections (nod
e:internal/process/ta
sk_queues:105:5)[39m
    at LibSQLPrepared
Query.values (file://
/D:/UIT_COURSES/SE100
/DailyDesk/node_modul
es/[4m.pnpm[24m/dri
zzle-orm@0.44.7_@elec
tri_5c2928a099a752b7e
299aaadb8975aea/node_
modules/[4msrc[24m/
libsql/session.ts:286
:10)
    at LibSQLPrepared
Query.all (file:///D:
/UIT_COURSES/SE100/Da
ilyDesk/node_modules/
[4m.pnpm[24m/drizzl
e-orm@0.44.7_@electri
_5c2928a099a752b7e299
aaadb8975aea/node_mod
ules/[4msrc[24m/lib
sql/session.ts:214:16
)
    at 
Module.createCard [9
0m(D:\UIT_COURSES\SE1
00\DailyDesk\backend\
[39msrc\services\car
ds.service.ts:319:23
[90m)[39m
    at [90mD:\UIT_CO
URSES\SE100\DailyDesk
\backend\[39msrc\rou
tes\cards.ts:152:22
    at dispatch (file
:///D:/UIT_COURSES/SE
100/DailyDesk/node_mo
dules/[4m.pnpm[24m/
hono@4.11.3/node_modu
les/[4mhono[24m/dis
t/compose.js:22:17)
    at file:///D:/UIT
_COURSES/SE100/DailyD
esk/node_modules/[4m
.pnpm[24m/hono@4.11.
3/node_modules/[4mho
no[24m/dist/validato
r/validator.js:81:12
    at mw (file:///D:
/UIT_COURSES/SE100/Da
ilyDesk/node_modules/
[4m.pnpm[24m/@hono+
zod-openapi@1.2.0_hon
o@4.11.3_zod@4.3.5/no
de_modules/[4m@hono
[24m/zod-openapi/src/
index.ts:546:26)
    at dispatch (file
:///D:/UIT_COURSES/SE
100/DailyDesk/node_mo
dules/[4m.pnpm[24m/
hono@4.11.3/node_modu
les/[4mhono[24m/dis
t/compose.js:22:17) {
  query: 
[32m'select "id", 
"name", 
"description", 
"order", 
"cover_url", 
"cover_public_id", 
"cover_color", 
"cover_mode", 
"list_id", 
"start_date", 
"deadline", 
"due_at", 
"due_complete", 
"reminder_minutes", 
"recurrence", 
"recurrence_day", "re
currence_weekday", 
"repeat_frequency", 
"repeat_interval", 
"latitude", 
"longitude", 
"completed", 
"is_template", 
"created_at", 
"updated_at" from 
"cards" where 
"cards"."list_id" = 
?'[39m,
  params: [ [32m'019
bd127-db92-7371-b52e-
a20893861f4b'[39m ],
  cause: 
LibsqlError: 
SQLITE_ERROR: no 
such column: 
is_template
      at 
mapSqliteError (file:
///D:/UIT_COURSES/SE1
00/DailyDesk/node_mod
ules/[4m.pnpm[24m/@
libsql+client@0.15.15
/node_modules/[4m@li
bsql[24m/client/lib-
esm/sqlite3.js:392:16
)
      at executeStmt 
(file:///D:/UIT_COURS
ES/SE100/DailyDesk/no
de_modules/[4m.pnpm
[24m/@libsql+client@0
.15.15/node_modules/
[4m@libsql[24m/clien
t/lib-esm/sqlite3.js:
297:15)
      at Sqlite3Clien
t.execute (file:///D:
/UIT_COURSES/SE100/Da
ilyDesk/node_modules/
[4m.pnpm[24m/@libsq
l+client@0.15.15/node
_modules/[4m@libsql
[24m/client/lib-esm/s
qlite3.js:81:16)
  [90m    ... 5 
lines matching cause 
stack trace ...[39m
      at SQLiteSelect
Base.execute (file://
/D:/UIT_COURSES/SE100
/DailyDesk/node_modul
es/[4m.pnpm[24m/dri
zzle-orm@0.44.7_@elec
tri_5c2928a099a752b7e
299aaadb8975aea/node_
modules/[4msrc[24m/
sqlite-core/query-bui
lders/select.ts:962:1
5)
      at SQLiteSelect
Base.then (file:///D:
/UIT_COURSES/SE100/Da
ilyDesk/node_modules/
[4m.pnpm[24m/drizzl
e-orm@0.44.7_@electri
_5c2928a099a752b7e299
aaadb8975aea/node_mod
ules/[4msrc[24m/que
ry-promise.ts:31:15) 
{
    code: [32m'SQLIT
E_ERROR'[39m,
    rawCode: 
[33m1[39m,
    [cause]: 
SqliteError: no such 
column: is_template
        at 
convertError (D:\UIT_
COURSES\SE100\DailyDe
sk\node_modules\[4m.
pnpm[24m\libsql@0.5.
22\node_modules\[4ml
ibsql[24m\index.js:5
9:12)
        at 
Database.prepare (D:\
UIT_COURSES\SE100\Dai
lyDesk\node_modules\
[4m.pnpm[24m\libsql@
0.5.22\node_modules\
[4mlibsql[24m\index.
js:131:13)
        at 
executeStmt (file:///
D:/UIT_COURSES/SE100/
DailyDesk/node_module
s/[4m.pnpm[24m/@lib
sql+client@0.15.15/no
de_modules/[4m@libsq
l[24m/client/lib-esm
/sqlite3.js:268:28)
        at Sqlite3Cli
ent.execute (file:///
D:/UIT_COURSES/SE100/
DailyDesk/node_module
s/[4m.pnpm[24m/@lib
sql+client@0.15.15/no
de_modules/[4m@libsq
l[24m/client/lib-esm
/sqlite3.js:81:16)
        at file:///D:
/UIT_COURSES/SE100/Da
ilyDesk/node_modules/
[4m.pnpm[24m/drizzl
e-orm@0.44.7_@electri
_5c2928a099a752b7e299
aaadb8975aea/node_mod
ules/[4msrc[24m/lib
sql/session.ts:288:58
        at LibSQLPrep
aredQuery.queryWithCa
che (file:///D:/UIT_C
OURSES/SE100/DailyDes
k/node_modules/[4m.p
npm[24m/drizzle-orm@
0.44.7_@electri_5c292
8a099a752b7e299aaadb8
975aea/node_modules/
[4msrc[24m/sqlite-co
re/session.ts:78:18)
        at LibSQLPrep
aredQuery.values (fil
e:///D:/UIT_COURSES/S
E100/DailyDesk/node_m
odules/[4m.pnpm[24m
/drizzle-orm@0.44.7_@
electri_5c2928a099a75
2b7e299aaadb8975aea/n
ode_modules/[4msrc[
24m/libsql/session.ts
:286:21)
        at LibSQLPrep
aredQuery.all (file:/
//D:/UIT_COURSES/SE10
0/DailyDesk/node_modu
les/[4m.pnpm[24m/dr
izzle-orm@0.44.7_@ele
ctri_5c2928a099a752b7
e299aaadb8975aea/node
_modules/[4msrc[24m
/libsql/session.ts:21
4:27)
        at 
SQLiteSelectBase.all 
(file:///D:/UIT_COURS
ES/SE100/DailyDesk/no
de_modules/[4m.pnpm
[24m/drizzle-orm@0.44
.7_@electri_5c2928a09
9a752b7e299aaadb8975a
ea/node_modules/[4ms
rc[24m/sqlite-core/q
uery-builders/select.
ts:950:26)
        at SQLiteSele
ctBase.execute (file:
///D:/UIT_COURSES/SE1
00/DailyDesk/node_mod
ules/[4m.pnpm[24m/d
rizzle-orm@0.44.7_@el
ectri_5c2928a099a752b
7e299aaadb8975aea/nod
e_modules/[4msrc[24
m/sqlite-core/query-b
uilders/select.ts:962
:15) {
      code: [32m'SQL
ITE_ERROR'[39m,
      rawCode: 
[33m1[39m
    }
  }
}
DrizzleQueryError: 
Failed query: select 
"id", "name", 
"description", 
"order", 
"cover_url", 
"cover_public_id", 
"cover_color", 
"cover_mode", 
"list_id", 
"start_date", 
"deadline", 
"due_at", 
"due_complete", 
"reminder_minutes", 
"recurrence", 
"recurrence_day", "re
currence_weekday", 
"repeat_frequency", 
"repeat_interval", 
"latitude", 
"longitude", 
"completed", 
"is_template", 
"created_at", 
"updated_at" from 
"cards" where 
"cards"."id" = ? 
limit ?
params: 019bd127-db95
-735e-9d1e-4991a3aecf
bf,1
    at LibSQLPrepared
Query.queryWithCache 
(file:///D:/UIT_COURS
ES/SE100/DailyDesk/no
de_modules/[4m.pnpm
[24m/drizzle-orm@0.44
.7_@electri_5c2928a09
9a752b7e299aaadb8975a
ea/node_modules/[4ms
rc[24m/sqlite-core/s
ession.ts:80:11)
[90m    at processTi
cksAndRejections (nod
e:internal/process/ta
sk_queues:105:5)[39m
    at LibSQLPrepared
Query.values (file://
/D:/UIT_COURSES/SE100
/DailyDesk/node_modul
es/[4m.pnpm[24m/dri
zzle-orm@0.44.7_@elec
tri_5c2928a099a752b7e
299aaadb8975aea/node_
modules/[4msrc[24m/
libsql/session.ts:286
:10)
    at LibSQLPrepared
Query.all (file:///D:
/UIT_COURSES/SE100/Da
ilyDesk/node_modules/
[4m.pnpm[24m/drizzl
e-orm@0.44.7_@electri
_5c2928a099a752b7e299
aaadb8975aea/node_mod
ules/[4msrc[24m/lib
sql/session.ts:214:16
)
    at 
Module.deleteCard [9
0m(D:\UIT_COURSES\SE1
00\DailyDesk\backend\
[39msrc\services\car
ds.service.ts:938:24
[90m)[39m
    at [90mD:\UIT_CO
URSES\SE100\DailyDesk
\backend\[39msrc\rou
tes\cards.ts:300:24
    at dispatch (file
:///D:/UIT_COURSES/SE
100/DailyDesk/node_mo
dules/[4m.pnpm[24m/
hono@4.11.3/node_modu
les/[4mhono[24m/dis
t/compose.js:22:17)
    at file:///D:/UIT
_COURSES/SE100/DailyD
esk/node_modules/[4m
.pnpm[24m/hono@4.11.
3/node_modules/[4mho
no[24m/dist/validato
r/validator.js:81:12
    at dispatch (file
:///D:/UIT_COURSES/SE
100/DailyDesk/node_mo
dules/[4m.pnpm[24m/
hono@4.11.3/node_modu
les/[4mhono[24m/dis
t/compose.js:22:17)
    at [90mD:\UIT_CO
URSES\SE100\DailyDesk
\backend\[39mtests\h
elpers\auth.ts:27:5 {
  query: 
[32m'select "id", 
"name", 
"description", 
"order", 
"cover_url", 
"cover_public_id", 
"cover_color", 
"cover_mode", 
"list_id", 
"start_date", 
"deadline", 
"due_at", 
"due_complete", 
"reminder_minutes", 
"recurrence", 
"recurrence_day", "re
currence_weekday", 
"repeat_frequency", 
"repeat_interval", 
"latitude", 
"longitude", 
"completed", 
"is_template", 
"created_at", 
"updated_at" from 
"cards" where 
"cards"."id" = ? 
limit ?'[39m,
  params: [ [32m'019
bd127-db95-735e-9d1e-
4991a3aecfbf'[39m, 
[33m1[39m ],
  cause: 
LibsqlError: 
SQLITE_ERROR: no 
such column: 
is_template
      at 
mapSqliteError (file:
///D:/UIT_COURSES/SE1
00/DailyDesk/node_mod
ules/[4m.pnpm[24m/@
libsql+client@0.15.15
/node_modules/[4m@li
bsql[24m/client/lib-
esm/sqlite3.js:392:16
)
      at executeStmt 
(file:///D:/UIT_COURS
ES/SE100/DailyDesk/no
de_modules/[4m.pnpm
[24m/@libsql+client@0
.15.15/node_modules/
[4m@libsql[24m/clien
t/lib-esm/sqlite3.js:
297:15)
      at Sqlite3Clien
t.execute (file:///D:
/UIT_COURSES/SE100/Da
ilyDesk/node_modules/
[4m.pnpm[24m/@libsq
l+client@0.15.15/node
_modules/[4m@libsql
[24m/client/lib-esm/s
qlite3.js:81:16)
  [90m    ... 5 
lines matching cause 
stack trace ...[39m
      at SQLiteSelect
Base.execute (file://
/D:/UIT_COURSES/SE100
/DailyDesk/node_modul
es/[4m.pnpm[24m/dri
zzle-orm@0.44.7_@elec
tri_5c2928a099a752b7e
299aaadb8975aea/node_
modules/[4msrc[24m/
sqlite-core/query-bui
lders/select.ts:962:1
5)
      at SQLiteSelect
Base.then (file:///D:
/UIT_COURSES/SE100/Da
ilyDesk/node_modules/
[4m.pnpm[24m/drizzl
e-orm@0.44.7_@electri
_5c2928a099a752b7e299
aaadb8975aea/node_mod
ules/[4msrc[24m/que
ry-promise.ts:31:15) 
{
    code: [32m'SQLIT
E_ERROR'[39m,
    rawCode: 
[33m1[39m,
    [cause]: 
SqliteError: no such 
column: is_template
        at 
convertError (D:\UIT_
COURSES\SE100\DailyDe
sk\node_modules\[4m.
pnpm[24m\libsql@0.5.
22\node_modules\[4ml
ibsql[24m\index.js:5
9:12)
        at 
Database.prepare (D:\
UIT_COURSES\SE100\Dai
lyDesk\node_modules\
[4m.pnpm[24m\libsql@
0.5.22\node_modules\
[4mlibsql[24m\index.
js:131:13)
        at 
executeStmt (file:///
D:/UIT_COURSES/SE100/
DailyDesk/node_module
s/[4m.pnpm[24m/@lib
sql+client@0.15.15/no
de_modules/[4m@libsq
l[24m/client/lib-esm
/sqlite3.js:268:28)
        at Sqlite3Cli
ent.execute (file:///
D:/UIT_COURSES/SE100/
DailyDesk/node_module
s/[4m.pnpm[24m/@lib
sql+client@0.15.15/no
de_modules/[4m@libsq
l[24m/client/lib-esm
/sqlite3.js:81:16)
        at file:///D:
/UIT_COURSES/SE100/Da
ilyDesk/node_modules/
[4m.pnpm[24m/drizzl
e-orm@0.44.7_@electri
_5c2928a099a752b7e299
aaadb8975aea/node_mod
ules/[4msrc[24m/lib
sql/session.ts:288:58
        at LibSQLPrep
aredQuery.queryWithCa
che (file:///D:/UIT_C
OURSES/SE100/DailyDes
k/node_modules/[4m.p
npm[24m/drizzle-orm@
0.44.7_@electri_5c292
8a099a752b7e299aaadb8
975aea/node_modules/
[4msrc[24m/sqlite-co
re/session.ts:78:18)
        at LibSQLPrep
aredQuery.values (fil
e:///D:/UIT_COURSES/S
E100/DailyDesk/node_m
odules/[4m.pnpm[24m
/drizzle-orm@0.44.7_@
electri_5c2928a099a75
2b7e299aaadb8975aea/n
ode_modules/[4msrc[
24m/libsql/session.ts
:286:21)
        at LibSQLPrep
aredQuery.all (file:/
//D:/UIT_COURSES/SE10
0/DailyDesk/node_modu
les/[4m.pnpm[24m/dr
izzle-orm@0.44.7_@ele
ctri_5c2928a099a752b7
e299aaadb8975aea/node
_modules/[4msrc[24m
/libsql/session.ts:21
4:27)
        at 
SQLiteSelectBase.all 
(file:///D:/UIT_COURS
ES/SE100/DailyDesk/no
de_modules/[4m.pnpm
[24m/drizzle-orm@0.44
.7_@electri_5c2928a09
9a752b7e299aaadb8975a
ea/node_modules/[4ms
rc[24m/sqlite-core/q
uery-builders/select.
ts:950:26)
        at SQLiteSele
ctBase.execute (file:
///D:/UIT_COURSES/SE1
00/DailyDesk/node_mod
ules/[4m.pnpm[24m/d
rizzle-orm@0.44.7_@el
ectri_5c2928a099a752b
7e299aaadb8975aea/nod
e_modules/[4msrc[24
m/sqlite-core/query-b
uilders/select.ts:962
:15) {
      code: [32m'SQL
ITE_ERROR'[39m,
      rawCode: 
[33m1[39m
    }
  }
}

[90mstderr[2m | tes
ts/cards/cards.test.t
s[2m > 
[22m[2mCards API 
Integration 
Tests[2m > 
[22m[2mDELETE /boar
ds/:boardId/cards/:id
[2m > 
[22m[2mshould 
return 404 for 
non-existent card
[22m[39mDrizzleQuer
yError: Failed 
query: select "id", 
"name", 
"description", 
"order", 
"cover_url", 
"cover_public_id", 
"cover_color", 
"cover_mode", 
"list_id", 
"start_date", 
"deadline", 
"due_at", 
"due_complete", 
"reminder_minutes", 
"recurrence", 
"recurrence_day", "re
currence_weekday", 
"repeat_frequency", 
"repeat_interval", 
"latitude", 
"longitude", 
"completed", 
"is_template", 
"created_at", 
"updated_at" from 
"cards" where 
"cards"."id" = ? 
limit ?
params: 019bd127-dba6
-779c-89f4-2f24b33cfb
ff,1
    at LibSQLPrepared
Query.queryWithCache 
(file:///D:/UIT_COURS
ES/SE100/DailyDesk/no
de_modules/[4m.pnpm
[24m/drizzle-orm@0.44
.7_@electri_5c2928a09
9a752b7e299aaadb8975a
ea/node_modules/[4ms
rc[24m/sqlite-core/s
ession.ts:80:11)
[90m    at processTi
cksAndRejections (nod
e:internal/process/ta
sk_queues:105:5)[39m
    at LibSQLPrepared
Query.values (file://
/D:/UIT_COURSES/SE100
/DailyDesk/node_modul
es/[4m.pnpm[24m/dri
zzle-orm@0.44.7_@elec
tri_5c2928a099a752b7e
299aaadb8975aea/node_
modules/[4msrc[24m/
libsql/session.ts:286
:10)
    at LibSQLPrepared
Query.all (file:///D:
/UIT_COURSES/SE100/Da
ilyDesk/node_modules/
[4m.pnpm[24m/drizzl
e-orm@0.44.7_@electri
_5c2928a099a752b7e299
aaadb8975aea/node_mod
ules/[4msrc[24m/lib
sql/session.ts:214:16
)
    at 
Module.deleteCard [9
0m(D:\UIT_COURSES\SE1
00\DailyDesk\backend\
[39msrc\services\car
ds.service.ts:938:24
[90m)[39m
    at [90mD:\UIT_CO
URSES\SE100\DailyDesk
\backend\[39msrc\rou
tes\cards.ts:300:24
    at dispatch (file
:///D:/UIT_COURSES/SE
100/DailyDesk/node_mo
dules/[4m.pnpm[24m/
hono@4.11.3/node_modu
les/[4mhono[24m/dis
t/compose.js:22:17)
    at file:///D:/UIT
_COURSES/SE100/DailyD
esk/node_modules/[4m
.pnpm[24m/hono@4.11.
3/node_modules/[4mho
no[24m/dist/validato
r/validator.js:81:12
    at dispatch (file
:///D:/UIT_COURSES/SE
100/DailyDesk/node_mo
dules/[4m.pnpm[24m/
hono@4.11.3/node_modu
les/[4mhono[24m/dis
t/compose.js:22:17)
    at [90mD:\UIT_CO
URSES\SE100\DailyDesk
\backend\[39mtests\h
elpers\auth.ts:27:5 {
  query: 
[32m'select "id", 
"name", 
"description", 
"order", 
"cover_url", 
"cover_public_id", 
"cover_color", 
"cover_mode", 
"list_id", 
"start_date", 
"deadline", 
"due_at", 
"due_complete", 
"reminder_minutes", 
"recurrence", 
"recurrence_day", "re
currence_weekday", 
"repeat_frequency", 
"repeat_interval", 
"latitude", 
"longitude", 
"completed", 
"is_template", 
"created_at", 
"updated_at" from 
"cards" where 
"cards"."id" = ? 
limit ?'[39m,
  params: [ [32m'019
bd127-dba6-779c-89f4-
2f24b33cfbff'[39m, 
[33m1[39m ],
  cause: 
LibsqlError: 
SQLITE_ERROR: no 
such column: 
is_template
      at 
mapSqliteError (file:
///D:/UIT_COURSES/SE1
00/DailyDesk/node_mod
ules/[4m.pnpm[24m/@
libsql+client@0.15.15
/node_modules/[4m@li
bsql[24m/client/lib-
esm/sqlite3.js:392:16
)
      at executeStmt 
(file:///D:/UIT_COURS
ES/SE100/DailyDesk/no
de_modules/[4m.pnpm
[24m/@libsql+client@0
.15.15/node_modules/
[4m@libsql[24m/clien
t/lib-esm/sqlite3.js:
297:15)
      at Sqlite3Clien
t.execute (file:///D:
/UIT_COURSES/SE100/Da
ilyDesk/node_modules/
[4m.pnpm[24m/@libsq
l+client@0.15.15/node
_modules/[4m@libsql
[24m/client/lib-esm/s
qlite3.js:81:16)
  [90m    ... 5 
lines matching cause 
stack trace ...[39m
      at SQLiteSelect
Base.execute (file://
/D:/UIT_COURSES/SE100
/DailyDesk/node_modul
es/[4m.pnpm[24m/dri
zzle-orm@0.44.7_@elec
tri_5c2928a099a752b7e
299aaadb8975aea/node_
modules/[4msrc[24m/
sqlite-core/query-bui
lders/select.ts:962:1
5)
      at SQLiteSelect
Base.then (file:///D:
/UIT_COURSES/SE100/Da
ilyDesk/node_modules/
[4m.pnpm[24m/drizzl
e-orm@0.44.7_@electri
_5c2928a099a752b7e299
aaadb8975aea/node_mod
ules/[4msrc[24m/que
ry-promise.ts:31:15) 
{
    code: [32m'SQLIT
E_ERROR'[39m,
    rawCode: 
[33m1[39m,
    [cause]: 
SqliteError: no such 
column: is_template
        at 
convertError (D:\UIT_
COURSES\SE100\DailyDe
sk\node_modules\[4m.
pnpm[24m\libsql@0.5.
22\node_modules\[4ml
ibsql[24m\index.js:5
9:12)
        at 
Database.prepare (D:\
UIT_COURSES\SE100\Dai
lyDesk\node_modules\
[4m.pnpm[24m\libsql@
0.5.22\node_modules\
[4mlibsql[24m\index.
js:131:13)
        at 
executeStmt (file:///
D:/UIT_COURSES/SE100/
DailyDesk/node_module
s/[4m.pnpm[24m/@lib
sql+client@0.15.15/no
de_modules/[4m@libsq
l[24m/client/lib-esm
/sqlite3.js:268:28)
        at Sqlite3Cli
ent.execute (file:///
D:/UIT_COURSES/SE100/
DailyDesk/node_module
s/[4m.pnpm[24m/@lib
sql+client@0.15.15/no
de_modules/[4m@libsq
l[24m/client/lib-esm
/sqlite3.js:81:16)
        at file:///D:
/UIT_COURSES/SE100/Da
ilyDesk/node_modules/
[4m.pnpm[24m/drizzl
e-orm@0.44.7_@electri
_5c2928a099a752b7e299
aaadb8975aea/node_mod
ules/[4msrc[24m/lib
sql/session.ts:288:58
        at LibSQLPrep
aredQuery.queryWithCa
che (file:///D:/UIT_C
OURSES/SE100/DailyDes
k/node_modules/[4m.p
npm[24m/drizzle-orm@
0.44.7_@electri_5c292
8a099a752b7e299aaadb8
975aea/node_modules/
[4msrc[24m/sqlite-co
re/session.ts:78:18)
        at LibSQLPrep
aredQuery.values (fil
e:///D:/UIT_COURSES/S
E100/DailyDesk/node_m
odules/[4m.pnpm[24m
/drizzle-orm@0.44.7_@
electri_5c2928a099a75
2b7e299aaadb8975aea/n
ode_modules/[4msrc[
24m/libsql/session.ts
:286:21)
        at LibSQLPrep
aredQuery.all (file:/
//D:/UIT_COURSES/SE10
0/DailyDesk/node_modu
les/[4m.pnpm[24m/dr
izzle-orm@0.44.7_@ele
ctri_5c2928a099a752b7
e299aaadb8975aea/node
_modules/[4msrc[24m
/libsql/session.ts:21
4:27)
        at 
SQLiteSelectBase.all 
(file:///D:/UIT_COURS
ES/SE100/DailyDesk/no
de_modules/[4m.pnpm
[24m/drizzle-orm@0.44
.7_@electri_5c2928a09
9a752b7e299aaadb8975a
ea/node_modules/[4ms
rc[24m/sqlite-core/q
uery-builders/select.
ts:950:26)
        at SQLiteSele
ctBase.execute (file:
///D:/UIT_COURSES/SE1
00/DailyDesk/node_mod
ules/[4m.pnpm[24m/d
rizzle-orm@0.44.7_@el
ectri_5c2928a099a752b
7e299aaadb8975aea/nod
e_modules/[4msrc[24
m/sqlite-core/query-b
uilders/select.ts:962
:15) {
      code: [32m'SQL
ITE_ERROR'[39m,
      rawCode: 
[33m1[39m
    }
  }
}

[90mstderr[2m | tes
ts/cards/cards.test.t
s[2m > 
[22m[2mCards API 
Integration 
Tests[2m > 
[22m[2mDELETE /boar
ds/:boardId/cards/:id
[2m > 
[22m[2mshould 
maintain correct 
order of remaining 
cards after deleting 
first card
[22m[39mDrizzleQuer
yError: Failed 
query: select "id", 
"name", 
"description", 
"order", 
"cover_url", 
"cover_public_id", 
"cover_color", 
"cover_mode", 
"list_id", 
"start_date", 
"deadline", 
"due_at", 
"due_complete", 
"reminder_minutes", 
"recurrence", 
"recurrence_day", "re
currence_weekday", 
"repeat_frequency", 
"repeat_interval", 
"latitude", 
"longitude", 
"completed", 
"is_template", 
"created_at", 
"updated_at" from 
"cards" where 
"cards"."list_id" = ?
params: 019bd127-dbd8
-72f7-aecc-0f54600596
c8
    at LibSQLPrepared
Query.queryWithCache 
(file:///D:/UIT_COURS
ES/SE100/DailyDesk/no
de_modules/[4m.pnpm
[24m/drizzle-orm@0.44
.7_@electri_5c2928a09
9a752b7e299aaadb8975a
ea/node_modules/[4ms
rc[24m/sqlite-core/s
ession.ts:80:11)
[90m    at processTi
cksAndRejections (nod
e:internal/process/ta
sk_queues:105:5)[39m
    at LibSQLPrepared
Query.values (file://
/D:/UIT_COURSES/SE100
/DailyDesk/node_modul
es/[4m.pnpm[24m/dri
zzle-orm@0.44.7_@elec
tri_5c2928a099a752b7e
299aaadb8975aea/node_
modules/[4msrc[24m/
libsql/session.ts:286
:10)
    at LibSQLPrepared
Query.all (file:///D:
/UIT_COURSES/SE100/Da
ilyDesk/node_modules/
[4m.pnpm[24m/drizzl
e-orm@0.44.7_@electri
_5c2928a099a752b7e299
aaadb8975aea/node_mod
ules/[4msrc[24m/lib
sql/session.ts:214:16
)
    at 
Module.createCard [9
0m(D:\UIT_COURSES\SE1
00\DailyDesk\backend\
[39msrc\services\car
ds.service.ts:319:23
[90m)[39m
    at [90mD:\UIT_CO
URSES\SE100\DailyDesk
\backend\[39msrc\rou
tes\cards.ts:152:22
    at dispatch (file
:///D:/UIT_COURSES/SE
100/DailyDesk/node_mo
dules/[4m.pnpm[24m/
hono@4.11.3/node_modu
les/[4mhono[24m/dis
t/compose.js:22:17)
    at file:///D:/UIT
_COURSES/SE100/DailyD
esk/node_modules/[4m
.pnpm[24m/hono@4.11.
3/node_modules/[4mho
no[24m/dist/validato
r/validator.js:81:12
    at mw (file:///D:
/UIT_COURSES/SE100/Da
ilyDesk/node_modules/
[4m.pnpm[24m/@hono+
zod-openapi@1.2.0_hon
o@4.11.3_zod@4.3.5/no
de_modules/[4m@hono
[24m/zod-openapi/src/
index.ts:546:26)
    at dispatch (file
:///D:/UIT_COURSES/SE
100/DailyDesk/node_mo
dules/[4m.pnpm[24m/
hono@4.11.3/node_modu
les/[4mhono[24m/dis
t/compose.js:22:17) {
  query: 
[32m'select "id", 
"name", 
"description", 
"order", 
"cover_url", 
"cover_public_id", 
"cover_color", 
"cover_mode", 
"list_id", 
"start_date", 
"deadline", 
"due_at", 
"due_complete", 
"reminder_minutes", 
"recurrence", 
"recurrence_day", "re
currence_weekday", 
"repeat_frequency", 
"repeat_interval", 
"latitude", 
"longitude", 
"completed", 
"is_template", 
"created_at", 
"updated_at" from 
"cards" where 
"cards"."list_id" = 
?'[39m,
  params: [ [32m'019
bd127-dbd8-72f7-aecc-
0f54600596c8'[39m ],
  cause: 
LibsqlError: 
SQLITE_ERROR: no 
such column: 
is_template
      at 
mapSqliteError (file:
///D:/UIT_COURSES/SE1
00/DailyDesk/node_mod
ules/[4m.pnpm[24m/@
libsql+client@0.15.15
/node_modules/[4m@li
bsql[24m/client/lib-
esm/sqlite3.js:392:16
)
      at executeStmt 
(file:///D:/UIT_COURS
ES/SE100/DailyDesk/no
de_modules/[4m.pnpm
[24m/@libsql+client@0
.15.15/node_modules/
[4m@libsql[24m/clien
t/lib-esm/sqlite3.js:
297:15)
      at Sqlite3Clien
t.execute (file:///D:
/UIT_COURSES/SE100/Da
ilyDesk/node_modules/
[4m.pnpm[24m/@libsq
l+client@0.15.15/node
_modules/[4m@libsql
[24m/client/lib-esm/s
qlite3.js:81:16)
  [90m    ... 5 
lines matching cause 
stack trace ...[39m
      at SQLiteSelect
Base.execute (file://
/D:/UIT_COURSES/SE100
/DailyDesk/node_modul
es/[4m.pnpm[24m/dri
zzle-orm@0.44.7_@elec
tri_5c2928a099a752b7e
299aaadb8975aea/node_
modules/[4msrc[24m/
sqlite-core/query-bui
lders/select.ts:962:1
5)
      at SQLiteSelect
Base.then (file:///D:
/UIT_COURSES/SE100/Da
ilyDesk/node_modules/
[4m.pnpm[24m/drizzl
e-orm@0.44.7_@electri
_5c2928a099a752b7e299
aaadb8975aea/node_mod
ules/[4msrc[24m/que
ry-promise.ts:31:15) 
{
    code: [32m'SQLIT
E_ERROR'[39m,
    rawCode: 
[33m1[39m,
    [cause]: 
SqliteError: no such 
column: is_template
        at 
convertError (D:\UIT_
COURSES\SE100\DailyDe
sk\node_modules\[4m.
pnpm[24m\libsql@0.5.
22\node_modules\[4ml
ibsql[24m\index.js:5
9:12)
        at 
Database.prepare (D:\
UIT_COURSES\SE100\Dai
lyDesk\node_modules\
[4m.pnpm[24m\libsql@
0.5.22\node_modules\
[4mlibsql[24m\index.
js:131:13)
        at 
executeStmt (file:///
D:/UIT_COURSES/SE100/
DailyDesk/node_module
s/[4m.pnpm[24m/@lib
sql+client@0.15.15/no
de_modules/[4m@libsq
l[24m/client/lib-esm
/sqlite3.js:268:28)
        at Sqlite3Cli
ent.execute (file:///
D:/UIT_COURSES/SE100/
DailyDesk/node_module
s/[4m.pnpm[24m/@lib
sql+client@0.15.15/no
de_modules/[4m@libsq
l[24m/client/lib-esm
/sqlite3.js:81:16)
        at file:///D:
/UIT_COURSES/SE100/Da
ilyDesk/node_modules/
[4m.pnpm[24m/drizzl
e-orm@0.44.7_@electri
_5c2928a099a752b7e299
aaadb8975aea/node_mod
ules/[4msrc[24m/lib
sql/session.ts:288:58
        at LibSQLPrep
aredQuery.queryWithCa
che (file:///D:/UIT_C
OURSES/SE100/DailyDes
k/node_modules/[4m.p
npm[24m/drizzle-orm@
0.44.7_@electri_5c292
8a099a752b7e299aaadb8
975aea/node_modules/
[4msrc[24m/sqlite-co
re/session.ts:78:18)
        at LibSQLPrep
aredQuery.values (fil
e:///D:/UIT_COURSES/S
E100/DailyDesk/node_m
odules/[4m.pnpm[24m
/drizzle-orm@0.44.7_@
electri_5c2928a099a75
2b7e299aaadb8975aea/n
ode_modules/[4msrc[
24m/libsql/session.ts
:286:21)
        at LibSQLPrep
aredQuery.all (file:/
//D:/UIT_COURSES/SE10
0/DailyDesk/node_modu
les/[4m.pnpm[24m/dr
izzle-orm@0.44.7_@ele
ctri_5c2928a099a752b7
e299aaadb8975aea/node
_modules/[4msrc[24m
/libsql/session.ts:21
4:27)
        at 
SQLiteSelectBase.all 
(file:///D:/UIT_COURS
ES/SE100/DailyDesk/no
de_modules/[4m.pnpm
[24m/drizzle-orm@0.44
.7_@electri_5c2928a09
9a752b7e299aaadb8975a
ea/node_modules/[4ms
rc[24m/sqlite-core/q
uery-builders/select.
ts:950:26)
        at SQLiteSele
ctBase.execute (file:
///D:/UIT_COURSES/SE1
00/DailyDesk/node_mod
ules/[4m.pnpm[24m/d
rizzle-orm@0.44.7_@el
ectri_5c2928a099a752b
7e299aaadb8975aea/nod
e_modules/[4msrc[24
m/sqlite-core/query-b
uilders/select.ts:962
:15) {
      code: [32m'SQL
ITE_ERROR'[39m,
      rawCode: 
[33m1[39m
    }
  }
}
DrizzleQueryError: 
Failed query: select 
"id", "name", 
"description", 
"order", 
"cover_url", 
"cover_public_id", 
"cover_color", 
"cover_mode", 
"list_id", 
"start_date", 
"deadline", 
"due_at", 
"due_complete", 
"reminder_minutes", 
"recurrence", 
"recurrence_day", "re
currence_weekday", 
"repeat_frequency", 
"repeat_interval", 
"latitude", 
"longitude", 
"completed", 
"is_template", 
"created_at", 
"updated_at" from 
"cards" where 
"cards"."list_id" = ?
params: 019bd127-dbd8
-72f7-aecc-0f54600596
c8
    at LibSQLPrepared
Query.queryWithCache 
(file:///D:/UIT_COURS
ES/SE100/DailyDesk/no
de_modules/[4m.pnpm
[24m/drizzle-orm@0.44
.7_@electri_5c2928a09
9a752b7e299aaadb8975a
ea/node_modules/[4ms
rc[24m/sqlite-core/s
ession.ts:80:11)
[90m    at processTi
cksAndRejections (nod
e:internal/process/ta
sk_queues:105:5)[39m
    at LibSQLPrepared
Query.values (file://
/D:/UIT_COURSES/SE100
/DailyDesk/node_modul
es/[4m.pnpm[24m/dri
zzle-orm@0.44.7_@elec
tri_5c2928a099a752b7e
299aaadb8975aea/node_
modules/[4msrc[24m/
libsql/session.ts:286
:10)
    at LibSQLPrepared
Query.all (file:///D:
/UIT_COURSES/SE100/Da
ilyDesk/node_modules/
[4m.pnpm[24m/drizzl
e-orm@0.44.7_@electri
_5c2928a099a752b7e299
aaadb8975aea/node_mod
ules/[4msrc[24m/lib
sql/session.ts:214:16
)
    at 
Module.createCard [9
0m(D:\UIT_COURSES\SE1
00\DailyDesk\backend\
[39msrc\services\car
ds.service.ts:319:23
[90m)[39m
    at [90mD:\UIT_CO
URSES\SE100\DailyDesk
\backend\[39msrc\rou
tes\cards.ts:152:22
    at dispatch (file
:///D:/UIT_COURSES/SE
100/DailyDesk/node_mo
dules/[4m.pnpm[24m/
hono@4.11.3/node_modu
les/[4mhono[24m/dis
t/compose.js:22:17)
    at file:///D:/UIT
_COURSES/SE100/DailyD
esk/node_modules/[4m
.pnpm[24m/hono@4.11.
3/node_modules/[4mho
no[24m/dist/validato
r/validator.js:81:12
    at mw (file:///D:
/UIT_COURSES/SE100/Da
ilyDesk/node_modules/
[4m.pnpm[24m/@hono+
zod-openapi@1.2.0_hon
o@4.11.3_zod@4.3.5/no
de_modules/[4m@hono
[24m/zod-openapi/src/
index.ts:546:26)
    at dispatch (file
:///D:/UIT_COURSES/SE
100/DailyDesk/node_mo
dules/[4m.pnpm[24m/
hono@4.11.3/node_modu
les/[4mhono[24m/dis
t/compose.js:22:17) {
  query: 
[32m'select "id", 
"name", 
"description", 
"order", 
"cover_url", 
"cover_public_id", 
"cover_color", 
"cover_mode", 
"list_id", 
"start_date", 
"deadline", 
"due_at", 
"due_complete", 
"reminder_minutes", 
"recurrence", 
"recurrence_day", "re
currence_weekday", 
"repeat_frequency", 
"repeat_interval", 
"latitude", 
"longitude", 
"completed", 
"is_template", 
"created_at", 
"updated_at" from 
"cards" where 
"cards"."list_id" = 
?'[39m,
  params: [ [32m'019
bd127-dbd8-72f7-aecc-
0f54600596c8'[39m ],
  cause: 
LibsqlError: 
SQLITE_ERROR: no 
such column: 
is_template
      at 
mapSqliteError (file:
///D:/UIT_COURSES/SE1
00/DailyDesk/node_mod
ules/[4m.pnpm[24m/@
libsql+client@0.15.15
/node_modules/[4m@li
bsql[24m/client/lib-
esm/sqlite3.js:392:16
)
      at executeStmt 
(file:///D:/UIT_COURS
ES/SE100/DailyDesk/no
de_modules/[4m.pnpm
[24m/@libsql+client@0
.15.15/node_modules/
[4m@libsql[24m/clien
t/lib-esm/sqlite3.js:
297:15)
      at Sqlite3Clien
t.execute (file:///D:
/UIT_COURSES/SE100/Da
ilyDesk/node_modules/
[4m.pnpm[24m/@libsq
l+client@0.15.15/node
_modules/[4m@libsql
[24m/client/lib-esm/s
qlite3.js:81:16)
  [90m    ... 5 
lines matching cause 
stack trace ...[39m
      at SQLiteSelect
Base.execute (file://
/D:/UIT_COURSES/SE100
/DailyDesk/node_modul
es/[4m.pnpm[24m/dri
zzle-orm@0.44.7_@elec
tri_5c2928a099a752b7e
299aaadb8975aea/node_
modules/[4msrc[24m/
sqlite-core/query-bui
lders/select.ts:962:1
5)
      at SQLiteSelect
Base.then (file:///D:
/UIT_COURSES/SE100/Da
ilyDesk/node_modules/
[4m.pnpm[24m/drizzl
e-orm@0.44.7_@electri
_5c2928a099a752b7e299
aaadb8975aea/node_mod
ules/[4msrc[24m/que
ry-promise.ts:31:15) 
{
    code: [32m'SQLIT
E_ERROR'[39m,
    rawCode: 
[33m1[39m,
    [cause]: 
SqliteError: no such 
column: is_template
        at 
convertError (D:\UIT_
COURSES\SE100\DailyDe
sk\node_modules\[4m.
pnpm[24m\libsql@0.5.
22\node_modules\[4ml
ibsql[24m\index.js:5
9:12)
        at 
Database.prepare (D:\
UIT_COURSES\SE100\Dai
lyDesk\node_modules\
[4m.pnpm[24m\libsql@
0.5.22\node_modules\
[4mlibsql[24m\index.
js:131:13)
        at 
executeStmt (file:///
D:/UIT_COURSES/SE100/
DailyDesk/node_module
s/[4m.pnpm[24m/@lib
sql+client@0.15.15/no
de_modules/[4m@libsq
l[24m/client/lib-esm
/sqlite3.js:268:28)
        at Sqlite3Cli
ent.execute (file:///
D:/UIT_COURSES/SE100/
DailyDesk/node_module
s/[4m.pnpm[24m/@lib
sql+client@0.15.15/no
de_modules/[4m@libsq
l[24m/client/lib-esm
/sqlite3.js:81:16)
        at file:///D:
/UIT_COURSES/SE100/Da
ilyDesk/node_modules/
[4m.pnpm[24m/drizzl
e-orm@0.44.7_@electri
_5c2928a099a752b7e299
aaadb8975aea/node_mod
ules/[4msrc[24m/lib
sql/session.ts:288:58
        at LibSQLPrep
aredQuery.queryWithCa
che (file:///D:/UIT_C
OURSES/SE100/DailyDes
k/node_modules/[4m.p
npm[24m/drizzle-orm@
0.44.7_@electri_5c292
8a099a752b7e299aaadb8
975aea/node_modules/
[4msrc[24m/sqlite-co
re/session.ts:78:18)
        at LibSQLPrep
aredQuery.values (fil
e:///D:/UIT_COURSES/S
E100/DailyDesk/node_m
odules/[4m.pnpm[24m
/drizzle-orm@0.44.7_@
electri_5c2928a099a75
2b7e299aaadb8975aea/n
ode_modules/[4msrc[
24m/libsql/session.ts
:286:21)
        at LibSQLPrep
aredQuery.all (file:/
//D:/UIT_COURSES/SE10
0/DailyDesk/node_modu
les/[4m.pnpm[24m/dr
izzle-orm@0.44.7_@ele
ctri_5c2928a099a752b7
e299aaadb8975aea/node
_modules/[4msrc[24m
/libsql/session.ts:21
4:27)
        at 
SQLiteSelectBase.all 
(file:///D:/UIT_COURS
ES/SE100/DailyDesk/no
de_modules/[4m.pnpm
[24m/drizzle-orm@0.44
.7_@electri_5c2928a09
9a752b7e299aaadb8975a
ea/node_modules/[4ms
rc[24m/sqlite-core/q
uery-builders/select.
ts:950:26)
        at SQLiteSele
ctBase.execute (file:
///D:/UIT_COURSES/SE1
00/DailyDesk/node_mod
ules/[4m.pnpm[24m/d
rizzle-orm@0.44.7_@el
ectri_5c2928a099a752b
7e299aaadb8975aea/nod
e_modules/[4msrc[24
m/sqlite-core/query-b
uilders/select.ts:962
:15) {
      code: [32m'SQL
ITE_ERROR'[39m,
      rawCode: 
[33m1[39m
    }
  }
}
DrizzleQueryError: 
Failed query: select 
"id", "name", 
"description", 
"order", 
"cover_url", 
"cover_public_id", 
"cover_color", 
"cover_mode", 
"list_id", 
"start_date", 
"deadline", 
"due_at", 
"due_complete", 
"reminder_minutes", 
"recurrence", 
"recurrence_day", "re
currence_weekday", 
"repeat_frequency", 
"repeat_interval", 
"latitude", 
"longitude", 
"completed", 
"is_template", 
"created_at", 
"updated_at" from 
"cards" where 
"cards"."list_id" = ?
params: 019bd127-dbd8
-72f7-aecc-0f54600596
c8
    at LibSQLPrepared
Query.queryWithCache 
(file:///D:/UIT_COURS
ES/SE100/DailyDesk/no
de_modules/[4m.pnpm
[24m/drizzle-orm@0.44
.7_@electri_5c2928a09
9a752b7e299aaadb8975a
ea/node_modules/[4ms
rc[24m/sqlite-core/s
ession.ts:80:11)
[90m    at processTi
cksAndRejections (nod
e:internal/process/ta
sk_queues:105:5)[39m
    at LibSQLPrepared
Query.values (file://
/D:/UIT_COURSES/SE100
/DailyDesk/node_modul
es/[4m.pnpm[24m/dri
zzle-orm@0.44.7_@elec
tri_5c2928a099a752b7e
299aaadb8975aea/node_
modules/[4msrc[24m/
libsql/session.ts:286
:10)
    at LibSQLPrepared
Query.all (file:///D:
/UIT_COURSES/SE100/Da
ilyDesk/node_modules/
[4m.pnpm[24m/drizzl
e-orm@0.44.7_@electri
_5c2928a099a752b7e299
aaadb8975aea/node_mod
ules/[4msrc[24m/lib
sql/session.ts:214:16
)
    at 
Module.createCard [9
0m(D:\UIT_COURSES\SE1
00\DailyDesk\backend\
[39msrc\services\car
ds.service.ts:319:23
[90m)[39m
    at [90mD:\UIT_CO
URSES\SE100\DailyDesk
\backend\[39msrc\rou
tes\cards.ts:152:22
    at dispatch (file
:///D:/UIT_COURSES/SE
100/DailyDesk/node_mo
dules/[4m.pnpm[24m/
hono@4.11.3/node_modu
les/[4mhono[24m/dis
t/compose.js:22:17)
    at file:///D:/UIT
_COURSES/SE100/DailyD
esk/node_modules/[4m
.pnpm[24m/hono@4.11.
3/node_modules/[4mho
no[24m/dist/validato
r/validator.js:81:12
    at mw (file:///D:
/UIT_COURSES/SE100/Da
ilyDesk/node_modules/
[4m.pnpm[24m/@hono+
zod-openapi@1.2.0_hon
o@4.11.3_zod@4.3.5/no
de_modules/[4m@hono
[24m/zod-openapi/src/
index.ts:546:26)
    at dispatch (file
:///D:/UIT_COURSES/SE
100/DailyDesk/node_mo
dules/[4m.pnpm[24m/
hono@4.11.3/node_modu
les/[4mhono[24m/dis
t/compose.js:22:17) {
  query: 
[32m'select "id", 
"name", 
"description", 
"order", 
"cover_url", 
"cover_public_id", 
"cover_color", 
"cover_mode", 
"list_id", 
"start_date", 
"deadline", 
"due_at", 
"due_complete", 
"reminder_minutes", 
"recurrence", 
"recurrence_day", "re
currence_weekday", 
"repeat_frequency", 
"repeat_interval", 
"latitude", 
"longitude", 
"completed", 
"is_template", 
"created_at", 
"updated_at" from 
"cards" where 
"cards"."list_id" = 
?'[39m,
  params: [ [32m'019
bd127-dbd8-72f7-aecc-
0f54600596c8'[39m ],
  cause: 
LibsqlError: 
SQLITE_ERROR: no 
such column: 
is_template
      at 
mapSqliteError (file:
///D:/UIT_COURSES/SE1
00/DailyDesk/node_mod
ules/[4m.pnpm[24m/@
libsql+client@0.15.15
/node_modules/[4m@li
bsql[24m/client/lib-
esm/sqlite3.js:392:16
)
      at executeStmt 
(file:///D:/UIT_COURS
ES/SE100/DailyDesk/no
de_modules/[4m.pnpm
[24m/@libsql+client@0
.15.15/node_modules/
[4m@libsql[24m/clien
t/lib-esm/sqlite3.js:
297:15)
      at Sqlite3Clien
t.execute (file:///D:
/UIT_COURSES/SE100/Da
ilyDesk/node_modules/
[4m.pnpm[24m/@libsq
l+client@0.15.15/node
_modules/[4m@libsql
[24m/client/lib-esm/s
qlite3.js:81:16)
  [90m    ... 5 
lines matching cause 
stack trace ...[39m
      at SQLiteSelect
Base.execute (file://
/D:/UIT_COURSES/SE100
/DailyDesk/node_modul
es/[4m.pnpm[24m/dri
zzle-orm@0.44.7_@elec
tri_5c2928a099a752b7e
299aaadb8975aea/node_
modules/[4msrc[24m/
sqlite-core/query-bui
lders/select.ts:962:1
5)
      at SQLiteSelect
Base.then (file:///D:
/UIT_COURSES/SE100/Da
ilyDesk/node_modules/
[4m.pnpm[24m/drizzl
e-orm@0.44.7_@electri
_5c2928a099a752b7e299
aaadb8975aea/node_mod
ules/[4msrc[24m/que
ry-promise.ts:31:15) 
{
    code: [32m'SQLIT
E_ERROR'[39m,
    rawCode: 
[33m1[39m,
    [cause]: 
SqliteError: no such 
column: is_template
        at 
convertError (D:\UIT_
COURSES\SE100\DailyDe
sk\node_modules\[4m.
pnpm[24m\libsql@0.5.
22\node_modules\[4ml
ibsql[24m\index.js:5
9:12)
        at 
Database.prepare (D:\
UIT_COURSES\SE100\Dai
lyDesk\node_modules\
[4m.pnpm[24m\libsql@
0.5.22\node_modules\
[4mlibsql[24m\index.
js:131:13)
        at 
executeStmt (file:///
D:/UIT_COURSES/SE100/
DailyDesk/node_module
s/[4m.pnpm[24m/@lib
sql+client@0.15.15/no
de_modules/[4m@libsq
l[24m/client/lib-esm
/sqlite3.js:268:28)
        at Sqlite3Cli
ent.execute (file:///
D:/UIT_COURSES/SE100/
DailyDesk/node_module
s/[4m.pnpm[24m/@lib
sql+client@0.15.15/no
de_modules/[4m@libsq
l[24m/client/lib-esm
/sqlite3.js:81:16)
        at file:///D:
/UIT_COURSES/SE100/Da
ilyDesk/node_modules/
[4m.pnpm[24m/drizzl
e-orm@0.44.7_@electri
_5c2928a099a752b7e299
aaadb8975aea/node_mod
ules/[4msrc[24m/lib
sql/session.ts:288:58
        at LibSQLPrep
aredQuery.queryWithCa
che (file:///D:/UIT_C
OURSES/SE100/DailyDes
k/node_modules/[4m.p
npm[24m/drizzle-orm@
0.44.7_@electri_5c292
8a099a752b7e299aaadb8
975aea/node_modules/
[4msrc[24m/sqlite-co
re/session.ts:78:18)
        at LibSQLPrep
aredQuery.values (fil
e:///D:/UIT_COURSES/S
E100/DailyDesk/node_m
odules/[4m.pnpm[24m
/drizzle-orm@0.44.7_@
electri_5c2928a099a75
2b7e299aaadb8975aea/n
ode_modules/[4msrc[
24m/libsql/session.ts
:286:21)
        at LibSQLPrep
aredQuery.all (file:/
//D:/UIT_COURSES/SE10
0/DailyDesk/node_modu
les/[4m.pnpm[24m/dr
izzle-orm@0.44.7_@ele
ctri_5c2928a099a752b7
e299aaadb8975aea/node
_modules/[4msrc[24m
/libsql/session.ts:21
4:27)
        at 
SQLiteSelectBase.all 
(file:///D:/UIT_COURS
ES/SE100/DailyDesk/no
de_modules/[4m.pnpm
[24m/drizzle-orm@0.44
.7_@electri_5c2928a09
9a752b7e299aaadb8975a
ea/node_modules/[4ms
rc[24m/sqlite-core/q
uery-builders/select.
ts:950:26)
        at SQLiteSele
ctBase.execute (file:
///D:/UIT_COURSES/SE1
00/DailyDesk/node_mod
ules/[4m.pnpm[24m/d
rizzle-orm@0.44.7_@el
ectri_5c2928a099a752b
7e299aaadb8975aea/nod
e_modules/[4msrc[24
m/sqlite-core/query-b
uilders/select.ts:962
:15) {
      code: [32m'SQL
ITE_ERROR'[39m,
      rawCode: 
[33m1[39m
    }
  }
}
DrizzleQueryError: 
Failed query: select 
"id", "name", 
"description", 
"order", 
"cover_url", 
"cover_public_id", 
"cover_color", 
"cover_mode", 
"list_id", 
"start_date", 
"deadline", 
"due_at", 
"due_complete", 
"reminder_minutes", 
"recurrence", 
"recurrence_day", "re
currence_weekday", 
"repeat_frequency", 
"repeat_interval", 
"latitude", 
"longitude", 
"completed", 
"is_template", 
"created_at", 
"updated_at" from 
"cards" where 
"cards"."id" = ? 
limit ?
params: 019bd127-dbdb
-7400-a249-1f09bbadab
d5,1
    at LibSQLPrepared
Query.queryWithCache 
(file:///D:/UIT_COURS
ES/SE100/DailyDesk/no
de_modules/[4m.pnpm
[24m/drizzle-orm@0.44
.7_@electri_5c2928a09
9a752b7e299aaadb8975a
ea/node_modules/[4ms
rc[24m/sqlite-core/s
ession.ts:80:11)
[90m    at processTi
cksAndRejections (nod
e:internal/process/ta
sk_queues:105:5)[39m
    at LibSQLPrepared
Query.values (file://
/D:/UIT_COURSES/SE100
/DailyDesk/node_modul
es/[4m.pnpm[24m/dri
zzle-orm@0.44.7_@elec
tri_5c2928a099a752b7e
299aaadb8975aea/node_
modules/[4msrc[24m/
libsql/session.ts:286
:10)
    at LibSQLPrepared
Query.all (file:///D:
/UIT_COURSES/SE100/Da
ilyDesk/node_modules/
[4m.pnpm[24m/drizzl
e-orm@0.44.7_@electri
_5c2928a099a752b7e299
aaadb8975aea/node_mod
ules/[4msrc[24m/lib
sql/session.ts:214:16
)
    at 
Module.deleteCard [9
0m(D:\UIT_COURSES\SE1
00\DailyDesk\backend\
[39msrc\services\car
ds.service.ts:938:24
[90m)[39m
    at [90mD:\UIT_CO
URSES\SE100\DailyDesk
\backend\[39msrc\rou
tes\cards.ts:300:24
    at dispatch (file
:///D:/UIT_COURSES/SE
100/DailyDesk/node_mo
dules/[4m.pnpm[24m/
hono@4.11.3/node_modu
les/[4mhono[24m/dis
t/compose.js:22:17)
    at file:///D:/UIT
_COURSES/SE100/DailyD
esk/node_modules/[4m
.pnpm[24m/hono@4.11.
3/node_modules/[4mho
no[24m/dist/validato
r/validator.js:81:12
    at dispatch (file
:///D:/UIT_COURSES/SE
100/DailyDesk/node_mo
dules/[4m.pnpm[24m/
hono@4.11.3/node_modu
les/[4mhono[24m/dis
t/compose.js:22:17)
    at [90mD:\UIT_CO
URSES\SE100\DailyDesk
\backend\[39mtests\h
elpers\auth.ts:27:5 {
  query: 
[32m'select "id", 
"name", 
"description", 
"order", 
"cover_url", 
"cover_public_id", 
"cover_color", 
"cover_mode", 
"list_id", 
"start_date", 
"deadline", 
"due_at", 
"due_complete", 
"reminder_minutes", 
"recurrence", 
"recurrence_day", "re
currence_weekday", 
"repeat_frequency", 
"repeat_interval", 
"latitude", 
"longitude", 
"completed", 
"is_template", 
"created_at", 
"updated_at" from 
"cards" where 
"cards"."id" = ? 
limit ?'[39m,
  params: [ [32m'019
bd127-dbdb-7400-a249-
1f09bbadabd5'[39m, 
[33m1[39m ],
  cause: 
LibsqlError: 
SQLITE_ERROR: no 
such column: 
is_template
      at 
mapSqliteError (file:
///D:/UIT_COURSES/SE1
00/DailyDesk/node_mod
ules/[4m.pnpm[24m/@
libsql+client@0.15.15
/node_modules/[4m@li
bsql[24m/client/lib-
esm/sqlite3.js:392:16
)
      at executeStmt 
(file:///D:/UIT_COURS
ES/SE100/DailyDesk/no
de_modules/[4m.pnpm
[24m/@libsql+client@0
.15.15/node_modules/
[4m@libsql[24m/clien
t/lib-esm/sqlite3.js:
297:15)
      at Sqlite3Clien
t.execute (file:///D:
/UIT_COURSES/SE100/Da
ilyDesk/node_modules/
[4m.pnpm[24m/@libsq
l+client@0.15.15/node
_modules/[4m@libsql
[24m/client/lib-esm/s
qlite3.js:81:16)
  [90m    ... 5 
lines matching cause 
stack trace ...[39m
      at SQLiteSelect
Base.execute (file://
/D:/UIT_COURSES/SE100
/DailyDesk/node_modul
es/[4m.pnpm[24m/dri
zzle-orm@0.44.7_@elec
tri_5c2928a099a752b7e
299aaadb8975aea/node_
modules/[4msrc[24m/
sqlite-core/query-bui
lders/select.ts:962:1
5)
      at SQLiteSelect
Base.then (file:///D:
/UIT_COURSES/SE100/Da
ilyDesk/node_modules/
[4m.pnpm[24m/drizzl
e-orm@0.44.7_@electri
_5c2928a099a752b7e299
aaadb8975aea/node_mod
ules/[4msrc[24m/que
ry-promise.ts:31:15) 
{
    code: [32m'SQLIT
E_ERROR'[39m,
    rawCode: 
[33m1[39m,
    [cause]: 
SqliteError: no such 
column: is_template
        at 
convertError (D:\UIT_
COURSES\SE100\DailyDe
sk\node_modules\[4m.
pnpm[24m\libsql@0.5.
22\node_modules\[4ml
ibsql[24m\index.js:5
9:12)
        at 
Database.prepare (D:\
UIT_COURSES\SE100\Dai
lyDesk\node_modules\
[4m.pnpm[24m\libsql@
0.5.22\node_modules\
[4mlibsql[24m\index.
js:131:13)
        at 
executeStmt (file:///
D:/UIT_COURSES/SE100/
DailyDesk/node_module
s/[4m.pnpm[24m/@lib
sql+client@0.15.15/no
de_modules/[4m@libsq
l[24m/client/lib-esm
/sqlite3.js:268:28)
        at Sqlite3Cli
ent.execute (file:///
D:/UIT_COURSES/SE100/
DailyDesk/node_module
s/[4m.pnpm[24m/@lib
sql+client@0.15.15/no
de_modules/[4m@libsq
l[24m/client/lib-esm
/sqlite3.js:81:16)
        at file:///D:
/UIT_COURSES/SE100/Da
ilyDesk/node_modules/
[4m.pnpm[24m/drizzl
e-orm@0.44.7_@electri
_5c2928a099a752b7e299
aaadb8975aea/node_mod
ules/[4msrc[24m/lib
sql/session.ts:288:58
        at LibSQLPrep
aredQuery.queryWithCa
che (file:///D:/UIT_C
OURSES/SE100/DailyDes
k/node_modules/[4m.p
npm[24m/drizzle-orm@
0.44.7_@electri_5c292
8a099a752b7e299aaadb8
975aea/node_modules/
[4msrc[24m/sqlite-co
re/session.ts:78:18)
        at LibSQLPrep
aredQuery.values (fil
e:///D:/UIT_COURSES/S
E100/DailyDesk/node_m
odules/[4m.pnpm[24m
/drizzle-orm@0.44.7_@
electri_5c2928a099a75
2b7e299aaadb8975aea/n
ode_modules/[4msrc[
24m/libsql/session.ts
:286:21)
        at LibSQLPrep
aredQuery.all (file:/
//D:/UIT_COURSES/SE10
0/DailyDesk/node_modu
les/[4m.pnpm[24m/dr
izzle-orm@0.44.7_@ele
ctri_5c2928a099a752b7
e299aaadb8975aea/node
_modules/[4msrc[24m
/libsql/session.ts:21
4:27)
        at 
SQLiteSelectBase.all 
(file:///D:/UIT_COURS
ES/SE100/DailyDesk/no
de_modules/[4m.pnpm
[24m/drizzle-orm@0.44
.7_@electri_5c2928a09
9a752b7e299aaadb8975a
ea/node_modules/[4ms
rc[24m/sqlite-core/q
uery-builders/select.
ts:950:26)
        at SQLiteSele
ctBase.execute (file:
///D:/UIT_COURSES/SE1
00/DailyDesk/node_mod
ules/[4m.pnpm[24m/d
rizzle-orm@0.44.7_@el
ectri_5c2928a099a752b
7e299aaadb8975aea/nod
e_modules/[4msrc[24
m/sqlite-core/query-b
uilders/select.ts:962
:15) {
      code: [32m'SQL
ITE_ERROR'[39m,
      rawCode: 
[33m1[39m
    }
  }
}

[90mstderr[2m | tes
ts/cards/cards.test.t
s[2m > 
[22m[2mCards API 
Integration 
Tests[2m > 
[22m[2mDELETE /boar
ds/:boardId/cards/:id
[2m > 
[22m[2mshould 
maintain correct 
order of remaining 
cards after deleting 
middle card
[22m[39mDrizzleQuer
yError: Failed 
query: select "id", 
"name", 
"description", 
"order", 
"cover_url", 
"cover_public_id", 
"cover_color", 
"cover_mode", 
"list_id", 
"start_date", 
"deadline", 
"due_at", 
"due_complete", 
"reminder_minutes", 
"recurrence", 
"recurrence_day", "re
currence_weekday", 
"repeat_frequency", 
"repeat_interval", 
"latitude", 
"longitude", 
"completed", 
"is_template", 
"created_at", 
"updated_at" from 
"cards" where 
"cards"."list_id" = ?
params: 019bd127-dbf1
-72bd-bc4b-37efe63b5b
f7
    at LibSQLPrepared
Query.queryWithCache 
(file:///D:/UIT_COURS
ES/SE100/DailyDesk/no
de_modules/[4m.pnpm
[24m/drizzle-orm@0.44
.7_@electri_5c2928a09
9a752b7e299aaadb8975a
ea/node_modules/[4ms
rc[24m/sqlite-core/s
ession.ts:80:11)
[90m    at processTi
cksAndRejections (nod
e:internal/process/ta
sk_queues:105:5)[39m
    at LibSQLPrepared
Query.values (file://
/D:/UIT_COURSES/SE100
/DailyDesk/node_modul
es/[4m.pnpm[24m/dri
zzle-orm@0.44.7_@elec
tri_5c2928a099a752b7e
299aaadb8975aea/node_
modules/[4msrc[24m/
libsql/session.ts:286
:10)
    at LibSQLPrepared
Query.all (file:///D:
/UIT_COURSES/SE100/Da
ilyDesk/node_modules/
[4m.pnpm[24m/drizzl
e-orm@0.44.7_@electri
_5c2928a099a752b7e299
aaadb8975aea/node_mod
ules/[4msrc[24m/lib
sql/session.ts:214:16
)
    at 
Module.createCard [9
0m(D:\UIT_COURSES\SE1
00\DailyDesk\backend\
[39msrc\services\car
ds.service.ts:319:23
[90m)[39m
    at [90mD:\UIT_CO
URSES\SE100\DailyDesk
\backend\[39msrc\rou
tes\cards.ts:152:22
    at dispatch (file
:///D:/UIT_COURSES/SE
100/DailyDesk/node_mo
dules/[4m.pnpm[24m/
hono@4.11.3/node_modu
les/[4mhono[24m/dis
t/compose.js:22:17)
    at file:///D:/UIT
_COURSES/SE100/DailyD
esk/node_modules/[4m
.pnpm[24m/hono@4.11.
3/node_modules/[4mho
no[24m/dist/validato
r/validator.js:81:12
    at mw (file:///D:
/UIT_COURSES/SE100/Da
ilyDesk/node_modules/
[4m.pnpm[24m/@hono+
zod-openapi@1.2.0_hon
o@4.11.3_zod@4.3.5/no
de_modules/[4m@hono
[24m/zod-openapi/src/
index.ts:546:26)
    at dispatch (file
:///D:/UIT_COURSES/SE
100/DailyDesk/node_mo
dules/[4m.pnpm[24m/
hono@4.11.3/node_modu
les/[4mhono[24m/dis
t/compose.js:22:17) {
  query: 
[32m'select "id", 
"name", 
"description", 
"order", 
"cover_url", 
"cover_public_id", 
"cover_color", 
"cover_mode", 
"list_id", 
"start_date", 
"deadline", 
"due_at", 
"due_complete", 
"reminder_minutes", 
"recurrence", 
"recurrence_day", "re
currence_weekday", 
"repeat_frequency", 
"repeat_interval", 
"latitude", 
"longitude", 
"completed", 
"is_template", 
"created_at", 
"updated_at" from 
"cards" where 
"cards"."list_id" = 
?'[39m,
  params: [ [32m'019
bd127-dbf1-72bd-bc4b-
37efe63b5bf7'[39m ],
  cause: 
LibsqlError: 
SQLITE_ERROR: no 
such column: 
is_template
      at 
mapSqliteError (file:
///D:/UIT_COURSES/SE1
00/DailyDesk/node_mod
ules/[4m.pnpm[24m/@
libsql+client@0.15.15
/node_modules/[4m@li
bsql[24m/client/lib-
esm/sqlite3.js:392:16
)
      at executeStmt 
(file:///D:/UIT_COURS
ES/SE100/DailyDesk/no
de_modules/[4m.pnpm
[24m/@libsql+client@0
.15.15/node_modules/
[4m@libsql[24m/clien
t/lib-esm/sqlite3.js:
297:15)
      at Sqlite3Clien
t.execute (file:///D:
/UIT_COURSES/SE100/Da
ilyDesk/node_modules/
[4m.pnpm[24m/@libsq
l+client@0.15.15/node
_modules/[4m@libsql
[24m/client/lib-esm/s
qlite3.js:81:16)
  [90m    ... 5 
lines matching cause 
stack trace ...[39m
      at SQLiteSelect
Base.execute (file://
/D:/UIT_COURSES/SE100
/DailyDesk/node_modul
es/[4m.pnpm[24m/dri
zzle-orm@0.44.7_@elec
tri_5c2928a099a752b7e
299aaadb8975aea/node_
modules/[4msrc[24m/
sqlite-core/query-bui
lders/select.ts:962:1
5)
      at SQLiteSelect
Base.then (file:///D:
/UIT_COURSES/SE100/Da
ilyDesk/node_modules/
[4m.pnpm[24m/drizzl
e-orm@0.44.7_@electri
_5c2928a099a752b7e299
aaadb8975aea/node_mod
ules/[4msrc[24m/que
ry-promise.ts:31:15) 
{
    code: [32m'SQLIT
E_ERROR'[39m,
    rawCode: 
[33m1[39m,
    [cause]: 
SqliteError: no such 
column: is_template
        at 
convertError (D:\UIT_
COURSES\SE100\DailyDe
sk\node_modules\[4m.
pnpm[24m\libsql@0.5.
22\node_modules\[4ml
ibsql[24m\index.js:5
9:12)
        at 
Database.prepare (D:\
UIT_COURSES\SE100\Dai
lyDesk\node_modules\
[4m.pnpm[24m\libsql@
0.5.22\node_modules\
[4mlibsql[24m\index.
js:131:13)
        at 
executeStmt (file:///
D:/UIT_COURSES/SE100/
DailyDesk/node_module
s/[4m.pnpm[24m/@lib
sql+client@0.15.15/no
de_modules/[4m@libsq
l[24m/client/lib-esm
/sqlite3.js:268:28)
        at Sqlite3Cli
ent.execute (file:///
D:/UIT_COURSES/SE100/
DailyDesk/node_module
s/[4m.pnpm[24m/@lib
sql+client@0.15.15/no
de_modules/[4m@libsq
l[24m/client/lib-esm
/sqlite3.js:81:16)
        at file:///D:
/UIT_COURSES/SE100/Da
ilyDesk/node_modules/
[4m.pnpm[24m/drizzl
e-orm@0.44.7_@electri
_5c2928a099a752b7e299
aaadb8975aea/node_mod
ules/[4msrc[24m/lib
sql/session.ts:288:58
        at LibSQLPrep
aredQuery.queryWithCa
che (file:///D:/UIT_C
OURSES/SE100/DailyDes
k/node_modules/[4m.p
npm[24m/drizzle-orm@
0.44.7_@electri_5c292
8a099a752b7e299aaadb8
975aea/node_modules/
[4msrc[24m/sqlite-co
re/session.ts:78:18)
        at LibSQLPrep
aredQuery.values (fil
e:///D:/UIT_COURSES/S
E100/DailyDesk/node_m
odules/[4m.pnpm[24m
/drizzle-orm@0.44.7_@
electri_5c2928a099a75
2b7e299aaadb8975aea/n
ode_modules/[4msrc[
24m/libsql/session.ts
:286:21)
        at LibSQLPrep
aredQuery.all (file:/
//D:/UIT_COURSES/SE10
0/DailyDesk/node_modu
les/[4m.pnpm[24m/dr
izzle-orm@0.44.7_@ele
ctri_5c2928a099a752b7
e299aaadb8975aea/node
_modules/[4msrc[24m
/libsql/session.ts:21
4:27)
        at 
SQLiteSelectBase.all 
(file:///D:/UIT_COURS
ES/SE100/DailyDesk/no
de_modules/[4m.pnpm
[24m/drizzle-orm@0.44
.7_@electri_5c2928a09
9a752b7e299aaadb8975a
ea/node_modules/[4ms
rc[24m/sqlite-core/q
uery-builders/select.
ts:950:26)
        at SQLiteSele
ctBase.execute (file:
///D:/UIT_COURSES/SE1
00/DailyDesk/node_mod
ules/[4m.pnpm[24m/d
rizzle-orm@0.44.7_@el
ectri_5c2928a099a752b
7e299aaadb8975aea/nod
e_modules/[4msrc[24
m/sqlite-core/query-b
uilders/select.ts:962
:15) {
      code: [32m'SQL
ITE_ERROR'[39m,
      rawCode: 
[33m1[39m
    }
  }
}
DrizzleQueryError: 
Failed query: select 
"id", "name", 
"description", 
"order", 
"cover_url", 
"cover_public_id", 
"cover_color", 
"cover_mode", 
"list_id", 
"start_date", 
"deadline", 
"due_at", 
"due_complete", 
"reminder_minutes", 
"recurrence", 
"recurrence_day", "re
currence_weekday", 
"repeat_frequency", 
"repeat_interval", 
"latitude", 
"longitude", 
"completed", 
"is_template", 
"created_at", 
"updated_at" from 
"cards" where 
"cards"."list_id" = ?
params: 019bd127-dbf1
-72bd-bc4b-37efe63b5b
f7
    at LibSQLPrepared
Query.queryWithCache 
(file:///D:/UIT_COURS
ES/SE100/DailyDesk/no
de_modules/[4m.pnpm
[24m/drizzle-orm@0.44
.7_@electri_5c2928a09
9a752b7e299aaadb8975a
ea/node_modules/[4ms
rc[24m/sqlite-core/s
ession.ts:80:11)
[90m    at processTi
cksAndRejections (nod
e:internal/process/ta
sk_queues:105:5)[39m
    at LibSQLPrepared
Query.values (file://
/D:/UIT_COURSES/SE100
/DailyDesk/node_modul
es/[4m.pnpm[24m/dri
zzle-orm@0.44.7_@elec
tri_5c2928a099a752b7e
299aaadb8975aea/node_
modules/[4msrc[24m/
libsql/session.ts:286
:10)
    at LibSQLPrepared
Query.all (file:///D:
/UIT_COURSES/SE100/Da
ilyDesk/node_modules/
[4m.pnpm[24m/drizzl
e-orm@0.44.7_@electri
_5c2928a099a752b7e299
aaadb8975aea/node_mod
ules/[4msrc[24m/lib
sql/session.ts:214:16
)
    at 
Module.createCard [9
0m(D:\UIT_COURSES\SE1
00\DailyDesk\backend\
[39msrc\services\car
ds.service.ts:319:23
[90m)[39m
    at [90mD:\UIT_CO
URSES\SE100\DailyDesk
\backend\[39msrc\rou
tes\cards.ts:152:22
    at dispatch (file
:///D:/UIT_COURSES/SE
100/DailyDesk/node_mo
dules/[4m.pnpm[24m/
hono@4.11.3/node_modu
les/[4mhono[24m/dis
t/compose.js:22:17)
    at file:///D:/UIT
_COURSES/SE100/DailyD
esk/node_modules/[4m
.pnpm[24m/hono@4.11.
3/node_modules/[4mho
no[24m/dist/validato
r/validator.js:81:12
    at mw (file:///D:
/UIT_COURSES/SE100/Da
ilyDesk/node_modules/
[4m.pnpm[24m/@hono+
zod-openapi@1.2.0_hon
o@4.11.3_zod@4.3.5/no
de_modules/[4m@hono
[24m/zod-openapi/src/
index.ts:546:26)
    at dispatch (file
:///D:/UIT_COURSES/SE
100/DailyDesk/node_mo
dules/[4m.pnpm[24m/
hono@4.11.3/node_modu
les/[4mhono[24m/dis
t/compose.js:22:17) {
  query: 
[32m'select "id", 
"name", 
"description", 
"order", 
"cover_url", 
"cover_public_id", 
"cover_color", 
"cover_mode", 
"list_id", 
"start_date", 
"deadline", 
"due_at", 
"due_complete", 
"reminder_minutes", 
"recurrence", 
"recurrence_day", "re
currence_weekday", 
"repeat_frequency", 
"repeat_interval", 
"latitude", 
"longitude", 
"completed", 
"is_template", 
"created_at", 
"updated_at" from 
"cards" where 
"cards"."list_id" = 
?'[39m,
  params: [ [32m'019
bd127-dbf1-72bd-bc4b-
37efe63b5bf7'[39m ],
  cause: 
LibsqlError: 
SQLITE_ERROR: no 
such column: 
is_template
      at 
mapSqliteError (file:
///D:/UIT_COURSES/SE1
00/DailyDesk/node_mod
ules/[4m.pnpm[24m/@
libsql+client@0.15.15
/node_modules/[4m@li
bsql[24m/client/lib-
esm/sqlite3.js:392:16
)
      at executeStmt 
(file:///D:/UIT_COURS
ES/SE100/DailyDesk/no
de_modules/[4m.pnpm
[24m/@libsql+client@0
.15.15/node_modules/
[4m@libsql[24m/clien
t/lib-esm/sqlite3.js:
297:15)
      at Sqlite3Clien
t.execute (file:///D:
/UIT_COURSES/SE100/Da
ilyDesk/node_modules/
[4m.pnpm[24m/@libsq
l+client@0.15.15/node
_modules/[4m@libsql
[24m/client/lib-esm/s
qlite3.js:81:16)
  [90m    ... 5 
lines matching cause 
stack trace ...[39m
      at SQLiteSelect
Base.execute (file://
/D:/UIT_COURSES/SE100
/DailyDesk/node_modul
es/[4m.pnpm[24m/dri
zzle-orm@0.44.7_@elec
tri_5c2928a099a752b7e
299aaadb8975aea/node_
modules/[4msrc[24m/
sqlite-core/query-bui
lders/select.ts:962:1
5)
      at SQLiteSelect
Base.then (file:///D:
/UIT_COURSES/SE100/Da
ilyDesk/node_modules/
[4m.pnpm[24m/drizzl
e-orm@0.44.7_@electri
_5c2928a099a752b7e299
aaadb8975aea/node_mod
ules/[4msrc[24m/que
ry-promise.ts:31:15) 
{
    code: [32m'SQLIT
E_ERROR'[39m,
    rawCode: 
[33m1[39m,
    [cause]: 
SqliteError: no such 
column: is_template
        at 
convertError (D:\UIT_
COURSES\SE100\DailyDe
sk\node_modules\[4m.
pnpm[24m\libsql@0.5.
22\node_modules\[4ml
ibsql[24m\index.js:5
9:12)
        at 
Database.prepare (D:\
UIT_COURSES\SE100\Dai
lyDesk\node_modules\
[4m.pnpm[24m\libsql@
0.5.22\node_modules\
[4mlibsql[24m\index.
js:131:13)
        at 
executeStmt (file:///
D:/UIT_COURSES/SE100/
DailyDesk/node_module
s/[4m.pnpm[24m/@lib
sql+client@0.15.15/no
de_modules/[4m@libsq
l[24m/client/lib-esm
/sqlite3.js:268:28)
        at Sqlite3Cli
ent.execute (file:///
D:/UIT_COURSES/SE100/
DailyDesk/node_module
s/[4m.pnpm[24m/@lib
sql+client@0.15.15/no
de_modules/[4m@libsq
l[24m/client/lib-esm
/sqlite3.js:81:16)
        at file:///D:
/UIT_COURSES/SE100/Da
ilyDesk/node_modules/
[4m.pnpm[24m/drizzl
e-orm@0.44.7_@electri
_5c2928a099a752b7e299
aaadb8975aea/node_mod
ules/[4msrc[24m/lib
sql/session.ts:288:58
        at LibSQLPrep
aredQuery.queryWithCa
che (file:///D:/UIT_C
OURSES/SE100/DailyDes
k/node_modules/[4m.p
npm[24m/drizzle-orm@
0.44.7_@electri_5c292
8a099a752b7e299aaadb8
975aea/node_modules/
[4msrc[24m/sqlite-co
re/session.ts:78:18)
        at LibSQLPrep
aredQuery.values (fil
e:///D:/UIT_COURSES/S
E100/DailyDesk/node_m
odules/[4m.pnpm[24m
/drizzle-orm@0.44.7_@
electri_5c2928a099a75
2b7e299aaadb8975aea/n
ode_modules/[4msrc[
24m/libsql/session.ts
:286:21)
        at LibSQLPrep
aredQuery.all (file:/
//D:/UIT_COURSES/SE10
0/DailyDesk/node_modu
les/[4m.pnpm[24m/dr
izzle-orm@0.44.7_@ele
ctri_5c2928a099a752b7
e299aaadb8975aea/node
_modules/[4msrc[24m
/libsql/session.ts:21
4:27)
        at 
SQLiteSelectBase.all 
(file:///D:/UIT_COURS
ES/SE100/DailyDesk/no
de_modules/[4m.pnpm
[24m/drizzle-orm@0.44
.7_@electri_5c2928a09
9a752b7e299aaadb8975a
ea/node_modules/[4ms
rc[24m/sqlite-core/q
uery-builders/select.
ts:950:26)
        at SQLiteSele
ctBase.execute (file:
///D:/UIT_COURSES/SE1
00/DailyDesk/node_mod
ules/[4m.pnpm[24m/d
rizzle-orm@0.44.7_@el
ectri_5c2928a099a752b
7e299aaadb8975aea/nod
e_modules/[4msrc[24
m/sqlite-core/query-b
uilders/select.ts:962
:15) {
      code: [32m'SQL
ITE_ERROR'[39m,
      rawCode: 
[33m1[39m
    }
  }
}
DrizzleQueryError: 
Failed query: select 
"id", "name", 
"description", 
"order", 
"cover_url", 
"cover_public_id", 
"cover_color", 
"cover_mode", 
"list_id", 
"start_date", 
"deadline", 
"due_at", 
"due_complete", 
"reminder_minutes", 
"recurrence", 
"recurrence_day", "re
currence_weekday", 
"repeat_frequency", 
"repeat_interval", 
"latitude", 
"longitude", 
"completed", 
"is_template", 
"created_at", 
"updated_at" from 
"cards" where 
"cards"."list_id" = ?
params: 019bd127-dbf1
-72bd-bc4b-37efe63b5b
f7
    at LibSQLPrepared
Query.queryWithCache 
(file:///D:/UIT_COURS
ES/SE100/DailyDesk/no
de_modules/[4m.pnpm
[24m/drizzle-orm@0.44
.7_@electri_5c2928a09
9a752b7e299aaadb8975a
ea/node_modules/[4ms
rc[24m/sqlite-core/s
ession.ts:80:11)
[90m    at processTi
cksAndRejections (nod
e:internal/process/ta
sk_queues:105:5)[39m
    at LibSQLPrepared
Query.values (file://
/D:/UIT_COURSES/SE100
/DailyDesk/node_modul
es/[4m.pnpm[24m/dri
zzle-orm@0.44.7_@elec
tri_5c2928a099a752b7e
299aaadb8975aea/node_
modules/[4msrc[24m/
libsql/session.ts:286
:10)
    at LibSQLPrepared
Query.all (file:///D:
/UIT_COURSES/SE100/Da
ilyDesk/node_modules/
[4m.pnpm[24m/drizzl
e-orm@0.44.7_@electri
_5c2928a099a752b7e299
aaadb8975aea/node_mod
ules/[4msrc[24m/lib
sql/session.ts:214:16
)
    at 
Module.createCard [9
0m(D:\UIT_COURSES\SE1
00\DailyDesk\backend\
[39msrc\services\car
ds.service.ts:319:23
[90m)[39m
    at [90mD:\UIT_CO
URSES\SE100\DailyDesk
\backend\[39msrc\rou
tes\cards.ts:152:22
    at dispatch (file
:///D:/UIT_COURSES/SE
100/DailyDesk/node_mo
dules/[4m.pnpm[24m/
hono@4.11.3/node_modu
les/[4mhono[24m/dis
t/compose.js:22:17)
    at file:///D:/UIT
_COURSES/SE100/DailyD
esk/node_modules/[4m
.pnpm[24m/hono@4.11.
3/node_modules/[4mho
no[24m/dist/validato
r/validator.js:81:12
    at mw (file:///D:
/UIT_COURSES/SE100/Da
ilyDesk/node_modules/
[4m.pnpm[24m/@hono+
zod-openapi@1.2.0_hon
o@4.11.3_zod@4.3.5/no
de_modules/[4m@hono
[24m/zod-openapi/src/
index.ts:546:26)
    at dispatch (file
:///D:/UIT_COURSES/SE
100/DailyDesk/node_mo
dules/[4m.pnpm[24m/
hono@4.11.3/node_modu
les/[4mhono[24m/dis
t/compose.js:22:17) {
  query: 
[32m'select "id", 
"name", 
"description", 
"order", 
"cover_url", 
"cover_public_id", 
"cover_color", 
"cover_mode", 
"list_id", 
"start_date", 
"deadline", 
"due_at", 
"due_complete", 
"reminder_minutes", 
"recurrence", 
"recurrence_day", "re
currence_weekday", 
"repeat_frequency", 
"repeat_interval", 
"latitude", 
"longitude", 
"completed", 
"is_template", 
"created_at", 
"updated_at" from 
"cards" where 
"cards"."list_id" = 
?'[39m,
  params: [ [32m'019
bd127-dbf1-72bd-bc4b-
37efe63b5bf7'[39m ],
  cause: 
LibsqlError: 
SQLITE_ERROR: no 
such column: 
is_template
      at 
mapSqliteError (file:
///D:/UIT_COURSES/SE1
00/DailyDesk/node_mod
ules/[4m.pnpm[24m/@
libsql+client@0.15.15
/node_modules/[4m@li
bsql[24m/client/lib-
esm/sqlite3.js:392:16
)
      at executeStmt 
(file:///D:/UIT_COURS
ES/SE100/DailyDesk/no
de_modules/[4m.pnpm
[24m/@libsql+client@0
.15.15/node_modules/
[4m@libsql[24m/clien
t/lib-esm/sqlite3.js:
297:15)
      at Sqlite3Clien
t.execute (file:///D:
/UIT_COURSES/SE100/Da
ilyDesk/node_modules/
[4m.pnpm[24m/@libsq
l+client@0.15.15/node
_modules/[4m@libsql
[24m/client/lib-esm/s
qlite3.js:81:16)
  [90m    ... 5 
lines matching cause 
stack trace ...[39m
      at SQLiteSelect
Base.execute (file://
/D:/UIT_COURSES/SE100
/DailyDesk/node_modul
es/[4m.pnpm[24m/dri
zzle-orm@0.44.7_@elec
tri_5c2928a099a752b7e
299aaadb8975aea/node_
modules/[4msrc[24m/
sqlite-core/query-bui
lders/select.ts:962:1
5)
      at SQLiteSelect
Base.then (file:///D:
/UIT_COURSES/SE100/Da
ilyDesk/node_modules/
[4m.pnpm[24m/drizzl
e-orm@0.44.7_@electri
_5c2928a099a752b7e299
aaadb8975aea/node_mod
ules/[4msrc[24m/que
ry-promise.ts:31:15) 
{
    code: [32m'SQLIT
E_ERROR'[39m,
    rawCode: 
[33m1[39m,
    [cause]: 
SqliteError: no such 
column: is_template
        at 
convertError (D:\UIT_
COURSES\SE100\DailyDe
sk\node_modules\[4m.
pnpm[24m\libsql@0.5.
22\node_modules\[4ml
ibsql[24m\index.js:5
9:12)
        at 
Database.prepare (D:\
UIT_COURSES\SE100\Dai
lyDesk\node_modules\
[4m.pnpm[24m\libsql@
0.5.22\node_modules\
[4mlibsql[24m\index.
js:131:13)
        at 
executeStmt (file:///
D:/UIT_COURSES/SE100/
DailyDesk/node_module
s/[4m.pnpm[24m/@lib
sql+client@0.15.15/no
de_modules/[4m@libsq
l[24m/client/lib-esm
/sqlite3.js:268:28)
        at Sqlite3Cli
ent.execute (file:///
D:/UIT_COURSES/SE100/
DailyDesk/node_module
s/[4m.pnpm[24m/@lib
sql+client@0.15.15/no
de_modules/[4m@libsq
l[24m/client/lib-esm
/sqlite3.js:81:16)
        at file:///D:
/UIT_COURSES/SE100/Da
ilyDesk/node_modules/
[4m.pnpm[24m/drizzl
e-orm@0.44.7_@electri
_5c2928a099a752b7e299
aaadb8975aea/node_mod
ules/[4msrc[24m/lib
sql/session.ts:288:58
        at LibSQLPrep
aredQuery.queryWithCa
che (file:///D:/UIT_C
OURSES/SE100/DailyDes
k/node_modules/[4m.p
npm[24m/drizzle-orm@
0.44.7_@electri_5c292
8a099a752b7e299aaadb8
975aea/node_modules/
[4msrc[24m/sqlite-co
re/session.ts:78:18)
        at LibSQLPrep
aredQuery.values (fil
e:///D:/UIT_COURSES/S
E100/DailyDesk/node_m
odules/[4m.pnpm[24m
/drizzle-orm@0.44.7_@
electri_5c2928a099a75
2b7e299aaadb8975aea/n
ode_modules/[4msrc[
24m/libsql/session.ts
:286:21)
        at LibSQLPrep
aredQuery.all (file:/
//D:/UIT_COURSES/SE10
0/DailyDesk/node_modu
les/[4m.pnpm[24m/dr
izzle-orm@0.44.7_@ele
ctri_5c2928a099a752b7
e299aaadb8975aea/node
_modules/[4msrc[24m
/libsql/session.ts:21
4:27)
        at 
SQLiteSelectBase.all 
(file:///D:/UIT_COURS
ES/SE100/DailyDesk/no
de_modules/[4m.pnpm
[24m/drizzle-orm@0.44
.7_@electri_5c2928a09
9a752b7e299aaadb8975a
ea/node_modules/[4ms
rc[24m/sqlite-core/q
uery-builders/select.
ts:950:26)
        at SQLiteSele
ctBase.execute (file:
///D:/UIT_COURSES/SE1
00/DailyDesk/node_mod
ules/[4m.pnpm[24m/d
rizzle-orm@0.44.7_@el
ectri_5c2928a099a752b
7e299aaadb8975aea/nod
e_modules/[4msrc[24
m/sqlite-core/query-b
uilders/select.ts:962
:15) {
      code: [32m'SQL
ITE_ERROR'[39m,
      rawCode: 
[33m1[39m
    }
  }
}
DrizzleQueryError: 
Failed query: select 
"id", "name", 
"description", 
"order", 
"cover_url", 
"cover_public_id", 
"cover_color", 
"cover_mode", 
"list_id", 
"start_date", 
"deadline", 
"due_at", 
"due_complete", 
"reminder_minutes", 
"recurrence", 
"recurrence_day", "re
currence_weekday", 
"repeat_frequency", 
"repeat_interval", 
"latitude", 
"longitude", 
"completed", 
"is_template", 
"created_at", 
"updated_at" from 
"cards" where 
"cards"."id" = ? 
limit ?
params: 019bd127-dbf4
-745f-a252-e5c0aea4be
b1,1
    at LibSQLPrepared
Query.queryWithCache 
(file:///D:/UIT_COURS
ES/SE100/DailyDesk/no
de_modules/[4m.pnpm
[24m/drizzle-orm@0.44
.7_@electri_5c2928a09
9a752b7e299aaadb8975a
ea/node_modules/[4ms
rc[24m/sqlite-core/s
ession.ts:80:11)
[90m    at processTi
cksAndRejections (nod
e:internal/process/ta
sk_queues:105:5)[39m
    at LibSQLPrepared
Query.values (file://
/D:/UIT_COURSES/SE100
/DailyDesk/node_modul
es/[4m.pnpm[24m/dri
zzle-orm@0.44.7_@elec
tri_5c2928a099a752b7e
299aaadb8975aea/node_
modules/[4msrc[24m/
libsql/session.ts:286
:10)
    at LibSQLPrepared
Query.all (file:///D:
/UIT_COURSES/SE100/Da
ilyDesk/node_modules/
[4m.pnpm[24m/drizzl
e-orm@0.44.7_@electri
_5c2928a099a752b7e299
aaadb8975aea/node_mod
ules/[4msrc[24m/lib
sql/session.ts:214:16
)
    at 
Module.deleteCard [9
0m(D:\UIT_COURSES\SE1
00\DailyDesk\backend\
[39msrc\services\car
ds.service.ts:938:24
[90m)[39m
    at [90mD:\UIT_CO
URSES\SE100\DailyDesk
\backend\[39msrc\rou
tes\cards.ts:300:24
    at dispatch (file
:///D:/UIT_COURSES/SE
100/DailyDesk/node_mo
dules/[4m.pnpm[24m/
hono@4.11.3/node_modu
les/[4mhono[24m/dis
t/compose.js:22:17)
    at file:///D:/UIT
_COURSES/SE100/DailyD
esk/node_modules/[4m
.pnpm[24m/hono@4.11.
3/node_modules/[4mho
no[24m/dist/validato
r/validator.js:81:12
    at dispatch (file
:///D:/UIT_COURSES/SE
100/DailyDesk/node_mo
dules/[4m.pnpm[24m/
hono@4.11.3/node_modu
les/[4mhono[24m/dis
t/compose.js:22:17)
    at [90mD:\UIT_CO
URSES\SE100\DailyDesk
\backend\[39mtests\h
elpers\auth.ts:27:5 {
  query: 
[32m'select "id", 
"name", 
"description", 
"order", 
"cover_url", 
"cover_public_id", 
"cover_color", 
"cover_mode", 
"list_id", 
"start_date", 
"deadline", 
"due_at", 
"due_complete", 
"reminder_minutes", 
"recurrence", 
"recurrence_day", "re
currence_weekday", 
"repeat_frequency", 
"repeat_interval", 
"latitude", 
"longitude", 
"completed", 
"is_template", 
"created_at", 
"updated_at" from 
"cards" where 
"cards"."id" = ? 
limit ?'[39m,
  params: [ [32m'019
bd127-dbf4-745f-a252-
e5c0aea4beb1'[39m, 
[33m1[39m ],
  cause: 
LibsqlError: 
SQLITE_ERROR: no 
such column: 
is_template
      at 
mapSqliteError (file:
///D:/UIT_COURSES/SE1
00/DailyDesk/node_mod
ules/[4m.pnpm[24m/@
libsql+client@0.15.15
/node_modules/[4m@li
bsql[24m/client/lib-
esm/sqlite3.js:392:16
)
      at executeStmt 
(file:///D:/UIT_COURS
ES/SE100/DailyDesk/no
de_modules/[4m.pnpm
[24m/@libsql+client@0
.15.15/node_modules/
[4m@libsql[24m/clien
t/lib-esm/sqlite3.js:
297:15)
      at Sqlite3Clien
t.execute (file:///D:
/UIT_COURSES/SE100/Da
ilyDesk/node_modules/
[4m.pnpm[24m/@libsq
l+client@0.15.15/node
_modules/[4m@libsql
[24m/client/lib-esm/s
qlite3.js:81:16)
  [90m    ... 5 
lines matching cause 
stack trace ...[39m
      at SQLiteSelect
Base.execute (file://
/D:/UIT_COURSES/SE100
/DailyDesk/node_modul
es/[4m.pnpm[24m/dri
zzle-orm@0.44.7_@elec
tri_5c2928a099a752b7e
299aaadb8975aea/node_
modules/[4msrc[24m/
sqlite-core/query-bui
lders/select.ts:962:1
5)
      at SQLiteSelect
Base.then (file:///D:
/UIT_COURSES/SE100/Da
ilyDesk/node_modules/
[4m.pnpm[24m/drizzl
e-orm@0.44.7_@electri
_5c2928a099a752b7e299
aaadb8975aea/node_mod
ules/[4msrc[24m/que
ry-promise.ts:31:15) 
{
    code: [32m'SQLIT
E_ERROR'[39m,
    rawCode: 
[33m1[39m,
    [cause]: 
SqliteError: no such 
column: is_template
        at 
convertError (D:\UIT_
COURSES\SE100\DailyDe
sk\node_modules\[4m.
pnpm[24m\libsql@0.5.
22\node_modules\[4ml
ibsql[24m\index.js:5
9:12)
        at 
Database.prepare (D:\
UIT_COURSES\SE100\Dai
lyDesk\node_modules\
[4m.pnpm[24m\libsql@
0.5.22\node_modules\
[4mlibsql[24m\index.
js:131:13)
        at 
executeStmt (file:///
D:/UIT_COURSES/SE100/
DailyDesk/node_module
s/[4m.pnpm[24m/@lib
sql+client@0.15.15/no
de_modules/[4m@libsq
l[24m/client/lib-esm
/sqlite3.js:268:28)
        at Sqlite3Cli
ent.execute (file:///
D:/UIT_COURSES/SE100/
DailyDesk/node_module
s/[4m.pnpm[24m/@lib
sql+client@0.15.15/no
de_modules/[4m@libsq
l[24m/client/lib-esm
/sqlite3.js:81:16)
        at file:///D:
/UIT_COURSES/SE100/Da
ilyDesk/node_modules/
[4m.pnpm[24m/drizzl
e-orm@0.44.7_@electri
_5c2928a099a752b7e299
aaadb8975aea/node_mod
ules/[4msrc[24m/lib
sql/session.ts:288:58
        at LibSQLPrep
aredQuery.queryWithCa
che (file:///D:/UIT_C
OURSES/SE100/DailyDes
k/node_modules/[4m.p
npm[24m/drizzle-orm@
0.44.7_@electri_5c292
8a099a752b7e299aaadb8
975aea/node_modules/
[4msrc[24m/sqlite-co
re/session.ts:78:18)
        at LibSQLPrep
aredQuery.values (fil
e:///D:/UIT_COURSES/S
E100/DailyDesk/node_m
odules/[4m.pnpm[24m
/drizzle-orm@0.44.7_@
electri_5c2928a099a75
2b7e299aaadb8975aea/n
ode_modules/[4msrc[
24m/libsql/session.ts
:286:21)
        at LibSQLPrep
aredQuery.all (file:/
//D:/UIT_COURSES/SE10
0/DailyDesk/node_modu
les/[4m.pnpm[24m/dr
izzle-orm@0.44.7_@ele
ctri_5c2928a099a752b7
e299aaadb8975aea/node
_modules/[4msrc[24m
/libsql/session.ts:21
4:27)
        at 
SQLiteSelectBase.all 
(file:///D:/UIT_COURS
ES/SE100/DailyDesk/no
de_modules/[4m.pnpm
[24m/drizzle-orm@0.44
.7_@electri_5c2928a09
9a752b7e299aaadb8975a
ea/node_modules/[4ms
rc[24m/sqlite-core/q
uery-builders/select.
ts:950:26)
        at SQLiteSele
ctBase.execute (file:
///D:/UIT_COURSES/SE1
00/DailyDesk/node_mod
ules/[4m.pnpm[24m/d
rizzle-orm@0.44.7_@el
ectri_5c2928a099a752b
7e299aaadb8975aea/nod
e_modules/[4msrc[24
m/sqlite-core/query-b
uilders/select.ts:962
:15) {
      code: [32m'SQL
ITE_ERROR'[39m,
      rawCode: 
[33m1[39m
    }
  }
}

[90mstderr[2m | tes
ts/cards/cards.test.t
s[2m > 
[22m[2mCards API 
Integration 
Tests[2m > 
[22m[2mDELETE /boar
ds/:boardId/cards/:id
[2m > 
[22m[2mshould 
maintain correct 
order of remaining 
cards after deleting 
last card
[22m[39mDrizzleQuer
yError: Failed 
query: select "id", 
"name", 
"description", 
"order", 
"cover_url", 
"cover_public_id", 
"cover_color", 
"cover_mode", 
"list_id", 
"start_date", 
"deadline", 
"due_at", 
"due_complete", 
"reminder_minutes", 
"recurrence", 
"recurrence_day", "re
currence_weekday", 
"repeat_frequency", 
"repeat_interval", 
"latitude", 
"longitude", 
"completed", 
"is_template", 
"created_at", 
"updated_at" from 
"cards" where 
"cards"."list_id" = ?
params: 019bd127-dc08
-7b1b-9136-d537a291e4
c3
    at LibSQLPrepared
Query.queryWithCache 
(file:///D:/UIT_COURS
ES/SE100/DailyDesk/no
de_modules/[4m.pnpm
[24m/drizzle-orm@0.44
.7_@electri_5c2928a09
9a752b7e299aaadb8975a
ea/node_modules/[4ms
rc[24m/sqlite-core/s
ession.ts:80:11)
[90m    at processTi
cksAndRejections (nod
e:internal/process/ta
sk_queues:105:5)[39m
    at LibSQLPrepared
Query.values (file://
/D:/UIT_COURSES/SE100
/DailyDesk/node_modul
es/[4m.pnpm[24m/dri
zzle-orm@0.44.7_@elec
tri_5c2928a099a752b7e
299aaadb8975aea/node_
modules/[4msrc[24m/
libsql/session.ts:286
:10)
    at LibSQLPrepared
Query.all (file:///D:
/UIT_COURSES/SE100/Da
ilyDesk/node_modules/
[4m.pnpm[24m/drizzl
e-orm@0.44.7_@electri
_5c2928a099a752b7e299
aaadb8975aea/node_mod
ules/[4msrc[24m/lib
sql/session.ts:214:16
)
    at 
Module.createCard [9
0m(D:\UIT_COURSES\SE1
00\DailyDesk\backend\
[39msrc\services\car
ds.service.ts:319:23
[90m)[39m
    at [90mD:\UIT_CO
URSES\SE100\DailyDesk
\backend\[39msrc\rou
tes\cards.ts:152:22
    at dispatch (file
:///D:/UIT_COURSES/SE
100/DailyDesk/node_mo
dules/[4m.pnpm[24m/
hono@4.11.3/node_modu
les/[4mhono[24m/dis
t/compose.js:22:17)
    at file:///D:/UIT
_COURSES/SE100/DailyD
esk/node_modules/[4m
.pnpm[24m/hono@4.11.
3/node_modules/[4mho
no[24m/dist/validato
r/validator.js:81:12
    at mw (file:///D:
/UIT_COURSES/SE100/Da
ilyDesk/node_modules/
[4m.pnpm[24m/@hono+
zod-openapi@1.2.0_hon
o@4.11.3_zod@4.3.5/no
de_modules/[4m@hono
[24m/zod-openapi/src/
index.ts:546:26)
    at dispatch (file
:///D:/UIT_COURSES/SE
100/DailyDesk/node_mo
dules/[4m.pnpm[24m/
hono@4.11.3/node_modu
les/[4mhono[24m/dis
t/compose.js:22:17) {
  query: 
[32m'select "id", 
"name", 
"description", 
"order", 
"cover_url", 
"cover_public_id", 
"cover_color", 
"cover_mode", 
"list_id", 
"start_date", 
"deadline", 
"due_at", 
"due_complete", 
"reminder_minutes", 
"recurrence", 
"recurrence_day", "re
currence_weekday", 
"repeat_frequency", 
"repeat_interval", 
"latitude", 
"longitude", 
"completed", 
"is_template", 
"created_at", 
"updated_at" from 
"cards" where 
"cards"."list_id" = 
?'[39m,
  params: [ [32m'019
bd127-dc08-7b1b-9136-
d537a291e4c3'[39m ],
  cause: 
LibsqlError: 
SQLITE_ERROR: no 
such column: 
is_template
      at 
mapSqliteError (file:
///D:/UIT_COURSES/SE1
00/DailyDesk/node_mod
ules/[4m.pnpm[24m/@
libsql+client@0.15.15
/node_modules/[4m@li
bsql[24m/client/lib-
esm/sqlite3.js:392:16
)
      at executeStmt 
(file:///D:/UIT_COURS
ES/SE100/DailyDesk/no
de_modules/[4m.pnpm
[24m/@libsql+client@0
.15.15/node_modules/
[4m@libsql[24m/clien
t/lib-esm/sqlite3.js:
297:15)
      at Sqlite3Clien
t.execute (file:///D:
/UIT_COURSES/SE100/Da
ilyDesk/node_modules/
[4m.pnpm[24m/@libsq
l+client@0.15.15/node
_modules/[4m@libsql
[24m/client/lib-esm/s
qlite3.js:81:16)
  [90m    ... 5 
lines matching cause 
stack trace ...[39m
      at SQLiteSelect
Base.execute (file://
/D:/UIT_COURSES/SE100
/DailyDesk/node_modul
es/[4m.pnpm[24m/dri
zzle-orm@0.44.7_@elec
tri_5c2928a099a752b7e
299aaadb8975aea/node_
modules/[4msrc[24m/
sqlite-core/query-bui
lders/select.ts:962:1
5)
      at SQLiteSelect
Base.then (file:///D:
/UIT_COURSES/SE100/Da
ilyDesk/node_modules/
[4m.pnpm[24m/drizzl
e-orm@0.44.7_@electri
_5c2928a099a752b7e299
aaadb8975aea/node_mod
ules/[4msrc[24m/que
ry-promise.ts:31:15) 
{
    code: [32m'SQLIT
E_ERROR'[39m,
    rawCode: 
[33m1[39m,
    [cause]: 
SqliteError: no such 
column: is_template
        at 
convertError (D:\UIT_
COURSES\SE100\DailyDe
sk\node_modules\[4m.
pnpm[24m\libsql@0.5.
22\node_modules\[4ml
ibsql[24m\index.js:5
9:12)
        at 
Database.prepare (D:\
UIT_COURSES\SE100\Dai
lyDesk\node_modules\
[4m.pnpm[24m\libsql@
0.5.22\node_modules\
[4mlibsql[24m\index.
js:131:13)
        at 
executeStmt (file:///
D:/UIT_COURSES/SE100/
DailyDesk/node_module
s/[4m.pnpm[24m/@lib
sql+client@0.15.15/no
de_modules/[4m@libsq
l[24m/client/lib-esm
/sqlite3.js:268:28)
        at Sqlite3Cli
ent.execute (file:///
D:/UIT_COURSES/SE100/
DailyDesk/node_module
s/[4m.pnpm[24m/@lib
sql+client@0.15.15/no
de_modules/[4m@libsq
l[24m/client/lib-esm
/sqlite3.js:81:16)
        at file:///D:
/UIT_COURSES/SE100/Da
ilyDesk/node_modules/
[4m.pnpm[24m/drizzl
e-orm@0.44.7_@electri
_5c2928a099a752b7e299
aaadb8975aea/node_mod
ules/[4msrc[24m/lib
sql/session.ts:288:58
        at LibSQLPrep
aredQuery.queryWithCa
che (file:///D:/UIT_C
OURSES/SE100/DailyDes
k/node_modules/[4m.p
npm[24m/drizzle-orm@
0.44.7_@electri_5c292
8a099a752b7e299aaadb8
975aea/node_modules/
[4msrc[24m/sqlite-co
re/session.ts:78:18)
        at LibSQLPrep
aredQuery.values (fil
e:///D:/UIT_COURSES/S
E100/DailyDesk/node_m
odules/[4m.pnpm[24m
/drizzle-orm@0.44.7_@
electri_5c2928a099a75
2b7e299aaadb8975aea/n
ode_modules/[4msrc[
24m/libsql/session.ts
:286:21)
        at LibSQLPrep
aredQuery.all (file:/
//D:/UIT_COURSES/SE10
0/DailyDesk/node_modu
les/[4m.pnpm[24m/dr
izzle-orm@0.44.7_@ele
ctri_5c2928a099a752b7
e299aaadb8975aea/node
_modules/[4msrc[24m
/libsql/session.ts:21
4:27)
        at 
SQLiteSelectBase.all 
(file:///D:/UIT_COURS
ES/SE100/DailyDesk/no
de_modules/[4m.pnpm
[24m/drizzle-orm@0.44
.7_@electri_5c2928a09
9a752b7e299aaadb8975a
ea/node_modules/[4ms
rc[24m/sqlite-core/q
uery-builders/select.
ts:950:26)
        at SQLiteSele
ctBase.execute (file:
///D:/UIT_COURSES/SE1
00/DailyDesk/node_mod
ules/[4m.pnpm[24m/d
rizzle-orm@0.44.7_@el
ectri_5c2928a099a752b
7e299aaadb8975aea/nod
e_modules/[4msrc[24
m/sqlite-core/query-b
uilders/select.ts:962
:15) {
      code: [32m'SQL
ITE_ERROR'[39m,
      rawCode: 
[33m1[39m
    }
  }
}
DrizzleQueryError: 
Failed query: select 
"id", "name", 
"description", 
"order", 
"cover_url", 
"cover_public_id", 
"cover_color", 
"cover_mode", 
"list_id", 
"start_date", 
"deadline", 
"due_at", 
"due_complete", 
"reminder_minutes", 
"recurrence", 
"recurrence_day", "re
currence_weekday", 
"repeat_frequency", 
"repeat_interval", 
"latitude", 
"longitude", 
"completed", 
"is_template", 
"created_at", 
"updated_at" from 
"cards" where 
"cards"."list_id" = ?
params: 019bd127-dc08
-7b1b-9136-d537a291e4
c3
    at LibSQLPrepared
Query.queryWithCache 
(file:///D:/UIT_COURS
ES/SE100/DailyDesk/no
de_modules/[4m.pnpm
[24m/drizzle-orm@0.44
.7_@electri_5c2928a09
9a752b7e299aaadb8975a
ea/node_modules/[4ms
rc[24m/sqlite-core/s
ession.ts:80:11)
[90m    at processTi
cksAndRejections (nod
e:internal/process/ta
sk_queues:105:5)[39m
    at LibSQLPrepared
Query.values (file://
/D:/UIT_COURSES/SE100
/DailyDesk/node_modul
es/[4m.pnpm[24m/dri
zzle-orm@0.44.7_@elec
tri_5c2928a099a752b7e
299aaadb8975aea/node_
modules/[4msrc[24m/
libsql/session.ts:286
:10)
    at LibSQLPrepared
Query.all (file:///D:
/UIT_COURSES/SE100/Da
ilyDesk/node_modules/
[4m.pnpm[24m/drizzl
e-orm@0.44.7_@electri
_5c2928a099a752b7e299
aaadb8975aea/node_mod
ules/[4msrc[24m/lib
sql/session.ts:214:16
)
    at 
Module.createCard [9
0m(D:\UIT_COURSES\SE1
00\DailyDesk\backend\
[39msrc\services\car
ds.service.ts:319:23
[90m)[39m
    at [90mD:\UIT_CO
URSES\SE100\DailyDesk
\backend\[39msrc\rou
tes\cards.ts:152:22
    at dispatch (file
:///D:/UIT_COURSES/SE
100/DailyDesk/node_mo
dules/[4m.pnpm[24m/
hono@4.11.3/node_modu
les/[4mhono[24m/dis
t/compose.js:22:17)
    at file:///D:/UIT
_COURSES/SE100/DailyD
esk/node_modules/[4m
.pnpm[24m/hono@4.11.
3/node_modules/[4mho
no[24m/dist/validato
r/validator.js:81:12
    at mw (file:///D:
/UIT_COURSES/SE100/Da
ilyDesk/node_modules/
[4m.pnpm[24m/@hono+
zod-openapi@1.2.0_hon
o@4.11.3_zod@4.3.5/no
de_modules/[4m@hono
[24m/zod-openapi/src/
index.ts:546:26)
    at dispatch (file
:///D:/UIT_COURSES/SE
100/DailyDesk/node_mo
dules/[4m.pnpm[24m/
hono@4.11.3/node_modu
les/[4mhono[24m/dis
t/compose.js:22:17) {
  query: 
[32m'select "id", 
"name", 
"description", 
"order", 
"cover_url", 
"cover_public_id", 
"cover_color", 
"cover_mode", 
"list_id", 
"start_date", 
"deadline", 
"due_at", 
"due_complete", 
"reminder_minutes", 
"recurrence", 
"recurrence_day", "re
currence_weekday", 
"repeat_frequency", 
"repeat_interval", 
"latitude", 
"longitude", 
"completed", 
"is_template", 
"created_at", 
"updated_at" from 
"cards" where 
"cards"."list_id" = 
?'[39m,
  params: [ [32m'019
bd127-dc08-7b1b-9136-
d537a291e4c3'[39m ],
  cause: 
LibsqlError: 
SQLITE_ERROR: no 
such column: 
is_template
      at 
mapSqliteError (file:
///D:/UIT_COURSES/SE1
00/DailyDesk/node_mod
ules/[4m.pnpm[24m/@
libsql+client@0.15.15
/node_modules/[4m@li
bsql[24m/client/lib-
esm/sqlite3.js:392:16
)
      at executeStmt 
(file:///D:/UIT_COURS
ES/SE100/DailyDesk/no
de_modules/[4m.pnpm
[24m/@libsql+client@0
.15.15/node_modules/
[4m@libsql[24m/clien
t/lib-esm/sqlite3.js:
297:15)
      at Sqlite3Clien
t.execute (file:///D:
/UIT_COURSES/SE100/Da
ilyDesk/node_modules/
[4m.pnpm[24m/@libsq
l+client@0.15.15/node
_modules/[4m@libsql
[24m/client/lib-esm/s
qlite3.js:81:16)
  [90m    ... 5 
lines matching cause 
stack trace ...[39m
      at SQLiteSelect
Base.execute (file://
/D:/UIT_COURSES/SE100
/DailyDesk/node_modul
es/[4m.pnpm[24m/dri
zzle-orm@0.44.7_@elec
tri_5c2928a099a752b7e
299aaadb8975aea/node_
modules/[4msrc[24m/
sqlite-core/query-bui
lders/select.ts:962:1
5)
      at SQLiteSelect
Base.then (file:///D:
/UIT_COURSES/SE100/Da
ilyDesk/node_modules/
[4m.pnpm[24m/drizzl
e-orm@0.44.7_@electri
_5c2928a099a752b7e299
aaadb8975aea/node_mod
ules/[4msrc[24m/que
ry-promise.ts:31:15) 
{
    code: [32m'SQLIT
E_ERROR'[39m,
    rawCode: 
[33m1[39m,
    [cause]: 
SqliteError: no such 
column: is_template
        at 
convertError (D:\UIT_
COURSES\SE100\DailyDe
sk\node_modules\[4m.
pnpm[24m\libsql@0.5.
22\node_modules\[4ml
ibsql[24m\index.js:5
9:12)
        at 
Database.prepare (D:\
UIT_COURSES\SE100\Dai
lyDesk\node_modules\
[4m.pnpm[24m\libsql@
0.5.22\node_modules\
[4mlibsql[24m\index.
js:131:13)
        at 
executeStmt (file:///
D:/UIT_COURSES/SE100/
DailyDesk/node_module
s/[4m.pnpm[24m/@lib
sql+client@0.15.15/no
de_modules/[4m@libsq
l[24m/client/lib-esm
/sqlite3.js:268:28)
        at Sqlite3Cli
ent.execute (file:///
D:/UIT_COURSES/SE100/
DailyDesk/node_module
s/[4m.pnpm[24m/@lib
sql+client@0.15.15/no
de_modules/[4m@libsq
l[24m/client/lib-esm
/sqlite3.js:81:16)
        at file:///D:
/UIT_COURSES/SE100/Da
ilyDesk/node_modules/
[4m.pnpm[24m/drizzl
e-orm@0.44.7_@electri
_5c2928a099a752b7e299
aaadb8975aea/node_mod
ules/[4msrc[24m/lib
sql/session.ts:288:58
        at LibSQLPrep
aredQuery.queryWithCa
che (file:///D:/UIT_C
OURSES/SE100/DailyDes
k/node_modules/[4m.p
npm[24m/drizzle-orm@
0.44.7_@electri_5c292
8a099a752b7e299aaadb8
975aea/node_modules/
[4msrc[24m/sqlite-co
re/session.ts:78:18)
        at LibSQLPrep
aredQuery.values (fil
e:///D:/UIT_COURSES/S
E100/DailyDesk/node_m
odules/[4m.pnpm[24m
/drizzle-orm@0.44.7_@
electri_5c2928a099a75
2b7e299aaadb8975aea/n
ode_modules/[4msrc[
24m/libsql/session.ts
:286:21)
        at LibSQLPrep
aredQuery.all (file:/
//D:/UIT_COURSES/SE10
0/DailyDesk/node_modu
les/[4m.pnpm[24m/dr
izzle-orm@0.44.7_@ele
ctri_5c2928a099a752b7
e299aaadb8975aea/node
_modules/[4msrc[24m
/libsql/session.ts:21
4:27)
        at 
SQLiteSelectBase.all 
(file:///D:/UIT_COURS
ES/SE100/DailyDesk/no
de_modules/[4m.pnpm
[24m/drizzle-orm@0.44
.7_@electri_5c2928a09
9a752b7e299aaadb8975a
ea/node_modules/[4ms
rc[24m/sqlite-core/q
uery-builders/select.
ts:950:26)
        at SQLiteSele
ctBase.execute (file:
///D:/UIT_COURSES/SE1
00/DailyDesk/node_mod
ules/[4m.pnpm[24m/d
rizzle-orm@0.44.7_@el
ectri_5c2928a099a752b
7e299aaadb8975aea/nod
e_modules/[4msrc[24
m/sqlite-core/query-b
uilders/select.ts:962
:15) {
      code: [32m'SQL
ITE_ERROR'[39m,
      rawCode: 
[33m1[39m
    }
  }
}
DrizzleQueryError: 
Failed query: select 
"id", "name", 
"description", 
"order", 
"cover_url", 
"cover_public_id", 
"cover_color", 
"cover_mode", 
"list_id", 
"start_date", 
"deadline", 
"due_at", 
"due_complete", 
"reminder_minutes", 
"recurrence", 
"recurrence_day", "re
currence_weekday", 
"repeat_frequency", 
"repeat_interval", 
"latitude", 
"longitude", 
"completed", 
"is_template", 
"created_at", 
"updated_at" from 
"cards" where 
"cards"."list_id" = ?
params: 019bd127-dc08
-7b1b-9136-d537a291e4
c3
    at LibSQLPrepared
Query.queryWithCache 
(file:///D:/UIT_COURS
ES/SE100/DailyDesk/no
de_modules/[4m.pnpm
[24m/drizzle-orm@0.44
.7_@electri_5c2928a09
9a752b7e299aaadb8975a
ea/node_modules/[4ms
rc[24m/sqlite-core/s
ession.ts:80:11)
[90m    at processTi
cksAndRejections (nod
e:internal/process/ta
sk_queues:105:5)[39m
    at LibSQLPrepared
Query.values (file://
/D:/UIT_COURSES/SE100
/DailyDesk/node_modul
es/[4m.pnpm[24m/dri
zzle-orm@0.44.7_@elec
tri_5c2928a099a752b7e
299aaadb8975aea/node_
modules/[4msrc[24m/
libsql/session.ts:286
:10)
    at LibSQLPrepared
Query.all (file:///D:
/UIT_COURSES/SE100/Da
ilyDesk/node_modules/
[4m.pnpm[24m/drizzl
e-orm@0.44.7_@electri
_5c2928a099a752b7e299
aaadb8975aea/node_mod
ules/[4msrc[24m/lib
sql/session.ts:214:16
)
    at 
Module.createCard [9
0m(D:\UIT_COURSES\SE1
00\DailyDesk\backend\
[39msrc\services\car
ds.service.ts:319:23
[90m)[39m
    at [90mD:\UIT_CO
URSES\SE100\DailyDesk
\backend\[39msrc\rou
tes\cards.ts:152:22
    at dispatch (file
:///D:/UIT_COURSES/SE
100/DailyDesk/node_mo
dules/[4m.pnpm[24m/
hono@4.11.3/node_modu
les/[4mhono[24m/dis
t/compose.js:22:17)
    at file:///D:/UIT
_COURSES/SE100/DailyD
esk/node_modules/[4m
.pnpm[24m/hono@4.11.
3/node_modules/[4mho
no[24m/dist/validato
r/validator.js:81:12
    at mw (file:///D:
/UIT_COURSES/SE100/Da
ilyDesk/node_modules/
[4m.pnpm[24m/@hono+
zod-openapi@1.2.0_hon
o@4.11.3_zod@4.3.5/no
de_modules/[4m@hono
[24m/zod-openapi/src/
index.ts:546:26)
    at dispatch (file
:///D:/UIT_COURSES/SE
100/DailyDesk/node_mo
dules/[4m.pnpm[24m/
hono@4.11.3/node_modu
les/[4mhono[24m/dis
t/compose.js:22:17) {
  query: 
[32m'select "id", 
"name", 
"description", 
"order", 
"cover_url", 
"cover_public_id", 
"cover_color", 
"cover_mode", 
"list_id", 
"start_date", 
"deadline", 
"due_at", 
"due_complete", 
"reminder_minutes", 
"recurrence", 
"recurrence_day", "re
currence_weekday", 
"repeat_frequency", 
"repeat_interval", 
"latitude", 
"longitude", 
"completed", 
"is_template", 
"created_at", 
"updated_at" from 
"cards" where 
"cards"."list_id" = 
?'[39m,
  params: [ [32m'019
bd127-dc08-7b1b-9136-
d537a291e4c3'[39m ],
  cause: 
LibsqlError: 
SQLITE_ERROR: no 
such column: 
is_template
      at 
mapSqliteError (file:
///D:/UIT_COURSES/SE1
00/DailyDesk/node_mod
ules/[4m.pnpm[24m/@
libsql+client@0.15.15
/node_modules/[4m@li
bsql[24m/client/lib-
esm/sqlite3.js:392:16
)
      at executeStmt 
(file:///D:/UIT_COURS
ES/SE100/DailyDesk/no
de_modules/[4m.pnpm
[24m/@libsql+client@0
.15.15/node_modules/
[4m@libsql[24m/clien
t/lib-esm/sqlite3.js:
297:15)
      at Sqlite3Clien
t.execute (file:///D:
/UIT_COURSES/SE100/Da
ilyDesk/node_modules/
[4m.pnpm[24m/@libsq
l+client@0.15.15/node
_modules/[4m@libsql
[24m/client/lib-esm/s
qlite3.js:81:16)
  [90m    ... 5 
lines matching cause 
stack trace ...[39m
      at SQLiteSelect
Base.execute (file://
/D:/UIT_COURSES/SE100
/DailyDesk/node_modul
es/[4m.pnpm[24m/dri
zzle-orm@0.44.7_@elec
tri_5c2928a099a752b7e
299aaadb8975aea/node_
modules/[4msrc[24m/
sqlite-core/query-bui
lders/select.ts:962:1
5)
      at SQLiteSelect
Base.then (file:///D:
/UIT_COURSES/SE100/Da
ilyDesk/node_modules/
[4m.pnpm[24m/drizzl
e-orm@0.44.7_@electri
_5c2928a099a752b7e299
aaadb8975aea/node_mod
ules/[4msrc[24m/que
ry-promise.ts:31:15) 
{
    code: [32m'SQLIT
E_ERROR'[39m,
    rawCode: 
[33m1[39m,
    [cause]: 
SqliteError: no such 
column: is_template
        at 
convertError (D:\UIT_
COURSES\SE100\DailyDe
sk\node_modules\[4m.
pnpm[24m\libsql@0.5.
22\node_modules\[4ml
ibsql[24m\index.js:5
9:12)
        at 
Database.prepare (D:\
UIT_COURSES\SE100\Dai
lyDesk\node_modules\
[4m.pnpm[24m\libsql@
0.5.22\node_modules\
[4mlibsql[24m\index.
js:131:13)
        at 
executeStmt (file:///
D:/UIT_COURSES/SE100/
DailyDesk/node_module
s/[4m.pnpm[24m/@lib
sql+client@0.15.15/no
de_modules/[4m@libsq
l[24m/client/lib-esm
/sqlite3.js:268:28)
        at Sqlite3Cli
ent.execute (file:///
D:/UIT_COURSES/SE100/
DailyDesk/node_module
s/[4m.pnpm[24m/@lib
sql+client@0.15.15/no
de_modules/[4m@libsq
l[24m/client/lib-esm
/sqlite3.js:81:16)
        at file:///D:
/UIT_COURSES/SE100/Da
ilyDesk/node_modules/
[4m.pnpm[24m/drizzl
e-orm@0.44.7_@electri
_5c2928a099a752b7e299
aaadb8975aea/node_mod
ules/[4msrc[24m/lib
sql/session.ts:288:58
        at LibSQLPrep
aredQuery.queryWithCa
che (file:///D:/UIT_C
OURSES/SE100/DailyDes
k/node_modules/[4m.p
npm[24m/drizzle-orm@
0.44.7_@electri_5c292
8a099a752b7e299aaadb8
975aea/node_modules/
[4msrc[24m/sqlite-co
re/session.ts:78:18)
        at LibSQLPrep
aredQuery.values (fil
e:///D:/UIT_COURSES/S
E100/DailyDesk/node_m
odules/[4m.pnpm[24m
/drizzle-orm@0.44.7_@
electri_5c2928a099a75
2b7e299aaadb8975aea/n
ode_modules/[4msrc[
24m/libsql/session.ts
:286:21)
        at LibSQLPrep
aredQuery.all (file:/
//D:/UIT_COURSES/SE10
0/DailyDesk/node_modu
les/[4m.pnpm[24m/dr
izzle-orm@0.44.7_@ele
ctri_5c2928a099a752b7
e299aaadb8975aea/node
_modules/[4msrc[24m
/libsql/session.ts:21
4:27)
        at 
SQLiteSelectBase.all 
(file:///D:/UIT_COURS
ES/SE100/DailyDesk/no
de_modules/[4m.pnpm
[24m/drizzle-orm@0.44
.7_@electri_5c2928a09
9a752b7e299aaadb8975a
ea/node_modules/[4ms
rc[24m/sqlite-core/q
uery-builders/select.
ts:950:26)
        at SQLiteSele
ctBase.execute (file:
///D:/UIT_COURSES/SE1
00/DailyDesk/node_mod
ules/[4m.pnpm[24m/d
rizzle-orm@0.44.7_@el
ectri_5c2928a099a752b
7e299aaadb8975aea/nod
e_modules/[4msrc[24
m/sqlite-core/query-b
uilders/select.ts:962
:15) {
      code: [32m'SQL
ITE_ERROR'[39m,
      rawCode: 
[33m1[39m
    }
  }
}
DrizzleQueryError: 
Failed query: select 
"id", "name", 
"description", 
"order", 
"cover_url", 
"cover_public_id", 
"cover_color", 
"cover_mode", 
"list_id", 
"start_date", 
"deadline", 
"due_at", 
"due_complete", 
"reminder_minutes", 
"recurrence", 
"recurrence_day", "re
currence_weekday", 
"repeat_frequency", 
"repeat_interval", 
"latitude", 
"longitude", 
"completed", 
"is_template", 
"created_at", 
"updated_at" from 
"cards" where 
"cards"."id" = ? 
limit ?
params: 019bd127-dc0b
-7a87-b747-2887cb3bd7
7d,1
    at LibSQLPrepared
Query.queryWithCache 
(file:///D:/UIT_COURS
ES/SE100/DailyDesk/no
de_modules/[4m.pnpm
[24m/drizzle-orm@0.44
.7_@electri_5c2928a09
9a752b7e299aaadb8975a
ea/node_modules/[4ms
rc[24m/sqlite-core/s
ession.ts:80:11)
[90m    at processTi
cksAndRejections (nod
e:internal/process/ta
sk_queues:105:5)[39m
    at LibSQLPrepared
Query.values (file://
/D:/UIT_COURSES/SE100
/DailyDesk/node_modul
es/[4m.pnpm[24m/dri
zzle-orm@0.44.7_@elec
tri_5c2928a099a752b7e
299aaadb8975aea/node_
modules/[4msrc[24m/
libsql/session.ts:286
:10)
    at LibSQLPrepared
Query.all (file:///D:
/UIT_COURSES/SE100/Da
ilyDesk/node_modules/
[4m.pnpm[24m/drizzl
e-orm@0.44.7_@electri
_5c2928a099a752b7e299
aaadb8975aea/node_mod
ules/[4msrc[24m/lib
sql/session.ts:214:16
)
    at 
Module.deleteCard [9
0m(D:\UIT_COURSES\SE1
00\DailyDesk\backend\
[39msrc\services\car
ds.service.ts:938:24
[90m)[39m
    at [90mD:\UIT_CO
URSES\SE100\DailyDesk
\backend\[39msrc\rou
tes\cards.ts:300:24
    at dispatch (file
:///D:/UIT_COURSES/SE
100/DailyDesk/node_mo
dules/[4m.pnpm[24m/
hono@4.11.3/node_modu
les/[4mhono[24m/dis
t/compose.js:22:17)
    at file:///D:/UIT
_COURSES/SE100/DailyD
esk/node_modules/[4m
.pnpm[24m/hono@4.11.
3/node_modules/[4mho
no[24m/dist/validato
r/validator.js:81:12
    at dispatch (file
:///D:/UIT_COURSES/SE
100/DailyDesk/node_mo
dules/[4m.pnpm[24m/
hono@4.11.3/node_modu
les/[4mhono[24m/dis
t/compose.js:22:17)
    at [90mD:\UIT_CO
URSES\SE100\DailyDesk
\backend\[39mtests\h
elpers\auth.ts:27:5 {
  query: 
[32m'select "id", 
"name", 
"description", 
"order", 
"cover_url", 
"cover_public_id", 
"cover_color", 
"cover_mode", 
"list_id", 
"start_date", 
"deadline", 
"due_at", 
"due_complete", 
"reminder_minutes", 
"recurrence", 
"recurrence_day", "re
currence_weekday", 
"repeat_frequency", 
"repeat_interval", 
"latitude", 
"longitude", 
"completed", 
"is_template", 
"created_at", 
"updated_at" from 
"cards" where 
"cards"."id" = ? 
limit ?'[39m,
  params: [ [32m'019
bd127-dc0b-7a87-b747-
2887cb3bd77d'[39m, 
[33m1[39m ],
  cause: 
LibsqlError: 
SQLITE_ERROR: no 
such column: 
is_template
      at 
mapSqliteError (file:
///D:/UIT_COURSES/SE1
00/DailyDesk/node_mod
ules/[4m.pnpm[24m/@
libsql+client@0.15.15
/node_modules/[4m@li
bsql[24m/client/lib-
esm/sqlite3.js:392:16
)
      at executeStmt 
(file:///D:/UIT_COURS
ES/SE100/DailyDesk/no
de_modules/[4m.pnpm
[24m/@libsql+client@0
.15.15/node_modules/
[4m@libsql[24m/clien
t/lib-esm/sqlite3.js:
297:15)
      at Sqlite3Clien
t.execute (file:///D:
/UIT_COURSES/SE100/Da
ilyDesk/node_modules/
[4m.pnpm[24m/@libsq
l+client@0.15.15/node
_modules/[4m@libsql
[24m/client/lib-esm/s
qlite3.js:81:16)
  [90m    ... 5 
lines matching cause 
stack trace ...[39m
      at SQLiteSelect
Base.execute (file://
/D:/UIT_COURSES/SE100
/DailyDesk/node_modul
es/[4m.pnpm[24m/dri
zzle-orm@0.44.7_@elec
tri_5c2928a099a752b7e
299aaadb8975aea/node_
modules/[4msrc[24m/
sqlite-core/query-bui
lders/select.ts:962:1
5)
      at SQLiteSelect
Base.then (file:///D:
/UIT_COURSES/SE100/Da
ilyDesk/node_modules/
[4m.pnpm[24m/drizzl
e-orm@0.44.7_@electri
_5c2928a099a752b7e299
aaadb8975aea/node_mod
ules/[4msrc[24m/que
ry-promise.ts:31:15) 
{
    code: [32m'SQLIT
E_ERROR'[39m,
    rawCode: 
[33m1[39m,
    [cause]: 
SqliteError: no such 
column: is_template
        at 
convertError (D:\UIT_
COURSES\SE100\DailyDe
sk\node_modules\[4m.
pnpm[24m\libsql@0.5.
22\node_modules\[4ml
ibsql[24m\index.js:5
9:12)
        at 
Database.prepare (D:\
UIT_COURSES\SE100\Dai
lyDesk\node_modules\
[4m.pnpm[24m\libsql@
0.5.22\node_modules\
[4mlibsql[24m\index.
js:131:13)
        at 
executeStmt (file:///
D:/UIT_COURSES/SE100/
DailyDesk/node_module
s/[4m.pnpm[24m/@lib
sql+client@0.15.15/no
de_modules/[4m@libsq
l[24m/client/lib-esm
/sqlite3.js:268:28)
        at Sqlite3Cli
ent.execute (file:///
D:/UIT_COURSES/SE100/
DailyDesk/node_module
s/[4m.pnpm[24m/@lib
sql+client@0.15.15/no
de_modules/[4m@libsq
l[24m/client/lib-esm
/sqlite3.js:81:16)
        at file:///D:
/UIT_COURSES/SE100/Da
ilyDesk/node_modules/
[4m.pnpm[24m/drizzl
e-orm@0.44.7_@electri
_5c2928a099a752b7e299
aaadb8975aea/node_mod
ules/[4msrc[24m/lib
sql/session.ts:288:58
        at LibSQLPrep
aredQuery.queryWithCa
che (file:///D:/UIT_C
OURSES/SE100/DailyDes
k/node_modules/[4m.p
npm[24m/drizzle-orm@
0.44.7_@electri_5c292
8a099a752b7e299aaadb8
975aea/node_modules/
[4msrc[24m/sqlite-co
re/session.ts:78:18)
        at LibSQLPrep
aredQuery.values (fil
e:///D:/UIT_COURSES/S
E100/DailyDesk/node_m
odules/[4m.pnpm[24m
/drizzle-orm@0.44.7_@
electri_5c2928a099a75
2b7e299aaadb8975aea/n
ode_modules/[4msrc[
24m/libsql/session.ts
:286:21)
        at LibSQLPrep
aredQuery.all (file:/
//D:/UIT_COURSES/SE10
0/DailyDesk/node_modu
les/[4m.pnpm[24m/dr
izzle-orm@0.44.7_@ele
ctri_5c2928a099a752b7
e299aaadb8975aea/node
_modules/[4msrc[24m
/libsql/session.ts:21
4:27)
        at 
SQLiteSelectBase.all 
(file:///D:/UIT_COURS
ES/SE100/DailyDesk/no
de_modules/[4m.pnpm
[24m/drizzle-orm@0.44
.7_@electri_5c2928a09
9a752b7e299aaadb8975a
ea/node_modules/[4ms
rc[24m/sqlite-core/q
uery-builders/select.
ts:950:26)
        at SQLiteSele
ctBase.execute (file:
///D:/UIT_COURSES/SE1
00/DailyDesk/node_mod
ules/[4m.pnpm[24m/d
rizzle-orm@0.44.7_@el
ectri_5c2928a099a752b
7e299aaadb8975aea/nod
e_modules/[4msrc[24
m/sqlite-core/query-b
uilders/select.ts:962
:15) {
      code: [32m'SQL
ITE_ERROR'[39m,
      rawCode: 
[33m1[39m
    }
  }
}

[90mstderr[2m | tes
ts/cards/cards.test.t
s[2m > 
[22m[2mCards API 
Integration 
Tests[2m > 
[22m[2mDELETE /boar
ds/:boardId/cards/:id
[2m > 
[22m[2mshould 
maintain correct 
order after deleting 
multiple cards in 
sequence
[22m[39mDrizzleQuer
yError: Failed 
query: select "id", 
"name", 
"description", 
"order", 
"cover_url", 
"cover_public_id", 
"cover_color", 
"cover_mode", 
"list_id", 
"start_date", 
"deadline", 
"due_at", 
"due_complete", 
"reminder_minutes", 
"recurrence", 
"recurrence_day", "re
currence_weekday", 
"repeat_frequency", 
"repeat_interval", 
"latitude", 
"longitude", 
"completed", 
"is_template", 
"created_at", 
"updated_at" from 
"cards" where 
"cards"."list_id" = ?
params: 019bd127-dc21
-7a17-8bc6-3b977d950e
6a
    at LibSQLPrepared
Query.queryWithCache 
(file:///D:/UIT_COURS
ES/SE100/DailyDesk/no
de_modules/[4m.pnpm
[24m/drizzle-orm@0.44
.7_@electri_5c2928a09
9a752b7e299aaadb8975a
ea/node_modules/[4ms
rc[24m/sqlite-core/s
ession.ts:80:11)
[90m    at processTi
cksAndRejections (nod
e:internal/process/ta
sk_queues:105:5)[39m
    at LibSQLPrepared
Query.values (file://
/D:/UIT_COURSES/SE100
/DailyDesk/node_modul
es/[4m.pnpm[24m/dri
zzle-orm@0.44.7_@elec
tri_5c2928a099a752b7e
299aaadb8975aea/node_
modules/[4msrc[24m/
libsql/session.ts:286
:10)
    at LibSQLPrepared
Query.all (file:///D:
/UIT_COURSES/SE100/Da
ilyDesk/node_modules/
[4m.pnpm[24m/drizzl
e-orm@0.44.7_@electri
_5c2928a099a752b7e299
aaadb8975aea/node_mod
ules/[4msrc[24m/lib
sql/session.ts:214:16
)
    at 
Module.createCard [9
0m(D:\UIT_COURSES\SE1
00\DailyDesk\backend\
[39msrc\services\car
ds.service.ts:319:23
[90m)[39m
    at [90mD:\UIT_CO
URSES\SE100\DailyDesk
\backend\[39msrc\rou
tes\cards.ts:152:22
    at dispatch (file
:///D:/UIT_COURSES/SE
100/DailyDesk/node_mo
dules/[4m.pnpm[24m/
hono@4.11.3/node_modu
les/[4mhono[24m/dis
t/compose.js:22:17)
    at file:///D:/UIT
_COURSES/SE100/DailyD
esk/node_modules/[4m
.pnpm[24m/hono@4.11.
3/node_modules/[4mho
no[24m/dist/validato
r/validator.js:81:12
    at mw (file:///D:
/UIT_COURSES/SE100/Da
ilyDesk/node_modules/
[4m.pnpm[24m/@hono+
zod-openapi@1.2.0_hon
o@4.11.3_zod@4.3.5/no
de_modules/[4m@hono
[24m/zod-openapi/src/
index.ts:546:26)
    at dispatch (file
:///D:/UIT_COURSES/SE
100/DailyDesk/node_mo
dules/[4m.pnpm[24m/
hono@4.11.3/node_modu
les/[4mhono[24m/dis
t/compose.js:22:17) {
  query: 
[32m'select "id", 
"name", 
"description", 
"order", 
"cover_url", 
"cover_public_id", 
"cover_color", 
"cover_mode", 
"list_id", 
"start_date", 
"deadline", 
"due_at", 
"due_complete", 
"reminder_minutes", 
"recurrence", 
"recurrence_day", "re
currence_weekday", 
"repeat_frequency", 
"repeat_interval", 
"latitude", 
"longitude", 
"completed", 
"is_template", 
"created_at", 
"updated_at" from 
"cards" where 
"cards"."list_id" = 
?'[39m,
  params: [ [32m'019
bd127-dc21-7a17-8bc6-
3b977d950e6a'[39m ],
  cause: 
LibsqlError: 
SQLITE_ERROR: no 
such column: 
is_template
      at 
mapSqliteError (file:
///D:/UIT_COURSES/SE1
00/DailyDesk/node_mod
ules/[4m.pnpm[24m/@
libsql+client@0.15.15
/node_modules/[4m@li
bsql[24m/client/lib-
esm/sqlite3.js:392:16
)
      at executeStmt 
(file:///D:/UIT_COURS
ES/SE100/DailyDesk/no
de_modules/[4m.pnpm
[24m/@libsql+client@0
.15.15/node_modules/
[4m@libsql[24m/clien
t/lib-esm/sqlite3.js:
297:15)
      at Sqlite3Clien
t.execute (file:///D:
/UIT_COURSES/SE100/Da
ilyDesk/node_modules/
[4m.pnpm[24m/@libsq
l+client@0.15.15/node
_modules/[4m@libsql
[24m/client/lib-esm/s
qlite3.js:81:16)
  [90m    ... 5 
lines matching cause 
stack trace ...[39m
      at SQLiteSelect
Base.execute (file://
/D:/UIT_COURSES/SE100
/DailyDesk/node_modul
es/[4m.pnpm[24m/dri
zzle-orm@0.44.7_@elec
tri_5c2928a099a752b7e
299aaadb8975aea/node_
modules/[4msrc[24m/
sqlite-core/query-bui
lders/select.ts:962:1
5)
      at SQLiteSelect
Base.then (file:///D:
/UIT_COURSES/SE100/Da
ilyDesk/node_modules/
[4m.pnpm[24m/drizzl
e-orm@0.44.7_@electri
_5c2928a099a752b7e299
aaadb8975aea/node_mod
ules/[4msrc[24m/que
ry-promise.ts:31:15) 
{
    code: [32m'SQLIT
E_ERROR'[39m,
    rawCode: 
[33m1[39m,
    [cause]: 
SqliteError: no such 
column: is_template
        at 
convertError (D:\UIT_
COURSES\SE100\DailyDe
sk\node_modules\[4m.
pnpm[24m\libsql@0.5.
22\node_modules\[4ml
ibsql[24m\index.js:5
9:12)
        at 
Database.prepare (D:\
UIT_COURSES\SE100\Dai
lyDesk\node_modules\
[4m.pnpm[24m\libsql@
0.5.22\node_modules\
[4mlibsql[24m\index.
js:131:13)
        at 
executeStmt (file:///
D:/UIT_COURSES/SE100/
DailyDesk/node_module
s/[4m.pnpm[24m/@lib
sql+client@0.15.15/no
de_modules/[4m@libsq
l[24m/client/lib-esm
/sqlite3.js:268:28)
        at Sqlite3Cli
ent.execute (file:///
D:/UIT_COURSES/SE100/
DailyDesk/node_module
s/[4m.pnpm[24m/@lib
sql+client@0.15.15/no
de_modules/[4m@libsq
l[24m/client/lib-esm
/sqlite3.js:81:16)
        at file:///D:
/UIT_COURSES/SE100/Da
ilyDesk/node_modules/
[4m.pnpm[24m/drizzl
e-orm@0.44.7_@electri
_5c2928a099a752b7e299
aaadb8975aea/node_mod
ules/[4msrc[24m/lib
sql/session.ts:288:58
        at LibSQLPrep
aredQuery.queryWithCa
che (file:///D:/UIT_C
OURSES/SE100/DailyDes
k/node_modules/[4m.p
npm[24m/drizzle-orm@
0.44.7_@electri_5c292
8a099a752b7e299aaadb8
975aea/node_modules/
[4msrc[24m/sqlite-co
re/session.ts:78:18)
        at LibSQLPrep
aredQuery.values (fil
e:///D:/UIT_COURSES/S
E100/DailyDesk/node_m
odules/[4m.pnpm[24m
/drizzle-orm@0.44.7_@
electri_5c2928a099a75
2b7e299aaadb8975aea/n
ode_modules/[4msrc[
24m/libsql/session.ts
:286:21)
        at LibSQLPrep
aredQuery.all (file:/
//D:/UIT_COURSES/SE10
0/DailyDesk/node_modu
les/[4m.pnpm[24m/dr
izzle-orm@0.44.7_@ele
ctri_5c2928a099a752b7
e299aaadb8975aea/node
_modules/[4msrc[24m
/libsql/session.ts:21
4:27)
        at 
SQLiteSelectBase.all 
(file:///D:/UIT_COURS
ES/SE100/DailyDesk/no
de_modules/[4m.pnpm
[24m/drizzle-orm@0.44
.7_@electri_5c2928a09
9a752b7e299aaadb8975a
ea/node_modules/[4ms
rc[24m/sqlite-core/q
uery-builders/select.
ts:950:26)
        at SQLiteSele
ctBase.execute (file:
///D:/UIT_COURSES/SE1
00/DailyDesk/node_mod
ules/[4m.pnpm[24m/d
rizzle-orm@0.44.7_@el
ectri_5c2928a099a752b
7e299aaadb8975aea/nod
e_modules/[4msrc[24
m/sqlite-core/query-b
uilders/select.ts:962
:15) {
      code: [32m'SQL
ITE_ERROR'[39m,
      rawCode: 
[33m1[39m
    }
  }
}
DrizzleQueryError: 
Failed query: select 
"id", "name", 
"description", 
"order", 
"cover_url", 
"cover_public_id", 
"cover_color", 
"cover_mode", 
"list_id", 
"start_date", 
"deadline", 
"due_at", 
"due_complete", 
"reminder_minutes", 
"recurrence", 
"recurrence_day", "re
currence_weekday", 
"repeat_frequency", 
"repeat_interval", 
"latitude", 
"longitude", 
"completed", 
"is_template", 
"created_at", 
"updated_at" from 
"cards" where 
"cards"."list_id" = ?
params: 019bd127-dc21
-7a17-8bc6-3b977d950e
6a
    at LibSQLPrepared
Query.queryWithCache 
(file:///D:/UIT_COURS
ES/SE100/DailyDesk/no
de_modules/[4m.pnpm
[24m/drizzle-orm@0.44
.7_@electri_5c2928a09
9a752b7e299aaadb8975a
ea/node_modules/[4ms
rc[24m/sqlite-core/s
ession.ts:80:11)
[90m    at processTi
cksAndRejections (nod
e:internal/process/ta
sk_queues:105:5)[39m
    at LibSQLPrepared
Query.values (file://
/D:/UIT_COURSES/SE100
/DailyDesk/node_modul
es/[4m.pnpm[24m/dri
zzle-orm@0.44.7_@elec
tri_5c2928a099a752b7e
299aaadb8975aea/node_
modules/[4msrc[24m/
libsql/session.ts:286
:10)
    at LibSQLPrepared
Query.all (file:///D:
/UIT_COURSES/SE100/Da
ilyDesk/node_modules/
[4m.pnpm[24m/drizzl
e-orm@0.44.7_@electri
_5c2928a099a752b7e299
aaadb8975aea/node_mod
ules/[4msrc[24m/lib
sql/session.ts:214:16
)
    at 
Module.createCard [9
0m(D:\UIT_COURSES\SE1
00\DailyDesk\backend\
[39msrc\services\car
ds.service.ts:319:23
[90m)[39m
    at [90mD:\UIT_CO
URSES\SE100\DailyDesk
\backend\[39msrc\rou
tes\cards.ts:152:22
    at dispatch (file
:///D:/UIT_COURSES/SE
100/DailyDesk/node_mo
dules/[4m.pnpm[24m/
hono@4.11.3/node_modu
les/[4mhono[24m/dis
t/compose.js:22:17)
    at file:///D:/UIT
_COURSES/SE100/DailyD
esk/node_modules/[4m
.pnpm[24m/hono@4.11.
3/node_modules/[4mho
no[24m/dist/validato
r/validator.js:81:12
    at mw (file:///D:
/UIT_COURSES/SE100/Da
ilyDesk/node_modules/
[4m.pnpm[24m/@hono+
zod-openapi@1.2.0_hon
o@4.11.3_zod@4.3.5/no
de_modules/[4m@hono
[24m/zod-openapi/src/
index.ts:546:26)
    at dispatch (file
:///D:/UIT_COURSES/SE
100/DailyDesk/node_mo
dules/[4m.pnpm[24m/
hono@4.11.3/node_modu
les/[4mhono[24m/dis
t/compose.js:22:17) {
  query: 
[32m'select "id", 
"name", 
"description", 
"order", 
"cover_url", 
"cover_public_id", 
"cover_color", 
"cover_mode", 
"list_id", 
"start_date", 
"deadline", 
"due_at", 
"due_complete", 
"reminder_minutes", 
"recurrence", 
"recurrence_day", "re
currence_weekday", 
"repeat_frequency", 
"repeat_interval", 
"latitude", 
"longitude", 
"completed", 
"is_template", 
"created_at", 
"updated_at" from 
"cards" where 
"cards"."list_id" = 
?'[39m,
  params: [ [32m'019
bd127-dc21-7a17-8bc6-
3b977d950e6a'[39m ],
  cause: 
LibsqlError: 
SQLITE_ERROR: no 
such column: 
is_template
      at 
mapSqliteError (file:
///D:/UIT_COURSES/SE1
00/DailyDesk/node_mod
ules/[4m.pnpm[24m/@
libsql+client@0.15.15
/node_modules/[4m@li
bsql[24m/client/lib-
esm/sqlite3.js:392:16
)
      at executeStmt 
(file:///D:/UIT_COURS
ES/SE100/DailyDesk/no
de_modules/[4m.pnpm
[24m/@libsql+client@0
.15.15/node_modules/
[4m@libsql[24m/clien
t/lib-esm/sqlite3.js:
297:15)
      at Sqlite3Clien
t.execute (file:///D:
/UIT_COURSES/SE100/Da
ilyDesk/node_modules/
[4m.pnpm[24m/@libsq
l+client@0.15.15/node
_modules/[4m@libsql
[24m/client/lib-esm/s
qlite3.js:81:16)
  [90m    ... 5 
lines matching cause 
stack trace ...[39m
      at SQLiteSelect
Base.execute (file://
/D:/UIT_COURSES/SE100
/DailyDesk/node_modul
es/[4m.pnpm[24m/dri
zzle-orm@0.44.7_@elec
tri_5c2928a099a752b7e
299aaadb8975aea/node_
modules/[4msrc[24m/
sqlite-core/query-bui
lders/select.ts:962:1
5)
      at SQLiteSelect
Base.then (file:///D:
/UIT_COURSES/SE100/Da
ilyDesk/node_modules/
[4m.pnpm[24m/drizzl
e-orm@0.44.7_@electri
_5c2928a099a752b7e299
aaadb8975aea/node_mod
ules/[4msrc[24m/que
ry-promise.ts:31:15) 
{
    code: [32m'SQLIT
E_ERROR'[39m,
    rawCode: 
[33m1[39m,
    [cause]: 
SqliteError: no such 
column: is_template
        at 
convertError (D:\UIT_
COURSES\SE100\DailyDe
sk\node_modules\[4m.
pnpm[24m\libsql@0.5.
22\node_modules\[4ml
ibsql[24m\index.js:5
9:12)
        at 
Database.prepare (D:\
UIT_COURSES\SE100\Dai
lyDesk\node_modules\
[4m.pnpm[24m\libsql@
0.5.22\node_modules\
[4mlibsql[24m\index.
js:131:13)
        at 
executeStmt (file:///
D:/UIT_COURSES/SE100/
DailyDesk/node_module
s/[4m.pnpm[24m/@lib
sql+client@0.15.15/no
de_modules/[4m@libsq
l[24m/client/lib-esm
/sqlite3.js:268:28)
        at Sqlite3Cli
ent.execute (file:///
D:/UIT_COURSES/SE100/
DailyDesk/node_module
s/[4m.pnpm[24m/@lib
sql+client@0.15.15/no
de_modules/[4m@libsq
l[24m/client/lib-esm
/sqlite3.js:81:16)
        at file:///D:
/UIT_COURSES/SE100/Da
ilyDesk/node_modules/
[4m.pnpm[24m/drizzl
e-orm@0.44.7_@electri
_5c2928a099a752b7e299
aaadb8975aea/node_mod
ules/[4msrc[24m/lib
sql/session.ts:288:58
        at LibSQLPrep
aredQuery.queryWithCa
che (file:///D:/UIT_C
OURSES/SE100/DailyDes
k/node_modules/[4m.p
npm[24m/drizzle-orm@
0.44.7_@electri_5c292
8a099a752b7e299aaadb8
975aea/node_modules/
[4msrc[24m/sqlite-co
re/session.ts:78:18)
        at LibSQLPrep
aredQuery.values (fil
e:///D:/UIT_COURSES/S
E100/DailyDesk/node_m
odules/[4m.pnpm[24m
/drizzle-orm@0.44.7_@
electri_5c2928a099a75
2b7e299aaadb8975aea/n
ode_modules/[4msrc[
24m/libsql/session.ts
:286:21)
        at LibSQLPrep
aredQuery.all (file:/
//D:/UIT_COURSES/SE10
0/DailyDesk/node_modu
les/[4m.pnpm[24m/dr
izzle-orm@0.44.7_@ele
ctri_5c2928a099a752b7
e299aaadb8975aea/node
_modules/[4msrc[24m
/libsql/session.ts:21
4:27)
        at 
SQLiteSelectBase.all 
(file:///D:/UIT_COURS
ES/SE100/DailyDesk/no
de_modules/[4m.pnpm
[24m/drizzle-orm@0.44
.7_@electri_5c2928a09
9a752b7e299aaadb8975a
ea/node_modules/[4ms
rc[24m/sqlite-core/q
uery-builders/select.
ts:950:26)
        at SQLiteSele
ctBase.execute (file:
///D:/UIT_COURSES/SE1
00/DailyDesk/node_mod
ules/[4m.pnpm[24m/d
rizzle-orm@0.44.7_@el
ectri_5c2928a099a752b
7e299aaadb8975aea/nod
e_modules/[4msrc[24
m/sqlite-core/query-b
uilders/select.ts:962
:15) {
      code: [32m'SQL
ITE_ERROR'[39m,
      rawCode: 
[33m1[39m
    }
  }
}
DrizzleQueryError: 
Failed query: select 
"id", "name", 
"description", 
"order", 
"cover_url", 
"cover_public_id", 
"cover_color", 
"cover_mode", 
"list_id", 
"start_date", 
"deadline", 
"due_at", 
"due_complete", 
"reminder_minutes", 
"recurrence", 
"recurrence_day", "re
currence_weekday", 
"repeat_frequency", 
"repeat_interval", 
"latitude", 
"longitude", 
"completed", 
"is_template", 
"created_at", 
"updated_at" from 
"cards" where 
"cards"."list_id" = ?
params: 019bd127-dc21
-7a17-8bc6-3b977d950e
6a
    at LibSQLPrepared
Query.queryWithCache 
(file:///D:/UIT_COURS
ES/SE100/DailyDesk/no
de_modules/[4m.pnpm
[24m/drizzle-orm@0.44
.7_@electri_5c2928a09
9a752b7e299aaadb8975a
ea/node_modules/[4ms
rc[24m/sqlite-core/s
ession.ts:80:11)
[90m    at processTi
cksAndRejections (nod
e:internal/process/ta
sk_queues:105:5)[39m
    at LibSQLPrepared
Query.values (file://
/D:/UIT_COURSES/SE100
/DailyDesk/node_modul
es/[4m.pnpm[24m/dri
zzle-orm@0.44.7_@elec
tri_5c2928a099a752b7e
299aaadb8975aea/node_
modules/[4msrc[24m/
libsql/session.ts:286
:10)
    at LibSQLPrepared
Query.all (file:///D:
/UIT_COURSES/SE100/Da
ilyDesk/node_modules/
[4m.pnpm[24m/drizzl
e-orm@0.44.7_@electri
_5c2928a099a752b7e299
aaadb8975aea/node_mod
ules/[4msrc[24m/lib
sql/session.ts:214:16
)
    at 
Module.createCard [9
0m(D:\UIT_COURSES\SE1
00\DailyDesk\backend\
[39msrc\services\car
ds.service.ts:319:23
[90m)[39m
    at [90mD:\UIT_CO
URSES\SE100\DailyDesk
\backend\[39msrc\rou
tes\cards.ts:152:22
    at dispatch (file
:///D:/UIT_COURSES/SE
100/DailyDesk/node_mo
dules/[4m.pnpm[24m/
hono@4.11.3/node_modu
les/[4mhono[24m/dis
t/compose.js:22:17)
    at file:///D:/UIT
_COURSES/SE100/DailyD
esk/node_modules/[4m
.pnpm[24m/hono@4.11.
3/node_modules/[4mho
no[24m/dist/validato
r/validator.js:81:12
    at mw (file:///D:
/UIT_COURSES/SE100/Da
ilyDesk/node_modules/
[4m.pnpm[24m/@hono+
zod-openapi@1.2.0_hon
o@4.11.3_zod@4.3.5/no
de_modules/[4m@hono
[24m/zod-openapi/src/
index.ts:546:26)
    at dispatch (file
:///D:/UIT_COURSES/SE
100/DailyDesk/node_mo
dules/[4m.pnpm[24m/
hono@4.11.3/node_modu
les/[4mhono[24m/dis
t/compose.js:22:17) {
  query: 
[32m'select "id", 
"name", 
"description", 
"order", 
"cover_url", 
"cover_public_id", 
"cover_color", 
"cover_mode", 
"list_id", 
"start_date", 
"deadline", 
"due_at", 
"due_complete", 
"reminder_minutes", 
"recurrence", 
"recurrence_day", "re
currence_weekday", 
"repeat_frequency", 
"repeat_interval", 
"latitude", 
"longitude", 
"completed", 
"is_template", 
"created_at", 
"updated_at" from 
"cards" where 
"cards"."list_id" = 
?'[39m,
  params: [ [32m'019
bd127-dc21-7a17-8bc6-
3b977d950e6a'[39m ],
  cause: 
LibsqlError: 
SQLITE_ERROR: no 
such column: 
is_template
      at 
mapSqliteError (file:
///D:/UIT_COURSES/SE1
00/DailyDesk/node_mod
ules/[4m.pnpm[24m/@
libsql+client@0.15.15
/node_modules/[4m@li
bsql[24m/client/lib-
esm/sqlite3.js:392:16
)
      at executeStmt 
(file:///D:/UIT_COURS
ES/SE100/DailyDesk/no
de_modules/[4m.pnpm
[24m/@libsql+client@0
.15.15/node_modules/
[4m@libsql[24m/clien
t/lib-esm/sqlite3.js:
297:15)
      at Sqlite3Clien
t.execute (file:///D:
/UIT_COURSES/SE100/Da
ilyDesk/node_modules/
[4m.pnpm[24m/@libsq
l+client@0.15.15/node
_modules/[4m@libsql
[24m/client/lib-esm/s
qlite3.js:81:16)
  [90m    ... 5 
lines matching cause 
stack trace ...[39m
      at SQLiteSelect
Base.execute (file://
/D:/UIT_COURSES/SE100
/DailyDesk/node_modul
es/[4m.pnpm[24m/dri
zzle-orm@0.44.7_@elec
tri_5c2928a099a752b7e
299aaadb8975aea/node_
modules/[4msrc[24m/
sqlite-core/query-bui
lders/select.ts:962:1
5)
      at SQLiteSelect
Base.then (file:///D:
/UIT_COURSES/SE100/Da
ilyDesk/node_modules/
[4m.pnpm[24m/drizzl
e-orm@0.44.7_@electri
_5c2928a099a752b7e299
aaadb8975aea/node_mod
ules/[4msrc[24m/que
ry-promise.ts:31:15) 
{
    code: [32m'SQLIT
E_ERROR'[39m,
    rawCode: 
[33m1[39m,
    [cause]: 
SqliteError: no such 
column: is_template
        at 
convertError (D:\UIT_
COURSES\SE100\DailyDe
sk\node_modules\[4m.
pnpm[24m\libsql@0.5.
22\node_modules\[4ml
ibsql[24m\index.js:5
9:12)
        at 
Database.prepare (D:\
UIT_COURSES\SE100\Dai
lyDesk\node_modules\
[4m.pnpm[24m\libsql@
0.5.22\node_modules\
[4mlibsql[24m\index.
js:131:13)
        at 
executeStmt (file:///
D:/UIT_COURSES/SE100/
DailyDesk/node_module
s/[4m.pnpm[24m/@lib
sql+client@0.15.15/no
de_modules/[4m@libsq
l[24m/client/lib-esm
/sqlite3.js:268:28)
        at Sqlite3Cli
ent.execute (file:///
D:/UIT_COURSES/SE100/
DailyDesk/node_module
s/[4m.pnpm[24m/@lib
sql+client@0.15.15/no
de_modules/[4m@libsq
l[24m/client/lib-esm
/sqlite3.js:81:16)
        at file:///D:
/UIT_COURSES/SE100/Da
ilyDesk/node_modules/
[4m.pnpm[24m/drizzl
e-orm@0.44.7_@electri
_5c2928a099a752b7e299
aaadb8975aea/node_mod
ules/[4msrc[24m/lib
sql/session.ts:288:58
        at LibSQLPrep
aredQuery.queryWithCa
che (file:///D:/UIT_C
OURSES/SE100/DailyDes
k/node_modules/[4m.p
npm[24m/drizzle-orm@
0.44.7_@electri_5c292
8a099a752b7e299aaadb8
975aea/node_modules/
[4msrc[24m/sqlite-co
re/session.ts:78:18)
        at LibSQLPrep
aredQuery.values (fil
e:///D:/UIT_COURSES/S
E100/DailyDesk/node_m
odules/[4m.pnpm[24m
/drizzle-orm@0.44.7_@
electri_5c2928a099a75
2b7e299aaadb8975aea/n
ode_modules/[4msrc[
24m/libsql/session.ts
:286:21)
        at LibSQLPrep
aredQuery.all (file:/
//D:/UIT_COURSES/SE10
0/DailyDesk/node_modu
les/[4m.pnpm[24m/dr
izzle-orm@0.44.7_@ele
ctri_5c2928a099a752b7
e299aaadb8975aea/node
_modules/[4msrc[24m
/libsql/session.ts:21
4:27)
        at 
SQLiteSelectBase.all 
(file:///D:/UIT_COURS
ES/SE100/DailyDesk/no
de_modules/[4m.pnpm
[24m/drizzle-orm@0.44
.7_@electri_5c2928a09
9a752b7e299aaadb8975a
ea/node_modules/[4ms
rc[24m/sqlite-core/q
uery-builders/select.
ts:950:26)
        at SQLiteSele
ctBase.execute (file:
///D:/UIT_COURSES/SE1
00/DailyDesk/node_mod
ules/[4m.pnpm[24m/d
rizzle-orm@0.44.7_@el
ectri_5c2928a099a752b
7e299aaadb8975aea/nod
e_modules/[4msrc[24
m/sqlite-core/query-b
uilders/select.ts:962
:15) {
      code: [32m'SQL
ITE_ERROR'[39m,
      rawCode: 
[33m1[39m
    }
  }
}
DrizzleQueryError: 
Failed query: select 
"id", "name", 
"description", 
"order", 
"cover_url", 
"cover_public_id", 
"cover_color", 
"cover_mode", 
"list_id", 
"start_date", 
"deadline", 
"due_at", 
"due_complete", 
"reminder_minutes", 
"recurrence", 
"recurrence_day", "re
currence_weekday", 
"repeat_frequency", 
"repeat_interval", 
"latitude", 
"longitude", 
"completed", 
"is_template", 
"created_at", 
"updated_at" from 
"cards" where 
"cards"."list_id" = ?
params: 019bd127-dc21
-7a17-8bc6-3b977d950e
6a
    at LibSQLPrepared
Query.queryWithCache 
(file:///D:/UIT_COURS
ES/SE100/DailyDesk/no
de_modules/[4m.pnpm
[24m/drizzle-orm@0.44
.7_@electri_5c2928a09
9a752b7e299aaadb8975a
ea/node_modules/[4ms
rc[24m/sqlite-core/s
ession.ts:80:11)
[90m    at processTi
cksAndRejections (nod
e:internal/process/ta
sk_queues:105:5)[39m
    at LibSQLPrepared
Query.values (file://
/D:/UIT_COURSES/SE100
/DailyDesk/node_modul
es/[4m.pnpm[24m/dri
zzle-orm@0.44.7_@elec
tri_5c2928a099a752b7e
299aaadb8975aea/node_
modules/[4msrc[24m/
libsql/session.ts:286
:10)
    at LibSQLPrepared
Query.all (file:///D:
/UIT_COURSES/SE100/Da
ilyDesk/node_modules/
[4m.pnpm[24m/drizzl
e-orm@0.44.7_@electri
_5c2928a099a752b7e299
aaadb8975aea/node_mod
ules/[4msrc[24m/lib
sql/session.ts:214:16
)
    at 
Module.createCard [9
0m(D:\UIT_COURSES\SE1
00\DailyDesk\backend\
[39msrc\services\car
ds.service.ts:319:23
[90m)[39m
    at [90mD:\UIT_CO
URSES\SE100\DailyDesk
\backend\[39msrc\rou
tes\cards.ts:152:22
    at dispatch (file
:///D:/UIT_COURSES/SE
100/DailyDesk/node_mo
dules/[4m.pnpm[24m/
hono@4.11.3/node_modu
les/[4mhono[24m/dis
t/compose.js:22:17)
    at file:///D:/UIT
_COURSES/SE100/DailyD
esk/node_modules/[4m
.pnpm[24m/hono@4.11.
3/node_modules/[4mho
no[24m/dist/validato
r/validator.js:81:12
    at mw (file:///D:
/UIT_COURSES/SE100/Da
ilyDesk/node_modules/
[4m.pnpm[24m/@hono+
zod-openapi@1.2.0_hon
o@4.11.3_zod@4.3.5/no
de_modules/[4m@hono
[24m/zod-openapi/src/
index.ts:546:26)
    at dispatch (file
:///D:/UIT_COURSES/SE
100/DailyDesk/node_mo
dules/[4m.pnpm[24m/
hono@4.11.3/node_modu
les/[4mhono[24m/dis
t/compose.js:22:17) {
  query: 
[32m'select "id", 
"name", 
"description", 
"order", 
"cover_url", 
"cover_public_id", 
"cover_color", 
"cover_mode", 
"list_id", 
"start_date", 
"deadline", 
"due_at", 
"due_complete", 
"reminder_minutes", 
"recurrence", 
"recurrence_day", "re
currence_weekday", 
"repeat_frequency", 
"repeat_interval", 
"latitude", 
"longitude", 
"completed", 
"is_template", 
"created_at", 
"updated_at" from 
"cards" where 
"cards"."list_id" = 
?'[39m,
  params: [ [32m'019
bd127-dc21-7a17-8bc6-
3b977d950e6a'[39m ],
  cause: 
LibsqlError: 
SQLITE_ERROR: no 
such column: 
is_template
      at 
mapSqliteError (file:
///D:/UIT_COURSES/SE1
00/DailyDesk/node_mod
ules/[4m.pnpm[24m/@
libsql+client@0.15.15
/node_modules/[4m@li
bsql[24m/client/lib-
esm/sqlite3.js:392:16
)
      at executeStmt 
(file:///D:/UIT_COURS
ES/SE100/DailyDesk/no
de_modules/[4m.pnpm
[24m/@libsql+client@0
.15.15/node_modules/
[4m@libsql[24m/clien
t/lib-esm/sqlite3.js:
297:15)
      at Sqlite3Clien
t.execute (file:///D:
/UIT_COURSES/SE100/Da
ilyDesk/node_modules/
[4m.pnpm[24m/@libsq
l+client@0.15.15/node
_modules/[4m@libsql
[24m/client/lib-esm/s
qlite3.js:81:16)
  [90m    ... 5 
lines matching cause 
stack trace ...[39m
      at SQLiteSelect
Base.execute (file://
/D:/UIT_COURSES/SE100
/DailyDesk/node_modul
es/[4m.pnpm[24m/dri
zzle-orm@0.44.7_@elec
tri_5c2928a099a752b7e
299aaadb8975aea/node_
modules/[4msrc[24m/
sqlite-core/query-bui
lders/select.ts:962:1
5)
      at SQLiteSelect
Base.then (file:///D:
/UIT_COURSES/SE100/Da
ilyDesk/node_modules/
[4m.pnpm[24m/drizzl
e-orm@0.44.7_@electri
_5c2928a099a752b7e299
aaadb8975aea/node_mod
ules/[4msrc[24m/que
ry-promise.ts:31:15) 
{
    code: [32m'SQLIT
E_ERROR'[39m,
    rawCode: 
[33m1[39m,
    [cause]: 
SqliteError: no such 
column: is_template
        at 
convertError (D:\UIT_
COURSES\SE100\DailyDe
sk\node_modules\[4m.
pnpm[24m\libsql@0.5.
22\node_modules\[4ml
ibsql[24m\index.js:5
9:12)
        at 
Database.prepare (D:\
UIT_COURSES\SE100\Dai
lyDesk\node_modules\
[4m.pnpm[24m\libsql@
0.5.22\node_modules\
[4mlibsql[24m\index.
js:131:13)
        at 
executeStmt (file:///
D:/UIT_COURSES/SE100/
DailyDesk/node_module
s/[4m.pnpm[24m/@lib
sql+client@0.15.15/no
de_modules/[4m@libsq
l[24m/client/lib-esm
/sqlite3.js:268:28)
        at Sqlite3Cli
ent.execute (file:///
D:/UIT_COURSES/SE100/
DailyDesk/node_module
s/[4m.pnpm[24m/@lib
sql+client@0.15.15/no
de_modules/[4m@libsq
l[24m/client/lib-esm
/sqlite3.js:81:16)
        at file:///D:
/UIT_COURSES/SE100/Da
ilyDesk/node_modules/
[4m.pnpm[24m/drizzl
e-orm@0.44.7_@electri
_5c2928a099a752b7e299
aaadb8975aea/node_mod
ules/[4msrc[24m/lib
sql/session.ts:288:58
        at LibSQLPrep
aredQuery.queryWithCa
che (file:///D:/UIT_C
OURSES/SE100/DailyDes
k/node_modules/[4m.p
npm[24m/drizzle-orm@
0.44.7_@electri_5c292
8a099a752b7e299aaadb8
975aea/node_modules/
[4msrc[24m/sqlite-co
re/session.ts:78:18)
        at LibSQLPrep
aredQuery.values (fil
e:///D:/UIT_COURSES/S
E100/DailyDesk/node_m
odules/[4m.pnpm[24m
/drizzle-orm@0.44.7_@
electri_5c2928a099a75
2b7e299aaadb8975aea/n
ode_modules/[4msrc[
24m/libsql/session.ts
:286:21)
        at LibSQLPrep
aredQuery.all (file:/
//D:/UIT_COURSES/SE10
0/DailyDesk/node_modu
les/[4m.pnpm[24m/dr
izzle-orm@0.44.7_@ele
ctri_5c2928a099a752b7
e299aaadb8975aea/node
_modules/[4msrc[24m
/libsql/session.ts:21
4:27)
        at 
SQLiteSelectBase.all 
(file:///D:/UIT_COURS
ES/SE100/DailyDesk/no
de_modules/[4m.pnpm
[24m/drizzle-orm@0.44
.7_@electri_5c2928a09
9a752b7e299aaadb8975a
ea/node_modules/[4ms
rc[24m/sqlite-core/q
uery-builders/select.
ts:950:26)
        at SQLiteSele
ctBase.execute (file:
///D:/UIT_COURSES/SE1
00/DailyDesk/node_mod
ules/[4m.pnpm[24m/d
rizzle-orm@0.44.7_@el
ectri_5c2928a099a752b
7e299aaadb8975aea/nod
e_modules/[4msrc[24
m/sqlite-core/query-b
uilders/select.ts:962
:15) {
      code: [32m'SQL
ITE_ERROR'[39m,
      rawCode: 
[33m1[39m
    }
  }
}
DrizzleQueryError: 
Failed query: select 
"id", "name", 
"description", 
"order", 
"cover_url", 
"cover_public_id", 
"cover_color", 
"cover_mode", 
"list_id", 
"start_date", 
"deadline", 
"due_at", 
"due_complete", 
"reminder_minutes", 
"recurrence", 
"recurrence_day", "re
currence_weekday", 
"repeat_frequency", 
"repeat_interval", 
"latitude", 
"longitude", 
"completed", 
"is_template", 
"created_at", 
"updated_at" from 
"cards" where 
"cards"."list_id" = ?
params: 019bd127-dc21
-7a17-8bc6-3b977d950e
6a
    at LibSQLPrepared
Query.queryWithCache 
(file:///D:/UIT_COURS
ES/SE100/DailyDesk/no
de_modules/[4m.pnpm
[24m/drizzle-orm@0.44
.7_@electri_5c2928a09
9a752b7e299aaadb8975a
ea/node_modules/[4ms
rc[24m/sqlite-core/s
ession.ts:80:11)
[90m    at processTi
cksAndRejections (nod
e:internal/process/ta
sk_queues:105:5)[39m
    at LibSQLPrepared
Query.values (file://
/D:/UIT_COURSES/SE100
/DailyDesk/node_modul
es/[4m.pnpm[24m/dri
zzle-orm@0.44.7_@elec
tri_5c2928a099a752b7e
299aaadb8975aea/node_
modules/[4msrc[24m/
libsql/session.ts:286
:10)
    at LibSQLPrepared
Query.all (file:///D:
/UIT_COURSES/SE100/Da
ilyDesk/node_modules/
[4m.pnpm[24m/drizzl
e-orm@0.44.7_@electri
_5c2928a099a752b7e299
aaadb8975aea/node_mod
ules/[4msrc[24m/lib
sql/session.ts:214:16
)
    at 
Module.createCard [9
0m(D:\UIT_COURSES\SE1
00\DailyDesk\backend\
[39msrc\services\car
ds.service.ts:319:23
[90m)[39m
    at [90mD:\UIT_CO
URSES\SE100\DailyDesk
\backend\[39msrc\rou
tes\cards.ts:152:22
    at dispatch (file
:///D:/UIT_COURSES/SE
100/DailyDesk/node_mo
dules/[4m.pnpm[24m/
hono@4.11.3/node_modu
les/[4mhono[24m/dis
t/compose.js:22:17)
    at file:///D:/UIT
_COURSES/SE100/DailyD
esk/node_modules/[4m
.pnpm[24m/hono@4.11.
3/node_modules/[4mho
no[24m/dist/validato
r/validator.js:81:12
    at mw (file:///D:
/UIT_COURSES/SE100/Da
ilyDesk/node_modules/
[4m.pnpm[24m/@hono+
zod-openapi@1.2.0_hon
o@4.11.3_zod@4.3.5/no
de_modules/[4m@hono
[24m/zod-openapi/src/
index.ts:546:26)
    at dispatch (file
:///D:/UIT_COURSES/SE
100/DailyDesk/node_mo
dules/[4m.pnpm[24m/
hono@4.11.3/node_modu
les/[4mhono[24m/dis
t/compose.js:22:17) {
  query: 
[32m'select "id", 
"name", 
"description", 
"order", 
"cover_url", 
"cover_public_id", 
"cover_color", 
"cover_mode", 
"list_id", 
"start_date", 
"deadline", 
"due_at", 
"due_complete", 
"reminder_minutes", 
"recurrence", 
"recurrence_day", "re
currence_weekday", 
"repeat_frequency", 
"repeat_interval", 
"latitude", 
"longitude", 
"completed", 
"is_template", 
"created_at", 
"updated_at" from 
"cards" where 
"cards"."list_id" = 
?'[39m,
  params: [ [32m'019
bd127-dc21-7a17-8bc6-
3b977d950e6a'[39m ],
  cause: 
LibsqlError: 
SQLITE_ERROR: no 
such column: 
is_template
      at 
mapSqliteError (file:
///D:/UIT_COURSES/SE1
00/DailyDesk/node_mod
ules/[4m.pnpm[24m/@
libsql+client@0.15.15
/node_modules/[4m@li
bsql[24m/client/lib-
esm/sqlite3.js:392:16
)
      at executeStmt 
(file:///D:/UIT_COURS
ES/SE100/DailyDesk/no
de_modules/[4m.pnpm
[24m/@libsql+client@0
.15.15/node_modules/
[4m@libsql[24m/clien
t/lib-esm/sqlite3.js:
297:15)
      at Sqlite3Clien
t.execute (file:///D:
/UIT_COURSES/SE100/Da
ilyDesk/node_modules/
[4m.pnpm[24m/@libsq
l+client@0.15.15/node
_modules/[4m@libsql
[24m/client/lib-esm/s
qlite3.js:81:16)
  [90m    ... 5 
lines matching cause 
stack trace ...[39m
      at SQLiteSelect
Base.execute (file://
/D:/UIT_COURSES/SE100
/DailyDesk/node_modul
es/[4m.pnpm[24m/dri
zzle-orm@0.44.7_@elec
tri_5c2928a099a752b7e
299aaadb8975aea/node_
modules/[4msrc[24m/
sqlite-core/query-bui
lders/select.ts:962:1
5)
      at SQLiteSelect
Base.then (file:///D:
/UIT_COURSES/SE100/Da
ilyDesk/node_modules/
[4m.pnpm[24m/drizzl
e-orm@0.44.7_@electri
_5c2928a099a752b7e299
aaadb8975aea/node_mod
ules/[4msrc[24m/que
ry-promise.ts:31:15) 
{
    code: [32m'SQLIT
E_ERROR'[39m,
    rawCode: 
[33m1[39m,
    [cause]: 
SqliteError: no such 
column: is_template
        at 
convertError (D:\UIT_
COURSES\SE100\DailyDe
sk\node_modules\[4m.
pnpm[24m\libsql@0.5.
22\node_modules\[4ml
ibsql[24m\index.js:5
9:12)
        at 
Database.prepare (D:\
UIT_COURSES\SE100\Dai
lyDesk\node_modules\
[4m.pnpm[24m\libsql@
0.5.22\node_modules\
[4mlibsql[24m\index.
js:131:13)
        at 
executeStmt (file:///
D:/UIT_COURSES/SE100/
DailyDesk/node_module
s/[4m.pnpm[24m/@lib
sql+client@0.15.15/no
de_modules/[4m@libsq
l[24m/client/lib-esm
/sqlite3.js:268:28)
        at Sqlite3Cli
ent.execute (file:///
D:/UIT_COURSES/SE100/
DailyDesk/node_module
s/[4m.pnpm[24m/@lib
sql+client@0.15.15/no
de_modules/[4m@libsq
l[24m/client/lib-esm
/sqlite3.js:81:16)
        at file:///D:
/UIT_COURSES/SE100/Da
ilyDesk/node_modules/
[4m.pnpm[24m/drizzl
e-orm@0.44.7_@electri
_5c2928a099a752b7e299
aaadb8975aea/node_mod
ules/[4msrc[24m/lib
sql/session.ts:288:58
        at LibSQLPrep
aredQuery.queryWithCa
che (file:///D:/UIT_C
OURSES/SE100/DailyDes
k/node_modules/[4m.p
npm[24m/drizzle-orm@
0.44.7_@electri_5c292
8a099a752b7e299aaadb8
975aea/node_modules/
[4msrc[24m/sqlite-co
re/session.ts:78:18)
        at LibSQLPrep
aredQuery.values (fil
e:///D:/UIT_COURSES/S
E100/DailyDesk/node_m
odules/[4m.pnpm[24m
/drizzle-orm@0.44.7_@
electri_5c2928a099a75
2b7e299aaadb8975aea/n
ode_modules/[4msrc[
24m/libsql/session.ts
:286:21)
        at LibSQLPrep
aredQuery.all (file:/
//D:/UIT_COURSES/SE10
0/DailyDesk/node_modu
les/[4m.pnpm[24m/dr
izzle-orm@0.44.7_@ele
ctri_5c2928a099a752b7
e299aaadb8975aea/node
_modules/[4msrc[24m
/libsql/session.ts:21
4:27)
        at 
SQLiteSelectBase.all 
(file:///D:/UIT_COURS
ES/SE100/DailyDesk/no
de_modules/[4m.pnpm
[24m/drizzle-orm@0.44
.7_@electri_5c2928a09
9a752b7e299aaadb8975a
ea/node_modules/[4ms
rc[24m/sqlite-core/q
uery-builders/select.
ts:950:26)
        at SQLiteSele
ctBase.execute (file:
///D:/UIT_COURSES/SE1
00/DailyDesk/node_mod
ules/[4m.pnpm[24m/d
rizzle-orm@0.44.7_@el
ectri_5c2928a099a752b
7e299aaadb8975aea/nod
e_modules/[4msrc[24
m/sqlite-core/query-b
uilders/select.ts:962
:15) {
      code: [32m'SQL
ITE_ERROR'[39m,
      rawCode: 
[33m1[39m
    }
  }
}
DrizzleQueryError: 
Failed query: select 
"id", "name", 
"description", 
"order", 
"cover_url", 
"cover_public_id", 
"cover_color", 
"cover_mode", 
"list_id", 
"start_date", 
"deadline", 
"due_at", 
"due_complete", 
"reminder_minutes", 
"recurrence", 
"recurrence_day", "re
currence_weekday", 
"repeat_frequency", 
"repeat_interval", 
"latitude", 
"longitude", 
"completed", 
"is_template", 
"created_at", 
"updated_at" from 
"cards" where 
"cards"."id" = ? 
limit ?
params: 019bd127-dc24
-7a1e-be43-fa81cb5bf0
c7,1
    at LibSQLPrepared
Query.queryWithCache 
(file:///D:/UIT_COURS
ES/SE100/DailyDesk/no
de_modules/[4m.pnpm
[24m/drizzle-orm@0.44
.7_@electri_5c2928a09
9a752b7e299aaadb8975a
ea/node_modules/[4ms
rc[24m/sqlite-core/s
ession.ts:80:11)
[90m    at processTi
cksAndRejections (nod
e:internal/process/ta
sk_queues:105:5)[39m
    at LibSQLPrepared
Query.values (file://
/D:/UIT_COURSES/SE100
/DailyDesk/node_modul
es/[4m.pnpm[24m/dri
zzle-orm@0.44.7_@elec
tri_5c2928a099a752b7e
299aaadb8975aea/node_
modules/[4msrc[24m/
libsql/session.ts:286
:10)
    at LibSQLPrepared
Query.all (file:///D:
/UIT_COURSES/SE100/Da
ilyDesk/node_modules/
[4m.pnpm[24m/drizzl
e-orm@0.44.7_@electri
_5c2928a099a752b7e299
aaadb8975aea/node_mod
ules/[4msrc[24m/lib
sql/session.ts:214:16
)
    at 
Module.deleteCard [9
0m(D:\UIT_COURSES\SE1
00\DailyDesk\backend\
[39msrc\services\car
ds.service.ts:938:24
[90m)[39m
    at [90mD:\UIT_CO
URSES\SE100\DailyDesk
\backend\[39msrc\rou
tes\cards.ts:300:24
    at dispatch (file
:///D:/UIT_COURSES/SE
100/DailyDesk/node_mo
dules/[4m.pnpm[24m/
hono@4.11.3/node_modu
les/[4mhono[24m/dis
t/compose.js:22:17)
    at file:///D:/UIT
_COURSES/SE100/DailyD
esk/node_modules/[4m
.pnpm[24m/hono@4.11.
3/node_modules/[4mho
no[24m/dist/validato
r/validator.js:81:12
    at dispatch (file
:///D:/UIT_COURSES/SE
100/DailyDesk/node_mo
dules/[4m.pnpm[24m/
hono@4.11.3/node_modu
les/[4mhono[24m/dis
t/compose.js:22:17)
    at [90mD:\UIT_CO
URSES\SE100\DailyDesk
\backend\[39mtests\h
elpers\auth.ts:27:5 {
  query: 
[32m'select "id", 
"name", 
"description", 
"order", 
"cover_url", 
"cover_public_id", 
"cover_color", 
"cover_mode", 
"list_id", 
"start_date", 
"deadline", 
"due_at", 
"due_complete", 
"reminder_minutes", 
"recurrence", 
"recurrence_day", "re
currence_weekday", 
"repeat_frequency", 
"repeat_interval", 
"latitude", 
"longitude", 
"completed", 
"is_template", 
"created_at", 
"updated_at" from 
"cards" where 
"cards"."id" = ? 
limit ?'[39m,
  params: [ [32m'019
bd127-dc24-7a1e-be43-
fa81cb5bf0c7'[39m, 
[33m1[39m ],
  cause: 
LibsqlError: 
SQLITE_ERROR: no 
such column: 
is_template
      at 
mapSqliteError (file:
///D:/UIT_COURSES/SE1
00/DailyDesk/node_mod
ules/[4m.pnpm[24m/@
libsql+client@0.15.15
/node_modules/[4m@li
bsql[24m/client/lib-
esm/sqlite3.js:392:16
)
      at executeStmt 
(file:///D:/UIT_COURS
ES/SE100/DailyDesk/no
de_modules/[4m.pnpm
[24m/@libsql+client@0
.15.15/node_modules/
[4m@libsql[24m/clien
t/lib-esm/sqlite3.js:
297:15)
      at Sqlite3Clien
t.execute (file:///D:
/UIT_COURSES/SE100/Da
ilyDesk/node_modules/
[4m.pnpm[24m/@libsq
l+client@0.15.15/node
_modules/[4m@libsql
[24m/client/lib-esm/s
qlite3.js:81:16)
  [90m    ... 5 
lines matching cause 
stack trace ...[39m
      at SQLiteSelect
Base.execute (file://
/D:/UIT_COURSES/SE100
/DailyDesk/node_modul
es/[4m.pnpm[24m/dri
zzle-orm@0.44.7_@elec
tri_5c2928a099a752b7e
299aaadb8975aea/node_
modules/[4msrc[24m/
sqlite-core/query-bui
lders/select.ts:962:1
5)
      at SQLiteSelect
Base.then (file:///D:
/UIT_COURSES/SE100/Da
ilyDesk/node_modules/
[4m.pnpm[24m/drizzl
e-orm@0.44.7_@electri
_5c2928a099a752b7e299
aaadb8975aea/node_mod
ules/[4msrc[24m/que
ry-promise.ts:31:15) 
{
    code: [32m'SQLIT
E_ERROR'[39m,
    rawCode: 
[33m1[39m,
    [cause]: 
SqliteError: no such 
column: is_template
        at 
convertError (D:\UIT_
COURSES\SE100\DailyDe
sk\node_modules\[4m.
pnpm[24m\libsql@0.5.
22\node_modules\[4ml
ibsql[24m\index.js:5
9:12)
        at 
Database.prepare (D:\
UIT_COURSES\SE100\Dai
lyDesk\node_modules\
[4m.pnpm[24m\libsql@
0.5.22\node_modules\
[4mlibsql[24m\index.
js:131:13)
        at 
executeStmt (file:///
D:/UIT_COURSES/SE100/
DailyDesk/node_module
s/[4m.pnpm[24m/@lib
sql+client@0.15.15/no
de_modules/[4m@libsq
l[24m/client/lib-esm
/sqlite3.js:268:28)
        at Sqlite3Cli
ent.execute (file:///
D:/UIT_COURSES/SE100/
DailyDesk/node_module
s/[4m.pnpm[24m/@lib
sql+client@0.15.15/no
de_modules/[4m@libsq
l[24m/client/lib-esm
/sqlite3.js:81:16)
        at file:///D:
/UIT_COURSES/SE100/Da
ilyDesk/node_modules/
[4m.pnpm[24m/drizzl
e-orm@0.44.7_@electri
_5c2928a099a752b7e299
aaadb8975aea/node_mod
ules/[4msrc[24m/lib
sql/session.ts:288:58
        at LibSQLPrep
aredQuery.queryWithCa
che (file:///D:/UIT_C
OURSES/SE100/DailyDes
k/node_modules/[4m.p
npm[24m/drizzle-orm@
0.44.7_@electri_5c292
8a099a752b7e299aaadb8
975aea/node_modules/
[4msrc[24m/sqlite-co
re/session.ts:78:18)
        at LibSQLPrep
aredQuery.values (fil
e:///D:/UIT_COURSES/S
E100/DailyDesk/node_m
odules/[4m.pnpm[24m
/drizzle-orm@0.44.7_@
electri_5c2928a099a75
2b7e299aaadb8975aea/n
ode_modules/[4msrc[
24m/libsql/session.ts
:286:21)
        at LibSQLPrep
aredQuery.all (file:/
//D:/UIT_COURSES/SE10
0/DailyDesk/node_modu
les/[4m.pnpm[24m/dr
izzle-orm@0.44.7_@ele
ctri_5c2928a099a752b7
e299aaadb8975aea/node
_modules/[4msrc[24m
/libsql/session.ts:21
4:27)
        at 
SQLiteSelectBase.all 
(file:///D:/UIT_COURS
ES/SE100/DailyDesk/no
de_modules/[4m.pnpm
[24m/drizzle-orm@0.44
.7_@electri_5c2928a09
9a752b7e299aaadb8975a
ea/node_modules/[4ms
rc[24m/sqlite-core/q
uery-builders/select.
ts:950:26)
        at SQLiteSele
ctBase.execute (file:
///D:/UIT_COURSES/SE1
00/DailyDesk/node_mod
ules/[4m.pnpm[24m/d
rizzle-orm@0.44.7_@el
ectri_5c2928a099a752b
7e299aaadb8975aea/nod
e_modules/[4msrc[24
m/sqlite-core/query-b
uilders/select.ts:962
:15) {
      code: [32m'SQL
ITE_ERROR'[39m,
      rawCode: 
[33m1[39m
    }
  }
}
DrizzleQueryError: 
Failed query: select 
"id", "name", 
"description", 
"order", 
"cover_url", 
"cover_public_id", 
"cover_color", 
"cover_mode", 
"list_id", 
"start_date", 
"deadline", 
"due_at", 
"due_complete", 
"reminder_minutes", 
"recurrence", 
"recurrence_day", "re
currence_weekday", 
"repeat_frequency", 
"repeat_interval", 
"latitude", 
"longitude", 
"completed", 
"is_template", 
"created_at", 
"updated_at" from 
"cards" where 
"cards"."id" = ? 
limit ?
params: 019bd127-dc24
-7a1e-be43-fa837e6b87
ec,1
    at LibSQLPrepared
Query.queryWithCache 
(file:///D:/UIT_COURS
ES/SE100/DailyDesk/no
de_modules/[4m.pnpm
[24m/drizzle-orm@0.44
.7_@electri_5c2928a09
9a752b7e299aaadb8975a
ea/node_modules/[4ms
rc[24m/sqlite-core/s
ession.ts:80:11)
[90m    at processTi
cksAndRejections (nod
e:internal/process/ta
sk_queues:105:5)[39m
    at LibSQLPrepared
Query.values (file://
/D:/UIT_COURSES/SE100
/DailyDesk/node_modul
es/[4m.pnpm[24m/dri
zzle-orm@0.44.7_@elec
tri_5c2928a099a752b7e
299aaadb8975aea/node_
modules/[4msrc[24m/
libsql/session.ts:286
:10)
    at LibSQLPrepared
Query.all (file:///D:
/UIT_COURSES/SE100/Da
ilyDesk/node_modules/
[4m.pnpm[24m/drizzl
e-orm@0.44.7_@electri
_5c2928a099a752b7e299
aaadb8975aea/node_mod
ules/[4msrc[24m/lib
sql/session.ts:214:16
)
    at 
Module.deleteCard [9
0m(D:\UIT_COURSES\SE1
00\DailyDesk\backend\
[39msrc\services\car
ds.service.ts:938:24
[90m)[39m
    at [90mD:\UIT_CO
URSES\SE100\DailyDesk
\backend\[39msrc\rou
tes\cards.ts:300:24
    at dispatch (file
:///D:/UIT_COURSES/SE
100/DailyDesk/node_mo
dules/[4m.pnpm[24m/
hono@4.11.3/node_modu
les/[4mhono[24m/dis
t/compose.js:22:17)
    at file:///D:/UIT
_COURSES/SE100/DailyD
esk/node_modules/[4m
.pnpm[24m/hono@4.11.
3/node_modules/[4mho
no[24m/dist/validato
r/validator.js:81:12
    at dispatch (file
:///D:/UIT_COURSES/SE
100/DailyDesk/node_mo
dules/[4m.pnpm[24m/
hono@4.11.3/node_modu
les/[4mhono[24m/dis
t/compose.js:22:17)
    at [90mD:\UIT_CO
URSES\SE100\DailyDesk
\backend\[39mtests\h
elpers\auth.ts:27:5 {
  query: 
[32m'select "id", 
"name", 
"description", 
"order", 
"cover_url", 
"cover_public_id", 
"cover_color", 
"cover_mode", 
"list_id", 
"start_date", 
"deadline", 
"due_at", 
"due_complete", 
"reminder_minutes", 
"recurrence", 
"recurrence_day", "re
currence_weekday", 
"repeat_frequency", 
"repeat_interval", 
"latitude", 
"longitude", 
"completed", 
"is_template", 
"created_at", 
"updated_at" from 
"cards" where 
"cards"."id" = ? 
limit ?'[39m,
  params: [ [32m'019
bd127-dc24-7a1e-be43-
fa837e6b87ec'[39m, 
[33m1[39m ],
  cause: 
LibsqlError: 
SQLITE_ERROR: no 
such column: 
is_template
      at 
mapSqliteError (file:
///D:/UIT_COURSES/SE1
00/DailyDesk/node_mod
ules/[4m.pnpm[24m/@
libsql+client@0.15.15
/node_modules/[4m@li
bsql[24m/client/lib-
esm/sqlite3.js:392:16
)
      at executeStmt 
(file:///D:/UIT_COURS
ES/SE100/DailyDesk/no
de_modules/[4m.pnpm
[24m/@libsql+client@0
.15.15/node_modules/
[4m@libsql[24m/clien
t/lib-esm/sqlite3.js:
297:15)
      at Sqlite3Clien
t.execute (file:///D:
/UIT_COURSES/SE100/Da
ilyDesk/node_modules/
[4m.pnpm[24m/@libsq
l+client@0.15.15/node
_modules/[4m@libsql
[24m/client/lib-esm/s
qlite3.js:81:16)
  [90m    ... 5 
lines matching cause 
stack trace ...[39m
      at SQLiteSelect
Base.execute (file://
/D:/UIT_COURSES/SE100
/DailyDesk/node_modul
es/[4m.pnpm[24m/dri
zzle-orm@0.44.7_@elec
tri_5c2928a099a752b7e
299aaadb8975aea/node_
modules/[4msrc[24m/
sqlite-core/query-bui
lders/select.ts:962:1
5)
      at SQLiteSelect
Base.then (file:///D:
/UIT_COURSES/SE100/Da
ilyDesk/node_modules/
[4m.pnpm[24m/drizzl
e-orm@0.44.7_@electri
_5c2928a099a752b7e299
aaadb8975aea/node_mod
ules/[4msrc[24m/que
ry-promise.ts:31:15) 
{
    code: [32m'SQLIT
E_ERROR'[39m,
    rawCode: 
[33m1[39m,
    [cause]: 
SqliteError: no such 
column: is_template
        at 
convertError (D:\UIT_
COURSES\SE100\DailyDe
sk\node_modules\[4m.
pnpm[24m\libsql@0.5.
22\node_modules\[4ml
ibsql[24m\index.js:5
9:12)
        at 
Database.prepare (D:\
UIT_COURSES\SE100\Dai
lyDesk\node_modules\
[4m.pnpm[24m\libsql@
0.5.22\node_modules\
[4mlibsql[24m\index.
js:131:13)
        at 
executeStmt (file:///
D:/UIT_COURSES/SE100/
DailyDesk/node_module
s/[4m.pnpm[24m/@lib
sql+client@0.15.15/no
de_modules/[4m@libsq
l[24m/client/lib-esm
/sqlite3.js:268:28)
        at Sqlite3Cli
ent.execute (file:///
D:/UIT_COURSES/SE100/
DailyDesk/node_module
s/[4m.pnpm[24m/@lib
sql+client@0.15.15/no
de_modules/[4m@libsq
l[24m/client/lib-esm
/sqlite3.js:81:16)
        at file:///D:
/UIT_COURSES/SE100/Da
ilyDesk/node_modules/
[4m.pnpm[24m/drizzl
e-orm@0.44.7_@electri
_5c2928a099a752b7e299
aaadb8975aea/node_mod
ules/[4msrc[24m/lib
sql/session.ts:288:58
        at LibSQLPrep
aredQuery.queryWithCa
che (file:///D:/UIT_C
OURSES/SE100/DailyDes
k/node_modules/[4m.p
npm[24m/drizzle-orm@
0.44.7_@electri_5c292
8a099a752b7e299aaadb8
975aea/node_modules/
[4msrc[24m/sqlite-co
re/session.ts:78:18)
        at LibSQLPrep
aredQuery.values (fil
e:///D:/UIT_COURSES/S
E100/DailyDesk/node_m
odules/[4m.pnpm[24m
/drizzle-orm@0.44.7_@
electri_5c2928a099a75
2b7e299aaadb8975aea/n
ode_modules/[4msrc[
24m/libsql/session.ts
:286:21)
        at LibSQLPrep
aredQuery.all (file:/
//D:/UIT_COURSES/SE10
0/DailyDesk/node_modu
les/[4m.pnpm[24m/dr
izzle-orm@0.44.7_@ele
ctri_5c2928a099a752b7
e299aaadb8975aea/node
_modules/[4msrc[24m
/libsql/session.ts:21
4:27)
        at 
SQLiteSelectBase.all 
(file:///D:/UIT_COURS
ES/SE100/DailyDesk/no
de_modules/[4m.pnpm
[24m/drizzle-orm@0.44
.7_@electri_5c2928a09
9a752b7e299aaadb8975a
ea/node_modules/[4ms
rc[24m/sqlite-core/q
uery-builders/select.
ts:950:26)
        at SQLiteSele
ctBase.execute (file:
///D:/UIT_COURSES/SE1
00/DailyDesk/node_mod
ules/[4m.pnpm[24m/d
rizzle-orm@0.44.7_@el
ectri_5c2928a099a752b
7e299aaadb8975aea/nod
e_modules/[4msrc[24
m/sqlite-core/query-b
uilders/select.ts:962
:15) {
      code: [32m'SQL
ITE_ERROR'[39m,
      rawCode: 
[33m1[39m
    }
  }
}
Error in boards GET 
by ID route: 
DrizzleQueryError: 
Failed query: select 
"id", "name", 
"user_id", 
"background_url", "ba
ckground_public_id", 
"background_color", 
(select coalesce(json
_group_array(json_arr
ay("id", "name", 
"order", "board_id", 
(select coalesce(json
_group_array(json_arr
ay("id", "name", 
"description", 
"order", 
"cover_url", 
"cover_public_id", 
"cover_color", 
"cover_mode", 
"list_id", 
"start_date", 
"deadline", 
"due_at", 
"due_complete", 
"reminder_minutes", 
"recurrence", 
"recurrence_day", "re
currence_weekday", 
"repeat_frequency", 
"repeat_interval", 
"latitude", 
"longitude", 
"completed", 
"is_template", 
"created_at", 
"updated_at")), 
json_array()) as 
"data" from (select 
* from "cards" "board
sTable_lists_cards" 
where "boardsTable_li
sts_cards"."list_id" 
= "boardsTable_lists"
."id" order by "board
sTable_lists_cards"."
order" asc) "boardsTa
ble_lists_cards"))), 
json_array()) as 
"data" from (select 
* from "lists" 
"boardsTable_lists" 
where "boardsTable_li
sts"."board_id" = 
"boardsTable"."id" 
order by "boardsTable
_lists"."order" asc) 
"boardsTable_lists") 
as "lists" from 
"boards" 
"boardsTable" where 
"boardsTable"."id" = 
? limit ?
params: 019bd127-dc1e
-7903-8a02-82123d80f9
54,1
    at LibSQLPrepared
Query.queryWithCache 
(file:///D:/UIT_COURS
ES/SE100/DailyDesk/no
de_modules/[4m.pnpm
[24m/drizzle-orm@0.44
.7_@electri_5c2928a09
9a752b7e299aaadb8975a
ea/node_modules/[4ms
rc[24m/sqlite-core/s
ession.ts:80:11)
[90m    at processTi
cksAndRejections (nod
e:internal/process/ta
sk_queues:105:5)[39m
    at LibSQLPrepared
Query.values (file://
/D:/UIT_COURSES/SE100
/DailyDesk/node_modul
es/[4m.pnpm[24m/dri
zzle-orm@0.44.7_@elec
tri_5c2928a099a752b7e
299aaadb8975aea/node_
modules/[4msrc[24m/
libsql/session.ts:286
:10)
    at LibSQLPrepared
Query.get (file:///D:
/UIT_COURSES/SE100/Da
ilyDesk/node_modules/
[4m.pnpm[24m/drizzl
e-orm@0.44.7_@electri
_5c2928a099a752b7e299
aaadb8975aea/node_mod
ules/[4msrc[24m/lib
sql/session.ts:252:16
)
    at 
Module.getBoardById 
[90m(D:\UIT_COURSES\S
E100\DailyDesk\backen
d\[39msrc\services\b
oards.service.ts:230:
17[90m)[39m
    at [90mD:\UIT_CO
URSES\SE100\DailyDesk
\backend\[39msrc\rou
tes\boards.ts:138:23
    at dispatch (file
:///D:/UIT_COURSES/SE
100/DailyDesk/node_mo
dules/[4m.pnpm[24m/
hono@4.11.3/node_modu
les/[4mhono[24m/dis
t/compose.js:22:17)
    at file:///D:/UIT
_COURSES/SE100/DailyD
esk/node_modules/[4m
.pnpm[24m/hono@4.11.
3/node_modules/[4mho
no[24m/dist/validato
r/validator.js:81:12
    at dispatch (file
:///D:/UIT_COURSES/SE
100/DailyDesk/node_mo
dules/[4m.pnpm[24m/
hono@4.11.3/node_modu
les/[4mhono[24m/dis
t/compose.js:22:17)
    at [90mD:\UIT_CO
URSES\SE100\DailyDesk
\backend\[39mtests\h
elpers\auth.ts:27:5 {
  query: 
[32m'select "id", 
"name", "user_id", 
"background_url", "ba
ckground_public_id", 
"background_color", 
(select coalesce(json
_group_array(json_arr
ay("id", "name", 
"order", "board_id", 
(select coalesce(json
_group_array(json_arr
ay("id", "name", 
"description", 
"order", 
"cover_url", 
"cover_public_id", 
"cover_color", 
"cover_mode", 
"list_id", 
"start_date", 
"deadline", 
"due_at", 
"due_complete", 
"reminder_minutes", 
"recurrence", 
"recurrence_day", "re
currence_weekday", 
"repeat_frequency", 
"repeat_interval", 
"latitude", 
"longitude", 
"completed", 
"is_template", 
"created_at", 
"updated_at")), 
json_array()) as 
"data" from (select 
* from "cards" "board
sTable_lists_cards" 
where "boardsTable_li
sts_cards"."list_id" 
= "boardsTable_lists"
."id" order by "board
sTable_lists_cards"."
order" asc) "boardsTa
ble_lists_cards"))), 
json_array()) as 
"data" from (select 
* from "lists" 
"boardsTable_lists" 
where "boardsTable_li
sts"."board_id" = 
"boardsTable"."id" 
order by "boardsTable
_lists"."order" asc) 
"boardsTable_lists") 
as "lists" from 
"boards" 
"boardsTable" where 
"boardsTable"."id" = 
? limit ?'[39m,
  params: [ [32m'019
bd127-dc1e-7903-8a02-
82123d80f954'[39m, 
[33m1[39m ],
  cause: 
LibsqlError: 
SQLITE_ERROR: no 
such column: 
is_template
      at 
mapSqliteError (file:
///D:/UIT_COURSES/SE1
00/DailyDesk/node_mod
ules/[4m.pnpm[24m/@
libsql+client@0.15.15
/node_modules/[4m@li
bsql[24m/client/lib-
esm/sqlite3.js:392:16
)
      at executeStmt 
(file:///D:/UIT_COURS
ES/SE100/DailyDesk/no
de_modules/[4m.pnpm
[24m/@libsql+client@0
.15.15/node_modules/
[4m@libsql[24m/clien
t/lib-esm/sqlite3.js:
297:15)
      at Sqlite3Clien
t.execute (file:///D:
/UIT_COURSES/SE100/Da
ilyDesk/node_modules/
[4m.pnpm[24m/@libsq
l+client@0.15.15/node
_modules/[4m@libsql
[24m/client/lib-esm/s
qlite3.js:81:16)
  [90m    ... 5 
lines matching cause 
stack trace ...[39m
      at 
QueryPromise.execute 
(file:///D:/UIT_COURS
ES/SE100/DailyDesk/no
de_modules/[4m.pnpm
[24m/drizzle-orm@0.44
.7_@electri_5c2928a09
9a752b7e299aaadb8975a
ea/node_modules/[4ms
rc[24m/sqlite-core/q
uery-builders/query.t
s:197:15)
      at 
QueryPromise.then (fi
le:///D:/UIT_COURSES/
SE100/DailyDesk/node_
modules/[4m.pnpm[24
m/drizzle-orm@0.44.7_
@electri_5c2928a099a7
52b7e299aaadb8975aea/
node_modules/[4msrc
[24m/query-promise.ts
:31:15) {
    code: [32m'SQLIT
E_ERROR'[39m,
    rawCode: 
[33m1[39m,
    [cause]: 
SqliteError: no such 
column: is_template
        at 
convertError (D:\UIT_
COURSES\SE100\DailyDe
sk\node_modules\[4m.
pnpm[24m\libsql@0.5.
22\node_modules\[4ml
ibsql[24m\index.js:5
9:12)
        at 
Database.prepare (D:\
UIT_COURSES\SE100\Dai
lyDesk\node_modules\
[4m.pnpm[24m\libsql@
0.5.22\node_modules\
[4mlibsql[24m\index.
js:131:13)
        at 
executeStmt (file:///
D:/UIT_COURSES/SE100/
DailyDesk/node_module
s/[4m.pnpm[24m/@lib
sql+client@0.15.15/no
de_modules/[4m@libsq
l[24m/client/lib-esm
/sqlite3.js:268:28)
        at Sqlite3Cli
ent.execute (file:///
D:/UIT_COURSES/SE100/
DailyDesk/node_module
s/[4m.pnpm[24m/@lib
sql+client@0.15.15/no
de_modules/[4m@libsq
l[24m/client/lib-esm
/sqlite3.js:81:16)
        at file:///D:
/UIT_COURSES/SE100/Da
ilyDesk/node_modules/
[4m.pnpm[24m/drizzl
e-orm@0.44.7_@electri
_5c2928a099a752b7e299
aaadb8975aea/node_mod
ules/[4msrc[24m/lib
sql/session.ts:288:58
        at LibSQLPrep
aredQuery.queryWithCa
che (file:///D:/UIT_C
OURSES/SE100/DailyDes
k/node_modules/[4m.p
npm[24m/drizzle-orm@
0.44.7_@electri_5c292
8a099a752b7e299aaadb8
975aea/node_modules/
[4msrc[24m/sqlite-co
re/session.ts:78:18)
        at LibSQLPrep
aredQuery.values (fil
e:///D:/UIT_COURSES/S
E100/DailyDesk/node_m
odules/[4m.pnpm[24m
/drizzle-orm@0.44.7_@
electri_5c2928a099a75
2b7e299aaadb8975aea/n
ode_modules/[4msrc[
24m/libsql/session.ts
:286:21)
        at LibSQLPrep
aredQuery.get (file:/
//D:/UIT_COURSES/SE10
0/DailyDesk/node_modu
les/[4m.pnpm[24m/dr
izzle-orm@0.44.7_@ele
ctri_5c2928a099a752b7
e299aaadb8975aea/node
_modules/[4msrc[24m
/libsql/session.ts:25
2:27)
        at QueryPromi
se.executeRaw (file:/
//D:/UIT_COURSES/SE10
0/DailyDesk/node_modu
les/[4m.pnpm[24m/dr
izzle-orm@0.44.7_@ele
ctri_5c2928a099a752b7
e299aaadb8975aea/node
_modules/[4msrc[24m
/sqlite-core/query-bu
ilders/query.ts:191:3
2)
        at 
QueryPromise.execute 
(file:///D:/UIT_COURS
ES/SE100/DailyDesk/no
de_modules/[4m.pnpm
[24m/drizzle-orm@0.44
.7_@electri_5c2928a09
9a752b7e299aaadb8975a
ea/node_modules/[4ms
rc[24m/sqlite-core/q
uery-builders/query.t
s:197:15) {
      code: [32m'SQL
ITE_ERROR'[39m,
      rawCode: 
[33m1[39m
    }
  }
}

[90mstderr[2m | tes
ts/cards/cards.test.t
s[2m > 
[22m[2mCards API 
Integration 
Tests[2m > 
[22m[2mDELETE /boar
ds/:boardId/cards/:id
[2m > 
[22m[2mshould 
handle deletion 
correctly when cards 
are in different 
lists
[22m[39mDrizzleQuer
yError: Failed 
query: select "id", 
"name", 
"description", 
"order", 
"cover_url", 
"cover_public_id", 
"cover_color", 
"cover_mode", 
"list_id", 
"start_date", 
"deadline", 
"due_at", 
"due_complete", 
"reminder_minutes", 
"recurrence", 
"recurrence_day", "re
currence_weekday", 
"repeat_frequency", 
"repeat_interval", 
"latitude", 
"longitude", 
"completed", 
"is_template", 
"created_at", 
"updated_at" from 
"cards" where 
"cards"."list_id" = ?
params: 019bd127-dc3f
-78f0-9c07-e72a33e63b
db
    at LibSQLPrepared
Query.queryWithCache 
(file:///D:/UIT_COURS
ES/SE100/DailyDesk/no
de_modules/[4m.pnpm
[24m/drizzle-orm@0.44
.7_@electri_5c2928a09
9a752b7e299aaadb8975a
ea/node_modules/[4ms
rc[24m/sqlite-core/s
ession.ts:80:11)
[90m    at processTi
cksAndRejections (nod
e:internal/process/ta
sk_queues:105:5)[39m
    at LibSQLPrepared
Query.values (file://
/D:/UIT_COURSES/SE100
/DailyDesk/node_modul
es/[4m.pnpm[24m/dri
zzle-orm@0.44.7_@elec
tri_5c2928a099a752b7e
299aaadb8975aea/node_
modules/[4msrc[24m/
libsql/session.ts:286
:10)
    at LibSQLPrepared
Query.all (file:///D:
/UIT_COURSES/SE100/Da
ilyDesk/node_modules/
[4m.pnpm[24m/drizzl
e-orm@0.44.7_@electri
_5c2928a099a752b7e299
aaadb8975aea/node_mod
ules/[4msrc[24m/lib
sql/session.ts:214:16
)
    at 
Module.createCard [9
0m(D:\UIT_COURSES\SE1
00\DailyDesk\backend\
[39msrc\services\car
ds.service.ts:319:23
[90m)[39m
    at [90mD:\UIT_CO
URSES\SE100\DailyDesk
\backend\[39msrc\rou
tes\cards.ts:152:22
    at dispatch (file
:///D:/UIT_COURSES/SE
100/DailyDesk/node_mo
dules/[4m.pnpm[24m/
hono@4.11.3/node_modu
les/[4mhono[24m/dis
t/compose.js:22:17)
    at file:///D:/UIT
_COURSES/SE100/DailyD
esk/node_modules/[4m
.pnpm[24m/hono@4.11.
3/node_modules/[4mho
no[24m/dist/validato
r/validator.js:81:12
    at mw (file:///D:
/UIT_COURSES/SE100/Da
ilyDesk/node_modules/
[4m.pnpm[24m/@hono+
zod-openapi@1.2.0_hon
o@4.11.3_zod@4.3.5/no
de_modules/[4m@hono
[24m/zod-openapi/src/
index.ts:546:26)
    at dispatch (file
:///D:/UIT_COURSES/SE
100/DailyDesk/node_mo
dules/[4m.pnpm[24m/
hono@4.11.3/node_modu
les/[4mhono[24m/dis
t/compose.js:22:17) {
  query: 
[32m'select "id", 
"name", 
"description", 
"order", 
"cover_url", 
"cover_public_id", 
"cover_color", 
"cover_mode", 
"list_id", 
"start_date", 
"deadline", 
"due_at", 
"due_complete", 
"reminder_minutes", 
"recurrence", 
"recurrence_day", "re
currence_weekday", 
"repeat_frequency", 
"repeat_interval", 
"latitude", 
"longitude", 
"completed", 
"is_template", 
"created_at", 
"updated_at" from 
"cards" where 
"cards"."list_id" = 
?'[39m,
  params: [ [32m'019
bd127-dc3f-78f0-9c07-
e72a33e63bdb'[39m ],
  cause: 
LibsqlError: 
SQLITE_ERROR: no 
such column: 
is_template
      at 
mapSqliteError (file:
///D:/UIT_COURSES/SE1
00/DailyDesk/node_mod
ules/[4m.pnpm[24m/@
libsql+client@0.15.15
/node_modules/[4m@li
bsql[24m/client/lib-
esm/sqlite3.js:392:16
)
      at executeStmt 
(file:///D:/UIT_COURS
ES/SE100/DailyDesk/no
de_modules/[4m.pnpm
[24m/@libsql+client@0
.15.15/node_modules/
[4m@libsql[24m/clien
t/lib-esm/sqlite3.js:
297:15)
      at Sqlite3Clien
t.execute (file:///D:
/UIT_COURSES/SE100/Da
ilyDesk/node_modules/
[4m.pnpm[24m/@libsq
l+client@0.15.15/node
_modules/[4m@libsql
[24m/client/lib-esm/s
qlite3.js:81:16)
  [90m    ... 5 
lines matching cause 
stack trace ...[39m
      at SQLiteSelect
Base.execute (file://
/D:/UIT_COURSES/SE100
/DailyDesk/node_modul
es/[4m.pnpm[24m/dri
zzle-orm@0.44.7_@elec
tri_5c2928a099a752b7e
299aaadb8975aea/node_
modules/[4msrc[24m/
sqlite-core/query-bui
lders/select.ts:962:1
5)
      at SQLiteSelect
Base.then (file:///D:
/UIT_COURSES/SE100/Da
ilyDesk/node_modules/
[4m.pnpm[24m/drizzl
e-orm@0.44.7_@electri
_5c2928a099a752b7e299
aaadb8975aea/node_mod
ules/[4msrc[24m/que
ry-promise.ts:31:15) 
{
    code: [32m'SQLIT
E_ERROR'[39m,
    rawCode: 
[33m1[39m,
    [cause]: 
SqliteError: no such 
column: is_template
        at 
convertError (D:\UIT_
COURSES\SE100\DailyDe
sk\node_modules\[4m.
pnpm[24m\libsql@0.5.
22\node_modules\[4ml
ibsql[24m\index.js:5
9:12)
        at 
Database.prepare (D:\
UIT_COURSES\SE100\Dai
lyDesk\node_modules\
[4m.pnpm[24m\libsql@
0.5.22\node_modules\
[4mlibsql[24m\index.
js:131:13)
        at 
executeStmt (file:///
D:/UIT_COURSES/SE100/
DailyDesk/node_module
s/[4m.pnpm[24m/@lib
sql+client@0.15.15/no
de_modules/[4m@libsq
l[24m/client/lib-esm
/sqlite3.js:268:28)
        at Sqlite3Cli
ent.execute (file:///
D:/UIT_COURSES/SE100/
DailyDesk/node_module
s/[4m.pnpm[24m/@lib
sql+client@0.15.15/no
de_modules/[4m@libsq
l[24m/client/lib-esm
/sqlite3.js:81:16)
        at file:///D:
/UIT_COURSES/SE100/Da
ilyDesk/node_modules/
[4m.pnpm[24m/drizzl
e-orm@0.44.7_@electri
_5c2928a099a752b7e299
aaadb8975aea/node_mod
ules/[4msrc[24m/lib
sql/session.ts:288:58
        at LibSQLPrep
aredQuery.queryWithCa
che (file:///D:/UIT_C
OURSES/SE100/DailyDes
k/node_modules/[4m.p
npm[24m/drizzle-orm@
0.44.7_@electri_5c292
8a099a752b7e299aaadb8
975aea/node_modules/
[4msrc[24m/sqlite-co
re/session.ts:78:18)
        at LibSQLPrep
aredQuery.values (fil
e:///D:/UIT_COURSES/S
E100/DailyDesk/node_m
odules/[4m.pnpm[24m
/drizzle-orm@0.44.7_@
electri_5c2928a099a75
2b7e299aaadb8975aea/n
ode_modules/[4msrc[
24m/libsql/session.ts
:286:21)
        at LibSQLPrep
aredQuery.all (file:/
//D:/UIT_COURSES/SE10
0/DailyDesk/node_modu
les/[4m.pnpm[24m/dr
izzle-orm@0.44.7_@ele
ctri_5c2928a099a752b7
e299aaadb8975aea/node
_modules/[4msrc[24m
/libsql/session.ts:21
4:27)
        at 
SQLiteSelectBase.all 
(file:///D:/UIT_COURS
ES/SE100/DailyDesk/no
de_modules/[4m.pnpm
[24m/drizzle-orm@0.44
.7_@electri_5c2928a09
9a752b7e299aaadb8975a
ea/node_modules/[4ms
rc[24m/sqlite-core/q
uery-builders/select.
ts:950:26)
        at SQLiteSele
ctBase.execute (file:
///D:/UIT_COURSES/SE1
00/DailyDesk/node_mod
ules/[4m.pnpm[24m/d
rizzle-orm@0.44.7_@el
ectri_5c2928a099a752b
7e299aaadb8975aea/nod
e_modules/[4msrc[24
m/sqlite-core/query-b
uilders/select.ts:962
:15) {
      code: [32m'SQL
ITE_ERROR'[39m,
      rawCode: 
[33m1[39m
    }
  }
}
DrizzleQueryError: 
Failed query: select 
"id", "name", 
"description", 
"order", 
"cover_url", 
"cover_public_id", 
"cover_color", 
"cover_mode", 
"list_id", 
"start_date", 
"deadline", 
"due_at", 
"due_complete", 
"reminder_minutes", 
"recurrence", 
"recurrence_day", "re
currence_weekday", 
"repeat_frequency", 
"repeat_interval", 
"latitude", 
"longitude", 
"completed", 
"is_template", 
"created_at", 
"updated_at" from 
"cards" where 
"cards"."list_id" = ?
params: 019bd127-dc3f
-78f0-9c07-e72a33e63b
db
    at LibSQLPrepared
Query.queryWithCache 
(file:///D:/UIT_COURS
ES/SE100/DailyDesk/no
de_modules/[4m.pnpm
[24m/drizzle-orm@0.44
.7_@electri_5c2928a09
9a752b7e299aaadb8975a
ea/node_modules/[4ms
rc[24m/sqlite-core/s
ession.ts:80:11)
[90m    at processTi
cksAndRejections (nod
e:internal/process/ta
sk_queues:105:5)[39m
    at LibSQLPrepared
Query.values (file://
/D:/UIT_COURSES/SE100
/DailyDesk/node_modul
es/[4m.pnpm[24m/dri
zzle-orm@0.44.7_@elec
tri_5c2928a099a752b7e
299aaadb8975aea/node_
modules/[4msrc[24m/
libsql/session.ts:286
:10)
    at LibSQLPrepared
Query.all (file:///D:
/UIT_COURSES/SE100/Da
ilyDesk/node_modules/
[4m.pnpm[24m/drizzl
e-orm@0.44.7_@electri
_5c2928a099a752b7e299
aaadb8975aea/node_mod
ules/[4msrc[24m/lib
sql/session.ts:214:16
)
    at 
Module.createCard [9
0m(D:\UIT_COURSES\SE1
00\DailyDesk\backend\
[39msrc\services\car
ds.service.ts:319:23
[90m)[39m
    at [90mD:\UIT_CO
URSES\SE100\DailyDesk
\backend\[39msrc\rou
tes\cards.ts:152:22
    at dispatch (file
:///D:/UIT_COURSES/SE
100/DailyDesk/node_mo
dules/[4m.pnpm[24m/
hono@4.11.3/node_modu
les/[4mhono[24m/dis
t/compose.js:22:17)
    at file:///D:/UIT
_COURSES/SE100/DailyD
esk/node_modules/[4m
.pnpm[24m/hono@4.11.
3/node_modules/[4mho
no[24m/dist/validato
r/validator.js:81:12
    at mw (file:///D:
/UIT_COURSES/SE100/Da
ilyDesk/node_modules/
[4m.pnpm[24m/@hono+
zod-openapi@1.2.0_hon
o@4.11.3_zod@4.3.5/no
de_modules/[4m@hono
[24m/zod-openapi/src/
index.ts:546:26)
    at dispatch (file
:///D:/UIT_COURSES/SE
100/DailyDesk/node_mo
dules/[4m.pnpm[24m/
hono@4.11.3/node_modu
les/[4mhono[24m/dis
t/compose.js:22:17) {
  query: 
[32m'select "id", 
"name", 
"description", 
"order", 
"cover_url", 
"cover_public_id", 
"cover_color", 
"cover_mode", 
"list_id", 
"start_date", 
"deadline", 
"due_at", 
"due_complete", 
"reminder_minutes", 
"recurrence", 
"recurrence_day", "re
currence_weekday", 
"repeat_frequency", 
"repeat_interval", 
"latitude", 
"longitude", 
"completed", 
"is_template", 
"created_at", 
"updated_at" from 
"cards" where 
"cards"."list_id" = 
?'[39m,
  params: [ [32m'019
bd127-dc3f-78f0-9c07-
e72a33e63bdb'[39m ],
  cause: 
LibsqlError: 
SQLITE_ERROR: no 
such column: 
is_template
      at 
mapSqliteError (file:
///D:/UIT_COURSES/SE1
00/DailyDesk/node_mod
ules/[4m.pnpm[24m/@
libsql+client@0.15.15
/node_modules/[4m@li
bsql[24m/client/lib-
esm/sqlite3.js:392:16
)
      at executeStmt 
(file:///D:/UIT_COURS
ES/SE100/DailyDesk/no
de_modules/[4m.pnpm
[24m/@libsql+client@0
.15.15/node_modules/
[4m@libsql[24m/clien
t/lib-esm/sqlite3.js:
297:15)
      at Sqlite3Clien
t.execute (file:///D:
/UIT_COURSES/SE100/Da
ilyDesk/node_modules/
[4m.pnpm[24m/@libsq
l+client@0.15.15/node
_modules/[4m@libsql
[24m/client/lib-esm/s
qlite3.js:81:16)
  [90m    ... 5 
lines matching cause 
stack trace ...[39m
      at SQLiteSelect
Base.execute (file://
/D:/UIT_COURSES/SE100
/DailyDesk/node_modul
es/[4m.pnpm[24m/dri
zzle-orm@0.44.7_@elec
tri_5c2928a099a752b7e
299aaadb8975aea/node_
modules/[4msrc[24m/
sqlite-core/query-bui
lders/select.ts:962:1
5)
      at SQLiteSelect
Base.then (file:///D:
/UIT_COURSES/SE100/Da
ilyDesk/node_modules/
[4m.pnpm[24m/drizzl
e-orm@0.44.7_@electri
_5c2928a099a752b7e299
aaadb8975aea/node_mod
ules/[4msrc[24m/que
ry-promise.ts:31:15) 
{
    code: [32m'SQLIT
E_ERROR'[39m,
    rawCode: 
[33m1[39m,
    [cause]: 
SqliteError: no such 
column: is_template
        at 
convertError (D:\UIT_
COURSES\SE100\DailyDe
sk\node_modules\[4m.
pnpm[24m\libsql@0.5.
22\node_modules\[4ml
ibsql[24m\index.js:5
9:12)
        at 
Database.prepare (D:\
UIT_COURSES\SE100\Dai
lyDesk\node_modules\
[4m.pnpm[24m\libsql@
0.5.22\node_modules\
[4mlibsql[24m\index.
js:131:13)
        at 
executeStmt (file:///
D:/UIT_COURSES/SE100/
DailyDesk/node_module
s/[4m.pnpm[24m/@lib
sql+client@0.15.15/no
de_modules/[4m@libsq
l[24m/client/lib-esm
/sqlite3.js:268:28)
        at Sqlite3Cli
ent.execute (file:///
D:/UIT_COURSES/SE100/
DailyDesk/node_module
s/[4m.pnpm[24m/@lib
sql+client@0.15.15/no
de_modules/[4m@libsq
l[24m/client/lib-esm
/sqlite3.js:81:16)
        at file:///D:
/UIT_COURSES/SE100/Da
ilyDesk/node_modules/
[4m.pnpm[24m/drizzl
e-orm@0.44.7_@electri
_5c2928a099a752b7e299
aaadb8975aea/node_mod
ules/[4msrc[24m/lib
sql/session.ts:288:58
        at LibSQLPrep
aredQuery.queryWithCa
che (file:///D:/UIT_C
OURSES/SE100/DailyDes
k/node_modules/[4m.p
npm[24m/drizzle-orm@
0.44.7_@electri_5c292
8a099a752b7e299aaadb8
975aea/node_modules/
[4msrc[24m/sqlite-co
re/session.ts:78:18)
        at LibSQLPrep
aredQuery.values (fil
e:///D:/UIT_COURSES/S
E100/DailyDesk/node_m
odules/[4m.pnpm[24m
/drizzle-orm@0.44.7_@
electri_5c2928a099a75
2b7e299aaadb8975aea/n
ode_modules/[4msrc[
24m/libsql/session.ts
:286:21)
        at LibSQLPrep
aredQuery.all (file:/
//D:/UIT_COURSES/SE10
0/DailyDesk/node_modu
les/[4m.pnpm[24m/dr
izzle-orm@0.44.7_@ele
ctri_5c2928a099a752b7
e299aaadb8975aea/node
_modules/[4msrc[24m
/libsql/session.ts:21
4:27)
        at 
SQLiteSelectBase.all 
(file:///D:/UIT_COURS
ES/SE100/DailyDesk/no
de_modules/[4m.pnpm
[24m/drizzle-orm@0.44
.7_@electri_5c2928a09
9a752b7e299aaadb8975a
ea/node_modules/[4ms
rc[24m/sqlite-core/q
uery-builders/select.
ts:950:26)
        at SQLiteSele
ctBase.execute (file:
///D:/UIT_COURSES/SE1
00/DailyDesk/node_mod
ules/[4m.pnpm[24m/d
rizzle-orm@0.44.7_@el
ectri_5c2928a099a752b
7e299aaadb8975aea/nod
e_modules/[4msrc[24
m/sqlite-core/query-b
uilders/select.ts:962
:15) {
      code: [32m'SQL
ITE_ERROR'[39m,
      rawCode: 
[33m1[39m
    }
  }
}
DrizzleQueryError: 
Failed query: select 
"id", "name", 
"description", 
"order", 
"cover_url", 
"cover_public_id", 
"cover_color", 
"cover_mode", 
"list_id", 
"start_date", 
"deadline", 
"due_at", 
"due_complete", 
"reminder_minutes", 
"recurrence", 
"recurrence_day", "re
currence_weekday", 
"repeat_frequency", 
"repeat_interval", 
"latitude", 
"longitude", 
"completed", 
"is_template", 
"created_at", 
"updated_at" from 
"cards" where 
"cards"."list_id" = ?
params: 019bd127-dc3f
-78f0-9c07-e72a33e63b
db
    at LibSQLPrepared
Query.queryWithCache 
(file:///D:/UIT_COURS
ES/SE100/DailyDesk/no
de_modules/[4m.pnpm
[24m/drizzle-orm@0.44
.7_@electri_5c2928a09
9a752b7e299aaadb8975a
ea/node_modules/[4ms
rc[24m/sqlite-core/s
ession.ts:80:11)
[90m    at processTi
cksAndRejections (nod
e:internal/process/ta
sk_queues:105:5)[39m
    at LibSQLPrepared
Query.values (file://
/D:/UIT_COURSES/SE100
/DailyDesk/node_modul
es/[4m.pnpm[24m/dri
zzle-orm@0.44.7_@elec
tri_5c2928a099a752b7e
299aaadb8975aea/node_
modules/[4msrc[24m/
libsql/session.ts:286
:10)
    at LibSQLPrepared
Query.all (file:///D:
/UIT_COURSES/SE100/Da
ilyDesk/node_modules/
[4m.pnpm[24m/drizzl
e-orm@0.44.7_@electri
_5c2928a099a752b7e299
aaadb8975aea/node_mod
ules/[4msrc[24m/lib
sql/session.ts:214:16
)
    at 
Module.createCard [9
0m(D:\UIT_COURSES\SE1
00\DailyDesk\backend\
[39msrc\services\car
ds.service.ts:319:23
[90m)[39m
    at [90mD:\UIT_CO
URSES\SE100\DailyDesk
\backend\[39msrc\rou
tes\cards.ts:152:22
    at dispatch (file
:///D:/UIT_COURSES/SE
100/DailyDesk/node_mo
dules/[4m.pnpm[24m/
hono@4.11.3/node_modu
les/[4mhono[24m/dis
t/compose.js:22:17)
    at file:///D:/UIT
_COURSES/SE100/DailyD
esk/node_modules/[4m
.pnpm[24m/hono@4.11.
3/node_modules/[4mho
no[24m/dist/validato
r/validator.js:81:12
    at mw (file:///D:
/UIT_COURSES/SE100/Da
ilyDesk/node_modules/
[4m.pnpm[24m/@hono+
zod-openapi@1.2.0_hon
o@4.11.3_zod@4.3.5/no
de_modules/[4m@hono
[24m/zod-openapi/src/
index.ts:546:26)
    at dispatch (file
:///D:/UIT_COURSES/SE
100/DailyDesk/node_mo
dules/[4m.pnpm[24m/
hono@4.11.3/node_modu
les/[4mhono[24m/dis
t/compose.js:22:17) {
  query: 
[32m'select "id", 
"name", 
"description", 
"order", 
"cover_url", 
"cover_public_id", 
"cover_color", 
"cover_mode", 
"list_id", 
"start_date", 
"deadline", 
"due_at", 
"due_complete", 
"reminder_minutes", 
"recurrence", 
"recurrence_day", "re
currence_weekday", 
"repeat_frequency", 
"repeat_interval", 
"latitude", 
"longitude", 
"completed", 
"is_template", 
"created_at", 
"updated_at" from 
"cards" where 
"cards"."list_id" = 
?'[39m,
  params: [ [32m'019
bd127-dc3f-78f0-9c07-
e72a33e63bdb'[39m ],
  cause: 
LibsqlError: 
SQLITE_ERROR: no 
such column: 
is_template
      at 
mapSqliteError (file:
///D:/UIT_COURSES/SE1
00/DailyDesk/node_mod
ules/[4m.pnpm[24m/@
libsql+client@0.15.15
/node_modules/[4m@li
bsql[24m/client/lib-
esm/sqlite3.js:392:16
)
      at executeStmt 
(file:///D:/UIT_COURS
ES/SE100/DailyDesk/no
de_modules/[4m.pnpm
[24m/@libsql+client@0
.15.15/node_modules/
[4m@libsql[24m/clien
t/lib-esm/sqlite3.js:
297:15)
      at Sqlite3Clien
t.execute (file:///D:
/UIT_COURSES/SE100/Da
ilyDesk/node_modules/
[4m.pnpm[24m/@libsq
l+client@0.15.15/node
_modules/[4m@libsql
[24m/client/lib-esm/s
qlite3.js:81:16)
  [90m    ... 5 
lines matching cause 
stack trace ...[39m
      at SQLiteSelect
Base.execute (file://
/D:/UIT_COURSES/SE100
/DailyDesk/node_modul
es/[4m.pnpm[24m/dri
zzle-orm@0.44.7_@elec
tri_5c2928a099a752b7e
299aaadb8975aea/node_
modules/[4msrc[24m/
sqlite-core/query-bui
lders/select.ts:962:1
5)
      at SQLiteSelect
Base.then (file:///D:
/UIT_COURSES/SE100/Da
ilyDesk/node_modules/
[4m.pnpm[24m/drizzl
e-orm@0.44.7_@electri
_5c2928a099a752b7e299
aaadb8975aea/node_mod
ules/[4msrc[24m/que
ry-promise.ts:31:15) 
{
    code: [32m'SQLIT
E_ERROR'[39m,
    rawCode: 
[33m1[39m,
    [cause]: 
SqliteError: no such 
column: is_template
        at 
convertError (D:\UIT_
COURSES\SE100\DailyDe
sk\node_modules\[4m.
pnpm[24m\libsql@0.5.
22\node_modules\[4ml
ibsql[24m\index.js:5
9:12)
        at 
Database.prepare (D:\
UIT_COURSES\SE100\Dai
lyDesk\node_modules\
[4m.pnpm[24m\libsql@
0.5.22\node_modules\
[4mlibsql[24m\index.
js:131:13)
        at 
executeStmt (file:///
D:/UIT_COURSES/SE100/
DailyDesk/node_module
s/[4m.pnpm[24m/@lib
sql+client@0.15.15/no
de_modules/[4m@libsq
l[24m/client/lib-esm
/sqlite3.js:268:28)
        at Sqlite3Cli
ent.execute (file:///
D:/UIT_COURSES/SE100/
DailyDesk/node_module
s/[4m.pnpm[24m/@lib
sql+client@0.15.15/no
de_modules/[4m@libsq
l[24m/client/lib-esm
/sqlite3.js:81:16)
        at file:///D:
/UIT_COURSES/SE100/Da
ilyDesk/node_modules/
[4m.pnpm[24m/drizzl
e-orm@0.44.7_@electri
_5c2928a099a752b7e299
aaadb8975aea/node_mod
ules/[4msrc[24m/lib
sql/session.ts:288:58
        at LibSQLPrep
aredQuery.queryWithCa
che (file:///D:/UIT_C
OURSES/SE100/DailyDes
k/node_modules/[4m.p
npm[24m/drizzle-orm@
0.44.7_@electri_5c292
8a099a752b7e299aaadb8
975aea/node_modules/
[4msrc[24m/sqlite-co
re/session.ts:78:18)
        at LibSQLPrep
aredQuery.values (fil
e:///D:/UIT_COURSES/S
E100/DailyDesk/node_m
odules/[4m.pnpm[24m
/drizzle-orm@0.44.7_@
electri_5c2928a099a75
2b7e299aaadb8975aea/n
ode_modules/[4msrc[
24m/libsql/session.ts
:286:21)
        at LibSQLPrep
aredQuery.all (file:/
//D:/UIT_COURSES/SE10
0/DailyDesk/node_modu
les/[4m.pnpm[24m/dr
izzle-orm@0.44.7_@ele
ctri_5c2928a099a752b7
e299aaadb8975aea/node
_modules/[4msrc[24m
/libsql/session.ts:21
4:27)
        at 
SQLiteSelectBase.all 
(file:///D:/UIT_COURS
ES/SE100/DailyDesk/no
de_modules/[4m.pnpm
[24m/drizzle-orm@0.44
.7_@electri_5c2928a09
9a752b7e299aaadb8975a
ea/node_modules/[4ms
rc[24m/sqlite-core/q
uery-builders/select.
ts:950:26)
        at SQLiteSele
ctBase.execute (file:
///D:/UIT_COURSES/SE1
00/DailyDesk/node_mod
ules/[4m.pnpm[24m/d
rizzle-orm@0.44.7_@el
ectri_5c2928a099a752b
7e299aaadb8975aea/nod
e_modules/[4msrc[24
m/sqlite-core/query-b
uilders/select.ts:962
:15) {
      code: [32m'SQL
ITE_ERROR'[39m,
      rawCode: 
[33m1[39m
    }
  }
}
DrizzleQueryError: 
Failed query: select 
"id", "name", 
"description", 
"order", 
"cover_url", 
"cover_public_id", 
"cover_color", 
"cover_mode", 
"list_id", 
"start_date", 
"deadline", 
"due_at", 
"due_complete", 
"reminder_minutes", 
"recurrence", 
"recurrence_day", "re
currence_weekday", 
"repeat_frequency", 
"repeat_interval", 
"latitude", 
"longitude", 
"completed", 
"is_template", 
"created_at", 
"updated_at" from 
"cards" where 
"cards"."list_id" = ?
params: 019bd127-dc41
-7b97-9771-3d6cd054f5
72
    at LibSQLPrepared
Query.queryWithCache 
(file:///D:/UIT_COURS
ES/SE100/DailyDesk/no
de_modules/[4m.pnpm
[24m/drizzle-orm@0.44
.7_@electri_5c2928a09
9a752b7e299aaadb8975a
ea/node_modules/[4ms
rc[24m/sqlite-core/s
ession.ts:80:11)
[90m    at processTi
cksAndRejections (nod
e:internal/process/ta
sk_queues:105:5)[39m
    at LibSQLPrepared
Query.values (file://
/D:/UIT_COURSES/SE100
/DailyDesk/node_modul
es/[4m.pnpm[24m/dri
zzle-orm@0.44.7_@elec
tri_5c2928a099a752b7e
299aaadb8975aea/node_
modules/[4msrc[24m/
libsql/session.ts:286
:10)
    at LibSQLPrepared
Query.all (file:///D:
/UIT_COURSES/SE100/Da
ilyDesk/node_modules/
[4m.pnpm[24m/drizzl
e-orm@0.44.7_@electri
_5c2928a099a752b7e299
aaadb8975aea/node_mod
ules/[4msrc[24m/lib
sql/session.ts:214:16
)
    at 
Module.createCard [9
0m(D:\UIT_COURSES\SE1
00\DailyDesk\backend\
[39msrc\services\car
ds.service.ts:319:23
[90m)[39m
    at [90mD:\UIT_CO
URSES\SE100\DailyDesk
\backend\[39msrc\rou
tes\cards.ts:152:22
    at dispatch (file
:///D:/UIT_COURSES/SE
100/DailyDesk/node_mo
dules/[4m.pnpm[24m/
hono@4.11.3/node_modu
les/[4mhono[24m/dis
t/compose.js:22:17)
    at file:///D:/UIT
_COURSES/SE100/DailyD
esk/node_modules/[4m
.pnpm[24m/hono@4.11.
3/node_modules/[4mho
no[24m/dist/validato
r/validator.js:81:12
    at mw (file:///D:
/UIT_COURSES/SE100/Da
ilyDesk/node_modules/
[4m.pnpm[24m/@hono+
zod-openapi@1.2.0_hon
o@4.11.3_zod@4.3.5/no
de_modules/[4m@hono
[24m/zod-openapi/src/
index.ts:546:26)
    at dispatch (file
:///D:/UIT_COURSES/SE
100/DailyDesk/node_mo
dules/[4m.pnpm[24m/
hono@4.11.3/node_modu
les/[4mhono[24m/dis
t/compose.js:22:17) {
  query: 
[32m'select "id", 
"name", 
"description", 
"order", 
"cover_url", 
"cover_public_id", 
"cover_color", 
"cover_mode", 
"list_id", 
"start_date", 
"deadline", 
"due_at", 
"due_complete", 
"reminder_minutes", 
"recurrence", 
"recurrence_day", "re
currence_weekday", 
"repeat_frequency", 
"repeat_interval", 
"latitude", 
"longitude", 
"completed", 
"is_template", 
"created_at", 
"updated_at" from 
"cards" where 
"cards"."list_id" = 
?'[39m,
  params: [ [32m'019
bd127-dc41-7b97-9771-
3d6cd054f572'[39m ],
  cause: 
LibsqlError: 
SQLITE_ERROR: no 
such column: 
is_template
      at 
mapSqliteError (file:
///D:/UIT_COURSES/SE1
00/DailyDesk/node_mod
ules/[4m.pnpm[24m/@
libsql+client@0.15.15
/node_modules/[4m@li
bsql[24m/client/lib-
esm/sqlite3.js:392:16
)
      at executeStmt 
(file:///D:/UIT_COURS
ES/SE100/DailyDesk/no
de_modules/[4m.pnpm
[24m/@libsql+client@0
.15.15/node_modules/
[4m@libsql[24m/clien
t/lib-esm/sqlite3.js:
297:15)
      at Sqlite3Clien
t.execute (file:///D:
/UIT_COURSES/SE100/Da
ilyDesk/node_modules/
[4m.pnpm[24m/@libsq
l+client@0.15.15/node
_modules/[4m@libsql
[24m/client/lib-esm/s
qlite3.js:81:16)
  [90m    ... 5 
lines matching cause 
stack trace ...[39m
      at SQLiteSelect
Base.execute (file://
/D:/UIT_COURSES/SE100
/DailyDesk/node_modul
es/[4m.pnpm[24m/dri
zzle-orm@0.44.7_@elec
tri_5c2928a099a752b7e
299aaadb8975aea/node_
modules/[4msrc[24m/
sqlite-core/query-bui
lders/select.ts:962:1
5)
      at SQLiteSelect
Base.then (file:///D:
/UIT_COURSES/SE100/Da
ilyDesk/node_modules/
[4m.pnpm[24m/drizzl
e-orm@0.44.7_@electri
_5c2928a099a752b7e299
aaadb8975aea/node_mod
ules/[4msrc[24m/que
ry-promise.ts:31:15) 
{
    code: [32m'SQLIT
E_ERROR'[39m,
    rawCode: 
[33m1[39m,
    [cause]: 
SqliteError: no such 
column: is_template
        at 
convertError (D:\UIT_
COURSES\SE100\DailyDe
sk\node_modules\[4m.
pnpm[24m\libsql@0.5.
22\node_modules\[4ml
ibsql[24m\index.js:5
9:12)
        at 
Database.prepare (D:\
UIT_COURSES\SE100\Dai
lyDesk\node_modules\
[4m.pnpm[24m\libsql@
0.5.22\node_modules\
[4mlibsql[24m\index.
js:131:13)
        at 
executeStmt (file:///
D:/UIT_COURSES/SE100/
DailyDesk/node_module
s/[4m.pnpm[24m/@lib
sql+client@0.15.15/no
de_modules/[4m@libsq
l[24m/client/lib-esm
/sqlite3.js:268:28)
        at Sqlite3Cli
ent.execute (file:///
D:/UIT_COURSES/SE100/
DailyDesk/node_module
s/[4m.pnpm[24m/@lib
sql+client@0.15.15/no
de_modules/[4m@libsq
l[24m/client/lib-esm
/sqlite3.js:81:16)
        at file:///D:
/UIT_COURSES/SE100/Da
ilyDesk/node_modules/
[4m.pnpm[24m/drizzl
e-orm@0.44.7_@electri
_5c2928a099a752b7e299
aaadb8975aea/node_mod
ules/[4msrc[24m/lib
sql/session.ts:288:58
        at LibSQLPrep
aredQuery.queryWithCa
che (file:///D:/UIT_C
OURSES/SE100/DailyDes
k/node_modules/[4m.p
npm[24m/drizzle-orm@
0.44.7_@electri_5c292
8a099a752b7e299aaadb8
975aea/node_modules/
[4msrc[24m/sqlite-co
re/session.ts:78:18)
        at LibSQLPrep
aredQuery.values (fil
e:///D:/UIT_COURSES/S
E100/DailyDesk/node_m
odules/[4m.pnpm[24m
/drizzle-orm@0.44.7_@
electri_5c2928a099a75
2b7e299aaadb8975aea/n
ode_modules/[4msrc[
24m/libsql/session.ts
:286:21)
        at LibSQLPrep
aredQuery.all (file:/
//D:/UIT_COURSES/SE10
0/DailyDesk/node_modu
les/[4m.pnpm[24m/dr
izzle-orm@0.44.7_@ele
ctri_5c2928a099a752b7
e299aaadb8975aea/node
_modules/[4msrc[24m
/libsql/session.ts:21
4:27)
        at 
SQLiteSelectBase.all 
(file:///D:/UIT_COURS
ES/SE100/DailyDesk/no
de_modules/[4m.pnpm
[24m/drizzle-orm@0.44
.7_@electri_5c2928a09
9a752b7e299aaadb8975a
ea/node_modules/[4ms
rc[24m/sqlite-core/q
uery-builders/select.
ts:950:26)
        at SQLiteSele
ctBase.execute (file:
///D:/UIT_COURSES/SE1
00/DailyDesk/node_mod
ules/[4m.pnpm[24m/d
rizzle-orm@0.44.7_@el
ectri_5c2928a099a752b
7e299aaadb8975aea/nod
e_modules/[4msrc[24
m/sqlite-core/query-b
uilders/select.ts:962
:15) {
      code: [32m'SQL
ITE_ERROR'[39m,
      rawCode: 
[33m1[39m
    }
  }
}
DrizzleQueryError: 
Failed query: select 
"id", "name", 
"description", 
"order", 
"cover_url", 
"cover_public_id", 
"cover_color", 
"cover_mode", 
"list_id", 
"start_date", 
"deadline", 
"due_at", 
"due_complete", 
"reminder_minutes", 
"recurrence", 
"recurrence_day", "re
currence_weekday", 
"repeat_frequency", 
"repeat_interval", 
"latitude", 
"longitude", 
"completed", 
"is_template", 
"created_at", 
"updated_at" from 
"cards" where 
"cards"."list_id" = ?
params: 019bd127-dc41
-7b97-9771-3d6cd054f5
72
    at LibSQLPrepared
Query.queryWithCache 
(file:///D:/UIT_COURS
ES/SE100/DailyDesk/no
de_modules/[4m.pnpm
[24m/drizzle-orm@0.44
.7_@electri_5c2928a09
9a752b7e299aaadb8975a
ea/node_modules/[4ms
rc[24m/sqlite-core/s
ession.ts:80:11)
[90m    at processTi
cksAndRejections (nod
e:internal/process/ta
sk_queues:105:5)[39m
    at LibSQLPrepared
Query.values (file://
/D:/UIT_COURSES/SE100
/DailyDesk/node_modul
es/[4m.pnpm[24m/dri
zzle-orm@0.44.7_@elec
tri_5c2928a099a752b7e
299aaadb8975aea/node_
modules/[4msrc[24m/
libsql/session.ts:286
:10)
    at LibSQLPrepared
Query.all (file:///D:
/UIT_COURSES/SE100/Da
ilyDesk/node_modules/
[4m.pnpm[24m/drizzl
e-orm@0.44.7_@electri
_5c2928a099a752b7e299
aaadb8975aea/node_mod
ules/[4msrc[24m/lib
sql/session.ts:214:16
)
    at 
Module.createCard [9
0m(D:\UIT_COURSES\SE1
00\DailyDesk\backend\
[39msrc\services\car
ds.service.ts:319:23
[90m)[39m
    at [90mD:\UIT_CO
URSES\SE100\DailyDesk
\backend\[39msrc\rou
tes\cards.ts:152:22
    at dispatch (file
:///D:/UIT_COURSES/SE
100/DailyDesk/node_mo
dules/[4m.pnpm[24m/
hono@4.11.3/node_modu
les/[4mhono[24m/dis
t/compose.js:22:17)
    at file:///D:/UIT
_COURSES/SE100/DailyD
esk/node_modules/[4m
.pnpm[24m/hono@4.11.
3/node_modules/[4mho
no[24m/dist/validato
r/validator.js:81:12
    at mw (file:///D:
/UIT_COURSES/SE100/Da
ilyDesk/node_modules/
[4m.pnpm[24m/@hono+
zod-openapi@1.2.0_hon
o@4.11.3_zod@4.3.5/no
de_modules/[4m@hono
[24m/zod-openapi/src/
index.ts:546:26)
    at dispatch (file
:///D:/UIT_COURSES/SE
100/DailyDesk/node_mo
dules/[4m.pnpm[24m/
hono@4.11.3/node_modu
les/[4mhono[24m/dis
t/compose.js:22:17) {
  query: 
[32m'select "id", 
"name", 
"description", 
"order", 
"cover_url", 
"cover_public_id", 
"cover_color", 
"cover_mode", 
"list_id", 
"start_date", 
"deadline", 
"due_at", 
"due_complete", 
"reminder_minutes", 
"recurrence", 
"recurrence_day", "re
currence_weekday", 
"repeat_frequency", 
"repeat_interval", 
"latitude", 
"longitude", 
"completed", 
"is_template", 
"created_at", 
"updated_at" from 
"cards" where 
"cards"."list_id" = 
?'[39m,
  params: [ [32m'019
bd127-dc41-7b97-9771-
3d6cd054f572'[39m ],
  cause: 
LibsqlError: 
SQLITE_ERROR: no 
such column: 
is_template
      at 
mapSqliteError (file:
///D:/UIT_COURSES/SE1
00/DailyDesk/node_mod
ules/[4m.pnpm[24m/@
libsql+client@0.15.15
/node_modules/[4m@li
bsql[24m/client/lib-
esm/sqlite3.js:392:16
)
      at executeStmt 
(file:///D:/UIT_COURS
ES/SE100/DailyDesk/no
de_modules/[4m.pnpm
[24m/@libsql+client@0
.15.15/node_modules/
[4m@libsql[24m/clien
t/lib-esm/sqlite3.js:
297:15)
      at Sqlite3Clien
t.execute (file:///D:
/UIT_COURSES/SE100/Da
ilyDesk/node_modules/
[4m.pnpm[24m/@libsq
l+client@0.15.15/node
_modules/[4m@libsql
[24m/client/lib-esm/s
qlite3.js:81:16)
  [90m    ... 5 
lines matching cause 
stack trace ...[39m
      at SQLiteSelect
Base.execute (file://
/D:/UIT_COURSES/SE100
/DailyDesk/node_modul
es/[4m.pnpm[24m/dri
zzle-orm@0.44.7_@elec
tri_5c2928a099a752b7e
299aaadb8975aea/node_
modules/[4msrc[24m/
sqlite-core/query-bui
lders/select.ts:962:1
5)
      at SQLiteSelect
Base.then (file:///D:
/UIT_COURSES/SE100/Da
ilyDesk/node_modules/
[4m.pnpm[24m/drizzl
e-orm@0.44.7_@electri
_5c2928a099a752b7e299
aaadb8975aea/node_mod
ules/[4msrc[24m/que
ry-promise.ts:31:15) 
{
    code: [32m'SQLIT
E_ERROR'[39m,
    rawCode: 
[33m1[39m,
    [cause]: 
SqliteError: no such 
column: is_template
        at 
convertError (D:\UIT_
COURSES\SE100\DailyDe
sk\node_modules\[4m.
pnpm[24m\libsql@0.5.
22\node_modules\[4ml
ibsql[24m\index.js:5
9:12)
        at 
Database.prepare (D:\
UIT_COURSES\SE100\Dai
lyDesk\node_modules\
[4m.pnpm[24m\libsql@
0.5.22\node_modules\
[4mlibsql[24m\index.
js:131:13)
        at 
executeStmt (file:///
D:/UIT_COURSES/SE100/
DailyDesk/node_module
s/[4m.pnpm[24m/@lib
sql+client@0.15.15/no
de_modules/[4m@libsq
l[24m/client/lib-esm
/sqlite3.js:268:28)
        at Sqlite3Cli
ent.execute (file:///
D:/UIT_COURSES/SE100/
DailyDesk/node_module
s/[4m.pnpm[24m/@lib
sql+client@0.15.15/no
de_modules/[4m@libsq
l[24m/client/lib-esm
/sqlite3.js:81:16)
        at file:///D:
/UIT_COURSES/SE100/Da
ilyDesk/node_modules/
[4m.pnpm[24m/drizzl
e-orm@0.44.7_@electri
_5c2928a099a752b7e299
aaadb8975aea/node_mod
ules/[4msrc[24m/lib
sql/session.ts:288:58
        at LibSQLPrep
aredQuery.queryWithCa
che (file:///D:/UIT_C
OURSES/SE100/DailyDes
k/node_modules/[4m.p
npm[24m/drizzle-orm@
0.44.7_@electri_5c292
8a099a752b7e299aaadb8
975aea/node_modules/
[4msrc[24m/sqlite-co
re/session.ts:78:18)
        at LibSQLPrep
aredQuery.values (fil
e:///D:/UIT_COURSES/S
E100/DailyDesk/node_m
odules/[4m.pnpm[24m
/drizzle-orm@0.44.7_@
electri_5c2928a099a75
2b7e299aaadb8975aea/n
ode_modules/[4msrc[
24m/libsql/session.ts
:286:21)
        at LibSQLPrep
aredQuery.all (file:/
//D:/UIT_COURSES/SE10
0/DailyDesk/node_modu
les/[4m.pnpm[24m/dr
izzle-orm@0.44.7_@ele
ctri_5c2928a099a752b7
e299aaadb8975aea/node
_modules/[4msrc[24m
/libsql/session.ts:21
4:27)
        at 
SQLiteSelectBase.all 
(file:///D:/UIT_COURS
ES/SE100/DailyDesk/no
de_modules/[4m.pnpm
[24m/drizzle-orm@0.44
.7_@electri_5c2928a09
9a752b7e299aaadb8975a
ea/node_modules/[4ms
rc[24m/sqlite-core/q
uery-builders/select.
ts:950:26)
        at SQLiteSele
ctBase.execute (file:
///D:/UIT_COURSES/SE1
00/DailyDesk/node_mod
ules/[4m.pnpm[24m/d
rizzle-orm@0.44.7_@el
ectri_5c2928a099a752b
7e299aaadb8975aea/nod
e_modules/[4msrc[24
m/sqlite-core/query-b
uilders/select.ts:962
:15) {
      code: [32m'SQL
ITE_ERROR'[39m,
      rawCode: 
[33m1[39m
    }
  }
}
DrizzleQueryError: 
Failed query: select 
"id", "name", 
"description", 
"order", 
"cover_url", 
"cover_public_id", 
"cover_color", 
"cover_mode", 
"list_id", 
"start_date", 
"deadline", 
"due_at", 
"due_complete", 
"reminder_minutes", 
"recurrence", 
"recurrence_day", "re
currence_weekday", 
"repeat_frequency", 
"repeat_interval", 
"latitude", 
"longitude", 
"completed", 
"is_template", 
"created_at", 
"updated_at" from 
"cards" where 
"cards"."list_id" = ?
params: 019bd127-dc41
-7b97-9771-3d6cd054f5
72
    at LibSQLPrepared
Query.queryWithCache 
(file:///D:/UIT_COURS
ES/SE100/DailyDesk/no
de_modules/[4m.pnpm
[24m/drizzle-orm@0.44
.7_@electri_5c2928a09
9a752b7e299aaadb8975a
ea/node_modules/[4ms
rc[24m/sqlite-core/s
ession.ts:80:11)
[90m    at processTi
cksAndRejections (nod
e:internal/process/ta
sk_queues:105:5)[39m
    at LibSQLPrepared
Query.values (file://
/D:/UIT_COURSES/SE100
/DailyDesk/node_modul
es/[4m.pnpm[24m/dri
zzle-orm@0.44.7_@elec
tri_5c2928a099a752b7e
299aaadb8975aea/node_
modules/[4msrc[24m/
libsql/session.ts:286
:10)
    at LibSQLPrepared
Query.all (file:///D:
/UIT_COURSES/SE100/Da
ilyDesk/node_modules/
[4m.pnpm[24m/drizzl
e-orm@0.44.7_@electri
_5c2928a099a752b7e299
aaadb8975aea/node_mod
ules/[4msrc[24m/lib
sql/session.ts:214:16
)
    at 
Module.createCard [9
0m(D:\UIT_COURSES\SE1
00\DailyDesk\backend\
[39msrc\services\car
ds.service.ts:319:23
[90m)[39m
    at [90mD:\UIT_CO
URSES\SE100\DailyDesk
\backend\[39msrc\rou
tes\cards.ts:152:22
    at dispatch (file
:///D:/UIT_COURSES/SE
100/DailyDesk/node_mo
dules/[4m.pnpm[24m/
hono@4.11.3/node_modu
les/[4mhono[24m/dis
t/compose.js:22:17)
    at file:///D:/UIT
_COURSES/SE100/DailyD
esk/node_modules/[4m
.pnpm[24m/hono@4.11.
3/node_modules/[4mho
no[24m/dist/validato
r/validator.js:81:12
    at mw (file:///D:
/UIT_COURSES/SE100/Da
ilyDesk/node_modules/
[4m.pnpm[24m/@hono+
zod-openapi@1.2.0_hon
o@4.11.3_zod@4.3.5/no
de_modules/[4m@hono
[24m/zod-openapi/src/
index.ts:546:26)
    at dispatch (file
:///D:/UIT_COURSES/SE
100/DailyDesk/node_mo
dules/[4m.pnpm[24m/
hono@4.11.3/node_modu
les/[4mhono[24m/dis
t/compose.js:22:17) {
  query: 
[32m'select "id", 
"name", 
"description", 
"order", 
"cover_url", 
"cover_public_id", 
"cover_color", 
"cover_mode", 
"list_id", 
"start_date", 
"deadline", 
"due_at", 
"due_complete", 
"reminder_minutes", 
"recurrence", 
"recurrence_day", "re
currence_weekday", 
"repeat_frequency", 
"repeat_interval", 
"latitude", 
"longitude", 
"completed", 
"is_template", 
"created_at", 
"updated_at" from 
"cards" where 
"cards"."list_id" = 
?'[39m,
  params: [ [32m'019
bd127-dc41-7b97-9771-
3d6cd054f572'[39m ],
  cause: 
LibsqlError: 
SQLITE_ERROR: no 
such column: 
is_template
      at 
mapSqliteError (file:
///D:/UIT_COURSES/SE1
00/DailyDesk/node_mod
ules/[4m.pnpm[24m/@
libsql+client@0.15.15
/node_modules/[4m@li
bsql[24m/client/lib-
esm/sqlite3.js:392:16
)
      at executeStmt 
(file:///D:/UIT_COURS
ES/SE100/DailyDesk/no
de_modules/[4m.pnpm
[24m/@libsql+client@0
.15.15/node_modules/
[4m@libsql[24m/clien
t/lib-esm/sqlite3.js:
297:15)
      at Sqlite3Clien
t.execute (file:///D:
/UIT_COURSES/SE100/Da
ilyDesk/node_modules/
[4m.pnpm[24m/@libsq
l+client@0.15.15/node
_modules/[4m@libsql
[24m/client/lib-esm/s
qlite3.js:81:16)
  [90m    ... 5 
lines matching cause 
stack trace ...[39m
      at SQLiteSelect
Base.execute (file://
/D:/UIT_COURSES/SE100
/DailyDesk/node_modul
es/[4m.pnpm[24m/dri
zzle-orm@0.44.7_@elec
tri_5c2928a099a752b7e
299aaadb8975aea/node_
modules/[4msrc[24m/
sqlite-core/query-bui
lders/select.ts:962:1
5)
      at SQLiteSelect
Base.then (file:///D:
/UIT_COURSES/SE100/Da
ilyDesk/node_modules/
[4m.pnpm[24m/drizzl
e-orm@0.44.7_@electri
_5c2928a099a752b7e299
aaadb8975aea/node_mod
ules/[4msrc[24m/que
ry-promise.ts:31:15) 
{
    code: [32m'SQLIT
E_ERROR'[39m,
    rawCode: 
[33m1[39m,
    [cause]: 
SqliteError: no such 
column: is_template
        at 
convertError (D:\UIT_
COURSES\SE100\DailyDe
sk\node_modules\[4m.
pnpm[24m\libsql@0.5.
22\node_modules\[4ml
ibsql[24m\index.js:5
9:12)
        at 
Database.prepare (D:\
UIT_COURSES\SE100\Dai
lyDesk\node_modules\
[4m.pnpm[24m\libsql@
0.5.22\node_modules\
[4mlibsql[24m\index.
js:131:13)
        at 
executeStmt (file:///
D:/UIT_COURSES/SE100/
DailyDesk/node_module
s/[4m.pnpm[24m/@lib
sql+client@0.15.15/no
de_modules/[4m@libsq
l[24m/client/lib-esm
/sqlite3.js:268:28)
        at Sqlite3Cli
ent.execute (file:///
D:/UIT_COURSES/SE100/
DailyDesk/node_module
s/[4m.pnpm[24m/@lib
sql+client@0.15.15/no
de_modules/[4m@libsq
l[24m/client/lib-esm
/sqlite3.js:81:16)
        at file:///D:
/UIT_COURSES/SE100/Da
ilyDesk/node_modules/
[4m.pnpm[24m/drizzl
e-orm@0.44.7_@electri
_5c2928a099a752b7e299
aaadb8975aea/node_mod
ules/[4msrc[24m/lib
sql/session.ts:288:58
        at LibSQLPrep
aredQuery.queryWithCa
che (file:///D:/UIT_C
OURSES/SE100/DailyDes
k/node_modules/[4m.p
npm[24m/drizzle-orm@
0.44.7_@electri_5c292
8a099a752b7e299aaadb8
975aea/node_modules/
[4msrc[24m/sqlite-co
re/session.ts:78:18)
        at LibSQLPrep
aredQuery.values (fil
e:///D:/UIT_COURSES/S
E100/DailyDesk/node_m
odules/[4m.pnpm[24m
/drizzle-orm@0.44.7_@
electri_5c2928a099a75
2b7e299aaadb8975aea/n
ode_modules/[4msrc[
24m/libsql/session.ts
:286:21)
        at LibSQLPrep
aredQuery.all (file:/
//D:/UIT_COURSES/SE10
0/DailyDesk/node_modu
les/[4m.pnpm[24m/dr
izzle-orm@0.44.7_@ele
ctri_5c2928a099a752b7
e299aaadb8975aea/node
_modules/[4msrc[24m
/libsql/session.ts:21
4:27)
        at 
SQLiteSelectBase.all 
(file:///D:/UIT_COURS
ES/SE100/DailyDesk/no
de_modules/[4m.pnpm
[24m/drizzle-orm@0.44
.7_@electri_5c2928a09
9a752b7e299aaadb8975a
ea/node_modules/[4ms
rc[24m/sqlite-core/q
uery-builders/select.
ts:950:26)
        at SQLiteSele
ctBase.execute (file:
///D:/UIT_COURSES/SE1
00/DailyDesk/node_mod
ules/[4m.pnpm[24m/d
rizzle-orm@0.44.7_@el
ectri_5c2928a099a752b
7e299aaadb8975aea/nod
e_modules/[4msrc[24
m/sqlite-core/query-b
uilders/select.ts:962
:15) {
      code: [32m'SQL
ITE_ERROR'[39m,
      rawCode: 
[33m1[39m
    }
  }
}
DrizzleQueryError: 
Failed query: select 
"id", "name", 
"description", 
"order", 
"cover_url", 
"cover_public_id", 
"cover_color", 
"cover_mode", 
"list_id", 
"start_date", 
"deadline", 
"due_at", 
"due_complete", 
"reminder_minutes", 
"recurrence", 
"recurrence_day", "re
currence_weekday", 
"repeat_frequency", 
"repeat_interval", 
"latitude", 
"longitude", 
"completed", 
"is_template", 
"created_at", 
"updated_at" from 
"cards" where 
"cards"."id" = ? 
limit ?
params: 019bd127-dc44
-7f6a-9022-f6ae3cb889
27,1
    at LibSQLPrepared
Query.queryWithCache 
(file:///D:/UIT_COURS
ES/SE100/DailyDesk/no
de_modules/[4m.pnpm
[24m/drizzle-orm@0.44
.7_@electri_5c2928a09
9a752b7e299aaadb8975a
ea/node_modules/[4ms
rc[24m/sqlite-core/s
ession.ts:80:11)
[90m    at processTi
cksAndRejections (nod
e:internal/process/ta
sk_queues:105:5)[39m
    at LibSQLPrepared
Query.values (file://
/D:/UIT_COURSES/SE100
/DailyDesk/node_modul
es/[4m.pnpm[24m/dri
zzle-orm@0.44.7_@elec
tri_5c2928a099a752b7e
299aaadb8975aea/node_
modules/[4msrc[24m/
libsql/session.ts:286
:10)
    at LibSQLPrepared
Query.all (file:///D:
/UIT_COURSES/SE100/Da
ilyDesk/node_modules/
[4m.pnpm[24m/drizzl
e-orm@0.44.7_@electri
_5c2928a099a752b7e299
aaadb8975aea/node_mod
ules/[4msrc[24m/lib
sql/session.ts:214:16
)
    at 
Module.deleteCard [9
0m(D:\UIT_COURSES\SE1
00\DailyDesk\backend\
[39msrc\services\car
ds.service.ts:938:24
[90m)[39m
    at [90mD:\UIT_CO
URSES\SE100\DailyDesk
\backend\[39msrc\rou
tes\cards.ts:300:24
    at dispatch (file
:///D:/UIT_COURSES/SE
100/DailyDesk/node_mo
dules/[4m.pnpm[24m/
hono@4.11.3/node_modu
les/[4mhono[24m/dis
t/compose.js:22:17)
    at file:///D:/UIT
_COURSES/SE100/DailyD
esk/node_modules/[4m
.pnpm[24m/hono@4.11.
3/node_modules/[4mho
no[24m/dist/validato
r/validator.js:81:12
    at dispatch (file
:///D:/UIT_COURSES/SE
100/DailyDesk/node_mo
dules/[4m.pnpm[24m/
hono@4.11.3/node_modu
les/[4mhono[24m/dis
t/compose.js:22:17)
    at [90mD:\UIT_CO
URSES\SE100\DailyDesk
\backend\[39mtests\h
elpers\auth.ts:27:5 {
  query: 
[32m'select "id", 
"name", 
"description", 
"order", 
"cover_url", 
"cover_public_id", 
"cover_color", 
"cover_mode", 
"list_id", 
"start_date", 
"deadline", 
"due_at", 
"due_complete", 
"reminder_minutes", 
"recurrence", 
"recurrence_day", "re
currence_weekday", 
"repeat_frequency", 
"repeat_interval", 
"latitude", 
"longitude", 
"completed", 
"is_template", 
"created_at", 
"updated_at" from 
"cards" where 
"cards"."id" = ? 
limit ?'[39m,
  params: [ [32m'019
bd127-dc44-7f6a-9022-
f6ae3cb88927'[39m, 
[33m1[39m ],
  cause: 
LibsqlError: 
SQLITE_ERROR: no 
such column: 
is_template
      at 
mapSqliteError (file:
///D:/UIT_COURSES/SE1
00/DailyDesk/node_mod
ules/[4m.pnpm[24m/@
libsql+client@0.15.15
/node_modules/[4m@li
bsql[24m/client/lib-
esm/sqlite3.js:392:16
)
      at executeStmt 
(file:///D:/UIT_COURS
ES/SE100/DailyDesk/no
de_modules/[4m.pnpm
[24m/@libsql+client@0
.15.15/node_modules/
[4m@libsql[24m/clien
t/lib-esm/sqlite3.js:
297:15)
      at Sqlite3Clien
t.execute (file:///D:
/UIT_COURSES/SE100/Da
ilyDesk/node_modules/
[4m.pnpm[24m/@libsq
l+client@0.15.15/node
_modules/[4m@libsql
[24m/client/lib-esm/s
qlite3.js:81:16)
  [90m    ... 5 
lines matching cause 
stack trace ...[39m
      at SQLiteSelect
Base.execute (file://
/D:/UIT_COURSES/SE100
/DailyDesk/node_modul
es/[4m.pnpm[24m/dri
zzle-orm@0.44.7_@elec
tri_5c2928a099a752b7e
299aaadb8975aea/node_
modules/[4msrc[24m/
sqlite-core/query-bui
lders/select.ts:962:1
5)
      at SQLiteSelect
Base.then (file:///D:
/UIT_COURSES/SE100/Da
ilyDesk/node_modules/
[4m.pnpm[24m/drizzl
e-orm@0.44.7_@electri
_5c2928a099a752b7e299
aaadb8975aea/node_mod
ules/[4msrc[24m/que
ry-promise.ts:31:15) 
{
    code: [32m'SQLIT
E_ERROR'[39m,
    rawCode: 
[33m1[39m,
    [cause]: 
SqliteError: no such 
column: is_template
        at 
convertError (D:\UIT_
COURSES\SE100\DailyDe
sk\node_modules\[4m.
pnpm[24m\libsql@0.5.
22\node_modules\[4ml
ibsql[24m\index.js:5
9:12)
        at 
Database.prepare (D:\
UIT_COURSES\SE100\Dai
lyDesk\node_modules\
[4m.pnpm[24m\libsql@
0.5.22\node_modules\
[4mlibsql[24m\index.
js:131:13)
        at 
executeStmt (file:///
D:/UIT_COURSES/SE100/
DailyDesk/node_module
s/[4m.pnpm[24m/@lib
sql+client@0.15.15/no
de_modules/[4m@libsq
l[24m/client/lib-esm
/sqlite3.js:268:28)
        at Sqlite3Cli
ent.execute (file:///
D:/UIT_COURSES/SE100/
DailyDesk/node_module
s/[4m.pnpm[24m/@lib
sql+client@0.15.15/no
de_modules/[4m@libsq
l[24m/client/lib-esm
/sqlite3.js:81:16)
        at file:///D:
/UIT_COURSES/SE100/Da
ilyDesk/node_modules/
[4m.pnpm[24m/drizzl
e-orm@0.44.7_@electri
_5c2928a099a752b7e299
aaadb8975aea/node_mod
ules/[4msrc[24m/lib
sql/session.ts:288:58
        at LibSQLPrep
aredQuery.queryWithCa
che (file:///D:/UIT_C
OURSES/SE100/DailyDes
k/node_modules/[4m.p
npm[24m/drizzle-orm@
0.44.7_@electri_5c292
8a099a752b7e299aaadb8
975aea/node_modules/
[4msrc[24m/sqlite-co
re/session.ts:78:18)
        at LibSQLPrep
aredQuery.values (fil
e:///D:/UIT_COURSES/S
E100/DailyDesk/node_m
odules/[4m.pnpm[24m
/drizzle-orm@0.44.7_@
electri_5c2928a099a75
2b7e299aaadb8975aea/n
ode_modules/[4msrc[
24m/libsql/session.ts
:286:21)
        at LibSQLPrep
aredQuery.all (file:/
//D:/UIT_COURSES/SE10
0/DailyDesk/node_modu
les/[4m.pnpm[24m/dr
izzle-orm@0.44.7_@ele
ctri_5c2928a099a752b7
e299aaadb8975aea/node
_modules/[4msrc[24m
/libsql/session.ts:21
4:27)
        at 
SQLiteSelectBase.all 
(file:///D:/UIT_COURS
ES/SE100/DailyDesk/no
de_modules/[4m.pnpm
[24m/drizzle-orm@0.44
.7_@electri_5c2928a09
9a752b7e299aaadb8975a
ea/node_modules/[4ms
rc[24m/sqlite-core/q
uery-builders/select.
ts:950:26)
        at SQLiteSele
ctBase.execute (file:
///D:/UIT_COURSES/SE1
00/DailyDesk/node_mod
ules/[4m.pnpm[24m/d
rizzle-orm@0.44.7_@el
ectri_5c2928a099a752b
7e299aaadb8975aea/nod
e_modules/[4msrc[24
m/sqlite-core/query-b
uilders/select.ts:962
:15) {
      code: [32m'SQL
ITE_ERROR'[39m,
      rawCode: 
[33m1[39m
    }
  }
}
DrizzleQueryError: 
Failed query: select 
"id", "name", 
"description", 
"order", 
"cover_url", 
"cover_public_id", 
"cover_color", 
"cover_mode", 
"list_id", 
"start_date", 
"deadline", 
"due_at", 
"due_complete", 
"reminder_minutes", 
"recurrence", 
"recurrence_day", "re
currence_weekday", 
"repeat_frequency", 
"repeat_interval", 
"latitude", 
"longitude", 
"completed", 
"is_template", 
"created_at", 
"updated_at" from 
"cards" where 
"cards"."id" = ? 
limit ?
params: 019bd127-dc48
-7df6-a18e-bf8f9fafa9
fb,1
    at LibSQLPrepared
Query.queryWithCache 
(file:///D:/UIT_COURS
ES/SE100/DailyDesk/no
de_modules/[4m.pnpm
[24m/drizzle-orm@0.44
.7_@electri_5c2928a09
9a752b7e299aaadb8975a
ea/node_modules/[4ms
rc[24m/sqlite-core/s
ession.ts:80:11)
[90m    at processTi
cksAndRejections (nod
e:internal/process/ta
sk_queues:105:5)[39m
    at LibSQLPrepared
Query.values (file://
/D:/UIT_COURSES/SE100
/DailyDesk/node_modul
es/[4m.pnpm[24m/dri
zzle-orm@0.44.7_@elec
tri_5c2928a099a752b7e
299aaadb8975aea/node_
modules/[4msrc[24m/
libsql/session.ts:286
:10)
    at LibSQLPrepared
Query.all (file:///D:
/UIT_COURSES/SE100/Da
ilyDesk/node_modules/
[4m.pnpm[24m/drizzl
e-orm@0.44.7_@electri
_5c2928a099a752b7e299
aaadb8975aea/node_mod
ules/[4msrc[24m/lib
sql/session.ts:214:16
)
    at 
Module.deleteCard [9
0m(D:\UIT_COURSES\SE1
00\DailyDesk\backend\
[39msrc\services\car
ds.service.ts:938:24
[90m)[39m
    at [90mD:\UIT_CO
URSES\SE100\DailyDesk
\backend\[39msrc\rou
tes\cards.ts:300:24
    at dispatch (file
:///D:/UIT_COURSES/SE
100/DailyDesk/node_mo
dules/[4m.pnpm[24m/
hono@4.11.3/node_modu
les/[4mhono[24m/dis
t/compose.js:22:17)
    at file:///D:/UIT
_COURSES/SE100/DailyD
esk/node_modules/[4m
.pnpm[24m/hono@4.11.
3/node_modules/[4mho
no[24m/dist/validato
r/validator.js:81:12
    at dispatch (file
:///D:/UIT_COURSES/SE
100/DailyDesk/node_mo
dules/[4m.pnpm[24m/
hono@4.11.3/node_modu
les/[4mhono[24m/dis
t/compose.js:22:17)
    at [90mD:\UIT_CO
URSES\SE100\DailyDesk
\backend\[39mtests\h
elpers\auth.ts:27:5 {
  query: 
[32m'select "id", 
"name", 
"description", 
"order", 
"cover_url", 
"cover_public_id", 
"cover_color", 
"cover_mode", 
"list_id", 
"start_date", 
"deadline", 
"due_at", 
"due_complete", 
"reminder_minutes", 
"recurrence", 
"recurrence_day", "re
currence_weekday", 
"repeat_frequency", 
"repeat_interval", 
"latitude", 
"longitude", 
"completed", 
"is_template", 
"created_at", 
"updated_at" from 
"cards" where 
"cards"."id" = ? 
limit ?'[39m,
  params: [ [32m'019
bd127-dc48-7df6-a18e-
bf8f9fafa9fb'[39m, 
[33m1[39m ],
  cause: 
LibsqlError: 
SQLITE_ERROR: no 
such column: 
is_template
      at 
mapSqliteError (file:
///D:/UIT_COURSES/SE1
00/DailyDesk/node_mod
ules/[4m.pnpm[24m/@
libsql+client@0.15.15
/node_modules/[4m@li
bsql[24m/client/lib-
esm/sqlite3.js:392:16
)
      at executeStmt 
(file:///D:/UIT_COURS
ES/SE100/DailyDesk/no
de_modules/[4m.pnpm
[24m/@libsql+client@0
.15.15/node_modules/
[4m@libsql[24m/clien
t/lib-esm/sqlite3.js:
297:15)
      at Sqlite3Clien
t.execute (file:///D:
/UIT_COURSES/SE100/Da
ilyDesk/node_modules/
[4m.pnpm[24m/@libsq
l+client@0.15.15/node
_modules/[4m@libsql
[24m/client/lib-esm/s
qlite3.js:81:16)
  [90m    ... 5 
lines matching cause 
stack trace ...[39m
      at SQLiteSelect
Base.execute (file://
/D:/UIT_COURSES/SE100
/DailyDesk/node_modul
es/[4m.pnpm[24m/dri
zzle-orm@0.44.7_@elec
tri_5c2928a099a752b7e
299aaadb8975aea/node_
modules/[4msrc[24m/
sqlite-core/query-bui
lders/select.ts:962:1
5)
      at SQLiteSelect
Base.then (file:///D:
/UIT_COURSES/SE100/Da
ilyDesk/node_modules/
[4m.pnpm[24m/drizzl
e-orm@0.44.7_@electri
_5c2928a099a752b7e299
aaadb8975aea/node_mod
ules/[4msrc[24m/que
ry-promise.ts:31:15) 
{
    code: [32m'SQLIT
E_ERROR'[39m,
    rawCode: 
[33m1[39m,
    [cause]: 
SqliteError: no such 
column: is_template
        at 
convertError (D:\UIT_
COURSES\SE100\DailyDe
sk\node_modules\[4m.
pnpm[24m\libsql@0.5.
22\node_modules\[4ml
ibsql[24m\index.js:5
9:12)
        at 
Database.prepare (D:\
UIT_COURSES\SE100\Dai
lyDesk\node_modules\
[4m.pnpm[24m\libsql@
0.5.22\node_modules\
[4mlibsql[24m\index.
js:131:13)
        at 
executeStmt (file:///
D:/UIT_COURSES/SE100/
DailyDesk/node_module
s/[4m.pnpm[24m/@lib
sql+client@0.15.15/no
de_modules/[4m@libsq
l[24m/client/lib-esm
/sqlite3.js:268:28)
        at Sqlite3Cli
ent.execute (file:///
D:/UIT_COURSES/SE100/
DailyDesk/node_module
s/[4m.pnpm[24m/@lib
sql+client@0.15.15/no
de_modules/[4m@libsq
l[24m/client/lib-esm
/sqlite3.js:81:16)
        at file:///D:
/UIT_COURSES/SE100/Da
ilyDesk/node_modules/
[4m.pnpm[24m/drizzl
e-orm@0.44.7_@electri
_5c2928a099a752b7e299
aaadb8975aea/node_mod
ules/[4msrc[24m/lib
sql/session.ts:288:58
        at LibSQLPrep
aredQuery.queryWithCa
che (file:///D:/UIT_C
OURSES/SE100/DailyDes
k/node_modules/[4m.p
npm[24m/drizzle-orm@
0.44.7_@electri_5c292
8a099a752b7e299aaadb8
975aea/node_modules/
[4msrc[24m/sqlite-co
re/session.ts:78:18)
        at LibSQLPrep
aredQuery.values (fil
e:///D:/UIT_COURSES/S
E100/DailyDesk/node_m
odules/[4m.pnpm[24m
/drizzle-orm@0.44.7_@
electri_5c2928a099a75
2b7e299aaadb8975aea/n
ode_modules/[4msrc[
24m/libsql/session.ts
:286:21)
        at LibSQLPrep
aredQuery.all (file:/
//D:/UIT_COURSES/SE10
0/DailyDesk/node_modu
les/[4m.pnpm[24m/dr
izzle-orm@0.44.7_@ele
ctri_5c2928a099a752b7
e299aaadb8975aea/node
_modules/[4msrc[24m
/libsql/session.ts:21
4:27)
        at 
SQLiteSelectBase.all 
(file:///D:/UIT_COURS
ES/SE100/DailyDesk/no
de_modules/[4m.pnpm
[24m/drizzle-orm@0.44
.7_@electri_5c2928a09
9a752b7e299aaadb8975a
ea/node_modules/[4ms
rc[24m/sqlite-core/q
uery-builders/select.
ts:950:26)
        at SQLiteSele
ctBase.execute (file:
///D:/UIT_COURSES/SE1
00/DailyDesk/node_mod
ules/[4m.pnpm[24m/d
rizzle-orm@0.44.7_@el
ectri_5c2928a099a752b
7e299aaadb8975aea/nod
e_modules/[4msrc[24
m/sqlite-core/query-b
uilders/select.ts:962
:15) {
      code: [32m'SQL
ITE_ERROR'[39m,
      rawCode: 
[33m1[39m
    }
  }
}
Error in boards GET 
by ID route: 
DrizzleQueryError: 
Failed query: select 
"id", "name", 
"user_id", 
"background_url", "ba
ckground_public_id", 
"background_color", 
(select coalesce(json
_group_array(json_arr
ay("id", "name", 
"order", "board_id", 
(select coalesce(json
_group_array(json_arr
ay("id", "name", 
"description", 
"order", 
"cover_url", 
"cover_public_id", 
"cover_color", 
"cover_mode", 
"list_id", 
"start_date", 
"deadline", 
"due_at", 
"due_complete", 
"reminder_minutes", 
"recurrence", 
"recurrence_day", "re
currence_weekday", 
"repeat_frequency", 
"repeat_interval", 
"latitude", 
"longitude", 
"completed", 
"is_template", 
"created_at", 
"updated_at")), 
json_array()) as 
"data" from (select 
* from "cards" "board
sTable_lists_cards" 
where "boardsTable_li
sts_cards"."list_id" 
= "boardsTable_lists"
."id" order by "board
sTable_lists_cards"."
order" asc) "boardsTa
ble_lists_cards"))), 
json_array()) as 
"data" from (select 
* from "lists" 
"boardsTable_lists" 
where "boardsTable_li
sts"."board_id" = 
"boardsTable"."id" 
order by "boardsTable
_lists"."order" asc) 
"boardsTable_lists") 
as "lists" from 
"boards" 
"boardsTable" where 
"boardsTable"."id" = 
? limit ?
params: 019bd127-dc3c
-7c1a-8cab-2a9f9ced01
cf,1
    at LibSQLPrepared
Query.queryWithCache 
(file:///D:/UIT_COURS
ES/SE100/DailyDesk/no
de_modules/[4m.pnpm
[24m/drizzle-orm@0.44
.7_@electri_5c2928a09
9a752b7e299aaadb8975a
ea/node_modules/[4ms
rc[24m/sqlite-core/s
ession.ts:80:11)
[90m    at processTi
cksAndRejections (nod
e:internal/process/ta
sk_queues:105:5)[39m
    at LibSQLPrepared
Query.values (file://
/D:/UIT_COURSES/SE100
/DailyDesk/node_modul
es/[4m.pnpm[24m/dri
zzle-orm@0.44.7_@elec
tri_5c2928a099a752b7e
299aaadb8975aea/node_
modules/[4msrc[24m/
libsql/session.ts:286
:10)
    at LibSQLPrepared
Query.get (file:///D:
/UIT_COURSES/SE100/Da
ilyDesk/node_modules/
[4m.pnpm[24m/drizzl
e-orm@0.44.7_@electri
_5c2928a099a752b7e299
aaadb8975aea/node_mod
ules/[4msrc[24m/lib
sql/session.ts:252:16
)
    at 
Module.getBoardById 
[90m(D:\UIT_COURSES\S
E100\DailyDesk\backen
d\[39msrc\services\b
oards.service.ts:230:
17[90m)[39m
    at [90mD:\UIT_CO
URSES\SE100\DailyDesk
\backend\[39msrc\rou
tes\boards.ts:138:23
    at dispatch (file
:///D:/UIT_COURSES/SE
100/DailyDesk/node_mo
dules/[4m.pnpm[24m/
hono@4.11.3/node_modu
les/[4mhono[24m/dis
t/compose.js:22:17)
    at file:///D:/UIT
_COURSES/SE100/DailyD
esk/node_modules/[4m
.pnpm[24m/hono@4.11.
3/node_modules/[4mho
no[24m/dist/validato
r/validator.js:81:12
    at dispatch (file
:///D:/UIT_COURSES/SE
100/DailyDesk/node_mo
dules/[4m.pnpm[24m/
hono@4.11.3/node_modu
les/[4mhono[24m/dis
t/compose.js:22:17)
    at [90mD:\UIT_CO
URSES\SE100\DailyDesk
\backend\[39mtests\h
elpers\auth.ts:27:5 {
  query: 
[32m'select "id", 
"name", "user_id", 
"background_url", "ba
ckground_public_id", 
"background_color", 
(select coalesce(json
_group_array(json_arr
ay("id", "name", 
"order", "board_id", 
(select coalesce(json
_group_array(json_arr
ay("id", "name", 
"description", 
"order", 
"cover_url", 
"cover_public_id", 
"cover_color", 
"cover_mode", 
"list_id", 
"start_date", 
"deadline", 
"due_at", 
"due_complete", 
"reminder_minutes", 
"recurrence", 
"recurrence_day", "re
currence_weekday", 
"repeat_frequency", 
"repeat_interval", 
"latitude", 
"longitude", 
"completed", 
"is_template", 
"created_at", 
"updated_at")), 
json_array()) as 
"data" from (select 
* from "cards" "board
sTable_lists_cards" 
where "boardsTable_li
sts_cards"."list_id" 
= "boardsTable_lists"
."id" order by "board
sTable_lists_cards"."
order" asc) "boardsTa
ble_lists_cards"))), 
json_array()) as 
"data" from (select 
* from "lists" 
"boardsTable_lists" 
where "boardsTable_li
sts"."board_id" = 
"boardsTable"."id" 
order by "boardsTable
_lists"."order" asc) 
"boardsTable_lists") 
as "lists" from 
"boards" 
"boardsTable" where 
"boardsTable"."id" = 
? limit ?'[39m,
  params: [ [32m'019
bd127-dc3c-7c1a-8cab-
2a9f9ced01cf'[39m, 
[33m1[39m ],
  cause: 
LibsqlError: 
SQLITE_ERROR: no 
such column: 
is_template
      at 
mapSqliteError (file:
///D:/UIT_COURSES/SE1
00/DailyDesk/node_mod
ules/[4m.pnpm[24m/@
libsql+client@0.15.15
/node_modules/[4m@li
bsql[24m/client/lib-
esm/sqlite3.js:392:16
)
      at executeStmt 
(file:///D:/UIT_COURS
ES/SE100/DailyDesk/no
de_modules/[4m.pnpm
[24m/@libsql+client@0
.15.15/node_modules/
[4m@libsql[24m/clien
t/lib-esm/sqlite3.js:
297:15)
      at Sqlite3Clien
t.execute (file:///D:
/UIT_COURSES/SE100/Da
ilyDesk/node_modules/
[4m.pnpm[24m/@libsq
l+client@0.15.15/node
_modules/[4m@libsql
[24m/client/lib-esm/s
qlite3.js:81:16)
  [90m    ... 5 
lines matching cause 
stack trace ...[39m
      at 
QueryPromise.execute 
(file:///D:/UIT_COURS
ES/SE100/DailyDesk/no
de_modules/[4m.pnpm
[24m/drizzle-orm@0.44
.7_@electri_5c2928a09
9a752b7e299aaadb8975a
ea/node_modules/[4ms
rc[24m/sqlite-core/q
uery-builders/query.t
s:197:15)
      at 
QueryPromise.then (fi
le:///D:/UIT_COURSES/
SE100/DailyDesk/node_
modules/[4m.pnpm[24
m/drizzle-orm@0.44.7_
@electri_5c2928a099a7
52b7e299aaadb8975aea/
node_modules/[4msrc
[24m/query-promise.ts
:31:15) {
    code: [32m'SQLIT
E_ERROR'[39m,
    rawCode: 
[33m1[39m,
    [cause]: 
SqliteError: no such 
column: is_template
        at 
convertError (D:\UIT_
COURSES\SE100\DailyDe
sk\node_modules\[4m.
pnpm[24m\libsql@0.5.
22\node_modules\[4ml
ibsql[24m\index.js:5
9:12)
        at 
Database.prepare (D:\
UIT_COURSES\SE100\Dai
lyDesk\node_modules\
[4m.pnpm[24m\libsql@
0.5.22\node_modules\
[4mlibsql[24m\index.
js:131:13)
        at 
executeStmt (file:///
D:/UIT_COURSES/SE100/
DailyDesk/node_module
s/[4m.pnpm[24m/@lib
sql+client@0.15.15/no
de_modules/[4m@libsq
l[24m/client/lib-esm
/sqlite3.js:268:28)
        at Sqlite3Cli
ent.execute (file:///
D:/UIT_COURSES/SE100/
DailyDesk/node_module
s/[4m.pnpm[24m/@lib
sql+client@0.15.15/no
de_modules/[4m@libsq
l[24m/client/lib-esm
/sqlite3.js:81:16)
        at file:///D:
/UIT_COURSES/SE100/Da
ilyDesk/node_modules/
[4m.pnpm[24m/drizzl
e-orm@0.44.7_@electri
_5c2928a099a752b7e299
aaadb8975aea/node_mod
ules/[4msrc[24m/lib
sql/session.ts:288:58
        at LibSQLPrep
aredQuery.queryWithCa
che (file:///D:/UIT_C
OURSES/SE100/DailyDes
k/node_modules/[4m.p
npm[24m/drizzle-orm@
0.44.7_@electri_5c292
8a099a752b7e299aaadb8
975aea/node_modules/
[4msrc[24m/sqlite-co
re/session.ts:78:18)
        at LibSQLPrep
aredQuery.values (fil
e:///D:/UIT_COURSES/S
E100/DailyDesk/node_m
odules/[4m.pnpm[24m
/drizzle-orm@0.44.7_@
electri_5c2928a099a75
2b7e299aaadb8975aea/n
ode_modules/[4msrc[
24m/libsql/session.ts
:286:21)
        at LibSQLPrep
aredQuery.get (file:/
//D:/UIT_COURSES/SE10
0/DailyDesk/node_modu
les/[4m.pnpm[24m/dr
izzle-orm@0.44.7_@ele
ctri_5c2928a099a752b7
e299aaadb8975aea/node
_modules/[4msrc[24m
/libsql/session.ts:25
2:27)
        at QueryPromi
se.executeRaw (file:/
//D:/UIT_COURSES/SE10
0/DailyDesk/node_modu
les/[4m.pnpm[24m/dr
izzle-orm@0.44.7_@ele
ctri_5c2928a099a752b7
e299aaadb8975aea/node
_modules/[4msrc[24m
/sqlite-core/query-bu
ilders/query.ts:191:3
2)
        at 
QueryPromise.execute 
(file:///D:/UIT_COURS
ES/SE100/DailyDesk/no
de_modules/[4m.pnpm
[24m/drizzle-orm@0.44
.7_@electri_5c2928a09
9a752b7e299aaadb8975a
ea/node_modules/[4ms
rc[24m/sqlite-core/q
uery-builders/query.t
s:197:15) {
      code: [32m'SQL
ITE_ERROR'[39m,
      rawCode: 
[33m1[39m
    }
  }
}

[90mstderr[2m | tes
ts/cards/cards.test.t
s[2m > 
[22m[2mCards API 
Integration 
Tests[2m > 
[22m[2mCard 
ordering[2m > 
[22m[2mshould 
maintain correct 
order when multiple 
cards are created
[22m[39mDrizzleQuer
yError: Failed 
query: select "id", 
"name", 
"description", 
"order", 
"cover_url", 
"cover_public_id", 
"cover_color", 
"cover_mode", 
"list_id", 
"start_date", 
"deadline", 
"due_at", 
"due_complete", 
"reminder_minutes", 
"recurrence", 
"recurrence_day", "re
currence_weekday", 
"repeat_frequency", 
"repeat_interval", 
"latitude", 
"longitude", 
"completed", 
"is_template", 
"created_at", 
"updated_at" from 
"cards" where 
"cards"."list_id" = ?
params: 019bd127-dc5e
-70dd-bfc3-35d579fbe2
95
    at LibSQLPrepared
Query.queryWithCache 
(file:///D:/UIT_COURS
ES/SE100/DailyDesk/no
de_modules/[4m.pnpm
[24m/drizzle-orm@0.44
.7_@electri_5c2928a09
9a752b7e299aaadb8975a
ea/node_modules/[4ms
rc[24m/sqlite-core/s
ession.ts:80:11)
[90m    at processTi
cksAndRejections (nod
e:internal/process/ta
sk_queues:105:5)[39m
    at LibSQLPrepared
Query.values (file://
/D:/UIT_COURSES/SE100
/DailyDesk/node_modul
es/[4m.pnpm[24m/dri
zzle-orm@0.44.7_@elec
tri_5c2928a099a752b7e
299aaadb8975aea/node_
modules/[4msrc[24m/
libsql/session.ts:286
:10)
    at LibSQLPrepared
Query.all (file:///D:
/UIT_COURSES/SE100/Da
ilyDesk/node_modules/
[4m.pnpm[24m/drizzl
e-orm@0.44.7_@electri
_5c2928a099a752b7e299
aaadb8975aea/node_mod
ules/[4msrc[24m/lib
sql/session.ts:214:16
)
    at 
Module.createCard [9
0m(D:\UIT_COURSES\SE1
00\DailyDesk\backend\
[39msrc\services\car
ds.service.ts:319:23
[90m)[39m
    at [90mD:\UIT_CO
URSES\SE100\DailyDesk
\backend\[39msrc\rou
tes\cards.ts:152:22
    at dispatch (file
:///D:/UIT_COURSES/SE
100/DailyDesk/node_mo
dules/[4m.pnpm[24m/
hono@4.11.3/node_modu
les/[4mhono[24m/dis
t/compose.js:22:17)
    at file:///D:/UIT
_COURSES/SE100/DailyD
esk/node_modules/[4m
.pnpm[24m/hono@4.11.
3/node_modules/[4mho
no[24m/dist/validato
r/validator.js:81:12
    at mw (file:///D:
/UIT_COURSES/SE100/Da
ilyDesk/node_modules/
[4m.pnpm[24m/@hono+
zod-openapi@1.2.0_hon
o@4.11.3_zod@4.3.5/no
de_modules/[4m@hono
[24m/zod-openapi/src/
index.ts:546:26)
    at dispatch (file
:///D:/UIT_COURSES/SE
100/DailyDesk/node_mo
dules/[4m.pnpm[24m/
hono@4.11.3/node_modu
les/[4mhono[24m/dis
t/compose.js:22:17) {
  query: 
[32m'select "id", 
"name", 
"description", 
"order", 
"cover_url", 
"cover_public_id", 
"cover_color", 
"cover_mode", 
"list_id", 
"start_date", 
"deadline", 
"due_at", 
"due_complete", 
"reminder_minutes", 
"recurrence", 
"recurrence_day", "re
currence_weekday", 
"repeat_frequency", 
"repeat_interval", 
"latitude", 
"longitude", 
"completed", 
"is_template", 
"created_at", 
"updated_at" from 
"cards" where 
"cards"."list_id" = 
?'[39m,
  params: [ [32m'019
bd127-dc5e-70dd-bfc3-
35d579fbe295'[39m ],
  cause: 
LibsqlError: 
SQLITE_ERROR: no 
such column: 
is_template
      at 
mapSqliteError (file:
///D:/UIT_COURSES/SE1
00/DailyDesk/node_mod
ules/[4m.pnpm[24m/@
libsql+client@0.15.15
/node_modules/[4m@li
bsql[24m/client/lib-
esm/sqlite3.js:392:16
)
      at executeStmt 
(file:///D:/UIT_COURS
ES/SE100/DailyDesk/no
de_modules/[4m.pnpm
[24m/@libsql+client@0
.15.15/node_modules/
[4m@libsql[24m/clien
t/lib-esm/sqlite3.js:
297:15)
      at Sqlite3Clien
t.execute (file:///D:
/UIT_COURSES/SE100/Da
ilyDesk/node_modules/
[4m.pnpm[24m/@libsq
l+client@0.15.15/node
_modules/[4m@libsql
[24m/client/lib-esm/s
qlite3.js:81:16)
  [90m    ... 5 
lines matching cause 
stack trace ...[39m
      at SQLiteSelect
Base.execute (file://
/D:/UIT_COURSES/SE100
/DailyDesk/node_modul
es/[4m.pnpm[24m/dri
zzle-orm@0.44.7_@elec
tri_5c2928a099a752b7e
299aaadb8975aea/node_
modules/[4msrc[24m/
sqlite-core/query-bui
lders/select.ts:962:1
5)
      at SQLiteSelect
Base.then (file:///D:
/UIT_COURSES/SE100/Da
ilyDesk/node_modules/
[4m.pnpm[24m/drizzl
e-orm@0.44.7_@electri
_5c2928a099a752b7e299
aaadb8975aea/node_mod
ules/[4msrc[24m/que
ry-promise.ts:31:15) 
{
    code: [32m'SQLIT
E_ERROR'[39m,
    rawCode: 
[33m1[39m,
    [cause]: 
SqliteError: no such 
column: is_template
        at 
convertError (D:\UIT_
COURSES\SE100\DailyDe
sk\node_modules\[4m.
pnpm[24m\libsql@0.5.
22\node_modules\[4ml
ibsql[24m\index.js:5
9:12)
        at 
Database.prepare (D:\
UIT_COURSES\SE100\Dai
lyDesk\node_modules\
[4m.pnpm[24m\libsql@
0.5.22\node_modules\
[4mlibsql[24m\index.
js:131:13)
        at 
executeStmt (file:///
D:/UIT_COURSES/SE100/
DailyDesk/node_module
s/[4m.pnpm[24m/@lib
sql+client@0.15.15/no
de_modules/[4m@libsq
l[24m/client/lib-esm
/sqlite3.js:268:28)
        at Sqlite3Cli
ent.execute (file:///
D:/UIT_COURSES/SE100/
DailyDesk/node_module
s/[4m.pnpm[24m/@lib
sql+client@0.15.15/no
de_modules/[4m@libsq
l[24m/client/lib-esm
/sqlite3.js:81:16)
        at file:///D:
/UIT_COURSES/SE100/Da
ilyDesk/node_modules/
[4m.pnpm[24m/drizzl
e-orm@0.44.7_@electri
_5c2928a099a752b7e299
aaadb8975aea/node_mod
ules/[4msrc[24m/lib
sql/session.ts:288:58
        at LibSQLPrep
aredQuery.queryWithCa
che (file:///D:/UIT_C
OURSES/SE100/DailyDes
k/node_modules/[4m.p
npm[24m/drizzle-orm@
0.44.7_@electri_5c292
8a099a752b7e299aaadb8
975aea/node_modules/
[4msrc[24m/sqlite-co
re/session.ts:78:18)
        at LibSQLPrep
aredQuery.values (fil
e:///D:/UIT_COURSES/S
E100/DailyDesk/node_m
odules/[4m.pnpm[24m
/drizzle-orm@0.44.7_@
electri_5c2928a099a75
2b7e299aaadb8975aea/n
ode_modules/[4msrc[
24m/libsql/session.ts
:286:21)
        at LibSQLPrep
aredQuery.all (file:/
//D:/UIT_COURSES/SE10
0/DailyDesk/node_modu
les/[4m.pnpm[24m/dr
izzle-orm@0.44.7_@ele
ctri_5c2928a099a752b7
e299aaadb8975aea/node
_modules/[4msrc[24m
/libsql/session.ts:21
4:27)
        at 
SQLiteSelectBase.all 
(file:///D:/UIT_COURS
ES/SE100/DailyDesk/no
de_modules/[4m.pnpm
[24m/drizzle-orm@0.44
.7_@electri_5c2928a09
9a752b7e299aaadb8975a
ea/node_modules/[4ms
rc[24m/sqlite-core/q
uery-builders/select.
ts:950:26)
        at SQLiteSele
ctBase.execute (file:
///D:/UIT_COURSES/SE1
00/DailyDesk/node_mod
ules/[4m.pnpm[24m/d
rizzle-orm@0.44.7_@el
ectri_5c2928a099a752b
7e299aaadb8975aea/nod
e_modules/[4msrc[24
m/sqlite-core/query-b
uilders/select.ts:962
:15) {
      code: [32m'SQL
ITE_ERROR'[39m,
      rawCode: 
[33m1[39m
    }
  }
}
DrizzleQueryError: 
Failed query: select 
"id", "name", 
"description", 
"order", 
"cover_url", 
"cover_public_id", 
"cover_color", 
"cover_mode", 
"list_id", 
"start_date", 
"deadline", 
"due_at", 
"due_complete", 
"reminder_minutes", 
"recurrence", 
"recurrence_day", "re
currence_weekday", 
"repeat_frequency", 
"repeat_interval", 
"latitude", 
"longitude", 
"completed", 
"is_template", 
"created_at", 
"updated_at" from 
"cards" where 
"cards"."list_id" = ?
params: 019bd127-dc5e
-70dd-bfc3-35d579fbe2
95
    at LibSQLPrepared
Query.queryWithCache 
(file:///D:/UIT_COURS
ES/SE100/DailyDesk/no
de_modules/[4m.pnpm
[24m/drizzle-orm@0.44
.7_@electri_5c2928a09
9a752b7e299aaadb8975a
ea/node_modules/[4ms
rc[24m/sqlite-core/s
ession.ts:80:11)
[90m    at processTi
cksAndRejections (nod
e:internal/process/ta
sk_queues:105:5)[39m
    at LibSQLPrepared
Query.values (file://
/D:/UIT_COURSES/SE100
/DailyDesk/node_modul
es/[4m.pnpm[24m/dri
zzle-orm@0.44.7_@elec
tri_5c2928a099a752b7e
299aaadb8975aea/node_
modules/[4msrc[24m/
libsql/session.ts:286
:10)
    at LibSQLPrepared
Query.all (file:///D:
/UIT_COURSES/SE100/Da
ilyDesk/node_modules/
[4m.pnpm[24m/drizzl
e-orm@0.44.7_@electri
_5c2928a099a752b7e299
aaadb8975aea/node_mod
ules/[4msrc[24m/lib
sql/session.ts:214:16
)
    at 
Module.createCard [9
0m(D:\UIT_COURSES\SE1
00\DailyDesk\backend\
[39msrc\services\car
ds.service.ts:319:23
[90m)[39m
    at [90mD:\UIT_CO
URSES\SE100\DailyDesk
\backend\[39msrc\rou
tes\cards.ts:152:22
    at dispatch (file
:///D:/UIT_COURSES/SE
100/DailyDesk/node_mo
dules/[4m.pnpm[24m/
hono@4.11.3/node_modu
les/[4mhono[24m/dis
t/compose.js:22:17)
    at file:///D:/UIT
_COURSES/SE100/DailyD
esk/node_modules/[4m
.pnpm[24m/hono@4.11.
3/node_modules/[4mho
no[24m/dist/validato
r/validator.js:81:12
    at mw (file:///D:
/UIT_COURSES/SE100/Da
ilyDesk/node_modules/
[4m.pnpm[24m/@hono+
zod-openapi@1.2.0_hon
o@4.11.3_zod@4.3.5/no
de_modules/[4m@hono
[24m/zod-openapi/src/
index.ts:546:26)
    at dispatch (file
:///D:/UIT_COURSES/SE
100/DailyDesk/node_mo
dules/[4m.pnpm[24m/
hono@4.11.3/node_modu
les/[4mhono[24m/dis
t/compose.js:22:17) {
  query: 
[32m'select "id", 
"name", 
"description", 
"order", 
"cover_url", 
"cover_public_id", 
"cover_color", 
"cover_mode", 
"list_id", 
"start_date", 
"deadline", 
"due_at", 
"due_complete", 
"reminder_minutes", 
"recurrence", 
"recurrence_day", "re
currence_weekday", 
"repeat_frequency", 
"repeat_interval", 
"latitude", 
"longitude", 
"completed", 
"is_template", 
"created_at", 
"updated_at" from 
"cards" where 
"cards"."list_id" = 
?'[39m,
  params: [ [32m'019
bd127-dc5e-70dd-bfc3-
35d579fbe295'[39m ],
  cause: 
LibsqlError: 
SQLITE_ERROR: no 
such column: 
is_template
      at 
mapSqliteError (file:
///D:/UIT_COURSES/SE1
00/DailyDesk/node_mod
ules/[4m.pnpm[24m/@
libsql+client@0.15.15
/node_modules/[4m@li
bsql[24m/client/lib-
esm/sqlite3.js:392:16
)
      at executeStmt 
(file:///D:/UIT_COURS
ES/SE100/DailyDesk/no
de_modules/[4m.pnpm
[24m/@libsql+client@0
.15.15/node_modules/
[4m@libsql[24m/clien
t/lib-esm/sqlite3.js:
297:15)
      at Sqlite3Clien
t.execute (file:///D:
/UIT_COURSES/SE100/Da
ilyDesk/node_modules/
[4m.pnpm[24m/@libsq
l+client@0.15.15/node
_modules/[4m@libsql
[24m/client/lib-esm/s
qlite3.js:81:16)
  [90m    ... 5 
lines matching cause 
stack trace ...[39m
      at SQLiteSelect
Base.execute (file://
/D:/UIT_COURSES/SE100
/DailyDesk/node_modul
es/[4m.pnpm[24m/dri
zzle-orm@0.44.7_@elec
tri_5c2928a099a752b7e
299aaadb8975aea/node_
modules/[4msrc[24m/
sqlite-core/query-bui
lders/select.ts:962:1
5)
      at SQLiteSelect
Base.then (file:///D:
/UIT_COURSES/SE100/Da
ilyDesk/node_modules/
[4m.pnpm[24m/drizzl
e-orm@0.44.7_@electri
_5c2928a099a752b7e299
aaadb8975aea/node_mod
ules/[4msrc[24m/que
ry-promise.ts:31:15) 
{
    code: [32m'SQLIT
E_ERROR'[39m,
    rawCode: 
[33m1[39m,
    [cause]: 
SqliteError: no such 
column: is_template
        at 
convertError (D:\UIT_
COURSES\SE100\DailyDe
sk\node_modules\[4m.
pnpm[24m\libsql@0.5.
22\node_modules\[4ml
ibsql[24m\index.js:5
9:12)
        at 
Database.prepare (D:\
UIT_COURSES\SE100\Dai
lyDesk\node_modules\
[4m.pnpm[24m\libsql@
0.5.22\node_modules\
[4mlibsql[24m\index.
js:131:13)
        at 
executeStmt (file:///
D:/UIT_COURSES/SE100/
DailyDesk/node_module
s/[4m.pnpm[24m/@lib
sql+client@0.15.15/no
de_modules/[4m@libsq
l[24m/client/lib-esm
/sqlite3.js:268:28)
        at Sqlite3Cli
ent.execute (file:///
D:/UIT_COURSES/SE100/
DailyDesk/node_module
s/[4m.pnpm[24m/@lib
sql+client@0.15.15/no
de_modules/[4m@libsq
l[24m/client/lib-esm
/sqlite3.js:81:16)
        at file:///D:
/UIT_COURSES/SE100/Da
ilyDesk/node_modules/
[4m.pnpm[24m/drizzl
e-orm@0.44.7_@electri
_5c2928a099a752b7e299
aaadb8975aea/node_mod
ules/[4msrc[24m/lib
sql/session.ts:288:58
        at LibSQLPrep
aredQuery.queryWithCa
che (file:///D:/UIT_C
OURSES/SE100/DailyDes
k/node_modules/[4m.p
npm[24m/drizzle-orm@
0.44.7_@electri_5c292
8a099a752b7e299aaadb8
975aea/node_modules/
[4msrc[24m/sqlite-co
re/session.ts:78:18)
        at LibSQLPrep
aredQuery.values (fil
e:///D:/UIT_COURSES/S
E100/DailyDesk/node_m
odules/[4m.pnpm[24m
/drizzle-orm@0.44.7_@
electri_5c2928a099a75
2b7e299aaadb8975aea/n
ode_modules/[4msrc[
24m/libsql/session.ts
:286:21)
        at LibSQLPrep
aredQuery.all (file:/
//D:/UIT_COURSES/SE10
0/DailyDesk/node_modu
les/[4m.pnpm[24m/dr
izzle-orm@0.44.7_@ele
ctri_5c2928a099a752b7
e299aaadb8975aea/node
_modules/[4msrc[24m
/libsql/session.ts:21
4:27)
        at 
SQLiteSelectBase.all 
(file:///D:/UIT_COURS
ES/SE100/DailyDesk/no
de_modules/[4m.pnpm
[24m/drizzle-orm@0.44
.7_@electri_5c2928a09
9a752b7e299aaadb8975a
ea/node_modules/[4ms
rc[24m/sqlite-core/q
uery-builders/select.
ts:950:26)
        at SQLiteSele
ctBase.execute (file:
///D:/UIT_COURSES/SE1
00/DailyDesk/node_mod
ules/[4m.pnpm[24m/d
rizzle-orm@0.44.7_@el
ectri_5c2928a099a752b
7e299aaadb8975aea/nod
e_modules/[4msrc[24
m/sqlite-core/query-b
uilders/select.ts:962
:15) {
      code: [32m'SQL
ITE_ERROR'[39m,
      rawCode: 
[33m1[39m
    }
  }
}
DrizzleQueryError: 
Failed query: select 
"id", "name", 
"description", 
"order", 
"cover_url", 
"cover_public_id", 
"cover_color", 
"cover_mode", 
"list_id", 
"start_date", 
"deadline", 
"due_at", 
"due_complete", 
"reminder_minutes", 
"recurrence", 
"recurrence_day", "re
currence_weekday", 
"repeat_frequency", 
"repeat_interval", 
"latitude", 
"longitude", 
"completed", 
"is_template", 
"created_at", 
"updated_at" from 
"cards" where 
"cards"."list_id" = ?
params: 019bd127-dc5e
-70dd-bfc3-35d579fbe2
95
    at LibSQLPrepared
Query.queryWithCache 
(file:///D:/UIT_COURS
ES/SE100/DailyDesk/no
de_modules/[4m.pnpm
[24m/drizzle-orm@0.44
.7_@electri_5c2928a09
9a752b7e299aaadb8975a
ea/node_modules/[4ms
rc[24m/sqlite-core/s
ession.ts:80:11)
[90m    at processTi
cksAndRejections (nod
e:internal/process/ta
sk_queues:105:5)[39m
    at LibSQLPrepared
Query.values (file://
/D:/UIT_COURSES/SE100
/DailyDesk/node_modul
es/[4m.pnpm[24m/dri
zzle-orm@0.44.7_@elec
tri_5c2928a099a752b7e
299aaadb8975aea/node_
modules/[4msrc[24m/
libsql/session.ts:286
:10)
    at LibSQLPrepared
Query.all (file:///D:
/UIT_COURSES/SE100/Da
ilyDesk/node_modules/
[4m.pnpm[24m/drizzl
e-orm@0.44.7_@electri
_5c2928a099a752b7e299
aaadb8975aea/node_mod
ules/[4msrc[24m/lib
sql/session.ts:214:16
)
    at 
Module.createCard [9
0m(D:\UIT_COURSES\SE1
00\DailyDesk\backend\
[39msrc\services\car
ds.service.ts:319:23
[90m)[39m
    at [90mD:\UIT_CO
URSES\SE100\DailyDesk
\backend\[39msrc\rou
tes\cards.ts:152:22
    at dispatch (file
:///D:/UIT_COURSES/SE
100/DailyDesk/node_mo
dules/[4m.pnpm[24m/
hono@4.11.3/node_modu
les/[4mhono[24m/dis
t/compose.js:22:17)
    at file:///D:/UIT
_COURSES/SE100/DailyD
esk/node_modules/[4m
.pnpm[24m/hono@4.11.
3/node_modules/[4mho
no[24m/dist/validato
r/validator.js:81:12
    at mw (file:///D:
/UIT_COURSES/SE100/Da
ilyDesk/node_modules/
[4m.pnpm[24m/@hono+
zod-openapi@1.2.0_hon
o@4.11.3_zod@4.3.5/no
de_modules/[4m@hono
[24m/zod-openapi/src/
index.ts:546:26)
    at dispatch (file
:///D:/UIT_COURSES/SE
100/DailyDesk/node_mo
dules/[4m.pnpm[24m/
hono@4.11.3/node_modu
les/[4mhono[24m/dis
t/compose.js:22:17) {
  query: 
[32m'select "id", 
"name", 
"description", 
"order", 
"cover_url", 
"cover_public_id", 
"cover_color", 
"cover_mode", 
"list_id", 
"start_date", 
"deadline", 
"due_at", 
"due_complete", 
"reminder_minutes", 
"recurrence", 
"recurrence_day", "re
currence_weekday", 
"repeat_frequency", 
"repeat_interval", 
"latitude", 
"longitude", 
"completed", 
"is_template", 
"created_at", 
"updated_at" from 
"cards" where 
"cards"."list_id" = 
?'[39m,
  params: [ [32m'019
bd127-dc5e-70dd-bfc3-
35d579fbe295'[39m ],
  cause: 
LibsqlError: 
SQLITE_ERROR: no 
such column: 
is_template
      at 
mapSqliteError (file:
///D:/UIT_COURSES/SE1
00/DailyDesk/node_mod
ules/[4m.pnpm[24m/@
libsql+client@0.15.15
/node_modules/[4m@li
bsql[24m/client/lib-
esm/sqlite3.js:392:16
)
      at executeStmt 
(file:///D:/UIT_COURS
ES/SE100/DailyDesk/no
de_modules/[4m.pnpm
[24m/@libsql+client@0
.15.15/node_modules/
[4m@libsql[24m/clien
t/lib-esm/sqlite3.js:
297:15)
      at Sqlite3Clien
t.execute (file:///D:
/UIT_COURSES/SE100/Da
ilyDesk/node_modules/
[4m.pnpm[24m/@libsq
l+client@0.15.15/node
_modules/[4m@libsql
[24m/client/lib-esm/s
qlite3.js:81:16)
  [90m    ... 5 
lines matching cause 
stack trace ...[39m
      at SQLiteSelect
Base.execute (file://
/D:/UIT_COURSES/SE100
/DailyDesk/node_modul
es/[4m.pnpm[24m/dri
zzle-orm@0.44.7_@elec
tri_5c2928a099a752b7e
299aaadb8975aea/node_
modules/[4msrc[24m/
sqlite-core/query-bui
lders/select.ts:962:1
5)
      at SQLiteSelect
Base.then (file:///D:
/UIT_COURSES/SE100/Da
ilyDesk/node_modules/
[4m.pnpm[24m/drizzl
e-orm@0.44.7_@electri
_5c2928a099a752b7e299
aaadb8975aea/node_mod
ules/[4msrc[24m/que
ry-promise.ts:31:15) 
{
    code: [32m'SQLIT
E_ERROR'[39m,
    rawCode: 
[33m1[39m,
    [cause]: 
SqliteError: no such 
column: is_template
        at 
convertError (D:\UIT_
COURSES\SE100\DailyDe
sk\node_modules\[4m.
pnpm[24m\libsql@0.5.
22\node_modules\[4ml
ibsql[24m\index.js:5
9:12)
        at 
Database.prepare (D:\
UIT_COURSES\SE100\Dai
lyDesk\node_modules\
[4m.pnpm[24m\libsql@
0.5.22\node_modules\
[4mlibsql[24m\index.
js:131:13)
        at 
executeStmt (file:///
D:/UIT_COURSES/SE100/
DailyDesk/node_module
s/[4m.pnpm[24m/@lib
sql+client@0.15.15/no
de_modules/[4m@libsq
l[24m/client/lib-esm
/sqlite3.js:268:28)
        at Sqlite3Cli
ent.execute (file:///
D:/UIT_COURSES/SE100/
DailyDesk/node_module
s/[4m.pnpm[24m/@lib
sql+client@0.15.15/no
de_modules/[4m@libsq
l[24m/client/lib-esm
/sqlite3.js:81:16)
        at file:///D:
/UIT_COURSES/SE100/Da
ilyDesk/node_modules/
[4m.pnpm[24m/drizzl
e-orm@0.44.7_@electri
_5c2928a099a752b7e299
aaadb8975aea/node_mod
ules/[4msrc[24m/lib
sql/session.ts:288:58
        at LibSQLPrep
aredQuery.queryWithCa
che (file:///D:/UIT_C
OURSES/SE100/DailyDes
k/node_modules/[4m.p
npm[24m/drizzle-orm@
0.44.7_@electri_5c292
8a099a752b7e299aaadb8
975aea/node_modules/
[4msrc[24m/sqlite-co
re/session.ts:78:18)
        at LibSQLPrep
aredQuery.values (fil
e:///D:/UIT_COURSES/S
E100/DailyDesk/node_m
odules/[4m.pnpm[24m
/drizzle-orm@0.44.7_@
electri_5c2928a099a75
2b7e299aaadb8975aea/n
ode_modules/[4msrc[
24m/libsql/session.ts
:286:21)
        at LibSQLPrep
aredQuery.all (file:/
//D:/UIT_COURSES/SE10
0/DailyDesk/node_modu
les/[4m.pnpm[24m/dr
izzle-orm@0.44.7_@ele
ctri_5c2928a099a752b7
e299aaadb8975aea/node
_modules/[4msrc[24m
/libsql/session.ts:21
4:27)
        at 
SQLiteSelectBase.all 
(file:///D:/UIT_COURS
ES/SE100/DailyDesk/no
de_modules/[4m.pnpm
[24m/drizzle-orm@0.44
.7_@electri_5c2928a09
9a752b7e299aaadb8975a
ea/node_modules/[4ms
rc[24m/sqlite-core/q
uery-builders/select.
ts:950:26)
        at SQLiteSele
ctBase.execute (file:
///D:/UIT_COURSES/SE1
00/DailyDesk/node_mod
ules/[4m.pnpm[24m/d
rizzle-orm@0.44.7_@el
ectri_5c2928a099a752b
7e299aaadb8975aea/nod
e_modules/[4msrc[24
m/sqlite-core/query-b
uilders/select.ts:962
:15) {
      code: [32m'SQL
ITE_ERROR'[39m,
      rawCode: 
[33m1[39m
    }
  }
}
Error in boards GET 
by ID route: 
DrizzleQueryError: 
Failed query: select 
"id", "name", 
"user_id", 
"background_url", "ba
ckground_public_id", 
"background_color", 
(select coalesce(json
_group_array(json_arr
ay("id", "name", 
"order", "board_id", 
(select coalesce(json
_group_array(json_arr
ay("id", "name", 
"description", 
"order", 
"cover_url", 
"cover_public_id", 
"cover_color", 
"cover_mode", 
"list_id", 
"start_date", 
"deadline", 
"due_at", 
"due_complete", 
"reminder_minutes", 
"recurrence", 
"recurrence_day", "re
currence_weekday", 
"repeat_frequency", 
"repeat_interval", 
"latitude", 
"longitude", 
"completed", 
"is_template", 
"created_at", 
"updated_at")), 
json_array()) as 
"data" from (select 
* from "cards" "board
sTable_lists_cards" 
where "boardsTable_li
sts_cards"."list_id" 
= "boardsTable_lists"
."id" order by "board
sTable_lists_cards"."
order" asc) "boardsTa
ble_lists_cards"))), 
json_array()) as 
"data" from (select 
* from "lists" 
"boardsTable_lists" 
where "boardsTable_li
sts"."board_id" = 
"boardsTable"."id" 
order by "boardsTable
_lists"."order" asc) 
"boardsTable_lists") 
as "lists" from 
"boards" 
"boardsTable" where 
"boardsTable"."id" = 
? limit ?
params: 019bd127-dc5b
-74b0-9aa7-e7a112730d
ba,1
    at LibSQLPrepared
Query.queryWithCache 
(file:///D:/UIT_COURS
ES/SE100/DailyDesk/no
de_modules/[4m.pnpm
[24m/drizzle-orm@0.44
.7_@electri_5c2928a09
9a752b7e299aaadb8975a
ea/node_modules/[4ms
rc[24m/sqlite-core/s
ession.ts:80:11)
[90m    at processTi
cksAndRejections (nod
e:internal/process/ta
sk_queues:105:5)[39m
    at LibSQLPrepared
Query.values (file://
/D:/UIT_COURSES/SE100
/DailyDesk/node_modul
es/[4m.pnpm[24m/dri
zzle-orm@0.44.7_@elec
tri_5c2928a099a752b7e
299aaadb8975aea/node_
modules/[4msrc[24m/
libsql/session.ts:286
:10)
    at LibSQLPrepared
Query.get (file:///D:
/UIT_COURSES/SE100/Da
ilyDesk/node_modules/
[4m.pnpm[24m/drizzl
e-orm@0.44.7_@electri
_5c2928a099a752b7e299
aaadb8975aea/node_mod
ules/[4msrc[24m/lib
sql/session.ts:252:16
)
    at 
Module.getBoardById 
[90m(D:\UIT_COURSES\S
E100\DailyDesk\backen
d\[39msrc\services\b
oards.service.ts:230:
17[90m)[39m
    at [90mD:\UIT_CO
URSES\SE100\DailyDesk
\backend\[39msrc\rou
tes\boards.ts:138:23
    at dispatch (file
:///D:/UIT_COURSES/SE
100/DailyDesk/node_mo
dules/[4m.pnpm[24m/
hono@4.11.3/node_modu
les/[4mhono[24m/dis
t/compose.js:22:17)
    at file:///D:/UIT
_COURSES/SE100/DailyD
esk/node_modules/[4m
.pnpm[24m/hono@4.11.
3/node_modules/[4mho
no[24m/dist/validato
r/validator.js:81:12
    at dispatch (file
:///D:/UIT_COURSES/SE
100/DailyDesk/node_mo
dules/[4m.pnpm[24m/
hono@4.11.3/node_modu
les/[4mhono[24m/dis
t/compose.js:22:17)
    at [90mD:\UIT_CO
URSES\SE100\DailyDesk
\backend\[39mtests\h
elpers\auth.ts:27:5 {
  query: 
[32m'select "id", 
"name", "user_id", 
"background_url", "ba
ckground_public_id", 
"background_color", 
(select coalesce(json
_group_array(json_arr
ay("id", "name", 
"order", "board_id", 
(select coalesce(json
_group_array(json_arr
ay("id", "name", 
"description", 
"order", 
"cover_url", 
"cover_public_id", 
"cover_color", 
"cover_mode", 
"list_id", 
"start_date", 
"deadline", 
"due_at", 
"due_complete", 
"reminder_minutes", 
"recurrence", 
"recurrence_day", "re
currence_weekday", 
"repeat_frequency", 
"repeat_interval", 
"latitude", 
"longitude", 
"completed", 
"is_template", 
"created_at", 
"updated_at")), 
json_array()) as 
"data" from (select 
* from "cards" "board
sTable_lists_cards" 
where "boardsTable_li
sts_cards"."list_id" 
= "boardsTable_lists"
."id" order by "board
sTable_lists_cards"."
order" asc) "boardsTa
ble_lists_cards"))), 
json_array()) as 
"data" from (select 
* from "lists" 
"boardsTable_lists" 
where "boardsTable_li
sts"."board_id" = 
"boardsTable"."id" 
order by "boardsTable
_lists"."order" asc) 
"boardsTable_lists") 
as "lists" from 
"boards" 
"boardsTable" where 
"boardsTable"."id" = 
? limit ?'[39m,
  params: [ [32m'019
bd127-dc5b-74b0-9aa7-
e7a112730dba'[39m, 
[33m1[39m ],
  cause: 
LibsqlError: 
SQLITE_ERROR: no 
such column: 
is_template
      at 
mapSqliteError (file:
///D:/UIT_COURSES/SE1
00/DailyDesk/node_mod
ules/[4m.pnpm[24m/@
libsql+client@0.15.15
/node_modules/[4m@li
bsql[24m/client/lib-
esm/sqlite3.js:392:16
)
      at executeStmt 
(file:///D:/UIT_COURS
ES/SE100/DailyDesk/no
de_modules/[4m.pnpm
[24m/@libsql+client@0
.15.15/node_modules/
[4m@libsql[24m/clien
t/lib-esm/sqlite3.js:
297:15)
      at Sqlite3Clien
t.execute (file:///D:
/UIT_COURSES/SE100/Da
ilyDesk/node_modules/
[4m.pnpm[24m/@libsq
l+client@0.15.15/node
_modules/[4m@libsql
[24m/client/lib-esm/s
qlite3.js:81:16)
  [90m    ... 5 
lines matching cause 
stack trace ...[39m
      at 
QueryPromise.execute 
(file:///D:/UIT_COURS
ES/SE100/DailyDesk/no
de_modules/[4m.pnpm
[24m/drizzle-orm@0.44
.7_@electri_5c2928a09
9a752b7e299aaadb8975a
ea/node_modules/[4ms
rc[24m/sqlite-core/q
uery-builders/query.t
s:197:15)
      at 
QueryPromise.then (fi
le:///D:/UIT_COURSES/
SE100/DailyDesk/node_
modules/[4m.pnpm[24
m/drizzle-orm@0.44.7_
@electri_5c2928a099a7
52b7e299aaadb8975aea/
node_modules/[4msrc
[24m/query-promise.ts
:31:15) {
    code: [32m'SQLIT
E_ERROR'[39m,
    rawCode: 
[33m1[39m,
    [cause]: 
SqliteError: no such 
column: is_template
        at 
convertError (D:\UIT_
COURSES\SE100\DailyDe
sk\node_modules\[4m.
pnpm[24m\libsql@0.5.
22\node_modules\[4ml
ibsql[24m\index.js:5
9:12)
        at 
Database.prepare (D:\
UIT_COURSES\SE100\Dai
lyDesk\node_modules\
[4m.pnpm[24m\libsql@
0.5.22\node_modules\
[4mlibsql[24m\index.
js:131:13)
        at 
executeStmt (file:///
D:/UIT_COURSES/SE100/
DailyDesk/node_module
s/[4m.pnpm[24m/@lib
sql+client@0.15.15/no
de_modules/[4m@libsq
l[24m/client/lib-esm
/sqlite3.js:268:28)
        at Sqlite3Cli
ent.execute (file:///
D:/UIT_COURSES/SE100/
DailyDesk/node_module
s/[4m.pnpm[24m/@lib
sql+client@0.15.15/no
de_modules/[4m@libsq
l[24m/client/lib-esm
/sqlite3.js:81:16)
        at file:///D:
/UIT_COURSES/SE100/Da
ilyDesk/node_modules/
[4m.pnpm[24m/drizzl
e-orm@0.44.7_@electri
_5c2928a099a752b7e299
aaadb8975aea/node_mod
ules/[4msrc[24m/lib
sql/session.ts:288:58
        at LibSQLPrep
aredQuery.queryWithCa
che (file:///D:/UIT_C
OURSES/SE100/DailyDes
k/node_modules/[4m.p
npm[24m/drizzle-orm@
0.44.7_@electri_5c292
8a099a752b7e299aaadb8
975aea/node_modules/
[4msrc[24m/sqlite-co
re/session.ts:78:18)
        at LibSQLPrep
aredQuery.values (fil
e:///D:/UIT_COURSES/S
E100/DailyDesk/node_m
odules/[4m.pnpm[24m
/drizzle-orm@0.44.7_@
electri_5c2928a099a75
2b7e299aaadb8975aea/n
ode_modules/[4msrc[
24m/libsql/session.ts
:286:21)
        at LibSQLPrep
aredQuery.get (file:/
//D:/UIT_COURSES/SE10
0/DailyDesk/node_modu
les/[4m.pnpm[24m/dr
izzle-orm@0.44.7_@ele
ctri_5c2928a099a752b7
e299aaadb8975aea/node
_modules/[4msrc[24m
/libsql/session.ts:25
2:27)
        at QueryPromi
se.executeRaw (file:/
//D:/UIT_COURSES/SE10
0/DailyDesk/node_modu
les/[4m.pnpm[24m/dr
izzle-orm@0.44.7_@ele
ctri_5c2928a099a752b7
e299aaadb8975aea/node
_modules/[4msrc[24m
/sqlite-core/query-bu
ilders/query.ts:191:3
2)
        at 
QueryPromise.execute 
(file:///D:/UIT_COURS
ES/SE100/DailyDesk/no
de_modules/[4m.pnpm
[24m/drizzle-orm@0.44
.7_@electri_5c2928a09
9a752b7e299aaadb8975a
ea/node_modules/[4ms
rc[24m/sqlite-core/q
uery-builders/query.t
s:197:15) {
      code: [32m'SQL
ITE_ERROR'[39m,
      rawCode: 
[33m1[39m
    }
  }
}

[90mstderr[2m | tes
ts/cards/cards.test.t
s[2m > 
[22m[2mCards API 
Integration 
Tests[2m > 
[22m[2mCard 
ordering[2m > 
[22m[2mshould 
allow reordering 
cards
[22m[39mDrizzleQuer
yError: Failed 
query: select "id", 
"name", 
"description", 
"order", 
"cover_url", 
"cover_public_id", 
"cover_color", 
"cover_mode", 
"list_id", 
"start_date", 
"deadline", 
"due_at", 
"due_complete", 
"reminder_minutes", 
"recurrence", 
"recurrence_day", "re
currence_weekday", 
"repeat_frequency", 
"repeat_interval", 
"latitude", 
"longitude", 
"completed", 
"is_template", 
"created_at", 
"updated_at" from 
"cards" where 
"cards"."list_id" = ?
params: 019bd127-dc71
-7f6d-8269-91f9bac60e
14
    at LibSQLPrepared
Query.queryWithCache 
(file:///D:/UIT_COURS
ES/SE100/DailyDesk/no
de_modules/[4m.pnpm
[24m/drizzle-orm@0.44
.7_@electri_5c2928a09
9a752b7e299aaadb8975a
ea/node_modules/[4ms
rc[24m/sqlite-core/s
ession.ts:80:11)
[90m    at processTi
cksAndRejections (nod
e:internal/process/ta
sk_queues:105:5)[39m
    at LibSQLPrepared
Query.values (file://
/D:/UIT_COURSES/SE100
/DailyDesk/node_modul
es/[4m.pnpm[24m/dri
zzle-orm@0.44.7_@elec
tri_5c2928a099a752b7e
299aaadb8975aea/node_
modules/[4msrc[24m/
libsql/session.ts:286
:10)
    at LibSQLPrepared
Query.all (file:///D:
/UIT_COURSES/SE100/Da
ilyDesk/node_modules/
[4m.pnpm[24m/drizzl
e-orm@0.44.7_@electri
_5c2928a099a752b7e299
aaadb8975aea/node_mod
ules/[4msrc[24m/lib
sql/session.ts:214:16
)
    at 
Module.createCard [9
0m(D:\UIT_COURSES\SE1
00\DailyDesk\backend\
[39msrc\services\car
ds.service.ts:319:23
[90m)[39m
    at [90mD:\UIT_CO
URSES\SE100\DailyDesk
\backend\[39msrc\rou
tes\cards.ts:152:22
    at dispatch (file
:///D:/UIT_COURSES/SE
100/DailyDesk/node_mo
dules/[4m.pnpm[24m/
hono@4.11.3/node_modu
les/[4mhono[24m/dis
t/compose.js:22:17)
    at file:///D:/UIT
_COURSES/SE100/DailyD
esk/node_modules/[4m
.pnpm[24m/hono@4.11.
3/node_modules/[4mho
no[24m/dist/validato
r/validator.js:81:12
    at mw (file:///D:
/UIT_COURSES/SE100/Da
ilyDesk/node_modules/
[4m.pnpm[24m/@hono+
zod-openapi@1.2.0_hon
o@4.11.3_zod@4.3.5/no
de_modules/[4m@hono
[24m/zod-openapi/src/
index.ts:546:26)
    at dispatch (file
:///D:/UIT_COURSES/SE
100/DailyDesk/node_mo
dules/[4m.pnpm[24m/
hono@4.11.3/node_modu
les/[4mhono[24m/dis
t/compose.js:22:17) {
  query: 
[32m'select "id", 
"name", 
"description", 
"order", 
"cover_url", 
"cover_public_id", 
"cover_color", 
"cover_mode", 
"list_id", 
"start_date", 
"deadline", 
"due_at", 
"due_complete", 
"reminder_minutes", 
"recurrence", 
"recurrence_day", "re
currence_weekday", 
"repeat_frequency", 
"repeat_interval", 
"latitude", 
"longitude", 
"completed", 
"is_template", 
"created_at", 
"updated_at" from 
"cards" where 
"cards"."list_id" = 
?'[39m,
  params: [ [32m'019
bd127-dc71-7f6d-8269-
91f9bac60e14'[39m ],
  cause: 
LibsqlError: 
SQLITE_ERROR: no 
such column: 
is_template
      at 
mapSqliteError (file:
///D:/UIT_COURSES/SE1
00/DailyDesk/node_mod
ules/[4m.pnpm[24m/@
libsql+client@0.15.15
/node_modules/[4m@li
bsql[24m/client/lib-
esm/sqlite3.js:392:16
)
      at executeStmt 
(file:///D:/UIT_COURS
ES/SE100/DailyDesk/no
de_modules/[4m.pnpm
[24m/@libsql+client@0
.15.15/node_modules/
[4m@libsql[24m/clien
t/lib-esm/sqlite3.js:
297:15)
      at Sqlite3Clien
t.execute (file:///D:
/UIT_COURSES/SE100/Da
ilyDesk/node_modules/
[4m.pnpm[24m/@libsq
l+client@0.15.15/node
_modules/[4m@libsql
[24m/client/lib-esm/s
qlite3.js:81:16)
  [90m    ... 5 
lines matching cause 
stack trace ...[39m
      at SQLiteSelect
Base.execute (file://
/D:/UIT_COURSES/SE100
/DailyDesk/node_modul
es/[4m.pnpm[24m/dri
zzle-orm@0.44.7_@elec
tri_5c2928a099a752b7e
299aaadb8975aea/node_
modules/[4msrc[24m/
sqlite-core/query-bui
lders/select.ts:962:1
5)
      at SQLiteSelect
Base.then (file:///D:
/UIT_COURSES/SE100/Da
ilyDesk/node_modules/
[4m.pnpm[24m/drizzl
e-orm@0.44.7_@electri
_5c2928a099a752b7e299
aaadb8975aea/node_mod
ules/[4msrc[24m/que
ry-promise.ts:31:15) 
{
    code: [32m'SQLIT
E_ERROR'[39m,
    rawCode: 
[33m1[39m,
    [cause]: 
SqliteError: no such 
column: is_template
        at 
convertError (D:\UIT_
COURSES\SE100\DailyDe
sk\node_modules\[4m.
pnpm[24m\libsql@0.5.
22\node_modules\[4ml
ibsql[24m\index.js:5
9:12)
        at 
Database.prepare (D:\
UIT_COURSES\SE100\Dai
lyDesk\node_modules\
[4m.pnpm[24m\libsql@
0.5.22\node_modules\
[4mlibsql[24m\index.
js:131:13)
        at 
executeStmt (file:///
D:/UIT_COURSES/SE100/
DailyDesk/node_module
s/[4m.pnpm[24m/@lib
sql+client@0.15.15/no
de_modules/[4m@libsq
l[24m/client/lib-esm
/sqlite3.js:268:28)
        at Sqlite3Cli
ent.execute (file:///
D:/UIT_COURSES/SE100/
DailyDesk/node_module
s/[4m.pnpm[24m/@lib
sql+client@0.15.15/no
de_modules/[4m@libsq
l[24m/client/lib-esm
/sqlite3.js:81:16)
        at file:///D:
/UIT_COURSES/SE100/Da
ilyDesk/node_modules/
[4m.pnpm[24m/drizzl
e-orm@0.44.7_@electri
_5c2928a099a752b7e299
aaadb8975aea/node_mod
ules/[4msrc[24m/lib
sql/session.ts:288:58
        at LibSQLPrep
aredQuery.queryWithCa
che (file:///D:/UIT_C
OURSES/SE100/DailyDes
k/node_modules/[4m.p
npm[24m/drizzle-orm@
0.44.7_@electri_5c292
8a099a752b7e299aaadb8
975aea/node_modules/
[4msrc[24m/sqlite-co
re/session.ts:78:18)
        at LibSQLPrep
aredQuery.values (fil
e:///D:/UIT_COURSES/S
E100/DailyDesk/node_m
odules/[4m.pnpm[24m
/drizzle-orm@0.44.7_@
electri_5c2928a099a75
2b7e299aaadb8975aea/n
ode_modules/[4msrc[
24m/libsql/session.ts
:286:21)
        at LibSQLPrep
aredQuery.all (file:/
//D:/UIT_COURSES/SE10
0/DailyDesk/node_modu
les/[4m.pnpm[24m/dr
izzle-orm@0.44.7_@ele
ctri_5c2928a099a752b7
e299aaadb8975aea/node
_modules/[4msrc[24m
/libsql/session.ts:21
4:27)
        at 
SQLiteSelectBase.all 
(file:///D:/UIT_COURS
ES/SE100/DailyDesk/no
de_modules/[4m.pnpm
[24m/drizzle-orm@0.44
.7_@electri_5c2928a09
9a752b7e299aaadb8975a
ea/node_modules/[4ms
rc[24m/sqlite-core/q
uery-builders/select.
ts:950:26)
        at SQLiteSele
ctBase.execute (file:
///D:/UIT_COURSES/SE1
00/DailyDesk/node_mod
ules/[4m.pnpm[24m/d
rizzle-orm@0.44.7_@el
ectri_5c2928a099a752b
7e299aaadb8975aea/nod
e_modules/[4msrc[24
m/sqlite-core/query-b
uilders/select.ts:962
:15) {
      code: [32m'SQL
ITE_ERROR'[39m,
      rawCode: 
[33m1[39m
    }
  }
}
DrizzleQueryError: 
Failed query: select 
"id", "name", 
"description", 
"order", 
"cover_url", 
"cover_public_id", 
"cover_color", 
"cover_mode", 
"list_id", 
"start_date", 
"deadline", 
"due_at", 
"due_complete", 
"reminder_minutes", 
"recurrence", 
"recurrence_day", "re
currence_weekday", 
"repeat_frequency", 
"repeat_interval", 
"latitude", 
"longitude", 
"completed", 
"is_template", 
"created_at", 
"updated_at" from 
"cards" where 
"cards"."list_id" = ?
params: 019bd127-dc71
-7f6d-8269-91f9bac60e
14
    at LibSQLPrepared
Query.queryWithCache 
(file:///D:/UIT_COURS
ES/SE100/DailyDesk/no
de_modules/[4m.pnpm
[24m/drizzle-orm@0.44
.7_@electri_5c2928a09
9a752b7e299aaadb8975a
ea/node_modules/[4ms
rc[24m/sqlite-core/s
ession.ts:80:11)
[90m    at processTi
cksAndRejections (nod
e:internal/process/ta
sk_queues:105:5)[39m
    at LibSQLPrepared
Query.values (file://
/D:/UIT_COURSES/SE100
/DailyDesk/node_modul
es/[4m.pnpm[24m/dri
zzle-orm@0.44.7_@elec
tri_5c2928a099a752b7e
299aaadb8975aea/node_
modules/[4msrc[24m/
libsql/session.ts:286
:10)
    at LibSQLPrepared
Query.all (file:///D:
/UIT_COURSES/SE100/Da
ilyDesk/node_modules/
[4m.pnpm[24m/drizzl
e-orm@0.44.7_@electri
_5c2928a099a752b7e299
aaadb8975aea/node_mod
ules/[4msrc[24m/lib
sql/session.ts:214:16
)
    at 
Module.createCard [9
0m(D:\UIT_COURSES\SE1
00\DailyDesk\backend\
[39msrc\services\car
ds.service.ts:319:23
[90m)[39m
    at [90mD:\UIT_CO
URSES\SE100\DailyDesk
\backend\[39msrc\rou
tes\cards.ts:152:22
    at dispatch (file
:///D:/UIT_COURSES/SE
100/DailyDesk/node_mo
dules/[4m.pnpm[24m/
hono@4.11.3/node_modu
les/[4mhono[24m/dis
t/compose.js:22:17)
    at file:///D:/UIT
_COURSES/SE100/DailyD
esk/node_modules/[4m
.pnpm[24m/hono@4.11.
3/node_modules/[4mho
no[24m/dist/validato
r/validator.js:81:12
    at mw (file:///D:
/UIT_COURSES/SE100/Da
ilyDesk/node_modules/
[4m.pnpm[24m/@hono+
zod-openapi@1.2.0_hon
o@4.11.3_zod@4.3.5/no
de_modules/[4m@hono
[24m/zod-openapi/src/
index.ts:546:26)
    at dispatch (file
:///D:/UIT_COURSES/SE
100/DailyDesk/node_mo
dules/[4m.pnpm[24m/
hono@4.11.3/node_modu
les/[4mhono[24m/dis
t/compose.js:22:17) {
  query: 
[32m'select "id", 
"name", 
"description", 
"order", 
"cover_url", 
"cover_public_id", 
"cover_color", 
"cover_mode", 
"list_id", 
"start_date", 
"deadline", 
"due_at", 
"due_complete", 
"reminder_minutes", 
"recurrence", 
"recurrence_day", "re
currence_weekday", 
"repeat_frequency", 
"repeat_interval", 
"latitude", 
"longitude", 
"completed", 
"is_template", 
"created_at", 
"updated_at" from 
"cards" where 
"cards"."list_id" = 
?'[39m,
  params: [ [32m'019
bd127-dc71-7f6d-8269-
91f9bac60e14'[39m ],
  cause: 
LibsqlError: 
SQLITE_ERROR: no 
such column: 
is_template
      at 
mapSqliteError (file:
///D:/UIT_COURSES/SE1
00/DailyDesk/node_mod
ules/[4m.pnpm[24m/@
libsql+client@0.15.15
/node_modules/[4m@li
bsql[24m/client/lib-
esm/sqlite3.js:392:16
)
      at executeStmt 
(file:///D:/UIT_COURS
ES/SE100/DailyDesk/no
de_modules/[4m.pnpm
[24m/@libsql+client@0
.15.15/node_modules/
[4m@libsql[24m/clien
t/lib-esm/sqlite3.js:
297:15)
      at Sqlite3Clien
t.execute (file:///D:
/UIT_COURSES/SE100/Da
ilyDesk/node_modules/
[4m.pnpm[24m/@libsq
l+client@0.15.15/node
_modules/[4m@libsql
[24m/client/lib-esm/s
qlite3.js:81:16)
  [90m    ... 5 
lines matching cause 
stack trace ...[39m
      at SQLiteSelect
Base.execute (file://
/D:/UIT_COURSES/SE100
/DailyDesk/node_modul
es/[4m.pnpm[24m/dri
zzle-orm@0.44.7_@elec
tri_5c2928a099a752b7e
299aaadb8975aea/node_
modules/[4msrc[24m/
sqlite-core/query-bui
lders/select.ts:962:1
5)
      at SQLiteSelect
Base.then (file:///D:
/UIT_COURSES/SE100/Da
ilyDesk/node_modules/
[4m.pnpm[24m/drizzl
e-orm@0.44.7_@electri
_5c2928a099a752b7e299
aaadb8975aea/node_mod
ules/[4msrc[24m/que
ry-promise.ts:31:15) 
{
    code: [32m'SQLIT
E_ERROR'[39m,
    rawCode: 
[33m1[39m,
    [cause]: 
SqliteError: no such 
column: is_template
        at 
convertError (D:\UIT_
COURSES\SE100\DailyDe
sk\node_modules\[4m.
pnpm[24m\libsql@0.5.
22\node_modules\[4ml
ibsql[24m\index.js:5
9:12)
        at 
Database.prepare (D:\
UIT_COURSES\SE100\Dai
lyDesk\node_modules\
[4m.pnpm[24m\libsql@
0.5.22\node_modules\
[4mlibsql[24m\index.
js:131:13)
        at 
executeStmt (file:///
D:/UIT_COURSES/SE100/
DailyDesk/node_module
s/[4m.pnpm[24m/@lib
sql+client@0.15.15/no
de_modules/[4m@libsq
l[24m/client/lib-esm
/sqlite3.js:268:28)
        at Sqlite3Cli
ent.execute (file:///
D:/UIT_COURSES/SE100/
DailyDesk/node_module
s/[4m.pnpm[24m/@lib
sql+client@0.15.15/no
de_modules/[4m@libsq
l[24m/client/lib-esm
/sqlite3.js:81:16)
        at file:///D:
/UIT_COURSES/SE100/Da
ilyDesk/node_modules/
[4m.pnpm[24m/drizzl
e-orm@0.44.7_@electri
_5c2928a099a752b7e299
aaadb8975aea/node_mod
ules/[4msrc[24m/lib
sql/session.ts:288:58
        at LibSQLPrep
aredQuery.queryWithCa
che (file:///D:/UIT_C
OURSES/SE100/DailyDes
k/node_modules/[4m.p
npm[24m/drizzle-orm@
0.44.7_@electri_5c292
8a099a752b7e299aaadb8
975aea/node_modules/
[4msrc[24m/sqlite-co
re/session.ts:78:18)
        at LibSQLPrep
aredQuery.values (fil
e:///D:/UIT_COURSES/S
E100/DailyDesk/node_m
odules/[4m.pnpm[24m
/drizzle-orm@0.44.7_@
electri_5c2928a099a75
2b7e299aaadb8975aea/n
ode_modules/[4msrc[
24m/libsql/session.ts
:286:21)
        at LibSQLPrep
aredQuery.all (file:/
//D:/UIT_COURSES/SE10
0/DailyDesk/node_modu
les/[4m.pnpm[24m/dr
izzle-orm@0.44.7_@ele
ctri_5c2928a099a752b7
e299aaadb8975aea/node
_modules/[4msrc[24m
/libsql/session.ts:21
4:27)
        at 
SQLiteSelectBase.all 
(file:///D:/UIT_COURS
ES/SE100/DailyDesk/no
de_modules/[4m.pnpm
[24m/drizzle-orm@0.44
.7_@electri_5c2928a09
9a752b7e299aaadb8975a
ea/node_modules/[4ms
rc[24m/sqlite-core/q
uery-builders/select.
ts:950:26)
        at SQLiteSele
ctBase.execute (file:
///D:/UIT_COURSES/SE1
00/DailyDesk/node_mod
ules/[4m.pnpm[24m/d
rizzle-orm@0.44.7_@el
ectri_5c2928a099a752b
7e299aaadb8975aea/nod
e_modules/[4msrc[24
m/sqlite-core/query-b
uilders/select.ts:962
:15) {
      code: [32m'SQL
ITE_ERROR'[39m,
      rawCode: 
[33m1[39m
    }
  }
}
Error in updateCard 
route: 
DrizzleQueryError: 
Failed query: select 
"id", "name", 
"description", 
"order", 
"cover_url", 
"cover_public_id", 
"cover_color", 
"cover_mode", 
"list_id", 
"start_date", 
"deadline", 
"due_at", 
"due_complete", 
"reminder_minutes", 
"recurrence", 
"recurrence_day", "re
currence_weekday", 
"repeat_frequency", 
"repeat_interval", 
"latitude", 
"longitude", 
"completed", 
"is_template", 
"created_at", 
"updated_at" from 
"cards" where 
"cards"."id" = ? 
limit ?
params: 019bd127-dc78
-7b51-8ecc-e784c2d375
15,1
    at LibSQLPrepared
Query.queryWithCache 
(file:///D:/UIT_COURS
ES/SE100/DailyDesk/no
de_modules/[4m.pnpm
[24m/drizzle-orm@0.44
.7_@electri_5c2928a09
9a752b7e299aaadb8975a
ea/node_modules/[4ms
rc[24m/sqlite-core/s
ession.ts:80:11)
[90m    at processTi
cksAndRejections (nod
e:internal/process/ta
sk_queues:105:5)[39m
    at LibSQLPrepared
Query.values (file://
/D:/UIT_COURSES/SE100
/DailyDesk/node_modul
es/[4m.pnpm[24m/dri
zzle-orm@0.44.7_@elec
tri_5c2928a099a752b7e
299aaadb8975aea/node_
modules/[4msrc[24m/
libsql/session.ts:286
:10)
    at LibSQLPrepared
Query.all (file:///D:
/UIT_COURSES/SE100/Da
ilyDesk/node_modules/
[4m.pnpm[24m/drizzl
e-orm@0.44.7_@electri
_5c2928a099a752b7e299
aaadb8975aea/node_mod
ules/[4msrc[24m/lib
sql/session.ts:214:16
)
    at 
Module.updateCard [9
0m(D:\UIT_COURSES\SE1
00\DailyDesk\backend\
[39msrc\services\car
ds.service.ts:566:24
[90m)[39m
    at [90mD:\UIT_CO
URSES\SE100\DailyDesk
\backend\[39msrc\rou
tes\cards.ts:244:25
    at dispatch (file
:///D:/UIT_COURSES/SE
100/DailyDesk/node_mo
dules/[4m.pnpm[24m/
hono@4.11.3/node_modu
les/[4mhono[24m/dis
t/compose.js:22:17)
    at file:///D:/UIT
_COURSES/SE100/DailyD
esk/node_modules/[4m
.pnpm[24m/hono@4.11.
3/node_modules/[4mho
no[24m/dist/validato
r/validator.js:81:12
    at mw (file:///D:
/UIT_COURSES/SE100/Da
ilyDesk/node_modules/
[4m.pnpm[24m/@hono+
zod-openapi@1.2.0_hon
o@4.11.3_zod@4.3.5/no
de_modules/[4m@hono
[24m/zod-openapi/src/
index.ts:546:26)
    at dispatch (file
:///D:/UIT_COURSES/SE
100/DailyDesk/node_mo
dules/[4m.pnpm[24m/
hono@4.11.3/node_modu
les/[4mhono[24m/dis
t/compose.js:22:17) {
  query: 
[32m'select "id", 
"name", 
"description", 
"order", 
"cover_url", 
"cover_public_id", 
"cover_color", 
"cover_mode", 
"list_id", 
"start_date", 
"deadline", 
"due_at", 
"due_complete", 
"reminder_minutes", 
"recurrence", 
"recurrence_day", "re
currence_weekday", 
"repeat_frequency", 
"repeat_interval", 
"latitude", 
"longitude", 
"completed", 
"is_template", 
"created_at", 
"updated_at" from 
"cards" where 
"cards"."id" = ? 
limit ?'[39m,
  params: [ [32m'019
bd127-dc78-7b51-8ecc-
e784c2d37515'[39m, 
[33m1[39m ],
  cause: 
LibsqlError: 
SQLITE_ERROR: no 
such column: 
is_template
      at 
mapSqliteError (file:
///D:/UIT_COURSES/SE1
00/DailyDesk/node_mod
ules/[4m.pnpm[24m/@
libsql+client@0.15.15
/node_modules/[4m@li
bsql[24m/client/lib-
esm/sqlite3.js:392:16
)
      at executeStmt 
(file:///D:/UIT_COURS
ES/SE100/DailyDesk/no
de_modules/[4m.pnpm
[24m/@libsql+client@0
.15.15/node_modules/
[4m@libsql[24m/clien
t/lib-esm/sqlite3.js:
297:15)
      at Sqlite3Clien
t.execute (file:///D:
/UIT_COURSES/SE100/Da
ilyDesk/node_modules/
[4m.pnpm[24m/@libsq
l+client@0.15.15/node
_modules/[4m@libsql
[24m/client/lib-esm/s
qlite3.js:81:16)
  [90m    ... 5 
lines matching cause 
stack trace ...[39m
      at SQLiteSelect
Base.execute (file://
/D:/UIT_COURSES/SE100
/DailyDesk/node_modul
es/[4m.pnpm[24m/dri
zzle-orm@0.44.7_@elec
tri_5c2928a099a752b7e
299aaadb8975aea/node_
modules/[4msrc[24m/
sqlite-core/query-bui
lders/select.ts:962:1
5)
      at SQLiteSelect
Base.then (file:///D:
/UIT_COURSES/SE100/Da
ilyDesk/node_modules/
[4m.pnpm[24m/drizzl
e-orm@0.44.7_@electri
_5c2928a099a752b7e299
aaadb8975aea/node_mod
ules/[4msrc[24m/que
ry-promise.ts:31:15) 
{
    code: [32m'SQLIT
E_ERROR'[39m,
    rawCode: 
[33m1[39m,
    [cause]: 
SqliteError: no such 
column: is_template
        at 
convertError (D:\UIT_
COURSES\SE100\DailyDe
sk\node_modules\[4m.
pnpm[24m\libsql@0.5.
22\node_modules\[4ml
ibsql[24m\index.js:5
9:12)
        at 
Database.prepare (D:\
UIT_COURSES\SE100\Dai
lyDesk\node_modules\
[4m.pnpm[24m\libsql@
0.5.22\node_modules\
[4mlibsql[24m\index.
js:131:13)
        at 
executeStmt (file:///
D:/UIT_COURSES/SE100/
DailyDesk/node_module
s/[4m.pnpm[24m/@lib
sql+client@0.15.15/no
de_modules/[4m@libsq
l[24m/client/lib-esm
/sqlite3.js:268:28)
        at Sqlite3Cli
ent.execute (file:///
D:/UIT_COURSES/SE100/
DailyDesk/node_module
s/[4m.pnpm[24m/@lib
sql+client@0.15.15/no
de_modules/[4m@libsq
l[24m/client/lib-esm
/sqlite3.js:81:16)
        at file:///D:
/UIT_COURSES/SE100/Da
ilyDesk/node_modules/
[4m.pnpm[24m/drizzl
e-orm@0.44.7_@electri
_5c2928a099a752b7e299
aaadb8975aea/node_mod
ules/[4msrc[24m/lib
sql/session.ts:288:58
        at LibSQLPrep
aredQuery.queryWithCa
che (file:///D:/UIT_C
OURSES/SE100/DailyDes
k/node_modules/[4m.p
npm[24m/drizzle-orm@
0.44.7_@electri_5c292
8a099a752b7e299aaadb8
975aea/node_modules/
[4msrc[24m/sqlite-co
re/session.ts:78:18)
        at LibSQLPrep
aredQuery.values (fil
e:///D:/UIT_COURSES/S
E100/DailyDesk/node_m
odules/[4m.pnpm[24m
/drizzle-orm@0.44.7_@
electri_5c2928a099a75
2b7e299aaadb8975aea/n
ode_modules/[4msrc[
24m/libsql/session.ts
:286:21)
        at LibSQLPrep
aredQuery.all (file:/
//D:/UIT_COURSES/SE10
0/DailyDesk/node_modu
les/[4m.pnpm[24m/dr
izzle-orm@0.44.7_@ele
ctri_5c2928a099a752b7
e299aaadb8975aea/node
_modules/[4msrc[24m
/libsql/session.ts:21
4:27)
        at 
SQLiteSelectBase.all 
(file:///D:/UIT_COURS
ES/SE100/DailyDesk/no
de_modules/[4m.pnpm
[24m/drizzle-orm@0.44
.7_@electri_5c2928a09
9a752b7e299aaadb8975a
ea/node_modules/[4ms
rc[24m/sqlite-core/q
uery-builders/select.
ts:950:26)
        at SQLiteSele
ctBase.execute (file:
///D:/UIT_COURSES/SE1
00/DailyDesk/node_mod
ules/[4m.pnpm[24m/d
rizzle-orm@0.44.7_@el
ectri_5c2928a099a752b
7e299aaadb8975aea/nod
e_modules/[4msrc[24
m/sqlite-core/query-b
uilders/select.ts:962
:15) {
      code: [32m'SQL
ITE_ERROR'[39m,
      rawCode: 
[33m1[39m
    }
  }
}
DrizzleQueryError: 
Failed query: select 
"id", "name", 
"description", 
"order", 
"cover_url", 
"cover_public_id", 
"cover_color", 
"cover_mode", 
"list_id", 
"start_date", 
"deadline", 
"due_at", 
"due_complete", 
"reminder_minutes", 
"recurrence", 
"recurrence_day", "re
currence_weekday", 
"repeat_frequency", 
"repeat_interval", 
"latitude", 
"longitude", 
"completed", 
"is_template", 
"created_at", 
"updated_at" from 
"cards" where 
"cards"."id" = ? 
limit ?
params: 019bd127-dc78
-7b51-8ecc-e784c2d375
15,1
    at LibSQLPrepared
Query.queryWithCache 
(file:///D:/UIT_COURS
ES/SE100/DailyDesk/no
de_modules/[4m.pnpm
[24m/drizzle-orm@0.44
.7_@electri_5c2928a09
9a752b7e299aaadb8975a
ea/node_modules/[4ms
rc[24m/sqlite-core/s
ession.ts:80:11)
[90m    at processTi
cksAndRejections (nod
e:internal/process/ta
sk_queues:105:5)[39m
    at LibSQLPrepared
Query.values (file://
/D:/UIT_COURSES/SE100
/DailyDesk/node_modul
es/[4m.pnpm[24m/dri
zzle-orm@0.44.7_@elec
tri_5c2928a099a752b7e
299aaadb8975aea/node_
modules/[4msrc[24m/
libsql/session.ts:286
:10)
    at LibSQLPrepared
Query.all (file:///D:
/UIT_COURSES/SE100/Da
ilyDesk/node_modules/
[4m.pnpm[24m/drizzl
e-orm@0.44.7_@electri
_5c2928a099a752b7e299
aaadb8975aea/node_mod
ules/[4msrc[24m/lib
sql/session.ts:214:16
)
    at 
Module.updateCard [9
0m(D:\UIT_COURSES\SE1
00\DailyDesk\backend\
[39msrc\services\car
ds.service.ts:566:24
[90m)[39m
    at [90mD:\UIT_CO
URSES\SE100\DailyDesk
\backend\[39msrc\rou
tes\cards.ts:244:25
    at dispatch (file
:///D:/UIT_COURSES/SE
100/DailyDesk/node_mo
dules/[4m.pnpm[24m/
hono@4.11.3/node_modu
les/[4mhono[24m/dis
t/compose.js:22:17)
    at file:///D:/UIT
_COURSES/SE100/DailyD
esk/node_modules/[4m
.pnpm[24m/hono@4.11.
3/node_modules/[4mho
no[24m/dist/validato
r/validator.js:81:12
    at mw (file:///D:
/UIT_COURSES/SE100/Da
ilyDesk/node_modules/
[4m.pnpm[24m/@hono+
zod-openapi@1.2.0_hon
o@4.11.3_zod@4.3.5/no
de_modules/[4m@hono
[24m/zod-openapi/src/
index.ts:546:26)
    at dispatch (file
:///D:/UIT_COURSES/SE
100/DailyDesk/node_mo
dules/[4m.pnpm[24m/
hono@4.11.3/node_modu
les/[4mhono[24m/dis
t/compose.js:22:17) {
  query: 
[32m'select "id", 
"name", 
"description", 
"order", 
"cover_url", 
"cover_public_id", 
"cover_color", 
"cover_mode", 
"list_id", 
"start_date", 
"deadline", 
"due_at", 
"due_complete", 
"reminder_minutes", 
"recurrence", 
"recurrence_day", "re
currence_weekday", 
"repeat_frequency", 
"repeat_interval", 
"latitude", 
"longitude", 
"completed", 
"is_template", 
"created_at", 
"updated_at" from 
"cards" where 
"cards"."id" = ? 
limit ?'[39m,
  params: [ [32m'019
bd127-dc78-7b51-8ecc-
e784c2d37515'[39m, 
[33m1[39m ],
  cause: 
LibsqlError: 
SQLITE_ERROR: no 
such column: 
is_template
      at 
mapSqliteError (file:
///D:/UIT_COURSES/SE1
00/DailyDesk/node_mod
ules/[4m.pnpm[24m/@
libsql+client@0.15.15
/node_modules/[4m@li
bsql[24m/client/lib-
esm/sqlite3.js:392:16
)
      at executeStmt 
(file:///D:/UIT_COURS
ES/SE100/DailyDesk/no
de_modules/[4m.pnpm
[24m/@libsql+client@0
.15.15/node_modules/
[4m@libsql[24m/clien
t/lib-esm/sqlite3.js:
297:15)
      at Sqlite3Clien
t.execute (file:///D:
/UIT_COURSES/SE100/Da
ilyDesk/node_modules/
[4m.pnpm[24m/@libsq
l+client@0.15.15/node
_modules/[4m@libsql
[24m/client/lib-esm/s
qlite3.js:81:16)
  [90m    ... 5 
lines matching cause 
stack trace ...[39m
      at SQLiteSelect
Base.execute (file://
/D:/UIT_COURSES/SE100
/DailyDesk/node_modul
es/[4m.pnpm[24m/dri
zzle-orm@0.44.7_@elec
tri_5c2928a099a752b7e
299aaadb8975aea/node_
modules/[4msrc[24m/
sqlite-core/query-bui
lders/select.ts:962:1
5)
      at SQLiteSelect
Base.then (file:///D:
/UIT_COURSES/SE100/Da
ilyDesk/node_modules/
[4m.pnpm[24m/drizzl
e-orm@0.44.7_@electri
_5c2928a099a752b7e299
aaadb8975aea/node_mod
ules/[4msrc[24m/que
ry-promise.ts:31:15) 
{
    code: [32m'SQLIT
E_ERROR'[39m,
    rawCode: 
[33m1[39m,
    [cause]: 
SqliteError: no such 
column: is_template
        at 
convertError (D:\UIT_
COURSES\SE100\DailyDe
sk\node_modules\[4m.
pnpm[24m\libsql@0.5.
22\node_modules\[4ml
ibsql[24m\index.js:5
9:12)
        at 
Database.prepare (D:\
UIT_COURSES\SE100\Dai
lyDesk\node_modules\
[4m.pnpm[24m\libsql@
0.5.22\node_modules\
[4mlibsql[24m\index.
js:131:13)
        at 
executeStmt (file:///
D:/UIT_COURSES/SE100/
DailyDesk/node_module
s/[4m.pnpm[24m/@lib
sql+client@0.15.15/no
de_modules/[4m@libsq
l[24m/client/lib-esm
/sqlite3.js:268:28)
        at Sqlite3Cli
ent.execute (file:///
D:/UIT_COURSES/SE100/
DailyDesk/node_module
s/[4m.pnpm[24m/@lib
sql+client@0.15.15/no
de_modules/[4m@libsq
l[24m/client/lib-esm
/sqlite3.js:81:16)
        at file:///D:
/UIT_COURSES/SE100/Da
ilyDesk/node_modules/
[4m.pnpm[24m/drizzl
e-orm@0.44.7_@electri
_5c2928a099a752b7e299
aaadb8975aea/node_mod
ules/[4msrc[24m/lib
sql/session.ts:288:58
        at LibSQLPrep
aredQuery.queryWithCa
che (file:///D:/UIT_C
OURSES/SE100/DailyDes
k/node_modules/[4m.p
npm[24m/drizzle-orm@
0.44.7_@electri_5c292
8a099a752b7e299aaadb8
975aea/node_modules/
[4msrc[24m/sqlite-co
re/session.ts:78:18)
        at LibSQLPrep
aredQuery.values (fil
e:///D:/UIT_COURSES/S
E100/DailyDesk/node_m
odules/[4m.pnpm[24m
/drizzle-orm@0.44.7_@
electri_5c2928a099a75
2b7e299aaadb8975aea/n
ode_modules/[4msrc[
24m/libsql/session.ts
:286:21)
        at LibSQLPrep
aredQuery.all (file:/
//D:/UIT_COURSES/SE10
0/DailyDesk/node_modu
les/[4m.pnpm[24m/dr
izzle-orm@0.44.7_@ele
ctri_5c2928a099a752b7
e299aaadb8975aea/node
_modules/[4msrc[24m
/libsql/session.ts:21
4:27)
        at 
SQLiteSelectBase.all 
(file:///D:/UIT_COURS
ES/SE100/DailyDesk/no
de_modules/[4m.pnpm
[24m/drizzle-orm@0.44
.7_@electri_5c2928a09
9a752b7e299aaadb8975a
ea/node_modules/[4ms
rc[24m/sqlite-core/q
uery-builders/select.
ts:950:26)
        at SQLiteSele
ctBase.execute (file:
///D:/UIT_COURSES/SE1
00/DailyDesk/node_mod
ules/[4m.pnpm[24m/d
rizzle-orm@0.44.7_@el
ectri_5c2928a099a752b
7e299aaadb8975aea/nod
e_modules/[4msrc[24
m/sqlite-core/query-b
uilders/select.ts:962
:15) {
      code: [32m'SQL
ITE_ERROR'[39m,
      rawCode: 
[33m1[39m
    }
  }
}
Error in updateCard 
route: 
DrizzleQueryError: 
Failed query: select 
"id", "name", 
"description", 
"order", 
"cover_url", 
"cover_public_id", 
"cover_color", 
"cover_mode", 
"list_id", 
"start_date", 
"deadline", 
"due_at", 
"due_complete", 
"reminder_minutes", 
"recurrence", 
"recurrence_day", "re
currence_weekday", 
"repeat_frequency", 
"repeat_interval", 
"latitude", 
"longitude", 
"completed", 
"is_template", 
"created_at", 
"updated_at" from 
"cards" where 
"cards"."id" = ? 
limit ?
params: 019bd127-dc78
-7b51-8ecc-e7854baa01
e9,1
    at LibSQLPrepared
Query.queryWithCache 
(file:///D:/UIT_COURS
ES/SE100/DailyDesk/no
de_modules/[4m.pnpm
[24m/drizzle-orm@0.44
.7_@electri_5c2928a09
9a752b7e299aaadb8975a
ea/node_modules/[4ms
rc[24m/sqlite-core/s
ession.ts:80:11)
[90m    at processTi
cksAndRejections (nod
e:internal/process/ta
sk_queues:105:5)[39m
    at LibSQLPrepared
Query.values (file://
/D:/UIT_COURSES/SE100
/DailyDesk/node_modul
es/[4m.pnpm[24m/dri
zzle-orm@0.44.7_@elec
tri_5c2928a099a752b7e
299aaadb8975aea/node_
modules/[4msrc[24m/
libsql/session.ts:286
:10)
    at LibSQLPrepared
Query.all (file:///D:
/UIT_COURSES/SE100/Da
ilyDesk/node_modules/
[4m.pnpm[24m/drizzl
e-orm@0.44.7_@electri
_5c2928a099a752b7e299
aaadb8975aea/node_mod
ules/[4msrc[24m/lib
sql/session.ts:214:16
)
    at 
Module.updateCard [9
0m(D:\UIT_COURSES\SE1
00\DailyDesk\backend\
[39msrc\services\car
ds.service.ts:566:24
[90m)[39m
    at [90mD:\UIT_CO
URSES\SE100\DailyDesk
\backend\[39msrc\rou
tes\cards.ts:244:25
    at dispatch (file
:///D:/UIT_COURSES/SE
100/DailyDesk/node_mo
dules/[4m.pnpm[24m/
hono@4.11.3/node_modu
les/[4mhono[24m/dis
t/compose.js:22:17)
    at file:///D:/UIT
_COURSES/SE100/DailyD
esk/node_modules/[4m
.pnpm[24m/hono@4.11.
3/node_modules/[4mho
no[24m/dist/validato
r/validator.js:81:12
    at mw (file:///D:
/UIT_COURSES/SE100/Da
ilyDesk/node_modules/
[4m.pnpm[24m/@hono+
zod-openapi@1.2.0_hon
o@4.11.3_zod@4.3.5/no
de_modules/[4m@hono
[24m/zod-openapi/src/
index.ts:546:26)
    at dispatch (file
:///D:/UIT_COURSES/SE
100/DailyDesk/node_mo
dules/[4m.pnpm[24m/
hono@4.11.3/node_modu
les/[4mhono[24m/dis
t/compose.js:22:17) {
  query: 
[32m'select "id", 
"name", 
"description", 
"order", 
"cover_url", 
"cover_public_id", 
"cover_color", 
"cover_mode", 
"list_id", 
"start_date", 
"deadline", 
"due_at", 
"due_complete", 
"reminder_minutes", 
"recurrence", 
"recurrence_day", "re
currence_weekday", 
"repeat_frequency", 
"repeat_interval", 
"latitude", 
"longitude", 
"completed", 
"is_template", 
"created_at", 
"updated_at" from 
"cards" where 
"cards"."id" = ? 
limit ?'[39m,
  params: [ [32m'019
bd127-dc78-7b51-8ecc-
e7854baa01e9'[39m, 
[33m1[39m ],
  cause: 
LibsqlError: 
SQLITE_ERROR: no 
such column: 
is_template
      at 
mapSqliteError (file:
///D:/UIT_COURSES/SE1
00/DailyDesk/node_mod
ules/[4m.pnpm[24m/@
libsql+client@0.15.15
/node_modules/[4m@li
bsql[24m/client/lib-
esm/sqlite3.js:392:16
)
      at executeStmt 
(file:///D:/UIT_COURS
ES/SE100/DailyDesk/no
de_modules/[4m.pnpm
[24m/@libsql+client@0
.15.15/node_modules/
[4m@libsql[24m/clien
t/lib-esm/sqlite3.js:
297:15)
      at Sqlite3Clien
t.execute (file:///D:
/UIT_COURSES/SE100/Da
ilyDesk/node_modules/
[4m.pnpm[24m/@libsq
l+client@0.15.15/node
_modules/[4m@libsql
[24m/client/lib-esm/s
qlite3.js:81:16)
  [90m    ... 5 
lines matching cause 
stack trace ...[39m
      at SQLiteSelect
Base.execute (file://
/D:/UIT_COURSES/SE100
/DailyDesk/node_modul
es/[4m.pnpm[24m/dri
zzle-orm@0.44.7_@elec
tri_5c2928a099a752b7e
299aaadb8975aea/node_
modules/[4msrc[24m/
sqlite-core/query-bui
lders/select.ts:962:1
5)
      at SQLiteSelect
Base.then (file:///D:
/UIT_COURSES/SE100/Da
ilyDesk/node_modules/
[4m.pnpm[24m/drizzl
e-orm@0.44.7_@electri
_5c2928a099a752b7e299
aaadb8975aea/node_mod
ules/[4msrc[24m/que
ry-promise.ts:31:15) 
{
    code: [32m'SQLIT
E_ERROR'[39m,
    rawCode: 
[33m1[39m,
    [cause]: 
SqliteError: no such 
column: is_template
        at 
convertError (D:\UIT_
COURSES\SE100\DailyDe
sk\node_modules\[4m.
pnpm[24m\libsql@0.5.
22\node_modules\[4ml
ibsql[24m\index.js:5
9:12)
        at 
Database.prepare (D:\
UIT_COURSES\SE100\Dai
lyDesk\node_modules\
[4m.pnpm[24m\libsql@
0.5.22\node_modules\
[4mlibsql[24m\index.
js:131:13)
        at 
executeStmt (file:///
D:/UIT_COURSES/SE100/
DailyDesk/node_module
s/[4m.pnpm[24m/@lib
sql+client@0.15.15/no
de_modules/[4m@libsq
l[24m/client/lib-esm
/sqlite3.js:268:28)
        at Sqlite3Cli
ent.execute (file:///
D:/UIT_COURSES/SE100/
DailyDesk/node_module
s/[4m.pnpm[24m/@lib
sql+client@0.15.15/no
de_modules/[4m@libsq
l[24m/client/lib-esm
/sqlite3.js:81:16)
        at file:///D:
/UIT_COURSES/SE100/Da
ilyDesk/node_modules/
[4m.pnpm[24m/drizzl
e-orm@0.44.7_@electri
_5c2928a099a752b7e299
aaadb8975aea/node_mod
ules/[4msrc[24m/lib
sql/session.ts:288:58
        at LibSQLPrep
aredQuery.queryWithCa
che (file:///D:/UIT_C
OURSES/SE100/DailyDes
k/node_modules/[4m.p
npm[24m/drizzle-orm@
0.44.7_@electri_5c292
8a099a752b7e299aaadb8
975aea/node_modules/
[4msrc[24m/sqlite-co
re/session.ts:78:18)
        at LibSQLPrep
aredQuery.values (fil
e:///D:/UIT_COURSES/S
E100/DailyDesk/node_m
odules/[4m.pnpm[24m
/drizzle-orm@0.44.7_@
electri_5c2928a099a75
2b7e299aaadb8975aea/n
ode_modules/[4msrc[
24m/libsql/session.ts
:286:21)
        at LibSQLPrep
aredQuery.all (file:/
//D:/UIT_COURSES/SE10
0/DailyDesk/node_modu
les/[4m.pnpm[24m/dr
izzle-orm@0.44.7_@ele
ctri_5c2928a099a752b7
e299aaadb8975aea/node
_modules/[4msrc[24m
/libsql/session.ts:21
4:27)
        at 
SQLiteSelectBase.all 
(file:///D:/UIT_COURS
ES/SE100/DailyDesk/no
de_modules/[4m.pnpm
[24m/drizzle-orm@0.44
.7_@electri_5c2928a09
9a752b7e299aaadb8975a
ea/node_modules/[4ms
rc[24m/sqlite-core/q
uery-builders/select.
ts:950:26)
        at SQLiteSele
ctBase.execute (file:
///D:/UIT_COURSES/SE1
00/DailyDesk/node_mod
ules/[4m.pnpm[24m/d
rizzle-orm@0.44.7_@el
ectri_5c2928a099a752b
7e299aaadb8975aea/nod
e_modules/[4msrc[24
m/sqlite-core/query-b
uilders/select.ts:962
:15) {
      code: [32m'SQL
ITE_ERROR'[39m,
      rawCode: 
[33m1[39m
    }
  }
}
DrizzleQueryError: 
Failed query: select 
"id", "name", 
"description", 
"order", 
"cover_url", 
"cover_public_id", 
"cover_color", 
"cover_mode", 
"list_id", 
"start_date", 
"deadline", 
"due_at", 
"due_complete", 
"reminder_minutes", 
"recurrence", 
"recurrence_day", "re
currence_weekday", 
"repeat_frequency", 
"repeat_interval", 
"latitude", 
"longitude", 
"completed", 
"is_template", 
"created_at", 
"updated_at" from 
"cards" where 
"cards"."id" = ? 
limit ?
params: 019bd127-dc78
-7b51-8ecc-e7854baa01
e9,1
    at LibSQLPrepared
Query.queryWithCache 
(file:///D:/UIT_COURS
ES/SE100/DailyDesk/no
de_modules/[4m.pnpm
[24m/drizzle-orm@0.44
.7_@electri_5c2928a09
9a752b7e299aaadb8975a
ea/node_modules/[4ms
rc[24m/sqlite-core/s
ession.ts:80:11)
[90m    at processTi
cksAndRejections (nod
e:internal/process/ta
sk_queues:105:5)[39m
    at LibSQLPrepared
Query.values (file://
/D:/UIT_COURSES/SE100
/DailyDesk/node_modul
es/[4m.pnpm[24m/dri
zzle-orm@0.44.7_@elec
tri_5c2928a099a752b7e
299aaadb8975aea/node_
modules/[4msrc[24m/
libsql/session.ts:286
:10)
    at LibSQLPrepared
Query.all (file:///D:
/UIT_COURSES/SE100/Da
ilyDesk/node_modules/
[4m.pnpm[24m/drizzl
e-orm@0.44.7_@electri
_5c2928a099a752b7e299
aaadb8975aea/node_mod
ules/[4msrc[24m/lib
sql/session.ts:214:16
)
    at 
Module.updateCard [9
0m(D:\UIT_COURSES\SE1
00\DailyDesk\backend\
[39msrc\services\car
ds.service.ts:566:24
[90m)[39m
    at [90mD:\UIT_CO
URSES\SE100\DailyDesk
\backend\[39msrc\rou
tes\cards.ts:244:25
    at dispatch (file
:///D:/UIT_COURSES/SE
100/DailyDesk/node_mo
dules/[4m.pnpm[24m/
hono@4.11.3/node_modu
les/[4mhono[24m/dis
t/compose.js:22:17)
    at file:///D:/UIT
_COURSES/SE100/DailyD
esk/node_modules/[4m
.pnpm[24m/hono@4.11.
3/node_modules/[4mho
no[24m/dist/validato
r/validator.js:81:12
    at mw (file:///D:
/UIT_COURSES/SE100/Da
ilyDesk/node_modules/
[4m.pnpm[24m/@hono+
zod-openapi@1.2.0_hon
o@4.11.3_zod@4.3.5/no
de_modules/[4m@hono
[24m/zod-openapi/src/
index.ts:546:26)
    at dispatch (file
:///D:/UIT_COURSES/SE
100/DailyDesk/node_mo
dules/[4m.pnpm[24m/
hono@4.11.3/node_modu
les/[4mhono[24m/dis
t/compose.js:22:17) {
  query: 
[32m'select "id", 
"name", 
"description", 
"order", 
"cover_url", 
"cover_public_id", 
"cover_color", 
"cover_mode", 
"list_id", 
"start_date", 
"deadline", 
"due_at", 
"due_complete", 
"reminder_minutes", 
"recurrence", 
"recurrence_day", "re
currence_weekday", 
"repeat_frequency", 
"repeat_interval", 
"latitude", 
"longitude", 
"completed", 
"is_template", 
"created_at", 
"updated_at" from 
"cards" where 
"cards"."id" = ? 
limit ?'[39m,
  params: [ [32m'019
bd127-dc78-7b51-8ecc-
e7854baa01e9'[39m, 
[33m1[39m ],
  cause: 
LibsqlError: 
SQLITE_ERROR: no 
such column: 
is_template
      at 
mapSqliteError (file:
///D:/UIT_COURSES/SE1
00/DailyDesk/node_mod
ules/[4m.pnpm[24m/@
libsql+client@0.15.15
/node_modules/[4m@li
bsql[24m/client/lib-
esm/sqlite3.js:392:16
)
      at executeStmt 
(file:///D:/UIT_COURS
ES/SE100/DailyDesk/no
de_modules/[4m.pnpm
[24m/@libsql+client@0
.15.15/node_modules/
[4m@libsql[24m/clien
t/lib-esm/sqlite3.js:
297:15)
      at Sqlite3Clien
t.execute (file:///D:
/UIT_COURSES/SE100/Da
ilyDesk/node_modules/
[4m.pnpm[24m/@libsq
l+client@0.15.15/node
_modules/[4m@libsql
[24m/client/lib-esm/s
qlite3.js:81:16)
  [90m    ... 5 
lines matching cause 
stack trace ...[39m
      at SQLiteSelect
Base.execute (file://
/D:/UIT_COURSES/SE100
/DailyDesk/node_modul
es/[4m.pnpm[24m/dri
zzle-orm@0.44.7_@elec
tri_5c2928a099a752b7e
299aaadb8975aea/node_
modules/[4msrc[24m/
sqlite-core/query-bui
lders/select.ts:962:1
5)
      at SQLiteSelect
Base.then (file:///D:
/UIT_COURSES/SE100/Da
ilyDesk/node_modules/
[4m.pnpm[24m/drizzl
e-orm@0.44.7_@electri
_5c2928a099a752b7e299
aaadb8975aea/node_mod
ules/[4msrc[24m/que
ry-promise.ts:31:15) 
{
    code: [32m'SQLIT
E_ERROR'[39m,
    rawCode: 
[33m1[39m,
    [cause]: 
SqliteError: no such 
column: is_template
        at 
convertError (D:\UIT_
COURSES\SE100\DailyDe
sk\node_modules\[4m.
pnpm[24m\libsql@0.5.
22\node_modules\[4ml
ibsql[24m\index.js:5
9:12)
        at 
Database.prepare (D:\
UIT_COURSES\SE100\Dai
lyDesk\node_modules\
[4m.pnpm[24m\libsql@
0.5.22\node_modules\
[4mlibsql[24m\index.
js:131:13)
        at 
executeStmt (file:///
D:/UIT_COURSES/SE100/
DailyDesk/node_module
s/[4m.pnpm[24m/@lib
sql+client@0.15.15/no
de_modules/[4m@libsq
l[24m/client/lib-esm
/sqlite3.js:268:28)
        at Sqlite3Cli
ent.execute (file:///
D:/UIT_COURSES/SE100/
DailyDesk/node_module
s/[4m.pnpm[24m/@lib
sql+client@0.15.15/no
de_modules/[4m@libsq
l[24m/client/lib-esm
/sqlite3.js:81:16)
        at file:///D:
/UIT_COURSES/SE100/Da
ilyDesk/node_modules/
[4m.pnpm[24m/drizzl
e-orm@0.44.7_@electri
_5c2928a099a752b7e299
aaadb8975aea/node_mod
ules/[4msrc[24m/lib
sql/session.ts:288:58
        at LibSQLPrep
aredQuery.queryWithCa
che (file:///D:/UIT_C
OURSES/SE100/DailyDes
k/node_modules/[4m.p
npm[24m/drizzle-orm@
0.44.7_@electri_5c292
8a099a752b7e299aaadb8
975aea/node_modules/
[4msrc[24m/sqlite-co
re/session.ts:78:18)
        at LibSQLPrep
aredQuery.values (fil
e:///D:/UIT_COURSES/S
E100/DailyDesk/node_m
odules/[4m.pnpm[24m
/drizzle-orm@0.44.7_@
electri_5c2928a099a75
2b7e299aaadb8975aea/n
ode_modules/[4msrc[
24m/libsql/session.ts
:286:21)
        at LibSQLPrep
aredQuery.all (file:/
//D:/UIT_COURSES/SE10
0/DailyDesk/node_modu
les/[4m.pnpm[24m/dr
izzle-orm@0.44.7_@ele
ctri_5c2928a099a752b7
e299aaadb8975aea/node
_modules/[4msrc[24m
/libsql/session.ts:21
4:27)
        at 
SQLiteSelectBase.all 
(file:///D:/UIT_COURS
ES/SE100/DailyDesk/no
de_modules/[4m.pnpm
[24m/drizzle-orm@0.44
.7_@electri_5c2928a09
9a752b7e299aaadb8975a
ea/node_modules/[4ms
rc[24m/sqlite-core/q
uery-builders/select.
ts:950:26)
        at SQLiteSele
ctBase.execute (file:
///D:/UIT_COURSES/SE1
00/DailyDesk/node_mod
ules/[4m.pnpm[24m/d
rizzle-orm@0.44.7_@el
ectri_5c2928a099a752b
7e299aaadb8975aea/nod
e_modules/[4msrc[24
m/sqlite-core/query-b
uilders/select.ts:962
:15) {
      code: [32m'SQL
ITE_ERROR'[39m,
      rawCode: 
[33m1[39m
    }
  }
}
Error in boards GET 
by ID route: 
DrizzleQueryError: 
Failed query: select 
"id", "name", 
"user_id", 
"background_url", "ba
ckground_public_id", 
"background_color", 
(select coalesce(json
_group_array(json_arr
ay("id", "name", 
"order", "board_id", 
(select coalesce(json
_group_array(json_arr
ay("id", "name", 
"description", 
"order", 
"cover_url", 
"cover_public_id", 
"cover_color", 
"cover_mode", 
"list_id", 
"start_date", 
"deadline", 
"due_at", 
"due_complete", 
"reminder_minutes", 
"recurrence", 
"recurrence_day", "re
currence_weekday", 
"repeat_frequency", 
"repeat_interval", 
"latitude", 
"longitude", 
"completed", 
"is_template", 
"created_at", 
"updated_at")), 
json_array()) as 
"data" from (select 
* from "cards" "board
sTable_lists_cards" 
where "boardsTable_li
sts_cards"."list_id" 
= "boardsTable_lists"
."id" order by "board
sTable_lists_cards"."
order" asc) "boardsTa
ble_lists_cards"))), 
json_array()) as 
"data" from (select 
* from "lists" 
"boardsTable_lists" 
where "boardsTable_li
sts"."board_id" = 
"boardsTable"."id" 
order by "boardsTable
_lists"."order" asc) 
"boardsTable_lists") 
as "lists" from 
"boards" 
"boardsTable" where 
"boardsTable"."id" = 
? limit ?
params: 019bd127-dc6e
-766e-8ed7-a3b6ce88db
09,1
    at LibSQLPrepared
Query.queryWithCache 
(file:///D:/UIT_COURS
ES/SE100/DailyDesk/no
de_modules/[4m.pnpm
[24m/drizzle-orm@0.44
.7_@electri_5c2928a09
9a752b7e299aaadb8975a
ea/node_modules/[4ms
rc[24m/sqlite-core/s
ession.ts:80:11)
[90m    at processTi
cksAndRejections (nod
e:internal/process/ta
sk_queues:105:5)[39m
    at LibSQLPrepared
Query.values (file://
/D:/UIT_COURSES/SE100
/DailyDesk/node_modul
es/[4m.pnpm[24m/dri
zzle-orm@0.44.7_@elec
tri_5c2928a099a752b7e
299aaadb8975aea/node_
modules/[4msrc[24m/
libsql/session.ts:286
:10)
    at LibSQLPrepared
Query.get (file:///D:
/UIT_COURSES/SE100/Da
ilyDesk/node_modules/
[4m.pnpm[24m/drizzl
e-orm@0.44.7_@electri
_5c2928a099a752b7e299
aaadb8975aea/node_mod
ules/[4msrc[24m/lib
sql/session.ts:252:16
)
    at 
Module.getBoardById 
[90m(D:\UIT_COURSES\S
E100\DailyDesk\backen
d\[39msrc\services\b
oards.service.ts:230:
17[90m)[39m
    at [90mD:\UIT_CO
URSES\SE100\DailyDesk
\backend\[39msrc\rou
tes\boards.ts:138:23
    at dispatch (file
:///D:/UIT_COURSES/SE
100/DailyDesk/node_mo
dules/[4m.pnpm[24m/
hono@4.11.3/node_modu
les/[4mhono[24m/dis
t/compose.js:22:17)
    at file:///D:/UIT
_COURSES/SE100/DailyD
esk/node_modules/[4m
.pnpm[24m/hono@4.11.
3/node_modules/[4mho
no[24m/dist/validato
r/validator.js:81:12
    at dispatch (file
:///D:/UIT_COURSES/SE
100/DailyDesk/node_mo
dules/[4m.pnpm[24m/
hono@4.11.3/node_modu
les/[4mhono[24m/dis
t/compose.js:22:17)
    at [90mD:\UIT_CO
URSES\SE100\DailyDesk
\backend\[39mtests\h
elpers\auth.ts:27:5 {
  query: 
[32m'select "id", 
"name", "user_id", 
"background_url", "ba
ckground_public_id", 
"background_color", 
(select coalesce(json
_group_array(json_arr
ay("id", "name", 
"order", "board_id", 
(select coalesce(json
_group_array(json_arr
ay("id", "name", 
"description", 
"order", 
"cover_url", 
"cover_public_id", 
"cover_color", 
"cover_mode", 
"list_id", 
"start_date", 
"deadline", 
"due_at", 
"due_complete", 
"reminder_minutes", 
"recurrence", 
"recurrence_day", "re
currence_weekday", 
"repeat_frequency", 
"repeat_interval", 
"latitude", 
"longitude", 
"completed", 
"is_template", 
"created_at", 
"updated_at")), 
json_array()) as 
"data" from (select 
* from "cards" "board
sTable_lists_cards" 
where "boardsTable_li
sts_cards"."list_id" 
= "boardsTable_lists"
."id" order by "board
sTable_lists_cards"."
order" asc) "boardsTa
ble_lists_cards"))), 
json_array()) as 
"data" from (select 
* from "lists" 
"boardsTable_lists" 
where "boardsTable_li
sts"."board_id" = 
"boardsTable"."id" 
order by "boardsTable
_lists"."order" asc) 
"boardsTable_lists") 
as "lists" from 
"boards" 
"boardsTable" where 
"boardsTable"."id" = 
? limit ?'[39m,
  params: [ [32m'019
bd127-dc6e-766e-8ed7-
a3b6ce88db09'[39m, 
[33m1[39m ],
  cause: 
LibsqlError: 
SQLITE_ERROR: no 
such column: 
is_template
      at 
mapSqliteError (file:
///D:/UIT_COURSES/SE1
00/DailyDesk/node_mod
ules/[4m.pnpm[24m/@
libsql+client@0.15.15
/node_modules/[4m@li
bsql[24m/client/lib-
esm/sqlite3.js:392:16
)
      at executeStmt 
(file:///D:/UIT_COURS
ES/SE100/DailyDesk/no
de_modules/[4m.pnpm
[24m/@libsql+client@0
.15.15/node_modules/
[4m@libsql[24m/clien
t/lib-esm/sqlite3.js:
297:15)
      at Sqlite3Clien
t.execute (file:///D:
/UIT_COURSES/SE100/Da
ilyDesk/node_modules/
[4m.pnpm[24m/@libsq
l+client@0.15.15/node
_modules/[4m@libsql
[24m/client/lib-esm/s
qlite3.js:81:16)
  [90m    ... 5 
lines matching cause 
stack trace ...[39m
      at 
QueryPromise.execute 
(file:///D:/UIT_COURS
ES/SE100/DailyDesk/no
de_modules/[4m.pnpm
[24m/drizzle-orm@0.44
.7_@electri_5c2928a09
9a752b7e299aaadb8975a
ea/node_modules/[4ms
rc[24m/sqlite-core/q
uery-builders/query.t
s:197:15)
      at 
QueryPromise.then (fi
le:///D:/UIT_COURSES/
SE100/DailyDesk/node_
modules/[4m.pnpm[24
m/drizzle-orm@0.44.7_
@electri_5c2928a099a7
52b7e299aaadb8975aea/
node_modules/[4msrc
[24m/query-promise.ts
:31:15) {
    code: [32m'SQLIT
E_ERROR'[39m,
    rawCode: 
[33m1[39m,
    [cause]: 
SqliteError: no such 
column: is_template
        at 
convertError (D:\UIT_
COURSES\SE100\DailyDe
sk\node_modules\[4m.
pnpm[24m\libsql@0.5.
22\node_modules\[4ml
ibsql[24m\index.js:5
9:12)
        at 
Database.prepare (D:\
UIT_COURSES\SE100\Dai
lyDesk\node_modules\
[4m.pnpm[24m\libsql@
0.5.22\node_modules\
[4mlibsql[24m\index.
js:131:13)
        at 
executeStmt (file:///
D:/UIT_COURSES/SE100/
DailyDesk/node_module
s/[4m.pnpm[24m/@lib
sql+client@0.15.15/no
de_modules/[4m@libsq
l[24m/client/lib-esm
/sqlite3.js:268:28)
        at Sqlite3Cli
ent.execute (file:///
D:/UIT_COURSES/SE100/
DailyDesk/node_module
s/[4m.pnpm[24m/@lib
sql+client@0.15.15/no
de_modules/[4m@libsq
l[24m/client/lib-esm
/sqlite3.js:81:16)
        at file:///D:
/UIT_COURSES/SE100/Da
ilyDesk/node_modules/
[4m.pnpm[24m/drizzl
e-orm@0.44.7_@electri
_5c2928a099a752b7e299
aaadb8975aea/node_mod
ules/[4msrc[24m/lib
sql/session.ts:288:58
        at LibSQLPrep
aredQuery.queryWithCa
che (file:///D:/UIT_C
OURSES/SE100/DailyDes
k/node_modules/[4m.p
npm[24m/drizzle-orm@
0.44.7_@electri_5c292
8a099a752b7e299aaadb8
975aea/node_modules/
[4msrc[24m/sqlite-co
re/session.ts:78:18)
        at LibSQLPrep
aredQuery.values (fil
e:///D:/UIT_COURSES/S
E100/DailyDesk/node_m
odules/[4m.pnpm[24m
/drizzle-orm@0.44.7_@
electri_5c2928a099a75
2b7e299aaadb8975aea/n
ode_modules/[4msrc[
24m/libsql/session.ts
:286:21)
        at LibSQLPrep
aredQuery.get (file:/
//D:/UIT_COURSES/SE10
0/DailyDesk/node_modu
les/[4m.pnpm[24m/dr
izzle-orm@0.44.7_@ele
ctri_5c2928a099a752b7
e299aaadb8975aea/node
_modules/[4msrc[24m
/libsql/session.ts:25
2:27)
        at QueryPromi
se.executeRaw (file:/
//D:/UIT_COURSES/SE10
0/DailyDesk/node_modu
les/[4m.pnpm[24m/dr
izzle-orm@0.44.7_@ele
ctri_5c2928a099a752b7
e299aaadb8975aea/node
_modules/[4msrc[24m
/sqlite-core/query-bu
ilders/query.ts:191:3
2)
        at 
QueryPromise.execute 
(file:///D:/UIT_COURS
ES/SE100/DailyDesk/no
de_modules/[4m.pnpm
[24m/drizzle-orm@0.44
.7_@electri_5c2928a09
9a752b7e299aaadb8975a
ea/node_modules/[4ms
rc[24m/sqlite-core/q
uery-builders/query.t
s:197:15) {
      code: [32m'SQL
ITE_ERROR'[39m,
      rawCode: 
[33m1[39m
    }
  }
}

[90mstderr[2m | tes
ts/cards/cards.test.t
s[2m > 
[22m[2mCards API 
Integration 
Tests[2m > 
[22m[2mCard with 
complex data[2m > 
[22m[2mshould 
create and retrieve 
card with all fields
[22m[39mDrizzleQuer
yError: Failed 
query: select "id", 
"name", 
"description", 
"order", 
"cover_url", 
"cover_public_id", 
"cover_color", 
"cover_mode", 
"list_id", 
"start_date", 
"deadline", 
"due_at", 
"due_complete", 
"reminder_minutes", 
"recurrence", 
"recurrence_day", "re
currence_weekday", 
"repeat_frequency", 
"repeat_interval", 
"latitude", 
"longitude", 
"completed", 
"is_template", 
"created_at", 
"updated_at" from 
"cards" where 
"cards"."list_id" = ?
params: 019bd127-dc89
-7be9-b8da-eefca4dd0a
19
    at LibSQLPrepared
Query.queryWithCache 
(file:///D:/UIT_COURS
ES/SE100/DailyDesk/no
de_modules/[4m.pnpm
[24m/drizzle-orm@0.44
.7_@electri_5c2928a09
9a752b7e299aaadb8975a
ea/node_modules/[4ms
rc[24m/sqlite-core/s
ession.ts:80:11)
[90m    at processTi
cksAndRejections (nod
e:internal/process/ta
sk_queues:105:5)[39m
    at LibSQLPrepared
Query.values (file://
/D:/UIT_COURSES/SE100
/DailyDesk/node_modul
es/[4m.pnpm[24m/dri
zzle-orm@0.44.7_@elec
tri_5c2928a099a752b7e
299aaadb8975aea/node_
modules/[4msrc[24m/
libsql/session.ts:286
:10)
    at LibSQLPrepared
Query.all (file:///D:
/UIT_COURSES/SE100/Da
ilyDesk/node_modules/
[4m.pnpm[24m/drizzl
e-orm@0.44.7_@electri
_5c2928a099a752b7e299
aaadb8975aea/node_mod
ules/[4msrc[24m/lib
sql/session.ts:214:16
)
    at 
Module.createCard [9
0m(D:\UIT_COURSES\SE1
00\DailyDesk\backend\
[39msrc\services\car
ds.service.ts:319:23
[90m)[39m
    at [90mD:\UIT_CO
URSES\SE100\DailyDesk
\backend\[39msrc\rou
tes\cards.ts:152:22
    at dispatch (file
:///D:/UIT_COURSES/SE
100/DailyDesk/node_mo
dules/[4m.pnpm[24m/
hono@4.11.3/node_modu
les/[4mhono[24m/dis
t/compose.js:22:17)
    at file:///D:/UIT
_COURSES/SE100/DailyD
esk/node_modules/[4m
.pnpm[24m/hono@4.11.
3/node_modules/[4mho
no[24m/dist/validato
r/validator.js:81:12
    at mw (file:///D:
/UIT_COURSES/SE100/Da
ilyDesk/node_modules/
[4m.pnpm[24m/@hono+
zod-openapi@1.2.0_hon
o@4.11.3_zod@4.3.5/no
de_modules/[4m@hono
[24m/zod-openapi/src/
index.ts:546:26)
    at dispatch (file
:///D:/UIT_COURSES/SE
100/DailyDesk/node_mo
dules/[4m.pnpm[24m/
hono@4.11.3/node_modu
les/[4mhono[24m/dis
t/compose.js:22:17) {
  query: 
[32m'select "id", 
"name", 
"description", 
"order", 
"cover_url", 
"cover_public_id", 
"cover_color", 
"cover_mode", 
"list_id", 
"start_date", 
"deadline", 
"due_at", 
"due_complete", 
"reminder_minutes", 
"recurrence", 
"recurrence_day", "re
currence_weekday", 
"repeat_frequency", 
"repeat_interval", 
"latitude", 
"longitude", 
"completed", 
"is_template", 
"created_at", 
"updated_at" from 
"cards" where 
"cards"."list_id" = 
?'[39m,
  params: [ [32m'019
bd127-dc89-7be9-b8da-
eefca4dd0a19'[39m ],
  cause: 
LibsqlError: 
SQLITE_ERROR: no 
such column: 
is_template
      at 
mapSqliteError (file:
///D:/UIT_COURSES/SE1
00/DailyDesk/node_mod
ules/[4m.pnpm[24m/@
libsql+client@0.15.15
/node_modules/[4m@li
bsql[24m/client/lib-
esm/sqlite3.js:392:16
)
      at executeStmt 
(file:///D:/UIT_COURS
ES/SE100/DailyDesk/no
de_modules/[4m.pnpm
[24m/@libsql+client@0
.15.15/node_modules/
[4m@libsql[24m/clien
t/lib-esm/sqlite3.js:
297:15)
      at Sqlite3Clien
t.execute (file:///D:
/UIT_COURSES/SE100/Da
ilyDesk/node_modules/
[4m.pnpm[24m/@libsq
l+client@0.15.15/node
_modules/[4m@libsql
[24m/client/lib-esm/s
qlite3.js:81:16)
  [90m    ... 5 
lines matching cause 
stack trace ...[39m
      at SQLiteSelect
Base.execute (file://
/D:/UIT_COURSES/SE100
/DailyDesk/node_modul
es/[4m.pnpm[24m/dri
zzle-orm@0.44.7_@elec
tri_5c2928a099a752b7e
299aaadb8975aea/node_
modules/[4msrc[24m/
sqlite-core/query-bui
lders/select.ts:962:1
5)
      at SQLiteSelect
Base.then (file:///D:
/UIT_COURSES/SE100/Da
ilyDesk/node_modules/
[4m.pnpm[24m/drizzl
e-orm@0.44.7_@electri
_5c2928a099a752b7e299
aaadb8975aea/node_mod
ules/[4msrc[24m/que
ry-promise.ts:31:15) 
{
    code: [32m'SQLIT
E_ERROR'[39m,
    rawCode: 
[33m1[39m,
    [cause]: 
SqliteError: no such 
column: is_template
        at 
convertError (D:\UIT_
COURSES\SE100\DailyDe
sk\node_modules\[4m.
pnpm[24m\libsql@0.5.
22\node_modules\[4ml
ibsql[24m\index.js:5
9:12)
        at 
Database.prepare (D:\
UIT_COURSES\SE100\Dai
lyDesk\node_modules\
[4m.pnpm[24m\libsql@
0.5.22\node_modules\
[4mlibsql[24m\index.
js:131:13)
        at 
executeStmt (file:///
D:/UIT_COURSES/SE100/
DailyDesk/node_module
s/[4m.pnpm[24m/@lib
sql+client@0.15.15/no
de_modules/[4m@libsq
l[24m/client/lib-esm
/sqlite3.js:268:28)
        at Sqlite3Cli
ent.execute (file:///
D:/UIT_COURSES/SE100/
DailyDesk/node_module
s/[4m.pnpm[24m/@lib
sql+client@0.15.15/no
de_modules/[4m@libsq
l[24m/client/lib-esm
/sqlite3.js:81:16)
        at file:///D:
/UIT_COURSES/SE100/Da
ilyDesk/node_modules/
[4m.pnpm[24m/drizzl
e-orm@0.44.7_@electri
_5c2928a099a752b7e299
aaadb8975aea/node_mod
ules/[4msrc[24m/lib
sql/session.ts:288:58
        at LibSQLPrep
aredQuery.queryWithCa
che (file:///D:/UIT_C
OURSES/SE100/DailyDes
k/node_modules/[4m.p
npm[24m/drizzle-orm@
0.44.7_@electri_5c292
8a099a752b7e299aaadb8
975aea/node_modules/
[4msrc[24m/sqlite-co
re/session.ts:78:18)
        at LibSQLPrep
aredQuery.values (fil
e:///D:/UIT_COURSES/S
E100/DailyDesk/node_m
odules/[4m.pnpm[24m
/drizzle-orm@0.44.7_@
electri_5c2928a099a75
2b7e299aaadb8975aea/n
ode_modules/[4msrc[
24m/libsql/session.ts
:286:21)
        at LibSQLPrep
aredQuery.all (file:/
//D:/UIT_COURSES/SE10
0/DailyDesk/node_modu
les/[4m.pnpm[24m/dr
izzle-orm@0.44.7_@ele
ctri_5c2928a099a752b7
e299aaadb8975aea/node
_modules/[4msrc[24m
/libsql/session.ts:21
4:27)
        at 
SQLiteSelectBase.all 
(file:///D:/UIT_COURS
ES/SE100/DailyDesk/no
de_modules/[4m.pnpm
[24m/drizzle-orm@0.44
.7_@electri_5c2928a09
9a752b7e299aaadb8975a
ea/node_modules/[4ms
rc[24m/sqlite-core/q
uery-builders/select.
ts:950:26)
        at SQLiteSele
ctBase.execute (file:
///D:/UIT_COURSES/SE1
00/DailyDesk/node_mod
ules/[4m.pnpm[24m/d
rizzle-orm@0.44.7_@el
ectri_5c2928a099a752b
7e299aaadb8975aea/nod
e_modules/[4msrc[24
m/sqlite-core/query-b
uilders/select.ts:962
:15) {
      code: [32m'SQL
ITE_ERROR'[39m,
      rawCode: 
[33m1[39m
    }
  }
}

 [31m├ù[39m tests/cards/cards.test.ts[2m > [22mCards API Integration Tests[2m > [22mGET /boards/:boardId/cards[2m > [22mshould return empty array when board has no cards
[31m   ΓåÆ expected 500 to be 200 // Object.is equality[39m
 [31m├ù[39m tests/cards/cards.test.ts[2m > [22mCards API Integration Tests[2m > [22mGET /boards/:boardId/cards[2m > [22mshould return all cards for a board
[31m   ΓåÆ expected 500 to be 200 // Object.is equality[39m
 [32mΓ£ô[39m tests/cards/cards.test.ts[2m > [22mCards API Integration Tests[2m > [22mGET /boards/:boardId/cards[2m > [22mshould return 404 for non-existent board
 [32mΓ£ô[39m tests/cards/cards.test.ts[2m > [22mCards API Integration Tests[2m > [22mGET /boards/:boardId/cards[2m > [22mshould require authentication
 [31m├ù[39m tests/cards/cards.test.ts[2m > [22mCards API Integration Tests[2m > [22mPOST /boards/:boardId/cards[2m > [22mshould create a new card
[31m   ΓåÆ expected 500 to be 200 // Object.is equality[39m
 [31m├ù[39m tests/cards/cards.test.ts[2m > [22mCards API Integration Tests[2m > [22mPOST /boards/:boardId/cards[2m > [22mshould create a card with dates
[31m   ΓåÆ expected 500 to be 200 // Object.is equality[39m
 [31m├ù[39m tests/cards/cards.test.ts[2m > [22mCards API Integration Tests[2m > [22mPOST /boards/:boardId/cards[2m > [22mshould create a card with location
[31m   ΓåÆ expected 500 to be 200 // Object.is equality[39m
 [32mΓ£ô[39m tests/cards/cards.test.ts[2m > [22mCards API Integration Tests[2m > [22mPOST /boards/:boardId/cards[2m > [22mshould return 404 when board does not exist
 [32mΓ£ô[39m tests/cards/cards.test.ts[2m > [22mCards API Integration Tests[2m > [22mPOST /boards/:boardId/cards[2m > [22mshould return 404 when list does not exist
 [32mΓ£ô[39m tests/cards/cards.test.ts[2m > [22mCards API Integration Tests[2m > [22mPOST /boards/:boardId/cards[2m > [22mshould return 403 when list does not belong to board
 [32mΓ£ô[39m tests/cards/cards.test.ts[2m > [22mCards API Integration Tests[2m > [22mPOST /boards/:boardId/cards[2m > [22mshould require authentication
 [31m├ù[39m tests/cards/cards.test.ts[2m > [22mCards API Integration Tests[2m > [22mGET /boards/:boardId/cards/:id[2m > [22mshould return a specific card
[31m   ΓåÆ expected 500 to be 200 // Object.is equality[39m
 [31m├ù[39m tests/cards/cards.test.ts[2m > [22mCards API Integration Tests[2m > [22mGET /boards/:boardId/cards/:id[2m > [22mshould return 404 for non-existent card
[31m   ΓåÆ expected 500 to be 404 // Object.is equality[39m
 [32mΓ£ô[39m tests/cards/cards.test.ts[2m > [22mCards API Integration Tests[2m > [22mGET /boards/:boardId/cards/:id[2m > [22mshould return 404 for non-existent board
 [32mΓ£ô[39m tests/cards/cards.test.ts[2m > [22mCards API Integration Tests[2m > [22mGET /boards/:boardId/cards/:id[2m > [22mshould require authentication
 [31m├ù[39m tests/cards/cards.test.ts[2m > [22mCards API Integration Tests[2m > [22mPUT /boards/:boardId/cards/:id[2m > [22mshould update card name
[31m   ΓåÆ expected 500 to be 200 // Object.is equality[39m
 [31m├ù[39m tests/cards/cards.test.ts[2m > [22mCards API Integration Tests[2m > [22mPUT /boards/:boardId/cards/:id[2m > [22mshould update card order
[31m   ΓåÆ expected 500 to be 200 // Object.is equality[39m
 [31m├ù[39m tests/cards/cards.test.ts[2m > [22mCards API Integration Tests[2m > [22mPUT /boards/:boardId/cards/:id[2m > [22mshould update card dates
[31m   ΓåÆ expected 500 to be 200 // Object.is equality[39m
 [31m├ù[39m tests/cards/cards.test.ts[2m > [22mCards API Integration Tests[2m > [22mPUT /boards/:boardId/cards/:id[2m > [22mshould update card location
[31m   ΓåÆ expected 500 to be 200 // Object.is equality[39m
 [31m├ù[39m tests/cards/cards.test.ts[2m > [22mCards API Integration Tests[2m > [22mPUT /boards/:boardId/cards/:id[2m > [22mshould move card to another list in same board
[31m   ΓåÆ expected 500 to be 200 // Object.is equality[39m
 [31m├ù[39m tests/cards/cards.test.ts[2m > [22mCards API Integration Tests[2m > [22mPUT /boards/:boardId/cards/:id[2m > [22mshould return 404 when trying to move card to non-existent list
[31m   ΓåÆ expected 500 to be 404 // Object.is equality[39m
 [31m├ù[39m tests/cards/cards.test.ts[2m > [22mCards API Integration Tests[2m > [22mPUT /boards/:boardId/cards/:id[2m > [22mshould return 403 when trying to move card to list in different board
[31m   ΓåÆ expected 500 to be 403 // Object.is equality[39m
 [31m├ù[39m tests/cards/cards.test.ts[2m > [22mCards API Integration Tests[2m > [22mPUT /boards/:boardId/cards/:id[2m > [22mshould return 404 for non-existent card
[31m   ΓåÆ expected 500 to be 404 // Object.is equality[39m
 [32mΓ£ô[39m tests/cards/cards.test.ts[2m > [22mCards API Integration Tests[2m > [22mPUT /boards/:boardId/cards/:id[2m > [22mshould require authentication
 [31m├ù[39m tests/cards/cards.test.ts[2m > [22mCards API Integration Tests[2m > [22mDELETE /boards/:boardId/cards/:id[2m > [22mshould delete a card
[31m   ΓåÆ expected 500 to be 200 // Object.is equality[39m
 [31m├ù[39m tests/cards/cards.test.ts[2m > [22mCards API Integration Tests[2m > [22mDELETE /boards/:boardId/cards/:id[2m > [22mshould return 404 for non-existent card
[31m   ΓåÆ expected 500 to be 404 // Object.is equality[39m
 [32mΓ£ô[39m tests/cards/cards.test.ts[2m > [22mCards API Integration Tests[2m > [22mDELETE /boards/:boardId/cards/:id[2m > [22mshould return 404 for non-existent board
 [32mΓ£ô[39m tests/cards/cards.test.ts[2m > [22mCards API Integration Tests[2m > [22mDELETE /boards/:boardId/cards/:id[2m > [22mshould require authentication
 [31m├ù[39m tests/cards/cards.test.ts[2m > [22mCards API Integration Tests[2m > [22mDELETE /boards/:boardId/cards/:id[2m > [22mshould maintain correct order of remaining cards after deleting first card
[31m   ΓåÆ expected 500 to be 200 // Object.is equality[39m
 [31m├ù[39m tests/cards/cards.test.ts[2m > [22mCards API Integration Tests[2m > [22mDELETE /boards/:boardId/cards/:id[2m > [22mshould maintain correct order of remaining cards after deleting middle card
[31m   ΓåÆ expected 500 to be 200 // Object.is equality[39m
 [31m├ù[39m tests/cards/cards.test.ts[2m > [22mCards API Integration Tests[2m > [22mDELETE /boards/:boardId/cards/:id[2m > [22mshould maintain correct order of remaining cards after deleting last card
[31m   ΓåÆ expected 500 to be 200 // Object.is equality[39m
 [31m├ù[39m tests/cards/cards.test.ts[2m > [22mCards API Integration Tests[2m > [22mDELETE /boards/:boardId/cards/:id[2m > [22mshould maintain correct order after deleting multiple cards in sequence
[31m   ΓåÆ Cannot read properties of undefined (reading '0')[39m
 [31m├ù[39m tests/cards/cards.test.ts[2m > [22mCards API Integration Tests[2m > [22mDELETE /boards/:boardId/cards/:id[2m > [22mshould handle deletion correctly when cards are in different lists
[31m   ΓåÆ Cannot read properties of undefined (reading 'find')[39m
 [31m├ù[39m tests/cards/cards.test.ts[2m > [22mCards API Integration Tests[2m > [22mCard ordering[2m > [22mshould maintain correct order when multiple cards are created
[31m   ΓåÆ Cannot read properties of undefined (reading '0')[39m
 [31m├ù[39m tests/cards/cards.test.ts[2m > [22mCards API Integration Tests[2m > [22mCard ordering[2m > [22mshould allow reordering cards
[31m   ΓåÆ Cannot read properties of undefined (reading '0')[39m
 [31m├ù[39m tests/cards/cards.test.ts[2m > [22mCards API Integration Tests[2m > [22mCard with complex data[2m > [22mshould create and retrieve card with all fields
[31m   ΓåÆ expected 500 to be 200 // Object.is equality[39m

[31mΓÄ»ΓÄ»ΓÄ»ΓÄ»ΓÄ»Γ
Ä»[1m[7m Failed 
Tests 53 [27m[22mΓÄ
»ΓÄ»ΓÄ»ΓÄ»ΓÄ»ΓÄ»ΓÄ»[
39m

[31m[1m[7m FAIL 
[27m[22m[39m tests
/boards.test.ts[2m 
> [22mBoards API 
Integration 
Tests[2m > [22mGET 
/boards[2m > 
[22mshould return 
empty array for 
authenticated user 
with no boards
[31m[1mAssertionErr
or[22m: expected 
500 to be 200 // 
Object.is 
equality[39m

[32m- Expected[39m
[31m+ Received[39m

[32m- 200[39m
[31m+ 500[39m

[36m [2mΓ¥»[22m te
sts/boards.test.ts:[
2m22:26[22m[39m
    [90m 20| [39m  
    })[33m;[39m
    [90m 21| [39m
    [90m 22| [39m  
    [34mexpect[39m(
res[33m.[39mstatus)
[33m.[39m[34mtoBe
[39m([34m200[39m)[
33m;[39m
    [90m   | [39m  
                     
  [31m^[39m
    [90m 23| [39m  
    [35mconst[39m 
data [33m=[39m 
[35mawait[39m res[
33m.[39m[34mjson[3
9m()[33m;[39m
    [90m 24| [39m  
    [34mexpect[39m(
[33mArray[39m[33m.
[39m[34misArray[39
m(data))[33m.[39m[
34mtoBe[39m([35mtru
e[39m)[33m;[39m

[31m[2mΓÄ»ΓÄ»ΓÄ»ΓÄ»
ΓÄ»ΓÄ»ΓÄ»ΓÄ»ΓÄ»ΓÄ»ΓÄ»
ΓÄ»ΓÄ»ΓÄ»ΓÄ»ΓÄ»ΓÄ»ΓÄ»
ΓÄ»ΓÄ»ΓÄ»ΓÄ»ΓÄ»[1/53]
ΓÄ»[22m[39m

[31m[1m[7m FAIL 
[27m[22m[39m tests
/boards.test.ts[2m 
> [22mBoards API 
Integration 
Tests[2m > [22mGET 
/boards/:id[2m > 
[22mshould return a 
specific board with 
lists and cards
[31m[1mAssertionErr
or[22m: expected 
500 to be 200 // 
Object.is 
equality[39m

[32m- Expected[39m
[31m+ Received[39m

[32m- 200[39m
[31m+ 500[39m

[36m [2mΓ¥»[22m te
sts/boards.test.ts:[
2m101:26[22m[39m
    [90m 99| [39m  
    })[33m;[39m
    [90m100| [39m
    [90m101| [39m  
    [34mexpect[39m(
res[33m.[39mstatus)
[33m.[39m[34mtoBe
[39m([34m200[39m)[
33m;[39m
    [90m   | [39m  
                     
  [31m^[39m
    [90m102| [39m  
    [35mconst[39m 
data [33m=[39m 
[35mawait[39m res[
33m.[39m[34mjson[3
9m() [35mas[39m 
any[33m;[39m
    [90m103| [39m  
    [34mexpect[39m(
data)[33m.[39m[34m
toHaveProperty[39m(
[32m"id"[39m[33m,[
39m 
boardId)[33m;[39m

[31m[2mΓÄ»ΓÄ»ΓÄ»ΓÄ»
ΓÄ»ΓÄ»ΓÄ»ΓÄ»ΓÄ»ΓÄ»ΓÄ»
ΓÄ»ΓÄ»ΓÄ»ΓÄ»ΓÄ»ΓÄ»ΓÄ»
ΓÄ»ΓÄ»ΓÄ»ΓÄ»ΓÄ»[2/53]
ΓÄ»[22m[39m

[31m[1m[7m FAIL 
[27m[22m[39m tests
/boards.test.ts[2m 
> [22mBoards API 
Integration 
Tests[2m > [22mGET 
/boards/:id[2m > 
[22mshould return 
404 for non-existent 
board
[31m[1mAssertionErr
or[22m: expected 
500 to be 404 // 
Object.is 
equality[39m

[32m- Expected[39m
[31m+ Received[39m

[32m- 404[39m
[31m+ 500[39m

[36m [2mΓ¥»[22m te
sts/boards.test.ts:[
2m116:26[22m[39m
    [90m114| [39m  
    })[33m;[39m
    [90m115| [39m
    [90m116| [39m  
    [34mexpect[39m(
res[33m.[39mstatus)
[33m.[39m[34mtoBe
[39m([34m404[39m)[
33m;[39m
    [90m   | [39m  
                     
  [31m^[39m
    [90m117| [39m  
  })[33m;[39m
    [90m118| [39m  
})[33m;[39m

[31m[2mΓÄ»ΓÄ»ΓÄ»ΓÄ»
ΓÄ»ΓÄ»ΓÄ»ΓÄ»ΓÄ»ΓÄ»ΓÄ»
ΓÄ»ΓÄ»ΓÄ»ΓÄ»ΓÄ»ΓÄ»ΓÄ»
ΓÄ»ΓÄ»ΓÄ»ΓÄ»ΓÄ»[3/53]
ΓÄ»[22m[39m

[31m[1m[7m FAIL 
[27m[22m[39m tests
/boards.test.ts[2m 
> [22mBoards API 
Integration 
Tests[2m > 
[22mDELETE 
/boards/:id[2m > 
[22mshould delete a 
board
[31m[1mAssertionErr
or[22m: expected 
500 to be 404 // 
Object.is 
equality[39m

[32m- Expected[39m
[31m+ Received[39m

[32m- 404[39m
[31m+ 500[39m

[36m [2mΓ¥»[22m te
sts/boards.test.ts:[
2m178:29[22m[39m
    [90m176| [39m  
    })[33m;[39m
    [90m177| [39m
    [90m178| [39m  
    [34mexpect[39m(
getRes[33m.[39mstat
us)[33m.[39m[34mto
Be[39m([34m404[39m
)[33m;[39m
    [90m   | [39m  
                     
     [31m^[39m
    [90m179| [39m  
  })[33m;[39m
    [90m180| [39m  
})[33m;[39m

[31m[2mΓÄ»ΓÄ»ΓÄ»ΓÄ»
ΓÄ»ΓÄ»ΓÄ»ΓÄ»ΓÄ»ΓÄ»ΓÄ»
ΓÄ»ΓÄ»ΓÄ»ΓÄ»ΓÄ»ΓÄ»ΓÄ»
ΓÄ»ΓÄ»ΓÄ»ΓÄ»ΓÄ»[4/53]
ΓÄ»[22m[39m

[31m[1m[7m FAIL 
[27m[22m[39m tests
/comments.test.ts[2m
 > [22mComments API 
Integration 
Tests[2m > 
[22mPOST /boards/:bo
ardId/cards/:cardId/c
omments[2m > 
[22mshould create a 
new comment
[31m[1mAssertionErr
or[22m: expected 
404 to be 200 // 
Object.is 
equality[39m

[32m- Expected[39m
[31m+ Received[39m

[32m- 200[39m
[31m+ 404[39m

[36m [2mΓ¥»[22m te
sts/comments.test.ts:
[2m49:26[22m[39m
    [90m 47| [39m  
    })[33m;[39m
    [90m 48| [39m
    [90m 49| [39m  
    [34mexpect[39m(
res[33m.[39mstatus)
[33m.[39m[34mtoBe
[39m([34m200[39m)[
33m;[39m
    [90m   | [39m  
                     
  [31m^[39m
    [90m 50| [39m  
    [35mconst[39m 
data [33m=[39m 
[35mawait[39m res[
33m.[39m[34mjson[3
9m() [35mas[39m 
any[33m;[39m
    [90m 51| [39m  
    [34mexpect[39m(
data)[33m.[39m[34m
toHaveProperty[39m(
[32m"id"[39m)[33m;
[39m

[31m[2mΓÄ»ΓÄ»ΓÄ»ΓÄ»
ΓÄ»ΓÄ»ΓÄ»ΓÄ»ΓÄ»ΓÄ»ΓÄ»
ΓÄ»ΓÄ»ΓÄ»ΓÄ»ΓÄ»ΓÄ»ΓÄ»
ΓÄ»ΓÄ»ΓÄ»ΓÄ»ΓÄ»[5/53]
ΓÄ»[22m[39m

[31m[1m[7m FAIL 
[27m[22m[39m tests
/comments.test.ts[2m
 > [22mComments API 
Integration 
Tests[2m > [22mGET 
/boards/:boardId/card
s/:cardId/comments[2
m > [22mshould 
return comments for 
a card
[31m[1mAssertionErr
or[22m: expected 
404 to be 200 // 
Object.is 
equality[39m

[32m- Expected[39m
[31m+ Received[39m

[32m- 200[39m
[31m+ 404[39m

[36m [2mΓ¥»[22m te
sts/comments.test.ts:
[2m112:26[22m[39m
    [90m110| [39m  
    })[33m;[39m
    [90m111| [39m
    [90m112| [39m  
    [34mexpect[39m(
res[33m.[39mstatus)
[33m.[39m[34mtoBe
[39m([34m200[39m)[
33m;[39m
    [90m   | [39m  
                     
  [31m^[39m
    [90m113| [39m  
    [35mconst[39m 
data [33m=[39m 
[35mawait[39m res[
33m.[39m[34mjson[3
9m() [35mas[39m 
any[][33m;[39m
    [90m114| [39m  
    [34mexpect[39m(
[33mArray[39m[33m.
[39m[34misArray[39
m(data))[33m.[39m[
34mtoBe[39m([35mtru
e[39m)[33m;[39m

[31m[2mΓÄ»ΓÄ»ΓÄ»ΓÄ»
ΓÄ»ΓÄ»ΓÄ»ΓÄ»ΓÄ»ΓÄ»ΓÄ»
ΓÄ»ΓÄ»ΓÄ»ΓÄ»ΓÄ»ΓÄ»ΓÄ»
ΓÄ»ΓÄ»ΓÄ»ΓÄ»ΓÄ»[6/53]
ΓÄ»[22m[39m

[31m[1m[7m FAIL 
[27m[22m[39m tests
/comments.test.ts[2m
 > [22mComments API 
Integration 
Tests[2m > [22mPUT 
/boards/:boardId/card
s/:cardId/comments/:c
ommentId[2m > 
[22mshould update a 
comment
[31m[1mAssertionErr
or[22m: expected 
404 to be 200 // 
Object.is 
equality[39m

[32m- Expected[39m
[31m+ Received[39m

[32m- 200[39m
[31m+ 404[39m

[36m [2mΓ¥»[22m te
sts/comments.test.ts:
[2m129:32[22m[39m
    [90m127| [39m  
      
body[33m:[39m [33m
JSON[39m[33m.[39m
[34mstringify[39m({ 
content[33m:[39m 
[32m"To be 
updated"[39m 
})[33m,[39m
    [90m128| [39m  
    })[33m;[39m
    [90m129| [39m  
    [34mexpect[39m(
createRes[33m.[39ms
tatus)[33m.[39m[34
mtoBe[39m([34m200[
39m)[33m;[39m
    [90m   | [39m  
                     
        [31m^[39m
    [90m130| [39m  
    [35mconst[39m 
created [33m=[39m 
[35mawait[39m creat
eRes[33m.[39m[34mj
son[39m() 
[35mas[39m 
any[33m;[39m
    [90m131| [39m

[31m[2mΓÄ»ΓÄ»ΓÄ»ΓÄ»
ΓÄ»ΓÄ»ΓÄ»ΓÄ»ΓÄ»ΓÄ»ΓÄ»
ΓÄ»ΓÄ»ΓÄ»ΓÄ»ΓÄ»ΓÄ»ΓÄ»
ΓÄ»ΓÄ»ΓÄ»ΓÄ»ΓÄ»[7/53]
ΓÄ»[22m[39m

[31m[1m[7m FAIL 
[27m[22m[39m tests
/comments.test.ts[2m
 > [22mComments API 
Integration 
Tests[2m > 
[22mDELETE /boards/:
boardId/cards/:cardId
/comments/:commentId
[2m > [22mshould 
delete a comment
[31m[1mAssertionErr
or[22m: expected 
404 to be 200 // 
Object.is 
equality[39m

[32m- Expected[39m
[31m+ Received[39m

[32m- 200[39m
[31m+ 404[39m

[36m [2mΓ¥»[22m te
sts/comments.test.ts:
[2m154:32[22m[39m
    [90m152| [39m  
      
body[33m:[39m [33m
JSON[39m[33m.[39m
[34mstringify[39m({ 
content[33m:[39m 
[32m"To be 
deleted"[39m 
})[33m,[39m
    [90m153| [39m  
    })[33m;[39m
    [90m154| [39m  
    [34mexpect[39m(
createRes[33m.[39ms
tatus)[33m.[39m[34
mtoBe[39m([34m200[
39m)[33m;[39m
    [90m   | [39m  
                     
        [31m^[39m
    [90m155| [39m  
    [35mconst[39m 
created [33m=[39m 
[35mawait[39m creat
eRes[33m.[39m[34mj
son[39m() 
[35mas[39m 
any[33m;[39m
    [90m156| [39m

[31m[2mΓÄ»ΓÄ»ΓÄ»ΓÄ»
ΓÄ»ΓÄ»ΓÄ»ΓÄ»ΓÄ»ΓÄ»ΓÄ»
ΓÄ»ΓÄ»ΓÄ»ΓÄ»ΓÄ»ΓÄ»ΓÄ»
ΓÄ»ΓÄ»ΓÄ»ΓÄ»ΓÄ»[8/53]
ΓÄ»[22m[39m

[31m[1m[7m FAIL 
[27m[22m[39m tests
/lists.test.ts[2m > 
[22mLists API 
Integration 
Tests[2m > 
[22mDELETE /boards/:
boardId/lists/:id[2m
 > [22mshould 
delete a list
[31m[1mTypeError[2
2m: Cannot read 
properties of 
undefined (reading 
'find')[39m
[36m [2mΓ¥»[22m te
sts/lists.test.ts:[2
m183:39[22m[39m
    [90m181| [39m
    [90m182| [39m  
    [35mconst[39m 
board [33m=[39m 
[35mawait[39m board
Res[33m.[39m[34mjs
on[39m() 
[35mas[39m 
any[33m;[39m
    [90m183| [39m  
    [35mconst[39m 
deletedList 
[33m=[39m board[33
m.[39mlists[33m.[3
9m[34mfind[39m((l[
33m:[39m any) 
[33m=>[39m 
l[33m.[39mid 
[33m===[39m 
listIdΓÇª
    [90m   | [39m  
                     
               
[31m^[39m
    [90m184| [39m  
    [34mexpect[39m(
deletedList)[33m.[3
9m[34mtoBeUndefined
[39m()[33m;[39m
    [90m185| [39m  
  })[33m;[39m

[31m[2mΓÄ»ΓÄ»ΓÄ»ΓÄ»
ΓÄ»ΓÄ»ΓÄ»ΓÄ»ΓÄ»ΓÄ»ΓÄ»
ΓÄ»ΓÄ»ΓÄ»ΓÄ»ΓÄ»ΓÄ»ΓÄ»
ΓÄ»ΓÄ»ΓÄ»ΓÄ»ΓÄ»[9/53]
ΓÄ»[22m[39m

[31m[1m[7m FAIL 
[27m[22m[39m tests
/lists.test.ts[2m > 
[22mLists API 
Integration 
Tests[2m > 
[22mDELETE /boards/:
boardId/lists/:id[2m
 > [22mshould 
cascade delete cards 
when list is deleted
[31m[1mTypeError[2
2m: Cannot read 
properties of 
undefined (reading 
'flatMap')[39m
[36m [2mΓ¥»[22m te
sts/lists.test.ts:[2
m227:36[22m[39m
    [90m225| [39m
    [90m226| [39m  
    [35mconst[39m 
board [33m=[39m 
[35mawait[39m board
Res[33m.[39m[34mjs
on[39m() 
[35mas[39m 
any[33m;[39m
    [90m227| [39m  
    [35mconst[39m 
allCards [33m=[39m 
board[33m.[39mlists
[33m.[39m[34mflatM
ap[39m((l[33m:[39m
 any) [33m=>[39m l
[33m.[39mcards)[33m
;[39m
    [90m   | [39m  
                     
            
[31m^[39m
    [90m228| [39m  
    [35mconst[39m 
deletedCard 
[33m=[39m allCards
[33m.[39m[34mfind[
39m((c[33m:[39m 
any) [33m=>[39m 
c[33m.[39mid 
[33m===[39m 
cardId)[33m;[39m
    [90m229| [39m  
    [34mexpect[39m(
deletedCard)[33m.[3
9m[34mtoBeUndefined
[39m()[33m;[39m

[31m[2mΓÄ»ΓÄ»ΓÄ»ΓÄ»
ΓÄ»ΓÄ»ΓÄ»ΓÄ»ΓÄ»ΓÄ»ΓÄ»
ΓÄ»ΓÄ»ΓÄ»ΓÄ»ΓÄ»ΓÄ»ΓÄ»
ΓÄ»ΓÄ»ΓÄ»ΓÄ»[10/53]ΓÄ
»[22m[39m

[31m[1m[7m FAIL 
[27m[22m[39m tests
/lists.test.ts[2m > 
[22mLists API 
Integration 
Tests[2m > 
[22mList 
ordering[2m > 
[22mshould maintain 
correct order when 
multiple lists are 
created
[31m[1mAssertionErr
or[22m: Target 
cannot be null or 
undefined.[39m
[36m [2mΓ¥»[22m te
sts/lists.test.ts:[2
m257:27[22m[39m
    [90m255| [39m
    [90m256| [39m  
    [35mconst[39m 
board [33m=[39m 
[35mawait[39m res[
33m.[39m[34mjson[3
9m() [35mas[39m 
any[33m;[39m
    [90m257| [39m  
    [34mexpect[39m(
board[33m.[39mlists
)[33m.[39m[34mtoHa
veLength[39m([34m3
[39m)[33m;[39m
    [90m   | [39m  
                     
   [31m^[39m
    [90m258| [39m  
    [34mexpect[39m(
board[33m.[39mlists
[[34m0[39m][33m.[
39morder)[33m.[39m
[34mtoBe[39m([34m0
[39m)[33m;[39m
    [90m259| [39m  
    [34mexpect[39m(
board[33m.[39mlists
[[34m1[39m][33m.[
39morder)[33m.[39m
[34mtoBe[39m([34m1
[39m)[33m;[39m

[31m[2mΓÄ»ΓÄ»ΓÄ»ΓÄ»
ΓÄ»ΓÄ»ΓÄ»ΓÄ»ΓÄ»ΓÄ»ΓÄ»
ΓÄ»ΓÄ»ΓÄ»ΓÄ»ΓÄ»ΓÄ»ΓÄ»
ΓÄ»ΓÄ»ΓÄ»ΓÄ»[11/53]ΓÄ
»[22m[39m

[31m[1m[7m FAIL 
[27m[22m[39m tests
/cards/card-members.t
est.ts[2m > 
[22mCards Members 
Tests[2m > 
[22mCard 
Members[2m > 
[22mshould create a 
card with members
[31m[1mAssertionErr
or[22m: expected 
500 to be 200 // 
Object.is 
equality[39m

[32m- Expected[39m
[31m+ Received[39m

[32m- 200[39m
[31m+ 500[39m

[36m [2mΓ¥»[22m te
sts/cards/card-member
s.test.ts:[2m89:26[
22m[39m
    [90m 87| [39m  
    })[33m;[39m
    [90m 88| [39m
    [90m 89| [39m  
    [34mexpect[39m(
res[33m.[39mstatus)
[33m.[39m[34mtoBe
[39m([34m200[39m)[
33m;[39m
    [90m   | [39m  
                     
  [31m^[39m
    [90m 90| [39m  
    [35mconst[39m 
data [33m=[39m 
[35mawait[39m res[
33m.[39m[34mjson[3
9m() [35mas[39m 
any[33m;[39m
    [90m 91| [39m  
    [34mexpect[39m(
data)[33m.[39m[34m
toHaveProperty[39m(
[32m"id"[39m[33m,[
39m 
newCardId)[33m;[39m

[31m[2mΓÄ»ΓÄ»ΓÄ»ΓÄ»
ΓÄ»ΓÄ»ΓÄ»ΓÄ»ΓÄ»ΓÄ»ΓÄ»
ΓÄ»ΓÄ»ΓÄ»ΓÄ»ΓÄ»ΓÄ»ΓÄ»
ΓÄ»ΓÄ»ΓÄ»ΓÄ»[12/53]ΓÄ
»[22m[39m

[31m[1m[7m FAIL 
[27m[22m[39m tests
/cards/card-members.t
est.ts[2m > 
[22mCards Members 
Tests[2m > 
[22mCard 
Members[2m > 
[22mshould add 
members to existing 
card via PUT
[31m[1mAssertionErr
or[22m: expected 
500 to be 200 // 
Object.is 
equality[39m

[32m- Expected[39m
[31m+ Received[39m

[32m- 200[39m
[31m+ 500[39m

[36m [2mΓ¥»[22m te
sts/cards/card-member
s.test.ts:[2m108:26
[22m[39m
    [90m106| [39m  
    })[33m;[39m
    [90m107| [39m
    [90m108| [39m  
    [34mexpect[39m(
res[33m.[39mstatus)
[33m.[39m[34mtoBe
[39m([34m200[39m)[
33m;[39m
    [90m   | [39m  
                     
  [31m^[39m
    [90m109| [39m  
    [35mconst[39m 
data [33m=[39m 
[35mawait[39m res[
33m.[39m[34mjson[3
9m() [35mas[39m 
any[33m;[39m
    [90m110| [39m  
    [34mexpect[39m(
data)[33m.[39m[34m
toHaveProperty[39m(
[32m"members"[39m)[
33m;[39m

[31m[2mΓÄ»ΓÄ»ΓÄ»ΓÄ»
ΓÄ»ΓÄ»ΓÄ»ΓÄ»ΓÄ»ΓÄ»ΓÄ»
ΓÄ»ΓÄ»ΓÄ»ΓÄ»ΓÄ»ΓÄ»ΓÄ»
ΓÄ»ΓÄ»ΓÄ»ΓÄ»[13/53]ΓÄ
»[22m[39m

[31m[1m[7m FAIL 
[27m[22m[39m tests
/cards/card-members.t
est.ts[2m > 
[22mCards Members 
Tests[2m > 
[22mCard 
Members[2m > 
[22mshould retrieve 
card with member 
details via GET
[31m[1mAssertionErr
or[22m: expected 
500 to be 200 // 
Object.is 
equality[39m

[32m- Expected[39m
[31m+ Received[39m

[32m- 200[39m
[31m+ 500[39m

[36m [2mΓ¥»[22m te
sts/cards/card-member
s.test.ts:[2m133:26
[22m[39m
    [90m131| [39m  
    })[33m;[39m
    [90m132| [39m
    [90m133| [39m  
    [34mexpect[39m(
res[33m.[39mstatus)
[33m.[39m[34mtoBe
[39m([34m200[39m)[
33m;[39m
    [90m   | [39m  
                     
  [31m^[39m
    [90m134| [39m  
    [35mconst[39m 
data [33m=[39m 
[35mawait[39m res[
33m.[39m[34mjson[3
9m() [35mas[39m 
any[33m;[39m
    [90m135| [39m  
    [34mexpect[39m(
data)[33m.[39m[34m
toHaveProperty[39m(
[32m"members"[39m)[
33m;[39m

[31m[2mΓÄ»ΓÄ»ΓÄ»ΓÄ»
ΓÄ»ΓÄ»ΓÄ»ΓÄ»ΓÄ»ΓÄ»ΓÄ»
ΓÄ»ΓÄ»ΓÄ»ΓÄ»ΓÄ»ΓÄ»ΓÄ»
ΓÄ»ΓÄ»ΓÄ»ΓÄ»[14/53]ΓÄ
»[22m[39m

[31m[1m[7m FAIL 
[27m[22m[39m tests
/cards/card-members.t
est.ts[2m > 
[22mCards Members 
Tests[2m > 
[22mCard 
Members[2m > 
[22mshould add 
multiple members to 
a card
[31m[1mAssertionErr
or[22m: expected 
500 to be 200 // 
Object.is 
equality[39m

[32m- Expected[39m
[31m+ Received[39m

[32m- 200[39m
[31m+ 500[39m

[36m [2mΓ¥»[22m te
sts/cards/card-member
s.test.ts:[2m170:26
[22m[39m
    [90m168| [39m  
    })[33m;[39m
    [90m169| [39m
    [90m170| [39m  
    [34mexpect[39m(
res[33m.[39mstatus)
[33m.[39m[34mtoBe
[39m([34m200[39m)[
33m;[39m
    [90m   | [39m  
                     
  [31m^[39m
    [90m171| [39m  
    [35mconst[39m 
data [33m=[39m 
[35mawait[39m res[
33m.[39m[34mjson[3
9m() [35mas[39m 
any[33m;[39m
    [90m172| [39m  
    [34mexpect[39m(
data)[33m.[39m[34m
toHaveProperty[39m(
[32m"members"[39m)[
33m;[39m

[31m[2mΓÄ»ΓÄ»ΓÄ»ΓÄ»
ΓÄ»ΓÄ»ΓÄ»ΓÄ»ΓÄ»ΓÄ»ΓÄ»
ΓÄ»ΓÄ»ΓÄ»ΓÄ»ΓÄ»ΓÄ»ΓÄ»
ΓÄ»ΓÄ»ΓÄ»ΓÄ»[15/53]ΓÄ
»[22m[39m

[31m[1m[7m FAIL 
[27m[22m[39m tests
/cards/card-members.t
est.ts[2m > 
[22mCards Members 
Tests[2m > 
[22mCard 
Members[2m > 
[22mshould remove 
members from a card 
by updating with 
empty array
[31m[1mAssertionErr
or[22m: expected 
500 to be 200 // 
Object.is 
equality[39m

[32m- Expected[39m
[31m+ Received[39m

[32m- 200[39m
[31m+ 500[39m

[36m [2mΓ¥»[22m te
sts/cards/card-member
s.test.ts:[2m201:26
[22m[39m
    [90m199| [39m  
    })[33m;[39m
    [90m200| [39m
    [90m201| [39m  
    [34mexpect[39m(
res[33m.[39mstatus)
[33m.[39m[34mtoBe
[39m([34m200[39m)[
33m;[39m
    [90m   | [39m  
                     
  [31m^[39m
    [90m202| [39m  
    [35mconst[39m 
data [33m=[39m 
[35mawait[39m res[
33m.[39m[34mjson[3
9m() [35mas[39m 
any[33m;[39m
    [90m203| [39m  
    [34mexpect[39m(
data)[33m.[39m[34m
toHaveProperty[39m(
[32m"members"[39m)[
33m;[39m

[31m[2mΓÄ»ΓÄ»ΓÄ»ΓÄ»
ΓÄ»ΓÄ»ΓÄ»ΓÄ»ΓÄ»ΓÄ»ΓÄ»
ΓÄ»ΓÄ»ΓÄ»ΓÄ»ΓÄ»ΓÄ»ΓÄ»
ΓÄ»ΓÄ»ΓÄ»ΓÄ»[16/53]ΓÄ
»[22m[39m

[31m[1m[7m FAIL 
[27m[22m[39m tests
/cards/card-members.t
est.ts[2m > 
[22mCards Members 
Tests[2m > 
[22mCard 
Members[2m > 
[22mshould replace 
existing members 
when updating
[31m[1mAssertionErr
or[22m: expected 
500 to be 200 // 
Object.is 
equality[39m

[32m- Expected[39m
[31m+ Received[39m

[32m- 200[39m
[31m+ 500[39m

[36m [2mΓ¥»[22m te
sts/cards/card-member
s.test.ts:[2m242:26
[22m[39m
    [90m240| [39m  
    })[33m;[39m
    [90m241| [39m
    [90m242| [39m  
    [34mexpect[39m(
res[33m.[39mstatus)
[33m.[39m[34mtoBe
[39m([34m200[39m)[
33m;[39m
    [90m   | [39m  
                     
  [31m^[39m
    [90m243| [39m  
    [35mconst[39m 
data [33m=[39m 
[35mawait[39m res[
33m.[39m[34mjson[3
9m() [35mas[39m 
any[33m;[39m
    [90m244| [39m  
    

[31m[2mΓÄ»ΓÄ»ΓÄ»ΓÄ»
ΓÄ»ΓÄ»ΓÄ»ΓÄ»ΓÄ»ΓÄ»ΓÄ»
ΓÄ»ΓÄ»ΓÄ»ΓÄ»ΓÄ»ΓÄ»ΓÄ»
ΓÄ»ΓÄ»ΓÄ»ΓÄ»[17/53]ΓÄ
»[22m[39m

[31m[1m[7m FAIL 
[27m[22m[39m tests
/cards/card-members.t
est.ts[2m > 
[22mCards Members 
Tests[2m > 
[22mCard 
Members[2m > 
[22mshould retrieve 
cards with members 
in board endpoint
[31m[1mAssertionErr
or[22m: expected 
500 to be 200 // 
Object.is 
equality[39m

[32m- Expected[39m
[31m+ Received[39m

[32m- 200[39m
[31m+ 500[39m

[36m [2mΓ¥»[22m te
sts/cards/card-member
s.test.ts:[2m266:26
[22m[39m
    [90m264| [39m  
    })[33m;[39m
    [90m265| [39m
    [90m266| [39m  
    [34mexpect[39m(
res[33m.[39mstatus)
[33m.[39m[34mtoBe
[39m([34m200[39m)[
33m;[39m
    [90m   | [39m  
                     
  [31m^[39m
    [90m267| [39m  
    [35mconst[39m 
board [33m=[39m 
[35mawait[39m res[
33m.[39m[34mjson[3
9m() [35mas[39m 
any[33m;[39m
    [90m268| [39m  
    [34mexpect[39m(
board)[33m.[39m[34
mtoHaveProperty[39m(
[32m"lists"[39m)[3
3m;[39m

[31m[2mΓÄ»ΓÄ»ΓÄ»ΓÄ»
ΓÄ»ΓÄ»ΓÄ»ΓÄ»ΓÄ»ΓÄ»ΓÄ»
ΓÄ»ΓÄ»ΓÄ»ΓÄ»ΓÄ»ΓÄ»ΓÄ»
ΓÄ»ΓÄ»ΓÄ»ΓÄ»[18/53]ΓÄ
»[22m[39m

[31m[1m[7m FAIL 
[27m[22m[39m tests
/cards/card-members.t
est.ts[2m > 
[22mCards Members 
Tests[2m > 
[22mCard 
Members[2m > 
[22mshould retrieve 
cards with members 
in cards endpoint
[31m[1mAssertionErr
or[22m: expected 
500 to be 200 // 
Object.is 
equality[39m

[32m- Expected[39m
[31m+ Received[39m

[32m- 200[39m
[31m+ 500[39m

[36m [2mΓ¥»[22m te
sts/cards/card-member
s.test.ts:[2m298:26
[22m[39m
    [90m296| [39m  
    })[33m;[39m
    [90m297| [39m
    [90m298| [39m  
    [34mexpect[39m(
res[33m.[39mstatus)
[33m.[39m[34mtoBe
[39m([34m200[39m)[
33m;[39m
    [90m   | [39m  
                     
  [31m^[39m
    [90m299| [39m  
    [35mconst[39m 
cards [33m=[39m 
[35mawait[39m res[
33m.[39m[34mjson[3
9m() [35mas[39m 
any[][33m;[39m
    [90m300| [39m  
    

[31m[2mΓÄ»ΓÄ»ΓÄ»ΓÄ»
ΓÄ»ΓÄ»ΓÄ»ΓÄ»ΓÄ»ΓÄ»ΓÄ»
ΓÄ»ΓÄ»ΓÄ»ΓÄ»ΓÄ»ΓÄ»ΓÄ»
ΓÄ»ΓÄ»ΓÄ»ΓÄ»[19/53]ΓÄ
»[22m[39m

[31m[1m[7m FAIL 
[27m[22m[39m tests
/cards/card-members.t
est.ts[2m > 
[22mCards Members 
Tests[2m > 
[22mCard 
Members[2m > 
[22mshould generate 
correct initials for 
members
[31m[1mSyntaxError
[22m: Unexpected 
token 'I', "Internal 
S"... is not valid 
JSON[39m
[36m [2mΓ¥»[22m te
sts/cards/card-member
s.test.ts:[2m340:20
[22m[39m
    [90m338| [39m  
    })[33m;[39m
    [90m339| [39m
    [90m340| [39m  
    [35mconst[39m 
data [33m=[39m 
[35mawait[39m res[
33m.[39m[34mjson[3
9m() [35mas[39m 
any[33m;[39m
    [90m   | [39m  
                 
[31m^[39m
    [90m341| [39m  
    [34mexpect[39m(
data[33m.[39mmember
s[[34m0[39m])[33m.
[39m[34mtoHavePrope
rty[39m([32m"initia
ls"[39m[33m,[39m 
[32m"JM"[39m)[33m;
[39m
    [90m342| [39m  
  })[33m;[39m

[31m[2mΓÄ»ΓÄ»ΓÄ»ΓÄ»
ΓÄ»ΓÄ»ΓÄ»ΓÄ»ΓÄ»ΓÄ»ΓÄ»
ΓÄ»ΓÄ»ΓÄ»ΓÄ»ΓÄ»ΓÄ»ΓÄ»
ΓÄ»ΓÄ»ΓÄ»ΓÄ»[20/53]ΓÄ
»[22m[39m

[31m[1m[7m FAIL 
[27m[22m[39m tests
/cards/card-members.t
est.ts[2m > 
[22mCards Members 
Tests[2m > 
[22mCard 
Members[2m > 
[22mshould persist 
members when moving 
card to different 
list
[31m[1mSyntaxError
[22m: Unexpected 
token 'I', "Internal 
S"... is not valid 
JSON[39m
[36m [2mΓ¥»[22m te
sts/cards/card-member
s.test.ts:[2m381:20
[22m[39m
    [90m379| [39m  
    })[33m;[39m
    [90m380| [39m
    [90m381| [39m  
    [35mconst[39m 
data [33m=[39m 
[35mawait[39m res[
33m.[39m[34mjson[3
9m() [35mas[39m 
any[33m;[39m
    [90m   | [39m  
                 
[31m^[39m
    [90m382| [39m  
    [34mexpect[39m(
data[33m.[39mmember
s)[33m.[39m[34mtoH
aveLength[39m([34m1
[39m)[33m;[39m
    [90m383| [39m  
    [34mexpect[39m(
data[33m.[39mmember
s[[34m0[39m])[33m.
[39m[34mtoHavePrope
rty[39m([32m"id"[3
9m[33m,[39m boardMe
mberId)[33m;[39m

[31m[2mΓÄ»ΓÄ»ΓÄ»ΓÄ»
ΓÄ»ΓÄ»ΓÄ»ΓÄ»ΓÄ»ΓÄ»ΓÄ»
ΓÄ»ΓÄ»ΓÄ»ΓÄ»ΓÄ»ΓÄ»ΓÄ»
ΓÄ»ΓÄ»ΓÄ»ΓÄ»[21/53]ΓÄ
»[22m[39m

[31m[1m[7m FAIL 
[27m[22m[39m tests
/cards/card-members.t
est.ts[2m > 
[22mCards Members 
Tests[2m > 
[22mCard 
Members[2m > 
[22mshould 
auto-create board 
member from Auth0 
when adding 
non-existent member 
to card
[31m[1mAssertionErr
or[22m: expected 
500 to be 200 // 
Object.is 
equality[39m

[32m- Expected[39m
[31m+ Received[39m

[32m- 200[39m
[31m+ 500[39m

[36m [2mΓ¥»[22m te
sts/cards/card-member
s.test.ts:[2m418:26
[22m[39m
    [90m416| [39m  
    })[33m;[39m
    [90m417| [39m
    [90m418| [39m  
    [34mexpect[39m(
res[33m.[39mstatus)
[33m.[39m[34mtoBe
[39m([34m200[39m)[
33m;[39m
    [90m   | [39m  
                     
  [31m^[39m
    [90m419| [39m  
    [35mconst[39m 
data [33m=[39m 
[35mawait[39m res[
33m.[39m[34mjson[3
9m() [35mas[39m 
any[33m;[39m
    [90m420| [39m  
    [34mexpect[39m(
data[33m.[39mmember
s)[33m.[39m[34mtoH
aveLength[39m([34m1
[39m)[33m;[39m

[31m[2mΓÄ»ΓÄ»ΓÄ»ΓÄ»
ΓÄ»ΓÄ»ΓÄ»ΓÄ»ΓÄ»ΓÄ»ΓÄ»
ΓÄ»ΓÄ»ΓÄ»ΓÄ»ΓÄ»ΓÄ»ΓÄ»
ΓÄ»ΓÄ»ΓÄ»ΓÄ»[22/53]ΓÄ
»[22m[39m

[31m[1m[7m FAIL 
[27m[22m[39m tests
/cards/card-members.t
est.ts[2m > 
[22mCards Members 
Tests[2m > 
[22mCard 
Members[2m > 
[22mshould handle 
creating card with 
member that needs to 
be auto-fetched
[31m[1mSyntaxError
[22m: Unexpected 
token 'I', "Internal 
S"... is not valid 
JSON[39m
[36m [2mΓ¥»[22m te
sts/cards/card-member
s.test.ts:[2m454:20
[22m[39m
    [90m452| [39m  
    })[33m;[39m
    [90m453| [39m
    [90m454| [39m  
    [35mconst[39m 
data [33m=[39m 
[35mawait[39m res[
33m.[39m[34mjson[3
9m() [35mas[39m 
any[33m;[39m
    [90m   | [39m  
                 
[31m^[39m
    [90m455| [39m  
    console[33m.[39
m[34mlog[39m(data)
[33m;[39m
    [90m456| [39m  
    [34mexpect[39m(
res[33m.[39mstatus)
[33m.[39m[34mtoBe
[39m([34m200[39m)[
33m;[39m

[31m[2mΓÄ»ΓÄ»ΓÄ»ΓÄ»
ΓÄ»ΓÄ»ΓÄ»ΓÄ»ΓÄ»ΓÄ»ΓÄ»
ΓÄ»ΓÄ»ΓÄ»ΓÄ»ΓÄ»ΓÄ»ΓÄ»
ΓÄ»ΓÄ»ΓÄ»ΓÄ»[23/53]ΓÄ
»[22m[39m

[31m[1m[7m FAIL 
[27m[22m[39m tests
/cards/card-members.t
est.ts[2m > 
[22mCards Members 
Tests[2m > 
[22mCard 
Members[2m > 
[22mshould handle 
multiple members 
including 
auto-fetched ones
[31m[1mAssertionErr
or[22m: expected 
500 to be 200 // 
Object.is 
equality[39m

[32m- Expected[39m
[31m+ Received[39m

[32m- 200[39m
[31m+ 500[39m

[36m [2mΓ¥»[22m te
sts/cards/card-member
s.test.ts:[2m485:26
[22m[39m
    [90m483| [39m  
    })[33m;[39m
    [90m484| [39m
    [90m485| [39m  
    [34mexpect[39m(
res[33m.[39mstatus)
[33m.[39m[34mtoBe
[39m([34m200[39m)[
33m;[39m
    [90m   | [39m  
                     
  [31m^[39m
    [90m486| [39m  
    [35mconst[39m 
data [33m=[39m 
[35mawait[39m res[
33m.[39m[34mjson[3
9m() [35mas[39m 
any[33m;[39m
    [90m487| [39m  
    [34mexpect[39m(
data[33m.[39mmember
s)[33m.[39m[34mtoH
aveLength[39m([34m2
[39m)[33m;[39m

[31m[2mΓÄ»ΓÄ»ΓÄ»ΓÄ»
ΓÄ»ΓÄ»ΓÄ»ΓÄ»ΓÄ»ΓÄ»ΓÄ»
ΓÄ»ΓÄ»ΓÄ»ΓÄ»ΓÄ»ΓÄ»ΓÄ»
ΓÄ»ΓÄ»ΓÄ»ΓÄ»[24/53]ΓÄ
»[22m[39m

[31m[1m[7m FAIL 
[27m[22m[39m tests
/cards/card-members.t
est.ts[2m > 
[22mCards Members 
Tests[2m > 
[22mCard 
Members[2m > 
[22mshould 
gracefully handle 
invalid member 
references
[31m[1mAssertionErr
or[22m: expected 
500 to be 200 // 
Object.is 
equality[39m

[32m- Expected[39m
[31m+ Received[39m

[32m- 200[39m
[31m+ 500[39m

[36m [2mΓ¥»[22m te
sts/cards/card-member
s.test.ts:[2m508:26
[22m[39m
    [90m506| [39m
    [90m507| [39m  
    [90m// The 
request should still 
succeed, but the 
invalid member 
shou[39mΓÇª
    [90m508| [39m  
    [34mexpect[39m(
res[33m.[39mstatus)
[33m.[39m[34mtoBe
[39m([34m200[39m)[
33m;[39m
    [90m   | [39m  
                     
  [31m^[39m
    [90m509| [39m  
    [35mconst[39m 
data [33m=[39m 
[35mawait[39m res[
33m.[39m[34mjson[3
9m() [35mas[39m 
any[33m;[39m
    [90m510| [39m  
    [90m// The 
members array might 
be empty or exclude 
the invalid 
member[39m

[31m[2mΓÄ»ΓÄ»ΓÄ»ΓÄ»
ΓÄ»ΓÄ»ΓÄ»ΓÄ»ΓÄ»ΓÄ»ΓÄ»
ΓÄ»ΓÄ»ΓÄ»ΓÄ»ΓÄ»ΓÄ»ΓÄ»
ΓÄ»ΓÄ»ΓÄ»ΓÄ»[25/53]ΓÄ
»[22m[39m

[31m[1m[7m FAIL 
[27m[22m[39m tests
/cards/card-move.test
.ts[2m > [22mCard 
movement between 
lists with order 
management[2m > 
[22mshould move 
card from one list 
to another and 
update orders
[31m[1mTypeError[2
2m: Cannot read 
properties of 
undefined (reading 
'find')[39m
[36m [2mΓ¥»[22m te
sts/cards/card-move.t
est.ts:[2m150:31[22
m[39m
    [90m148| [39m
    [90m149| [39m  
  [35mconst[39m 
board [33m=[39m 
([35mawait[39m boar
dRes[33m.[39m[34mj
son[39m()) 
[35mas[39m 
any[33m;[39m
    [90m150| [39m  
  [35mconst[39m 
list1 [33m=[39m boa
rd[33m.[39mlists[3
3m.[39m[34mfind[39
m((l[33m:[39m any) 
[33m=>[39m 
l[33m.[39mid 
[33m===[39m 
list1Id)[33m;[39m
    [90m   | [39m  
                     
       [31m^[39m
    [90m151| [39m  
  [35mconst[39m 
list2 [33m=[39m boa
rd[33m.[39mlists[3
3m.[39m[34mfind[39
m((l[33m:[39m any) 
[33m=>[39m 
l[33m.[39mid 
[33m===[39m 
list2Id)[33m;[39m
    [90m152| [39m

[31m[2mΓÄ»ΓÄ»ΓÄ»ΓÄ»
ΓÄ»ΓÄ»ΓÄ»ΓÄ»ΓÄ»ΓÄ»ΓÄ»
ΓÄ»ΓÄ»ΓÄ»ΓÄ»ΓÄ»ΓÄ»ΓÄ»
ΓÄ»ΓÄ»ΓÄ»ΓÄ»[26/53]ΓÄ
»[22m[39m

[31m[1m[7m FAIL 
[27m[22m[39m tests
/cards/card-move.test
.ts[2m > [22mCard 
movement between 
lists with order 
management[2m > 
[22mshould handle 
moving card to end 
of another list
[31m[1mTypeError[2
2m: Cannot read 
properties of 
undefined (reading 
'find')[39m
[36m [2mΓ¥»[22m te
sts/cards/card-move.t
est.ts:[2m240:31[22
m[39m
    [90m238| [39m
    [90m239| [39m  
  [35mconst[39m 
board [33m=[39m 
([35mawait[39m boar
dRes[33m.[39m[34mj
son[39m()) 
[35mas[39m 
any[33m;[39m
    [90m240| [39m  
  [35mconst[39m 
list1 [33m=[39m boa
rd[33m.[39mlists[3
3m.[39m[34mfind[39
m((l[33m:[39m any) 
[33m=>[39m 
l[33m.[39mid 
[33m===[39m 
list1Id)[33m;[39m
    [90m   | [39m  
                     
       [31m^[39m
    [90m241| [39m  
  [35mconst[39m 
list2 [33m=[39m boa
rd[33m.[39mlists[3
3m.[39m[34mfind[39
m((l[33m:[39m any) 
[33m=>[39m 
l[33m.[39mid 
[33m===[39m 
list2Id)[33m;[39m
    [90m242| [39m

[31m[2mΓÄ»ΓÄ»ΓÄ»ΓÄ»
ΓÄ»ΓÄ»ΓÄ»ΓÄ»ΓÄ»ΓÄ»ΓÄ»
ΓÄ»ΓÄ»ΓÄ»ΓÄ»ΓÄ»ΓÄ»ΓÄ»
ΓÄ»ΓÄ»ΓÄ»ΓÄ»[27/53]ΓÄ
»[22m[39m

[31m[1m[7m FAIL 
[27m[22m[39m tests
/cards/card-move.test
.ts[2m > [22mCard 
movement between 
lists with order 
management[2m > 
[22mshould handle 
moving card to 
beginning of another 
list
[31m[1mTypeError[2
2m: Cannot read 
properties of 
undefined (reading 
'find')[39m
[36m [2mΓ¥»[22m te
sts/cards/card-move.t
est.ts:[2m328:31[22
m[39m
    [90m326| [39m
    [90m327| [39m  
  [35mconst[39m 
board [33m=[39m 
([35mawait[39m boar
dRes[33m.[39m[34mj
son[39m()) 
[35mas[39m 
any[33m;[39m
    [90m328| [39m  
  [35mconst[39m 
list1 [33m=[39m boa
rd[33m.[39mlists[3
3m.[39m[34mfind[39
m((l[33m:[39m any) 
[33m=>[39m 
l[33m.[39mid 
[33m===[39m 
list1Id)[33m;[39m
    [90m   | [39m  
                     
       [31m^[39m
    [90m329| [39m  
  [35mconst[39m 
list2 [33m=[39m boa
rd[33m.[39mlists[3
3m.[39m[34mfind[39
m((l[33m:[39m any) 
[33m=>[39m 
l[33m.[39mid 
[33m===[39m 
list2Id)[33m;[39m
    [90m330| [39m

[31m[2mΓÄ»ΓÄ»ΓÄ»ΓÄ»
ΓÄ»ΓÄ»ΓÄ»ΓÄ»ΓÄ»ΓÄ»ΓÄ»
ΓÄ»ΓÄ»ΓÄ»ΓÄ»ΓÄ»ΓÄ»ΓÄ»
ΓÄ»ΓÄ»ΓÄ»ΓÄ»[28/53]ΓÄ
»[22m[39m

[31m[1m[7m FAIL 
[27m[22m[39m tests
/cards/cards.test.ts
[2m > [22mCards API 
Integration 
Tests[2m > [22mGET 
/boards/:boardId/card
s[2m > [22mshould 
return empty array 
when board has no 
cards
[31m[1mAssertionErr
or[22m: expected 
500 to be 200 // 
Object.is 
equality[39m

[32m- Expected[39m
[31m+ Received[39m

[32m- 200[39m
[31m+ 500[39m

[36m [2mΓ¥»[22m te
sts/cards/cards.test.
ts:[2m46:26[22m[39
m
    [90m 44| [39m  
    })[33m;[39m
    [90m 45| [39m
    [90m 46| [39m  
    [34mexpect[39m(
res[33m.[39mstatus)
[33m.[39m[34mtoBe
[39m([34m200[39m)[
33m;[39m
    [90m   | [39m  
                     
  [31m^[39m
    [90m 47| [39m  
    [35mconst[39m 
data [33m=[39m 
[35mawait[39m res[
33m.[39m[34mjson[3
9m()[33m;[39m
    [90m 48| [39m  
    [34mexpect[39m(
[33mArray[39m[33m.
[39m[34misArray[39
m(data))[33m.[39m[
34mtoBe[39m([35mtru
e[39m)[33m;[39m

[31m[2mΓÄ»ΓÄ»ΓÄ»ΓÄ»
ΓÄ»ΓÄ»ΓÄ»ΓÄ»ΓÄ»ΓÄ»ΓÄ»
ΓÄ»ΓÄ»ΓÄ»ΓÄ»ΓÄ»ΓÄ»ΓÄ»
ΓÄ»ΓÄ»ΓÄ»ΓÄ»[29/53]ΓÄ
»[22m[39m

[31m[1m[7m FAIL 
[27m[22m[39m tests
/cards/cards.test.ts
[2m > [22mCards API 
Integration 
Tests[2m > [22mGET 
/boards/:boardId/card
s[2m > [22mshould 
return all cards for 
a board
[31m[1mAssertionErr
or[22m: expected 
500 to be 200 // 
Object.is 
equality[39m

[32m- Expected[39m
[31m+ Received[39m

[32m- 200[39m
[31m+ 500[39m

[36m [2mΓ¥»[22m te
sts/cards/cards.test.
ts:[2m84:26[22m[39
m
    [90m 82| [39m  
    })[33m;[39m
    [90m 83| [39m
    [90m 84| [39m  
    [34mexpect[39m(
res[33m.[39mstatus)
[33m.[39m[34mtoBe
[39m([34m200[39m)[
33m;[39m
    [90m   | [39m  
                     
  [31m^[39m
    [90m 85| [39m  
    [35mconst[39m 
data [33m=[39m 
[35mawait[39m res[
33m.[39m[34mjson[3
9m() [35mas[39m 
any[][33m;[39m
    [90m 86| [39m  
    [34mexpect[39m(
data)[33m.[39m[34m
toHaveLength[39m([3
4m2[39m)[33m;[39m

[31m[2mΓÄ»ΓÄ»ΓÄ»ΓÄ»
ΓÄ»ΓÄ»ΓÄ»ΓÄ»ΓÄ»ΓÄ»ΓÄ»
ΓÄ»ΓÄ»ΓÄ»ΓÄ»ΓÄ»ΓÄ»ΓÄ»
ΓÄ»ΓÄ»ΓÄ»ΓÄ»[30/53]ΓÄ
»[22m[39m

[31m[1m[7m FAIL 
[27m[22m[39m tests
/cards/cards.test.ts
[2m > [22mCards API 
Integration 
Tests[2m > 
[22mPOST /boards/:bo
ardId/cards[2m > 
[22mshould create a 
new card
[31m[1mAssertionErr
or[22m: expected 
500 to be 200 // 
Object.is 
equality[39m

[32m- Expected[39m
[31m+ Received[39m

[32m- 200[39m
[31m+ 500[39m

[36m [2mΓ¥»[22m te
sts/cards/cards.test.
ts:[2m128:26[22m[3
9m
    [90m126| [39m  
    })[33m;[39m
    [90m127| [39m
    [90m128| [39m  
    [34mexpect[39m(
res[33m.[39mstatus)
[33m.[39m[34mtoBe
[39m([34m200[39m)[
33m;[39m
    [90m   | [39m  
                     
  [31m^[39m
    [90m129| [39m  
    [35mconst[39m 
data [33m=[39m 
[35mawait[39m res[
33m.[39m[34mjson[3
9m() [35mas[39m 
any[33m;[39m
    [90m130| [39m  
    [34mexpect[39m(
data)[33m.[39m[34m
toHaveProperty[39m(
[32m"id"[39m[33m,[
39m newCard[33m.[39
mid)[33m;[39m

[31m[2mΓÄ»ΓÄ»ΓÄ»ΓÄ»
ΓÄ»ΓÄ»ΓÄ»ΓÄ»ΓÄ»ΓÄ»ΓÄ»
ΓÄ»ΓÄ»ΓÄ»ΓÄ»ΓÄ»ΓÄ»ΓÄ»
ΓÄ»ΓÄ»ΓÄ»ΓÄ»[31/53]ΓÄ
»[22m[39m

[31m[1m[7m FAIL 
[27m[22m[39m tests
/cards/cards.test.ts
[2m > [22mCards API 
Integration 
Tests[2m > 
[22mPOST /boards/:bo
ardId/cards[2m > 
[22mshould create a 
card with dates
[31m[1mAssertionErr
or[22m: expected 
500 to be 200 // 
Object.is 
equality[39m

[32m- Expected[39m
[31m+ Received[39m

[32m- 200[39m
[31m+ 500[39m

[36m [2mΓ¥»[22m te
sts/cards/cards.test.
ts:[2m155:26[22m[3
9m
    [90m153| [39m  
    })[33m;[39m
    [90m154| [39m
    [90m155| [39m  
    [34mexpect[39m(
res[33m.[39mstatus)
[33m.[39m[34mtoBe
[39m([34m200[39m)[
33m;[39m
    [90m   | [39m  
                     
  [31m^[39m
    [90m156| [39m  
    [35mconst[39m 
data [33m=[39m 
[35mawait[39m res[
33m.[39m[34mjson[3
9m() [35mas[39m 
any[33m;[39m
    [90m157| [39m  
    [34mexpect[39m(
data)[33m.[39m[34m
toHaveProperty[39m(
[32m"startDate"[39m)
[33m;[39m

[31m[2mΓÄ»ΓÄ»ΓÄ»ΓÄ»
ΓÄ»ΓÄ»ΓÄ»ΓÄ»ΓÄ»ΓÄ»ΓÄ»
ΓÄ»ΓÄ»ΓÄ»ΓÄ»ΓÄ»ΓÄ»ΓÄ»
ΓÄ»ΓÄ»ΓÄ»ΓÄ»[32/53]ΓÄ
»[22m[39m

[31m[1m[7m FAIL 
[27m[22m[39m tests
/cards/cards.test.ts
[2m > [22mCards API 
Integration 
Tests[2m > 
[22mPOST /boards/:bo
ardId/cards[2m > 
[22mshould create a 
card with location
[31m[1mAssertionErr
or[22m: expected 
500 to be 200 // 
Object.is 
equality[39m

[32m- Expected[39m
[31m+ Received[39m

[32m- 200[39m
[31m+ 500[39m

[36m [2mΓ¥»[22m te
sts/cards/cards.test.
ts:[2m177:26[22m[3
9m
    [90m175| [39m  
    })[33m;[39m
    [90m176| [39m
    [90m177| [39m  
    [34mexpect[39m(
res[33m.[39mstatus)
[33m.[39m[34mtoBe
[39m([34m200[39m)[
33m;[39m
    [90m   | [39m  
                     
  [31m^[39m
    [90m178| [39m  
    [35mconst[39m 
data [33m=[39m 
[35mawait[39m res[
33m.[39m[34mjson[3
9m() [35mas[39m 
any[33m;[39m
    [90m179| [39m  
    [34mexpect[39m(
data)[33m.[39m[34m
toHaveProperty[39m(
[32m"latitude"[39m[
33m,[39m [34m37.774
9[39m)[33m;[39m

[31m[2mΓÄ»ΓÄ»ΓÄ»ΓÄ»
ΓÄ»ΓÄ»ΓÄ»ΓÄ»ΓÄ»ΓÄ»ΓÄ»
ΓÄ»ΓÄ»ΓÄ»ΓÄ»ΓÄ»ΓÄ»ΓÄ»
ΓÄ»ΓÄ»ΓÄ»ΓÄ»[33/53]ΓÄ
»[22m[39m

[31m[1m[7m FAIL 
[27m[22m[39m tests
/cards/cards.test.ts
[2m > [22mCards API 
Integration 
Tests[2m > [22mGET 
/boards/:boardId/card
s/:id[2m > 
[22mshould return a 
specific card
[31m[1mAssertionErr
or[22m: expected 
500 to be 200 // 
Object.is 
equality[39m

[32m- Expected[39m
[31m+ Received[39m

[32m- 200[39m
[31m+ 500[39m

[36m [2mΓ¥»[22m te
sts/cards/cards.test.
ts:[2m300:26[22m[3
9m
    [90m298| [39m  
    })[33m;[39m
    [90m299| [39m
    [90m300| [39m  
    [34mexpect[39m(
res[33m.[39mstatus)
[33m.[39m[34mtoBe
[39m([34m200[39m)[
33m;[39m
    [90m   | [39m  
                     
  [31m^[39m
    [90m301| [39m  
    [35mconst[39m 
data [33m=[39m 
[35mawait[39m res[
33m.[39m[34mjson[3
9m() [35mas[39m 
any[33m;[39m
    [90m302| [39m  
    [34mexpect[39m(
data)[33m.[39m[34m
toHaveProperty[39m(
[32m"id"[39m[33m,[
39m 
cardId)[33m;[39m

[31m[2mΓÄ»ΓÄ»ΓÄ»ΓÄ»
ΓÄ»ΓÄ»ΓÄ»ΓÄ»ΓÄ»ΓÄ»ΓÄ»
ΓÄ»ΓÄ»ΓÄ»ΓÄ»ΓÄ»ΓÄ»ΓÄ»
ΓÄ»ΓÄ»ΓÄ»ΓÄ»[34/53]ΓÄ
»[22m[39m

[31m[1m[7m FAIL 
[27m[22m[39m tests
/cards/cards.test.ts
[2m > [22mCards API 
Integration 
Tests[2m > [22mGET 
/boards/:boardId/card
s/:id[2m > 
[22mshould return 
404 for non-existent 
card
[31m[1mAssertionErr
or[22m: expected 
500 to be 404 // 
Object.is 
equality[39m

[32m- Expected[39m
[31m+ Received[39m

[32m- 404[39m
[31m+ 500[39m

[36m [2mΓ¥»[22m te
sts/cards/cards.test.
ts:[2m314:26[22m[3
9m
    [90m312| [39m  
    })[33m;[39m
    [90m313| [39m
    [90m314| [39m  
    [34mexpect[39m(
res[33m.[39mstatus)
[33m.[39m[34mtoBe
[39m([34m404[39m)[
33m;[39m
    [90m   | [39m  
                     
  [31m^[39m
    [90m315| [39m  
  })[33m;[39m
    [90m316| [39m

[31m[2mΓÄ»ΓÄ»ΓÄ»ΓÄ»
ΓÄ»ΓÄ»ΓÄ»ΓÄ»ΓÄ»ΓÄ»ΓÄ»
ΓÄ»ΓÄ»ΓÄ»ΓÄ»ΓÄ»ΓÄ»ΓÄ»
ΓÄ»ΓÄ»ΓÄ»ΓÄ»[35/53]ΓÄ
»[22m[39m

[31m[1m[7m FAIL 
[27m[22m[39m tests
/cards/cards.test.ts
[2m > [22mCards API 
Integration 
Tests[2m > [22mPUT 
/boards/:boardId/card
s/:id[2m > 
[22mshould update 
card name
[31m[1mAssertionErr
or[22m: expected 
500 to be 200 // 
Object.is 
equality[39m

[32m- Expected[39m
[31m+ Received[39m

[32m- 200[39m
[31m+ 500[39m

[36m [2mΓ¥»[22m te
sts/cards/cards.test.
ts:[2m365:26[22m[3
9m
    [90m363| [39m  
    })[33m;[39m
    [90m364| [39m
    [90m365| [39m  
    [34mexpect[39m(
res[33m.[39mstatus)
[33m.[39m[34mtoBe
[39m([34m200[39m)[
33m;[39m
    [90m   | [39m  
                     
  [31m^[39m
    [90m366| [39m  
    [35mconst[39m 
data [33m=[39m 
[35mawait[39m res[
33m.[39m[34mjson[3
9m() [35mas[39m 
any[33m;[39m
    [90m367| [39m  
    [34mexpect[39m(
data)[33m.[39m[34m
toHaveProperty[39m(
[32m"name"[39m[33m,
[39m [32m"Updated N
ame"[39m)[33m;[39m

[31m[2mΓÄ»ΓÄ»ΓÄ»ΓÄ»
ΓÄ»ΓÄ»ΓÄ»ΓÄ»ΓÄ»ΓÄ»ΓÄ»
ΓÄ»ΓÄ»ΓÄ»ΓÄ»ΓÄ»ΓÄ»ΓÄ»
ΓÄ»ΓÄ»ΓÄ»ΓÄ»[36/53]ΓÄ
»[22m[39m

[31m[1m[7m FAIL 
[27m[22m[39m tests
/cards/cards.test.ts
[2m > [22mCards API 
Integration 
Tests[2m > [22mPUT 
/boards/:boardId/card
s/:id[2m > 
[22mshould update 
card order
[31m[1mAssertionErr
or[22m: expected 
500 to be 200 // 
Object.is 
equality[39m

[32m- Expected[39m
[31m+ Received[39m

[32m- 200[39m
[31m+ 500[39m

[36m [2mΓ¥»[22m te
sts/cards/cards.test.
ts:[2m418:26[22m[3
9m
    [90m416| [39m  
    })[33m;[39m
    [90m417| [39m
    [90m418| [39m  
    [34mexpect[39m(
res[33m.[39mstatus)
[33m.[39m[34mtoBe
[39m([34m200[39m)[
33m;[39m
    [90m   | [39m  
                     
  [31m^[39m
    [90m419| [39m  
    [35mconst[39m 
data [33m=[39m 
[35mawait[39m res[
33m.[39m[34mjson[3
9m() [35mas[39m 
any[33m;[39m
    [90m420| [39m  
    [34mexpect[39m(
data)[33m.[39m[34m
toHaveProperty[39m(
[32m"order"[39m[33m
,[39m [34m2[39m)[
33m;[39m

[31m[2mΓÄ»ΓÄ»ΓÄ»ΓÄ»
ΓÄ»ΓÄ»ΓÄ»ΓÄ»ΓÄ»ΓÄ»ΓÄ»
ΓÄ»ΓÄ»ΓÄ»ΓÄ»ΓÄ»ΓÄ»ΓÄ»
ΓÄ»ΓÄ»ΓÄ»ΓÄ»[37/53]ΓÄ
»[22m[39m

[31m[1m[7m FAIL 
[27m[22m[39m tests
/cards/cards.test.ts
[2m > [22mCards API 
Integration 
Tests[2m > [22mPUT 
/boards/:boardId/card
s/:id[2m > 
[22mshould update 
card dates
[31m[1mAssertionErr
or[22m: expected 
500 to be 200 // 
Object.is 
equality[39m

[32m- Expected[39m
[31m+ Received[39m

[32m- 200[39m
[31m+ 500[39m

[36m [2mΓ¥»[22m te
sts/cards/cards.test.
ts:[2m448:26[22m[3
9m
    [90m446| [39m  
    })[33m;[39m
    [90m447| [39m
    [90m448| [39m  
    [34mexpect[39m(
res[33m.[39mstatus)
[33m.[39m[34mtoBe
[39m([34m200[39m)[
33m;[39m
    [90m   | [39m  
                     
  [31m^[39m
    [90m449| [39m  
    [35mconst[39m 
data [33m=[39m 
[35mawait[39m res[
33m.[39m[34mjson[3
9m() [35mas[39m 
any[33m;[39m
    [90m450| [39m  
    [34mexpect[39m(
data)[33m.[39m[34m
toHaveProperty[39m(
[32m"startDate"[39m)
[33m;[39m

[31m[2mΓÄ»ΓÄ»ΓÄ»ΓÄ»
ΓÄ»ΓÄ»ΓÄ»ΓÄ»ΓÄ»ΓÄ»ΓÄ»
ΓÄ»ΓÄ»ΓÄ»ΓÄ»ΓÄ»ΓÄ»ΓÄ»
ΓÄ»ΓÄ»ΓÄ»ΓÄ»[38/53]ΓÄ
»[22m[39m

[31m[1m[7m FAIL 
[27m[22m[39m tests
/cards/cards.test.ts
[2m > [22mCards API 
Integration 
Tests[2m > [22mPUT 
/boards/:boardId/card
s/:id[2m > 
[22mshould update 
card location
[31m[1mAssertionErr
or[22m: expected 
500 to be 200 // 
Object.is 
equality[39m

[32m- Expected[39m
[31m+ Received[39m

[32m- 200[39m
[31m+ 500[39m

[36m [2mΓ¥»[22m te
sts/cards/cards.test.
ts:[2m476:26[22m[3
9m
    [90m474| [39m  
    })[33m;[39m
    [90m475| [39m
    [90m476| [39m  
    [34mexpect[39m(
res[33m.[39mstatus)
[33m.[39m[34mtoBe
[39m([34m200[39m)[
33m;[39m
    [90m   | [39m  
                     
  [31m^[39m
    [90m477| [39m  
    [35mconst[39m 
data [33m=[39m 
[35mawait[39m res[
33m.[39m[34mjson[3
9m() [35mas[39m 
any[33m;[39m
    [90m478| [39m  
    [34mexpect[39m(
data)[33m.[39m[34m
toHaveProperty[39m(
[32m"latitude"[39m[
33m,[39m [34m40.712
8[39m)[33m;[39m

[31m[2mΓÄ»ΓÄ»ΓÄ»ΓÄ»
ΓÄ»ΓÄ»ΓÄ»ΓÄ»ΓÄ»ΓÄ»ΓÄ»
ΓÄ»ΓÄ»ΓÄ»ΓÄ»ΓÄ»ΓÄ»ΓÄ»
ΓÄ»ΓÄ»ΓÄ»ΓÄ»[39/53]ΓÄ
»[22m[39m

[31m[1m[7m FAIL 
[27m[22m[39m tests
/cards/cards.test.ts
[2m > [22mCards API 
Integration 
Tests[2m > [22mPUT 
/boards/:boardId/card
s/:id[2m > 
[22mshould move 
card to another list 
in same board
[31m[1mAssertionErr
or[22m: expected 
500 to be 200 // 
Object.is 
equality[39m

[32m- Expected[39m
[31m+ Received[39m

[32m- 200[39m
[31m+ 500[39m

[36m [2mΓ¥»[22m te
sts/cards/cards.test.
ts:[2m517:26[22m[3
9m
    [90m515| [39m  
    })[33m;[39m
    [90m516| [39m
    [90m517| [39m  
    [34mexpect[39m(
res[33m.[39mstatus)
[33m.[39m[34mtoBe
[39m([34m200[39m)[
33m;[39m
    [90m   | [39m  
                     
  [31m^[39m
    [90m518| [39m  
    [35mconst[39m 
data [33m=[39m 
[35mawait[39m res[
33m.[39m[34mjson[3
9m() [35mas[39m 
any[33m;[39m
    [90m519| [39m  
    [34mexpect[39m(
data)[33m.[39m[34m
toHaveProperty[39m(
[32m"listId"[39m[33
m,[39m secondListId)
[33m;[39m

[31m[2mΓÄ»ΓÄ»ΓÄ»ΓÄ»
ΓÄ»ΓÄ»ΓÄ»ΓÄ»ΓÄ»ΓÄ»ΓÄ»
ΓÄ»ΓÄ»ΓÄ»ΓÄ»ΓÄ»ΓÄ»ΓÄ»
ΓÄ»ΓÄ»ΓÄ»ΓÄ»[40/53]ΓÄ
»[22m[39m

[31m[1m[7m FAIL 
[27m[22m[39m tests
/cards/cards.test.ts
[2m > [22mCards API 
Integration 
Tests[2m > [22mPUT 
/boards/:boardId/card
s/:id[2m > 
[22mshould return 
404 when trying to 
move card to 
non-existent list
[31m[1mAssertionErr
or[22m: expected 
500 to be 404 // 
Object.is 
equality[39m

[32m- Expected[39m
[31m+ Received[39m

[32m- 404[39m
[31m+ 500[39m

[36m [2mΓ¥»[22m te
sts/cards/cards.test.
ts:[2m544:26[22m[3
9m
    [90m542| [39m  
    })[33m;[39m
    [90m543| [39m
    [90m544| [39m  
    [34mexpect[39m(
res[33m.[39mstatus)
[33m.[39m[34mtoBe
[39m([34m404[39m)[
33m;[39m
    [90m   | [39m  
                     
  [31m^[39m
    [90m545| [39m  
  })[33m;[39m
    [90m546| [39m

[31m[2mΓÄ»ΓÄ»ΓÄ»ΓÄ»
ΓÄ»ΓÄ»ΓÄ»ΓÄ»ΓÄ»ΓÄ»ΓÄ»
ΓÄ»ΓÄ»ΓÄ»ΓÄ»ΓÄ»ΓÄ»ΓÄ»
ΓÄ»ΓÄ»ΓÄ»ΓÄ»[41/53]ΓÄ
»[22m[39m

[31m[1m[7m FAIL 
[27m[22m[39m tests
/cards/cards.test.ts
[2m > [22mCards API 
Integration 
Tests[2m > [22mPUT 
/boards/:boardId/card
s/:id[2m > 
[22mshould return 
403 when trying to 
move card to list in 
different board
[31m[1mAssertionErr
or[22m: expected 
500 to be 403 // 
Object.is 
equality[39m

[32m- Expected[39m
[31m+ Received[39m

[32m- 403[39m
[31m+ 500[39m

[36m [2mΓ¥»[22m te
sts/cards/cards.test.
ts:[2m592:26[22m[3
9m
    [90m590| [39m  
    })[33m;[39m
    [90m591| [39m
    [90m592| [39m  
    [34mexpect[39m(
res[33m.[39mstatus)
[33m.[39m[34mtoBe
[39m([34m403[39m)[
33m;[39m
    [90m   | [39m  
                     
  [31m^[39m
    [90m593| [39m  
  })[33m;[39m
    [90m594| [39m

[31m[2mΓÄ»ΓÄ»ΓÄ»ΓÄ»
ΓÄ»ΓÄ»ΓÄ»ΓÄ»ΓÄ»ΓÄ»ΓÄ»
ΓÄ»ΓÄ»ΓÄ»ΓÄ»ΓÄ»ΓÄ»ΓÄ»
ΓÄ»ΓÄ»ΓÄ»ΓÄ»[42/53]ΓÄ
»[22m[39m

[31m[1m[7m FAIL 
[27m[22m[39m tests
/cards/cards.test.ts
[2m > [22mCards API 
Integration 
Tests[2m > [22mPUT 
/boards/:boardId/card
s/:id[2m > 
[22mshould return 
404 for non-existent 
card
[31m[1mAssertionErr
or[22m: expected 
500 to be 404 // 
Object.is 
equality[39m

[32m- Expected[39m
[31m+ Received[39m

[32m- 404[39m
[31m+ 500[39m

[36m [2mΓ¥»[22m te
sts/cards/cards.test.
ts:[2m605:26[22m[3
9m
    [90m603| [39m  
    })[33m;[39m
    [90m604| [39m
    [90m605| [39m  
    [34mexpect[39m(
res[33m.[39mstatus)
[33m.[39m[34mtoBe
[39m([34m404[39m)[
33m;[39m
    [90m   | [39m  
                     
  [31m^[39m
    [90m606| [39m  
  })[33m;[39m
    [90m607| [39m

[31m[2mΓÄ»ΓÄ»ΓÄ»ΓÄ»
ΓÄ»ΓÄ»ΓÄ»ΓÄ»ΓÄ»ΓÄ»ΓÄ»
ΓÄ»ΓÄ»ΓÄ»ΓÄ»ΓÄ»ΓÄ»ΓÄ»
ΓÄ»ΓÄ»ΓÄ»ΓÄ»[43/53]ΓÄ
»[22m[39m

[31m[1m[7m FAIL 
[27m[22m[39m tests
/cards/cards.test.ts
[2m > [22mCards API 
Integration 
Tests[2m > 
[22mDELETE /boards/:
boardId/cards/:id[2m
 > [22mshould 
delete a card
[31m[1mAssertionErr
or[22m: expected 
500 to be 200 // 
Object.is 
equality[39m

[32m- Expected[39m
[31m+ Received[39m

[32m- 200[39m
[31m+ 500[39m

[36m [2mΓ¥»[22m te
sts/cards/cards.test.
ts:[2m645:32[22m[3
9m
    [90m643| [39m  
    })[33m;[39m
    [90m644| [39m
    [90m645| [39m  
    [34mexpect[39m(
deleteRes[33m.[39ms
tatus)[33m.[39m[34
mtoBe[39m([34m200[
39m)[33m;[39m
    [90m   | [39m  
                     
        [31m^[39m
    [90m646| [39m  
    [35mconst[39m 
deleteData 
[33m=[39m 
[35mawait[39m delet
eRes[33m.[39m[34mj
son[39m() 
[35mas[39m 
any[33m;[39m
    [90m647| [39m  
    [34mexpect[39m(
deleteData)[33m.[39
m[34mtoHaveProperty
[39m([32m"message"[
39m)[33m;[39m

[31m[2mΓÄ»ΓÄ»ΓÄ»ΓÄ»
ΓÄ»ΓÄ»ΓÄ»ΓÄ»ΓÄ»ΓÄ»ΓÄ»
ΓÄ»ΓÄ»ΓÄ»ΓÄ»ΓÄ»ΓÄ»ΓÄ»
ΓÄ»ΓÄ»ΓÄ»ΓÄ»[44/53]ΓÄ
»[22m[39m

[31m[1m[7m FAIL 
[27m[22m[39m tests
/cards/cards.test.ts
[2m > [22mCards API 
Integration 
Tests[2m > 
[22mDELETE /boards/:
boardId/cards/:id[2m
 > [22mshould 
return 404 for 
non-existent card
[31m[1mAssertionErr
or[22m: expected 
500 to be 404 // 
Object.is 
equality[39m

[32m- Expected[39m
[31m+ Received[39m

[32m- 404[39m
[31m+ 500[39m

[36m [2mΓ¥»[22m te
sts/cards/cards.test.
ts:[2m665:26[22m[3
9m
    [90m663| [39m  
    })[33m;[39m
    [90m664| [39m
    [90m665| [39m  
    [34mexpect[39m(
res[33m.[39mstatus)
[33m.[39m[34mtoBe
[39m([34m404[39m)[
33m;[39m
    [90m   | [39m  
                     
  [31m^[39m
    [90m666| [39m  
  })[33m;[39m
    [90m667| [39m

[31m[2mΓÄ»ΓÄ»ΓÄ»ΓÄ»
ΓÄ»ΓÄ»ΓÄ»ΓÄ»ΓÄ»ΓÄ»ΓÄ»
ΓÄ»ΓÄ»ΓÄ»ΓÄ»ΓÄ»ΓÄ»ΓÄ»
ΓÄ»ΓÄ»ΓÄ»ΓÄ»[45/53]ΓÄ
»[22m[39m

[31m[1m[7m FAIL 
[27m[22m[39m tests
/cards/cards.test.ts
[2m > [22mCards API 
Integration 
Tests[2m > 
[22mDELETE /boards/:
boardId/cards/:id[2m
 > [22mshould 
maintain correct 
order of remaining 
cards after deleting 
first card
[31m[1mAssertionErr
or[22m: expected 
500 to be 200 // 
Object.is 
equality[39m

[32m- Expected[39m
[31m+ Received[39m

[32m- 200[39m
[31m+ 500[39m

[36m [2mΓ¥»[22m te
sts/cards/cards.test.
ts:[2m736:32[22m[3
9m
    [90m734| [39m  
    })[33m;[39m
    [90m735| [39m
    [90m736| [39m  
    [34mexpect[39m(
deleteRes[33m.[39ms
tatus)[33m.[39m[34
mtoBe[39m([34m200[
39m)[33m;[39m
    [90m   | [39m  
                     
        [31m^[39m
    [90m737| [39m
    [90m738| [39m  
    [90m// Get the 
board and verify 
remaining cards have 
correct order[39m

[31m[2mΓÄ»ΓÄ»ΓÄ»ΓÄ»
ΓÄ»ΓÄ»ΓÄ»ΓÄ»ΓÄ»ΓÄ»ΓÄ»
ΓÄ»ΓÄ»ΓÄ»ΓÄ»ΓÄ»ΓÄ»ΓÄ»
ΓÄ»ΓÄ»ΓÄ»ΓÄ»[46/53]ΓÄ
»[22m[39m

[31m[1m[7m FAIL 
[27m[22m[39m tests
/cards/cards.test.ts
[2m > [22mCards API 
Integration 
Tests[2m > 
[22mDELETE /boards/:
boardId/cards/:id[2m
 > [22mshould 
maintain correct 
order of remaining 
cards after deleting 
middle card
[31m[1mAssertionErr
or[22m: expected 
500 to be 200 // 
Object.is 
equality[39m

[32m- Expected[39m
[31m+ Received[39m

[32m- 200[39m
[31m+ 500[39m

[36m [2mΓ¥»[22m te
sts/cards/cards.test.
ts:[2m807:32[22m[3
9m
    [90m805| [39m  
    })[33m;[39m
    [90m806| [39m
    [90m807| [39m  
    [34mexpect[39m(
deleteRes[33m.[39ms
tatus)[33m.[39m[34
mtoBe[39m([34m200[
39m)[33m;[39m
    [90m   | [39m  
                     
        [31m^[39m
    [90m808| [39m
    [90m809| [39m  
    [90m// Get the 
board and verify 
remaining cards have 
correct order[39m

[31m[2mΓÄ»ΓÄ»ΓÄ»ΓÄ»
ΓÄ»ΓÄ»ΓÄ»ΓÄ»ΓÄ»ΓÄ»ΓÄ»
ΓÄ»ΓÄ»ΓÄ»ΓÄ»ΓÄ»ΓÄ»ΓÄ»
ΓÄ»ΓÄ»ΓÄ»ΓÄ»[47/53]ΓÄ
»[22m[39m

[31m[1m[7m FAIL 
[27m[22m[39m tests
/cards/cards.test.ts
[2m > [22mCards API 
Integration 
Tests[2m > 
[22mDELETE /boards/:
boardId/cards/:id[2m
 > [22mshould 
maintain correct 
order of remaining 
cards after deleting 
last card
[31m[1mAssertionErr
or[22m: expected 
500 to be 200 // 
Object.is 
equality[39m

[32m- Expected[39m
[31m+ Received[39m

[32m- 200[39m
[31m+ 500[39m

[36m [2mΓ¥»[22m te
sts/cards/cards.test.
ts:[2m878:32[22m[3
9m
    [90m876| [39m  
    })[33m;[39m
    [90m877| [39m
    [90m878| [39m  
    [34mexpect[39m(
deleteRes[33m.[39ms
tatus)[33m.[39m[34
mtoBe[39m([34m200[
39m)[33m;[39m
    [90m   | [39m  
                     
        [31m^[39m
    [90m879| [39m
    [90m880| [39m  
    [90m// Get the 
board and verify 
remaining cards have 
correct order[39m

[31m[2mΓÄ»ΓÄ»ΓÄ»ΓÄ»
ΓÄ»ΓÄ»ΓÄ»ΓÄ»ΓÄ»ΓÄ»ΓÄ»
ΓÄ»ΓÄ»ΓÄ»ΓÄ»ΓÄ»ΓÄ»ΓÄ»
ΓÄ»ΓÄ»ΓÄ»ΓÄ»[48/53]ΓÄ
»[22m[39m

[31m[1m[7m FAIL 
[27m[22m[39m tests
/cards/cards.test.ts
[2m > [22mCards API 
Integration 
Tests[2m > 
[22mDELETE /boards/:
boardId/cards/:id[2m
 > [22mshould 
maintain correct 
order after deleting 
multiple cards in 
sequence
[31m[1mTypeError[2
2m: Cannot read 
properties of 
undefined (reading 
'0')[39m
[36m [2mΓ¥»[22m te
sts/cards/cards.test.
ts:[2m986:27[22m[3
9m
    [90m984| [39m
    [90m985| [39m  
    [35mconst[39m 
board [33m=[39m 
[35mawait[39m board
Res[33m.[39m[34mjs
on[39m() 
[35mas[39m 
any[33m;[39m
    [90m986| [39m  
    [35mconst[39m 
cards [33m=[39m boa
rd[33m.[39mlists[[
34m0[39m][33m.[39m
cards[33m;[39m
    [90m   | [39m  
                     
   [31m^[39m
    [90m987| [39m
    [90m988| [39m  
    [90m// Should 
have 3 cards 
left[39m

[31m[2mΓÄ»ΓÄ»ΓÄ»ΓÄ»
ΓÄ»ΓÄ»ΓÄ»ΓÄ»ΓÄ»ΓÄ»ΓÄ»
ΓÄ»ΓÄ»ΓÄ»ΓÄ»ΓÄ»ΓÄ»ΓÄ»
ΓÄ»ΓÄ»ΓÄ»ΓÄ»[49/53]ΓÄ
»[22m[39m

[31m[1m[7m FAIL 
[27m[22m[39m tests
/cards/cards.test.ts
[2m > [22mCards API 
Integration 
Tests[2m > 
[22mDELETE /boards/:
boardId/cards/:id[2m
 > [22mshould 
handle deletion 
correctly when cards 
are in different 
lists
[31m[1mTypeError[2
2m: Cannot read 
properties of 
undefined (reading 
'find')[39m
[36m [2mΓ¥»[22m te
sts/cards/cards.test.
ts:[2m1114:33[22m[
39m
    [90m1112| [39m
    [90m1113| [39m 
     [35mconst[39m 
board [33m=[39m 
[35mawait[39m board
Res[33m.[39m[34mjs
on[39m() 
[35mas[39m 
any[33m;[39m
    [90m1114| [39m 
     [35mconst[39m 
list1 [33m=[39m boa
rd[33m.[39mlists[3
3m.[39m[34mfind[39
m((l[33m:[39m any) 
[33m=>[39m 
l[33m.[39mid 
[33m===[39m testLis
tId)[33m;[39m
    [90m   | [39m  
                     
         [31m^[39m
    [90m1115| [39m 
     [35mconst[39m 
list2 [33m=[39m boa
rd[33m.[39mlists[3
3m.[39m[34mfind[39
m((l[33m:[39m any) 
[33m=>[39m 
l[33m.[39mid 
[33m===[39m 
list2Id)[33m;[39m
    [90m1116| [39m

[31m[2mΓÄ»ΓÄ»ΓÄ»ΓÄ»
ΓÄ»ΓÄ»ΓÄ»ΓÄ»ΓÄ»ΓÄ»ΓÄ»
ΓÄ»ΓÄ»ΓÄ»ΓÄ»ΓÄ»ΓÄ»ΓÄ»
ΓÄ»ΓÄ»ΓÄ»ΓÄ»[50/53]ΓÄ
»[22m[39m

[31m[1m[7m FAIL 
[27m[22m[39m tests
/cards/cards.test.ts
[2m > [22mCards API 
Integration 
Tests[2m > 
[22mCard 
ordering[2m > 
[22mshould maintain 
correct order when 
multiple cards are 
created
[31m[1mTypeError[2
2m: Cannot read 
properties of 
undefined (reading 
'0')[39m
[36m [2mΓ¥»[22m te
sts/cards/cards.test.
ts:[2m1158:27[22m[
39m
    [90m1156| [39m
    [90m1157| [39m 
     [35mconst[39m 
board [33m=[39m 
[35mawait[39m res[
33m.[39m[34mjson[3
9m() [35mas[39m 
any[33m;[39m
    [90m1158| [39m 
     [35mconst[39m 
cards [33m=[39m boa
rd[33m.[39mlists[[
34m0[39m][33m.[39m
cards[33m;[39m
    [90m   | [39m  
                     
   [31m^[39m
    [90m1159| [39m 
     [34mexpect[39m
(cards)[33m.[39m[3
4mtoHaveLength[39m(
[34m3[39m)[33m;[39
m
    [90m1160| [39m 
     [34mexpect[39m
(cards[[34m0[39m][
33m.[39morder)[33m.
[39m[34mtoBe[39m(
[34m0[39m)[33m;[39
m

[31m[2mΓÄ»ΓÄ»ΓÄ»ΓÄ»
ΓÄ»ΓÄ»ΓÄ»ΓÄ»ΓÄ»ΓÄ»ΓÄ»
ΓÄ»ΓÄ»ΓÄ»ΓÄ»ΓÄ»ΓÄ»ΓÄ»
ΓÄ»ΓÄ»ΓÄ»ΓÄ»[51/53]ΓÄ
»[22m[39m

[31m[1m[7m FAIL 
[27m[22m[39m tests
/cards/cards.test.ts
[2m > [22mCards API 
Integration 
Tests[2m > 
[22mCard 
ordering[2m > 
[22mshould allow 
reordering cards
[31m[1mTypeError[2
2m: Cannot read 
properties of 
undefined (reading 
'0')[39m
[36m [2mΓ¥»[22m te
sts/cards/cards.test.
ts:[2m1216:27[22m[
39m
    [90m1214| [39m
    [90m1215| [39m 
     [35mconst[39m 
board [33m=[39m 
[35mawait[39m res[
33m.[39m[34mjson[3
9m() [35mas[39m 
any[33m;[39m
    [90m1216| [39m 
     [35mconst[39m 
cards [33m=[39m boa
rd[33m.[39mlists[[
34m0[39m][33m.[39m
cards[33m;[39m
    [90m   | [39m  
                     
   [31m^[39m
    [90m1217| [39m 
     
    [90m1218| [39m 
     [35mconst[39m 
reorderedCard1 
[33m=[39m cards[33
m.[39m[34mfind[39m
((c[33m:[39m any) 
[33m=>[39m 
c[33m.[39mid 
[33m===[39m 
card1Id)[33m;[39m

[31m[2mΓÄ»ΓÄ»ΓÄ»ΓÄ»
ΓÄ»ΓÄ»ΓÄ»ΓÄ»ΓÄ»ΓÄ»ΓÄ»
ΓÄ»ΓÄ»ΓÄ»ΓÄ»ΓÄ»ΓÄ»ΓÄ»
ΓÄ»ΓÄ»ΓÄ»ΓÄ»[52/53]ΓÄ
»[22m[39m

[31m[1m[7m FAIL 
[27m[22m[39m tests
/cards/cards.test.ts
[2m > [22mCards API 
Integration 
Tests[2m > 
[22mCard with 
complex data[2m > 
[22mshould create 
and retrieve card 
with all fields
[31m[1mAssertionErr
or[22m: expected 
500 to be 200 // 
Object.is 
equality[39m

[32m- Expected[39m
[31m+ Received[39m

[32m- 200[39m
[31m+ 500[39m

[36m [2mΓ¥»[22m te
sts/cards/cards.test.
ts:[2m1249:32[22m[
39m
    [90m1247| [39m 
     })[33m;[39m
    [90m1248| [39m
    [90m1249| [39m 
     [34mexpect[39m
(createRes[33m.[39m
status)[33m.[39m[3
4mtoBe[39m([34m200
[39m)[33m;[39m
    [90m   | [39m  
                     
        [31m^[39m
    [90m1250| [39m
    [90m1251| [39m 
     [90m// 
Retrieve and verify 
all fields[39m

[31m[2mΓÄ»ΓÄ»ΓÄ»ΓÄ»
ΓÄ»ΓÄ»ΓÄ»ΓÄ»ΓÄ»ΓÄ»ΓÄ»
ΓÄ»ΓÄ»ΓÄ»ΓÄ»ΓÄ»ΓÄ»ΓÄ»
ΓÄ»ΓÄ»ΓÄ»ΓÄ»[53/53]ΓÄ
»[22m[39m

[2m Test Files [22m [1m[31m6 failed[39m[22m[2m | [22m[1m[32m3 passed[39m[22m[90m (9)[39m
[2m      Tests [22m [1m[31m53 failed[39m[22m[2m | [22m[1m[32m91 passed[39m[22m[90m (144)[39m
[2m   Start at [22m 19:50:06
[2m   Duration [22m 3.25s[2m (transform 623ms, setup 5.79s, collect 7.52s, tests 3.93s, environment 2ms, prepare 1.57s)[22m

ΓÇëELIFECYCLEΓÇë Test failed. See above for more details.
