
[1m[7m[36m RUN [39m[27m[22m [36mv2.1.9 [39m[90mD:/UIT_COURSES/SE100/DailyDesk/backend[39m

node.exe : 
[90mstderr[2m | tes
ts/cards/cards.test.t
s[2m > 
[22m[2mCards API 
Integration 
Tests[2m > 
[22m[2mGET /boards/
:boardId/cards[2m > 
[22m[2mshould 
return empty array 
when board has no 
cards
At C:\Users\ASUS\AppD
ata\Roaming\npm\pnpm.
ps1:24 char:5
+     & "node$exe"  "
$basedir/node_modules
/pnpm/bin/pnpm.cjs" 
$args
+     ~~~~~~~~~~~~~~~
~~~~~~~~~~~~~~~~~~~~~
~~~~~~~~~~~~~~~~~~~~~
~~~~
    + CategoryInfo   
           : NotSpe  
  cified: ([90mst   
 derr[2m...rd ha    
s no cards:Strin    
g) [], RemoteExc    
eption
    + FullyQualified 
   ErrorId : Native  
  CommandError
 
[22m[39mError in 
boards GET cards 
route: 
DrizzleQueryError: 
Failed query: select 
"cards"."id", 
"cards"."name", "card
s"."description", 
"cards"."order", 
"cards"."cover_url", 
"cards"."cover_public
_id", "cards"."cover_
color", "cards"."cove
r_mode", 
"cards"."list_id", "c
ards"."start_date", 
"cards"."deadline", 
"cards"."due_at", "ca
rds"."due_complete", 
"cards"."reminder_min
utes", "cards"."recur
rence", "cards"."recu
rrence_day", "cards".
"recurrence_weekday",
 "cards"."latitude", 
"cards"."longitude", 
"cards"."completed", 
"cards"."is_template"
, "cards"."created_at
", "cards"."updated_a
t", "lists"."id", 
"lists"."name", 
"lists"."order", 
"lists"."board_id" 
from "cards" inner 
join "lists" on 
"cards"."list_id" = 
"lists"."id" where 
"lists"."board_id" = 
?
params: 019bc10a-afa6
-7405-9a3a-bd1ba4570b
7b
    at LibSQLPrepared
Query.queryWithCache 
(file:///D:/UIT_COURS
ES/SE100/DailyDesk/no
de_modules/[4m.pnpm
[24m/drizzle-orm@0.44
.7_@electri_5c2928a09
9a752b7e299aaadb8975a
ea/node_modules/[4ms
rc[24m/sqlite-core/s
ession.ts:80:11)
[90m    at processTi
cksAndRejections (nod
e:internal/process/ta
sk_queues:105:5)[39m
    at LibSQLPrepared
Query.values (file://
/D:/UIT_COURSES/SE100
/DailyDesk/node_modul
es/[4m.pnpm[24m/dri
zzle-orm@0.44.7_@elec
tri_5c2928a099a752b7e
299aaadb8975aea/node_
modules/[4msrc[24m/
libsql/session.ts:286
:10)
    at LibSQLPrepared
Query.all (file:///D:
/UIT_COURSES/SE100/Da
ilyDesk/node_modules/
[4m.pnpm[24m/drizzl
e-orm@0.44.7_@electri
_5c2928a099a752b7e299
aaadb8975aea/node_mod
ules/[4msrc[24m/lib
sql/session.ts:214:16
)
    at Module.getCard
sForBoard [90m(D:\UI
T_COURSES\SE100\Daily
Desk\backend\[39msrc
\services\boards.serv
ice.ts:388:17[90m)[
39m
    at [90mD:\UIT_CO
URSES\SE100\DailyDesk
\backend\[39msrc\rou
tes\boards.ts:346:23
    at dispatch (file
:///D:/UIT_COURSES/SE
100/DailyDesk/node_mo
dules/[4m.pnpm[24m/
hono@4.11.3/node_modu
les/[4mhono[24m/dis
t/compose.js:22:17)
    at file:///D:/UIT
_COURSES/SE100/DailyD
esk/node_modules/[4m
.pnpm[24m/hono@4.11.
3/node_modules/[4mho
no[24m/dist/validato
r/validator.js:81:12
    at dispatch (file
:///D:/UIT_COURSES/SE
100/DailyDesk/node_mo
dules/[4m.pnpm[24m/
hono@4.11.3/node_modu
les/[4mhono[24m/dis
t/compose.js:22:17)
    at [90mD:\UIT_CO
URSES\SE100\DailyDesk
\backend\[39mtests\h
elpers\auth.ts:27:5 {
  query: 
[32m'select 
"cards"."id", 
"cards"."name", "card
s"."description", 
"cards"."order", 
"cards"."cover_url", 
"cards"."cover_public
_id", "cards"."cover_
color", "cards"."cove
r_mode", 
"cards"."list_id", "c
ards"."start_date", 
"cards"."deadline", 
"cards"."due_at", "ca
rds"."due_complete", 
"cards"."reminder_min
utes", "cards"."recur
rence", "cards"."recu
rrence_day", "cards".
"recurrence_weekday",
 "cards"."latitude", 
"cards"."longitude", 
"cards"."completed", 
"cards"."is_template"
, "cards"."created_at
", "cards"."updated_a
t", "lists"."id", 
"lists"."name", 
"lists"."order", 
"lists"."board_id" 
from "cards" inner 
join "lists" on 
"cards"."list_id" = 
"lists"."id" where 
"lists"."board_id" = 
?'[39m,
  params: [ [32m'019
bc10a-afa6-7405-9a3a-
bd1ba4570b7b'[39m ],
  cause: 
LibsqlError: 
SQLITE_ERROR: no 
such column: 
cards.is_template
      at 
mapSqliteError (file:
///D:/UIT_COURSES/SE1
00/DailyDesk/node_mod
ules/[4m.pnpm[24m/@
libsql+client@0.15.15
/node_modules/[4m@li
bsql[24m/client/lib-
esm/sqlite3.js:392:16
)
      at executeStmt 
(file:///D:/UIT_COURS
ES/SE100/DailyDesk/no
de_modules/[4m.pnpm
[24m/@libsql+client@0
.15.15/node_modules/
[4m@libsql[24m/clien
t/lib-esm/sqlite3.js:
297:15)
      at Sqlite3Clien
t.execute (file:///D:
/UIT_COURSES/SE100/Da
ilyDesk/node_modules/
[4m.pnpm[24m/@libsq
l+client@0.15.15/node
_modules/[4m@libsql
[24m/client/lib-esm/s
qlite3.js:81:16)
  [90m    ... 5 
lines matching cause 
stack trace ...[39m
      at SQLiteSelect
Base.execute (file://
/D:/UIT_COURSES/SE100
/DailyDesk/node_modul
es/[4m.pnpm[24m/dri
zzle-orm@0.44.7_@elec
tri_5c2928a099a752b7e
299aaadb8975aea/node_
modules/[4msrc[24m/
sqlite-core/query-bui
lders/select.ts:962:1
5)
      at SQLiteSelect
Base.then (file:///D:
/UIT_COURSES/SE100/Da
ilyDesk/node_modules/
[4m.pnpm[24m/drizzl
e-orm@0.44.7_@electri
_5c2928a099a752b7e299
aaadb8975aea/node_mod
ules/[4msrc[24m/que
ry-promise.ts:31:15) 
{
    code: [32m'SQLIT
E_ERROR'[39m,
    rawCode: 
[33m1[39m,
    [cause]: 
SqliteError: no such 
column: 
cards.is_template
        at 
convertError (D:\UIT_
COURSES\SE100\DailyDe
sk\node_modules\[4m.
pnpm[24m\libsql@0.5.
22\node_modules\[4ml
ibsql[24m\index.js:5
9:12)
        at 
Database.prepare (D:\
UIT_COURSES\SE100\Dai
lyDesk\node_modules\
[4m.pnpm[24m\libsql@
0.5.22\node_modules\
[4mlibsql[24m\index.
js:131:13)
        at 
executeStmt (file:///
D:/UIT_COURSES/SE100/
DailyDesk/node_module
s/[4m.pnpm[24m/@lib
sql+client@0.15.15/no
de_modules/[4m@libsq
l[24m/client/lib-esm
/sqlite3.js:268:28)
        at Sqlite3Cli
ent.execute (file:///
D:/UIT_COURSES/SE100/
DailyDesk/node_module
s/[4m.pnpm[24m/@lib
sql+client@0.15.15/no
de_modules/[4m@libsq
l[24m/client/lib-esm
/sqlite3.js:81:16)
        at file:///D:
/UIT_COURSES/SE100/Da
ilyDesk/node_modules/
[4m.pnpm[24m/drizzl
e-orm@0.44.7_@electri
_5c2928a099a752b7e299
aaadb8975aea/node_mod
ules/[4msrc[24m/lib
sql/session.ts:288:58
        at LibSQLPrep
aredQuery.queryWithCa
che (file:///D:/UIT_C
OURSES/SE100/DailyDes
k/node_modules/[4m.p
npm[24m/drizzle-orm@
0.44.7_@electri_5c292
8a099a752b7e299aaadb8
975aea/node_modules/
[4msrc[24m/sqlite-co
re/session.ts:78:18)
        at LibSQLPrep
aredQuery.values (fil
e:///D:/UIT_COURSES/S
E100/DailyDesk/node_m
odules/[4m.pnpm[24m
/drizzle-orm@0.44.7_@
electri_5c2928a099a75
2b7e299aaadb8975aea/n
ode_modules/[4msrc[
24m/libsql/session.ts
:286:21)
        at LibSQLPrep
aredQuery.all (file:/
//D:/UIT_COURSES/SE10
0/DailyDesk/node_modu
les/[4m.pnpm[24m/dr
izzle-orm@0.44.7_@ele
ctri_5c2928a099a752b7
e299aaadb8975aea/node
_modules/[4msrc[24m
/libsql/session.ts:21
4:27)
        at 
SQLiteSelectBase.all 
(file:///D:/UIT_COURS
ES/SE100/DailyDesk/no
de_modules/[4m.pnpm
[24m/drizzle-orm@0.44
.7_@electri_5c2928a09
9a752b7e299aaadb8975a
ea/node_modules/[4ms
rc[24m/sqlite-core/q
uery-builders/select.
ts:950:26)
        at SQLiteSele
ctBase.execute (file:
///D:/UIT_COURSES/SE1
00/DailyDesk/node_mod
ules/[4m.pnpm[24m/d
rizzle-orm@0.44.7_@el
ectri_5c2928a099a752b
7e299aaadb8975aea/nod
e_modules/[4msrc[24
m/sqlite-core/query-b
uilders/select.ts:962
:15) {
      code: [32m'SQL
ITE_ERROR'[39m,
      rawCode: 
[33m1[39m
    }
  }
}

[90mstderr[2m | tes
ts/cards/cards.test.t
s[2m > 
[22m[2mCards API 
Integration 
Tests[2m > 
[22m[2mGET /boards/
:boardId/cards[2m > 
[22m[2mshould 
return all cards for 
a board
[22m[39mDrizzleQuer
yError: Failed 
query: select "id", 
"name", 
"description", 
"order", 
"cover_url", 
"cover_public_id", 
"cover_color", 
"cover_mode", 
"list_id", 
"start_date", 
"deadline", 
"due_at", 
"due_complete", 
"reminder_minutes", 
"recurrence", 
"recurrence_day", "re
currence_weekday", 
"latitude", 
"longitude", 
"completed", 
"is_template", 
"created_at", 
"updated_at" from 
"cards" where 
"cards"."list_id" = ?
params: 019bc10a-afd6
-7b92-aa3d-f508564d77
5e
    at LibSQLPrepared
Query.queryWithCache 
(file:///D:/UIT_COURS
ES/SE100/DailyDesk/no
de_modules/[4m.pnpm
[24m/drizzle-orm@0.44
.7_@electri_5c2928a09
9a752b7e299aaadb8975a
ea/node_modules/[4ms
rc[24m/sqlite-core/s
ession.ts:80:11)
[90m    at processTi
cksAndRejections (nod
e:internal/process/ta
sk_queues:105:5)[39m
    at LibSQLPrepared
Query.values (file://
/D:/UIT_COURSES/SE100
/DailyDesk/node_modul
es/[4m.pnpm[24m/dri
zzle-orm@0.44.7_@elec
tri_5c2928a099a752b7e
299aaadb8975aea/node_
modules/[4msrc[24m/
libsql/session.ts:286
:10)
    at LibSQLPrepared
Query.all (file:///D:
/UIT_COURSES/SE100/Da
ilyDesk/node_modules/
[4m.pnpm[24m/drizzl
e-orm@0.44.7_@electri
_5c2928a099a752b7e299
aaadb8975aea/node_mod
ules/[4msrc[24m/lib
sql/session.ts:214:16
)
    at 
Module.createCard [9
0m(D:\UIT_COURSES\SE1
00\DailyDesk\backend\
[39msrc\services\car
ds.service.ts:311:23
[90m)[39m
    at [90mD:\UIT_CO
URSES\SE100\DailyDesk
\backend\[39msrc\rou
tes\cards.ts:150:22
    at dispatch (file
:///D:/UIT_COURSES/SE
100/DailyDesk/node_mo
dules/[4m.pnpm[24m/
hono@4.11.3/node_modu
les/[4mhono[24m/dis
t/compose.js:22:17)
    at file:///D:/UIT
_COURSES/SE100/DailyD
esk/node_modules/[4m
.pnpm[24m/hono@4.11.
3/node_modules/[4mho
no[24m/dist/validato
r/validator.js:81:12
    at mw (file:///D:
/UIT_COURSES/SE100/Da
ilyDesk/node_modules/
[4m.pnpm[24m/@hono+
zod-openapi@1.2.0_hon
o@4.11.3_zod@4.3.5/no
de_modules/[4m@hono
[24m/zod-openapi/src/
index.ts:546:26)
    at dispatch (file
:///D:/UIT_COURSES/SE
100/DailyDesk/node_mo
dules/[4m.pnpm[24m/
hono@4.11.3/node_modu
les/[4mhono[24m/dis
t/compose.js:22:17) {
  query: 
[32m'select "id", 
"name", 
"description", 
"order", 
"cover_url", 
"cover_public_id", 
"cover_color", 
"cover_mode", 
"list_id", 
"start_date", 
"deadline", 
"due_at", 
"due_complete", 
"reminder_minutes", 
"recurrence", 
"recurrence_day", "re
currence_weekday", 
"latitude", 
"longitude", 
"completed", 
"is_template", 
"created_at", 
"updated_at" from 
"cards" where 
"cards"."list_id" = 
?'[39m,
  params: [ [32m'019
bc10a-afd6-7b92-aa3d-
f508564d775e'[39m ],
  cause: 
LibsqlError: 
SQLITE_ERROR: no 
such column: 
is_template
      at 
mapSqliteError (file:
///D:/UIT_COURSES/SE1
00/DailyDesk/node_mod
ules/[4m.pnpm[24m/@
libsql+client@0.15.15
/node_modules/[4m@li
bsql[24m/client/lib-
esm/sqlite3.js:392:16
)
      at executeStmt 
(file:///D:/UIT_COURS
ES/SE100/DailyDesk/no
de_modules/[4m.pnpm
[24m/@libsql+client@0
.15.15/node_modules/
[4m@libsql[24m/clien
t/lib-esm/sqlite3.js:
297:15)
      at Sqlite3Clien
t.execute (file:///D:
/UIT_COURSES/SE100/Da
ilyDesk/node_modules/
[4m.pnpm[24m/@libsq
l+client@0.15.15/node
_modules/[4m@libsql
[24m/client/lib-esm/s
qlite3.js:81:16)
  [90m    ... 5 
lines matching cause 
stack trace ...[39m
      at SQLiteSelect
Base.execute (file://
/D:/UIT_COURSES/SE100
/DailyDesk/node_modul
es/[4m.pnpm[24m/dri
zzle-orm@0.44.7_@elec
tri_5c2928a099a752b7e
299aaadb8975aea/node_
modules/[4msrc[24m/
sqlite-core/query-bui
lders/select.ts:962:1
5)
      at SQLiteSelect
Base.then (file:///D:
/UIT_COURSES/SE100/Da
ilyDesk/node_modules/
[4m.pnpm[24m/drizzl
e-orm@0.44.7_@electri
_5c2928a099a752b7e299
aaadb8975aea/node_mod
ules/[4msrc[24m/que
ry-promise.ts:31:15) 
{
    code: [32m'SQLIT
E_ERROR'[39m,
    rawCode: 
[33m1[39m,
    [cause]: 
SqliteError: no such 
column: is_template
        at 
convertError (D:\UIT_
COURSES\SE100\DailyDe
sk\node_modules\[4m.
pnpm[24m\libsql@0.5.
22\node_modules\[4ml
ibsql[24m\index.js:5
9:12)
        at 
Database.prepare (D:\
UIT_COURSES\SE100\Dai
lyDesk\node_modules\
[4m.pnpm[24m\libsql@
0.5.22\node_modules\
[4mlibsql[24m\index.
js:131:13)
        at 
executeStmt (file:///
D:/UIT_COURSES/SE100/
DailyDesk/node_module
s/[4m.pnpm[24m/@lib
sql+client@0.15.15/no
de_modules/[4m@libsq
l[24m/client/lib-esm
/sqlite3.js:268:28)
        at Sqlite3Cli
ent.execute (file:///
D:/UIT_COURSES/SE100/
DailyDesk/node_module
s/[4m.pnpm[24m/@lib
sql+client@0.15.15/no
de_modules/[4m@libsq
l[24m/client/lib-esm
/sqlite3.js:81:16)
        at file:///D:
/UIT_COURSES/SE100/Da
ilyDesk/node_modules/
[4m.pnpm[24m/drizzl
e-orm@0.44.7_@electri
_5c2928a099a752b7e299
aaadb8975aea/node_mod
ules/[4msrc[24m/lib
sql/session.ts:288:58
        at LibSQLPrep
aredQuery.queryWithCa
che (file:///D:/UIT_C
OURSES/SE100/DailyDes
k/node_modules/[4m.p
npm[24m/drizzle-orm@
0.44.7_@electri_5c292
8a099a752b7e299aaadb8
975aea/node_modules/
[4msrc[24m/sqlite-co
re/session.ts:78:18)
        at LibSQLPrep
aredQuery.values (fil
e:///D:/UIT_COURSES/S
E100/DailyDesk/node_m
odules/[4m.pnpm[24m
/drizzle-orm@0.44.7_@
electri_5c2928a099a75
2b7e299aaadb8975aea/n
ode_modules/[4msrc[
24m/libsql/session.ts
:286:21)
        at LibSQLPrep
aredQuery.all (file:/
//D:/UIT_COURSES/SE10
0/DailyDesk/node_modu
les/[4m.pnpm[24m/dr
izzle-orm@0.44.7_@ele
ctri_5c2928a099a752b7
e299aaadb8975aea/node
_modules/[4msrc[24m
/libsql/session.ts:21
4:27)
        at 
SQLiteSelectBase.all 
(file:///D:/UIT_COURS
ES/SE100/DailyDesk/no
de_modules/[4m.pnpm
[24m/drizzle-orm@0.44
.7_@electri_5c2928a09
9a752b7e299aaadb8975a
ea/node_modules/[4ms
rc[24m/sqlite-core/q
uery-builders/select.
ts:950:26)
        at SQLiteSele
ctBase.execute (file:
///D:/UIT_COURSES/SE1
00/DailyDesk/node_mod
ules/[4m.pnpm[24m/d
rizzle-orm@0.44.7_@el
ectri_5c2928a099a752b
7e299aaadb8975aea/nod
e_modules/[4msrc[24
m/sqlite-core/query-b
uilders/select.ts:962
:15) {
      code: [32m'SQL
ITE_ERROR'[39m,
      rawCode: 
[33m1[39m
    }
  }
}
DrizzleQueryError: 
Failed query: select 
"id", "name", 
"description", 
"order", 
"cover_url", 
"cover_public_id", 
"cover_color", 
"cover_mode", 
"list_id", 
"start_date", 
"deadline", 
"due_at", 
"due_complete", 
"reminder_minutes", 
"recurrence", 
"recurrence_day", "re
currence_weekday", 
"latitude", 
"longitude", 
"completed", 
"is_template", 
"created_at", 
"updated_at" from 
"cards" where 
"cards"."list_id" = ?
params: 019bc10a-afd6
-7b92-aa3d-f508564d77
5e
    at LibSQLPrepared
Query.queryWithCache 
(file:///D:/UIT_COURS
ES/SE100/DailyDesk/no
de_modules/[4m.pnpm
[24m/drizzle-orm@0.44
.7_@electri_5c2928a09
9a752b7e299aaadb8975a
ea/node_modules/[4ms
rc[24m/sqlite-core/s
ession.ts:80:11)
[90m    at processTi
cksAndRejections (nod
e:internal/process/ta
sk_queues:105:5)[39m
    at LibSQLPrepared
Query.values (file://
/D:/UIT_COURSES/SE100
/DailyDesk/node_modul
es/[4m.pnpm[24m/dri
zzle-orm@0.44.7_@elec
tri_5c2928a099a752b7e
299aaadb8975aea/node_
modules/[4msrc[24m/
libsql/session.ts:286
:10)
    at LibSQLPrepared
Query.all (file:///D:
/UIT_COURSES/SE100/Da
ilyDesk/node_modules/
[4m.pnpm[24m/drizzl
e-orm@0.44.7_@electri
_5c2928a099a752b7e299
aaadb8975aea/node_mod
ules/[4msrc[24m/lib
sql/session.ts:214:16
)
    at 
Module.createCard [9
0m(D:\UIT_COURSES\SE1
00\DailyDesk\backend\
[39msrc\services\car
ds.service.ts:311:23
[90m)[39m
    at [90mD:\UIT_CO
URSES\SE100\DailyDesk
\backend\[39msrc\rou
tes\cards.ts:150:22
    at dispatch (file
:///D:/UIT_COURSES/SE
100/DailyDesk/node_mo
dules/[4m.pnpm[24m/
hono@4.11.3/node_modu
les/[4mhono[24m/dis
t/compose.js:22:17)
    at file:///D:/UIT
_COURSES/SE100/DailyD
esk/node_modules/[4m
.pnpm[24m/hono@4.11.
3/node_modules/[4mho
no[24m/dist/validato
r/validator.js:81:12
    at mw (file:///D:
/UIT_COURSES/SE100/Da
ilyDesk/node_modules/
[4m.pnpm[24m/@hono+
zod-openapi@1.2.0_hon
o@4.11.3_zod@4.3.5/no
de_modules/[4m@hono
[24m/zod-openapi/src/
index.ts:546:26)
    at dispatch (file
:///D:/UIT_COURSES/SE
100/DailyDesk/node_mo
dules/[4m.pnpm[24m/
hono@4.11.3/node_modu
les/[4mhono[24m/dis
t/compose.js:22:17) {
  query: 
[32m'select "id", 
"name", 
"description", 
"order", 
"cover_url", 
"cover_public_id", 
"cover_color", 
"cover_mode", 
"list_id", 
"start_date", 
"deadline", 
"due_at", 
"due_complete", 
"reminder_minutes", 
"recurrence", 
"recurrence_day", "re
currence_weekday", 
"latitude", 
"longitude", 
"completed", 
"is_template", 
"created_at", 
"updated_at" from 
"cards" where 
"cards"."list_id" = 
?'[39m,
  params: [ [32m'019
bc10a-afd6-7b92-aa3d-
f508564d775e'[39m ],
  cause: 
LibsqlError: 
SQLITE_ERROR: no 
such column: 
is_template
      at 
mapSqliteError (file:
///D:/UIT_COURSES/SE1
00/DailyDesk/node_mod
ules/[4m.pnpm[24m/@
libsql+client@0.15.15
/node_modules/[4m@li
bsql[24m/client/lib-
esm/sqlite3.js:392:16
)
      at executeStmt 
(file:///D:/UIT_COURS
ES/SE100/DailyDesk/no
de_modules/[4m.pnpm
[24m/@libsql+client@0
.15.15/node_modules/
[4m@libsql[24m/clien
t/lib-esm/sqlite3.js:
297:15)
      at Sqlite3Clien
t.execute (file:///D:
/UIT_COURSES/SE100/Da
ilyDesk/node_modules/
[4m.pnpm[24m/@libsq
l+client@0.15.15/node
_modules/[4m@libsql
[24m/client/lib-esm/s
qlite3.js:81:16)
  [90m    ... 5 
lines matching cause 
stack trace ...[39m
      at SQLiteSelect
Base.execute (file://
/D:/UIT_COURSES/SE100
/DailyDesk/node_modul
es/[4m.pnpm[24m/dri
zzle-orm@0.44.7_@elec
tri_5c2928a099a752b7e
299aaadb8975aea/node_
modules/[4msrc[24m/
sqlite-core/query-bui
lders/select.ts:962:1
5)
      at SQLiteSelect
Base.then (file:///D:
/UIT_COURSES/SE100/Da
ilyDesk/node_modules/
[4m.pnpm[24m/drizzl
e-orm@0.44.7_@electri
_5c2928a099a752b7e299
aaadb8975aea/node_mod
ules/[4msrc[24m/que
ry-promise.ts:31:15) 
{
    code: [32m'SQLIT
E_ERROR'[39m,
    rawCode: 
[33m1[39m,
    [cause]: 
SqliteError: no such 
column: is_template
        at 
convertError (D:\UIT_
COURSES\SE100\DailyDe
sk\node_modules\[4m.
pnpm[24m\libsql@0.5.
22\node_modules\[4ml
ibsql[24m\index.js:5
9:12)
        at 
Database.prepare (D:\
UIT_COURSES\SE100\Dai
lyDesk\node_modules\
[4m.pnpm[24m\libsql@
0.5.22\node_modules\
[4mlibsql[24m\index.
js:131:13)
        at 
executeStmt (file:///
D:/UIT_COURSES/SE100/
DailyDesk/node_module
s/[4m.pnpm[24m/@lib
sql+client@0.15.15/no
de_modules/[4m@libsq
l[24m/client/lib-esm
/sqlite3.js:268:28)
        at Sqlite3Cli
ent.execute (file:///
D:/UIT_COURSES/SE100/
DailyDesk/node_module
s/[4m.pnpm[24m/@lib
sql+client@0.15.15/no
de_modules/[4m@libsq
l[24m/client/lib-esm
/sqlite3.js:81:16)
        at file:///D:
/UIT_COURSES/SE100/Da
ilyDesk/node_modules/
[4m.pnpm[24m/drizzl
e-orm@0.44.7_@electri
_5c2928a099a752b7e299
aaadb8975aea/node_mod
ules/[4msrc[24m/lib
sql/session.ts:288:58
        at LibSQLPrep
aredQuery.queryWithCa
che (file:///D:/UIT_C
OURSES/SE100/DailyDes
k/node_modules/[4m.p
npm[24m/drizzle-orm@
0.44.7_@electri_5c292
8a099a752b7e299aaadb8
975aea/node_modules/
[4msrc[24m/sqlite-co
re/session.ts:78:18)
        at LibSQLPrep
aredQuery.values (fil
e:///D:/UIT_COURSES/S
E100/DailyDesk/node_m
odules/[4m.pnpm[24m
/drizzle-orm@0.44.7_@
electri_5c2928a099a75
2b7e299aaadb8975aea/n
ode_modules/[4msrc[
24m/libsql/session.ts
:286:21)
        at LibSQLPrep
aredQuery.all (file:/
//D:/UIT_COURSES/SE10
0/DailyDesk/node_modu
les/[4m.pnpm[24m/dr
izzle-orm@0.44.7_@ele
ctri_5c2928a099a752b7
e299aaadb8975aea/node
_modules/[4msrc[24m
/libsql/session.ts:21
4:27)
        at 
SQLiteSelectBase.all 
(file:///D:/UIT_COURS
ES/SE100/DailyDesk/no
de_modules/[4m.pnpm
[24m/drizzle-orm@0.44
.7_@electri_5c2928a09
9a752b7e299aaadb8975a
ea/node_modules/[4ms
rc[24m/sqlite-core/q
uery-builders/select.
ts:950:26)
        at SQLiteSele
ctBase.execute (file:
///D:/UIT_COURSES/SE1
00/DailyDesk/node_mod
ules/[4m.pnpm[24m/d
rizzle-orm@0.44.7_@el
ectri_5c2928a099a752b
7e299aaadb8975aea/nod
e_modules/[4msrc[24
m/sqlite-core/query-b
uilders/select.ts:962
:15) {
      code: [32m'SQL
ITE_ERROR'[39m,
      rawCode: 
[33m1[39m
    }
  }
}
Error in boards GET 
cards route: 
DrizzleQueryError: 
Failed query: select 
"cards"."id", 
"cards"."name", "card
s"."description", 
"cards"."order", 
"cards"."cover_url", 
"cards"."cover_public
_id", "cards"."cover_
color", "cards"."cove
r_mode", 
"cards"."list_id", "c
ards"."start_date", 
"cards"."deadline", 
"cards"."due_at", "ca
rds"."due_complete", 
"cards"."reminder_min
utes", "cards"."recur
rence", "cards"."recu
rrence_day", "cards".
"recurrence_weekday",
 "cards"."latitude", 
"cards"."longitude", 
"cards"."completed", 
"cards"."is_template"
, "cards"."created_at
", "cards"."updated_a
t", "lists"."id", 
"lists"."name", 
"lists"."order", 
"lists"."board_id" 
from "cards" inner 
join "lists" on 
"cards"."list_id" = 
"lists"."id" where 
"lists"."board_id" = 
?
params: 019bc10a-afcf
-7534-8c14-df2b6e1be4
e0
    at LibSQLPrepared
Query.queryWithCache 
(file:///D:/UIT_COURS
ES/SE100/DailyDesk/no
de_modules/[4m.pnpm
[24m/drizzle-orm@0.44
.7_@electri_5c2928a09
9a752b7e299aaadb8975a
ea/node_modules/[4ms
rc[24m/sqlite-core/s
ession.ts:80:11)
[90m    at processTi
cksAndRejections (nod
e:internal/process/ta
sk_queues:105:5)[39m
    at LibSQLPrepared
Query.values (file://
/D:/UIT_COURSES/SE100
/DailyDesk/node_modul
es/[4m.pnpm[24m/dri
zzle-orm@0.44.7_@elec
tri_5c2928a099a752b7e
299aaadb8975aea/node_
modules/[4msrc[24m/
libsql/session.ts:286
:10)
    at LibSQLPrepared
Query.all (file:///D:
/UIT_COURSES/SE100/Da
ilyDesk/node_modules/
[4m.pnpm[24m/drizzl
e-orm@0.44.7_@electri
_5c2928a099a752b7e299
aaadb8975aea/node_mod
ules/[4msrc[24m/lib
sql/session.ts:214:16
)
    at Module.getCard
sForBoard [90m(D:\UI
T_COURSES\SE100\Daily
Desk\backend\[39msrc
\services\boards.serv
ice.ts:388:17[90m)[
39m
    at [90mD:\UIT_CO
URSES\SE100\DailyDesk
\backend\[39msrc\rou
tes\boards.ts:346:23
    at dispatch (file
:///D:/UIT_COURSES/SE
100/DailyDesk/node_mo
dules/[4m.pnpm[24m/
hono@4.11.3/node_modu
les/[4mhono[24m/dis
t/compose.js:22:17)
    at file:///D:/UIT
_COURSES/SE100/DailyD
esk/node_modules/[4m
.pnpm[24m/hono@4.11.
3/node_modules/[4mho
no[24m/dist/validato
r/validator.js:81:12
    at dispatch (file
:///D:/UIT_COURSES/SE
100/DailyDesk/node_mo
dules/[4m.pnpm[24m/
hono@4.11.3/node_modu
les/[4mhono[24m/dis
t/compose.js:22:17)
    at [90mD:\UIT_CO
URSES\SE100\DailyDesk
\backend\[39mtests\h
elpers\auth.ts:27:5 {
  query: 
[32m'select 
"cards"."id", 
"cards"."name", "card
s"."description", 
"cards"."order", 
"cards"."cover_url", 
"cards"."cover_public
_id", "cards"."cover_
color", "cards"."cove
r_mode", 
"cards"."list_id", "c
ards"."start_date", 
"cards"."deadline", 
"cards"."due_at", "ca
rds"."due_complete", 
"cards"."reminder_min
utes", "cards"."recur
rence", "cards"."recu
rrence_day", "cards".
"recurrence_weekday",
 "cards"."latitude", 
"cards"."longitude", 
"cards"."completed", 
"cards"."is_template"
, "cards"."created_at
", "cards"."updated_a
t", "lists"."id", 
"lists"."name", 
"lists"."order", 
"lists"."board_id" 
from "cards" inner 
join "lists" on 
"cards"."list_id" = 
"lists"."id" where 
"lists"."board_id" = 
?'[39m,
  params: [ [32m'019
bc10a-afcf-7534-8c14-
df2b6e1be4e0'[39m ],
  cause: 
LibsqlError: 
SQLITE_ERROR: no 
such column: 
cards.is_template
      at 
mapSqliteError (file:
///D:/UIT_COURSES/SE1
00/DailyDesk/node_mod
ules/[4m.pnpm[24m/@
libsql+client@0.15.15
/node_modules/[4m@li
bsql[24m/client/lib-
esm/sqlite3.js:392:16
)
      at executeStmt 
(file:///D:/UIT_COURS
ES/SE100/DailyDesk/no
de_modules/[4m.pnpm
[24m/@libsql+client@0
.15.15/node_modules/
[4m@libsql[24m/clien
t/lib-esm/sqlite3.js:
297:15)
      at Sqlite3Clien
t.execute (file:///D:
/UIT_COURSES/SE100/Da
ilyDesk/node_modules/
[4m.pnpm[24m/@libsq
l+client@0.15.15/node
_modules/[4m@libsql
[24m/client/lib-esm/s
qlite3.js:81:16)
  [90m    ... 5 
lines matching cause 
stack trace ...[39m
      at SQLiteSelect
Base.execute (file://
/D:/UIT_COURSES/SE100
/DailyDesk/node_modul
es/[4m.pnpm[24m/dri
zzle-orm@0.44.7_@elec
tri_5c2928a099a752b7e
299aaadb8975aea/node_
modules/[4msrc[24m/
sqlite-core/query-bui
lders/select.ts:962:1
5)
      at SQLiteSelect
Base.then (file:///D:
/UIT_COURSES/SE100/Da
ilyDesk/node_modules/
[4m.pnpm[24m/drizzl
e-orm@0.44.7_@electri
_5c2928a099a752b7e299
aaadb8975aea/node_mod
ules/[4msrc[24m/que
ry-promise.ts:31:15) 
{
    code: [32m'SQLIT
E_ERROR'[39m,
    rawCode: 
[33m1[39m,
    [cause]: 
SqliteError: no such 
column: 
cards.is_template
        at 
convertError (D:\UIT_
COURSES\SE100\DailyDe
sk\node_modules\[4m.
pnpm[24m\libsql@0.5.
22\node_modules\[4ml
ibsql[24m\index.js:5
9:12)
        at 
Database.prepare (D:\
UIT_COURSES\SE100\Dai
lyDesk\node_modules\
[4m.pnpm[24m\libsql@
0.5.22\node_modules\
[4mlibsql[24m\index.
js:131:13)
        at 
executeStmt (file:///
D:/UIT_COURSES/SE100/
DailyDesk/node_module
s/[4m.pnpm[24m/@lib
sql+client@0.15.15/no
de_modules/[4m@libsq
l[24m/client/lib-esm
/sqlite3.js:268:28)
        at Sqlite3Cli
ent.execute (file:///
D:/UIT_COURSES/SE100/
DailyDesk/node_module
s/[4m.pnpm[24m/@lib
sql+client@0.15.15/no
de_modules/[4m@libsq
l[24m/client/lib-esm
/sqlite3.js:81:16)
        at file:///D:
/UIT_COURSES/SE100/Da
ilyDesk/node_modules/
[4m.pnpm[24m/drizzl
e-orm@0.44.7_@electri
_5c2928a099a752b7e299
aaadb8975aea/node_mod
ules/[4msrc[24m/lib
sql/session.ts:288:58
        at LibSQLPrep
aredQuery.queryWithCa
che (file:///D:/UIT_C
OURSES/SE100/DailyDes
k/node_modules/[4m.p
npm[24m/drizzle-orm@
0.44.7_@electri_5c292
8a099a752b7e299aaadb8
975aea/node_modules/
[4msrc[24m/sqlite-co
re/session.ts:78:18)
        at LibSQLPrep
aredQuery.values (fil
e:///D:/UIT_COURSES/S
E100/DailyDesk/node_m
odules/[4m.pnpm[24m
/drizzle-orm@0.44.7_@
electri_5c2928a099a75
2b7e299aaadb8975aea/n
ode_modules/[4msrc[
24m/libsql/session.ts
:286:21)
        at LibSQLPrep
aredQuery.all (file:/
//D:/UIT_COURSES/SE10
0/DailyDesk/node_modu
les/[4m.pnpm[24m/dr
izzle-orm@0.44.7_@ele
ctri_5c2928a099a752b7
e299aaadb8975aea/node
_modules/[4msrc[24m
/libsql/session.ts:21
4:27)
        at 
SQLiteSelectBase.all 
(file:///D:/UIT_COURS
ES/SE100/DailyDesk/no
de_modules/[4m.pnpm
[24m/drizzle-orm@0.44
.7_@electri_5c2928a09
9a752b7e299aaadb8975a
ea/node_modules/[4ms
rc[24m/sqlite-core/q
uery-builders/select.
ts:950:26)
        at SQLiteSele
ctBase.execute (file:
///D:/UIT_COURSES/SE1
00/DailyDesk/node_mod
ules/[4m.pnpm[24m/d
rizzle-orm@0.44.7_@el
ectri_5c2928a099a752b
7e299aaadb8975aea/nod
e_modules/[4msrc[24
m/sqlite-core/query-b
uilders/select.ts:962
:15) {
      code: [32m'SQL
ITE_ERROR'[39m,
      rawCode: 
[33m1[39m
    }
  }
}

[90mstderr[2m | tes
ts/cards/cards.test.t
s[2m > 
[22m[2mCards API 
Integration 
Tests[2m > 
[22m[2mPOST /boards
/:boardId/cards[2m 
> [22m[2mshould 
create a new card
[22m[39mDrizzleQuer
yError: Failed 
query: select "id", 
"name", 
"description", 
"order", 
"cover_url", 
"cover_public_id", 
"cover_color", 
"cover_mode", 
"list_id", 
"start_date", 
"deadline", 
"due_at", 
"due_complete", 
"reminder_minutes", 
"recurrence", 
"recurrence_day", "re
currence_weekday", 
"latitude", 
"longitude", 
"completed", 
"is_template", 
"created_at", 
"updated_at" from 
"cards" where 
"cards"."list_id" = ?
params: 019bc10a-b00d
-7682-89fd-6567cf593c
8f
    at LibSQLPrepared
Query.queryWithCache 
(file:///D:/UIT_COURS
ES/SE100/DailyDesk/no
de_modules/[4m.pnpm
[24m/drizzle-orm@0.44
.7_@electri_5c2928a09
9a752b7e299aaadb8975a
ea/node_modules/[4ms
rc[24m/sqlite-core/s
ession.ts:80:11)
[90m    at processTi
cksAndRejections (nod
e:internal/process/ta
sk_queues:105:5)[39m
    at LibSQLPrepared
Query.values (file://
/D:/UIT_COURSES/SE100
/DailyDesk/node_modul
es/[4m.pnpm[24m/dri
zzle-orm@0.44.7_@elec
tri_5c2928a099a752b7e
299aaadb8975aea/node_
modules/[4msrc[24m/
libsql/session.ts:286
:10)
    at LibSQLPrepared
Query.all (file:///D:
/UIT_COURSES/SE100/Da
ilyDesk/node_modules/
[4m.pnpm[24m/drizzl
e-orm@0.44.7_@electri
_5c2928a099a752b7e299
aaadb8975aea/node_mod
ules/[4msrc[24m/lib
sql/session.ts:214:16
)
    at 
Module.createCard [9
0m(D:\UIT_COURSES\SE1
00\DailyDesk\backend\
[39msrc\services\car
ds.service.ts:311:23
[90m)[39m
    at [90mD:\UIT_CO
URSES\SE100\DailyDesk
\backend\[39msrc\rou
tes\cards.ts:150:22
    at dispatch (file
:///D:/UIT_COURSES/SE
100/DailyDesk/node_mo
dules/[4m.pnpm[24m/
hono@4.11.3/node_modu
les/[4mhono[24m/dis
t/compose.js:22:17)
    at file:///D:/UIT
_COURSES/SE100/DailyD
esk/node_modules/[4m
.pnpm[24m/hono@4.11.
3/node_modules/[4mho
no[24m/dist/validato
r/validator.js:81:12
    at mw (file:///D:
/UIT_COURSES/SE100/Da
ilyDesk/node_modules/
[4m.pnpm[24m/@hono+
zod-openapi@1.2.0_hon
o@4.11.3_zod@4.3.5/no
de_modules/[4m@hono
[24m/zod-openapi/src/
index.ts:546:26)
    at dispatch (file
:///D:/UIT_COURSES/SE
100/DailyDesk/node_mo
dules/[4m.pnpm[24m/
hono@4.11.3/node_modu
les/[4mhono[24m/dis
t/compose.js:22:17) {
  query: 
[32m'select "id", 
"name", 
"description", 
"order", 
"cover_url", 
"cover_public_id", 
"cover_color", 
"cover_mode", 
"list_id", 
"start_date", 
"deadline", 
"due_at", 
"due_complete", 
"reminder_minutes", 
"recurrence", 
"recurrence_day", "re
currence_weekday", 
"latitude", 
"longitude", 
"completed", 
"is_template", 
"created_at", 
"updated_at" from 
"cards" where 
"cards"."list_id" = 
?'[39m,
  params: [ [32m'019
bc10a-b00d-7682-89fd-
6567cf593c8f'[39m ],
  cause: 
LibsqlError: 
SQLITE_ERROR: no 
such column: 
is_template
      at 
mapSqliteError (file:
///D:/UIT_COURSES/SE1
00/DailyDesk/node_mod
ules/[4m.pnpm[24m/@
libsql+client@0.15.15
/node_modules/[4m@li
bsql[24m/client/lib-
esm/sqlite3.js:392:16
)
      at executeStmt 
(file:///D:/UIT_COURS
ES/SE100/DailyDesk/no
de_modules/[4m.pnpm
[24m/@libsql+client@0
.15.15/node_modules/
[4m@libsql[24m/clien
t/lib-esm/sqlite3.js:
297:15)
      at Sqlite3Clien
t.execute (file:///D:
/UIT_COURSES/SE100/Da
ilyDesk/node_modules/
[4m.pnpm[24m/@libsq
l+client@0.15.15/node
_modules/[4m@libsql
[24m/client/lib-esm/s
qlite3.js:81:16)
  [90m    ... 5 
lines matching cause 
stack trace ...[39m
      at SQLiteSelect
Base.execute (file://
/D:/UIT_COURSES/SE100
/DailyDesk/node_modul
es/[4m.pnpm[24m/dri
zzle-orm@0.44.7_@elec
tri_5c2928a099a752b7e
299aaadb8975aea/node_
modules/[4msrc[24m/
sqlite-core/query-bui
lders/select.ts:962:1
5)
      at SQLiteSelect
Base.then (file:///D:
/UIT_COURSES/SE100/Da
ilyDesk/node_modules/
[4m.pnpm[24m/drizzl
e-orm@0.44.7_@electri
_5c2928a099a752b7e299
aaadb8975aea/node_mod
ules/[4msrc[24m/que
ry-promise.ts:31:15) 
{
    code: [32m'SQLIT
E_ERROR'[39m,
    rawCode: 
[33m1[39m,
    [cause]: 
SqliteError: no such 
column: is_template
        at 
convertError (D:\UIT_
COURSES\SE100\DailyDe
sk\node_modules\[4m.
pnpm[24m\libsql@0.5.
22\node_modules\[4ml
ibsql[24m\index.js:5
9:12)
        at 
Database.prepare (D:\
UIT_COURSES\SE100\Dai
lyDesk\node_modules\
[4m.pnpm[24m\libsql@
0.5.22\node_modules\
[4mlibsql[24m\index.
js:131:13)
        at 
executeStmt (file:///
D:/UIT_COURSES/SE100/
DailyDesk/node_module
s/[4m.pnpm[24m/@lib
sql+client@0.15.15/no
de_modules/[4m@libsq
l[24m/client/lib-esm
/sqlite3.js:268:28)
        at Sqlite3Cli
ent.execute (file:///
D:/UIT_COURSES/SE100/
DailyDesk/node_module
s/[4m.pnpm[24m/@lib
sql+client@0.15.15/no
de_modules/[4m@libsq
l[24m/client/lib-esm
/sqlite3.js:81:16)
        at file:///D:
/UIT_COURSES/SE100/Da
ilyDesk/node_modules/
[4m.pnpm[24m/drizzl
e-orm@0.44.7_@electri
_5c2928a099a752b7e299
aaadb8975aea/node_mod
ules/[4msrc[24m/lib
sql/session.ts:288:58
        at LibSQLPrep
aredQuery.queryWithCa
che (file:///D:/UIT_C
OURSES/SE100/DailyDes
k/node_modules/[4m.p
npm[24m/drizzle-orm@
0.44.7_@electri_5c292
8a099a752b7e299aaadb8
975aea/node_modules/
[4msrc[24m/sqlite-co
re/session.ts:78:18)
        at LibSQLPrep
aredQuery.values (fil
e:///D:/UIT_COURSES/S
E100/DailyDesk/node_m
odules/[4m.pnpm[24m
/drizzle-orm@0.44.7_@
electri_5c2928a099a75
2b7e299aaadb8975aea/n
ode_modules/[4msrc[
24m/libsql/session.ts
:286:21)
        at LibSQLPrep
aredQuery.all (file:/
//D:/UIT_COURSES/SE10
0/DailyDesk/node_modu
les/[4m.pnpm[24m/dr
izzle-orm@0.44.7_@ele
ctri_5c2928a099a752b7
e299aaadb8975aea/node
_modules/[4msrc[24m
/libsql/session.ts:21
4:27)
        at 
SQLiteSelectBase.all 
(file:///D:/UIT_COURS
ES/SE100/DailyDesk/no
de_modules/[4m.pnpm
[24m/drizzle-orm@0.44
.7_@electri_5c2928a09
9a752b7e299aaadb8975a
ea/node_modules/[4ms
rc[24m/sqlite-core/q
uery-builders/select.
ts:950:26)
        at SQLiteSele
ctBase.execute (file:
///D:/UIT_COURSES/SE1
00/DailyDesk/node_mod
ules/[4m.pnpm[24m/d
rizzle-orm@0.44.7_@el
ectri_5c2928a099a752b
7e299aaadb8975aea/nod
e_modules/[4msrc[24
m/sqlite-core/query-b
uilders/select.ts:962
:15) {
      code: [32m'SQL
ITE_ERROR'[39m,
      rawCode: 
[33m1[39m
    }
  }
}

[90mstderr[2m | tes
ts/cards/cards.test.t
s[2m > 
[22m[2mCards API 
Integration 
Tests[2m > 
[22m[2mPOST /boards
/:boardId/cards[2m 
> [22m[2mshould 
create a card with 
dates
[22m[39mDrizzleQuer
yError: Failed 
query: select "id", 
"name", 
"description", 
"order", 
"cover_url", 
"cover_public_id", 
"cover_color", 
"cover_mode", 
"list_id", 
"start_date", 
"deadline", 
"due_at", 
"due_complete", 
"reminder_minutes", 
"recurrence", 
"recurrence_day", "re
currence_weekday", 
"latitude", 
"longitude", 
"completed", 
"is_template", 
"created_at", 
"updated_at" from 
"cards" where 
"cards"."list_id" = ?
params: 019bc10a-b020
-7833-bd6c-700579694f
96
    at LibSQLPrepared
Query.queryWithCache 
(file:///D:/UIT_COURS
ES/SE100/DailyDesk/no
de_modules/[4m.pnpm
[24m/drizzle-orm@0.44
.7_@electri_5c2928a09
9a752b7e299aaadb8975a
ea/node_modules/[4ms
rc[24m/sqlite-core/s
ession.ts:80:11)
[90m    at processTi
cksAndRejections (nod
e:internal/process/ta
sk_queues:105:5)[39m
    at LibSQLPrepared
Query.values (file://
/D:/UIT_COURSES/SE100
/DailyDesk/node_modul
es/[4m.pnpm[24m/dri
zzle-orm@0.44.7_@elec
tri_5c2928a099a752b7e
299aaadb8975aea/node_
modules/[4msrc[24m/
libsql/session.ts:286
:10)
    at LibSQLPrepared
Query.all (file:///D:
/UIT_COURSES/SE100/Da
ilyDesk/node_modules/
[4m.pnpm[24m/drizzl
e-orm@0.44.7_@electri
_5c2928a099a752b7e299
aaadb8975aea/node_mod
ules/[4msrc[24m/lib
sql/session.ts:214:16
)
    at 
Module.createCard [9
0m(D:\UIT_COURSES\SE1
00\DailyDesk\backend\
[39msrc\services\car
ds.service.ts:311:23
[90m)[39m
    at [90mD:\UIT_CO
URSES\SE100\DailyDesk
\backend\[39msrc\rou
tes\cards.ts:150:22
    at dispatch (file
:///D:/UIT_COURSES/SE
100/DailyDesk/node_mo
dules/[4m.pnpm[24m/
hono@4.11.3/node_modu
les/[4mhono[24m/dis
t/compose.js:22:17)
    at file:///D:/UIT
_COURSES/SE100/DailyD
esk/node_modules/[4m
.pnpm[24m/hono@4.11.
3/node_modules/[4mho
no[24m/dist/validato
r/validator.js:81:12
    at mw (file:///D:
/UIT_COURSES/SE100/Da
ilyDesk/node_modules/
[4m.pnpm[24m/@hono+
zod-openapi@1.2.0_hon
o@4.11.3_zod@4.3.5/no
de_modules/[4m@hono
[24m/zod-openapi/src/
index.ts:546:26)
    at dispatch (file
:///D:/UIT_COURSES/SE
100/DailyDesk/node_mo
dules/[4m.pnpm[24m/
hono@4.11.3/node_modu
les/[4mhono[24m/dis
t/compose.js:22:17) {
  query: 
[32m'select "id", 
"name", 
"description", 
"order", 
"cover_url", 
"cover_public_id", 
"cover_color", 
"cover_mode", 
"list_id", 
"start_date", 
"deadline", 
"due_at", 
"due_complete", 
"reminder_minutes", 
"recurrence", 
"recurrence_day", "re
currence_weekday", 
"latitude", 
"longitude", 
"completed", 
"is_template", 
"created_at", 
"updated_at" from 
"cards" where 
"cards"."list_id" = 
?'[39m,
  params: [ [32m'019
bc10a-b020-7833-bd6c-
700579694f96'[39m ],
  cause: 
LibsqlError: 
SQLITE_ERROR: no 
such column: 
is_template
      at 
mapSqliteError (file:
///D:/UIT_COURSES/SE1
00/DailyDesk/node_mod
ules/[4m.pnpm[24m/@
libsql+client@0.15.15
/node_modules/[4m@li
bsql[24m/client/lib-
esm/sqlite3.js:392:16
)
      at executeStmt 
(file:///D:/UIT_COURS
ES/SE100/DailyDesk/no
de_modules/[4m.pnpm
[24m/@libsql+client@0
.15.15/node_modules/
[4m@libsql[24m/clien
t/lib-esm/sqlite3.js:
297:15)
      at Sqlite3Clien
t.execute (file:///D:
/UIT_COURSES/SE100/Da
ilyDesk/node_modules/
[4m.pnpm[24m/@libsq
l+client@0.15.15/node
_modules/[4m@libsql
[24m/client/lib-esm/s
qlite3.js:81:16)
  [90m    ... 5 
lines matching cause 
stack trace ...[39m
      at SQLiteSelect
Base.execute (file://
/D:/UIT_COURSES/SE100
/DailyDesk/node_modul
es/[4m.pnpm[24m/dri
zzle-orm@0.44.7_@elec
tri_5c2928a099a752b7e
299aaadb8975aea/node_
modules/[4msrc[24m/
sqlite-core/query-bui
lders/select.ts:962:1
5)
      at SQLiteSelect
Base.then (file:///D:
/UIT_COURSES/SE100/Da
ilyDesk/node_modules/
[4m.pnpm[24m/drizzl
e-orm@0.44.7_@electri
_5c2928a099a752b7e299
aaadb8975aea/node_mod
ules/[4msrc[24m/que
ry-promise.ts:31:15) 
{
    code: [32m'SQLIT
E_ERROR'[39m,
    rawCode: 
[33m1[39m,
    [cause]: 
SqliteError: no such 
column: is_template
        at 
convertError (D:\UIT_
COURSES\SE100\DailyDe
sk\node_modules\[4m.
pnpm[24m\libsql@0.5.
22\node_modules\[4ml
ibsql[24m\index.js:5
9:12)
        at 
Database.prepare (D:\
UIT_COURSES\SE100\Dai
lyDesk\node_modules\
[4m.pnpm[24m\libsql@
0.5.22\node_modules\
[4mlibsql[24m\index.
js:131:13)
        at 
executeStmt (file:///
D:/UIT_COURSES/SE100/
DailyDesk/node_module
s/[4m.pnpm[24m/@lib
sql+client@0.15.15/no
de_modules/[4m@libsq
l[24m/client/lib-esm
/sqlite3.js:268:28)
        at Sqlite3Cli
ent.execute (file:///
D:/UIT_COURSES/SE100/
DailyDesk/node_module
s/[4m.pnpm[24m/@lib
sql+client@0.15.15/no
de_modules/[4m@libsq
l[24m/client/lib-esm
/sqlite3.js:81:16)
        at file:///D:
/UIT_COURSES/SE100/Da
ilyDesk/node_modules/
[4m.pnpm[24m/drizzl
e-orm@0.44.7_@electri
_5c2928a099a752b7e299
aaadb8975aea/node_mod
ules/[4msrc[24m/lib
sql/session.ts:288:58
        at LibSQLPrep
aredQuery.queryWithCa
che (file:///D:/UIT_C
OURSES/SE100/DailyDes
k/node_modules/[4m.p
npm[24m/drizzle-orm@
0.44.7_@electri_5c292
8a099a752b7e299aaadb8
975aea/node_modules/
[4msrc[24m/sqlite-co
re/session.ts:78:18)
        at LibSQLPrep
aredQuery.values (fil
e:///D:/UIT_COURSES/S
E100/DailyDesk/node_m
odules/[4m.pnpm[24m
/drizzle-orm@0.44.7_@
electri_5c2928a099a75
2b7e299aaadb8975aea/n
ode_modules/[4msrc[
24m/libsql/session.ts
:286:21)
        at LibSQLPrep
aredQuery.all (file:/
//D:/UIT_COURSES/SE10
0/DailyDesk/node_modu
les/[4m.pnpm[24m/dr
izzle-orm@0.44.7_@ele
ctri_5c2928a099a752b7
e299aaadb8975aea/node
_modules/[4msrc[24m
/libsql/session.ts:21
4:27)
        at 
SQLiteSelectBase.all 
(file:///D:/UIT_COURS
ES/SE100/DailyDesk/no
de_modules/[4m.pnpm
[24m/drizzle-orm@0.44
.7_@electri_5c2928a09
9a752b7e299aaadb8975a
ea/node_modules/[4ms
rc[24m/sqlite-core/q
uery-builders/select.
ts:950:26)
        at SQLiteSele
ctBase.execute (file:
///D:/UIT_COURSES/SE1
00/DailyDesk/node_mod
ules/[4m.pnpm[24m/d
rizzle-orm@0.44.7_@el
ectri_5c2928a099a752b
7e299aaadb8975aea/nod
e_modules/[4msrc[24
m/sqlite-core/query-b
uilders/select.ts:962
:15) {
      code: [32m'SQL
ITE_ERROR'[39m,
      rawCode: 
[33m1[39m
    }
  }
}

[90mstderr[2m | tes
ts/cards/cards.test.t
s[2m > 
[22m[2mCards API 
Integration 
Tests[2m > 
[22m[2mPOST /boards
/:boardId/cards[2m 
> [22m[2mshould 
create a card with 
location
[22m[39mDrizzleQuer
yError: Failed 
query: select "id", 
"name", 
"description", 
"order", 
"cover_url", 
"cover_public_id", 
"cover_color", 
"cover_mode", 
"list_id", 
"start_date", 
"deadline", 
"due_at", 
"due_complete", 
"reminder_minutes", 
"recurrence", 
"recurrence_day", "re
currence_weekday", 
"latitude", 
"longitude", 
"completed", 
"is_template", 
"created_at", 
"updated_at" from 
"cards" where 
"cards"."list_id" = ?
params: 019bc10a-b030
-77d3-a5eb-0f9b9eb9d6
44
    at LibSQLPrepared
Query.queryWithCache 
(file:///D:/UIT_COURS
ES/SE100/DailyDesk/no
de_modules/[4m.pnpm
[24m/drizzle-orm@0.44
.7_@electri_5c2928a09
9a752b7e299aaadb8975a
ea/node_modules/[4ms
rc[24m/sqlite-core/s
ession.ts:80:11)
[90m    at processTi
cksAndRejections (nod
e:internal/process/ta
sk_queues:105:5)[39m
    at LibSQLPrepared
Query.values (file://
/D:/UIT_COURSES/SE100
/DailyDesk/node_modul
es/[4m.pnpm[24m/dri
zzle-orm@0.44.7_@elec
tri_5c2928a099a752b7e
299aaadb8975aea/node_
modules/[4msrc[24m/
libsql/session.ts:286
:10)
    at LibSQLPrepared
Query.all (file:///D:
/UIT_COURSES/SE100/Da
ilyDesk/node_modules/
[4m.pnpm[24m/drizzl
e-orm@0.44.7_@electri
_5c2928a099a752b7e299
aaadb8975aea/node_mod
ules/[4msrc[24m/lib
sql/session.ts:214:16
)
    at 
Module.createCard [9
0m(D:\UIT_COURSES\SE1
00\DailyDesk\backend\
[39msrc\services\car
ds.service.ts:311:23
[90m)[39m
    at [90mD:\UIT_CO
URSES\SE100\DailyDesk
\backend\[39msrc\rou
tes\cards.ts:150:22
    at dispatch (file
:///D:/UIT_COURSES/SE
100/DailyDesk/node_mo
dules/[4m.pnpm[24m/
hono@4.11.3/node_modu
les/[4mhono[24m/dis
t/compose.js:22:17)
    at file:///D:/UIT
_COURSES/SE100/DailyD
esk/node_modules/[4m
.pnpm[24m/hono@4.11.
3/node_modules/[4mho
no[24m/dist/validato
r/validator.js:81:12
    at mw (file:///D:
/UIT_COURSES/SE100/Da
ilyDesk/node_modules/
[4m.pnpm[24m/@hono+
zod-openapi@1.2.0_hon
o@4.11.3_zod@4.3.5/no
de_modules/[4m@hono
[24m/zod-openapi/src/
index.ts:546:26)
    at dispatch (file
:///D:/UIT_COURSES/SE
100/DailyDesk/node_mo
dules/[4m.pnpm[24m/
hono@4.11.3/node_modu
les/[4mhono[24m/dis
t/compose.js:22:17) {
  query: 
[32m'select "id", 
"name", 
"description", 
"order", 
"cover_url", 
"cover_public_id", 
"cover_color", 
"cover_mode", 
"list_id", 
"start_date", 
"deadline", 
"due_at", 
"due_complete", 
"reminder_minutes", 
"recurrence", 
"recurrence_day", "re
currence_weekday", 
"latitude", 
"longitude", 
"completed", 
"is_template", 
"created_at", 
"updated_at" from 
"cards" where 
"cards"."list_id" = 
?'[39m,
  params: [ [32m'019
bc10a-b030-77d3-a5eb-
0f9b9eb9d644'[39m ],
  cause: 
LibsqlError: 
SQLITE_ERROR: no 
such column: 
is_template
      at 
mapSqliteError (file:
///D:/UIT_COURSES/SE1
00/DailyDesk/node_mod
ules/[4m.pnpm[24m/@
libsql+client@0.15.15
/node_modules/[4m@li
bsql[24m/client/lib-
esm/sqlite3.js:392:16
)
      at executeStmt 
(file:///D:/UIT_COURS
ES/SE100/DailyDesk/no
de_modules/[4m.pnpm
[24m/@libsql+client@0
.15.15/node_modules/
[4m@libsql[24m/clien
t/lib-esm/sqlite3.js:
297:15)
      at Sqlite3Clien
t.execute (file:///D:
/UIT_COURSES/SE100/Da
ilyDesk/node_modules/
[4m.pnpm[24m/@libsq
l+client@0.15.15/node
_modules/[4m@libsql
[24m/client/lib-esm/s
qlite3.js:81:16)
  [90m    ... 5 
lines matching cause 
stack trace ...[39m
      at SQLiteSelect
Base.execute (file://
/D:/UIT_COURSES/SE100
/DailyDesk/node_modul
es/[4m.pnpm[24m/dri
zzle-orm@0.44.7_@elec
tri_5c2928a099a752b7e
299aaadb8975aea/node_
modules/[4msrc[24m/
sqlite-core/query-bui
lders/select.ts:962:1
5)
      at SQLiteSelect
Base.then (file:///D:
/UIT_COURSES/SE100/Da
ilyDesk/node_modules/
[4m.pnpm[24m/drizzl
e-orm@0.44.7_@electri
_5c2928a099a752b7e299
aaadb8975aea/node_mod
ules/[4msrc[24m/que
ry-promise.ts:31:15) 
{
    code: [32m'SQLIT
E_ERROR'[39m,
    rawCode: 
[33m1[39m,
    [cause]: 
SqliteError: no such 
column: is_template
        at 
convertError (D:\UIT_
COURSES\SE100\DailyDe
sk\node_modules\[4m.
pnpm[24m\libsql@0.5.
22\node_modules\[4ml
ibsql[24m\index.js:5
9:12)
        at 
Database.prepare (D:\
UIT_COURSES\SE100\Dai
lyDesk\node_modules\
[4m.pnpm[24m\libsql@
0.5.22\node_modules\
[4mlibsql[24m\index.
js:131:13)
        at 
executeStmt (file:///
D:/UIT_COURSES/SE100/
DailyDesk/node_module
s/[4m.pnpm[24m/@lib
sql+client@0.15.15/no
de_modules/[4m@libsq
l[24m/client/lib-esm
/sqlite3.js:268:28)
        at Sqlite3Cli
ent.execute (file:///
D:/UIT_COURSES/SE100/
DailyDesk/node_module
s/[4m.pnpm[24m/@lib
sql+client@0.15.15/no
de_modules/[4m@libsq
l[24m/client/lib-esm
/sqlite3.js:81:16)
        at file:///D:
/UIT_COURSES/SE100/Da
ilyDesk/node_modules/
[4m.pnpm[24m/drizzl
e-orm@0.44.7_@electri
_5c2928a099a752b7e299
aaadb8975aea/node_mod
ules/[4msrc[24m/lib
sql/session.ts:288:58
        at LibSQLPrep
aredQuery.queryWithCa
che (file:///D:/UIT_C
OURSES/SE100/DailyDes
k/node_modules/[4m.p
npm[24m/drizzle-orm@
0.44.7_@electri_5c292
8a099a752b7e299aaadb8
975aea/node_modules/
[4msrc[24m/sqlite-co
re/session.ts:78:18)
        at LibSQLPrep
aredQuery.values (fil
e:///D:/UIT_COURSES/S
E100/DailyDesk/node_m
odules/[4m.pnpm[24m
/drizzle-orm@0.44.7_@
electri_5c2928a099a75
2b7e299aaadb8975aea/n
ode_modules/[4msrc[
24m/libsql/session.ts
:286:21)
        at LibSQLPrep
aredQuery.all (file:/
//D:/UIT_COURSES/SE10
0/DailyDesk/node_modu
les/[4m.pnpm[24m/dr
izzle-orm@0.44.7_@ele
ctri_5c2928a099a752b7
e299aaadb8975aea/node
_modules/[4msrc[24m
/libsql/session.ts:21
4:27)
        at 
SQLiteSelectBase.all 
(file:///D:/UIT_COURS
ES/SE100/DailyDesk/no
de_modules/[4m.pnpm
[24m/drizzle-orm@0.44
.7_@electri_5c2928a09
9a752b7e299aaadb8975a
ea/node_modules/[4ms
rc[24m/sqlite-core/q
uery-builders/select.
ts:950:26)
        at SQLiteSele
ctBase.execute (file:
///D:/UIT_COURSES/SE1
00/DailyDesk/node_mod
ules/[4m.pnpm[24m/d
rizzle-orm@0.44.7_@el
ectri_5c2928a099a752b
7e299aaadb8975aea/nod
e_modules/[4msrc[24
m/sqlite-core/query-b
uilders/select.ts:962
:15) {
      code: [32m'SQL
ITE_ERROR'[39m,
      rawCode: 
[33m1[39m
    }
  }
}

[90mstderr[2m | tes
ts/cards/cards.test.t
s[2m > 
[22m[2mCards API 
Integration 
Tests[2m > 
[22m[2mGET /boards/
:boardId/cards/:id[2
m > [22m[2mshould 
return a specific 
card
[22m[39mDrizzleQuer
yError: Failed 
query: select "id", 
"name", 
"description", 
"order", 
"cover_url", 
"cover_public_id", 
"cover_color", 
"cover_mode", 
"list_id", 
"start_date", 
"deadline", 
"due_at", 
"due_complete", 
"reminder_minutes", 
"recurrence", 
"recurrence_day", "re
currence_weekday", 
"latitude", 
"longitude", 
"completed", 
"is_template", 
"created_at", 
"updated_at" from 
"cards" where 
"cards"."list_id" = ?
params: 019bc10a-b07e
-7cf1-97d6-2ef891eea4
07
    at LibSQLPrepared
Query.queryWithCache 
(file:///D:/UIT_COURS
ES/SE100/DailyDesk/no
de_modules/[4m.pnpm
[24m/drizzle-orm@0.44
.7_@electri_5c2928a09
9a752b7e299aaadb8975a
ea/node_modules/[4ms
rc[24m/sqlite-core/s
ession.ts:80:11)
[90m    at processTi
cksAndRejections (nod
e:internal/process/ta
sk_queues:105:5)[39m
    at LibSQLPrepared
Query.values (file://
/D:/UIT_COURSES/SE100
/DailyDesk/node_modul
es/[4m.pnpm[24m/dri
zzle-orm@0.44.7_@elec
tri_5c2928a099a752b7e
299aaadb8975aea/node_
modules/[4msrc[24m/
libsql/session.ts:286
:10)
    at LibSQLPrepared
Query.all (file:///D:
/UIT_COURSES/SE100/Da
ilyDesk/node_modules/
[4m.pnpm[24m/drizzl
e-orm@0.44.7_@electri
_5c2928a099a752b7e299
aaadb8975aea/node_mod
ules/[4msrc[24m/lib
sql/session.ts:214:16
)
    at 
Module.createCard [9
0m(D:\UIT_COURSES\SE1
00\DailyDesk\backend\
[39msrc\services\car
ds.service.ts:311:23
[90m)[39m
    at [90mD:\UIT_CO
URSES\SE100\DailyDesk
\backend\[39msrc\rou
tes\cards.ts:150:22
    at dispatch (file
:///D:/UIT_COURSES/SE
100/DailyDesk/node_mo
dules/[4m.pnpm[24m/
hono@4.11.3/node_modu
les/[4mhono[24m/dis
t/compose.js:22:17)
    at file:///D:/UIT
_COURSES/SE100/DailyD
esk/node_modules/[4m
.pnpm[24m/hono@4.11.
3/node_modules/[4mho
no[24m/dist/validato
r/validator.js:81:12
    at mw (file:///D:
/UIT_COURSES/SE100/Da
ilyDesk/node_modules/
[4m.pnpm[24m/@hono+
zod-openapi@1.2.0_hon
o@4.11.3_zod@4.3.5/no
de_modules/[4m@hono
[24m/zod-openapi/src/
index.ts:546:26)
    at dispatch (file
:///D:/UIT_COURSES/SE
100/DailyDesk/node_mo
dules/[4m.pnpm[24m/
hono@4.11.3/node_modu
les/[4mhono[24m/dis
t/compose.js:22:17) {
  query: 
[32m'select "id", 
"name", 
"description", 
"order", 
"cover_url", 
"cover_public_id", 
"cover_color", 
"cover_mode", 
"list_id", 
"start_date", 
"deadline", 
"due_at", 
"due_complete", 
"reminder_minutes", 
"recurrence", 
"recurrence_day", "re
currence_weekday", 
"latitude", 
"longitude", 
"completed", 
"is_template", 
"created_at", 
"updated_at" from 
"cards" where 
"cards"."list_id" = 
?'[39m,
  params: [ [32m'019
bc10a-b07e-7cf1-97d6-
2ef891eea407'[39m ],
  cause: 
LibsqlError: 
SQLITE_ERROR: no 
such column: 
is_template
      at 
mapSqliteError (file:
///D:/UIT_COURSES/SE1
00/DailyDesk/node_mod
ules/[4m.pnpm[24m/@
libsql+client@0.15.15
/node_modules/[4m@li
bsql[24m/client/lib-
esm/sqlite3.js:392:16
)
      at executeStmt 
(file:///D:/UIT_COURS
ES/SE100/DailyDesk/no
de_modules/[4m.pnpm
[24m/@libsql+client@0
.15.15/node_modules/
[4m@libsql[24m/clien
t/lib-esm/sqlite3.js:
297:15)
      at Sqlite3Clien
t.execute (file:///D:
/UIT_COURSES/SE100/Da
ilyDesk/node_modules/
[4m.pnpm[24m/@libsq
l+client@0.15.15/node
_modules/[4m@libsql
[24m/client/lib-esm/s
qlite3.js:81:16)
  [90m    ... 5 
lines matching cause 
stack trace ...[39m
      at SQLiteSelect
Base.execute (file://
/D:/UIT_COURSES/SE100
/DailyDesk/node_modul
es/[4m.pnpm[24m/dri
zzle-orm@0.44.7_@elec
tri_5c2928a099a752b7e
299aaadb8975aea/node_
modules/[4msrc[24m/
sqlite-core/query-bui
lders/select.ts:962:1
5)
      at SQLiteSelect
Base.then (file:///D:
/UIT_COURSES/SE100/Da
ilyDesk/node_modules/
[4m.pnpm[24m/drizzl
e-orm@0.44.7_@electri
_5c2928a099a752b7e299
aaadb8975aea/node_mod
ules/[4msrc[24m/que
ry-promise.ts:31:15) 
{
    code: [32m'SQLIT
E_ERROR'[39m,
    rawCode: 
[33m1[39m,
    [cause]: 
SqliteError: no such 
column: is_template
        at 
convertError (D:\UIT_
COURSES\SE100\DailyDe
sk\node_modules\[4m.
pnpm[24m\libsql@0.5.
22\node_modules\[4ml
ibsql[24m\index.js:5
9:12)
        at 
Database.prepare (D:\
UIT_COURSES\SE100\Dai
lyDesk\node_modules\
[4m.pnpm[24m\libsql@
0.5.22\node_modules\
[4mlibsql[24m\index.
js:131:13)
        at 
executeStmt (file:///
D:/UIT_COURSES/SE100/
DailyDesk/node_module
s/[4m.pnpm[24m/@lib
sql+client@0.15.15/no
de_modules/[4m@libsq
l[24m/client/lib-esm
/sqlite3.js:268:28)
        at Sqlite3Cli
ent.execute (file:///
D:/UIT_COURSES/SE100/
DailyDesk/node_module
s/[4m.pnpm[24m/@lib
sql+client@0.15.15/no
de_modules/[4m@libsq
l[24m/client/lib-esm
/sqlite3.js:81:16)
        at file:///D:
/UIT_COURSES/SE100/Da
ilyDesk/node_modules/
[4m.pnpm[24m/drizzl
e-orm@0.44.7_@electri
_5c2928a099a752b7e299
aaadb8975aea/node_mod
ules/[4msrc[24m/lib
sql/session.ts:288:58
        at LibSQLPrep
aredQuery.queryWithCa
che (file:///D:/UIT_C
OURSES/SE100/DailyDes
k/node_modules/[4m.p
npm[24m/drizzle-orm@
0.44.7_@electri_5c292
8a099a752b7e299aaadb8
975aea/node_modules/
[4msrc[24m/sqlite-co
re/session.ts:78:18)
        at LibSQLPrep
aredQuery.values (fil
e:///D:/UIT_COURSES/S
E100/DailyDesk/node_m
odules/[4m.pnpm[24m
/drizzle-orm@0.44.7_@
electri_5c2928a099a75
2b7e299aaadb8975aea/n
ode_modules/[4msrc[
24m/libsql/session.ts
:286:21)
        at LibSQLPrep
aredQuery.all (file:/
//D:/UIT_COURSES/SE10
0/DailyDesk/node_modu
les/[4m.pnpm[24m/dr
izzle-orm@0.44.7_@ele
ctri_5c2928a099a752b7
e299aaadb8975aea/node
_modules/[4msrc[24m
/libsql/session.ts:21
4:27)
        at 
SQLiteSelectBase.all 
(file:///D:/UIT_COURS
ES/SE100/DailyDesk/no
de_modules/[4m.pnpm
[24m/drizzle-orm@0.44
.7_@electri_5c2928a09
9a752b7e299aaadb8975a
ea/node_modules/[4ms
rc[24m/sqlite-core/q
uery-builders/select.
ts:950:26)
        at SQLiteSele
ctBase.execute (file:
///D:/UIT_COURSES/SE1
00/DailyDesk/node_mod
ules/[4m.pnpm[24m/d
rizzle-orm@0.44.7_@el
ectri_5c2928a099a752b
7e299aaadb8975aea/nod
e_modules/[4msrc[24
m/sqlite-core/query-b
uilders/select.ts:962
:15) {
      code: [32m'SQL
ITE_ERROR'[39m,
      rawCode: 
[33m1[39m
    }
  }
}
DrizzleQueryError: 
Failed query: select 
"cards"."id", 
"cards"."name", "card
s"."description", 
"cards"."order", 
"cards"."cover_url", 
"cards"."cover_public
_id", "cards"."cover_
color", "cards"."cove
r_mode", 
"cards"."list_id", "c
ards"."start_date", 
"cards"."deadline", 
"cards"."due_at", "ca
rds"."due_complete", 
"cards"."reminder_min
utes", "cards"."recur
rence", "cards"."recu
rrence_day", "cards".
"recurrence_weekday",
 "cards"."latitude", 
"cards"."longitude", 
"cards"."completed", 
"cards"."is_template"
, "cards"."created_at
", "cards"."updated_a
t", "lists"."id", 
"lists"."name", 
"lists"."order", 
"lists"."board_id" 
from "cards" inner 
join "lists" on 
"cards"."list_id" = 
"lists"."id" where 
"cards"."id" = ? 
limit ?
params: 019bc10a-b081
-7fb8-9185-226ec2bc2a
f1,1
    at LibSQLPrepared
Query.queryWithCache 
(file:///D:/UIT_COURS
ES/SE100/DailyDesk/no
de_modules/[4m.pnpm
[24m/drizzle-orm@0.44
.7_@electri_5c2928a09
9a752b7e299aaadb8975a
ea/node_modules/[4ms
rc[24m/sqlite-core/s
ession.ts:80:11)
[90m    at processTi
cksAndRejections (nod
e:internal/process/ta
sk_queues:105:5)[39m
    at LibSQLPrepared
Query.values (file://
/D:/UIT_COURSES/SE100
/DailyDesk/node_modul
es/[4m.pnpm[24m/dri
zzle-orm@0.44.7_@elec
tri_5c2928a099a752b7e
299aaadb8975aea/node_
modules/[4msrc[24m/
libsql/session.ts:286
:10)
    at LibSQLPrepared
Query.all (file:///D:
/UIT_COURSES/SE100/Da
ilyDesk/node_modules/
[4m.pnpm[24m/drizzl
e-orm@0.44.7_@electri
_5c2928a099a752b7e299
aaadb8975aea/node_mod
ules/[4msrc[24m/lib
sql/session.ts:214:16
)
    at 
Module.getCardById [
90m(D:\UIT_COURSES\SE
100\DailyDesk\backend
\[39msrc\services\ca
rds.service.ts:435:16
[90m)[39m
    at [90mD:\UIT_CO
URSES\SE100\DailyDesk
\backend\[39msrc\rou
tes\cards.ts:193:22
    at dispatch (file
:///D:/UIT_COURSES/SE
100/DailyDesk/node_mo
dules/[4m.pnpm[24m/
hono@4.11.3/node_modu
les/[4mhono[24m/dis
t/compose.js:22:17)
    at file:///D:/UIT
_COURSES/SE100/DailyD
esk/node_modules/[4m
.pnpm[24m/hono@4.11.
3/node_modules/[4mho
no[24m/dist/validato
r/validator.js:81:12
    at dispatch (file
:///D:/UIT_COURSES/SE
100/DailyDesk/node_mo
dules/[4m.pnpm[24m/
hono@4.11.3/node_modu
les/[4mhono[24m/dis
t/compose.js:22:17)
    at [90mD:\UIT_CO
URSES\SE100\DailyDesk
\backend\[39mtests\h
elpers\auth.ts:27:5 {
  query: 
[32m'select 
"cards"."id", 
"cards"."name", "card
s"."description", 
"cards"."order", 
"cards"."cover_url", 
"cards"."cover_public
_id", "cards"."cover_
color", "cards"."cove
r_mode", 
"cards"."list_id", "c
ards"."start_date", 
"cards"."deadline", 
"cards"."due_at", "ca
rds"."due_complete", 
"cards"."reminder_min
utes", "cards"."recur
rence", "cards"."recu
rrence_day", "cards".
"recurrence_weekday",
 "cards"."latitude", 
"cards"."longitude", 
"cards"."completed", 
"cards"."is_template"
, "cards"."created_at
", "cards"."updated_a
t", "lists"."id", 
"lists"."name", 
"lists"."order", 
"lists"."board_id" 
from "cards" inner 
join "lists" on 
"cards"."list_id" = 
"lists"."id" where 
"cards"."id" = ? 
limit ?'[39m,
  params: [ [32m'019
bc10a-b081-7fb8-9185-
226ec2bc2af1'[39m, 
[33m1[39m ],
  cause: 
LibsqlError: 
SQLITE_ERROR: no 
such column: 
cards.is_template
      at 
mapSqliteError (file:
///D:/UIT_COURSES/SE1
00/DailyDesk/node_mod
ules/[4m.pnpm[24m/@
libsql+client@0.15.15
/node_modules/[4m@li
bsql[24m/client/lib-
esm/sqlite3.js:392:16
)
      at executeStmt 
(file:///D:/UIT_COURS
ES/SE100/DailyDesk/no
de_modules/[4m.pnpm
[24m/@libsql+client@0
.15.15/node_modules/
[4m@libsql[24m/clien
t/lib-esm/sqlite3.js:
297:15)
      at Sqlite3Clien
t.execute (file:///D:
/UIT_COURSES/SE100/Da
ilyDesk/node_modules/
[4m.pnpm[24m/@libsq
l+client@0.15.15/node
_modules/[4m@libsql
[24m/client/lib-esm/s
qlite3.js:81:16)
  [90m    ... 5 
lines matching cause 
stack trace ...[39m
      at SQLiteSelect
Base.execute (file://
/D:/UIT_COURSES/SE100
/DailyDesk/node_modul
es/[4m.pnpm[24m/dri
zzle-orm@0.44.7_@elec
tri_5c2928a099a752b7e
299aaadb8975aea/node_
modules/[4msrc[24m/
sqlite-core/query-bui
lders/select.ts:962:1
5)
      at SQLiteSelect
Base.then (file:///D:
/UIT_COURSES/SE100/Da
ilyDesk/node_modules/
[4m.pnpm[24m/drizzl
e-orm@0.44.7_@electri
_5c2928a099a752b7e299
aaadb8975aea/node_mod
ules/[4msrc[24m/que
ry-promise.ts:31:15) 
{
    code: [32m'SQLIT
E_ERROR'[39m,
    rawCode: 
[33m1[39m,
    [cause]: 
SqliteError: no such 
column: 
cards.is_template
        at 
convertError (D:\UIT_
COURSES\SE100\DailyDe
sk\node_modules\[4m.
pnpm[24m\libsql@0.5.
22\node_modules\[4ml
ibsql[24m\index.js:5
9:12)
        at 
Database.prepare (D:\
UIT_COURSES\SE100\Dai
lyDesk\node_modules\
[4m.pnpm[24m\libsql@
0.5.22\node_modules\
[4mlibsql[24m\index.
js:131:13)
        at 
executeStmt (file:///
D:/UIT_COURSES/SE100/
DailyDesk/node_module
s/[4m.pnpm[24m/@lib
sql+client@0.15.15/no
de_modules/[4m@libsq
l[24m/client/lib-esm
/sqlite3.js:268:28)
        at Sqlite3Cli
ent.execute (file:///
D:/UIT_COURSES/SE100/
DailyDesk/node_module
s/[4m.pnpm[24m/@lib
sql+client@0.15.15/no
de_modules/[4m@libsq
l[24m/client/lib-esm
/sqlite3.js:81:16)
        at file:///D:
/UIT_COURSES/SE100/Da
ilyDesk/node_modules/
[4m.pnpm[24m/drizzl
e-orm@0.44.7_@electri
_5c2928a099a752b7e299
aaadb8975aea/node_mod
ules/[4msrc[24m/lib
sql/session.ts:288:58
        at LibSQLPrep
aredQuery.queryWithCa
che (file:///D:/UIT_C
OURSES/SE100/DailyDes
k/node_modules/[4m.p
npm[24m/drizzle-orm@
0.44.7_@electri_5c292
8a099a752b7e299aaadb8
975aea/node_modules/
[4msrc[24m/sqlite-co
re/session.ts:78:18)
        at LibSQLPrep
aredQuery.values (fil
e:///D:/UIT_COURSES/S
E100/DailyDesk/node_m
odules/[4m.pnpm[24m
/drizzle-orm@0.44.7_@
electri_5c2928a099a75
2b7e299aaadb8975aea/n
ode_modules/[4msrc[
24m/libsql/session.ts
:286:21)
        at LibSQLPrep
aredQuery.all (file:/
//D:/UIT_COURSES/SE10
0/DailyDesk/node_modu
les/[4m.pnpm[24m/dr
izzle-orm@0.44.7_@ele
ctri_5c2928a099a752b7
e299aaadb8975aea/node
_modules/[4msrc[24m
/libsql/session.ts:21
4:27)
        at 
SQLiteSelectBase.all 
(file:///D:/UIT_COURS
ES/SE100/DailyDesk/no
de_modules/[4m.pnpm
[24m/drizzle-orm@0.44
.7_@electri_5c2928a09
9a752b7e299aaadb8975a
ea/node_modules/[4ms
rc[24m/sqlite-core/q
uery-builders/select.
ts:950:26)
        at SQLiteSele
ctBase.execute (file:
///D:/UIT_COURSES/SE1
00/DailyDesk/node_mod
ules/[4m.pnpm[24m/d
rizzle-orm@0.44.7_@el
ectri_5c2928a099a752b
7e299aaadb8975aea/nod
e_modules/[4msrc[24
m/sqlite-core/query-b
uilders/select.ts:962
:15) {
      code: [32m'SQL
ITE_ERROR'[39m,
      rawCode: 
[33m1[39m
    }
  }
}

[90mstderr[2m | tes
ts/cards/cards.test.t
s[2m > 
[22m[2mCards API 
Integration 
Tests[2m > 
[22m[2mGET /boards/
:boardId/cards/:id[2
m > [22m[2mshould 
return 404 for 
non-existent card
[22m[39mDrizzleQuer
yError: Failed 
query: select 
"cards"."id", 
"cards"."name", "card
s"."description", 
"cards"."order", 
"cards"."cover_url", 
"cards"."cover_public
_id", "cards"."cover_
color", "cards"."cove
r_mode", 
"cards"."list_id", "c
ards"."start_date", 
"cards"."deadline", 
"cards"."due_at", "ca
rds"."due_complete", 
"cards"."reminder_min
utes", "cards"."recur
rence", "cards"."recu
rrence_day", "cards".
"recurrence_weekday",
 "cards"."latitude", 
"cards"."longitude", 
"cards"."completed", 
"cards"."is_template"
, "cards"."created_at
", "cards"."updated_a
t", "lists"."id", 
"lists"."name", 
"lists"."order", 
"lists"."board_id" 
from "cards" inner 
join "lists" on 
"cards"."list_id" = 
"lists"."id" where 
"cards"."id" = ? 
limit ?
params: 019bc10a-b093
-7450-aa88-630b4f0db5
a5,1
    at LibSQLPrepared
Query.queryWithCache 
(file:///D:/UIT_COURS
ES/SE100/DailyDesk/no
de_modules/[4m.pnpm
[24m/drizzle-orm@0.44
.7_@electri_5c2928a09
9a752b7e299aaadb8975a
ea/node_modules/[4ms
rc[24m/sqlite-core/s
ession.ts:80:11)
[90m    at processTi
cksAndRejections (nod
e:internal/process/ta
sk_queues:105:5)[39m
    at LibSQLPrepared
Query.values (file://
/D:/UIT_COURSES/SE100
/DailyDesk/node_modul
es/[4m.pnpm[24m/dri
zzle-orm@0.44.7_@elec
tri_5c2928a099a752b7e
299aaadb8975aea/node_
modules/[4msrc[24m/
libsql/session.ts:286
:10)
    at LibSQLPrepared
Query.all (file:///D:
/UIT_COURSES/SE100/Da
ilyDesk/node_modules/
[4m.pnpm[24m/drizzl
e-orm@0.44.7_@electri
_5c2928a099a752b7e299
aaadb8975aea/node_mod
ules/[4msrc[24m/lib
sql/session.ts:214:16
)
    at 
Module.getCardById [
90m(D:\UIT_COURSES\SE
100\DailyDesk\backend
\[39msrc\services\ca
rds.service.ts:435:16
[90m)[39m
    at [90mD:\UIT_CO
URSES\SE100\DailyDesk
\backend\[39msrc\rou
tes\cards.ts:193:22
    at dispatch (file
:///D:/UIT_COURSES/SE
100/DailyDesk/node_mo
dules/[4m.pnpm[24m/
hono@4.11.3/node_modu
les/[4mhono[24m/dis
t/compose.js:22:17)
    at file:///D:/UIT
_COURSES/SE100/DailyD
esk/node_modules/[4m
.pnpm[24m/hono@4.11.
3/node_modules/[4mho
no[24m/dist/validato
r/validator.js:81:12
    at dispatch (file
:///D:/UIT_COURSES/SE
100/DailyDesk/node_mo
dules/[4m.pnpm[24m/
hono@4.11.3/node_modu
les/[4mhono[24m/dis
t/compose.js:22:17)
    at [90mD:\UIT_CO
URSES\SE100\DailyDesk
\backend\[39mtests\h
elpers\auth.ts:27:5 {
  query: 
[32m'select 
"cards"."id", 
"cards"."name", "card
s"."description", 
"cards"."order", 
"cards"."cover_url", 
"cards"."cover_public
_id", "cards"."cover_
color", "cards"."cove
r_mode", 
"cards"."list_id", "c
ards"."start_date", 
"cards"."deadline", 
"cards"."due_at", "ca
rds"."due_complete", 
"cards"."reminder_min
utes", "cards"."recur
rence", "cards"."recu
rrence_day", "cards".
"recurrence_weekday",
 "cards"."latitude", 
"cards"."longitude", 
"cards"."completed", 
"cards"."is_template"
, "cards"."created_at
", "cards"."updated_a
t", "lists"."id", 
"lists"."name", 
"lists"."order", 
"lists"."board_id" 
from "cards" inner 
join "lists" on 
"cards"."list_id" = 
"lists"."id" where 
"cards"."id" = ? 
limit ?'[39m,
  params: [ [32m'019
bc10a-b093-7450-aa88-
630b4f0db5a5'[39m, 
[33m1[39m ],
  cause: 
LibsqlError: 
SQLITE_ERROR: no 
such column: 
cards.is_template
      at 
mapSqliteError (file:
///D:/UIT_COURSES/SE1
00/DailyDesk/node_mod
ules/[4m.pnpm[24m/@
libsql+client@0.15.15
/node_modules/[4m@li
bsql[24m/client/lib-
esm/sqlite3.js:392:16
)
      at executeStmt 
(file:///D:/UIT_COURS
ES/SE100/DailyDesk/no
de_modules/[4m.pnpm
[24m/@libsql+client@0
.15.15/node_modules/
[4m@libsql[24m/clien
t/lib-esm/sqlite3.js:
297:15)
      at Sqlite3Clien
t.execute (file:///D:
/UIT_COURSES/SE100/Da
ilyDesk/node_modules/
[4m.pnpm[24m/@libsq
l+client@0.15.15/node
_modules/[4m@libsql
[24m/client/lib-esm/s
qlite3.js:81:16)
  [90m    ... 5 
lines matching cause 
stack trace ...[39m
      at SQLiteSelect
Base.execute (file://
/D:/UIT_COURSES/SE100
/DailyDesk/node_modul
es/[4m.pnpm[24m/dri
zzle-orm@0.44.7_@elec
tri_5c2928a099a752b7e
299aaadb8975aea/node_
modules/[4msrc[24m/
sqlite-core/query-bui
lders/select.ts:962:1
5)
      at SQLiteSelect
Base.then (file:///D:
/UIT_COURSES/SE100/Da
ilyDesk/node_modules/
[4m.pnpm[24m/drizzl
e-orm@0.44.7_@electri
_5c2928a099a752b7e299
aaadb8975aea/node_mod
ules/[4msrc[24m/que
ry-promise.ts:31:15) 
{
    code: [32m'SQLIT
E_ERROR'[39m,
    rawCode: 
[33m1[39m,
    [cause]: 
SqliteError: no such 
column: 
cards.is_template
        at 
convertError (D:\UIT_
COURSES\SE100\DailyDe
sk\node_modules\[4m.
pnpm[24m\libsql@0.5.
22\node_modules\[4ml
ibsql[24m\index.js:5
9:12)
        at 
Database.prepare (D:\
UIT_COURSES\SE100\Dai
lyDesk\node_modules\
[4m.pnpm[24m\libsql@
0.5.22\node_modules\
[4mlibsql[24m\index.
js:131:13)
        at 
executeStmt (file:///
D:/UIT_COURSES/SE100/
DailyDesk/node_module
s/[4m.pnpm[24m/@lib
sql+client@0.15.15/no
de_modules/[4m@libsq
l[24m/client/lib-esm
/sqlite3.js:268:28)
        at Sqlite3Cli
ent.execute (file:///
D:/UIT_COURSES/SE100/
DailyDesk/node_module
s/[4m.pnpm[24m/@lib
sql+client@0.15.15/no
de_modules/[4m@libsq
l[24m/client/lib-esm
/sqlite3.js:81:16)
        at file:///D:
/UIT_COURSES/SE100/Da
ilyDesk/node_modules/
[4m.pnpm[24m/drizzl
e-orm@0.44.7_@electri
_5c2928a099a752b7e299
aaadb8975aea/node_mod
ules/[4msrc[24m/lib
sql/session.ts:288:58
        at LibSQLPrep
aredQuery.queryWithCa
che (file:///D:/UIT_C
OURSES/SE100/DailyDes
k/node_modules/[4m.p
npm[24m/drizzle-orm@
0.44.7_@electri_5c292
8a099a752b7e299aaadb8
975aea/node_modules/
[4msrc[24m/sqlite-co
re/session.ts:78:18)
        at LibSQLPrep
aredQuery.values (fil
e:///D:/UIT_COURSES/S
E100/DailyDesk/node_m
odules/[4m.pnpm[24m
/drizzle-orm@0.44.7_@
electri_5c2928a099a75
2b7e299aaadb8975aea/n
ode_modules/[4msrc[
24m/libsql/session.ts
:286:21)
        at LibSQLPrep
aredQuery.all (file:/
//D:/UIT_COURSES/SE10
0/DailyDesk/node_modu
les/[4m.pnpm[24m/dr
izzle-orm@0.44.7_@ele
ctri_5c2928a099a752b7
e299aaadb8975aea/node
_modules/[4msrc[24m
/libsql/session.ts:21
4:27)
        at 
SQLiteSelectBase.all 
(file:///D:/UIT_COURS
ES/SE100/DailyDesk/no
de_modules/[4m.pnpm
[24m/drizzle-orm@0.44
.7_@electri_5c2928a09
9a752b7e299aaadb8975a
ea/node_modules/[4ms
rc[24m/sqlite-core/q
uery-builders/select.
ts:950:26)
        at SQLiteSele
ctBase.execute (file:
///D:/UIT_COURSES/SE1
00/DailyDesk/node_mod
ules/[4m.pnpm[24m/d
rizzle-orm@0.44.7_@el
ectri_5c2928a099a752b
7e299aaadb8975aea/nod
e_modules/[4msrc[24
m/sqlite-core/query-b
uilders/select.ts:962
:15) {
      code: [32m'SQL
ITE_ERROR'[39m,
      rawCode: 
[33m1[39m
    }
  }
}

[90mstderr[2m | tes
ts/cards/cards.test.t
s[2m > 
[22m[2mCards API 
Integration 
Tests[2m > 
[22m[2mPUT /boards/
:boardId/cards/:id[2
m > [22m[2mshould 
update card name
[22m[39mDrizzleQuer
yError: Failed 
query: select "id", 
"name", 
"description", 
"order", 
"cover_url", 
"cover_public_id", 
"cover_color", 
"cover_mode", 
"list_id", 
"start_date", 
"deadline", 
"due_at", 
"due_complete", 
"reminder_minutes", 
"recurrence", 
"recurrence_day", "re
currence_weekday", 
"latitude", 
"longitude", 
"completed", 
"is_template", 
"created_at", 
"updated_at" from 
"cards" where 
"cards"."list_id" = ?
params: 019bc10a-b0ba
-73aa-9c6a-2c4e539544
ad
    at LibSQLPrepared
Query.queryWithCache 
(file:///D:/UIT_COURS
ES/SE100/DailyDesk/no
de_modules/[4m.pnpm
[24m/drizzle-orm@0.44
.7_@electri_5c2928a09
9a752b7e299aaadb8975a
ea/node_modules/[4ms
rc[24m/sqlite-core/s
ession.ts:80:11)
[90m    at processTi
cksAndRejections (nod
e:internal/process/ta
sk_queues:105:5)[39m
    at LibSQLPrepared
Query.values (file://
/D:/UIT_COURSES/SE100
/DailyDesk/node_modul
es/[4m.pnpm[24m/dri
zzle-orm@0.44.7_@elec
tri_5c2928a099a752b7e
299aaadb8975aea/node_
modules/[4msrc[24m/
libsql/session.ts:286
:10)
    at LibSQLPrepared
Query.all (file:///D:
/UIT_COURSES/SE100/Da
ilyDesk/node_modules/
[4m.pnpm[24m/drizzl
e-orm@0.44.7_@electri
_5c2928a099a752b7e299
aaadb8975aea/node_mod
ules/[4msrc[24m/lib
sql/session.ts:214:16
)
    at 
Module.createCard [9
0m(D:\UIT_COURSES\SE1
00\DailyDesk\backend\
[39msrc\services\car
ds.service.ts:311:23
[90m)[39m
    at [90mD:\UIT_CO
URSES\SE100\DailyDesk
\backend\[39msrc\rou
tes\cards.ts:150:22
    at dispatch (file
:///D:/UIT_COURSES/SE
100/DailyDesk/node_mo
dules/[4m.pnpm[24m/
hono@4.11.3/node_modu
les/[4mhono[24m/dis
t/compose.js:22:17)
    at file:///D:/UIT
_COURSES/SE100/DailyD
esk/node_modules/[4m
.pnpm[24m/hono@4.11.
3/node_modules/[4mho
no[24m/dist/validato
r/validator.js:81:12
    at mw (file:///D:
/UIT_COURSES/SE100/Da
ilyDesk/node_modules/
[4m.pnpm[24m/@hono+
zod-openapi@1.2.0_hon
o@4.11.3_zod@4.3.5/no
de_modules/[4m@hono
[24m/zod-openapi/src/
index.ts:546:26)
    at dispatch (file
:///D:/UIT_COURSES/SE
100/DailyDesk/node_mo
dules/[4m.pnpm[24m/
hono@4.11.3/node_modu
les/[4mhono[24m/dis
t/compose.js:22:17) {
  query: 
[32m'select "id", 
"name", 
"description", 
"order", 
"cover_url", 
"cover_public_id", 
"cover_color", 
"cover_mode", 
"list_id", 
"start_date", 
"deadline", 
"due_at", 
"due_complete", 
"reminder_minutes", 
"recurrence", 
"recurrence_day", "re
currence_weekday", 
"latitude", 
"longitude", 
"completed", 
"is_template", 
"created_at", 
"updated_at" from 
"cards" where 
"cards"."list_id" = 
?'[39m,
  params: [ [32m'019
bc10a-b0ba-73aa-9c6a-
2c4e539544ad'[39m ],
  cause: 
LibsqlError: 
SQLITE_ERROR: no 
such column: 
is_template
      at 
mapSqliteError (file:
///D:/UIT_COURSES/SE1
00/DailyDesk/node_mod
ules/[4m.pnpm[24m/@
libsql+client@0.15.15
/node_modules/[4m@li
bsql[24m/client/lib-
esm/sqlite3.js:392:16
)
      at executeStmt 
(file:///D:/UIT_COURS
ES/SE100/DailyDesk/no
de_modules/[4m.pnpm
[24m/@libsql+client@0
.15.15/node_modules/
[4m@libsql[24m/clien
t/lib-esm/sqlite3.js:
297:15)
      at Sqlite3Clien
t.execute (file:///D:
/UIT_COURSES/SE100/Da
ilyDesk/node_modules/
[4m.pnpm[24m/@libsq
l+client@0.15.15/node
_modules/[4m@libsql
[24m/client/lib-esm/s
qlite3.js:81:16)
  [90m    ... 5 
lines matching cause 
stack trace ...[39m
      at SQLiteSelect
Base.execute (file://
/D:/UIT_COURSES/SE100
/DailyDesk/node_modul
es/[4m.pnpm[24m/dri
zzle-orm@0.44.7_@elec
tri_5c2928a099a752b7e
299aaadb8975aea/node_
modules/[4msrc[24m/
sqlite-core/query-bui
lders/select.ts:962:1
5)
      at SQLiteSelect
Base.then (file:///D:
/UIT_COURSES/SE100/Da
ilyDesk/node_modules/
[4m.pnpm[24m/drizzl
e-orm@0.44.7_@electri
_5c2928a099a752b7e299
aaadb8975aea/node_mod
ules/[4msrc[24m/que
ry-promise.ts:31:15) 
{
    code: [32m'SQLIT
E_ERROR'[39m,
    rawCode: 
[33m1[39m,
    [cause]: 
SqliteError: no such 
column: is_template
        at 
convertError (D:\UIT_
COURSES\SE100\DailyDe
sk\node_modules\[4m.
pnpm[24m\libsql@0.5.
22\node_modules\[4ml
ibsql[24m\index.js:5
9:12)
        at 
Database.prepare (D:\
UIT_COURSES\SE100\Dai
lyDesk\node_modules\
[4m.pnpm[24m\libsql@
0.5.22\node_modules\
[4mlibsql[24m\index.
js:131:13)
        at 
executeStmt (file:///
D:/UIT_COURSES/SE100/
DailyDesk/node_module
s/[4m.pnpm[24m/@lib
sql+client@0.15.15/no
de_modules/[4m@libsq
l[24m/client/lib-esm
/sqlite3.js:268:28)
        at Sqlite3Cli
ent.execute (file:///
D:/UIT_COURSES/SE100/
DailyDesk/node_module
s/[4m.pnpm[24m/@lib
sql+client@0.15.15/no
de_modules/[4m@libsq
l[24m/client/lib-esm
/sqlite3.js:81:16)
        at file:///D:
/UIT_COURSES/SE100/Da
ilyDesk/node_modules/
[4m.pnpm[24m/drizzl
e-orm@0.44.7_@electri
_5c2928a099a752b7e299
aaadb8975aea/node_mod
ules/[4msrc[24m/lib
sql/session.ts:288:58
        at LibSQLPrep
aredQuery.queryWithCa
che (file:///D:/UIT_C
OURSES/SE100/DailyDes
k/node_modules/[4m.p
npm[24m/drizzle-orm@
0.44.7_@electri_5c292
8a099a752b7e299aaadb8
975aea/node_modules/
[4msrc[24m/sqlite-co
re/session.ts:78:18)
        at LibSQLPrep
aredQuery.values (fil
e:///D:/UIT_COURSES/S
E100/DailyDesk/node_m
odules/[4m.pnpm[24m
/drizzle-orm@0.44.7_@
electri_5c2928a099a75
2b7e299aaadb8975aea/n
ode_modules/[4msrc[
24m/libsql/session.ts
:286:21)
        at LibSQLPrep
aredQuery.all (file:/
//D:/UIT_COURSES/SE10
0/DailyDesk/node_modu
les/[4m.pnpm[24m/dr
izzle-orm@0.44.7_@ele
ctri_5c2928a099a752b7
e299aaadb8975aea/node
_modules/[4msrc[24m
/libsql/session.ts:21
4:27)
        at 
SQLiteSelectBase.all 
(file:///D:/UIT_COURS
ES/SE100/DailyDesk/no
de_modules/[4m.pnpm
[24m/drizzle-orm@0.44
.7_@electri_5c2928a09
9a752b7e299aaadb8975a
ea/node_modules/[4ms
rc[24m/sqlite-core/q
uery-builders/select.
ts:950:26)
        at SQLiteSele
ctBase.execute (file:
///D:/UIT_COURSES/SE1
00/DailyDesk/node_mod
ules/[4m.pnpm[24m/d
rizzle-orm@0.44.7_@el
ectri_5c2928a099a752b
7e299aaadb8975aea/nod
e_modules/[4msrc[24
m/sqlite-core/query-b
uilders/select.ts:962
:15) {
      code: [32m'SQL
ITE_ERROR'[39m,
      rawCode: 
[33m1[39m
    }
  }
}
Error in updateCard 
route: 
DrizzleQueryError: 
Failed query: select 
"id", "name", 
"description", 
"order", 
"cover_url", 
"cover_public_id", 
"cover_color", 
"cover_mode", 
"list_id", 
"start_date", 
"deadline", 
"due_at", 
"due_complete", 
"reminder_minutes", 
"recurrence", 
"recurrence_day", "re
currence_weekday", 
"latitude", 
"longitude", 
"completed", 
"is_template", 
"created_at", 
"updated_at" from 
"cards" where 
"cards"."id" = ? 
limit ?
params: 019bc10a-b0bc
-7968-a6ff-ef29d3698f
d7,1
    at LibSQLPrepared
Query.queryWithCache 
(file:///D:/UIT_COURS
ES/SE100/DailyDesk/no
de_modules/[4m.pnpm
[24m/drizzle-orm@0.44
.7_@electri_5c2928a09
9a752b7e299aaadb8975a
ea/node_modules/[4ms
rc[24m/sqlite-core/s
ession.ts:80:11)
[90m    at processTi
cksAndRejections (nod
e:internal/process/ta
sk_queues:105:5)[39m
    at LibSQLPrepared
Query.values (file://
/D:/UIT_COURSES/SE100
/DailyDesk/node_modul
es/[4m.pnpm[24m/dri
zzle-orm@0.44.7_@elec
tri_5c2928a099a752b7e
299aaadb8975aea/node_
modules/[4msrc[24m/
libsql/session.ts:286
:10)
    at LibSQLPrepared
Query.all (file:///D:
/UIT_COURSES/SE100/Da
ilyDesk/node_modules/
[4m.pnpm[24m/drizzl
e-orm@0.44.7_@electri
_5c2928a099a752b7e299
aaadb8975aea/node_mod
ules/[4msrc[24m/lib
sql/session.ts:214:16
)
    at 
Module.updateCard [9
0m(D:\UIT_COURSES\SE1
00\DailyDesk\backend\
[39msrc\services\car
ds.service.ts:537:24
[90m)[39m
    at [90mD:\UIT_CO
URSES\SE100\DailyDesk
\backend\[39msrc\rou
tes\cards.ts:242:25
    at dispatch (file
:///D:/UIT_COURSES/SE
100/DailyDesk/node_mo
dules/[4m.pnpm[24m/
hono@4.11.3/node_modu
les/[4mhono[24m/dis
t/compose.js:22:17)
    at file:///D:/UIT
_COURSES/SE100/DailyD
esk/node_modules/[4m
.pnpm[24m/hono@4.11.
3/node_modules/[4mho
no[24m/dist/validato
r/validator.js:81:12
    at mw (file:///D:
/UIT_COURSES/SE100/Da
ilyDesk/node_modules/
[4m.pnpm[24m/@hono+
zod-openapi@1.2.0_hon
o@4.11.3_zod@4.3.5/no
de_modules/[4m@hono
[24m/zod-openapi/src/
index.ts:546:26)
    at dispatch (file
:///D:/UIT_COURSES/SE
100/DailyDesk/node_mo
dules/[4m.pnpm[24m/
hono@4.11.3/node_modu
les/[4mhono[24m/dis
t/compose.js:22:17) {
  query: 
[32m'select "id", 
"name", 
"description", 
"order", 
"cover_url", 
"cover_public_id", 
"cover_color", 
"cover_mode", 
"list_id", 
"start_date", 
"deadline", 
"due_at", 
"due_complete", 
"reminder_minutes", 
"recurrence", 
"recurrence_day", "re
currence_weekday", 
"latitude", 
"longitude", 
"completed", 
"is_template", 
"created_at", 
"updated_at" from 
"cards" where 
"cards"."id" = ? 
limit ?'[39m,
  params: [ [32m'019
bc10a-b0bc-7968-a6ff-
ef29d3698fd7'[39m, 
[33m1[39m ],
  cause: 
LibsqlError: 
SQLITE_ERROR: no 
such column: 
is_template
      at 
mapSqliteError (file:
///D:/UIT_COURSES/SE1
00/DailyDesk/node_mod
ules/[4m.pnpm[24m/@
libsql+client@0.15.15
/node_modules/[4m@li
bsql[24m/client/lib-
esm/sqlite3.js:392:16
)
      at executeStmt 
(file:///D:/UIT_COURS
ES/SE100/DailyDesk/no
de_modules/[4m.pnpm
[24m/@libsql+client@0
.15.15/node_modules/
[4m@libsql[24m/clien
t/lib-esm/sqlite3.js:
297:15)
      at Sqlite3Clien
t.execute (file:///D:
/UIT_COURSES/SE100/Da
ilyDesk/node_modules/
[4m.pnpm[24m/@libsq
l+client@0.15.15/node
_modules/[4m@libsql
[24m/client/lib-esm/s
qlite3.js:81:16)
  [90m    ... 5 
lines matching cause 
stack trace ...[39m
      at SQLiteSelect
Base.execute (file://
/D:/UIT_COURSES/SE100
/DailyDesk/node_modul
es/[4m.pnpm[24m/dri
zzle-orm@0.44.7_@elec
tri_5c2928a099a752b7e
299aaadb8975aea/node_
modules/[4msrc[24m/
sqlite-core/query-bui
lders/select.ts:962:1
5)
      at SQLiteSelect
Base.then (file:///D:
/UIT_COURSES/SE100/Da
ilyDesk/node_modules/
[4m.pnpm[24m/drizzl
e-orm@0.44.7_@electri
_5c2928a099a752b7e299
aaadb8975aea/node_mod
ules/[4msrc[24m/que
ry-promise.ts:31:15) 
{
    code: [32m'SQLIT
E_ERROR'[39m,
    rawCode: 
[33m1[39m,
    [cause]: 
SqliteError: no such 
column: is_template
        at 
convertError (D:\UIT_
COURSES\SE100\DailyDe
sk\node_modules\[4m.
pnpm[24m\libsql@0.5.
22\node_modules\[4ml
ibsql[24m\index.js:5
9:12)
        at 
Database.prepare (D:\
UIT_COURSES\SE100\Dai
lyDesk\node_modules\
[4m.pnpm[24m\libsql@
0.5.22\node_modules\
[4mlibsql[24m\index.
js:131:13)
        at 
executeStmt (file:///
D:/UIT_COURSES/SE100/
DailyDesk/node_module
s/[4m.pnpm[24m/@lib
sql+client@0.15.15/no
de_modules/[4m@libsq
l[24m/client/lib-esm
/sqlite3.js:268:28)
        at Sqlite3Cli
ent.execute (file:///
D:/UIT_COURSES/SE100/
DailyDesk/node_module
s/[4m.pnpm[24m/@lib
sql+client@0.15.15/no
de_modules/[4m@libsq
l[24m/client/lib-esm
/sqlite3.js:81:16)
        at file:///D:
/UIT_COURSES/SE100/Da
ilyDesk/node_modules/
[4m.pnpm[24m/drizzl
e-orm@0.44.7_@electri
_5c2928a099a752b7e299
aaadb8975aea/node_mod
ules/[4msrc[24m/lib
sql/session.ts:288:58
        at LibSQLPrep
aredQuery.queryWithCa
che (file:///D:/UIT_C
OURSES/SE100/DailyDes
k/node_modules/[4m.p
npm[24m/drizzle-orm@
0.44.7_@electri_5c292
8a099a752b7e299aaadb8
975aea/node_modules/
[4msrc[24m/sqlite-co
re/session.ts:78:18)
        at LibSQLPrep
aredQuery.values (fil
e:///D:/UIT_COURSES/S
E100/DailyDesk/node_m
odules/[4m.pnpm[24m
/drizzle-orm@0.44.7_@
electri_5c2928a099a75
2b7e299aaadb8975aea/n
ode_modules/[4msrc[
24m/libsql/session.ts
:286:21)
        at LibSQLPrep
aredQuery.all (file:/
//D:/UIT_COURSES/SE10
0/DailyDesk/node_modu
les/[4m.pnpm[24m/dr
izzle-orm@0.44.7_@ele
ctri_5c2928a099a752b7
e299aaadb8975aea/node
_modules/[4msrc[24m
/libsql/session.ts:21
4:27)
        at 
SQLiteSelectBase.all 
(file:///D:/UIT_COURS
ES/SE100/DailyDesk/no
de_modules/[4m.pnpm
[24m/drizzle-orm@0.44
.7_@electri_5c2928a09
9a752b7e299aaadb8975a
ea/node_modules/[4ms
rc[24m/sqlite-core/q
uery-builders/select.
ts:950:26)
        at SQLiteSele
ctBase.execute (file:
///D:/UIT_COURSES/SE1
00/DailyDesk/node_mod
ules/[4m.pnpm[24m/d
rizzle-orm@0.44.7_@el
ectri_5c2928a099a752b
7e299aaadb8975aea/nod
e_modules/[4msrc[24
m/sqlite-core/query-b
uilders/select.ts:962
:15) {
      code: [32m'SQL
ITE_ERROR'[39m,
      rawCode: 
[33m1[39m
    }
  }
}
DrizzleQueryError: 
Failed query: select 
"id", "name", 
"description", 
"order", 
"cover_url", 
"cover_public_id", 
"cover_color", 
"cover_mode", 
"list_id", 
"start_date", 
"deadline", 
"due_at", 
"due_complete", 
"reminder_minutes", 
"recurrence", 
"recurrence_day", "re
currence_weekday", 
"latitude", 
"longitude", 
"completed", 
"is_template", 
"created_at", 
"updated_at" from 
"cards" where 
"cards"."id" = ? 
limit ?
params: 019bc10a-b0bc
-7968-a6ff-ef29d3698f
d7,1
    at LibSQLPrepared
Query.queryWithCache 
(file:///D:/UIT_COURS
ES/SE100/DailyDesk/no
de_modules/[4m.pnpm
[24m/drizzle-orm@0.44
.7_@electri_5c2928a09
9a752b7e299aaadb8975a
ea/node_modules/[4ms
rc[24m/sqlite-core/s
ession.ts:80:11)
[90m    at processTi
cksAndRejections (nod
e:internal/process/ta
sk_queues:105:5)[39m
    at LibSQLPrepared
Query.values (file://
/D:/UIT_COURSES/SE100
/DailyDesk/node_modul
es/[4m.pnpm[24m/dri
zzle-orm@0.44.7_@elec
tri_5c2928a099a752b7e
299aaadb8975aea/node_
modules/[4msrc[24m/
libsql/session.ts:286
:10)
    at LibSQLPrepared
Query.all (file:///D:
/UIT_COURSES/SE100/Da
ilyDesk/node_modules/
[4m.pnpm[24m/drizzl
e-orm@0.44.7_@electri
_5c2928a099a752b7e299
aaadb8975aea/node_mod
ules/[4msrc[24m/lib
sql/session.ts:214:16
)
    at 
Module.updateCard [9
0m(D:\UIT_COURSES\SE1
00\DailyDesk\backend\
[39msrc\services\car
ds.service.ts:537:24
[90m)[39m
    at [90mD:\UIT_CO
URSES\SE100\DailyDesk
\backend\[39msrc\rou
tes\cards.ts:242:25
    at dispatch (file
:///D:/UIT_COURSES/SE
100/DailyDesk/node_mo
dules/[4m.pnpm[24m/
hono@4.11.3/node_modu
les/[4mhono[24m/dis
t/compose.js:22:17)
    at file:///D:/UIT
_COURSES/SE100/DailyD
esk/node_modules/[4m
.pnpm[24m/hono@4.11.
3/node_modules/[4mho
no[24m/dist/validato
r/validator.js:81:12
    at mw (file:///D:
/UIT_COURSES/SE100/Da
ilyDesk/node_modules/
[4m.pnpm[24m/@hono+
zod-openapi@1.2.0_hon
o@4.11.3_zod@4.3.5/no
de_modules/[4m@hono
[24m/zod-openapi/src/
index.ts:546:26)
    at dispatch (file
:///D:/UIT_COURSES/SE
100/DailyDesk/node_mo
dules/[4m.pnpm[24m/
hono@4.11.3/node_modu
les/[4mhono[24m/dis
t/compose.js:22:17) {
  query: 
[32m'select "id", 
"name", 
"description", 
"order", 
"cover_url", 
"cover_public_id", 
"cover_color", 
"cover_mode", 
"list_id", 
"start_date", 
"deadline", 
"due_at", 
"due_complete", 
"reminder_minutes", 
"recurrence", 
"recurrence_day", "re
currence_weekday", 
"latitude", 
"longitude", 
"completed", 
"is_template", 
"created_at", 
"updated_at" from 
"cards" where 
"cards"."id" = ? 
limit ?'[39m,
  params: [ [32m'019
bc10a-b0bc-7968-a6ff-
ef29d3698fd7'[39m, 
[33m1[39m ],
  cause: 
LibsqlError: 
SQLITE_ERROR: no 
such column: 
is_template
      at 
mapSqliteError (file:
///D:/UIT_COURSES/SE1
00/DailyDesk/node_mod
ules/[4m.pnpm[24m/@
libsql+client@0.15.15
/node_modules/[4m@li
bsql[24m/client/lib-
esm/sqlite3.js:392:16
)
      at executeStmt 
(file:///D:/UIT_COURS
ES/SE100/DailyDesk/no
de_modules/[4m.pnpm
[24m/@libsql+client@0
.15.15/node_modules/
[4m@libsql[24m/clien
t/lib-esm/sqlite3.js:
297:15)
      at Sqlite3Clien
t.execute (file:///D:
/UIT_COURSES/SE100/Da
ilyDesk/node_modules/
[4m.pnpm[24m/@libsq
l+client@0.15.15/node
_modules/[4m@libsql
[24m/client/lib-esm/s
qlite3.js:81:16)
  [90m    ... 5 
lines matching cause 
stack trace ...[39m
      at SQLiteSelect
Base.execute (file://
/D:/UIT_COURSES/SE100
/DailyDesk/node_modul
es/[4m.pnpm[24m/dri
zzle-orm@0.44.7_@elec
tri_5c2928a099a752b7e
299aaadb8975aea/node_
modules/[4msrc[24m/
sqlite-core/query-bui
lders/select.ts:962:1
5)
      at SQLiteSelect
Base.then (file:///D:
/UIT_COURSES/SE100/Da
ilyDesk/node_modules/
[4m.pnpm[24m/drizzl
e-orm@0.44.7_@electri
_5c2928a099a752b7e299
aaadb8975aea/node_mod
ules/[4msrc[24m/que
ry-promise.ts:31:15) 
{
    code: [32m'SQLIT
E_ERROR'[39m,
    rawCode: 
[33m1[39m,
    [cause]: 
SqliteError: no such 
column: is_template
        at 
convertError (D:\UIT_
COURSES\SE100\DailyDe
sk\node_modules\[4m.
pnpm[24m\libsql@0.5.
22\node_modules\[4ml
ibsql[24m\index.js:5
9:12)
        at 
Database.prepare (D:\
UIT_COURSES\SE100\Dai
lyDesk\node_modules\
[4m.pnpm[24m\libsql@
0.5.22\node_modules\
[4mlibsql[24m\index.
js:131:13)
        at 
executeStmt (file:///
D:/UIT_COURSES/SE100/
DailyDesk/node_module
s/[4m.pnpm[24m/@lib
sql+client@0.15.15/no
de_modules/[4m@libsq
l[24m/client/lib-esm
/sqlite3.js:268:28)
        at Sqlite3Cli
ent.execute (file:///
D:/UIT_COURSES/SE100/
DailyDesk/node_module
s/[4m.pnpm[24m/@lib
sql+client@0.15.15/no
de_modules/[4m@libsq
l[24m/client/lib-esm
/sqlite3.js:81:16)
        at file:///D:
/UIT_COURSES/SE100/Da
ilyDesk/node_modules/
[4m.pnpm[24m/drizzl
e-orm@0.44.7_@electri
_5c2928a099a752b7e299
aaadb8975aea/node_mod
ules/[4msrc[24m/lib
sql/session.ts:288:58
        at LibSQLPrep
aredQuery.queryWithCa
che (file:///D:/UIT_C
OURSES/SE100/DailyDes
k/node_modules/[4m.p
npm[24m/drizzle-orm@
0.44.7_@electri_5c292
8a099a752b7e299aaadb8
975aea/node_modules/
[4msrc[24m/sqlite-co
re/session.ts:78:18)
        at LibSQLPrep
aredQuery.values (fil
e:///D:/UIT_COURSES/S
E100/DailyDesk/node_m
odules/[4m.pnpm[24m
/drizzle-orm@0.44.7_@
electri_5c2928a099a75
2b7e299aaadb8975aea/n
ode_modules/[4msrc[
24m/libsql/session.ts
:286:21)
        at LibSQLPrep
aredQuery.all (file:/
//D:/UIT_COURSES/SE10
0/DailyDesk/node_modu
les/[4m.pnpm[24m/dr
izzle-orm@0.44.7_@ele
ctri_5c2928a099a752b7
e299aaadb8975aea/node
_modules/[4msrc[24m
/libsql/session.ts:21
4:27)
        at 
SQLiteSelectBase.all 
(file:///D:/UIT_COURS
ES/SE100/DailyDesk/no
de_modules/[4m.pnpm
[24m/drizzle-orm@0.44
.7_@electri_5c2928a09
9a752b7e299aaadb8975a
ea/node_modules/[4ms
rc[24m/sqlite-core/q
uery-builders/select.
ts:950:26)
        at SQLiteSele
ctBase.execute (file:
///D:/UIT_COURSES/SE1
00/DailyDesk/node_mod
ules/[4m.pnpm[24m/d
rizzle-orm@0.44.7_@el
ectri_5c2928a099a752b
7e299aaadb8975aea/nod
e_modules/[4msrc[24
m/sqlite-core/query-b
uilders/select.ts:962
:15) {
      code: [32m'SQL
ITE_ERROR'[39m,
      rawCode: 
[33m1[39m
    }
  }
}

[90mstderr[2m | tes
ts/cards/cards.test.t
s[2m > 
[22m[2mCards API 
Integration 
Tests[2m > 
[22m[2mPUT /boards/
:boardId/cards/:id[2
m > [22m[2mshould 
update card order
[22m[39mDrizzleQuer
yError: Failed 
query: select "id", 
"name", 
"description", 
"order", 
"cover_url", 
"cover_public_id", 
"cover_color", 
"cover_mode", 
"list_id", 
"start_date", 
"deadline", 
"due_at", 
"due_complete", 
"reminder_minutes", 
"recurrence", 
"recurrence_day", "re
currence_weekday", 
"latitude", 
"longitude", 
"completed", 
"is_template", 
"created_at", 
"updated_at" from 
"cards" where 
"cards"."list_id" = ?
params: 019bc10a-b0c9
-7a0a-a14d-b8df77e8be
fa
    at LibSQLPrepared
Query.queryWithCache 
(file:///D:/UIT_COURS
ES/SE100/DailyDesk/no
de_modules/[4m.pnpm
[24m/drizzle-orm@0.44
.7_@electri_5c2928a09
9a752b7e299aaadb8975a
ea/node_modules/[4ms
rc[24m/sqlite-core/s
ession.ts:80:11)
[90m    at processTi
cksAndRejections (nod
e:internal/process/ta
sk_queues:105:5)[39m
    at LibSQLPrepared
Query.values (file://
/D:/UIT_COURSES/SE100
/DailyDesk/node_modul
es/[4m.pnpm[24m/dri
zzle-orm@0.44.7_@elec
tri_5c2928a099a752b7e
299aaadb8975aea/node_
modules/[4msrc[24m/
libsql/session.ts:286
:10)
    at LibSQLPrepared
Query.all (file:///D:
/UIT_COURSES/SE100/Da
ilyDesk/node_modules/
[4m.pnpm[24m/drizzl
e-orm@0.44.7_@electri
_5c2928a099a752b7e299
aaadb8975aea/node_mod
ules/[4msrc[24m/lib
sql/session.ts:214:16
)
    at 
Module.createCard [9
0m(D:\UIT_COURSES\SE1
00\DailyDesk\backend\
[39msrc\services\car
ds.service.ts:311:23
[90m)[39m
    at [90mD:\UIT_CO
URSES\SE100\DailyDesk
\backend\[39msrc\rou
tes\cards.ts:150:22
    at dispatch (file
:///D:/UIT_COURSES/SE
100/DailyDesk/node_mo
dules/[4m.pnpm[24m/
hono@4.11.3/node_modu
les/[4mhono[24m/dis
t/compose.js:22:17)
    at file:///D:/UIT
_COURSES/SE100/DailyD
esk/node_modules/[4m
.pnpm[24m/hono@4.11.
3/node_modules/[4mho
no[24m/dist/validato
r/validator.js:81:12
    at mw (file:///D:
/UIT_COURSES/SE100/Da
ilyDesk/node_modules/
[4m.pnpm[24m/@hono+
zod-openapi@1.2.0_hon
o@4.11.3_zod@4.3.5/no
de_modules/[4m@hono
[24m/zod-openapi/src/
index.ts:546:26)
    at dispatch (file
:///D:/UIT_COURSES/SE
100/DailyDesk/node_mo
dules/[4m.pnpm[24m/
hono@4.11.3/node_modu
les/[4mhono[24m/dis
t/compose.js:22:17) {
  query: 
[32m'select "id", 
"name", 
"description", 
"order", 
"cover_url", 
"cover_public_id", 
"cover_color", 
"cover_mode", 
"list_id", 
"start_date", 
"deadline", 
"due_at", 
"due_complete", 
"reminder_minutes", 
"recurrence", 
"recurrence_day", "re
currence_weekday", 
"latitude", 
"longitude", 
"completed", 
"is_template", 
"created_at", 
"updated_at" from 
"cards" where 
"cards"."list_id" = 
?'[39m,
  params: [ [32m'019
bc10a-b0c9-7a0a-a14d-
b8df77e8befa'[39m ],
  cause: 
LibsqlError: 
SQLITE_ERROR: no 
such column: 
is_template
      at 
mapSqliteError (file:
///D:/UIT_COURSES/SE1
00/DailyDesk/node_mod
ules/[4m.pnpm[24m/@
libsql+client@0.15.15
/node_modules/[4m@li
bsql[24m/client/lib-
esm/sqlite3.js:392:16
)
      at executeStmt 
(file:///D:/UIT_COURS
ES/SE100/DailyDesk/no
de_modules/[4m.pnpm
[24m/@libsql+client@0
.15.15/node_modules/
[4m@libsql[24m/clien
t/lib-esm/sqlite3.js:
297:15)
      at Sqlite3Clien
t.execute (file:///D:
/UIT_COURSES/SE100/Da
ilyDesk/node_modules/
[4m.pnpm[24m/@libsq
l+client@0.15.15/node
_modules/[4m@libsql
[24m/client/lib-esm/s
qlite3.js:81:16)
  [90m    ... 5 
lines matching cause 
stack trace ...[39m
      at SQLiteSelect
Base.execute (file://
/D:/UIT_COURSES/SE100
/DailyDesk/node_modul
es/[4m.pnpm[24m/dri
zzle-orm@0.44.7_@elec
tri_5c2928a099a752b7e
299aaadb8975aea/node_
modules/[4msrc[24m/
sqlite-core/query-bui
lders/select.ts:962:1
5)
      at SQLiteSelect
Base.then (file:///D:
/UIT_COURSES/SE100/Da
ilyDesk/node_modules/
[4m.pnpm[24m/drizzl
e-orm@0.44.7_@electri
_5c2928a099a752b7e299
aaadb8975aea/node_mod
ules/[4msrc[24m/que
ry-promise.ts:31:15) 
{
    code: [32m'SQLIT
E_ERROR'[39m,
    rawCode: 
[33m1[39m,
    [cause]: 
SqliteError: no such 
column: is_template
        at 
convertError (D:\UIT_
COURSES\SE100\DailyDe
sk\node_modules\[4m.
pnpm[24m\libsql@0.5.
22\node_modules\[4ml
ibsql[24m\index.js:5
9:12)
        at 
Database.prepare (D:\
UIT_COURSES\SE100\Dai
lyDesk\node_modules\
[4m.pnpm[24m\libsql@
0.5.22\node_modules\
[4mlibsql[24m\index.
js:131:13)
        at 
executeStmt (file:///
D:/UIT_COURSES/SE100/
DailyDesk/node_module
s/[4m.pnpm[24m/@lib
sql+client@0.15.15/no
de_modules/[4m@libsq
l[24m/client/lib-esm
/sqlite3.js:268:28)
        at Sqlite3Cli
ent.execute (file:///
D:/UIT_COURSES/SE100/
DailyDesk/node_module
s/[4m.pnpm[24m/@lib
sql+client@0.15.15/no
de_modules/[4m@libsq
l[24m/client/lib-esm
/sqlite3.js:81:16)
        at file:///D:
/UIT_COURSES/SE100/Da
ilyDesk/node_modules/
[4m.pnpm[24m/drizzl
e-orm@0.44.7_@electri
_5c2928a099a752b7e299
aaadb8975aea/node_mod
ules/[4msrc[24m/lib
sql/session.ts:288:58
        at LibSQLPrep
aredQuery.queryWithCa
che (file:///D:/UIT_C
OURSES/SE100/DailyDes
k/node_modules/[4m.p
npm[24m/drizzle-orm@
0.44.7_@electri_5c292
8a099a752b7e299aaadb8
975aea/node_modules/
[4msrc[24m/sqlite-co
re/session.ts:78:18)
        at LibSQLPrep
aredQuery.values (fil
e:///D:/UIT_COURSES/S
E100/DailyDesk/node_m
odules/[4m.pnpm[24m
/drizzle-orm@0.44.7_@
electri_5c2928a099a75
2b7e299aaadb8975aea/n
ode_modules/[4msrc[
24m/libsql/session.ts
:286:21)
        at LibSQLPrep
aredQuery.all (file:/
//D:/UIT_COURSES/SE10
0/DailyDesk/node_modu
les/[4m.pnpm[24m/dr
izzle-orm@0.44.7_@ele
ctri_5c2928a099a752b7
e299aaadb8975aea/node
_modules/[4msrc[24m
/libsql/session.ts:21
4:27)
        at 
SQLiteSelectBase.all 
(file:///D:/UIT_COURS
ES/SE100/DailyDesk/no
de_modules/[4m.pnpm
[24m/drizzle-orm@0.44
.7_@electri_5c2928a09
9a752b7e299aaadb8975a
ea/node_modules/[4ms
rc[24m/sqlite-core/q
uery-builders/select.
ts:950:26)
        at SQLiteSele
ctBase.execute (file:
///D:/UIT_COURSES/SE1
00/DailyDesk/node_mod
ules/[4m.pnpm[24m/d
rizzle-orm@0.44.7_@el
ectri_5c2928a099a752b
7e299aaadb8975aea/nod
e_modules/[4msrc[24
m/sqlite-core/query-b
uilders/select.ts:962
:15) {
      code: [32m'SQL
ITE_ERROR'[39m,
      rawCode: 
[33m1[39m
    }
  }
}
DrizzleQueryError: 
Failed query: select 
"id", "name", 
"description", 
"order", 
"cover_url", 
"cover_public_id", 
"cover_color", 
"cover_mode", 
"list_id", 
"start_date", 
"deadline", 
"due_at", 
"due_complete", 
"reminder_minutes", 
"recurrence", 
"recurrence_day", "re
currence_weekday", 
"latitude", 
"longitude", 
"completed", 
"is_template", 
"created_at", 
"updated_at" from 
"cards" where 
"cards"."list_id" = ?
params: 019bc10a-b0c9
-7a0a-a14d-b8df77e8be
fa
    at LibSQLPrepared
Query.queryWithCache 
(file:///D:/UIT_COURS
ES/SE100/DailyDesk/no
de_modules/[4m.pnpm
[24m/drizzle-orm@0.44
.7_@electri_5c2928a09
9a752b7e299aaadb8975a
ea/node_modules/[4ms
rc[24m/sqlite-core/s
ession.ts:80:11)
[90m    at processTi
cksAndRejections (nod
e:internal/process/ta
sk_queues:105:5)[39m
    at LibSQLPrepared
Query.values (file://
/D:/UIT_COURSES/SE100
/DailyDesk/node_modul
es/[4m.pnpm[24m/dri
zzle-orm@0.44.7_@elec
tri_5c2928a099a752b7e
299aaadb8975aea/node_
modules/[4msrc[24m/
libsql/session.ts:286
:10)
    at LibSQLPrepared
Query.all (file:///D:
/UIT_COURSES/SE100/Da
ilyDesk/node_modules/
[4m.pnpm[24m/drizzl
e-orm@0.44.7_@electri
_5c2928a099a752b7e299
aaadb8975aea/node_mod
ules/[4msrc[24m/lib
sql/session.ts:214:16
)
    at 
Module.createCard [9
0m(D:\UIT_COURSES\SE1
00\DailyDesk\backend\
[39msrc\services\car
ds.service.ts:311:23
[90m)[39m
    at [90mD:\UIT_CO
URSES\SE100\DailyDesk
\backend\[39msrc\rou
tes\cards.ts:150:22
    at dispatch (file
:///D:/UIT_COURSES/SE
100/DailyDesk/node_mo
dules/[4m.pnpm[24m/
hono@4.11.3/node_modu
les/[4mhono[24m/dis
t/compose.js:22:17)
    at file:///D:/UIT
_COURSES/SE100/DailyD
esk/node_modules/[4m
.pnpm[24m/hono@4.11.
3/node_modules/[4mho
no[24m/dist/validato
r/validator.js:81:12
    at mw (file:///D:
/UIT_COURSES/SE100/Da
ilyDesk/node_modules/
[4m.pnpm[24m/@hono+
zod-openapi@1.2.0_hon
o@4.11.3_zod@4.3.5/no
de_modules/[4m@hono
[24m/zod-openapi/src/
index.ts:546:26)
    at dispatch (file
:///D:/UIT_COURSES/SE
100/DailyDesk/node_mo
dules/[4m.pnpm[24m/
hono@4.11.3/node_modu
les/[4mhono[24m/dis
t/compose.js:22:17) {
  query: 
[32m'select "id", 
"name", 
"description", 
"order", 
"cover_url", 
"cover_public_id", 
"cover_color", 
"cover_mode", 
"list_id", 
"start_date", 
"deadline", 
"due_at", 
"due_complete", 
"reminder_minutes", 
"recurrence", 
"recurrence_day", "re
currence_weekday", 
"latitude", 
"longitude", 
"completed", 
"is_template", 
"created_at", 
"updated_at" from 
"cards" where 
"cards"."list_id" = 
?'[39m,
  params: [ [32m'019
bc10a-b0c9-7a0a-a14d-
b8df77e8befa'[39m ],
  cause: 
LibsqlError: 
SQLITE_ERROR: no 
such column: 
is_template
      at 
mapSqliteError (file:
///D:/UIT_COURSES/SE1
00/DailyDesk/node_mod
ules/[4m.pnpm[24m/@
libsql+client@0.15.15
/node_modules/[4m@li
bsql[24m/client/lib-
esm/sqlite3.js:392:16
)
      at executeStmt 
(file:///D:/UIT_COURS
ES/SE100/DailyDesk/no
de_modules/[4m.pnpm
[24m/@libsql+client@0
.15.15/node_modules/
[4m@libsql[24m/clien
t/lib-esm/sqlite3.js:
297:15)
      at Sqlite3Clien
t.execute (file:///D:
/UIT_COURSES/SE100/Da
ilyDesk/node_modules/
[4m.pnpm[24m/@libsq
l+client@0.15.15/node
_modules/[4m@libsql
[24m/client/lib-esm/s
qlite3.js:81:16)
  [90m    ... 5 
lines matching cause 
stack trace ...[39m
      at SQLiteSelect
Base.execute (file://
/D:/UIT_COURSES/SE100
/DailyDesk/node_modul
es/[4m.pnpm[24m/dri
zzle-orm@0.44.7_@elec
tri_5c2928a099a752b7e
299aaadb8975aea/node_
modules/[4msrc[24m/
sqlite-core/query-bui
lders/select.ts:962:1
5)
      at SQLiteSelect
Base.then (file:///D:
/UIT_COURSES/SE100/Da
ilyDesk/node_modules/
[4m.pnpm[24m/drizzl
e-orm@0.44.7_@electri
_5c2928a099a752b7e299
aaadb8975aea/node_mod
ules/[4msrc[24m/que
ry-promise.ts:31:15) 
{
    code: [32m'SQLIT
E_ERROR'[39m,
    rawCode: 
[33m1[39m,
    [cause]: 
SqliteError: no such 
column: is_template
        at 
convertError (D:\UIT_
COURSES\SE100\DailyDe
sk\node_modules\[4m.
pnpm[24m\libsql@0.5.
22\node_modules\[4ml
ibsql[24m\index.js:5
9:12)
        at 
Database.prepare (D:\
UIT_COURSES\SE100\Dai
lyDesk\node_modules\
[4m.pnpm[24m\libsql@
0.5.22\node_modules\
[4mlibsql[24m\index.
js:131:13)
        at 
executeStmt (file:///
D:/UIT_COURSES/SE100/
DailyDesk/node_module
s/[4m.pnpm[24m/@lib
sql+client@0.15.15/no
de_modules/[4m@libsq
l[24m/client/lib-esm
/sqlite3.js:268:28)
        at Sqlite3Cli
ent.execute (file:///
D:/UIT_COURSES/SE100/
DailyDesk/node_module
s/[4m.pnpm[24m/@lib
sql+client@0.15.15/no
de_modules/[4m@libsq
l[24m/client/lib-esm
/sqlite3.js:81:16)
        at file:///D:
/UIT_COURSES/SE100/Da
ilyDesk/node_modules/
[4m.pnpm[24m/drizzl
e-orm@0.44.7_@electri
_5c2928a099a752b7e299
aaadb8975aea/node_mod
ules/[4msrc[24m/lib
sql/session.ts:288:58
        at LibSQLPrep
aredQuery.queryWithCa
che (file:///D:/UIT_C
OURSES/SE100/DailyDes
k/node_modules/[4m.p
npm[24m/drizzle-orm@
0.44.7_@electri_5c292
8a099a752b7e299aaadb8
975aea/node_modules/
[4msrc[24m/sqlite-co
re/session.ts:78:18)
        at LibSQLPrep
aredQuery.values (fil
e:///D:/UIT_COURSES/S
E100/DailyDesk/node_m
odules/[4m.pnpm[24m
/drizzle-orm@0.44.7_@
electri_5c2928a099a75
2b7e299aaadb8975aea/n
ode_modules/[4msrc[
24m/libsql/session.ts
:286:21)
        at LibSQLPrep
aredQuery.all (file:/
//D:/UIT_COURSES/SE10
0/DailyDesk/node_modu
les/[4m.pnpm[24m/dr
izzle-orm@0.44.7_@ele
ctri_5c2928a099a752b7
e299aaadb8975aea/node
_modules/[4msrc[24m
/libsql/session.ts:21
4:27)
        at 
SQLiteSelectBase.all 
(file:///D:/UIT_COURS
ES/SE100/DailyDesk/no
de_modules/[4m.pnpm
[24m/drizzle-orm@0.44
.7_@electri_5c2928a09
9a752b7e299aaadb8975a
ea/node_modules/[4ms
rc[24m/sqlite-core/q
uery-builders/select.
ts:950:26)
        at SQLiteSele
ctBase.execute (file:
///D:/UIT_COURSES/SE1
00/DailyDesk/node_mod
ules/[4m.pnpm[24m/d
rizzle-orm@0.44.7_@el
ectri_5c2928a099a752b
7e299aaadb8975aea/nod
e_modules/[4msrc[24
m/sqlite-core/query-b
uilders/select.ts:962
:15) {
      code: [32m'SQL
ITE_ERROR'[39m,
      rawCode: 
[33m1[39m
    }
  }
}
DrizzleQueryError: 
Failed query: select 
"id", "name", 
"description", 
"order", 
"cover_url", 
"cover_public_id", 
"cover_color", 
"cover_mode", 
"list_id", 
"start_date", 
"deadline", 
"due_at", 
"due_complete", 
"reminder_minutes", 
"recurrence", 
"recurrence_day", "re
currence_weekday", 
"latitude", 
"longitude", 
"completed", 
"is_template", 
"created_at", 
"updated_at" from 
"cards" where 
"cards"."list_id" = ?
params: 019bc10a-b0c9
-7a0a-a14d-b8df77e8be
fa
    at LibSQLPrepared
Query.queryWithCache 
(file:///D:/UIT_COURS
ES/SE100/DailyDesk/no
de_modules/[4m.pnpm
[24m/drizzle-orm@0.44
.7_@electri_5c2928a09
9a752b7e299aaadb8975a
ea/node_modules/[4ms
rc[24m/sqlite-core/s
ession.ts:80:11)
[90m    at processTi
cksAndRejections (nod
e:internal/process/ta
sk_queues:105:5)[39m
    at LibSQLPrepared
Query.values (file://
/D:/UIT_COURSES/SE100
/DailyDesk/node_modul
es/[4m.pnpm[24m/dri
zzle-orm@0.44.7_@elec
tri_5c2928a099a752b7e
299aaadb8975aea/node_
modules/[4msrc[24m/
libsql/session.ts:286
:10)
    at LibSQLPrepared
Query.all (file:///D:
/UIT_COURSES/SE100/Da
ilyDesk/node_modules/
[4m.pnpm[24m/drizzl
e-orm@0.44.7_@electri
_5c2928a099a752b7e299
aaadb8975aea/node_mod
ules/[4msrc[24m/lib
sql/session.ts:214:16
)
    at 
Module.createCard [9
0m(D:\UIT_COURSES\SE1
00\DailyDesk\backend\
[39msrc\services\car
ds.service.ts:311:23
[90m)[39m
    at [90mD:\UIT_CO
URSES\SE100\DailyDesk
\backend\[39msrc\rou
tes\cards.ts:150:22
    at dispatch (file
:///D:/UIT_COURSES/SE
100/DailyDesk/node_mo
dules/[4m.pnpm[24m/
hono@4.11.3/node_modu
les/[4mhono[24m/dis
t/compose.js:22:17)
    at file:///D:/UIT
_COURSES/SE100/DailyD
esk/node_modules/[4m
.pnpm[24m/hono@4.11.
3/node_modules/[4mho
no[24m/dist/validato
r/validator.js:81:12
    at mw (file:///D:
/UIT_COURSES/SE100/Da
ilyDesk/node_modules/
[4m.pnpm[24m/@hono+
zod-openapi@1.2.0_hon
o@4.11.3_zod@4.3.5/no
de_modules/[4m@hono
[24m/zod-openapi/src/
index.ts:546:26)
    at dispatch (file
:///D:/UIT_COURSES/SE
100/DailyDesk/node_mo
dules/[4m.pnpm[24m/
hono@4.11.3/node_modu
les/[4mhono[24m/dis
t/compose.js:22:17) {
  query: 
[32m'select "id", 
"name", 
"description", 
"order", 
"cover_url", 
"cover_public_id", 
"cover_color", 
"cover_mode", 
"list_id", 
"start_date", 
"deadline", 
"due_at", 
"due_complete", 
"reminder_minutes", 
"recurrence", 
"recurrence_day", "re
currence_weekday", 
"latitude", 
"longitude", 
"completed", 
"is_template", 
"created_at", 
"updated_at" from 
"cards" where 
"cards"."list_id" = 
?'[39m,
  params: [ [32m'019
bc10a-b0c9-7a0a-a14d-
b8df77e8befa'[39m ],
  cause: 
LibsqlError: 
SQLITE_ERROR: no 
such column: 
is_template
      at 
mapSqliteError (file:
///D:/UIT_COURSES/SE1
00/DailyDesk/node_mod
ules/[4m.pnpm[24m/@
libsql+client@0.15.15
/node_modules/[4m@li
bsql[24m/client/lib-
esm/sqlite3.js:392:16
)
      at executeStmt 
(file:///D:/UIT_COURS
ES/SE100/DailyDesk/no
de_modules/[4m.pnpm
[24m/@libsql+client@0
.15.15/node_modules/
[4m@libsql[24m/clien
t/lib-esm/sqlite3.js:
297:15)
      at Sqlite3Clien
t.execute (file:///D:
/UIT_COURSES/SE100/Da
ilyDesk/node_modules/
[4m.pnpm[24m/@libsq
l+client@0.15.15/node
_modules/[4m@libsql
[24m/client/lib-esm/s
qlite3.js:81:16)
  [90m    ... 5 
lines matching cause 
stack trace ...[39m
      at SQLiteSelect
Base.execute (file://
/D:/UIT_COURSES/SE100
/DailyDesk/node_modul
es/[4m.pnpm[24m/dri
zzle-orm@0.44.7_@elec
tri_5c2928a099a752b7e
299aaadb8975aea/node_
modules/[4msrc[24m/
sqlite-core/query-bui
lders/select.ts:962:1
5)
      at SQLiteSelect
Base.then (file:///D:
/UIT_COURSES/SE100/Da
ilyDesk/node_modules/
[4m.pnpm[24m/drizzl
e-orm@0.44.7_@electri
_5c2928a099a752b7e299
aaadb8975aea/node_mod
ules/[4msrc[24m/que
ry-promise.ts:31:15) 
{
    code: [32m'SQLIT
E_ERROR'[39m,
    rawCode: 
[33m1[39m,
    [cause]: 
SqliteError: no such 
column: is_template
        at 
convertError (D:\UIT_
COURSES\SE100\DailyDe
sk\node_modules\[4m.
pnpm[24m\libsql@0.5.
22\node_modules\[4ml
ibsql[24m\index.js:5
9:12)
        at 
Database.prepare (D:\
UIT_COURSES\SE100\Dai
lyDesk\node_modules\
[4m.pnpm[24m\libsql@
0.5.22\node_modules\
[4mlibsql[24m\index.
js:131:13)
        at 
executeStmt (file:///
D:/UIT_COURSES/SE100/
DailyDesk/node_module
s/[4m.pnpm[24m/@lib
sql+client@0.15.15/no
de_modules/[4m@libsq
l[24m/client/lib-esm
/sqlite3.js:268:28)
        at Sqlite3Cli
ent.execute (file:///
D:/UIT_COURSES/SE100/
DailyDesk/node_module
s/[4m.pnpm[24m/@lib
sql+client@0.15.15/no
de_modules/[4m@libsq
l[24m/client/lib-esm
/sqlite3.js:81:16)
        at file:///D:
/UIT_COURSES/SE100/Da
ilyDesk/node_modules/
[4m.pnpm[24m/drizzl
e-orm@0.44.7_@electri
_5c2928a099a752b7e299
aaadb8975aea/node_mod
ules/[4msrc[24m/lib
sql/session.ts:288:58
        at LibSQLPrep
aredQuery.queryWithCa
che (file:///D:/UIT_C
OURSES/SE100/DailyDes
k/node_modules/[4m.p
npm[24m/drizzle-orm@
0.44.7_@electri_5c292
8a099a752b7e299aaadb8
975aea/node_modules/
[4msrc[24m/sqlite-co
re/session.ts:78:18)
        at LibSQLPrep
aredQuery.values (fil
e:///D:/UIT_COURSES/S
E100/DailyDesk/node_m
odules/[4m.pnpm[24m
/drizzle-orm@0.44.7_@
electri_5c2928a099a75
2b7e299aaadb8975aea/n
ode_modules/[4msrc[
24m/libsql/session.ts
:286:21)
        at LibSQLPrep
aredQuery.all (file:/
//D:/UIT_COURSES/SE10
0/DailyDesk/node_modu
les/[4m.pnpm[24m/dr
izzle-orm@0.44.7_@ele
ctri_5c2928a099a752b7
e299aaadb8975aea/node
_modules/[4msrc[24m
/libsql/session.ts:21
4:27)
        at 
SQLiteSelectBase.all 
(file:///D:/UIT_COURS
ES/SE100/DailyDesk/no
de_modules/[4m.pnpm
[24m/drizzle-orm@0.44
.7_@electri_5c2928a09
9a752b7e299aaadb8975a
ea/node_modules/[4ms
rc[24m/sqlite-core/q
uery-builders/select.
ts:950:26)
        at SQLiteSele
ctBase.execute (file:
///D:/UIT_COURSES/SE1
00/DailyDesk/node_mod
ules/[4m.pnpm[24m/d
rizzle-orm@0.44.7_@el
ectri_5c2928a099a752b
7e299aaadb8975aea/nod
e_modules/[4msrc[24
m/sqlite-core/query-b
uilders/select.ts:962
:15) {
      code: [32m'SQL
ITE_ERROR'[39m,
      rawCode: 
[33m1[39m
    }
  }
}
Error in updateCard 
route: 
DrizzleQueryError: 
Failed query: select 
"id", "name", 
"description", 
"order", 
"cover_url", 
"cover_public_id", 
"cover_color", 
"cover_mode", 
"list_id", 
"start_date", 
"deadline", 
"due_at", 
"due_complete", 
"reminder_minutes", 
"recurrence", 
"recurrence_day", "re
currence_weekday", 
"latitude", 
"longitude", 
"completed", 
"is_template", 
"created_at", 
"updated_at" from 
"cards" where 
"cards"."id" = ? 
limit ?
params: 019bc10a-b0cb
-79b6-a9f5-e62de73f87
90,1
    at LibSQLPrepared
Query.queryWithCache 
(file:///D:/UIT_COURS
ES/SE100/DailyDesk/no
de_modules/[4m.pnpm
[24m/drizzle-orm@0.44
.7_@electri_5c2928a09
9a752b7e299aaadb8975a
ea/node_modules/[4ms
rc[24m/sqlite-core/s
ession.ts:80:11)
[90m    at processTi
cksAndRejections (nod
e:internal/process/ta
sk_queues:105:5)[39m
    at LibSQLPrepared
Query.values (file://
/D:/UIT_COURSES/SE100
/DailyDesk/node_modul
es/[4m.pnpm[24m/dri
zzle-orm@0.44.7_@elec
tri_5c2928a099a752b7e
299aaadb8975aea/node_
modules/[4msrc[24m/
libsql/session.ts:286
:10)
    at LibSQLPrepared
Query.all (file:///D:
/UIT_COURSES/SE100/Da
ilyDesk/node_modules/
[4m.pnpm[24m/drizzl
e-orm@0.44.7_@electri
_5c2928a099a752b7e299
aaadb8975aea/node_mod
ules/[4msrc[24m/lib
sql/session.ts:214:16
)
    at 
Module.updateCard [9
0m(D:\UIT_COURSES\SE1
00\DailyDesk\backend\
[39msrc\services\car
ds.service.ts:537:24
[90m)[39m
    at [90mD:\UIT_CO
URSES\SE100\DailyDesk
\backend\[39msrc\rou
tes\cards.ts:242:25
    at dispatch (file
:///D:/UIT_COURSES/SE
100/DailyDesk/node_mo
dules/[4m.pnpm[24m/
hono@4.11.3/node_modu
les/[4mhono[24m/dis
t/compose.js:22:17)
    at file:///D:/UIT
_COURSES/SE100/DailyD
esk/node_modules/[4m
.pnpm[24m/hono@4.11.
3/node_modules/[4mho
no[24m/dist/validato
r/validator.js:81:12
    at mw (file:///D:
/UIT_COURSES/SE100/Da
ilyDesk/node_modules/
[4m.pnpm[24m/@hono+
zod-openapi@1.2.0_hon
o@4.11.3_zod@4.3.5/no
de_modules/[4m@hono
[24m/zod-openapi/src/
index.ts:546:26)
    at dispatch (file
:///D:/UIT_COURSES/SE
100/DailyDesk/node_mo
dules/[4m.pnpm[24m/
hono@4.11.3/node_modu
les/[4mhono[24m/dis
t/compose.js:22:17) {
  query: 
[32m'select "id", 
"name", 
"description", 
"order", 
"cover_url", 
"cover_public_id", 
"cover_color", 
"cover_mode", 
"list_id", 
"start_date", 
"deadline", 
"due_at", 
"due_complete", 
"reminder_minutes", 
"recurrence", 
"recurrence_day", "re
currence_weekday", 
"latitude", 
"longitude", 
"completed", 
"is_template", 
"created_at", 
"updated_at" from 
"cards" where 
"cards"."id" = ? 
limit ?'[39m,
  params: [ [32m'019
bc10a-b0cb-79b6-a9f5-
e62de73f8790'[39m, 
[33m1[39m ],
  cause: 
LibsqlError: 
SQLITE_ERROR: no 
such column: 
is_template
      at 
mapSqliteError (file:
///D:/UIT_COURSES/SE1
00/DailyDesk/node_mod
ules/[4m.pnpm[24m/@
libsql+client@0.15.15
/node_modules/[4m@li
bsql[24m/client/lib-
esm/sqlite3.js:392:16
)
      at executeStmt 
(file:///D:/UIT_COURS
ES/SE100/DailyDesk/no
de_modules/[4m.pnpm
[24m/@libsql+client@0
.15.15/node_modules/
[4m@libsql[24m/clien
t/lib-esm/sqlite3.js:
297:15)
      at Sqlite3Clien
t.execute (file:///D:
/UIT_COURSES/SE100/Da
ilyDesk/node_modules/
[4m.pnpm[24m/@libsq
l+client@0.15.15/node
_modules/[4m@libsql
[24m/client/lib-esm/s
qlite3.js:81:16)
  [90m    ... 5 
lines matching cause 
stack trace ...[39m
      at SQLiteSelect
Base.execute (file://
/D:/UIT_COURSES/SE100
/DailyDesk/node_modul
es/[4m.pnpm[24m/dri
zzle-orm@0.44.7_@elec
tri_5c2928a099a752b7e
299aaadb8975aea/node_
modules/[4msrc[24m/
sqlite-core/query-bui
lders/select.ts:962:1
5)
      at SQLiteSelect
Base.then (file:///D:
/UIT_COURSES/SE100/Da
ilyDesk/node_modules/
[4m.pnpm[24m/drizzl
e-orm@0.44.7_@electri
_5c2928a099a752b7e299
aaadb8975aea/node_mod
ules/[4msrc[24m/que
ry-promise.ts:31:15) 
{
    code: [32m'SQLIT
E_ERROR'[39m,
    rawCode: 
[33m1[39m,
    [cause]: 
SqliteError: no such 
column: is_template
        at 
convertError (D:\UIT_
COURSES\SE100\DailyDe
sk\node_modules\[4m.
pnpm[24m\libsql@0.5.
22\node_modules\[4ml
ibsql[24m\index.js:5
9:12)
        at 
Database.prepare (D:\
UIT_COURSES\SE100\Dai
lyDesk\node_modules\
[4m.pnpm[24m\libsql@
0.5.22\node_modules\
[4mlibsql[24m\index.
js:131:13)
        at 
executeStmt (file:///
D:/UIT_COURSES/SE100/
DailyDesk/node_module
s/[4m.pnpm[24m/@lib
sql+client@0.15.15/no
de_modules/[4m@libsq
l[24m/client/lib-esm
/sqlite3.js:268:28)
        at Sqlite3Cli
ent.execute (file:///
D:/UIT_COURSES/SE100/
DailyDesk/node_module
s/[4m.pnpm[24m/@lib
sql+client@0.15.15/no
de_modules/[4m@libsq
l[24m/client/lib-esm
/sqlite3.js:81:16)
        at file:///D:
/UIT_COURSES/SE100/Da
ilyDesk/node_modules/
[4m.pnpm[24m/drizzl
e-orm@0.44.7_@electri
_5c2928a099a752b7e299
aaadb8975aea/node_mod
ules/[4msrc[24m/lib
sql/session.ts:288:58
        at LibSQLPrep
aredQuery.queryWithCa
che (file:///D:/UIT_C
OURSES/SE100/DailyDes
k/node_modules/[4m.p
npm[24m/drizzle-orm@
0.44.7_@electri_5c292
8a099a752b7e299aaadb8
975aea/node_modules/
[4msrc[24m/sqlite-co
re/session.ts:78:18)
        at LibSQLPrep
aredQuery.values (fil
e:///D:/UIT_COURSES/S
E100/DailyDesk/node_m
odules/[4m.pnpm[24m
/drizzle-orm@0.44.7_@
electri_5c2928a099a75
2b7e299aaadb8975aea/n
ode_modules/[4msrc[
24m/libsql/session.ts
:286:21)
        at LibSQLPrep
aredQuery.all (file:/
//D:/UIT_COURSES/SE10
0/DailyDesk/node_modu
les/[4m.pnpm[24m/dr
izzle-orm@0.44.7_@ele
ctri_5c2928a099a752b7
e299aaadb8975aea/node
_modules/[4msrc[24m
/libsql/session.ts:21
4:27)
        at 
SQLiteSelectBase.all 
(file:///D:/UIT_COURS
ES/SE100/DailyDesk/no
de_modules/[4m.pnpm
[24m/drizzle-orm@0.44
.7_@electri_5c2928a09
9a752b7e299aaadb8975a
ea/node_modules/[4ms
rc[24m/sqlite-core/q
uery-builders/select.
ts:950:26)
        at SQLiteSele
ctBase.execute (file:
///D:/UIT_COURSES/SE1
00/DailyDesk/node_mod
ules/[4m.pnpm[24m/d
rizzle-orm@0.44.7_@el
ectri_5c2928a099a752b
7e299aaadb8975aea/nod
e_modules/[4msrc[24
m/sqlite-core/query-b
uilders/select.ts:962
:15) {
      code: [32m'SQL
ITE_ERROR'[39m,
      rawCode: 
[33m1[39m
    }
  }
}
DrizzleQueryError: 
Failed query: select 
"id", "name", 
"description", 
"order", 
"cover_url", 
"cover_public_id", 
"cover_color", 
"cover_mode", 
"list_id", 
"start_date", 
"deadline", 
"due_at", 
"due_complete", 
"reminder_minutes", 
"recurrence", 
"recurrence_day", "re
currence_weekday", 
"latitude", 
"longitude", 
"completed", 
"is_template", 
"created_at", 
"updated_at" from 
"cards" where 
"cards"."id" = ? 
limit ?
params: 019bc10a-b0cb
-79b6-a9f5-e62de73f87
90,1
    at LibSQLPrepared
Query.queryWithCache 
(file:///D:/UIT_COURS
ES/SE100/DailyDesk/no
de_modules/[4m.pnpm
[24m/drizzle-orm@0.44
.7_@electri_5c2928a09
9a752b7e299aaadb8975a
ea/node_modules/[4ms
rc[24m/sqlite-core/s
ession.ts:80:11)
[90m    at processTi
cksAndRejections (nod
e:internal/process/ta
sk_queues:105:5)[39m
    at LibSQLPrepared
Query.values (file://
/D:/UIT_COURSES/SE100
/DailyDesk/node_modul
es/[4m.pnpm[24m/dri
zzle-orm@0.44.7_@elec
tri_5c2928a099a752b7e
299aaadb8975aea/node_
modules/[4msrc[24m/
libsql/session.ts:286
:10)
    at LibSQLPrepared
Query.all (file:///D:
/UIT_COURSES/SE100/Da
ilyDesk/node_modules/
[4m.pnpm[24m/drizzl
e-orm@0.44.7_@electri
_5c2928a099a752b7e299
aaadb8975aea/node_mod
ules/[4msrc[24m/lib
sql/session.ts:214:16
)
    at 
Module.updateCard [9
0m(D:\UIT_COURSES\SE1
00\DailyDesk\backend\
[39msrc\services\car
ds.service.ts:537:24
[90m)[39m
    at [90mD:\UIT_CO
URSES\SE100\DailyDesk
\backend\[39msrc\rou
tes\cards.ts:242:25
    at dispatch (file
:///D:/UIT_COURSES/SE
100/DailyDesk/node_mo
dules/[4m.pnpm[24m/
hono@4.11.3/node_modu
les/[4mhono[24m/dis
t/compose.js:22:17)
    at file:///D:/UIT
_COURSES/SE100/DailyD
esk/node_modules/[4m
.pnpm[24m/hono@4.11.
3/node_modules/[4mho
no[24m/dist/validato
r/validator.js:81:12
    at mw (file:///D:
/UIT_COURSES/SE100/Da
ilyDesk/node_modules/
[4m.pnpm[24m/@hono+
zod-openapi@1.2.0_hon
o@4.11.3_zod@4.3.5/no
de_modules/[4m@hono
[24m/zod-openapi/src/
index.ts:546:26)
    at dispatch (file
:///D:/UIT_COURSES/SE
100/DailyDesk/node_mo
dules/[4m.pnpm[24m/
hono@4.11.3/node_modu
les/[4mhono[24m/dis
t/compose.js:22:17) {
  query: 
[32m'select "id", 
"name", 
"description", 
"order", 
"cover_url", 
"cover_public_id", 
"cover_color", 
"cover_mode", 
"list_id", 
"start_date", 
"deadline", 
"due_at", 
"due_complete", 
"reminder_minutes", 
"recurrence", 
"recurrence_day", "re
currence_weekday", 
"latitude", 
"longitude", 
"completed", 
"is_template", 
"created_at", 
"updated_at" from 
"cards" where 
"cards"."id" = ? 
limit ?'[39m,
  params: [ [32m'019
bc10a-b0cb-79b6-a9f5-
e62de73f8790'[39m, 
[33m1[39m ],
  cause: 
LibsqlError: 
SQLITE_ERROR: no 
such column: 
is_template
      at 
mapSqliteError (file:
///D:/UIT_COURSES/SE1
00/DailyDesk/node_mod
ules/[4m.pnpm[24m/@
libsql+client@0.15.15
/node_modules/[4m@li
bsql[24m/client/lib-
esm/sqlite3.js:392:16
)
      at executeStmt 
(file:///D:/UIT_COURS
ES/SE100/DailyDesk/no
de_modules/[4m.pnpm
[24m/@libsql+client@0
.15.15/node_modules/
[4m@libsql[24m/clien
t/lib-esm/sqlite3.js:
297:15)
      at Sqlite3Clien
t.execute (file:///D:
/UIT_COURSES/SE100/Da
ilyDesk/node_modules/
[4m.pnpm[24m/@libsq
l+client@0.15.15/node
_modules/[4m@libsql
[24m/client/lib-esm/s
qlite3.js:81:16)
  [90m    ... 5 
lines matching cause 
stack trace ...[39m
      at SQLiteSelect
Base.execute (file://
/D:/UIT_COURSES/SE100
/DailyDesk/node_modul
es/[4m.pnpm[24m/dri
zzle-orm@0.44.7_@elec
tri_5c2928a099a752b7e
299aaadb8975aea/node_
modules/[4msrc[24m/
sqlite-core/query-bui
lders/select.ts:962:1
5)
      at SQLiteSelect
Base.then (file:///D:
/UIT_COURSES/SE100/Da
ilyDesk/node_modules/
[4m.pnpm[24m/drizzl
e-orm@0.44.7_@electri
_5c2928a099a752b7e299
aaadb8975aea/node_mod
ules/[4msrc[24m/que
ry-promise.ts:31:15) 
{
    code: [32m'SQLIT
E_ERROR'[39m,
    rawCode: 
[33m1[39m,
    [cause]: 
SqliteError: no such 
column: is_template
        at 
convertError (D:\UIT_
COURSES\SE100\DailyDe
sk\node_modules\[4m.
pnpm[24m\libsql@0.5.
22\node_modules\[4ml
ibsql[24m\index.js:5
9:12)
        at 
Database.prepare (D:\
UIT_COURSES\SE100\Dai
lyDesk\node_modules\
[4m.pnpm[24m\libsql@
0.5.22\node_modules\
[4mlibsql[24m\index.
js:131:13)
        at 
executeStmt (file:///
D:/UIT_COURSES/SE100/
DailyDesk/node_module
s/[4m.pnpm[24m/@lib
sql+client@0.15.15/no
de_modules/[4m@libsq
l[24m/client/lib-esm
/sqlite3.js:268:28)
        at Sqlite3Cli
ent.execute (file:///
D:/UIT_COURSES/SE100/
DailyDesk/node_module
s/[4m.pnpm[24m/@lib
sql+client@0.15.15/no
de_modules/[4m@libsq
l[24m/client/lib-esm
/sqlite3.js:81:16)
        at file:///D:
/UIT_COURSES/SE100/Da
ilyDesk/node_modules/
[4m.pnpm[24m/drizzl
e-orm@0.44.7_@electri
_5c2928a099a752b7e299
aaadb8975aea/node_mod
ules/[4msrc[24m/lib
sql/session.ts:288:58
        at LibSQLPrep
aredQuery.queryWithCa
che (file:///D:/UIT_C
OURSES/SE100/DailyDes
k/node_modules/[4m.p
npm[24m/drizzle-orm@
0.44.7_@electri_5c292
8a099a752b7e299aaadb8
975aea/node_modules/
[4msrc[24m/sqlite-co
re/session.ts:78:18)
        at LibSQLPrep
aredQuery.values (fil
e:///D:/UIT_COURSES/S
E100/DailyDesk/node_m
odules/[4m.pnpm[24m
/drizzle-orm@0.44.7_@
electri_5c2928a099a75
2b7e299aaadb8975aea/n
ode_modules/[4msrc[
24m/libsql/session.ts
:286:21)
        at LibSQLPrep
aredQuery.all (file:/
//D:/UIT_COURSES/SE10
0/DailyDesk/node_modu
les/[4m.pnpm[24m/dr
izzle-orm@0.44.7_@ele
ctri_5c2928a099a752b7
e299aaadb8975aea/node
_modules/[4msrc[24m
/libsql/session.ts:21
4:27)
        at 
SQLiteSelectBase.all 
(file:///D:/UIT_COURS
ES/SE100/DailyDesk/no
de_modules/[4m.pnpm
[24m/drizzle-orm@0.44
.7_@electri_5c2928a09
9a752b7e299aaadb8975a
ea/node_modules/[4ms
rc[24m/sqlite-core/q
uery-builders/select.
ts:950:26)
        at SQLiteSele
ctBase.execute (file:
///D:/UIT_COURSES/SE1
00/DailyDesk/node_mod
ules/[4m.pnpm[24m/d
rizzle-orm@0.44.7_@el
ectri_5c2928a099a752b
7e299aaadb8975aea/nod
e_modules/[4msrc[24
m/sqlite-core/query-b
uilders/select.ts:962
:15) {
      code: [32m'SQL
ITE_ERROR'[39m,
      rawCode: 
[33m1[39m
    }
  }
}

[90mstderr[2m | tes
ts/cards/cards.test.t
s[2m > 
[22m[2mCards API 
Integration 
Tests[2m > 
[22m[2mPUT /boards/
:boardId/cards/:id[2
m > [22m[2mshould 
update card dates
[22m[39mDrizzleQuer
yError: Failed 
query: select "id", 
"name", 
"description", 
"order", 
"cover_url", 
"cover_public_id", 
"cover_color", 
"cover_mode", 
"list_id", 
"start_date", 
"deadline", 
"due_at", 
"due_complete", 
"reminder_minutes", 
"recurrence", 
"recurrence_day", "re
currence_weekday", 
"latitude", 
"longitude", 
"completed", 
"is_template", 
"created_at", 
"updated_at" from 
"cards" where 
"cards"."list_id" = ?
params: 019bc10a-b0dd
-71c6-825c-0be58fd4da
a8
    at LibSQLPrepared
Query.queryWithCache 
(file:///D:/UIT_COURS
ES/SE100/DailyDesk/no
de_modules/[4m.pnpm
[24m/drizzle-orm@0.44
.7_@electri_5c2928a09
9a752b7e299aaadb8975a
ea/node_modules/[4ms
rc[24m/sqlite-core/s
ession.ts:80:11)
[90m    at processTi
cksAndRejections (nod
e:internal/process/ta
sk_queues:105:5)[39m
    at LibSQLPrepared
Query.values (file://
/D:/UIT_COURSES/SE100
/DailyDesk/node_modul
es/[4m.pnpm[24m/dri
zzle-orm@0.44.7_@elec
tri_5c2928a099a752b7e
299aaadb8975aea/node_
modules/[4msrc[24m/
libsql/session.ts:286
:10)
    at LibSQLPrepared
Query.all (file:///D:
/UIT_COURSES/SE100/Da
ilyDesk/node_modules/
[4m.pnpm[24m/drizzl
e-orm@0.44.7_@electri
_5c2928a099a752b7e299
aaadb8975aea/node_mod
ules/[4msrc[24m/lib
sql/session.ts:214:16
)
    at 
Module.createCard [9
0m(D:\UIT_COURSES\SE1
00\DailyDesk\backend\
[39msrc\services\car
ds.service.ts:311:23
[90m)[39m
    at [90mD:\UIT_CO
URSES\SE100\DailyDesk
\backend\[39msrc\rou
tes\cards.ts:150:22
    at dispatch (file
:///D:/UIT_COURSES/SE
100/DailyDesk/node_mo
dules/[4m.pnpm[24m/
hono@4.11.3/node_modu
les/[4mhono[24m/dis
t/compose.js:22:17)
    at file:///D:/UIT
_COURSES/SE100/DailyD
esk/node_modules/[4m
.pnpm[24m/hono@4.11.
3/node_modules/[4mho
no[24m/dist/validato
r/validator.js:81:12
    at mw (file:///D:
/UIT_COURSES/SE100/Da
ilyDesk/node_modules/
[4m.pnpm[24m/@hono+
zod-openapi@1.2.0_hon
o@4.11.3_zod@4.3.5/no
de_modules/[4m@hono
[24m/zod-openapi/src/
index.ts:546:26)
    at dispatch (file
:///D:/UIT_COURSES/SE
100/DailyDesk/node_mo
dules/[4m.pnpm[24m/
hono@4.11.3/node_modu
les/[4mhono[24m/dis
t/compose.js:22:17) {
  query: 
[32m'select "id", 
"name", 
"description", 
"order", 
"cover_url", 
"cover_public_id", 
"cover_color", 
"cover_mode", 
"list_id", 
"start_date", 
"deadline", 
"due_at", 
"due_complete", 
"reminder_minutes", 
"recurrence", 
"recurrence_day", "re
currence_weekday", 
"latitude", 
"longitude", 
"completed", 
"is_template", 
"created_at", 
"updated_at" from 
"cards" where 
"cards"."list_id" = 
?'[39m,
  params: [ [32m'019
bc10a-b0dd-71c6-825c-
0be58fd4daa8'[39m ],
  cause: 
LibsqlError: 
SQLITE_ERROR: no 
such column: 
is_template
      at 
mapSqliteError (file:
///D:/UIT_COURSES/SE1
00/DailyDesk/node_mod
ules/[4m.pnpm[24m/@
libsql+client@0.15.15
/node_modules/[4m@li
bsql[24m/client/lib-
esm/sqlite3.js:392:16
)
      at executeStmt 
(file:///D:/UIT_COURS
ES/SE100/DailyDesk/no
de_modules/[4m.pnpm
[24m/@libsql+client@0
.15.15/node_modules/
[4m@libsql[24m/clien
t/lib-esm/sqlite3.js:
297:15)
      at Sqlite3Clien
t.execute (file:///D:
/UIT_COURSES/SE100/Da
ilyDesk/node_modules/
[4m.pnpm[24m/@libsq
l+client@0.15.15/node
_modules/[4m@libsql
[24m/client/lib-esm/s
qlite3.js:81:16)
  [90m    ... 5 
lines matching cause 
stack trace ...[39m
      at SQLiteSelect
Base.execute (file://
/D:/UIT_COURSES/SE100
/DailyDesk/node_modul
es/[4m.pnpm[24m/dri
zzle-orm@0.44.7_@elec
tri_5c2928a099a752b7e
299aaadb8975aea/node_
modules/[4msrc[24m/
sqlite-core/query-bui
lders/select.ts:962:1
5)
      at SQLiteSelect
Base.then (file:///D:
/UIT_COURSES/SE100/Da
ilyDesk/node_modules/
[4m.pnpm[24m/drizzl
e-orm@0.44.7_@electri
_5c2928a099a752b7e299
aaadb8975aea/node_mod
ules/[4msrc[24m/que
ry-promise.ts:31:15) 
{
    code: [32m'SQLIT
E_ERROR'[39m,
    rawCode: 
[33m1[39m,
    [cause]: 
SqliteError: no such 
column: is_template
        at 
convertError (D:\UIT_
COURSES\SE100\DailyDe
sk\node_modules\[4m.
pnpm[24m\libsql@0.5.
22\node_modules\[4ml
ibsql[24m\index.js:5
9:12)
        at 
Database.prepare (D:\
UIT_COURSES\SE100\Dai
lyDesk\node_modules\
[4m.pnpm[24m\libsql@
0.5.22\node_modules\
[4mlibsql[24m\index.
js:131:13)
        at 
executeStmt (file:///
D:/UIT_COURSES/SE100/
DailyDesk/node_module
s/[4m.pnpm[24m/@lib
sql+client@0.15.15/no
de_modules/[4m@libsq
l[24m/client/lib-esm
/sqlite3.js:268:28)
        at Sqlite3Cli
ent.execute (file:///
D:/UIT_COURSES/SE100/
DailyDesk/node_module
s/[4m.pnpm[24m/@lib
sql+client@0.15.15/no
de_modules/[4m@libsq
l[24m/client/lib-esm
/sqlite3.js:81:16)
        at file:///D:
/UIT_COURSES/SE100/Da
ilyDesk/node_modules/
[4m.pnpm[24m/drizzl
e-orm@0.44.7_@electri
_5c2928a099a752b7e299
aaadb8975aea/node_mod
ules/[4msrc[24m/lib
sql/session.ts:288:58
        at LibSQLPrep
aredQuery.queryWithCa
che (file:///D:/UIT_C
OURSES/SE100/DailyDes
k/node_modules/[4m.p
npm[24m/drizzle-orm@
0.44.7_@electri_5c292
8a099a752b7e299aaadb8
975aea/node_modules/
[4msrc[24m/sqlite-co
re/session.ts:78:18)
        at LibSQLPrep
aredQuery.values (fil
e:///D:/UIT_COURSES/S
E100/DailyDesk/node_m
odules/[4m.pnpm[24m
/drizzle-orm@0.44.7_@
electri_5c2928a099a75
2b7e299aaadb8975aea/n
ode_modules/[4msrc[
24m/libsql/session.ts
:286:21)
        at LibSQLPrep
aredQuery.all (file:/
//D:/UIT_COURSES/SE10
0/DailyDesk/node_modu
les/[4m.pnpm[24m/dr
izzle-orm@0.44.7_@ele
ctri_5c2928a099a752b7
e299aaadb8975aea/node
_modules/[4msrc[24m
/libsql/session.ts:21
4:27)
        at 
SQLiteSelectBase.all 
(file:///D:/UIT_COURS
ES/SE100/DailyDesk/no
de_modules/[4m.pnpm
[24m/drizzle-orm@0.44
.7_@electri_5c2928a09
9a752b7e299aaadb8975a
ea/node_modules/[4ms
rc[24m/sqlite-core/q
uery-builders/select.
ts:950:26)
        at SQLiteSele
ctBase.execute (file:
///D:/UIT_COURSES/SE1
00/DailyDesk/node_mod
ules/[4m.pnpm[24m/d
rizzle-orm@0.44.7_@el
ectri_5c2928a099a752b
7e299aaadb8975aea/nod
e_modules/[4msrc[24
m/sqlite-core/query-b
uilders/select.ts:962
:15) {
      code: [32m'SQL
ITE_ERROR'[39m,
      rawCode: 
[33m1[39m
    }
  }
}
Error in updateCard 
route: 
DrizzleQueryError: 
Failed query: select 
"id", "name", 
"description", 
"order", 
"cover_url", 
"cover_public_id", 
"cover_color", 
"cover_mode", 
"list_id", 
"start_date", 
"deadline", 
"due_at", 
"due_complete", 
"reminder_minutes", 
"recurrence", 
"recurrence_day", "re
currence_weekday", 
"latitude", 
"longitude", 
"completed", 
"is_template", 
"created_at", 
"updated_at" from 
"cards" where 
"cards"."id" = ? 
limit ?
params: 019bc10a-b0df
-7c5b-8d29-b178f65cc6
60,1
    at LibSQLPrepared
Query.queryWithCache 
(file:///D:/UIT_COURS
ES/SE100/DailyDesk/no
de_modules/[4m.pnpm
[24m/drizzle-orm@0.44
.7_@electri_5c2928a09
9a752b7e299aaadb8975a
ea/node_modules/[4ms
rc[24m/sqlite-core/s
ession.ts:80:11)
[90m    at processTi
cksAndRejections (nod
e:internal/process/ta
sk_queues:105:5)[39m
    at LibSQLPrepared
Query.values (file://
/D:/UIT_COURSES/SE100
/DailyDesk/node_modul
es/[4m.pnpm[24m/dri
zzle-orm@0.44.7_@elec
tri_5c2928a099a752b7e
299aaadb8975aea/node_
modules/[4msrc[24m/
libsql/session.ts:286
:10)
    at LibSQLPrepared
Query.all (file:///D:
/UIT_COURSES/SE100/Da
ilyDesk/node_modules/
[4m.pnpm[24m/drizzl
e-orm@0.44.7_@electri
_5c2928a099a752b7e299
aaadb8975aea/node_mod
ules/[4msrc[24m/lib
sql/session.ts:214:16
)
    at 
Module.updateCard [9
0m(D:\UIT_COURSES\SE1
00\DailyDesk\backend\
[39msrc\services\car
ds.service.ts:537:24
[90m)[39m
    at [90mD:\UIT_CO
URSES\SE100\DailyDesk
\backend\[39msrc\rou
tes\cards.ts:242:25
    at dispatch (file
:///D:/UIT_COURSES/SE
100/DailyDesk/node_mo
dules/[4m.pnpm[24m/
hono@4.11.3/node_modu
les/[4mhono[24m/dis
t/compose.js:22:17)
    at file:///D:/UIT
_COURSES/SE100/DailyD
esk/node_modules/[4m
.pnpm[24m/hono@4.11.
3/node_modules/[4mho
no[24m/dist/validato
r/validator.js:81:12
    at mw (file:///D:
/UIT_COURSES/SE100/Da
ilyDesk/node_modules/
[4m.pnpm[24m/@hono+
zod-openapi@1.2.0_hon
o@4.11.3_zod@4.3.5/no
de_modules/[4m@hono
[24m/zod-openapi/src/
index.ts:546:26)
    at dispatch (file
:///D:/UIT_COURSES/SE
100/DailyDesk/node_mo
dules/[4m.pnpm[24m/
hono@4.11.3/node_modu
les/[4mhono[24m/dis
t/compose.js:22:17) {
  query: 
[32m'select "id", 
"name", 
"description", 
"order", 
"cover_url", 
"cover_public_id", 
"cover_color", 
"cover_mode", 
"list_id", 
"start_date", 
"deadline", 
"due_at", 
"due_complete", 
"reminder_minutes", 
"recurrence", 
"recurrence_day", "re
currence_weekday", 
"latitude", 
"longitude", 
"completed", 
"is_template", 
"created_at", 
"updated_at" from 
"cards" where 
"cards"."id" = ? 
limit ?'[39m,
  params: [ [32m'019
bc10a-b0df-7c5b-8d29-
b178f65cc660'[39m, 
[33m1[39m ],
  cause: 
LibsqlError: 
SQLITE_ERROR: no 
such column: 
is_template
      at 
mapSqliteError (file:
///D:/UIT_COURSES/SE1
00/DailyDesk/node_mod
ules/[4m.pnpm[24m/@
libsql+client@0.15.15
/node_modules/[4m@li
bsql[24m/client/lib-
esm/sqlite3.js:392:16
)
      at executeStmt 
(file:///D:/UIT_COURS
ES/SE100/DailyDesk/no
de_modules/[4m.pnpm
[24m/@libsql+client@0
.15.15/node_modules/
[4m@libsql[24m/clien
t/lib-esm/sqlite3.js:
297:15)
      at Sqlite3Clien
t.execute (file:///D:
/UIT_COURSES/SE100/Da
ilyDesk/node_modules/
[4m.pnpm[24m/@libsq
l+client@0.15.15/node
_modules/[4m@libsql
[24m/client/lib-esm/s
qlite3.js:81:16)
  [90m    ... 5 
lines matching cause 
stack trace ...[39m
      at SQLiteSelect
Base.execute (file://
/D:/UIT_COURSES/SE100
/DailyDesk/node_modul
es/[4m.pnpm[24m/dri
zzle-orm@0.44.7_@elec
tri_5c2928a099a752b7e
299aaadb8975aea/node_
modules/[4msrc[24m/
sqlite-core/query-bui
lders/select.ts:962:1
5)
      at SQLiteSelect
Base.then (file:///D:
/UIT_COURSES/SE100/Da
ilyDesk/node_modules/
[4m.pnpm[24m/drizzl
e-orm@0.44.7_@electri
_5c2928a099a752b7e299
aaadb8975aea/node_mod
ules/[4msrc[24m/que
ry-promise.ts:31:15) 
{
    code: [32m'SQLIT
E_ERROR'[39m,
    rawCode: 
[33m1[39m,
    [cause]: 
SqliteError: no such 
column: is_template
        at 
convertError (D:\UIT_
COURSES\SE100\DailyDe
sk\node_modules\[4m.
pnpm[24m\libsql@0.5.
22\node_modules\[4ml
ibsql[24m\index.js:5
9:12)
        at 
Database.prepare (D:\
UIT_COURSES\SE100\Dai
lyDesk\node_modules\
[4m.pnpm[24m\libsql@
0.5.22\node_modules\
[4mlibsql[24m\index.
js:131:13)
        at 
executeStmt (file:///
D:/UIT_COURSES/SE100/
DailyDesk/node_module
s/[4m.pnpm[24m/@lib
sql+client@0.15.15/no
de_modules/[4m@libsq
l[24m/client/lib-esm
/sqlite3.js:268:28)
        at Sqlite3Cli
ent.execute (file:///
D:/UIT_COURSES/SE100/
DailyDesk/node_module
s/[4m.pnpm[24m/@lib
sql+client@0.15.15/no
de_modules/[4m@libsq
l[24m/client/lib-esm
/sqlite3.js:81:16)
        at file:///D:
/UIT_COURSES/SE100/Da
ilyDesk/node_modules/
[4m.pnpm[24m/drizzl
e-orm@0.44.7_@electri
_5c2928a099a752b7e299
aaadb8975aea/node_mod
ules/[4msrc[24m/lib
sql/session.ts:288:58
        at LibSQLPrep
aredQuery.queryWithCa
che (file:///D:/UIT_C
OURSES/SE100/DailyDes
k/node_modules/[4m.p
npm[24m/drizzle-orm@
0.44.7_@electri_5c292
8a099a752b7e299aaadb8
975aea/node_modules/
[4msrc[24m/sqlite-co
re/session.ts:78:18)
        at LibSQLPrep
aredQuery.values (fil
e:///D:/UIT_COURSES/S
E100/DailyDesk/node_m
odules/[4m.pnpm[24m
/drizzle-orm@0.44.7_@
electri_5c2928a099a75
2b7e299aaadb8975aea/n
ode_modules/[4msrc[
24m/libsql/session.ts
:286:21)
        at LibSQLPrep
aredQuery.all (file:/
//D:/UIT_COURSES/SE10
0/DailyDesk/node_modu
les/[4m.pnpm[24m/dr
izzle-orm@0.44.7_@ele
ctri_5c2928a099a752b7
e299aaadb8975aea/node
_modules/[4msrc[24m
/libsql/session.ts:21
4:27)
        at 
SQLiteSelectBase.all 
(file:///D:/UIT_COURS
ES/SE100/DailyDesk/no
de_modules/[4m.pnpm
[24m/drizzle-orm@0.44
.7_@electri_5c2928a09
9a752b7e299aaadb8975a
ea/node_modules/[4ms
rc[24m/sqlite-core/q
uery-builders/select.
ts:950:26)
        at SQLiteSele
ctBase.execute (file:
///D:/UIT_COURSES/SE1
00/DailyDesk/node_mod
ules/[4m.pnpm[24m/d
rizzle-orm@0.44.7_@el
ectri_5c2928a099a752b
7e299aaadb8975aea/nod
e_modules/[4msrc[24
m/sqlite-core/query-b
uilders/select.ts:962
:15) {
      code: [32m'SQL
ITE_ERROR'[39m,
      rawCode: 
[33m1[39m
    }
  }
}
DrizzleQueryError: 
Failed query: select 
"id", "name", 
"description", 
"order", 
"cover_url", 
"cover_public_id", 
"cover_color", 
"cover_mode", 
"list_id", 
"start_date", 
"deadline", 
"due_at", 
"due_complete", 
"reminder_minutes", 
"recurrence", 
"recurrence_day", "re
currence_weekday", 
"latitude", 
"longitude", 
"completed", 
"is_template", 
"created_at", 
"updated_at" from 
"cards" where 
"cards"."id" = ? 
limit ?
params: 019bc10a-b0df
-7c5b-8d29-b178f65cc6
60,1
    at LibSQLPrepared
Query.queryWithCache 
(file:///D:/UIT_COURS
ES/SE100/DailyDesk/no
de_modules/[4m.pnpm
[24m/drizzle-orm@0.44
.7_@electri_5c2928a09
9a752b7e299aaadb8975a
ea/node_modules/[4ms
rc[24m/sqlite-core/s
ession.ts:80:11)
[90m    at processTi
cksAndRejections (nod
e:internal/process/ta
sk_queues:105:5)[39m
    at LibSQLPrepared
Query.values (file://
/D:/UIT_COURSES/SE100
/DailyDesk/node_modul
es/[4m.pnpm[24m/dri
zzle-orm@0.44.7_@elec
tri_5c2928a099a752b7e
299aaadb8975aea/node_
modules/[4msrc[24m/
libsql/session.ts:286
:10)
    at LibSQLPrepared
Query.all (file:///D:
/UIT_COURSES/SE100/Da
ilyDesk/node_modules/
[4m.pnpm[24m/drizzl
e-orm@0.44.7_@electri
_5c2928a099a752b7e299
aaadb8975aea/node_mod
ules/[4msrc[24m/lib
sql/session.ts:214:16
)
    at 
Module.updateCard [9
0m(D:\UIT_COURSES\SE1
00\DailyDesk\backend\
[39msrc\services\car
ds.service.ts:537:24
[90m)[39m
    at [90mD:\UIT_CO
URSES\SE100\DailyDesk
\backend\[39msrc\rou
tes\cards.ts:242:25
    at dispatch (file
:///D:/UIT_COURSES/SE
100/DailyDesk/node_mo
dules/[4m.pnpm[24m/
hono@4.11.3/node_modu
les/[4mhono[24m/dis
t/compose.js:22:17)
    at file:///D:/UIT
_COURSES/SE100/DailyD
esk/node_modules/[4m
.pnpm[24m/hono@4.11.
3/node_modules/[4mho
no[24m/dist/validato
r/validator.js:81:12
    at mw (file:///D:
/UIT_COURSES/SE100/Da
ilyDesk/node_modules/
[4m.pnpm[24m/@hono+
zod-openapi@1.2.0_hon
o@4.11.3_zod@4.3.5/no
de_modules/[4m@hono
[24m/zod-openapi/src/
index.ts:546:26)
    at dispatch (file
:///D:/UIT_COURSES/SE
100/DailyDesk/node_mo
dules/[4m.pnpm[24m/
hono@4.11.3/node_modu
les/[4mhono[24m/dis
t/compose.js:22:17) {
  query: 
[32m'select "id", 
"name", 
"description", 
"order", 
"cover_url", 
"cover_public_id", 
"cover_color", 
"cover_mode", 
"list_id", 
"start_date", 
"deadline", 
"due_at", 
"due_complete", 
"reminder_minutes", 
"recurrence", 
"recurrence_day", "re
currence_weekday", 
"latitude", 
"longitude", 
"completed", 
"is_template", 
"created_at", 
"updated_at" from 
"cards" where 
"cards"."id" = ? 
limit ?'[39m,
  params: [ [32m'019
bc10a-b0df-7c5b-8d29-
b178f65cc660'[39m, 
[33m1[39m ],
  cause: 
LibsqlError: 
SQLITE_ERROR: no 
such column: 
is_template
      at 
mapSqliteError (file:
///D:/UIT_COURSES/SE1
00/DailyDesk/node_mod
ules/[4m.pnpm[24m/@
libsql+client@0.15.15
/node_modules/[4m@li
bsql[24m/client/lib-
esm/sqlite3.js:392:16
)
      at executeStmt 
(file:///D:/UIT_COURS
ES/SE100/DailyDesk/no
de_modules/[4m.pnpm
[24m/@libsql+client@0
.15.15/node_modules/
[4m@libsql[24m/clien
t/lib-esm/sqlite3.js:
297:15)
      at Sqlite3Clien
t.execute (file:///D:
/UIT_COURSES/SE100/Da
ilyDesk/node_modules/
[4m.pnpm[24m/@libsq
l+client@0.15.15/node
_modules/[4m@libsql
[24m/client/lib-esm/s
qlite3.js:81:16)
  [90m    ... 5 
lines matching cause 
stack trace ...[39m
      at SQLiteSelect
Base.execute (file://
/D:/UIT_COURSES/SE100
/DailyDesk/node_modul
es/[4m.pnpm[24m/dri
zzle-orm@0.44.7_@elec
tri_5c2928a099a752b7e
299aaadb8975aea/node_
modules/[4msrc[24m/
sqlite-core/query-bui
lders/select.ts:962:1
5)
      at SQLiteSelect
Base.then (file:///D:
/UIT_COURSES/SE100/Da
ilyDesk/node_modules/
[4m.pnpm[24m/drizzl
e-orm@0.44.7_@electri
_5c2928a099a752b7e299
aaadb8975aea/node_mod
ules/[4msrc[24m/que
ry-promise.ts:31:15) 
{
    code: [32m'SQLIT
E_ERROR'[39m,
    rawCode: 
[33m1[39m,
    [cause]: 
SqliteError: no such 
column: is_template
        at 
convertError (D:\UIT_
COURSES\SE100\DailyDe
sk\node_modules\[4m.
pnpm[24m\libsql@0.5.
22\node_modules\[4ml
ibsql[24m\index.js:5
9:12)
        at 
Database.prepare (D:\
UIT_COURSES\SE100\Dai
lyDesk\node_modules\
[4m.pnpm[24m\libsql@
0.5.22\node_modules\
[4mlibsql[24m\index.
js:131:13)
        at 
executeStmt (file:///
D:/UIT_COURSES/SE100/
DailyDesk/node_module
s/[4m.pnpm[24m/@lib
sql+client@0.15.15/no
de_modules/[4m@libsq
l[24m/client/lib-esm
/sqlite3.js:268:28)
        at Sqlite3Cli
ent.execute (file:///
D:/UIT_COURSES/SE100/
DailyDesk/node_module
s/[4m.pnpm[24m/@lib
sql+client@0.15.15/no
de_modules/[4m@libsq
l[24m/client/lib-esm
/sqlite3.js:81:16)
        at file:///D:
/UIT_COURSES/SE100/Da
ilyDesk/node_modules/
[4m.pnpm[24m/drizzl
e-orm@0.44.7_@electri
_5c2928a099a752b7e299
aaadb8975aea/node_mod
ules/[4msrc[24m/lib
sql/session.ts:288:58
        at LibSQLPrep
aredQuery.queryWithCa
che (file:///D:/UIT_C
OURSES/SE100/DailyDes
k/node_modules/[4m.p
npm[24m/drizzle-orm@
0.44.7_@electri_5c292
8a099a752b7e299aaadb8
975aea/node_modules/
[4msrc[24m/sqlite-co
re/session.ts:78:18)
        at LibSQLPrep
aredQuery.values (fil
e:///D:/UIT_COURSES/S
E100/DailyDesk/node_m
odules/[4m.pnpm[24m
/drizzle-orm@0.44.7_@
electri_5c2928a099a75
2b7e299aaadb8975aea/n
ode_modules/[4msrc[
24m/libsql/session.ts
:286:21)
        at LibSQLPrep
aredQuery.all (file:/
//D:/UIT_COURSES/SE10
0/DailyDesk/node_modu
les/[4m.pnpm[24m/dr
izzle-orm@0.44.7_@ele
ctri_5c2928a099a752b7
e299aaadb8975aea/node
_modules/[4msrc[24m
/libsql/session.ts:21
4:27)
        at 
SQLiteSelectBase.all 
(file:///D:/UIT_COURS
ES/SE100/DailyDesk/no
de_modules/[4m.pnpm
[24m/drizzle-orm@0.44
.7_@electri_5c2928a09
9a752b7e299aaadb8975a
ea/node_modules/[4ms
rc[24m/sqlite-core/q
uery-builders/select.
ts:950:26)
        at SQLiteSele
ctBase.execute (file:
///D:/UIT_COURSES/SE1
00/DailyDesk/node_mod
ules/[4m.pnpm[24m/d
rizzle-orm@0.44.7_@el
ectri_5c2928a099a752b
7e299aaadb8975aea/nod
e_modules/[4msrc[24
m/sqlite-core/query-b
uilders/select.ts:962
:15) {
      code: [32m'SQL
ITE_ERROR'[39m,
      rawCode: 
[33m1[39m
    }
  }
}

[90mstderr[2m | tes
ts/cards/cards.test.t
s[2m > 
[22m[2mCards API 
Integration 
Tests[2m > 
[22m[2mPUT /boards/
:boardId/cards/:id[2
m > [22m[2mshould 
update card location
[22m[39mDrizzleQuer
yError: Failed 
query: select "id", 
"name", 
"description", 
"order", 
"cover_url", 
"cover_public_id", 
"cover_color", 
"cover_mode", 
"list_id", 
"start_date", 
"deadline", 
"due_at", 
"due_complete", 
"reminder_minutes", 
"recurrence", 
"recurrence_day", "re
currence_weekday", 
"latitude", 
"longitude", 
"completed", 
"is_template", 
"created_at", 
"updated_at" from 
"cards" where 
"cards"."list_id" = ?
params: 019bc10a-b0ec
-7e0e-bfa0-6c4ff3accd
56
    at LibSQLPrepared
Query.queryWithCache 
(file:///D:/UIT_COURS
ES/SE100/DailyDesk/no
de_modules/[4m.pnpm
[24m/drizzle-orm@0.44
.7_@electri_5c2928a09
9a752b7e299aaadb8975a
ea/node_modules/[4ms
rc[24m/sqlite-core/s
ession.ts:80:11)
[90m    at processTi
cksAndRejections (nod
e:internal/process/ta
sk_queues:105:5)[39m
    at LibSQLPrepared
Query.values (file://
/D:/UIT_COURSES/SE100
/DailyDesk/node_modul
es/[4m.pnpm[24m/dri
zzle-orm@0.44.7_@elec
tri_5c2928a099a752b7e
299aaadb8975aea/node_
modules/[4msrc[24m/
libsql/session.ts:286
:10)
    at LibSQLPrepared
Query.all (file:///D:
/UIT_COURSES/SE100/Da
ilyDesk/node_modules/
[4m.pnpm[24m/drizzl
e-orm@0.44.7_@electri
_5c2928a099a752b7e299
aaadb8975aea/node_mod
ules/[4msrc[24m/lib
sql/session.ts:214:16
)
    at 
Module.createCard [9
0m(D:\UIT_COURSES\SE1
00\DailyDesk\backend\
[39msrc\services\car
ds.service.ts:311:23
[90m)[39m
    at [90mD:\UIT_CO
URSES\SE100\DailyDesk
\backend\[39msrc\rou
tes\cards.ts:150:22
    at dispatch (file
:///D:/UIT_COURSES/SE
100/DailyDesk/node_mo
dules/[4m.pnpm[24m/
hono@4.11.3/node_modu
les/[4mhono[24m/dis
t/compose.js:22:17)
    at file:///D:/UIT
_COURSES/SE100/DailyD
esk/node_modules/[4m
.pnpm[24m/hono@4.11.
3/node_modules/[4mho
no[24m/dist/validato
r/validator.js:81:12
    at mw (file:///D:
/UIT_COURSES/SE100/Da
ilyDesk/node_modules/
[4m.pnpm[24m/@hono+
zod-openapi@1.2.0_hon
o@4.11.3_zod@4.3.5/no
de_modules/[4m@hono
[24m/zod-openapi/src/
index.ts:546:26)
    at dispatch (file
:///D:/UIT_COURSES/SE
100/DailyDesk/node_mo
dules/[4m.pnpm[24m/
hono@4.11.3/node_modu
les/[4mhono[24m/dis
t/compose.js:22:17) {
  query: 
[32m'select "id", 
"name", 
"description", 
"order", 
"cover_url", 
"cover_public_id", 
"cover_color", 
"cover_mode", 
"list_id", 
"start_date", 
"deadline", 
"due_at", 
"due_complete", 
"reminder_minutes", 
"recurrence", 
"recurrence_day", "re
currence_weekday", 
"latitude", 
"longitude", 
"completed", 
"is_template", 
"created_at", 
"updated_at" from 
"cards" where 
"cards"."list_id" = 
?'[39m,
  params: [ [32m'019
bc10a-b0ec-7e0e-bfa0-
6c4ff3accd56'[39m ],
  cause: 
LibsqlError: 
SQLITE_ERROR: no 
such column: 
is_template
      at 
mapSqliteError (file:
///D:/UIT_COURSES/SE1
00/DailyDesk/node_mod
ules/[4m.pnpm[24m/@
libsql+client@0.15.15
/node_modules/[4m@li
bsql[24m/client/lib-
esm/sqlite3.js:392:16
)
      at executeStmt 
(file:///D:/UIT_COURS
ES/SE100/DailyDesk/no
de_modules/[4m.pnpm
[24m/@libsql+client@0
.15.15/node_modules/
[4m@libsql[24m/clien
t/lib-esm/sqlite3.js:
297:15)
      at Sqlite3Clien
t.execute (file:///D:
/UIT_COURSES/SE100/Da
ilyDesk/node_modules/
[4m.pnpm[24m/@libsq
l+client@0.15.15/node
_modules/[4m@libsql
[24m/client/lib-esm/s
qlite3.js:81:16)
  [90m    ... 5 
lines matching cause 
stack trace ...[39m
      at SQLiteSelect
Base.execute (file://
/D:/UIT_COURSES/SE100
/DailyDesk/node_modul
es/[4m.pnpm[24m/dri
zzle-orm@0.44.7_@elec
tri_5c2928a099a752b7e
299aaadb8975aea/node_
modules/[4msrc[24m/
sqlite-core/query-bui
lders/select.ts:962:1
5)
      at SQLiteSelect
Base.then (file:///D:
/UIT_COURSES/SE100/Da
ilyDesk/node_modules/
[4m.pnpm[24m/drizzl
e-orm@0.44.7_@electri
_5c2928a099a752b7e299
aaadb8975aea/node_mod
ules/[4msrc[24m/que
ry-promise.ts:31:15) 
{
    code: [32m'SQLIT
E_ERROR'[39m,
    rawCode: 
[33m1[39m,
    [cause]: 
SqliteError: no such 
column: is_template
        at 
convertError (D:\UIT_
COURSES\SE100\DailyDe
sk\node_modules\[4m.
pnpm[24m\libsql@0.5.
22\node_modules\[4ml
ibsql[24m\index.js:5
9:12)
        at 
Database.prepare (D:\
UIT_COURSES\SE100\Dai
lyDesk\node_modules\
[4m.pnpm[24m\libsql@
0.5.22\node_modules\
[4mlibsql[24m\index.
js:131:13)
        at 
executeStmt (file:///
D:/UIT_COURSES/SE100/
DailyDesk/node_module
s/[4m.pnpm[24m/@lib
sql+client@0.15.15/no
de_modules/[4m@libsq
l[24m/client/lib-esm
/sqlite3.js:268:28)
        at Sqlite3Cli
ent.execute (file:///
D:/UIT_COURSES/SE100/
DailyDesk/node_module
s/[4m.pnpm[24m/@lib
sql+client@0.15.15/no
de_modules/[4m@libsq
l[24m/client/lib-esm
/sqlite3.js:81:16)
        at file:///D:
/UIT_COURSES/SE100/Da
ilyDesk/node_modules/
[4m.pnpm[24m/drizzl
e-orm@0.44.7_@electri
_5c2928a099a752b7e299
aaadb8975aea/node_mod
ules/[4msrc[24m/lib
sql/session.ts:288:58
        at LibSQLPrep
aredQuery.queryWithCa
che (file:///D:/UIT_C
OURSES/SE100/DailyDes
k/node_modules/[4m.p
npm[24m/drizzle-orm@
0.44.7_@electri_5c292
8a099a752b7e299aaadb8
975aea/node_modules/
[4msrc[24m/sqlite-co
re/session.ts:78:18)
        at LibSQLPrep
aredQuery.values (fil
e:///D:/UIT_COURSES/S
E100/DailyDesk/node_m
odules/[4m.pnpm[24m
/drizzle-orm@0.44.7_@
electri_5c2928a099a75
2b7e299aaadb8975aea/n
ode_modules/[4msrc[
24m/libsql/session.ts
:286:21)
        at LibSQLPrep
aredQuery.all (file:/
//D:/UIT_COURSES/SE10
0/DailyDesk/node_modu
les/[4m.pnpm[24m/dr
izzle-orm@0.44.7_@ele
ctri_5c2928a099a752b7
e299aaadb8975aea/node
_modules/[4msrc[24m
/libsql/session.ts:21
4:27)
        at 
SQLiteSelectBase.all 
(file:///D:/UIT_COURS
ES/SE100/DailyDesk/no
de_modules/[4m.pnpm
[24m/drizzle-orm@0.44
.7_@electri_5c2928a09
9a752b7e299aaadb8975a
ea/node_modules/[4ms
rc[24m/sqlite-core/q
uery-builders/select.
ts:950:26)
        at SQLiteSele
ctBase.execute (file:
///D:/UIT_COURSES/SE1
00/DailyDesk/node_mod
ules/[4m.pnpm[24m/d
rizzle-orm@0.44.7_@el
ectri_5c2928a099a752b
7e299aaadb8975aea/nod
e_modules/[4msrc[24
m/sqlite-core/query-b
uilders/select.ts:962
:15) {
      code: [32m'SQL
ITE_ERROR'[39m,
      rawCode: 
[33m1[39m
    }
  }
}
Error in updateCard 
route: 
DrizzleQueryError: 
Failed query: select 
"id", "name", 
"description", 
"order", 
"cover_url", 
"cover_public_id", 
"cover_color", 
"cover_mode", 
"list_id", 
"start_date", 
"deadline", 
"due_at", 
"due_complete", 
"reminder_minutes", 
"recurrence", 
"recurrence_day", "re
currence_weekday", 
"latitude", 
"longitude", 
"completed", 
"is_template", 
"created_at", 
"updated_at" from 
"cards" where 
"cards"."id" = ? 
limit ?
params: 019bc10a-b0ee
-7f12-b88b-d2b31bb49c
e9,1
    at LibSQLPrepared
Query.queryWithCache 
(file:///D:/UIT_COURS
ES/SE100/DailyDesk/no
de_modules/[4m.pnpm
[24m/drizzle-orm@0.44
.7_@electri_5c2928a09
9a752b7e299aaadb8975a
ea/node_modules/[4ms
rc[24m/sqlite-core/s
ession.ts:80:11)
[90m    at processTi
cksAndRejections (nod
e:internal/process/ta
sk_queues:105:5)[39m
    at LibSQLPrepared
Query.values (file://
/D:/UIT_COURSES/SE100
/DailyDesk/node_modul
es/[4m.pnpm[24m/dri
zzle-orm@0.44.7_@elec
tri_5c2928a099a752b7e
299aaadb8975aea/node_
modules/[4msrc[24m/
libsql/session.ts:286
:10)
    at LibSQLPrepared
Query.all (file:///D:
/UIT_COURSES/SE100/Da
ilyDesk/node_modules/
[4m.pnpm[24m/drizzl
e-orm@0.44.7_@electri
_5c2928a099a752b7e299
aaadb8975aea/node_mod
ules/[4msrc[24m/lib
sql/session.ts:214:16
)
    at 
Module.updateCard [9
0m(D:\UIT_COURSES\SE1
00\DailyDesk\backend\
[39msrc\services\car
ds.service.ts:537:24
[90m)[39m
    at [90mD:\UIT_CO
URSES\SE100\DailyDesk
\backend\[39msrc\rou
tes\cards.ts:242:25
    at dispatch (file
:///D:/UIT_COURSES/SE
100/DailyDesk/node_mo
dules/[4m.pnpm[24m/
hono@4.11.3/node_modu
les/[4mhono[24m/dis
t/compose.js:22:17)
    at file:///D:/UIT
_COURSES/SE100/DailyD
esk/node_modules/[4m
.pnpm[24m/hono@4.11.
3/node_modules/[4mho
no[24m/dist/validato
r/validator.js:81:12
    at mw (file:///D:
/UIT_COURSES/SE100/Da
ilyDesk/node_modules/
[4m.pnpm[24m/@hono+
zod-openapi@1.2.0_hon
o@4.11.3_zod@4.3.5/no
de_modules/[4m@hono
[24m/zod-openapi/src/
index.ts:546:26)
    at dispatch (file
:///D:/UIT_COURSES/SE
100/DailyDesk/node_mo
dules/[4m.pnpm[24m/
hono@4.11.3/node_modu
les/[4mhono[24m/dis
t/compose.js:22:17) {
  query: 
[32m'select "id", 
"name", 
"description", 
"order", 
"cover_url", 
"cover_public_id", 
"cover_color", 
"cover_mode", 
"list_id", 
"start_date", 
"deadline", 
"due_at", 
"due_complete", 
"reminder_minutes", 
"recurrence", 
"recurrence_day", "re
currence_weekday", 
"latitude", 
"longitude", 
"completed", 
"is_template", 
"created_at", 
"updated_at" from 
"cards" where 
"cards"."id" = ? 
limit ?'[39m,
  params: [ [32m'019
bc10a-b0ee-7f12-b88b-
d2b31bb49ce9'[39m, 
[33m1[39m ],
  cause: 
LibsqlError: 
SQLITE_ERROR: no 
such column: 
is_template
      at 
mapSqliteError (file:
///D:/UIT_COURSES/SE1
00/DailyDesk/node_mod
ules/[4m.pnpm[24m/@
libsql+client@0.15.15
/node_modules/[4m@li
bsql[24m/client/lib-
esm/sqlite3.js:392:16
)
      at executeStmt 
(file:///D:/UIT_COURS
ES/SE100/DailyDesk/no
de_modules/[4m.pnpm
[24m/@libsql+client@0
.15.15/node_modules/
[4m@libsql[24m/clien
t/lib-esm/sqlite3.js:
297:15)
      at Sqlite3Clien
t.execute (file:///D:
/UIT_COURSES/SE100/Da
ilyDesk/node_modules/
[4m.pnpm[24m/@libsq
l+client@0.15.15/node
_modules/[4m@libsql
[24m/client/lib-esm/s
qlite3.js:81:16)
  [90m    ... 5 
lines matching cause 
stack trace ...[39m
      at SQLiteSelect
Base.execute (file://
/D:/UIT_COURSES/SE100
/DailyDesk/node_modul
es/[4m.pnpm[24m/dri
zzle-orm@0.44.7_@elec
tri_5c2928a099a752b7e
299aaadb8975aea/node_
modules/[4msrc[24m/
sqlite-core/query-bui
lders/select.ts:962:1
5)
      at SQLiteSelect
Base.then (file:///D:
/UIT_COURSES/SE100/Da
ilyDesk/node_modules/
[4m.pnpm[24m/drizzl
e-orm@0.44.7_@electri
_5c2928a099a752b7e299
aaadb8975aea/node_mod
ules/[4msrc[24m/que
ry-promise.ts:31:15) 
{
    code: [32m'SQLIT
E_ERROR'[39m,
    rawCode: 
[33m1[39m,
    [cause]: 
SqliteError: no such 
column: is_template
        at 
convertError (D:\UIT_
COURSES\SE100\DailyDe
sk\node_modules\[4m.
pnpm[24m\libsql@0.5.
22\node_modules\[4ml
ibsql[24m\index.js:5
9:12)
        at 
Database.prepare (D:\
UIT_COURSES\SE100\Dai
lyDesk\node_modules\
[4m.pnpm[24m\libsql@
0.5.22\node_modules\
[4mlibsql[24m\index.
js:131:13)
        at 
executeStmt (file:///
D:/UIT_COURSES/SE100/
DailyDesk/node_module
s/[4m.pnpm[24m/@lib
sql+client@0.15.15/no
de_modules/[4m@libsq
l[24m/client/lib-esm
/sqlite3.js:268:28)
        at Sqlite3Cli
ent.execute (file:///
D:/UIT_COURSES/SE100/
DailyDesk/node_module
s/[4m.pnpm[24m/@lib
sql+client@0.15.15/no
de_modules/[4m@libsq
l[24m/client/lib-esm
/sqlite3.js:81:16)
        at file:///D:
/UIT_COURSES/SE100/Da
ilyDesk/node_modules/
[4m.pnpm[24m/drizzl
e-orm@0.44.7_@electri
_5c2928a099a752b7e299
aaadb8975aea/node_mod
ules/[4msrc[24m/lib
sql/session.ts:288:58
        at LibSQLPrep
aredQuery.queryWithCa
che (file:///D:/UIT_C
OURSES/SE100/DailyDes
k/node_modules/[4m.p
npm[24m/drizzle-orm@
0.44.7_@electri_5c292
8a099a752b7e299aaadb8
975aea/node_modules/
[4msrc[24m/sqlite-co
re/session.ts:78:18)
        at LibSQLPrep
aredQuery.values (fil
e:///D:/UIT_COURSES/S
E100/DailyDesk/node_m
odules/[4m.pnpm[24m
/drizzle-orm@0.44.7_@
electri_5c2928a099a75
2b7e299aaadb8975aea/n
ode_modules/[4msrc[
24m/libsql/session.ts
:286:21)
        at LibSQLPrep
aredQuery.all (file:/
//D:/UIT_COURSES/SE10
0/DailyDesk/node_modu
les/[4m.pnpm[24m/dr
izzle-orm@0.44.7_@ele
ctri_5c2928a099a752b7
e299aaadb8975aea/node
_modules/[4msrc[24m
/libsql/session.ts:21
4:27)
        at 
SQLiteSelectBase.all 
(file:///D:/UIT_COURS
ES/SE100/DailyDesk/no
de_modules/[4m.pnpm
[24m/drizzle-orm@0.44
.7_@electri_5c2928a09
9a752b7e299aaadb8975a
ea/node_modules/[4ms
rc[24m/sqlite-core/q
uery-builders/select.
ts:950:26)
        at SQLiteSele
ctBase.execute (file:
///D:/UIT_COURSES/SE1
00/DailyDesk/node_mod
ules/[4m.pnpm[24m/d
rizzle-orm@0.44.7_@el
ectri_5c2928a099a752b
7e299aaadb8975aea/nod
e_modules/[4msrc[24
m/sqlite-core/query-b
uilders/select.ts:962
:15) {
      code: [32m'SQL
ITE_ERROR'[39m,
      rawCode: 
[33m1[39m
    }
  }
}
DrizzleQueryError: 
Failed query: select 
"id", "name", 
"description", 
"order", 
"cover_url", 
"cover_public_id", 
"cover_color", 
"cover_mode", 
"list_id", 
"start_date", 
"deadline", 
"due_at", 
"due_complete", 
"reminder_minutes", 
"recurrence", 
"recurrence_day", "re
currence_weekday", 
"latitude", 
"longitude", 
"completed", 
"is_template", 
"created_at", 
"updated_at" from 
"cards" where 
"cards"."id" = ? 
limit ?
params: 019bc10a-b0ee
-7f12-b88b-d2b31bb49c
e9,1
    at LibSQLPrepared
Query.queryWithCache 
(file:///D:/UIT_COURS
ES/SE100/DailyDesk/no
de_modules/[4m.pnpm
[24m/drizzle-orm@0.44
.7_@electri_5c2928a09
9a752b7e299aaadb8975a
ea/node_modules/[4ms
rc[24m/sqlite-core/s
ession.ts:80:11)
[90m    at processTi
cksAndRejections (nod
e:internal/process/ta
sk_queues:105:5)[39m
    at LibSQLPrepared
Query.values (file://
/D:/UIT_COURSES/SE100
/DailyDesk/node_modul
es/[4m.pnpm[24m/dri
zzle-orm@0.44.7_@elec
tri_5c2928a099a752b7e
299aaadb8975aea/node_
modules/[4msrc[24m/
libsql/session.ts:286
:10)
    at LibSQLPrepared
Query.all (file:///D:
/UIT_COURSES/SE100/Da
ilyDesk/node_modules/
[4m.pnpm[24m/drizzl
e-orm@0.44.7_@electri
_5c2928a099a752b7e299
aaadb8975aea/node_mod
ules/[4msrc[24m/lib
sql/session.ts:214:16
)
    at 
Module.updateCard [9
0m(D:\UIT_COURSES\SE1
00\DailyDesk\backend\
[39msrc\services\car
ds.service.ts:537:24
[90m)[39m
    at [90mD:\UIT_CO
URSES\SE100\DailyDesk
\backend\[39msrc\rou
tes\cards.ts:242:25
    at dispatch (file
:///D:/UIT_COURSES/SE
100/DailyDesk/node_mo
dules/[4m.pnpm[24m/
hono@4.11.3/node_modu
les/[4mhono[24m/dis
t/compose.js:22:17)
    at file:///D:/UIT
_COURSES/SE100/DailyD
esk/node_modules/[4m
.pnpm[24m/hono@4.11.
3/node_modules/[4mho
no[24m/dist/validato
r/validator.js:81:12
    at mw (file:///D:
/UIT_COURSES/SE100/Da
ilyDesk/node_modules/
[4m.pnpm[24m/@hono+
zod-openapi@1.2.0_hon
o@4.11.3_zod@4.3.5/no
de_modules/[4m@hono
[24m/zod-openapi/src/
index.ts:546:26)
    at dispatch (file
:///D:/UIT_COURSES/SE
100/DailyDesk/node_mo
dules/[4m.pnpm[24m/
hono@4.11.3/node_modu
les/[4mhono[24m/dis
t/compose.js:22:17) {
  query: 
[32m'select "id", 
"name", 
"description", 
"order", 
"cover_url", 
"cover_public_id", 
"cover_color", 
"cover_mode", 
"list_id", 
"start_date", 
"deadline", 
"due_at", 
"due_complete", 
"reminder_minutes", 
"recurrence", 
"recurrence_day", "re
currence_weekday", 
"latitude", 
"longitude", 
"completed", 
"is_template", 
"created_at", 
"updated_at" from 
"cards" where 
"cards"."id" = ? 
limit ?'[39m,
  params: [ [32m'019
bc10a-b0ee-7f12-b88b-
d2b31bb49ce9'[39m, 
[33m1[39m ],
  cause: 
LibsqlError: 
SQLITE_ERROR: no 
such column: 
is_template
      at 
mapSqliteError (file:
///D:/UIT_COURSES/SE1
00/DailyDesk/node_mod
ules/[4m.pnpm[24m/@
libsql+client@0.15.15
/node_modules/[4m@li
bsql[24m/client/lib-
esm/sqlite3.js:392:16
)
      at executeStmt 
(file:///D:/UIT_COURS
ES/SE100/DailyDesk/no
de_modules/[4m.pnpm
[24m/@libsql+client@0
.15.15/node_modules/
[4m@libsql[24m/clien
t/lib-esm/sqlite3.js:
297:15)
      at Sqlite3Clien
t.execute (file:///D:
/UIT_COURSES/SE100/Da
ilyDesk/node_modules/
[4m.pnpm[24m/@libsq
l+client@0.15.15/node
_modules/[4m@libsql
[24m/client/lib-esm/s
qlite3.js:81:16)
  [90m    ... 5 
lines matching cause 
stack trace ...[39m
      at SQLiteSelect
Base.execute (file://
/D:/UIT_COURSES/SE100
/DailyDesk/node_modul
es/[4m.pnpm[24m/dri
zzle-orm@0.44.7_@elec
tri_5c2928a099a752b7e
299aaadb8975aea/node_
modules/[4msrc[24m/
sqlite-core/query-bui
lders/select.ts:962:1
5)
      at SQLiteSelect
Base.then (file:///D:
/UIT_COURSES/SE100/Da
ilyDesk/node_modules/
[4m.pnpm[24m/drizzl
e-orm@0.44.7_@electri
_5c2928a099a752b7e299
aaadb8975aea/node_mod
ules/[4msrc[24m/que
ry-promise.ts:31:15) 
{
    code: [32m'SQLIT
E_ERROR'[39m,
    rawCode: 
[33m1[39m,
    [cause]: 
SqliteError: no such 
column: is_template
        at 
convertError (D:\UIT_
COURSES\SE100\DailyDe
sk\node_modules\[4m.
pnpm[24m\libsql@0.5.
22\node_modules\[4ml
ibsql[24m\index.js:5
9:12)
        at 
Database.prepare (D:\
UIT_COURSES\SE100\Dai
lyDesk\node_modules\
[4m.pnpm[24m\libsql@
0.5.22\node_modules\
[4mlibsql[24m\index.
js:131:13)
        at 
executeStmt (file:///
D:/UIT_COURSES/SE100/
DailyDesk/node_module
s/[4m.pnpm[24m/@lib
sql+client@0.15.15/no
de_modules/[4m@libsq
l[24m/client/lib-esm
/sqlite3.js:268:28)
        at Sqlite3Cli
ent.execute (file:///
D:/UIT_COURSES/SE100/
DailyDesk/node_module
s/[4m.pnpm[24m/@lib
sql+client@0.15.15/no
de_modules/[4m@libsq
l[24m/client/lib-esm
/sqlite3.js:81:16)
        at file:///D:
/UIT_COURSES/SE100/Da
ilyDesk/node_modules/
[4m.pnpm[24m/drizzl
e-orm@0.44.7_@electri
_5c2928a099a752b7e299
aaadb8975aea/node_mod
ules/[4msrc[24m/lib
sql/session.ts:288:58
        at LibSQLPrep
aredQuery.queryWithCa
che (file:///D:/UIT_C
OURSES/SE100/DailyDes
k/node_modules/[4m.p
npm[24m/drizzle-orm@
0.44.7_@electri_5c292
8a099a752b7e299aaadb8
975aea/node_modules/
[4msrc[24m/sqlite-co
re/session.ts:78:18)
        at LibSQLPrep
aredQuery.values (fil
e:///D:/UIT_COURSES/S
E100/DailyDesk/node_m
odules/[4m.pnpm[24m
/drizzle-orm@0.44.7_@
electri_5c2928a099a75
2b7e299aaadb8975aea/n
ode_modules/[4msrc[
24m/libsql/session.ts
:286:21)
        at LibSQLPrep
aredQuery.all (file:/
//D:/UIT_COURSES/SE10
0/DailyDesk/node_modu
les/[4m.pnpm[24m/dr
izzle-orm@0.44.7_@ele
ctri_5c2928a099a752b7
e299aaadb8975aea/node
_modules/[4msrc[24m
/libsql/session.ts:21
4:27)
        at 
SQLiteSelectBase.all 
(file:///D:/UIT_COURS
ES/SE100/DailyDesk/no
de_modules/[4m.pnpm
[24m/drizzle-orm@0.44
.7_@electri_5c2928a09
9a752b7e299aaadb8975a
ea/node_modules/[4ms
rc[24m/sqlite-core/q
uery-builders/select.
ts:950:26)
        at SQLiteSele
ctBase.execute (file:
///D:/UIT_COURSES/SE1
00/DailyDesk/node_mod
ules/[4m.pnpm[24m/d
rizzle-orm@0.44.7_@el
ectri_5c2928a099a752b
7e299aaadb8975aea/nod
e_modules/[4msrc[24
m/sqlite-core/query-b
uilders/select.ts:962
:15) {
      code: [32m'SQL
ITE_ERROR'[39m,
      rawCode: 
[33m1[39m
    }
  }
}

[90mstderr[2m | tes
ts/cards/cards.test.t
s[2m > 
[22m[2mCards API 
Integration 
Tests[2m > 
[22m[2mPUT /boards/
:boardId/cards/:id[2
m > [22m[2mshould 
move card to another 
list in same board
[22m[39mDrizzleQuer
yError: Failed 
query: select "id", 
"name", 
"description", 
"order", 
"cover_url", 
"cover_public_id", 
"cover_color", 
"cover_mode", 
"list_id", 
"start_date", 
"deadline", 
"due_at", 
"due_complete", 
"reminder_minutes", 
"recurrence", 
"recurrence_day", "re
currence_weekday", 
"latitude", 
"longitude", 
"completed", 
"is_template", 
"created_at", 
"updated_at" from 
"cards" where 
"cards"."list_id" = ?
params: 019bc10a-b0fe
-7064-91a4-033db4bc8d
d7
    at LibSQLPrepared
Query.queryWithCache 
(file:///D:/UIT_COURS
ES/SE100/DailyDesk/no
de_modules/[4m.pnpm
[24m/drizzle-orm@0.44
.7_@electri_5c2928a09
9a752b7e299aaadb8975a
ea/node_modules/[4ms
rc[24m/sqlite-core/s
ession.ts:80:11)
[90m    at processTi
cksAndRejections (nod
e:internal/process/ta
sk_queues:105:5)[39m
    at LibSQLPrepared
Query.values (file://
/D:/UIT_COURSES/SE100
/DailyDesk/node_modul
es/[4m.pnpm[24m/dri
zzle-orm@0.44.7_@elec
tri_5c2928a099a752b7e
299aaadb8975aea/node_
modules/[4msrc[24m/
libsql/session.ts:286
:10)
    at LibSQLPrepared
Query.all (file:///D:
/UIT_COURSES/SE100/Da
ilyDesk/node_modules/
[4m.pnpm[24m/drizzl
e-orm@0.44.7_@electri
_5c2928a099a752b7e299
aaadb8975aea/node_mod
ules/[4msrc[24m/lib
sql/session.ts:214:16
)
    at 
Module.createCard [9
0m(D:\UIT_COURSES\SE1
00\DailyDesk\backend\
[39msrc\services\car
ds.service.ts:311:23
[90m)[39m
    at [90mD:\UIT_CO
URSES\SE100\DailyDesk
\backend\[39msrc\rou
tes\cards.ts:150:22
    at dispatch (file
:///D:/UIT_COURSES/SE
100/DailyDesk/node_mo
dules/[4m.pnpm[24m/
hono@4.11.3/node_modu
les/[4mhono[24m/dis
t/compose.js:22:17)
    at file:///D:/UIT
_COURSES/SE100/DailyD
esk/node_modules/[4m
.pnpm[24m/hono@4.11.
3/node_modules/[4mho
no[24m/dist/validato
r/validator.js:81:12
    at mw (file:///D:
/UIT_COURSES/SE100/Da
ilyDesk/node_modules/
[4m.pnpm[24m/@hono+
zod-openapi@1.2.0_hon
o@4.11.3_zod@4.3.5/no
de_modules/[4m@hono
[24m/zod-openapi/src/
index.ts:546:26)
    at dispatch (file
:///D:/UIT_COURSES/SE
100/DailyDesk/node_mo
dules/[4m.pnpm[24m/
hono@4.11.3/node_modu
les/[4mhono[24m/dis
t/compose.js:22:17) {
  query: 
[32m'select "id", 
"name", 
"description", 
"order", 
"cover_url", 
"cover_public_id", 
"cover_color", 
"cover_mode", 
"list_id", 
"start_date", 
"deadline", 
"due_at", 
"due_complete", 
"reminder_minutes", 
"recurrence", 
"recurrence_day", "re
currence_weekday", 
"latitude", 
"longitude", 
"completed", 
"is_template", 
"created_at", 
"updated_at" from 
"cards" where 
"cards"."list_id" = 
?'[39m,
  params: [ [32m'019
bc10a-b0fe-7064-91a4-
033db4bc8dd7'[39m ],
  cause: 
LibsqlError: 
SQLITE_ERROR: no 
such column: 
is_template
      at 
mapSqliteError (file:
///D:/UIT_COURSES/SE1
00/DailyDesk/node_mod
ules/[4m.pnpm[24m/@
libsql+client@0.15.15
/node_modules/[4m@li
bsql[24m/client/lib-
esm/sqlite3.js:392:16
)
      at executeStmt 
(file:///D:/UIT_COURS
ES/SE100/DailyDesk/no
de_modules/[4m.pnpm
[24m/@libsql+client@0
.15.15/node_modules/
[4m@libsql[24m/clien
t/lib-esm/sqlite3.js:
297:15)
      at Sqlite3Clien
t.execute (file:///D:
/UIT_COURSES/SE100/Da
ilyDesk/node_modules/
[4m.pnpm[24m/@libsq
l+client@0.15.15/node
_modules/[4m@libsql
[24m/client/lib-esm/s
qlite3.js:81:16)
  [90m    ... 5 
lines matching cause 
stack trace ...[39m
      at SQLiteSelect
Base.execute (file://
/D:/UIT_COURSES/SE100
/DailyDesk/node_modul
es/[4m.pnpm[24m/dri
zzle-orm@0.44.7_@elec
tri_5c2928a099a752b7e
299aaadb8975aea/node_
modules/[4msrc[24m/
sqlite-core/query-bui
lders/select.ts:962:1
5)
      at SQLiteSelect
Base.then (file:///D:
/UIT_COURSES/SE100/Da
ilyDesk/node_modules/
[4m.pnpm[24m/drizzl
e-orm@0.44.7_@electri
_5c2928a099a752b7e299
aaadb8975aea/node_mod
ules/[4msrc[24m/que
ry-promise.ts:31:15) 
{
    code: [32m'SQLIT
E_ERROR'[39m,
    rawCode: 
[33m1[39m,
    [cause]: 
SqliteError: no such 
column: is_template
        at 
convertError (D:\UIT_
COURSES\SE100\DailyDe
sk\node_modules\[4m.
pnpm[24m\libsql@0.5.
22\node_modules\[4ml
ibsql[24m\index.js:5
9:12)
        at 
Database.prepare (D:\
UIT_COURSES\SE100\Dai
lyDesk\node_modules\
[4m.pnpm[24m\libsql@
0.5.22\node_modules\
[4mlibsql[24m\index.
js:131:13)
        at 
executeStmt (file:///
D:/UIT_COURSES/SE100/
DailyDesk/node_module
s/[4m.pnpm[24m/@lib
sql+client@0.15.15/no
de_modules/[4m@libsq
l[24m/client/lib-esm
/sqlite3.js:268:28)
        at Sqlite3Cli
ent.execute (file:///
D:/UIT_COURSES/SE100/
DailyDesk/node_module
s/[4m.pnpm[24m/@lib
sql+client@0.15.15/no
de_modules/[4m@libsq
l[24m/client/lib-esm
/sqlite3.js:81:16)
        at file:///D:
/UIT_COURSES/SE100/Da
ilyDesk/node_modules/
[4m.pnpm[24m/drizzl
e-orm@0.44.7_@electri
_5c2928a099a752b7e299
aaadb8975aea/node_mod
ules/[4msrc[24m/lib
sql/session.ts:288:58
        at LibSQLPrep
aredQuery.queryWithCa
che (file:///D:/UIT_C
OURSES/SE100/DailyDes
k/node_modules/[4m.p
npm[24m/drizzle-orm@
0.44.7_@electri_5c292
8a099a752b7e299aaadb8
975aea/node_modules/
[4msrc[24m/sqlite-co
re/session.ts:78:18)
        at LibSQLPrep
aredQuery.values (fil
e:///D:/UIT_COURSES/S
E100/DailyDesk/node_m
odules/[4m.pnpm[24m
/drizzle-orm@0.44.7_@
electri_5c2928a099a75
2b7e299aaadb8975aea/n
ode_modules/[4msrc[
24m/libsql/session.ts
:286:21)
        at LibSQLPrep
aredQuery.all (file:/
//D:/UIT_COURSES/SE10
0/DailyDesk/node_modu
les/[4m.pnpm[24m/dr
izzle-orm@0.44.7_@ele
ctri_5c2928a099a752b7
e299aaadb8975aea/node
_modules/[4msrc[24m
/libsql/session.ts:21
4:27)
        at 
SQLiteSelectBase.all 
(file:///D:/UIT_COURS
ES/SE100/DailyDesk/no
de_modules/[4m.pnpm
[24m/drizzle-orm@0.44
.7_@electri_5c2928a09
9a752b7e299aaadb8975a
ea/node_modules/[4ms
rc[24m/sqlite-core/q
uery-builders/select.
ts:950:26)
        at SQLiteSele
ctBase.execute (file:
///D:/UIT_COURSES/SE1
00/DailyDesk/node_mod
ules/[4m.pnpm[24m/d
rizzle-orm@0.44.7_@el
ectri_5c2928a099a752b
7e299aaadb8975aea/nod
e_modules/[4msrc[24
m/sqlite-core/query-b
uilders/select.ts:962
:15) {
      code: [32m'SQL
ITE_ERROR'[39m,
      rawCode: 
[33m1[39m
    }
  }
}
Error in updateCard 
route: 
DrizzleQueryError: 
Failed query: select 
"id", "name", 
"description", 
"order", 
"cover_url", 
"cover_public_id", 
"cover_color", 
"cover_mode", 
"list_id", 
"start_date", 
"deadline", 
"due_at", 
"due_complete", 
"reminder_minutes", 
"recurrence", 
"recurrence_day", "re
currence_weekday", 
"latitude", 
"longitude", 
"completed", 
"is_template", 
"created_at", 
"updated_at" from 
"cards" where 
"cards"."id" = ? 
limit ?
params: 019bc10a-b104
-79a2-9cf9-50731d4aac
05,1
    at LibSQLPrepared
Query.queryWithCache 
(file:///D:/UIT_COURS
ES/SE100/DailyDesk/no
de_modules/[4m.pnpm
[24m/drizzle-orm@0.44
.7_@electri_5c2928a09
9a752b7e299aaadb8975a
ea/node_modules/[4ms
rc[24m/sqlite-core/s
ession.ts:80:11)
[90m    at processTi
cksAndRejections (nod
e:internal/process/ta
sk_queues:105:5)[39m
    at LibSQLPrepared
Query.values (file://
/D:/UIT_COURSES/SE100
/DailyDesk/node_modul
es/[4m.pnpm[24m/dri
zzle-orm@0.44.7_@elec
tri_5c2928a099a752b7e
299aaadb8975aea/node_
modules/[4msrc[24m/
libsql/session.ts:286
:10)
    at LibSQLPrepared
Query.all (file:///D:
/UIT_COURSES/SE100/Da
ilyDesk/node_modules/
[4m.pnpm[24m/drizzl
e-orm@0.44.7_@electri
_5c2928a099a752b7e299
aaadb8975aea/node_mod
ules/[4msrc[24m/lib
sql/session.ts:214:16
)
    at 
Module.updateCard [9
0m(D:\UIT_COURSES\SE1
00\DailyDesk\backend\
[39msrc\services\car
ds.service.ts:537:24
[90m)[39m
    at [90mD:\UIT_CO
URSES\SE100\DailyDesk
\backend\[39msrc\rou
tes\cards.ts:242:25
    at dispatch (file
:///D:/UIT_COURSES/SE
100/DailyDesk/node_mo
dules/[4m.pnpm[24m/
hono@4.11.3/node_modu
les/[4mhono[24m/dis
t/compose.js:22:17)
    at file:///D:/UIT
_COURSES/SE100/DailyD
esk/node_modules/[4m
.pnpm[24m/hono@4.11.
3/node_modules/[4mho
no[24m/dist/validato
r/validator.js:81:12
    at mw (file:///D:
/UIT_COURSES/SE100/Da
ilyDesk/node_modules/
[4m.pnpm[24m/@hono+
zod-openapi@1.2.0_hon
o@4.11.3_zod@4.3.5/no
de_modules/[4m@hono
[24m/zod-openapi/src/
index.ts:546:26)
    at dispatch (file
:///D:/UIT_COURSES/SE
100/DailyDesk/node_mo
dules/[4m.pnpm[24m/
hono@4.11.3/node_modu
les/[4mhono[24m/dis
t/compose.js:22:17) {
  query: 
[32m'select "id", 
"name", 
"description", 
"order", 
"cover_url", 
"cover_public_id", 
"cover_color", 
"cover_mode", 
"list_id", 
"start_date", 
"deadline", 
"due_at", 
"due_complete", 
"reminder_minutes", 
"recurrence", 
"recurrence_day", "re
currence_weekday", 
"latitude", 
"longitude", 
"completed", 
"is_template", 
"created_at", 
"updated_at" from 
"cards" where 
"cards"."id" = ? 
limit ?'[39m,
  params: [ [32m'019
bc10a-b104-79a2-9cf9-
50731d4aac05'[39m, 
[33m1[39m ],
  cause: 
LibsqlError: 
SQLITE_ERROR: no 
such column: 
is_template
      at 
mapSqliteError (file:
///D:/UIT_COURSES/SE1
00/DailyDesk/node_mod
ules/[4m.pnpm[24m/@
libsql+client@0.15.15
/node_modules/[4m@li
bsql[24m/client/lib-
esm/sqlite3.js:392:16
)
      at executeStmt 
(file:///D:/UIT_COURS
ES/SE100/DailyDesk/no
de_modules/[4m.pnpm
[24m/@libsql+client@0
.15.15/node_modules/
[4m@libsql[24m/clien
t/lib-esm/sqlite3.js:
297:15)
      at Sqlite3Clien
t.execute (file:///D:
/UIT_COURSES/SE100/Da
ilyDesk/node_modules/
[4m.pnpm[24m/@libsq
l+client@0.15.15/node
_modules/[4m@libsql
[24m/client/lib-esm/s
qlite3.js:81:16)
  [90m    ... 5 
lines matching cause 
stack trace ...[39m
      at SQLiteSelect
Base.execute (file://
/D:/UIT_COURSES/SE100
/DailyDesk/node_modul
es/[4m.pnpm[24m/dri
zzle-orm@0.44.7_@elec
tri_5c2928a099a752b7e
299aaadb8975aea/node_
modules/[4msrc[24m/
sqlite-core/query-bui
lders/select.ts:962:1
5)
      at SQLiteSelect
Base.then (file:///D:
/UIT_COURSES/SE100/Da
ilyDesk/node_modules/
[4m.pnpm[24m/drizzl
e-orm@0.44.7_@electri
_5c2928a099a752b7e299
aaadb8975aea/node_mod
ules/[4msrc[24m/que
ry-promise.ts:31:15) 
{
    code: [32m'SQLIT
E_ERROR'[39m,
    rawCode: 
[33m1[39m,
    [cause]: 
SqliteError: no such 
column: is_template
        at 
convertError (D:\UIT_
COURSES\SE100\DailyDe
sk\node_modules\[4m.
pnpm[24m\libsql@0.5.
22\node_modules\[4ml
ibsql[24m\index.js:5
9:12)
        at 
Database.prepare (D:\
UIT_COURSES\SE100\Dai
lyDesk\node_modules\
[4m.pnpm[24m\libsql@
0.5.22\node_modules\
[4mlibsql[24m\index.
js:131:13)
        at 
executeStmt (file:///
D:/UIT_COURSES/SE100/
DailyDesk/node_module
s/[4m.pnpm[24m/@lib
sql+client@0.15.15/no
de_modules/[4m@libsq
l[24m/client/lib-esm
/sqlite3.js:268:28)
        at Sqlite3Cli
ent.execute (file:///
D:/UIT_COURSES/SE100/
DailyDesk/node_module
s/[4m.pnpm[24m/@lib
sql+client@0.15.15/no
de_modules/[4m@libsq
l[24m/client/lib-esm
/sqlite3.js:81:16)
        at file:///D:
/UIT_COURSES/SE100/Da
ilyDesk/node_modules/
[4m.pnpm[24m/drizzl
e-orm@0.44.7_@electri
_5c2928a099a752b7e299
aaadb8975aea/node_mod
ules/[4msrc[24m/lib
sql/session.ts:288:58
        at LibSQLPrep
aredQuery.queryWithCa
che (file:///D:/UIT_C
OURSES/SE100/DailyDes
k/node_modules/[4m.p
npm[24m/drizzle-orm@
0.44.7_@electri_5c292
8a099a752b7e299aaadb8
975aea/node_modules/
[4msrc[24m/sqlite-co
re/session.ts:78:18)
        at LibSQLPrep
aredQuery.values (fil
e:///D:/UIT_COURSES/S
E100/DailyDesk/node_m
odules/[4m.pnpm[24m
/drizzle-orm@0.44.7_@
electri_5c2928a099a75
2b7e299aaadb8975aea/n
ode_modules/[4msrc[
24m/libsql/session.ts
:286:21)
        at LibSQLPrep
aredQuery.all (file:/
//D:/UIT_COURSES/SE10
0/DailyDesk/node_modu
les/[4m.pnpm[24m/dr
izzle-orm@0.44.7_@ele
ctri_5c2928a099a752b7
e299aaadb8975aea/node
_modules/[4msrc[24m
/libsql/session.ts:21
4:27)
        at 
SQLiteSelectBase.all 
(file:///D:/UIT_COURS
ES/SE100/DailyDesk/no
de_modules/[4m.pnpm
[24m/drizzle-orm@0.44
.7_@electri_5c2928a09
9a752b7e299aaadb8975a
ea/node_modules/[4ms
rc[24m/sqlite-core/q
uery-builders/select.
ts:950:26)
        at SQLiteSele
ctBase.execute (file:
///D:/UIT_COURSES/SE1
00/DailyDesk/node_mod
ules/[4m.pnpm[24m/d
rizzle-orm@0.44.7_@el
ectri_5c2928a099a752b
7e299aaadb8975aea/nod
e_modules/[4msrc[24
m/sqlite-core/query-b
uilders/select.ts:962
:15) {
      code: [32m'SQL
ITE_ERROR'[39m,
      rawCode: 
[33m1[39m
    }
  }
}
DrizzleQueryError: 
Failed query: select 
"id", "name", 
"description", 
"order", 
"cover_url", 
"cover_public_id", 
"cover_color", 
"cover_mode", 
"list_id", 
"start_date", 
"deadline", 
"due_at", 
"due_complete", 
"reminder_minutes", 
"recurrence", 
"recurrence_day", "re
currence_weekday", 
"latitude", 
"longitude", 
"completed", 
"is_template", 
"created_at", 
"updated_at" from 
"cards" where 
"cards"."id" = ? 
limit ?
params: 019bc10a-b104
-79a2-9cf9-50731d4aac
05,1
    at LibSQLPrepared
Query.queryWithCache 
(file:///D:/UIT_COURS
ES/SE100/DailyDesk/no
de_modules/[4m.pnpm
[24m/drizzle-orm@0.44
.7_@electri_5c2928a09
9a752b7e299aaadb8975a
ea/node_modules/[4ms
rc[24m/sqlite-core/s
ession.ts:80:11)
[90m    at processTi
cksAndRejections (nod
e:internal/process/ta
sk_queues:105:5)[39m
    at LibSQLPrepared
Query.values (file://
/D:/UIT_COURSES/SE100
/DailyDesk/node_modul
es/[4m.pnpm[24m/dri
zzle-orm@0.44.7_@elec
tri_5c2928a099a752b7e
299aaadb8975aea/node_
modules/[4msrc[24m/
libsql/session.ts:286
:10)
    at LibSQLPrepared
Query.all (file:///D:
/UIT_COURSES/SE100/Da
ilyDesk/node_modules/
[4m.pnpm[24m/drizzl
e-orm@0.44.7_@electri
_5c2928a099a752b7e299
aaadb8975aea/node_mod
ules/[4msrc[24m/lib
sql/session.ts:214:16
)
    at 
Module.updateCard [9
0m(D:\UIT_COURSES\SE1
00\DailyDesk\backend\
[39msrc\services\car
ds.service.ts:537:24
[90m)[39m
    at [90mD:\UIT_CO
URSES\SE100\DailyDesk
\backend\[39msrc\rou
tes\cards.ts:242:25
    at dispatch (file
:///D:/UIT_COURSES/SE
100/DailyDesk/node_mo
dules/[4m.pnpm[24m/
hono@4.11.3/node_modu
les/[4mhono[24m/dis
t/compose.js:22:17)
    at file:///D:/UIT
_COURSES/SE100/DailyD
esk/node_modules/[4m
.pnpm[24m/hono@4.11.
3/node_modules/[4mho
no[24m/dist/validato
r/validator.js:81:12
    at mw (file:///D:
/UIT_COURSES/SE100/Da
ilyDesk/node_modules/
[4m.pnpm[24m/@hono+
zod-openapi@1.2.0_hon
o@4.11.3_zod@4.3.5/no
de_modules/[4m@hono
[24m/zod-openapi/src/
index.ts:546:26)
    at dispatch (file
:///D:/UIT_COURSES/SE
100/DailyDesk/node_mo
dules/[4m.pnpm[24m/
hono@4.11.3/node_modu
les/[4mhono[24m/dis
t/compose.js:22:17) {
  query: 
[32m'select "id", 
"name", 
"description", 
"order", 
"cover_url", 
"cover_public_id", 
"cover_color", 
"cover_mode", 
"list_id", 
"start_date", 
"deadline", 
"due_at", 
"due_complete", 
"reminder_minutes", 
"recurrence", 
"recurrence_day", "re
currence_weekday", 
"latitude", 
"longitude", 
"completed", 
"is_template", 
"created_at", 
"updated_at" from 
"cards" where 
"cards"."id" = ? 
limit ?'[39m,
  params: [ [32m'019
bc10a-b104-79a2-9cf9-
50731d4aac05'[39m, 
[33m1[39m ],
  cause: 
LibsqlError: 
SQLITE_ERROR: no 
such column: 
is_template
      at 
mapSqliteError (file:
///D:/UIT_COURSES/SE1
00/DailyDesk/node_mod
ules/[4m.pnpm[24m/@
libsql+client@0.15.15
/node_modules/[4m@li
bsql[24m/client/lib-
esm/sqlite3.js:392:16
)
      at executeStmt 
(file:///D:/UIT_COURS
ES/SE100/DailyDesk/no
de_modules/[4m.pnpm
[24m/@libsql+client@0
.15.15/node_modules/
[4m@libsql[24m/clien
t/lib-esm/sqlite3.js:
297:15)
      at Sqlite3Clien
t.execute (file:///D:
/UIT_COURSES/SE100/Da
ilyDesk/node_modules/
[4m.pnpm[24m/@libsq
l+client@0.15.15/node
_modules/[4m@libsql
[24m/client/lib-esm/s
qlite3.js:81:16)
  [90m    ... 5 
lines matching cause 
stack trace ...[39m
      at SQLiteSelect
Base.execute (file://
/D:/UIT_COURSES/SE100
/DailyDesk/node_modul
es/[4m.pnpm[24m/dri
zzle-orm@0.44.7_@elec
tri_5c2928a099a752b7e
299aaadb8975aea/node_
modules/[4msrc[24m/
sqlite-core/query-bui
lders/select.ts:962:1
5)
      at SQLiteSelect
Base.then (file:///D:
/UIT_COURSES/SE100/Da
ilyDesk/node_modules/
[4m.pnpm[24m/drizzl
e-orm@0.44.7_@electri
_5c2928a099a752b7e299
aaadb8975aea/node_mod
ules/[4msrc[24m/que
ry-promise.ts:31:15) 
{
    code: [32m'SQLIT
E_ERROR'[39m,
    rawCode: 
[33m1[39m,
    [cause]: 
SqliteError: no such 
column: is_template
        at 
convertError (D:\UIT_
COURSES\SE100\DailyDe
sk\node_modules\[4m.
pnpm[24m\libsql@0.5.
22\node_modules\[4ml
ibsql[24m\index.js:5
9:12)
        at 
Database.prepare (D:\
UIT_COURSES\SE100\Dai
lyDesk\node_modules\
[4m.pnpm[24m\libsql@
0.5.22\node_modules\
[4mlibsql[24m\index.
js:131:13)
        at 
executeStmt (file:///
D:/UIT_COURSES/SE100/
DailyDesk/node_module
s/[4m.pnpm[24m/@lib
sql+client@0.15.15/no
de_modules/[4m@libsq
l[24m/client/lib-esm
/sqlite3.js:268:28)
        at Sqlite3Cli
ent.execute (file:///
D:/UIT_COURSES/SE100/
DailyDesk/node_module
s/[4m.pnpm[24m/@lib
sql+client@0.15.15/no
de_modules/[4m@libsq
l[24m/client/lib-esm
/sqlite3.js:81:16)
        at file:///D:
/UIT_COURSES/SE100/Da
ilyDesk/node_modules/
[4m.pnpm[24m/drizzl
e-orm@0.44.7_@electri
_5c2928a099a752b7e299
aaadb8975aea/node_mod
ules/[4msrc[24m/lib
sql/session.ts:288:58
        at LibSQLPrep
aredQuery.queryWithCa
che (file:///D:/UIT_C
OURSES/SE100/DailyDes
k/node_modules/[4m.p
npm[24m/drizzle-orm@
0.44.7_@electri_5c292
8a099a752b7e299aaadb8
975aea/node_modules/
[4msrc[24m/sqlite-co
re/session.ts:78:18)
        at LibSQLPrep
aredQuery.values (fil
e:///D:/UIT_COURSES/S
E100/DailyDesk/node_m
odules/[4m.pnpm[24m
/drizzle-orm@0.44.7_@
electri_5c2928a099a75
2b7e299aaadb8975aea/n
ode_modules/[4msrc[
24m/libsql/session.ts
:286:21)
        at LibSQLPrep
aredQuery.all (file:/
//D:/UIT_COURSES/SE10
0/DailyDesk/node_modu
les/[4m.pnpm[24m/dr
izzle-orm@0.44.7_@ele
ctri_5c2928a099a752b7
e299aaadb8975aea/node
_modules/[4msrc[24m
/libsql/session.ts:21
4:27)
        at 
SQLiteSelectBase.all 
(file:///D:/UIT_COURS
ES/SE100/DailyDesk/no
de_modules/[4m.pnpm
[24m/drizzle-orm@0.44
.7_@electri_5c2928a09
9a752b7e299aaadb8975a
ea/node_modules/[4ms
rc[24m/sqlite-core/q
uery-builders/select.
ts:950:26)
        at SQLiteSele
ctBase.execute (file:
///D:/UIT_COURSES/SE1
00/DailyDesk/node_mod
ules/[4m.pnpm[24m/d
rizzle-orm@0.44.7_@el
ectri_5c2928a099a752b
7e299aaadb8975aea/nod
e_modules/[4msrc[24
m/sqlite-core/query-b
uilders/select.ts:962
:15) {
      code: [32m'SQL
ITE_ERROR'[39m,
      rawCode: 
[33m1[39m
    }
  }
}

[90mstderr[2m | tes
ts/cards/cards.test.t
s[2m > 
[22m[2mCards API 
Integration 
Tests[2m > 
[22m[2mPUT /boards/
:boardId/cards/:id[2
m > [22m[2mshould 
return 404 when 
trying to move card 
to non-existent list
[22m[39mDrizzleQuer
yError: Failed 
query: select "id", 
"name", 
"description", 
"order", 
"cover_url", 
"cover_public_id", 
"cover_color", 
"cover_mode", 
"list_id", 
"start_date", 
"deadline", 
"due_at", 
"due_complete", 
"reminder_minutes", 
"recurrence", 
"recurrence_day", "re
currence_weekday", 
"latitude", 
"longitude", 
"completed", 
"is_template", 
"created_at", 
"updated_at" from 
"cards" where 
"cards"."list_id" = ?
params: 019bc10a-b110
-73dd-a2b7-ad650f9a83
92
    at LibSQLPrepared
Query.queryWithCache 
(file:///D:/UIT_COURS
ES/SE100/DailyDesk/no
de_modules/[4m.pnpm
[24m/drizzle-orm@0.44
.7_@electri_5c2928a09
9a752b7e299aaadb8975a
ea/node_modules/[4ms
rc[24m/sqlite-core/s
ession.ts:80:11)
[90m    at processTi
cksAndRejections (nod
e:internal/process/ta
sk_queues:105:5)[39m
    at LibSQLPrepared
Query.values (file://
/D:/UIT_COURSES/SE100
/DailyDesk/node_modul
es/[4m.pnpm[24m/dri
zzle-orm@0.44.7_@elec
tri_5c2928a099a752b7e
299aaadb8975aea/node_
modules/[4msrc[24m/
libsql/session.ts:286
:10)
    at LibSQLPrepared
Query.all (file:///D:
/UIT_COURSES/SE100/Da
ilyDesk/node_modules/
[4m.pnpm[24m/drizzl
e-orm@0.44.7_@electri
_5c2928a099a752b7e299
aaadb8975aea/node_mod
ules/[4msrc[24m/lib
sql/session.ts:214:16
)
    at 
Module.createCard [9
0m(D:\UIT_COURSES\SE1
00\DailyDesk\backend\
[39msrc\services\car
ds.service.ts:311:23
[90m)[39m
    at [90mD:\UIT_CO
URSES\SE100\DailyDesk
\backend\[39msrc\rou
tes\cards.ts:150:22
    at dispatch (file
:///D:/UIT_COURSES/SE
100/DailyDesk/node_mo
dules/[4m.pnpm[24m/
hono@4.11.3/node_modu
les/[4mhono[24m/dis
t/compose.js:22:17)
    at file:///D:/UIT
_COURSES/SE100/DailyD
esk/node_modules/[4m
.pnpm[24m/hono@4.11.
3/node_modules/[4mho
no[24m/dist/validato
r/validator.js:81:12
    at mw (file:///D:
/UIT_COURSES/SE100/Da
ilyDesk/node_modules/
[4m.pnpm[24m/@hono+
zod-openapi@1.2.0_hon
o@4.11.3_zod@4.3.5/no
de_modules/[4m@hono
[24m/zod-openapi/src/
index.ts:546:26)
    at dispatch (file
:///D:/UIT_COURSES/SE
100/DailyDesk/node_mo
dules/[4m.pnpm[24m/
hono@4.11.3/node_modu
les/[4mhono[24m/dis
t/compose.js:22:17) {
  query: 
[32m'select "id", 
"name", 
"description", 
"order", 
"cover_url", 
"cover_public_id", 
"cover_color", 
"cover_mode", 
"list_id", 
"start_date", 
"deadline", 
"due_at", 
"due_complete", 
"reminder_minutes", 
"recurrence", 
"recurrence_day", "re
currence_weekday", 
"latitude", 
"longitude", 
"completed", 
"is_template", 
"created_at", 
"updated_at" from 
"cards" where 
"cards"."list_id" = 
?'[39m,
  params: [ [32m'019
bc10a-b110-73dd-a2b7-
ad650f9a8392'[39m ],
  cause: 
LibsqlError: 
SQLITE_ERROR: no 
such column: 
is_template
      at 
mapSqliteError (file:
///D:/UIT_COURSES/SE1
00/DailyDesk/node_mod
ules/[4m.pnpm[24m/@
libsql+client@0.15.15
/node_modules/[4m@li
bsql[24m/client/lib-
esm/sqlite3.js:392:16
)
      at executeStmt 
(file:///D:/UIT_COURS
ES/SE100/DailyDesk/no
de_modules/[4m.pnpm
[24m/@libsql+client@0
.15.15/node_modules/
[4m@libsql[24m/clien
t/lib-esm/sqlite3.js:
297:15)
      at Sqlite3Clien
t.execute (file:///D:
/UIT_COURSES/SE100/Da
ilyDesk/node_modules/
[4m.pnpm[24m/@libsq
l+client@0.15.15/node
_modules/[4m@libsql
[24m/client/lib-esm/s
qlite3.js:81:16)
  [90m    ... 5 
lines matching cause 
stack trace ...[39m
      at SQLiteSelect
Base.execute (file://
/D:/UIT_COURSES/SE100
/DailyDesk/node_modul
es/[4m.pnpm[24m/dri
zzle-orm@0.44.7_@elec
tri_5c2928a099a752b7e
299aaadb8975aea/node_
modules/[4msrc[24m/
sqlite-core/query-bui
lders/select.ts:962:1
5)
      at SQLiteSelect
Base.then (file:///D:
/UIT_COURSES/SE100/Da
ilyDesk/node_modules/
[4m.pnpm[24m/drizzl
e-orm@0.44.7_@electri
_5c2928a099a752b7e299
aaadb8975aea/node_mod
ules/[4msrc[24m/que
ry-promise.ts:31:15) 
{
    code: [32m'SQLIT
E_ERROR'[39m,
    rawCode: 
[33m1[39m,
    [cause]: 
SqliteError: no such 
column: is_template
        at 
convertError (D:\UIT_
COURSES\SE100\DailyDe
sk\node_modules\[4m.
pnpm[24m\libsql@0.5.
22\node_modules\[4ml
ibsql[24m\index.js:5
9:12)
        at 
Database.prepare (D:\
UIT_COURSES\SE100\Dai
lyDesk\node_modules\
[4m.pnpm[24m\libsql@
0.5.22\node_modules\
[4mlibsql[24m\index.
js:131:13)
        at 
executeStmt (file:///
D:/UIT_COURSES/SE100/
DailyDesk/node_module
s/[4m.pnpm[24m/@lib
sql+client@0.15.15/no
de_modules/[4m@libsq
l[24m/client/lib-esm
/sqlite3.js:268:28)
        at Sqlite3Cli
ent.execute (file:///
D:/UIT_COURSES/SE100/
DailyDesk/node_module
s/[4m.pnpm[24m/@lib
sql+client@0.15.15/no
de_modules/[4m@libsq
l[24m/client/lib-esm
/sqlite3.js:81:16)
        at file:///D:
/UIT_COURSES/SE100/Da
ilyDesk/node_modules/
[4m.pnpm[24m/drizzl
e-orm@0.44.7_@electri
_5c2928a099a752b7e299
aaadb8975aea/node_mod
ules/[4msrc[24m/lib
sql/session.ts:288:58
        at LibSQLPrep
aredQuery.queryWithCa
che (file:///D:/UIT_C
OURSES/SE100/DailyDes
k/node_modules/[4m.p
npm[24m/drizzle-orm@
0.44.7_@electri_5c292
8a099a752b7e299aaadb8
975aea/node_modules/
[4msrc[24m/sqlite-co
re/session.ts:78:18)
        at LibSQLPrep
aredQuery.values (fil
e:///D:/UIT_COURSES/S
E100/DailyDesk/node_m
odules/[4m.pnpm[24m
/drizzle-orm@0.44.7_@
electri_5c2928a099a75
2b7e299aaadb8975aea/n
ode_modules/[4msrc[
24m/libsql/session.ts
:286:21)
        at LibSQLPrep
aredQuery.all (file:/
//D:/UIT_COURSES/SE10
0/DailyDesk/node_modu
les/[4m.pnpm[24m/dr
izzle-orm@0.44.7_@ele
ctri_5c2928a099a752b7
e299aaadb8975aea/node
_modules/[4msrc[24m
/libsql/session.ts:21
4:27)
        at 
SQLiteSelectBase.all 
(file:///D:/UIT_COURS
ES/SE100/DailyDesk/no
de_modules/[4m.pnpm
[24m/drizzle-orm@0.44
.7_@electri_5c2928a09
9a752b7e299aaadb8975a
ea/node_modules/[4ms
rc[24m/sqlite-core/q
uery-builders/select.
ts:950:26)
        at SQLiteSele
ctBase.execute (file:
///D:/UIT_COURSES/SE1
00/DailyDesk/node_mod
ules/[4m.pnpm[24m/d
rizzle-orm@0.44.7_@el
ectri_5c2928a099a752b
7e299aaadb8975aea/nod
e_modules/[4msrc[24
m/sqlite-core/query-b
uilders/select.ts:962
:15) {
      code: [32m'SQL
ITE_ERROR'[39m,
      rawCode: 
[33m1[39m
    }
  }
}
Error in updateCard 
route: 
DrizzleQueryError: 
Failed query: select 
"id", "name", 
"description", 
"order", 
"cover_url", 
"cover_public_id", 
"cover_color", 
"cover_mode", 
"list_id", 
"start_date", 
"deadline", 
"due_at", 
"due_complete", 
"reminder_minutes", 
"recurrence", 
"recurrence_day", "re
currence_weekday", 
"latitude", 
"longitude", 
"completed", 
"is_template", 
"created_at", 
"updated_at" from 
"cards" where 
"cards"."id" = ? 
limit ?
params: 019bc10a-b113
-7063-9b44-9f9cf587da
4a,1
    at LibSQLPrepared
Query.queryWithCache 
(file:///D:/UIT_COURS
ES/SE100/DailyDesk/no
de_modules/[4m.pnpm
[24m/drizzle-orm@0.44
.7_@electri_5c2928a09
9a752b7e299aaadb8975a
ea/node_modules/[4ms
rc[24m/sqlite-core/s
ession.ts:80:11)
[90m    at processTi
cksAndRejections (nod
e:internal/process/ta
sk_queues:105:5)[39m
    at LibSQLPrepared
Query.values (file://
/D:/UIT_COURSES/SE100
/DailyDesk/node_modul
es/[4m.pnpm[24m/dri
zzle-orm@0.44.7_@elec
tri_5c2928a099a752b7e
299aaadb8975aea/node_
modules/[4msrc[24m/
libsql/session.ts:286
:10)
    at LibSQLPrepared
Query.all (file:///D:
/UIT_COURSES/SE100/Da
ilyDesk/node_modules/
[4m.pnpm[24m/drizzl
e-orm@0.44.7_@electri
_5c2928a099a752b7e299
aaadb8975aea/node_mod
ules/[4msrc[24m/lib
sql/session.ts:214:16
)
    at 
Module.updateCard [9
0m(D:\UIT_COURSES\SE1
00\DailyDesk\backend\
[39msrc\services\car
ds.service.ts:537:24
[90m)[39m
    at [90mD:\UIT_CO
URSES\SE100\DailyDesk
\backend\[39msrc\rou
tes\cards.ts:242:25
    at dispatch (file
:///D:/UIT_COURSES/SE
100/DailyDesk/node_mo
dules/[4m.pnpm[24m/
hono@4.11.3/node_modu
les/[4mhono[24m/dis
t/compose.js:22:17)
    at file:///D:/UIT
_COURSES/SE100/DailyD
esk/node_modules/[4m
.pnpm[24m/hono@4.11.
3/node_modules/[4mho
no[24m/dist/validato
r/validator.js:81:12
    at mw (file:///D:
/UIT_COURSES/SE100/Da
ilyDesk/node_modules/
[4m.pnpm[24m/@hono+
zod-openapi@1.2.0_hon
o@4.11.3_zod@4.3.5/no
de_modules/[4m@hono
[24m/zod-openapi/src/
index.ts:546:26)
    at dispatch (file
:///D:/UIT_COURSES/SE
100/DailyDesk/node_mo
dules/[4m.pnpm[24m/
hono@4.11.3/node_modu
les/[4mhono[24m/dis
t/compose.js:22:17) {
  query: 
[32m'select "id", 
"name", 
"description", 
"order", 
"cover_url", 
"cover_public_id", 
"cover_color", 
"cover_mode", 
"list_id", 
"start_date", 
"deadline", 
"due_at", 
"due_complete", 
"reminder_minutes", 
"recurrence", 
"recurrence_day", "re
currence_weekday", 
"latitude", 
"longitude", 
"completed", 
"is_template", 
"created_at", 
"updated_at" from 
"cards" where 
"cards"."id" = ? 
limit ?'[39m,
  params: [ [32m'019
bc10a-b113-7063-9b44-
9f9cf587da4a'[39m, 
[33m1[39m ],
  cause: 
LibsqlError: 
SQLITE_ERROR: no 
such column: 
is_template
      at 
mapSqliteError (file:
///D:/UIT_COURSES/SE1
00/DailyDesk/node_mod
ules/[4m.pnpm[24m/@
libsql+client@0.15.15
/node_modules/[4m@li
bsql[24m/client/lib-
esm/sqlite3.js:392:16
)
      at executeStmt 
(file:///D:/UIT_COURS
ES/SE100/DailyDesk/no
de_modules/[4m.pnpm
[24m/@libsql+client@0
.15.15/node_modules/
[4m@libsql[24m/clien
t/lib-esm/sqlite3.js:
297:15)
      at Sqlite3Clien
t.execute (file:///D:
/UIT_COURSES/SE100/Da
ilyDesk/node_modules/
[4m.pnpm[24m/@libsq
l+client@0.15.15/node
_modules/[4m@libsql
[24m/client/lib-esm/s
qlite3.js:81:16)
  [90m    ... 5 
lines matching cause 
stack trace ...[39m
      at SQLiteSelect
Base.execute (file://
/D:/UIT_COURSES/SE100
/DailyDesk/node_modul
es/[4m.pnpm[24m/dri
zzle-orm@0.44.7_@elec
tri_5c2928a099a752b7e
299aaadb8975aea/node_
modules/[4msrc[24m/
sqlite-core/query-bui
lders/select.ts:962:1
5)
      at SQLiteSelect
Base.then (file:///D:
/UIT_COURSES/SE100/Da
ilyDesk/node_modules/
[4m.pnpm[24m/drizzl
e-orm@0.44.7_@electri
_5c2928a099a752b7e299
aaadb8975aea/node_mod
ules/[4msrc[24m/que
ry-promise.ts:31:15) 
{
    code: [32m'SQLIT
E_ERROR'[39m,
    rawCode: 
[33m1[39m,
    [cause]: 
SqliteError: no such 
column: is_template
        at 
convertError (D:\UIT_
COURSES\SE100\DailyDe
sk\node_modules\[4m.
pnpm[24m\libsql@0.5.
22\node_modules\[4ml
ibsql[24m\index.js:5
9:12)
        at 
Database.prepare (D:\
UIT_COURSES\SE100\Dai
lyDesk\node_modules\
[4m.pnpm[24m\libsql@
0.5.22\node_modules\
[4mlibsql[24m\index.
js:131:13)
        at 
executeStmt (file:///
D:/UIT_COURSES/SE100/
DailyDesk/node_module
s/[4m.pnpm[24m/@lib
sql+client@0.15.15/no
de_modules/[4m@libsq
l[24m/client/lib-esm
/sqlite3.js:268:28)
        at Sqlite3Cli
ent.execute (file:///
D:/UIT_COURSES/SE100/
DailyDesk/node_module
s/[4m.pnpm[24m/@lib
sql+client@0.15.15/no
de_modules/[4m@libsq
l[24m/client/lib-esm
/sqlite3.js:81:16)
        at file:///D:
/UIT_COURSES/SE100/Da
ilyDesk/node_modules/
[4m.pnpm[24m/drizzl
e-orm@0.44.7_@electri
_5c2928a099a752b7e299
aaadb8975aea/node_mod
ules/[4msrc[24m/lib
sql/session.ts:288:58
        at LibSQLPrep
aredQuery.queryWithCa
che (file:///D:/UIT_C
OURSES/SE100/DailyDes
k/node_modules/[4m.p
npm[24m/drizzle-orm@
0.44.7_@electri_5c292
8a099a752b7e299aaadb8
975aea/node_modules/
[4msrc[24m/sqlite-co
re/session.ts:78:18)
        at LibSQLPrep
aredQuery.values (fil
e:///D:/UIT_COURSES/S
E100/DailyDesk/node_m
odules/[4m.pnpm[24m
/drizzle-orm@0.44.7_@
electri_5c2928a099a75
2b7e299aaadb8975aea/n
ode_modules/[4msrc[
24m/libsql/session.ts
:286:21)
        at LibSQLPrep
aredQuery.all (file:/
//D:/UIT_COURSES/SE10
0/DailyDesk/node_modu
les/[4m.pnpm[24m/dr
izzle-orm@0.44.7_@ele
ctri_5c2928a099a752b7
e299aaadb8975aea/node
_modules/[4msrc[24m
/libsql/session.ts:21
4:27)
        at 
SQLiteSelectBase.all 
(file:///D:/UIT_COURS
ES/SE100/DailyDesk/no
de_modules/[4m.pnpm
[24m/drizzle-orm@0.44
.7_@electri_5c2928a09
9a752b7e299aaadb8975a
ea/node_modules/[4ms
rc[24m/sqlite-core/q
uery-builders/select.
ts:950:26)
        at SQLiteSele
ctBase.execute (file:
///D:/UIT_COURSES/SE1
00/DailyDesk/node_mod
ules/[4m.pnpm[24m/d
rizzle-orm@0.44.7_@el
ectri_5c2928a099a752b
7e299aaadb8975aea/nod
e_modules/[4msrc[24
m/sqlite-core/query-b
uilders/select.ts:962
:15) {
      code: [32m'SQL
ITE_ERROR'[39m,
      rawCode: 
[33m1[39m
    }
  }
}
DrizzleQueryError: 
Failed query: select 
"id", "name", 
"description", 
"order", 
"cover_url", 
"cover_public_id", 
"cover_color", 
"cover_mode", 
"list_id", 
"start_date", 
"deadline", 
"due_at", 
"due_complete", 
"reminder_minutes", 
"recurrence", 
"recurrence_day", "re
currence_weekday", 
"latitude", 
"longitude", 
"completed", 
"is_template", 
"created_at", 
"updated_at" from 
"cards" where 
"cards"."id" = ? 
limit ?
params: 019bc10a-b113
-7063-9b44-9f9cf587da
4a,1
    at LibSQLPrepared
Query.queryWithCache 
(file:///D:/UIT_COURS
ES/SE100/DailyDesk/no
de_modules/[4m.pnpm
[24m/drizzle-orm@0.44
.7_@electri_5c2928a09
9a752b7e299aaadb8975a
ea/node_modules/[4ms
rc[24m/sqlite-core/s
ession.ts:80:11)
[90m    at processTi
cksAndRejections (nod
e:internal/process/ta
sk_queues:105:5)[39m
    at LibSQLPrepared
Query.values (file://
/D:/UIT_COURSES/SE100
/DailyDesk/node_modul
es/[4m.pnpm[24m/dri
zzle-orm@0.44.7_@elec
tri_5c2928a099a752b7e
299aaadb8975aea/node_
modules/[4msrc[24m/
libsql/session.ts:286
:10)
    at LibSQLPrepared
Query.all (file:///D:
/UIT_COURSES/SE100/Da
ilyDesk/node_modules/
[4m.pnpm[24m/drizzl
e-orm@0.44.7_@electri
_5c2928a099a752b7e299
aaadb8975aea/node_mod
ules/[4msrc[24m/lib
sql/session.ts:214:16
)
    at 
Module.updateCard [9
0m(D:\UIT_COURSES\SE1
00\DailyDesk\backend\
[39msrc\services\car
ds.service.ts:537:24
[90m)[39m
    at [90mD:\UIT_CO
URSES\SE100\DailyDesk
\backend\[39msrc\rou
tes\cards.ts:242:25
    at dispatch (file
:///D:/UIT_COURSES/SE
100/DailyDesk/node_mo
dules/[4m.pnpm[24m/
hono@4.11.3/node_modu
les/[4mhono[24m/dis
t/compose.js:22:17)
    at file:///D:/UIT
_COURSES/SE100/DailyD
esk/node_modules/[4m
.pnpm[24m/hono@4.11.
3/node_modules/[4mho
no[24m/dist/validato
r/validator.js:81:12
    at mw (file:///D:
/UIT_COURSES/SE100/Da
ilyDesk/node_modules/
[4m.pnpm[24m/@hono+
zod-openapi@1.2.0_hon
o@4.11.3_zod@4.3.5/no
de_modules/[4m@hono
[24m/zod-openapi/src/
index.ts:546:26)
    at dispatch (file
:///D:/UIT_COURSES/SE
100/DailyDesk/node_mo
dules/[4m.pnpm[24m/
hono@4.11.3/node_modu
les/[4mhono[24m/dis
t/compose.js:22:17) {
  query: 
[32m'select "id", 
"name", 
"description", 
"order", 
"cover_url", 
"cover_public_id", 
"cover_color", 
"cover_mode", 
"list_id", 
"start_date", 
"deadline", 
"due_at", 
"due_complete", 
"reminder_minutes", 
"recurrence", 
"recurrence_day", "re
currence_weekday", 
"latitude", 
"longitude", 
"completed", 
"is_template", 
"created_at", 
"updated_at" from 
"cards" where 
"cards"."id" = ? 
limit ?'[39m,
  params: [ [32m'019
bc10a-b113-7063-9b44-
9f9cf587da4a'[39m, 
[33m1[39m ],
  cause: 
LibsqlError: 
SQLITE_ERROR: no 
such column: 
is_template
      at 
mapSqliteError (file:
///D:/UIT_COURSES/SE1
00/DailyDesk/node_mod
ules/[4m.pnpm[24m/@
libsql+client@0.15.15
/node_modules/[4m@li
bsql[24m/client/lib-
esm/sqlite3.js:392:16
)
      at executeStmt 
(file:///D:/UIT_COURS
ES/SE100/DailyDesk/no
de_modules/[4m.pnpm
[24m/@libsql+client@0
.15.15/node_modules/
[4m@libsql[24m/clien
t/lib-esm/sqlite3.js:
297:15)
      at Sqlite3Clien
t.execute (file:///D:
/UIT_COURSES/SE100/Da
ilyDesk/node_modules/
[4m.pnpm[24m/@libsq
l+client@0.15.15/node
_modules/[4m@libsql
[24m/client/lib-esm/s
qlite3.js:81:16)
  [90m    ... 5 
lines matching cause 
stack trace ...[39m
      at SQLiteSelect
Base.execute (file://
/D:/UIT_COURSES/SE100
/DailyDesk/node_modul
es/[4m.pnpm[24m/dri
zzle-orm@0.44.7_@elec
tri_5c2928a099a752b7e
299aaadb8975aea/node_
modules/[4msrc[24m/
sqlite-core/query-bui
lders/select.ts:962:1
5)
      at SQLiteSelect
Base.then (file:///D:
/UIT_COURSES/SE100/Da
ilyDesk/node_modules/
[4m.pnpm[24m/drizzl
e-orm@0.44.7_@electri
_5c2928a099a752b7e299
aaadb8975aea/node_mod
ules/[4msrc[24m/que
ry-promise.ts:31:15) 
{
    code: [32m'SQLIT
E_ERROR'[39m,
    rawCode: 
[33m1[39m,
    [cause]: 
SqliteError: no such 
column: is_template
        at 
convertError (D:\UIT_
COURSES\SE100\DailyDe
sk\node_modules\[4m.
pnpm[24m\libsql@0.5.
22\node_modules\[4ml
ibsql[24m\index.js:5
9:12)
        at 
Database.prepare (D:\
UIT_COURSES\SE100\Dai
lyDesk\node_modules\
[4m.pnpm[24m\libsql@
0.5.22\node_modules\
[4mlibsql[24m\index.
js:131:13)
        at 
executeStmt (file:///
D:/UIT_COURSES/SE100/
DailyDesk/node_module
s/[4m.pnpm[24m/@lib
sql+client@0.15.15/no
de_modules/[4m@libsq
l[24m/client/lib-esm
/sqlite3.js:268:28)
        at Sqlite3Cli
ent.execute (file:///
D:/UIT_COURSES/SE100/
DailyDesk/node_module
s/[4m.pnpm[24m/@lib
sql+client@0.15.15/no
de_modules/[4m@libsq
l[24m/client/lib-esm
/sqlite3.js:81:16)
        at file:///D:
/UIT_COURSES/SE100/Da
ilyDesk/node_modules/
[4m.pnpm[24m/drizzl
e-orm@0.44.7_@electri
_5c2928a099a752b7e299
aaadb8975aea/node_mod
ules/[4msrc[24m/lib
sql/session.ts:288:58
        at LibSQLPrep
aredQuery.queryWithCa
che (file:///D:/UIT_C
OURSES/SE100/DailyDes
k/node_modules/[4m.p
npm[24m/drizzle-orm@
0.44.7_@electri_5c292
8a099a752b7e299aaadb8
975aea/node_modules/
[4msrc[24m/sqlite-co
re/session.ts:78:18)
        at LibSQLPrep
aredQuery.values (fil
e:///D:/UIT_COURSES/S
E100/DailyDesk/node_m
odules/[4m.pnpm[24m
/drizzle-orm@0.44.7_@
electri_5c2928a099a75
2b7e299aaadb8975aea/n
ode_modules/[4msrc[
24m/libsql/session.ts
:286:21)
        at LibSQLPrep
aredQuery.all (file:/
//D:/UIT_COURSES/SE10
0/DailyDesk/node_modu
les/[4m.pnpm[24m/dr
izzle-orm@0.44.7_@ele
ctri_5c2928a099a752b7
e299aaadb8975aea/node
_modules/[4msrc[24m
/libsql/session.ts:21
4:27)
        at 
SQLiteSelectBase.all 
(file:///D:/UIT_COURS
ES/SE100/DailyDesk/no
de_modules/[4m.pnpm
[24m/drizzle-orm@0.44
.7_@electri_5c2928a09
9a752b7e299aaadb8975a
ea/node_modules/[4ms
rc[24m/sqlite-core/q
uery-builders/select.
ts:950:26)
        at SQLiteSele
ctBase.execute (file:
///D:/UIT_COURSES/SE1
00/DailyDesk/node_mod
ules/[4m.pnpm[24m/d
rizzle-orm@0.44.7_@el
ectri_5c2928a099a752b
7e299aaadb8975aea/nod
e_modules/[4msrc[24
m/sqlite-core/query-b
uilders/select.ts:962
:15) {
      code: [32m'SQL
ITE_ERROR'[39m,
      rawCode: 
[33m1[39m
    }
  }
}

[90mstderr[2m | tes
ts/cards/cards.test.t
s[2m > 
[22m[2mCards API 
Integration 
Tests[2m > 
[22m[2mPUT /boards/
:boardId/cards/:id[2
m > [22m[2mshould 
return 403 when 
trying to move card 
to list in different 
board
[22m[39mDrizzleQuer
yError: Failed 
query: select "id", 
"name", 
"description", 
"order", 
"cover_url", 
"cover_public_id", 
"cover_color", 
"cover_mode", 
"list_id", 
"start_date", 
"deadline", 
"due_at", 
"due_complete", 
"reminder_minutes", 
"recurrence", 
"recurrence_day", "re
currence_weekday", 
"latitude", 
"longitude", 
"completed", 
"is_template", 
"created_at", 
"updated_at" from 
"cards" where 
"cards"."list_id" = ?
params: 019bc10a-b122
-7896-8481-95a7b03fc6
fc
    at LibSQLPrepared
Query.queryWithCache 
(file:///D:/UIT_COURS
ES/SE100/DailyDesk/no
de_modules/[4m.pnpm
[24m/drizzle-orm@0.44
.7_@electri_5c2928a09
9a752b7e299aaadb8975a
ea/node_modules/[4ms
rc[24m/sqlite-core/s
ession.ts:80:11)
[90m    at processTi
cksAndRejections (nod
e:internal/process/ta
sk_queues:105:5)[39m
    at LibSQLPrepared
Query.values (file://
/D:/UIT_COURSES/SE100
/DailyDesk/node_modul
es/[4m.pnpm[24m/dri
zzle-orm@0.44.7_@elec
tri_5c2928a099a752b7e
299aaadb8975aea/node_
modules/[4msrc[24m/
libsql/session.ts:286
:10)
    at LibSQLPrepared
Query.all (file:///D:
/UIT_COURSES/SE100/Da
ilyDesk/node_modules/
[4m.pnpm[24m/drizzl
e-orm@0.44.7_@electri
_5c2928a099a752b7e299
aaadb8975aea/node_mod
ules/[4msrc[24m/lib
sql/session.ts:214:16
)
    at 
Module.createCard [9
0m(D:\UIT_COURSES\SE1
00\DailyDesk\backend\
[39msrc\services\car
ds.service.ts:311:23
[90m)[39m
    at [90mD:\UIT_CO
URSES\SE100\DailyDesk
\backend\[39msrc\rou
tes\cards.ts:150:22
    at dispatch (file
:///D:/UIT_COURSES/SE
100/DailyDesk/node_mo
dules/[4m.pnpm[24m/
hono@4.11.3/node_modu
les/[4mhono[24m/dis
t/compose.js:22:17)
    at file:///D:/UIT
_COURSES/SE100/DailyD
esk/node_modules/[4m
.pnpm[24m/hono@4.11.
3/node_modules/[4mho
no[24m/dist/validato
r/validator.js:81:12
    at mw (file:///D:
/UIT_COURSES/SE100/Da
ilyDesk/node_modules/
[4m.pnpm[24m/@hono+
zod-openapi@1.2.0_hon
o@4.11.3_zod@4.3.5/no
de_modules/[4m@hono
[24m/zod-openapi/src/
index.ts:546:26)
    at dispatch (file
:///D:/UIT_COURSES/SE
100/DailyDesk/node_mo
dules/[4m.pnpm[24m/
hono@4.11.3/node_modu
les/[4mhono[24m/dis
t/compose.js:22:17) {
  query: 
[32m'select "id", 
"name", 
"description", 
"order", 
"cover_url", 
"cover_public_id", 
"cover_color", 
"cover_mode", 
"list_id", 
"start_date", 
"deadline", 
"due_at", 
"due_complete", 
"reminder_minutes", 
"recurrence", 
"recurrence_day", "re
currence_weekday", 
"latitude", 
"longitude", 
"completed", 
"is_template", 
"created_at", 
"updated_at" from 
"cards" where 
"cards"."list_id" = 
?'[39m,
  params: [ [32m'019
bc10a-b122-7896-8481-
95a7b03fc6fc'[39m ],
  cause: 
LibsqlError: 
SQLITE_ERROR: no 
such column: 
is_template
      at 
mapSqliteError (file:
///D:/UIT_COURSES/SE1
00/DailyDesk/node_mod
ules/[4m.pnpm[24m/@
libsql+client@0.15.15
/node_modules/[4m@li
bsql[24m/client/lib-
esm/sqlite3.js:392:16
)
      at executeStmt 
(file:///D:/UIT_COURS
ES/SE100/DailyDesk/no
de_modules/[4m.pnpm
[24m/@libsql+client@0
.15.15/node_modules/
[4m@libsql[24m/clien
t/lib-esm/sqlite3.js:
297:15)
      at Sqlite3Clien
t.execute (file:///D:
/UIT_COURSES/SE100/Da
ilyDesk/node_modules/
[4m.pnpm[24m/@libsq
l+client@0.15.15/node
_modules/[4m@libsql
[24m/client/lib-esm/s
qlite3.js:81:16)
  [90m    ... 5 
lines matching cause 
stack trace ...[39m
      at SQLiteSelect
Base.execute (file://
/D:/UIT_COURSES/SE100
/DailyDesk/node_modul
es/[4m.pnpm[24m/dri
zzle-orm@0.44.7_@elec
tri_5c2928a099a752b7e
299aaadb8975aea/node_
modules/[4msrc[24m/
sqlite-core/query-bui
lders/select.ts:962:1
5)
      at SQLiteSelect
Base.then (file:///D:
/UIT_COURSES/SE100/Da
ilyDesk/node_modules/
[4m.pnpm[24m/drizzl
e-orm@0.44.7_@electri
_5c2928a099a752b7e299
aaadb8975aea/node_mod
ules/[4msrc[24m/que
ry-promise.ts:31:15) 
{
    code: [32m'SQLIT
E_ERROR'[39m,
    rawCode: 
[33m1[39m,
    [cause]: 
SqliteError: no such 
column: is_template
        at 
convertError (D:\UIT_
COURSES\SE100\DailyDe
sk\node_modules\[4m.
pnpm[24m\libsql@0.5.
22\node_modules\[4ml
ibsql[24m\index.js:5
9:12)
        at 
Database.prepare (D:\
UIT_COURSES\SE100\Dai
lyDesk\node_modules\
[4m.pnpm[24m\libsql@
0.5.22\node_modules\
[4mlibsql[24m\index.
js:131:13)
        at 
executeStmt (file:///
D:/UIT_COURSES/SE100/
DailyDesk/node_module
s/[4m.pnpm[24m/@lib
sql+client@0.15.15/no
de_modules/[4m@libsq
l[24m/client/lib-esm
/sqlite3.js:268:28)
        at Sqlite3Cli
ent.execute (file:///
D:/UIT_COURSES/SE100/
DailyDesk/node_module
s/[4m.pnpm[24m/@lib
sql+client@0.15.15/no
de_modules/[4m@libsq
l[24m/client/lib-esm
/sqlite3.js:81:16)
        at file:///D:
/UIT_COURSES/SE100/Da
ilyDesk/node_modules/
[4m.pnpm[24m/drizzl
e-orm@0.44.7_@electri
_5c2928a099a752b7e299
aaadb8975aea/node_mod
ules/[4msrc[24m/lib
sql/session.ts:288:58
        at LibSQLPrep
aredQuery.queryWithCa
che (file:///D:/UIT_C
OURSES/SE100/DailyDes
k/node_modules/[4m.p
npm[24m/drizzle-orm@
0.44.7_@electri_5c292
8a099a752b7e299aaadb8
975aea/node_modules/
[4msrc[24m/sqlite-co
re/session.ts:78:18)
        at LibSQLPrep
aredQuery.values (fil
e:///D:/UIT_COURSES/S
E100/DailyDesk/node_m
odules/[4m.pnpm[24m
/drizzle-orm@0.44.7_@
electri_5c2928a099a75
2b7e299aaadb8975aea/n
ode_modules/[4msrc[
24m/libsql/session.ts
:286:21)
        at LibSQLPrep
aredQuery.all (file:/
//D:/UIT_COURSES/SE10
0/DailyDesk/node_modu
les/[4m.pnpm[24m/dr
izzle-orm@0.44.7_@ele
ctri_5c2928a099a752b7
e299aaadb8975aea/node
_modules/[4msrc[24m
/libsql/session.ts:21
4:27)
        at 
SQLiteSelectBase.all 
(file:///D:/UIT_COURS
ES/SE100/DailyDesk/no
de_modules/[4m.pnpm
[24m/drizzle-orm@0.44
.7_@electri_5c2928a09
9a752b7e299aaadb8975a
ea/node_modules/[4ms
rc[24m/sqlite-core/q
uery-builders/select.
ts:950:26)
        at SQLiteSele
ctBase.execute (file:
///D:/UIT_COURSES/SE1
00/DailyDesk/node_mod
ules/[4m.pnpm[24m/d
rizzle-orm@0.44.7_@el
ectri_5c2928a099a752b
7e299aaadb8975aea/nod
e_modules/[4msrc[24
m/sqlite-core/query-b
uilders/select.ts:962
:15) {
      code: [32m'SQL
ITE_ERROR'[39m,
      rawCode: 
[33m1[39m
    }
  }
}
Error in updateCard 
route: 
DrizzleQueryError: 
Failed query: select 
"id", "name", 
"description", 
"order", 
"cover_url", 
"cover_public_id", 
"cover_color", 
"cover_mode", 
"list_id", 
"start_date", 
"deadline", 
"due_at", 
"due_complete", 
"reminder_minutes", 
"recurrence", 
"recurrence_day", "re
currence_weekday", 
"latitude", 
"longitude", 
"completed", 
"is_template", 
"created_at", 
"updated_at" from 
"cards" where 
"cards"."id" = ? 
limit ?
params: 019bc10a-b128
-77f0-bc91-058a00ff0e
9a,1
    at LibSQLPrepared
Query.queryWithCache 
(file:///D:/UIT_COURS
ES/SE100/DailyDesk/no
de_modules/[4m.pnpm
[24m/drizzle-orm@0.44
.7_@electri_5c2928a09
9a752b7e299aaadb8975a
ea/node_modules/[4ms
rc[24m/sqlite-core/s
ession.ts:80:11)
[90m    at processTi
cksAndRejections (nod
e:internal/process/ta
sk_queues:105:5)[39m
    at LibSQLPrepared
Query.values (file://
/D:/UIT_COURSES/SE100
/DailyDesk/node_modul
es/[4m.pnpm[24m/dri
zzle-orm@0.44.7_@elec
tri_5c2928a099a752b7e
299aaadb8975aea/node_
modules/[4msrc[24m/
libsql/session.ts:286
:10)
    at LibSQLPrepared
Query.all (file:///D:
/UIT_COURSES/SE100/Da
ilyDesk/node_modules/
[4m.pnpm[24m/drizzl
e-orm@0.44.7_@electri
_5c2928a099a752b7e299
aaadb8975aea/node_mod
ules/[4msrc[24m/lib
sql/session.ts:214:16
)
    at 
Module.updateCard [9
0m(D:\UIT_COURSES\SE1
00\DailyDesk\backend\
[39msrc\services\car
ds.service.ts:537:24
[90m)[39m
    at [90mD:\UIT_CO
URSES\SE100\DailyDesk
\backend\[39msrc\rou
tes\cards.ts:242:25
    at dispatch (file
:///D:/UIT_COURSES/SE
100/DailyDesk/node_mo
dules/[4m.pnpm[24m/
hono@4.11.3/node_modu
les/[4mhono[24m/dis
t/compose.js:22:17)
    at file:///D:/UIT
_COURSES/SE100/DailyD
esk/node_modules/[4m
.pnpm[24m/hono@4.11.
3/node_modules/[4mho
no[24m/dist/validato
r/validator.js:81:12
    at mw (file:///D:
/UIT_COURSES/SE100/Da
ilyDesk/node_modules/
[4m.pnpm[24m/@hono+
zod-openapi@1.2.0_hon
o@4.11.3_zod@4.3.5/no
de_modules/[4m@hono
[24m/zod-openapi/src/
index.ts:546:26)
    at dispatch (file
:///D:/UIT_COURSES/SE
100/DailyDesk/node_mo
dules/[4m.pnpm[24m/
hono@4.11.3/node_modu
les/[4mhono[24m/dis
t/compose.js:22:17) {
  query: 
[32m'select "id", 
"name", 
"description", 
"order", 
"cover_url", 
"cover_public_id", 
"cover_color", 
"cover_mode", 
"list_id", 
"start_date", 
"deadline", 
"due_at", 
"due_complete", 
"reminder_minutes", 
"recurrence", 
"recurrence_day", "re
currence_weekday", 
"latitude", 
"longitude", 
"completed", 
"is_template", 
"created_at", 
"updated_at" from 
"cards" where 
"cards"."id" = ? 
limit ?'[39m,
  params: [ [32m'019
bc10a-b128-77f0-bc91-
058a00ff0e9a'[39m, 
[33m1[39m ],
  cause: 
LibsqlError: 
SQLITE_ERROR: no 
such column: 
is_template
      at 
mapSqliteError (file:
///D:/UIT_COURSES/SE1
00/DailyDesk/node_mod
ules/[4m.pnpm[24m/@
libsql+client@0.15.15
/node_modules/[4m@li
bsql[24m/client/lib-
esm/sqlite3.js:392:16
)
      at executeStmt 
(file:///D:/UIT_COURS
ES/SE100/DailyDesk/no
de_modules/[4m.pnpm
[24m/@libsql+client@0
.15.15/node_modules/
[4m@libsql[24m/clien
t/lib-esm/sqlite3.js:
297:15)
      at Sqlite3Clien
t.execute (file:///D:
/UIT_COURSES/SE100/Da
ilyDesk/node_modules/
[4m.pnpm[24m/@libsq
l+client@0.15.15/node
_modules/[4m@libsql
[24m/client/lib-esm/s
qlite3.js:81:16)
  [90m    ... 5 
lines matching cause 
stack trace ...[39m
      at SQLiteSelect
Base.execute (file://
/D:/UIT_COURSES/SE100
/DailyDesk/node_modul
es/[4m.pnpm[24m/dri
zzle-orm@0.44.7_@elec
tri_5c2928a099a752b7e
299aaadb8975aea/node_
modules/[4msrc[24m/
sqlite-core/query-bui
lders/select.ts:962:1
5)
      at SQLiteSelect
Base.then (file:///D:
/UIT_COURSES/SE100/Da
ilyDesk/node_modules/
[4m.pnpm[24m/drizzl
e-orm@0.44.7_@electri
_5c2928a099a752b7e299
aaadb8975aea/node_mod
ules/[4msrc[24m/que
ry-promise.ts:31:15) 
{
    code: [32m'SQLIT
E_ERROR'[39m,
    rawCode: 
[33m1[39m,
    [cause]: 
SqliteError: no such 
column: is_template
        at 
convertError (D:\UIT_
COURSES\SE100\DailyDe
sk\node_modules\[4m.
pnpm[24m\libsql@0.5.
22\node_modules\[4ml
ibsql[24m\index.js:5
9:12)
        at 
Database.prepare (D:\
UIT_COURSES\SE100\Dai
lyDesk\node_modules\
[4m.pnpm[24m\libsql@
0.5.22\node_modules\
[4mlibsql[24m\index.
js:131:13)
        at 
executeStmt (file:///
D:/UIT_COURSES/SE100/
DailyDesk/node_module
s/[4m.pnpm[24m/@lib
sql+client@0.15.15/no
de_modules/[4m@libsq
l[24m/client/lib-esm
/sqlite3.js:268:28)
        at Sqlite3Cli
ent.execute (file:///
D:/UIT_COURSES/SE100/
DailyDesk/node_module
s/[4m.pnpm[24m/@lib
sql+client@0.15.15/no
de_modules/[4m@libsq
l[24m/client/lib-esm
/sqlite3.js:81:16)
        at file:///D:
/UIT_COURSES/SE100/Da
ilyDesk/node_modules/
[4m.pnpm[24m/drizzl
e-orm@0.44.7_@electri
_5c2928a099a752b7e299
aaadb8975aea/node_mod
ules/[4msrc[24m/lib
sql/session.ts:288:58
        at LibSQLPrep
aredQuery.queryWithCa
che (file:///D:/UIT_C
OURSES/SE100/DailyDes
k/node_modules/[4m.p
npm[24m/drizzle-orm@
0.44.7_@electri_5c292
8a099a752b7e299aaadb8
975aea/node_modules/
[4msrc[24m/sqlite-co
re/session.ts:78:18)
        at LibSQLPrep
aredQuery.values (fil
e:///D:/UIT_COURSES/S
E100/DailyDesk/node_m
odules/[4m.pnpm[24m
/drizzle-orm@0.44.7_@
electri_5c2928a099a75
2b7e299aaadb8975aea/n
ode_modules/[4msrc[
24m/libsql/session.ts
:286:21)
        at LibSQLPrep
aredQuery.all (file:/
//D:/UIT_COURSES/SE10
0/DailyDesk/node_modu
les/[4m.pnpm[24m/dr
izzle-orm@0.44.7_@ele
ctri_5c2928a099a752b7
e299aaadb8975aea/node
_modules/[4msrc[24m
/libsql/session.ts:21
4:27)
        at 
SQLiteSelectBase.all 
(file:///D:/UIT_COURS
ES/SE100/DailyDesk/no
de_modules/[4m.pnpm
[24m/drizzle-orm@0.44
.7_@electri_5c2928a09
9a752b7e299aaadb8975a
ea/node_modules/[4ms
rc[24m/sqlite-core/q
uery-builders/select.
ts:950:26)
        at SQLiteSele
ctBase.execute (file:
///D:/UIT_COURSES/SE1
00/DailyDesk/node_mod
ules/[4m.pnpm[24m/d
rizzle-orm@0.44.7_@el
ectri_5c2928a099a752b
7e299aaadb8975aea/nod
e_modules/[4msrc[24
m/sqlite-core/query-b
uilders/select.ts:962
:15) {
      code: [32m'SQL
ITE_ERROR'[39m,
      rawCode: 
[33m1[39m
    }
  }
}
DrizzleQueryError: 
Failed query: select 
"id", "name", 
"description", 
"order", 
"cover_url", 
"cover_public_id", 
"cover_color", 
"cover_mode", 
"list_id", 
"start_date", 
"deadline", 
"due_at", 
"due_complete", 
"reminder_minutes", 
"recurrence", 
"recurrence_day", "re
currence_weekday", 
"latitude", 
"longitude", 
"completed", 
"is_template", 
"created_at", 
"updated_at" from 
"cards" where 
"cards"."id" = ? 
limit ?
params: 019bc10a-b128
-77f0-bc91-058a00ff0e
9a,1
    at LibSQLPrepared
Query.queryWithCache 
(file:///D:/UIT_COURS
ES/SE100/DailyDesk/no
de_modules/[4m.pnpm
[24m/drizzle-orm@0.44
.7_@electri_5c2928a09
9a752b7e299aaadb8975a
ea/node_modules/[4ms
rc[24m/sqlite-core/s
ession.ts:80:11)
[90m    at processTi
cksAndRejections (nod
e:internal/process/ta
sk_queues:105:5)[39m
    at LibSQLPrepared
Query.values (file://
/D:/UIT_COURSES/SE100
/DailyDesk/node_modul
es/[4m.pnpm[24m/dri
zzle-orm@0.44.7_@elec
tri_5c2928a099a752b7e
299aaadb8975aea/node_
modules/[4msrc[24m/
libsql/session.ts:286
:10)
    at LibSQLPrepared
Query.all (file:///D:
/UIT_COURSES/SE100/Da
ilyDesk/node_modules/
[4m.pnpm[24m/drizzl
e-orm@0.44.7_@electri
_5c2928a099a752b7e299
aaadb8975aea/node_mod
ules/[4msrc[24m/lib
sql/session.ts:214:16
)
    at 
Module.updateCard [9
0m(D:\UIT_COURSES\SE1
00\DailyDesk\backend\
[39msrc\services\car
ds.service.ts:537:24
[90m)[39m
    at [90mD:\UIT_CO
URSES\SE100\DailyDesk
\backend\[39msrc\rou
tes\cards.ts:242:25
    at dispatch (file
:///D:/UIT_COURSES/SE
100/DailyDesk/node_mo
dules/[4m.pnpm[24m/
hono@4.11.3/node_modu
les/[4mhono[24m/dis
t/compose.js:22:17)
    at file:///D:/UIT
_COURSES/SE100/DailyD
esk/node_modules/[4m
.pnpm[24m/hono@4.11.
3/node_modules/[4mho
no[24m/dist/validato
r/validator.js:81:12
    at mw (file:///D:
/UIT_COURSES/SE100/Da
ilyDesk/node_modules/
[4m.pnpm[24m/@hono+
zod-openapi@1.2.0_hon
o@4.11.3_zod@4.3.5/no
de_modules/[4m@hono
[24m/zod-openapi/src/
index.ts:546:26)
    at dispatch (file
:///D:/UIT_COURSES/SE
100/DailyDesk/node_mo
dules/[4m.pnpm[24m/
hono@4.11.3/node_modu
les/[4mhono[24m/dis
t/compose.js:22:17) {
  query: 
[32m'select "id", 
"name", 
"description", 
"order", 
"cover_url", 
"cover_public_id", 
"cover_color", 
"cover_mode", 
"list_id", 
"start_date", 
"deadline", 
"due_at", 
"due_complete", 
"reminder_minutes", 
"recurrence", 
"recurrence_day", "re
currence_weekday", 
"latitude", 
"longitude", 
"completed", 
"is_template", 
"created_at", 
"updated_at" from 
"cards" where 
"cards"."id" = ? 
limit ?'[39m,
  params: [ [32m'019
bc10a-b128-77f0-bc91-
058a00ff0e9a'[39m, 
[33m1[39m ],
  cause: 
LibsqlError: 
SQLITE_ERROR: no 
such column: 
is_template
      at 
mapSqliteError (file:
///D:/UIT_COURSES/SE1
00/DailyDesk/node_mod
ules/[4m.pnpm[24m/@
libsql+client@0.15.15
/node_modules/[4m@li
bsql[24m/client/lib-
esm/sqlite3.js:392:16
)
      at executeStmt 
(file:///D:/UIT_COURS
ES/SE100/DailyDesk/no
de_modules/[4m.pnpm
[24m/@libsql+client@0
.15.15/node_modules/
[4m@libsql[24m/clien
t/lib-esm/sqlite3.js:
297:15)
      at Sqlite3Clien
t.execute (file:///D:
/UIT_COURSES/SE100/Da
ilyDesk/node_modules/
[4m.pnpm[24m/@libsq
l+client@0.15.15/node
_modules/[4m@libsql
[24m/client/lib-esm/s
qlite3.js:81:16)
  [90m    ... 5 
lines matching cause 
stack trace ...[39m
      at SQLiteSelect
Base.execute (file://
/D:/UIT_COURSES/SE100
/DailyDesk/node_modul
es/[4m.pnpm[24m/dri
zzle-orm@0.44.7_@elec
tri_5c2928a099a752b7e
299aaadb8975aea/node_
modules/[4msrc[24m/
sqlite-core/query-bui
lders/select.ts:962:1
5)
      at SQLiteSelect
Base.then (file:///D:
/UIT_COURSES/SE100/Da
ilyDesk/node_modules/
[4m.pnpm[24m/drizzl
e-orm@0.44.7_@electri
_5c2928a099a752b7e299
aaadb8975aea/node_mod
ules/[4msrc[24m/que
ry-promise.ts:31:15) 
{
    code: [32m'SQLIT
E_ERROR'[39m,
    rawCode: 
[33m1[39m,
    [cause]: 
SqliteError: no such 
column: is_template
        at 
convertError (D:\UIT_
COURSES\SE100\DailyDe
sk\node_modules\[4m.
pnpm[24m\libsql@0.5.
22\node_modules\[4ml
ibsql[24m\index.js:5
9:12)
        at 
Database.prepare (D:\
UIT_COURSES\SE100\Dai
lyDesk\node_modules\
[4m.pnpm[24m\libsql@
0.5.22\node_modules\
[4mlibsql[24m\index.
js:131:13)
        at 
executeStmt (file:///
D:/UIT_COURSES/SE100/
DailyDesk/node_module
s/[4m.pnpm[24m/@lib
sql+client@0.15.15/no
de_modules/[4m@libsq
l[24m/client/lib-esm
/sqlite3.js:268:28)
        at Sqlite3Cli
ent.execute (file:///
D:/UIT_COURSES/SE100/
DailyDesk/node_module
s/[4m.pnpm[24m/@lib
sql+client@0.15.15/no
de_modules/[4m@libsq
l[24m/client/lib-esm
/sqlite3.js:81:16)
        at file:///D:
/UIT_COURSES/SE100/Da
ilyDesk/node_modules/
[4m.pnpm[24m/drizzl
e-orm@0.44.7_@electri
_5c2928a099a752b7e299
aaadb8975aea/node_mod
ules/[4msrc[24m/lib
sql/session.ts:288:58
        at LibSQLPrep
aredQuery.queryWithCa
che (file:///D:/UIT_C
OURSES/SE100/DailyDes
k/node_modules/[4m.p
npm[24m/drizzle-orm@
0.44.7_@electri_5c292
8a099a752b7e299aaadb8
975aea/node_modules/
[4msrc[24m/sqlite-co
re/session.ts:78:18)
        at LibSQLPrep
aredQuery.values (fil
e:///D:/UIT_COURSES/S
E100/DailyDesk/node_m
odules/[4m.pnpm[24m
/drizzle-orm@0.44.7_@
electri_5c2928a099a75
2b7e299aaadb8975aea/n
ode_modules/[4msrc[
24m/libsql/session.ts
:286:21)
        at LibSQLPrep
aredQuery.all (file:/
//D:/UIT_COURSES/SE10
0/DailyDesk/node_modu
les/[4m.pnpm[24m/dr
izzle-orm@0.44.7_@ele
ctri_5c2928a099a752b7
e299aaadb8975aea/node
_modules/[4msrc[24m
/libsql/session.ts:21
4:27)
        at 
SQLiteSelectBase.all 
(file:///D:/UIT_COURS
ES/SE100/DailyDesk/no
de_modules/[4m.pnpm
[24m/drizzle-orm@0.44
.7_@electri_5c2928a09
9a752b7e299aaadb8975a
ea/node_modules/[4ms
rc[24m/sqlite-core/q
uery-builders/select.
ts:950:26)
        at SQLiteSele
ctBase.execute (file:
///D:/UIT_COURSES/SE1
00/DailyDesk/node_mod
ules/[4m.pnpm[24m/d
rizzle-orm@0.44.7_@el
ectri_5c2928a099a752b
7e299aaadb8975aea/nod
e_modules/[4msrc[24
m/sqlite-core/query-b
uilders/select.ts:962
:15) {
      code: [32m'SQL
ITE_ERROR'[39m,
      rawCode: 
[33m1[39m
    }
  }
}

[90mstderr[2m | tes
ts/cards/cards.test.t
s[2m > 
[22m[2mCards API 
Integration 
Tests[2m > 
[22m[2mPUT /boards/
:boardId/cards/:id[2
m > [22m[2mshould 
return 404 for 
non-existent card
[22m[39mError in 
updateCard route: 
DrizzleQueryError: 
Failed query: select 
"id", "name", 
"description", 
"order", 
"cover_url", 
"cover_public_id", 
"cover_color", 
"cover_mode", 
"list_id", 
"start_date", 
"deadline", 
"due_at", 
"due_complete", 
"reminder_minutes", 
"recurrence", 
"recurrence_day", "re
currence_weekday", 
"latitude", 
"longitude", 
"completed", 
"is_template", 
"created_at", 
"updated_at" from 
"cards" where 
"cards"."id" = ? 
limit ?
params: 019bc10a-b139
-701d-9184-0c70d9aba1
f5,1
    at LibSQLPrepared
Query.queryWithCache 
(file:///D:/UIT_COURS
ES/SE100/DailyDesk/no
de_modules/[4m.pnpm
[24m/drizzle-orm@0.44
.7_@electri_5c2928a09
9a752b7e299aaadb8975a
ea/node_modules/[4ms
rc[24m/sqlite-core/s
ession.ts:80:11)
[90m    at processTi
cksAndRejections (nod
e:internal/process/ta
sk_queues:105:5)[39m
    at LibSQLPrepared
Query.values (file://
/D:/UIT_COURSES/SE100
/DailyDesk/node_modul
es/[4m.pnpm[24m/dri
zzle-orm@0.44.7_@elec
tri_5c2928a099a752b7e
299aaadb8975aea/node_
modules/[4msrc[24m/
libsql/session.ts:286
:10)
    at LibSQLPrepared
Query.all (file:///D:
/UIT_COURSES/SE100/Da
ilyDesk/node_modules/
[4m.pnpm[24m/drizzl
e-orm@0.44.7_@electri
_5c2928a099a752b7e299
aaadb8975aea/node_mod
ules/[4msrc[24m/lib
sql/session.ts:214:16
)
    at 
Module.updateCard [9
0m(D:\UIT_COURSES\SE1
00\DailyDesk\backend\
[39msrc\services\car
ds.service.ts:537:24
[90m)[39m
    at [90mD:\UIT_CO
URSES\SE100\DailyDesk
\backend\[39msrc\rou
tes\cards.ts:242:25
    at dispatch (file
:///D:/UIT_COURSES/SE
100/DailyDesk/node_mo
dules/[4m.pnpm[24m/
hono@4.11.3/node_modu
les/[4mhono[24m/dis
t/compose.js:22:17)
    at file:///D:/UIT
_COURSES/SE100/DailyD
esk/node_modules/[4m
.pnpm[24m/hono@4.11.
3/node_modules/[4mho
no[24m/dist/validato
r/validator.js:81:12
    at mw (file:///D:
/UIT_COURSES/SE100/Da
ilyDesk/node_modules/
[4m.pnpm[24m/@hono+
zod-openapi@1.2.0_hon
o@4.11.3_zod@4.3.5/no
de_modules/[4m@hono
[24m/zod-openapi/src/
index.ts:546:26)
    at dispatch (file
:///D:/UIT_COURSES/SE
100/DailyDesk/node_mo
dules/[4m.pnpm[24m/
hono@4.11.3/node_modu
les/[4mhono[24m/dis
t/compose.js:22:17) {
  query: 
[32m'select "id", 
"name", 
"description", 
"order", 
"cover_url", 
"cover_public_id", 
"cover_color", 
"cover_mode", 
"list_id", 
"start_date", 
"deadline", 
"due_at", 
"due_complete", 
"reminder_minutes", 
"recurrence", 
"recurrence_day", "re
currence_weekday", 
"latitude", 
"longitude", 
"completed", 
"is_template", 
"created_at", 
"updated_at" from 
"cards" where 
"cards"."id" = ? 
limit ?'[39m,
  params: [ [32m'019
bc10a-b139-701d-9184-
0c70d9aba1f5'[39m, 
[33m1[39m ],
  cause: 
LibsqlError: 
SQLITE_ERROR: no 
such column: 
is_template
      at 
mapSqliteError (file:
///D:/UIT_COURSES/SE1
00/DailyDesk/node_mod
ules/[4m.pnpm[24m/@
libsql+client@0.15.15
/node_modules/[4m@li
bsql[24m/client/lib-
esm/sqlite3.js:392:16
)
      at executeStmt 
(file:///D:/UIT_COURS
ES/SE100/DailyDesk/no
de_modules/[4m.pnpm
[24m/@libsql+client@0
.15.15/node_modules/
[4m@libsql[24m/clien
t/lib-esm/sqlite3.js:
297:15)
      at Sqlite3Clien
t.execute (file:///D:
/UIT_COURSES/SE100/Da
ilyDesk/node_modules/
[4m.pnpm[24m/@libsq
l+client@0.15.15/node
_modules/[4m@libsql
[24m/client/lib-esm/s
qlite3.js:81:16)
  [90m    ... 5 
lines matching cause 
stack trace ...[39m
      at SQLiteSelect
Base.execute (file://
/D:/UIT_COURSES/SE100
/DailyDesk/node_modul
es/[4m.pnpm[24m/dri
zzle-orm@0.44.7_@elec
tri_5c2928a099a752b7e
299aaadb8975aea/node_
modules/[4msrc[24m/
sqlite-core/query-bui
lders/select.ts:962:1
5)
      at SQLiteSelect
Base.then (file:///D:
/UIT_COURSES/SE100/Da
ilyDesk/node_modules/
[4m.pnpm[24m/drizzl
e-orm@0.44.7_@electri
_5c2928a099a752b7e299
aaadb8975aea/node_mod
ules/[4msrc[24m/que
ry-promise.ts:31:15) 
{
    code: [32m'SQLIT
E_ERROR'[39m,
    rawCode: 
[33m1[39m,
    [cause]: 
SqliteError: no such 
column: is_template
        at 
convertError (D:\UIT_
COURSES\SE100\DailyDe
sk\node_modules\[4m.
pnpm[24m\libsql@0.5.
22\node_modules\[4ml
ibsql[24m\index.js:5
9:12)
        at 
Database.prepare (D:\
UIT_COURSES\SE100\Dai
lyDesk\node_modules\
[4m.pnpm[24m\libsql@
0.5.22\node_modules\
[4mlibsql[24m\index.
js:131:13)
        at 
executeStmt (file:///
D:/UIT_COURSES/SE100/
DailyDesk/node_module
s/[4m.pnpm[24m/@lib
sql+client@0.15.15/no
de_modules/[4m@libsq
l[24m/client/lib-esm
/sqlite3.js:268:28)
        at Sqlite3Cli
ent.execute (file:///
D:/UIT_COURSES/SE100/
DailyDesk/node_module
s/[4m.pnpm[24m/@lib
sql+client@0.15.15/no
de_modules/[4m@libsq
l[24m/client/lib-esm
/sqlite3.js:81:16)
        at file:///D:
/UIT_COURSES/SE100/Da
ilyDesk/node_modules/
[4m.pnpm[24m/drizzl
e-orm@0.44.7_@electri
_5c2928a099a752b7e299
aaadb8975aea/node_mod
ules/[4msrc[24m/lib
sql/session.ts:288:58
        at LibSQLPrep
aredQuery.queryWithCa
che (file:///D:/UIT_C
OURSES/SE100/DailyDes
k/node_modules/[4m.p
npm[24m/drizzle-orm@
0.44.7_@electri_5c292
8a099a752b7e299aaadb8
975aea/node_modules/
[4msrc[24m/sqlite-co
re/session.ts:78:18)
        at LibSQLPrep
aredQuery.values (fil
e:///D:/UIT_COURSES/S
E100/DailyDesk/node_m
odules/[4m.pnpm[24m
/drizzle-orm@0.44.7_@
electri_5c2928a099a75
2b7e299aaadb8975aea/n
ode_modules/[4msrc[
24m/libsql/session.ts
:286:21)
        at LibSQLPrep
aredQuery.all (file:/
//D:/UIT_COURSES/SE10
0/DailyDesk/node_modu
les/[4m.pnpm[24m/dr
izzle-orm@0.44.7_@ele
ctri_5c2928a099a752b7
e299aaadb8975aea/node
_modules/[4msrc[24m
/libsql/session.ts:21
4:27)
        at 
SQLiteSelectBase.all 
(file:///D:/UIT_COURS
ES/SE100/DailyDesk/no
de_modules/[4m.pnpm
[24m/drizzle-orm@0.44
.7_@electri_5c2928a09
9a752b7e299aaadb8975a
ea/node_modules/[4ms
rc[24m/sqlite-core/q
uery-builders/select.
ts:950:26)
        at SQLiteSele
ctBase.execute (file:
///D:/UIT_COURSES/SE1
00/DailyDesk/node_mod
ules/[4m.pnpm[24m/d
rizzle-orm@0.44.7_@el
ectri_5c2928a099a752b
7e299aaadb8975aea/nod
e_modules/[4msrc[24
m/sqlite-core/query-b
uilders/select.ts:962
:15) {
      code: [32m'SQL
ITE_ERROR'[39m,
      rawCode: 
[33m1[39m
    }
  }
}
DrizzleQueryError: 
Failed query: select 
"id", "name", 
"description", 
"order", 
"cover_url", 
"cover_public_id", 
"cover_color", 
"cover_mode", 
"list_id", 
"start_date", 
"deadline", 
"due_at", 
"due_complete", 
"reminder_minutes", 
"recurrence", 
"recurrence_day", "re
currence_weekday", 
"latitude", 
"longitude", 
"completed", 
"is_template", 
"created_at", 
"updated_at" from 
"cards" where 
"cards"."id" = ? 
limit ?
params: 019bc10a-b139
-701d-9184-0c70d9aba1
f5,1
    at LibSQLPrepared
Query.queryWithCache 
(file:///D:/UIT_COURS
ES/SE100/DailyDesk/no
de_modules/[4m.pnpm
[24m/drizzle-orm@0.44
.7_@electri_5c2928a09
9a752b7e299aaadb8975a
ea/node_modules/[4ms
rc[24m/sqlite-core/s
ession.ts:80:11)
[90m    at processTi
cksAndRejections (nod
e:internal/process/ta
sk_queues:105:5)[39m
    at LibSQLPrepared
Query.values (file://
/D:/UIT_COURSES/SE100
/DailyDesk/node_modul
es/[4m.pnpm[24m/dri
zzle-orm@0.44.7_@elec
tri_5c2928a099a752b7e
299aaadb8975aea/node_
modules/[4msrc[24m/
libsql/session.ts:286
:10)
    at LibSQLPrepared
Query.all (file:///D:
/UIT_COURSES/SE100/Da
ilyDesk/node_modules/
[4m.pnpm[24m/drizzl
e-orm@0.44.7_@electri
_5c2928a099a752b7e299
aaadb8975aea/node_mod
ules/[4msrc[24m/lib
sql/session.ts:214:16
)
    at 
Module.updateCard [9
0m(D:\UIT_COURSES\SE1
00\DailyDesk\backend\
[39msrc\services\car
ds.service.ts:537:24
[90m)[39m
    at [90mD:\UIT_CO
URSES\SE100\DailyDesk
\backend\[39msrc\rou
tes\cards.ts:242:25
    at dispatch (file
:///D:/UIT_COURSES/SE
100/DailyDesk/node_mo
dules/[4m.pnpm[24m/
hono@4.11.3/node_modu
les/[4mhono[24m/dis
t/compose.js:22:17)
    at file:///D:/UIT
_COURSES/SE100/DailyD
esk/node_modules/[4m
.pnpm[24m/hono@4.11.
3/node_modules/[4mho
no[24m/dist/validato
r/validator.js:81:12
    at mw (file:///D:
/UIT_COURSES/SE100/Da
ilyDesk/node_modules/
[4m.pnpm[24m/@hono+
zod-openapi@1.2.0_hon
o@4.11.3_zod@4.3.5/no
de_modules/[4m@hono
[24m/zod-openapi/src/
index.ts:546:26)
    at dispatch (file
:///D:/UIT_COURSES/SE
100/DailyDesk/node_mo
dules/[4m.pnpm[24m/
hono@4.11.3/node_modu
les/[4mhono[24m/dis
t/compose.js:22:17) {
  query: 
[32m'select "id", 
"name", 
"description", 
"order", 
"cover_url", 
"cover_public_id", 
"cover_color", 
"cover_mode", 
"list_id", 
"start_date", 
"deadline", 
"due_at", 
"due_complete", 
"reminder_minutes", 
"recurrence", 
"recurrence_day", "re
currence_weekday", 
"latitude", 
"longitude", 
"completed", 
"is_template", 
"created_at", 
"updated_at" from 
"cards" where 
"cards"."id" = ? 
limit ?'[39m,
  params: [ [32m'019
bc10a-b139-701d-9184-
0c70d9aba1f5'[39m, 
[33m1[39m ],
  cause: 
LibsqlError: 
SQLITE_ERROR: no 
such column: 
is_template
      at 
mapSqliteError (file:
///D:/UIT_COURSES/SE1
00/DailyDesk/node_mod
ules/[4m.pnpm[24m/@
libsql+client@0.15.15
/node_modules/[4m@li
bsql[24m/client/lib-
esm/sqlite3.js:392:16
)
      at executeStmt 
(file:///D:/UIT_COURS
ES/SE100/DailyDesk/no
de_modules/[4m.pnpm
[24m/@libsql+client@0
.15.15/node_modules/
[4m@libsql[24m/clien
t/lib-esm/sqlite3.js:
297:15)
      at Sqlite3Clien
t.execute (file:///D:
/UIT_COURSES/SE100/Da
ilyDesk/node_modules/
[4m.pnpm[24m/@libsq
l+client@0.15.15/node
_modules/[4m@libsql
[24m/client/lib-esm/s
qlite3.js:81:16)
  [90m    ... 5 
lines matching cause 
stack trace ...[39m
      at SQLiteSelect
Base.execute (file://
/D:/UIT_COURSES/SE100
/DailyDesk/node_modul
es/[4m.pnpm[24m/dri
zzle-orm@0.44.7_@elec
tri_5c2928a099a752b7e
299aaadb8975aea/node_
modules/[4msrc[24m/
sqlite-core/query-bui
lders/select.ts:962:1
5)
      at SQLiteSelect
Base.then (file:///D:
/UIT_COURSES/SE100/Da
ilyDesk/node_modules/
[4m.pnpm[24m/drizzl
e-orm@0.44.7_@electri
_5c2928a099a752b7e299
aaadb8975aea/node_mod
ules/[4msrc[24m/que
ry-promise.ts:31:15) 
{
    code: [32m'SQLIT
E_ERROR'[39m,
    rawCode: 
[33m1[39m,
    [cause]: 
SqliteError: no such 
column: is_template
        at 
convertError (D:\UIT_
COURSES\SE100\DailyDe
sk\node_modules\[4m.
pnpm[24m\libsql@0.5.
22\node_modules\[4ml
ibsql[24m\index.js:5
9:12)
        at 
Database.prepare (D:\
UIT_COURSES\SE100\Dai
lyDesk\node_modules\
[4m.pnpm[24m\libsql@
0.5.22\node_modules\
[4mlibsql[24m\index.
js:131:13)
        at 
executeStmt (file:///
D:/UIT_COURSES/SE100/
DailyDesk/node_module
s/[4m.pnpm[24m/@lib
sql+client@0.15.15/no
de_modules/[4m@libsq
l[24m/client/lib-esm
/sqlite3.js:268:28)
        at Sqlite3Cli
ent.execute (file:///
D:/UIT_COURSES/SE100/
DailyDesk/node_module
s/[4m.pnpm[24m/@lib
sql+client@0.15.15/no
de_modules/[4m@libsq
l[24m/client/lib-esm
/sqlite3.js:81:16)
        at file:///D:
/UIT_COURSES/SE100/Da
ilyDesk/node_modules/
[4m.pnpm[24m/drizzl
e-orm@0.44.7_@electri
_5c2928a099a752b7e299
aaadb8975aea/node_mod
ules/[4msrc[24m/lib
sql/session.ts:288:58
        at LibSQLPrep
aredQuery.queryWithCa
che (file:///D:/UIT_C
OURSES/SE100/DailyDes
k/node_modules/[4m.p
npm[24m/drizzle-orm@
0.44.7_@electri_5c292
8a099a752b7e299aaadb8
975aea/node_modules/
[4msrc[24m/sqlite-co
re/session.ts:78:18)
        at LibSQLPrep
aredQuery.values (fil
e:///D:/UIT_COURSES/S
E100/DailyDesk/node_m
odules/[4m.pnpm[24m
/drizzle-orm@0.44.7_@
electri_5c2928a099a75
2b7e299aaadb8975aea/n
ode_modules/[4msrc[
24m/libsql/session.ts
:286:21)
        at LibSQLPrep
aredQuery.all (file:/
//D:/UIT_COURSES/SE10
0/DailyDesk/node_modu
les/[4m.pnpm[24m/dr
izzle-orm@0.44.7_@ele
ctri_5c2928a099a752b7
e299aaadb8975aea/node
_modules/[4msrc[24m
/libsql/session.ts:21
4:27)
        at 
SQLiteSelectBase.all 
(file:///D:/UIT_COURS
ES/SE100/DailyDesk/no
de_modules/[4m.pnpm
[24m/drizzle-orm@0.44
.7_@electri_5c2928a09
9a752b7e299aaadb8975a
ea/node_modules/[4ms
rc[24m/sqlite-core/q
uery-builders/select.
ts:950:26)
        at SQLiteSele
ctBase.execute (file:
///D:/UIT_COURSES/SE1
00/DailyDesk/node_mod
ules/[4m.pnpm[24m/d
rizzle-orm@0.44.7_@el
ectri_5c2928a099a752b
7e299aaadb8975aea/nod
e_modules/[4msrc[24
m/sqlite-core/query-b
uilders/select.ts:962
:15) {
      code: [32m'SQL
ITE_ERROR'[39m,
      rawCode: 
[33m1[39m
    }
  }
}

[90mstderr[2m | tes
ts/cards/cards.test.t
s[2m > 
[22m[2mCards API 
Integration 
Tests[2m > 
[22m[2mDELETE /boar
ds/:boardId/cards/:id
[2m > 
[22m[2mshould 
delete a card
[22m[39mDrizzleQuer
yError: Failed 
query: select "id", 
"name", 
"description", 
"order", 
"cover_url", 
"cover_public_id", 
"cover_color", 
"cover_mode", 
"list_id", 
"start_date", 
"deadline", 
"due_at", 
"due_complete", 
"reminder_minutes", 
"recurrence", 
"recurrence_day", "re
currence_weekday", 
"latitude", 
"longitude", 
"completed", 
"is_template", 
"created_at", 
"updated_at" from 
"cards" where 
"cards"."list_id" = ?
params: 019bc10a-b152
-7840-ab13-d8185a9fcb
48
    at LibSQLPrepared
Query.queryWithCache 
(file:///D:/UIT_COURS
ES/SE100/DailyDesk/no
de_modules/[4m.pnpm
[24m/drizzle-orm@0.44
.7_@electri_5c2928a09
9a752b7e299aaadb8975a
ea/node_modules/[4ms
rc[24m/sqlite-core/s
ession.ts:80:11)
[90m    at processTi
cksAndRejections (nod
e:internal/process/ta
sk_queues:105:5)[39m
    at LibSQLPrepared
Query.values (file://
/D:/UIT_COURSES/SE100
/DailyDesk/node_modul
es/[4m.pnpm[24m/dri
zzle-orm@0.44.7_@elec
tri_5c2928a099a752b7e
299aaadb8975aea/node_
modules/[4msrc[24m/
libsql/session.ts:286
:10)
    at LibSQLPrepared
Query.all (file:///D:
/UIT_COURSES/SE100/Da
ilyDesk/node_modules/
[4m.pnpm[24m/drizzl
e-orm@0.44.7_@electri
_5c2928a099a752b7e299
aaadb8975aea/node_mod
ules/[4msrc[24m/lib
sql/session.ts:214:16
)
    at 
Module.createCard [9
0m(D:\UIT_COURSES\SE1
00\DailyDesk\backend\
[39msrc\services\car
ds.service.ts:311:23
[90m)[39m
    at [90mD:\UIT_CO
URSES\SE100\DailyDesk
\backend\[39msrc\rou
tes\cards.ts:150:22
    at dispatch (file
:///D:/UIT_COURSES/SE
100/DailyDesk/node_mo
dules/[4m.pnpm[24m/
hono@4.11.3/node_modu
les/[4mhono[24m/dis
t/compose.js:22:17)
    at file:///D:/UIT
_COURSES/SE100/DailyD
esk/node_modules/[4m
.pnpm[24m/hono@4.11.
3/node_modules/[4mho
no[24m/dist/validato
r/validator.js:81:12
    at mw (file:///D:
/UIT_COURSES/SE100/Da
ilyDesk/node_modules/
[4m.pnpm[24m/@hono+
zod-openapi@1.2.0_hon
o@4.11.3_zod@4.3.5/no
de_modules/[4m@hono
[24m/zod-openapi/src/
index.ts:546:26)
    at dispatch (file
:///D:/UIT_COURSES/SE
100/DailyDesk/node_mo
dules/[4m.pnpm[24m/
hono@4.11.3/node_modu
les/[4mhono[24m/dis
t/compose.js:22:17) {
  query: 
[32m'select "id", 
"name", 
"description", 
"order", 
"cover_url", 
"cover_public_id", 
"cover_color", 
"cover_mode", 
"list_id", 
"start_date", 
"deadline", 
"due_at", 
"due_complete", 
"reminder_minutes", 
"recurrence", 
"recurrence_day", "re
currence_weekday", 
"latitude", 
"longitude", 
"completed", 
"is_template", 
"created_at", 
"updated_at" from 
"cards" where 
"cards"."list_id" = 
?'[39m,
  params: [ [32m'019
bc10a-b152-7840-ab13-
d8185a9fcb48'[39m ],
  cause: 
LibsqlError: 
SQLITE_ERROR: no 
such column: 
is_template
      at 
mapSqliteError (file:
///D:/UIT_COURSES/SE1
00/DailyDesk/node_mod
ules/[4m.pnpm[24m/@
libsql+client@0.15.15
/node_modules/[4m@li
bsql[24m/client/lib-
esm/sqlite3.js:392:16
)
      at executeStmt 
(file:///D:/UIT_COURS
ES/SE100/DailyDesk/no
de_modules/[4m.pnpm
[24m/@libsql+client@0
.15.15/node_modules/
[4m@libsql[24m/clien
t/lib-esm/sqlite3.js:
297:15)
      at Sqlite3Clien
t.execute (file:///D:
/UIT_COURSES/SE100/Da
ilyDesk/node_modules/
[4m.pnpm[24m/@libsq
l+client@0.15.15/node
_modules/[4m@libsql
[24m/client/lib-esm/s
qlite3.js:81:16)
  [90m    ... 5 
lines matching cause 
stack trace ...[39m
      at SQLiteSelect
Base.execute (file://
/D:/UIT_COURSES/SE100
/DailyDesk/node_modul
es/[4m.pnpm[24m/dri
zzle-orm@0.44.7_@elec
tri_5c2928a099a752b7e
299aaadb8975aea/node_
modules/[4msrc[24m/
sqlite-core/query-bui
lders/select.ts:962:1
5)
      at SQLiteSelect
Base.then (file:///D:
/UIT_COURSES/SE100/Da
ilyDesk/node_modules/
[4m.pnpm[24m/drizzl
e-orm@0.44.7_@electri
_5c2928a099a752b7e299
aaadb8975aea/node_mod
ules/[4msrc[24m/que
ry-promise.ts:31:15) 
{
    code: [32m'SQLIT
E_ERROR'[39m,
    rawCode: 
[33m1[39m,
    [cause]: 
SqliteError: no such 
column: is_template
        at 
convertError (D:\UIT_
COURSES\SE100\DailyDe
sk\node_modules\[4m.
pnpm[24m\libsql@0.5.
22\node_modules\[4ml
ibsql[24m\index.js:5
9:12)
        at 
Database.prepare (D:\
UIT_COURSES\SE100\Dai
lyDesk\node_modules\
[4m.pnpm[24m\libsql@
0.5.22\node_modules\
[4mlibsql[24m\index.
js:131:13)
        at 
executeStmt (file:///
D:/UIT_COURSES/SE100/
DailyDesk/node_module
s/[4m.pnpm[24m/@lib
sql+client@0.15.15/no
de_modules/[4m@libsq
l[24m/client/lib-esm
/sqlite3.js:268:28)
        at Sqlite3Cli
ent.execute (file:///
D:/UIT_COURSES/SE100/
DailyDesk/node_module
s/[4m.pnpm[24m/@lib
sql+client@0.15.15/no
de_modules/[4m@libsq
l[24m/client/lib-esm
/sqlite3.js:81:16)
        at file:///D:
/UIT_COURSES/SE100/Da
ilyDesk/node_modules/
[4m.pnpm[24m/drizzl
e-orm@0.44.7_@electri
_5c2928a099a752b7e299
aaadb8975aea/node_mod
ules/[4msrc[24m/lib
sql/session.ts:288:58
        at LibSQLPrep
aredQuery.queryWithCa
che (file:///D:/UIT_C
OURSES/SE100/DailyDes
k/node_modules/[4m.p
npm[24m/drizzle-orm@
0.44.7_@electri_5c292
8a099a752b7e299aaadb8
975aea/node_modules/
[4msrc[24m/sqlite-co
re/session.ts:78:18)
        at LibSQLPrep
aredQuery.values (fil
e:///D:/UIT_COURSES/S
E100/DailyDesk/node_m
odules/[4m.pnpm[24m
/drizzle-orm@0.44.7_@
electri_5c2928a099a75
2b7e299aaadb8975aea/n
ode_modules/[4msrc[
24m/libsql/session.ts
:286:21)
        at LibSQLPrep
aredQuery.all (file:/
//D:/UIT_COURSES/SE10
0/DailyDesk/node_modu
les/[4m.pnpm[24m/dr
izzle-orm@0.44.7_@ele
ctri_5c2928a099a752b7
e299aaadb8975aea/node
_modules/[4msrc[24m
/libsql/session.ts:21
4:27)
        at 
SQLiteSelectBase.all 
(file:///D:/UIT_COURS
ES/SE100/DailyDesk/no
de_modules/[4m.pnpm
[24m/drizzle-orm@0.44
.7_@electri_5c2928a09
9a752b7e299aaadb8975a
ea/node_modules/[4ms
rc[24m/sqlite-core/q
uery-builders/select.
ts:950:26)
        at SQLiteSele
ctBase.execute (file:
///D:/UIT_COURSES/SE1
00/DailyDesk/node_mod
ules/[4m.pnpm[24m/d
rizzle-orm@0.44.7_@el
ectri_5c2928a099a752b
7e299aaadb8975aea/nod
e_modules/[4msrc[24
m/sqlite-core/query-b
uilders/select.ts:962
:15) {
      code: [32m'SQL
ITE_ERROR'[39m,
      rawCode: 
[33m1[39m
    }
  }
}
DrizzleQueryError: 
Failed query: select 
"id", "name", 
"description", 
"order", 
"cover_url", 
"cover_public_id", 
"cover_color", 
"cover_mode", 
"list_id", 
"start_date", 
"deadline", 
"due_at", 
"due_complete", 
"reminder_minutes", 
"recurrence", 
"recurrence_day", "re
currence_weekday", 
"latitude", 
"longitude", 
"completed", 
"is_template", 
"created_at", 
"updated_at" from 
"cards" where 
"cards"."id" = ? 
limit ?
params: 019bc10a-b154
-7ef2-b0a3-6027753ee4
e2,1
    at LibSQLPrepared
Query.queryWithCache 
(file:///D:/UIT_COURS
ES/SE100/DailyDesk/no
de_modules/[4m.pnpm
[24m/drizzle-orm@0.44
.7_@electri_5c2928a09
9a752b7e299aaadb8975a
ea/node_modules/[4ms
rc[24m/sqlite-core/s
ession.ts:80:11)
[90m    at processTi
cksAndRejections (nod
e:internal/process/ta
sk_queues:105:5)[39m
    at LibSQLPrepared
Query.values (file://
/D:/UIT_COURSES/SE100
/DailyDesk/node_modul
es/[4m.pnpm[24m/dri
zzle-orm@0.44.7_@elec
tri_5c2928a099a752b7e
299aaadb8975aea/node_
modules/[4msrc[24m/
libsql/session.ts:286
:10)
    at LibSQLPrepared
Query.all (file:///D:
/UIT_COURSES/SE100/Da
ilyDesk/node_modules/
[4m.pnpm[24m/drizzl
e-orm@0.44.7_@electri
_5c2928a099a752b7e299
aaadb8975aea/node_mod
ules/[4msrc[24m/lib
sql/session.ts:214:16
)
    at 
Module.deleteCard [9
0m(D:\UIT_COURSES\SE1
00\DailyDesk\backend\
[39msrc\services\car
ds.service.ts:893:24
[90m)[39m
    at [90mD:\UIT_CO
URSES\SE100\DailyDesk
\backend\[39msrc\rou
tes\cards.ts:298:24
    at dispatch (file
:///D:/UIT_COURSES/SE
100/DailyDesk/node_mo
dules/[4m.pnpm[24m/
hono@4.11.3/node_modu
les/[4mhono[24m/dis
t/compose.js:22:17)
    at file:///D:/UIT
_COURSES/SE100/DailyD
esk/node_modules/[4m
.pnpm[24m/hono@4.11.
3/node_modules/[4mho
no[24m/dist/validato
r/validator.js:81:12
    at dispatch (file
:///D:/UIT_COURSES/SE
100/DailyDesk/node_mo
dules/[4m.pnpm[24m/
hono@4.11.3/node_modu
les/[4mhono[24m/dis
t/compose.js:22:17)
    at [90mD:\UIT_CO
URSES\SE100\DailyDesk
\backend\[39mtests\h
elpers\auth.ts:27:5 {
  query: 
[32m'select "id", 
"name", 
"description", 
"order", 
"cover_url", 
"cover_public_id", 
"cover_color", 
"cover_mode", 
"list_id", 
"start_date", 
"deadline", 
"due_at", 
"due_complete", 
"reminder_minutes", 
"recurrence", 
"recurrence_day", "re
currence_weekday", 
"latitude", 
"longitude", 
"completed", 
"is_template", 
"created_at", 
"updated_at" from 
"cards" where 
"cards"."id" = ? 
limit ?'[39m,
  params: [ [32m'019
bc10a-b154-7ef2-b0a3-
6027753ee4e2'[39m, 
[33m1[39m ],
  cause: 
LibsqlError: 
SQLITE_ERROR: no 
such column: 
is_template
      at 
mapSqliteError (file:
///D:/UIT_COURSES/SE1
00/DailyDesk/node_mod
ules/[4m.pnpm[24m/@
libsql+client@0.15.15
/node_modules/[4m@li
bsql[24m/client/lib-
esm/sqlite3.js:392:16
)
      at executeStmt 
(file:///D:/UIT_COURS
ES/SE100/DailyDesk/no
de_modules/[4m.pnpm
[24m/@libsql+client@0
.15.15/node_modules/
[4m@libsql[24m/clien
t/lib-esm/sqlite3.js:
297:15)
      at Sqlite3Clien
t.execute (file:///D:
/UIT_COURSES/SE100/Da
ilyDesk/node_modules/
[4m.pnpm[24m/@libsq
l+client@0.15.15/node
_modules/[4m@libsql
[24m/client/lib-esm/s
qlite3.js:81:16)
  [90m    ... 5 
lines matching cause 
stack trace ...[39m
      at SQLiteSelect
Base.execute (file://
/D:/UIT_COURSES/SE100
/DailyDesk/node_modul
es/[4m.pnpm[24m/dri
zzle-orm@0.44.7_@elec
tri_5c2928a099a752b7e
299aaadb8975aea/node_
modules/[4msrc[24m/
sqlite-core/query-bui
lders/select.ts:962:1
5)
      at SQLiteSelect
Base.then (file:///D:
/UIT_COURSES/SE100/Da
ilyDesk/node_modules/
[4m.pnpm[24m/drizzl
e-orm@0.44.7_@electri
_5c2928a099a752b7e299
aaadb8975aea/node_mod
ules/[4msrc[24m/que
ry-promise.ts:31:15) 
{
    code: [32m'SQLIT
E_ERROR'[39m,
    rawCode: 
[33m1[39m,
    [cause]: 
SqliteError: no such 
column: is_template
        at 
convertError (D:\UIT_
COURSES\SE100\DailyDe
sk\node_modules\[4m.
pnpm[24m\libsql@0.5.
22\node_modules\[4ml
ibsql[24m\index.js:5
9:12)
        at 
Database.prepare (D:\
UIT_COURSES\SE100\Dai
lyDesk\node_modules\
[4m.pnpm[24m\libsql@
0.5.22\node_modules\
[4mlibsql[24m\index.
js:131:13)
        at 
executeStmt (file:///
D:/UIT_COURSES/SE100/
DailyDesk/node_module
s/[4m.pnpm[24m/@lib
sql+client@0.15.15/no
de_modules/[4m@libsq
l[24m/client/lib-esm
/sqlite3.js:268:28)
        at Sqlite3Cli
ent.execute (file:///
D:/UIT_COURSES/SE100/
DailyDesk/node_module
s/[4m.pnpm[24m/@lib
sql+client@0.15.15/no
de_modules/[4m@libsq
l[24m/client/lib-esm
/sqlite3.js:81:16)
        at file:///D:
/UIT_COURSES/SE100/Da
ilyDesk/node_modules/
[4m.pnpm[24m/drizzl
e-orm@0.44.7_@electri
_5c2928a099a752b7e299
aaadb8975aea/node_mod
ules/[4msrc[24m/lib
sql/session.ts:288:58
        at LibSQLPrep
aredQuery.queryWithCa
che (file:///D:/UIT_C
OURSES/SE100/DailyDes
k/node_modules/[4m.p
npm[24m/drizzle-orm@
0.44.7_@electri_5c292
8a099a752b7e299aaadb8
975aea/node_modules/
[4msrc[24m/sqlite-co
re/session.ts:78:18)
        at LibSQLPrep
aredQuery.values (fil
e:///D:/UIT_COURSES/S
E100/DailyDesk/node_m
odules/[4m.pnpm[24m
/drizzle-orm@0.44.7_@
electri_5c2928a099a75
2b7e299aaadb8975aea/n
ode_modules/[4msrc[
24m/libsql/session.ts
:286:21)
        at LibSQLPrep
aredQuery.all (file:/
//D:/UIT_COURSES/SE10
0/DailyDesk/node_modu
les/[4m.pnpm[24m/dr
izzle-orm@0.44.7_@ele
ctri_5c2928a099a752b7
e299aaadb8975aea/node
_modules/[4msrc[24m
/libsql/session.ts:21
4:27)
        at 
SQLiteSelectBase.all 
(file:///D:/UIT_COURS
ES/SE100/DailyDesk/no
de_modules/[4m.pnpm
[24m/drizzle-orm@0.44
.7_@electri_5c2928a09
9a752b7e299aaadb8975a
ea/node_modules/[4ms
rc[24m/sqlite-core/q
uery-builders/select.
ts:950:26)
        at SQLiteSele
ctBase.execute (file:
///D:/UIT_COURSES/SE1
00/DailyDesk/node_mod
ules/[4m.pnpm[24m/d
rizzle-orm@0.44.7_@el
ectri_5c2928a099a752b
7e299aaadb8975aea/nod
e_modules/[4msrc[24
m/sqlite-core/query-b
uilders/select.ts:962
:15) {
      code: [32m'SQL
ITE_ERROR'[39m,
      rawCode: 
[33m1[39m
    }
  }
}

[90mstderr[2m | tes
ts/cards/cards.test.t
s[2m > 
[22m[2mCards API 
Integration 
Tests[2m > 
[22m[2mDELETE /boar
ds/:boardId/cards/:id
[2m > 
[22m[2mshould 
return 404 for 
non-existent card
[22m[39mDrizzleQuer
yError: Failed 
query: select "id", 
"name", 
"description", 
"order", 
"cover_url", 
"cover_public_id", 
"cover_color", 
"cover_mode", 
"list_id", 
"start_date", 
"deadline", 
"due_at", 
"due_complete", 
"reminder_minutes", 
"recurrence", 
"recurrence_day", "re
currence_weekday", 
"latitude", 
"longitude", 
"completed", 
"is_template", 
"created_at", 
"updated_at" from 
"cards" where 
"cards"."id" = ? 
limit ?
params: 019bc10a-b163
-7055-a3ac-eaaf2cb982
8c,1
    at LibSQLPrepared
Query.queryWithCache 
(file:///D:/UIT_COURS
ES/SE100/DailyDesk/no
de_modules/[4m.pnpm
[24m/drizzle-orm@0.44
.7_@electri_5c2928a09
9a752b7e299aaadb8975a
ea/node_modules/[4ms
rc[24m/sqlite-core/s
ession.ts:80:11)
[90m    at processTi
cksAndRejections (nod
e:internal/process/ta
sk_queues:105:5)[39m
    at LibSQLPrepared
Query.values (file://
/D:/UIT_COURSES/SE100
/DailyDesk/node_modul
es/[4m.pnpm[24m/dri
zzle-orm@0.44.7_@elec
tri_5c2928a099a752b7e
299aaadb8975aea/node_
modules/[4msrc[24m/
libsql/session.ts:286
:10)
    at LibSQLPrepared
Query.all (file:///D:
/UIT_COURSES/SE100/Da
ilyDesk/node_modules/
[4m.pnpm[24m/drizzl
e-orm@0.44.7_@electri
_5c2928a099a752b7e299
aaadb8975aea/node_mod
ules/[4msrc[24m/lib
sql/session.ts:214:16
)
    at 
Module.deleteCard [9
0m(D:\UIT_COURSES\SE1
00\DailyDesk\backend\
[39msrc\services\car
ds.service.ts:893:24
[90m)[39m
    at [90mD:\UIT_CO
URSES\SE100\DailyDesk
\backend\[39msrc\rou
tes\cards.ts:298:24
    at dispatch (file
:///D:/UIT_COURSES/SE
100/DailyDesk/node_mo
dules/[4m.pnpm[24m/
hono@4.11.3/node_modu
les/[4mhono[24m/dis
t/compose.js:22:17)
    at file:///D:/UIT
_COURSES/SE100/DailyD
esk/node_modules/[4m
.pnpm[24m/hono@4.11.
3/node_modules/[4mho
no[24m/dist/validato
r/validator.js:81:12
    at dispatch (file
:///D:/UIT_COURSES/SE
100/DailyDesk/node_mo
dules/[4m.pnpm[24m/
hono@4.11.3/node_modu
les/[4mhono[24m/dis
t/compose.js:22:17)
    at [90mD:\UIT_CO
URSES\SE100\DailyDesk
\backend\[39mtests\h
elpers\auth.ts:27:5 {
  query: 
[32m'select "id", 
"name", 
"description", 
"order", 
"cover_url", 
"cover_public_id", 
"cover_color", 
"cover_mode", 
"list_id", 
"start_date", 
"deadline", 
"due_at", 
"due_complete", 
"reminder_minutes", 
"recurrence", 
"recurrence_day", "re
currence_weekday", 
"latitude", 
"longitude", 
"completed", 
"is_template", 
"created_at", 
"updated_at" from 
"cards" where 
"cards"."id" = ? 
limit ?'[39m,
  params: [ [32m'019
bc10a-b163-7055-a3ac-
eaaf2cb9828c'[39m, 
[33m1[39m ],
  cause: 
LibsqlError: 
SQLITE_ERROR: no 
such column: 
is_template
      at 
mapSqliteError (file:
///D:/UIT_COURSES/SE1
00/DailyDesk/node_mod
ules/[4m.pnpm[24m/@
libsql+client@0.15.15
/node_modules/[4m@li
bsql[24m/client/lib-
esm/sqlite3.js:392:16
)
      at executeStmt 
(file:///D:/UIT_COURS
ES/SE100/DailyDesk/no
de_modules/[4m.pnpm
[24m/@libsql+client@0
.15.15/node_modules/
[4m@libsql[24m/clien
t/lib-esm/sqlite3.js:
297:15)
      at Sqlite3Clien
t.execute (file:///D:
/UIT_COURSES/SE100/Da
ilyDesk/node_modules/
[4m.pnpm[24m/@libsq
l+client@0.15.15/node
_modules/[4m@libsql
[24m/client/lib-esm/s
qlite3.js:81:16)
  [90m    ... 5 
lines matching cause 
stack trace ...[39m
      at SQLiteSelect
Base.execute (file://
/D:/UIT_COURSES/SE100
/DailyDesk/node_modul
es/[4m.pnpm[24m/dri
zzle-orm@0.44.7_@elec
tri_5c2928a099a752b7e
299aaadb8975aea/node_
modules/[4msrc[24m/
sqlite-core/query-bui
lders/select.ts:962:1
5)
      at SQLiteSelect
Base.then (file:///D:
/UIT_COURSES/SE100/Da
ilyDesk/node_modules/
[4m.pnpm[24m/drizzl
e-orm@0.44.7_@electri
_5c2928a099a752b7e299
aaadb8975aea/node_mod
ules/[4msrc[24m/que
ry-promise.ts:31:15) 
{
    code: [32m'SQLIT
E_ERROR'[39m,
    rawCode: 
[33m1[39m,
    [cause]: 
SqliteError: no such 
column: is_template
        at 
convertError (D:\UIT_
COURSES\SE100\DailyDe
sk\node_modules\[4m.
pnpm[24m\libsql@0.5.
22\node_modules\[4ml
ibsql[24m\index.js:5
9:12)
        at 
Database.prepare (D:\
UIT_COURSES\SE100\Dai
lyDesk\node_modules\
[4m.pnpm[24m\libsql@
0.5.22\node_modules\
[4mlibsql[24m\index.
js:131:13)
        at 
executeStmt (file:///
D:/UIT_COURSES/SE100/
DailyDesk/node_module
s/[4m.pnpm[24m/@lib
sql+client@0.15.15/no
de_modules/[4m@libsq
l[24m/client/lib-esm
/sqlite3.js:268:28)
        at Sqlite3Cli
ent.execute (file:///
D:/UIT_COURSES/SE100/
DailyDesk/node_module
s/[4m.pnpm[24m/@lib
sql+client@0.15.15/no
de_modules/[4m@libsq
l[24m/client/lib-esm
/sqlite3.js:81:16)
        at file:///D:
/UIT_COURSES/SE100/Da
ilyDesk/node_modules/
[4m.pnpm[24m/drizzl
e-orm@0.44.7_@electri
_5c2928a099a752b7e299
aaadb8975aea/node_mod
ules/[4msrc[24m/lib
sql/session.ts:288:58
        at LibSQLPrep
aredQuery.queryWithCa
che (file:///D:/UIT_C
OURSES/SE100/DailyDes
k/node_modules/[4m.p
npm[24m/drizzle-orm@
0.44.7_@electri_5c292
8a099a752b7e299aaadb8
975aea/node_modules/
[4msrc[24m/sqlite-co
re/session.ts:78:18)
        at LibSQLPrep
aredQuery.values (fil
e:///D:/UIT_COURSES/S
E100/DailyDesk/node_m
odules/[4m.pnpm[24m
/drizzle-orm@0.44.7_@
electri_5c2928a099a75
2b7e299aaadb8975aea/n
ode_modules/[4msrc[
24m/libsql/session.ts
:286:21)
        at LibSQLPrep
aredQuery.all (file:/
//D:/UIT_COURSES/SE10
0/DailyDesk/node_modu
les/[4m.pnpm[24m/dr
izzle-orm@0.44.7_@ele
ctri_5c2928a099a752b7
e299aaadb8975aea/node
_modules/[4msrc[24m
/libsql/session.ts:21
4:27)
        at 
SQLiteSelectBase.all 
(file:///D:/UIT_COURS
ES/SE100/DailyDesk/no
de_modules/[4m.pnpm
[24m/drizzle-orm@0.44
.7_@electri_5c2928a09
9a752b7e299aaadb8975a
ea/node_modules/[4ms
rc[24m/sqlite-core/q
uery-builders/select.
ts:950:26)
        at SQLiteSele
ctBase.execute (file:
///D:/UIT_COURSES/SE1
00/DailyDesk/node_mod
ules/[4m.pnpm[24m/d
rizzle-orm@0.44.7_@el
ectri_5c2928a099a752b
7e299aaadb8975aea/nod
e_modules/[4msrc[24
m/sqlite-core/query-b
uilders/select.ts:962
:15) {
      code: [32m'SQL
ITE_ERROR'[39m,
      rawCode: 
[33m1[39m
    }
  }
}

[90mstderr[2m | tes
ts/cards/cards.test.t
s[2m > 
[22m[2mCards API 
Integration 
Tests[2m > 
[22m[2mDELETE /boar
ds/:boardId/cards/:id
[2m > 
[22m[2mshould 
maintain correct 
order of remaining 
cards after deleting 
first card
[22m[39mDrizzleQuer
yError: Failed 
query: select "id", 
"name", 
"description", 
"order", 
"cover_url", 
"cover_public_id", 
"cover_color", 
"cover_mode", 
"list_id", 
"start_date", 
"deadline", 
"due_at", 
"due_complete", 
"reminder_minutes", 
"recurrence", 
"recurrence_day", "re
currence_weekday", 
"latitude", 
"longitude", 
"completed", 
"is_template", 
"created_at", 
"updated_at" from 
"cards" where 
"cards"."list_id" = ?
params: 019bc10a-b18f
-722f-92b5-928e496272
3a
    at LibSQLPrepared
Query.queryWithCache 
(file:///D:/UIT_COURS
ES/SE100/DailyDesk/no
de_modules/[4m.pnpm
[24m/drizzle-orm@0.44
.7_@electri_5c2928a09
9a752b7e299aaadb8975a
ea/node_modules/[4ms
rc[24m/sqlite-core/s
ession.ts:80:11)
[90m    at processTi
cksAndRejections (nod
e:internal/process/ta
sk_queues:105:5)[39m
    at LibSQLPrepared
Query.values (file://
/D:/UIT_COURSES/SE100
/DailyDesk/node_modul
es/[4m.pnpm[24m/dri
zzle-orm@0.44.7_@elec
tri_5c2928a099a752b7e
299aaadb8975aea/node_
modules/[4msrc[24m/
libsql/session.ts:286
:10)
    at LibSQLPrepared
Query.all (file:///D:
/UIT_COURSES/SE100/Da
ilyDesk/node_modules/
[4m.pnpm[24m/drizzl
e-orm@0.44.7_@electri
_5c2928a099a752b7e299
aaadb8975aea/node_mod
ules/[4msrc[24m/lib
sql/session.ts:214:16
)
    at 
Module.createCard [9
0m(D:\UIT_COURSES\SE1
00\DailyDesk\backend\
[39msrc\services\car
ds.service.ts:311:23
[90m)[39m
    at [90mD:\UIT_CO
URSES\SE100\DailyDesk
\backend\[39msrc\rou
tes\cards.ts:150:22
    at dispatch (file
:///D:/UIT_COURSES/SE
100/DailyDesk/node_mo
dules/[4m.pnpm[24m/
hono@4.11.3/node_modu
les/[4mhono[24m/dis
t/compose.js:22:17)
    at file:///D:/UIT
_COURSES/SE100/DailyD
esk/node_modules/[4m
.pnpm[24m/hono@4.11.
3/node_modules/[4mho
no[24m/dist/validato
r/validator.js:81:12
    at mw (file:///D:
/UIT_COURSES/SE100/Da
ilyDesk/node_modules/
[4m.pnpm[24m/@hono+
zod-openapi@1.2.0_hon
o@4.11.3_zod@4.3.5/no
de_modules/[4m@hono
[24m/zod-openapi/src/
index.ts:546:26)
    at dispatch (file
:///D:/UIT_COURSES/SE
100/DailyDesk/node_mo
dules/[4m.pnpm[24m/
hono@4.11.3/node_modu
les/[4mhono[24m/dis
t/compose.js:22:17) {
  query: 
[32m'select "id", 
"name", 
"description", 
"order", 
"cover_url", 
"cover_public_id", 
"cover_color", 
"cover_mode", 
"list_id", 
"start_date", 
"deadline", 
"due_at", 
"due_complete", 
"reminder_minutes", 
"recurrence", 
"recurrence_day", "re
currence_weekday", 
"latitude", 
"longitude", 
"completed", 
"is_template", 
"created_at", 
"updated_at" from 
"cards" where 
"cards"."list_id" = 
?'[39m,
  params: [ [32m'019
bc10a-b18f-722f-92b5-
928e4962723a'[39m ],
  cause: 
LibsqlError: 
SQLITE_ERROR: no 
such column: 
is_template
      at 
mapSqliteError (file:
///D:/UIT_COURSES/SE1
00/DailyDesk/node_mod
ules/[4m.pnpm[24m/@
libsql+client@0.15.15
/node_modules/[4m@li
bsql[24m/client/lib-
esm/sqlite3.js:392:16
)
      at executeStmt 
(file:///D:/UIT_COURS
ES/SE100/DailyDesk/no
de_modules/[4m.pnpm
[24m/@libsql+client@0
.15.15/node_modules/
[4m@libsql[24m/clien
t/lib-esm/sqlite3.js:
297:15)
      at Sqlite3Clien
t.execute (file:///D:
/UIT_COURSES/SE100/Da
ilyDesk/node_modules/
[4m.pnpm[24m/@libsq
l+client@0.15.15/node
_modules/[4m@libsql
[24m/client/lib-esm/s
qlite3.js:81:16)
  [90m    ... 5 
lines matching cause 
stack trace ...[39m
      at SQLiteSelect
Base.execute (file://
/D:/UIT_COURSES/SE100
/DailyDesk/node_modul
es/[4m.pnpm[24m/dri
zzle-orm@0.44.7_@elec
tri_5c2928a099a752b7e
299aaadb8975aea/node_
modules/[4msrc[24m/
sqlite-core/query-bui
lders/select.ts:962:1
5)
      at SQLiteSelect
Base.then (file:///D:
/UIT_COURSES/SE100/Da
ilyDesk/node_modules/
[4m.pnpm[24m/drizzl
e-orm@0.44.7_@electri
_5c2928a099a752b7e299
aaadb8975aea/node_mod
ules/[4msrc[24m/que
ry-promise.ts:31:15) 
{
    code: [32m'SQLIT
E_ERROR'[39m,
    rawCode: 
[33m1[39m,
    [cause]: 
SqliteError: no such 
column: is_template
        at 
convertError (D:\UIT_
COURSES\SE100\DailyDe
sk\node_modules\[4m.
pnpm[24m\libsql@0.5.
22\node_modules\[4ml
ibsql[24m\index.js:5
9:12)
        at 
Database.prepare (D:\
UIT_COURSES\SE100\Dai
lyDesk\node_modules\
[4m.pnpm[24m\libsql@
0.5.22\node_modules\
[4mlibsql[24m\index.
js:131:13)
        at 
executeStmt (file:///
D:/UIT_COURSES/SE100/
DailyDesk/node_module
s/[4m.pnpm[24m/@lib
sql+client@0.15.15/no
de_modules/[4m@libsq
l[24m/client/lib-esm
/sqlite3.js:268:28)
        at Sqlite3Cli
ent.execute (file:///
D:/UIT_COURSES/SE100/
DailyDesk/node_module
s/[4m.pnpm[24m/@lib
sql+client@0.15.15/no
de_modules/[4m@libsq
l[24m/client/lib-esm
/sqlite3.js:81:16)
        at file:///D:
/UIT_COURSES/SE100/Da
ilyDesk/node_modules/
[4m.pnpm[24m/drizzl
e-orm@0.44.7_@electri
_5c2928a099a752b7e299
aaadb8975aea/node_mod
ules/[4msrc[24m/lib
sql/session.ts:288:58
        at LibSQLPrep
aredQuery.queryWithCa
che (file:///D:/UIT_C
OURSES/SE100/DailyDes
k/node_modules/[4m.p
npm[24m/drizzle-orm@
0.44.7_@electri_5c292
8a099a752b7e299aaadb8
975aea/node_modules/
[4msrc[24m/sqlite-co
re/session.ts:78:18)
        at LibSQLPrep
aredQuery.values (fil
e:///D:/UIT_COURSES/S
E100/DailyDesk/node_m
odules/[4m.pnpm[24m
/drizzle-orm@0.44.7_@
electri_5c2928a099a75
2b7e299aaadb8975aea/n
ode_modules/[4msrc[
24m/libsql/session.ts
:286:21)
        at LibSQLPrep
aredQuery.all (file:/
//D:/UIT_COURSES/SE10
0/DailyDesk/node_modu
les/[4m.pnpm[24m/dr
izzle-orm@0.44.7_@ele
ctri_5c2928a099a752b7
e299aaadb8975aea/node
_modules/[4msrc[24m
/libsql/session.ts:21
4:27)
        at 
SQLiteSelectBase.all 
(file:///D:/UIT_COURS
ES/SE100/DailyDesk/no
de_modules/[4m.pnpm
[24m/drizzle-orm@0.44
.7_@electri_5c2928a09
9a752b7e299aaadb8975a
ea/node_modules/[4ms
rc[24m/sqlite-core/q
uery-builders/select.
ts:950:26)
        at SQLiteSele
ctBase.execute (file:
///D:/UIT_COURSES/SE1
00/DailyDesk/node_mod
ules/[4m.pnpm[24m/d
rizzle-orm@0.44.7_@el
ectri_5c2928a099a752b
7e299aaadb8975aea/nod
e_modules/[4msrc[24
m/sqlite-core/query-b
uilders/select.ts:962
:15) {
      code: [32m'SQL
ITE_ERROR'[39m,
      rawCode: 
[33m1[39m
    }
  }
}
DrizzleQueryError: 
Failed query: select 
"id", "name", 
"description", 
"order", 
"cover_url", 
"cover_public_id", 
"cover_color", 
"cover_mode", 
"list_id", 
"start_date", 
"deadline", 
"due_at", 
"due_complete", 
"reminder_minutes", 
"recurrence", 
"recurrence_day", "re
currence_weekday", 
"latitude", 
"longitude", 
"completed", 
"is_template", 
"created_at", 
"updated_at" from 
"cards" where 
"cards"."list_id" = ?
params: 019bc10a-b18f
-722f-92b5-928e496272
3a
    at LibSQLPrepared
Query.queryWithCache 
(file:///D:/UIT_COURS
ES/SE100/DailyDesk/no
de_modules/[4m.pnpm
[24m/drizzle-orm@0.44
.7_@electri_5c2928a09
9a752b7e299aaadb8975a
ea/node_modules/[4ms
rc[24m/sqlite-core/s
ession.ts:80:11)
[90m    at processTi
cksAndRejections (nod
e:internal/process/ta
sk_queues:105:5)[39m
    at LibSQLPrepared
Query.values (file://
/D:/UIT_COURSES/SE100
/DailyDesk/node_modul
es/[4m.pnpm[24m/dri
zzle-orm@0.44.7_@elec
tri_5c2928a099a752b7e
299aaadb8975aea/node_
modules/[4msrc[24m/
libsql/session.ts:286
:10)
    at LibSQLPrepared
Query.all (file:///D:
/UIT_COURSES/SE100/Da
ilyDesk/node_modules/
[4m.pnpm[24m/drizzl
e-orm@0.44.7_@electri
_5c2928a099a752b7e299
aaadb8975aea/node_mod
ules/[4msrc[24m/lib
sql/session.ts:214:16
)
    at 
Module.createCard [9
0m(D:\UIT_COURSES\SE1
00\DailyDesk\backend\
[39msrc\services\car
ds.service.ts:311:23
[90m)[39m
    at [90mD:\UIT_CO
URSES\SE100\DailyDesk
\backend\[39msrc\rou
tes\cards.ts:150:22
    at dispatch (file
:///D:/UIT_COURSES/SE
100/DailyDesk/node_mo
dules/[4m.pnpm[24m/
hono@4.11.3/node_modu
les/[4mhono[24m/dis
t/compose.js:22:17)
    at file:///D:/UIT
_COURSES/SE100/DailyD
esk/node_modules/[4m
.pnpm[24m/hono@4.11.
3/node_modules/[4mho
no[24m/dist/validato
r/validator.js:81:12
    at mw (file:///D:
/UIT_COURSES/SE100/Da
ilyDesk/node_modules/
[4m.pnpm[24m/@hono+
zod-openapi@1.2.0_hon
o@4.11.3_zod@4.3.5/no
de_modules/[4m@hono
[24m/zod-openapi/src/
index.ts:546:26)
    at dispatch (file
:///D:/UIT_COURSES/SE
100/DailyDesk/node_mo
dules/[4m.pnpm[24m/
hono@4.11.3/node_modu
les/[4mhono[24m/dis
t/compose.js:22:17) {
  query: 
[32m'select "id", 
"name", 
"description", 
"order", 
"cover_url", 
"cover_public_id", 
"cover_color", 
"cover_mode", 
"list_id", 
"start_date", 
"deadline", 
"due_at", 
"due_complete", 
"reminder_minutes", 
"recurrence", 
"recurrence_day", "re
currence_weekday", 
"latitude", 
"longitude", 
"completed", 
"is_template", 
"created_at", 
"updated_at" from 
"cards" where 
"cards"."list_id" = 
?'[39m,
  params: [ [32m'019
bc10a-b18f-722f-92b5-
928e4962723a'[39m ],
  cause: 
LibsqlError: 
SQLITE_ERROR: no 
such column: 
is_template
      at 
mapSqliteError (file:
///D:/UIT_COURSES/SE1
00/DailyDesk/node_mod
ules/[4m.pnpm[24m/@
libsql+client@0.15.15
/node_modules/[4m@li
bsql[24m/client/lib-
esm/sqlite3.js:392:16
)
      at executeStmt 
(file:///D:/UIT_COURS
ES/SE100/DailyDesk/no
de_modules/[4m.pnpm
[24m/@libsql+client@0
.15.15/node_modules/
[4m@libsql[24m/clien
t/lib-esm/sqlite3.js:
297:15)
      at Sqlite3Clien
t.execute (file:///D:
/UIT_COURSES/SE100/Da
ilyDesk/node_modules/
[4m.pnpm[24m/@libsq
l+client@0.15.15/node
_modules/[4m@libsql
[24m/client/lib-esm/s
qlite3.js:81:16)
  [90m    ... 5 
lines matching cause 
stack trace ...[39m
      at SQLiteSelect
Base.execute (file://
/D:/UIT_COURSES/SE100
/DailyDesk/node_modul
es/[4m.pnpm[24m/dri
zzle-orm@0.44.7_@elec
tri_5c2928a099a752b7e
299aaadb8975aea/node_
modules/[4msrc[24m/
sqlite-core/query-bui
lders/select.ts:962:1
5)
      at SQLiteSelect
Base.then (file:///D:
/UIT_COURSES/SE100/Da
ilyDesk/node_modules/
[4m.pnpm[24m/drizzl
e-orm@0.44.7_@electri
_5c2928a099a752b7e299
aaadb8975aea/node_mod
ules/[4msrc[24m/que
ry-promise.ts:31:15) 
{
    code: [32m'SQLIT
E_ERROR'[39m,
    rawCode: 
[33m1[39m,
    [cause]: 
SqliteError: no such 
column: is_template
        at 
convertError (D:\UIT_
COURSES\SE100\DailyDe
sk\node_modules\[4m.
pnpm[24m\libsql@0.5.
22\node_modules\[4ml
ibsql[24m\index.js:5
9:12)
        at 
Database.prepare (D:\
UIT_COURSES\SE100\Dai
lyDesk\node_modules\
[4m.pnpm[24m\libsql@
0.5.22\node_modules\
[4mlibsql[24m\index.
js:131:13)
        at 
executeStmt (file:///
D:/UIT_COURSES/SE100/
DailyDesk/node_module
s/[4m.pnpm[24m/@lib
sql+client@0.15.15/no
de_modules/[4m@libsq
l[24m/client/lib-esm
/sqlite3.js:268:28)
        at Sqlite3Cli
ent.execute (file:///
D:/UIT_COURSES/SE100/
DailyDesk/node_module
s/[4m.pnpm[24m/@lib
sql+client@0.15.15/no
de_modules/[4m@libsq
l[24m/client/lib-esm
/sqlite3.js:81:16)
        at file:///D:
/UIT_COURSES/SE100/Da
ilyDesk/node_modules/
[4m.pnpm[24m/drizzl
e-orm@0.44.7_@electri
_5c2928a099a752b7e299
aaadb8975aea/node_mod
ules/[4msrc[24m/lib
sql/session.ts:288:58
        at LibSQLPrep
aredQuery.queryWithCa
che (file:///D:/UIT_C
OURSES/SE100/DailyDes
k/node_modules/[4m.p
npm[24m/drizzle-orm@
0.44.7_@electri_5c292
8a099a752b7e299aaadb8
975aea/node_modules/
[4msrc[24m/sqlite-co
re/session.ts:78:18)
        at LibSQLPrep
aredQuery.values (fil
e:///D:/UIT_COURSES/S
E100/DailyDesk/node_m
odules/[4m.pnpm[24m
/drizzle-orm@0.44.7_@
electri_5c2928a099a75
2b7e299aaadb8975aea/n
ode_modules/[4msrc[
24m/libsql/session.ts
:286:21)
        at LibSQLPrep
aredQuery.all (file:/
//D:/UIT_COURSES/SE10
0/DailyDesk/node_modu
les/[4m.pnpm[24m/dr
izzle-orm@0.44.7_@ele
ctri_5c2928a099a752b7
e299aaadb8975aea/node
_modules/[4msrc[24m
/libsql/session.ts:21
4:27)
        at 
SQLiteSelectBase.all 
(file:///D:/UIT_COURS
ES/SE100/DailyDesk/no
de_modules/[4m.pnpm
[24m/drizzle-orm@0.44
.7_@electri_5c2928a09
9a752b7e299aaadb8975a
ea/node_modules/[4ms
rc[24m/sqlite-core/q
uery-builders/select.
ts:950:26)
        at SQLiteSele
ctBase.execute (file:
///D:/UIT_COURSES/SE1
00/DailyDesk/node_mod
ules/[4m.pnpm[24m/d
rizzle-orm@0.44.7_@el
ectri_5c2928a099a752b
7e299aaadb8975aea/nod
e_modules/[4msrc[24
m/sqlite-core/query-b
uilders/select.ts:962
:15) {
      code: [32m'SQL
ITE_ERROR'[39m,
      rawCode: 
[33m1[39m
    }
  }
}
DrizzleQueryError: 
Failed query: select 
"id", "name", 
"description", 
"order", 
"cover_url", 
"cover_public_id", 
"cover_color", 
"cover_mode", 
"list_id", 
"start_date", 
"deadline", 
"due_at", 
"due_complete", 
"reminder_minutes", 
"recurrence", 
"recurrence_day", "re
currence_weekday", 
"latitude", 
"longitude", 
"completed", 
"is_template", 
"created_at", 
"updated_at" from 
"cards" where 
"cards"."list_id" = ?
params: 019bc10a-b18f
-722f-92b5-928e496272
3a
    at LibSQLPrepared
Query.queryWithCache 
(file:///D:/UIT_COURS
ES/SE100/DailyDesk/no
de_modules/[4m.pnpm
[24m/drizzle-orm@0.44
.7_@electri_5c2928a09
9a752b7e299aaadb8975a
ea/node_modules/[4ms
rc[24m/sqlite-core/s
ession.ts:80:11)
[90m    at processTi
cksAndRejections (nod
e:internal/process/ta
sk_queues:105:5)[39m
    at LibSQLPrepared
Query.values (file://
/D:/UIT_COURSES/SE100
/DailyDesk/node_modul
es/[4m.pnpm[24m/dri
zzle-orm@0.44.7_@elec
tri_5c2928a099a752b7e
299aaadb8975aea/node_
modules/[4msrc[24m/
libsql/session.ts:286
:10)
    at LibSQLPrepared
Query.all (file:///D:
/UIT_COURSES/SE100/Da
ilyDesk/node_modules/
[4m.pnpm[24m/drizzl
e-orm@0.44.7_@electri
_5c2928a099a752b7e299
aaadb8975aea/node_mod
ules/[4msrc[24m/lib
sql/session.ts:214:16
)
    at 
Module.createCard [9
0m(D:\UIT_COURSES\SE1
00\DailyDesk\backend\
[39msrc\services\car
ds.service.ts:311:23
[90m)[39m
    at [90mD:\UIT_CO
URSES\SE100\DailyDesk
\backend\[39msrc\rou
tes\cards.ts:150:22
    at dispatch (file
:///D:/UIT_COURSES/SE
100/DailyDesk/node_mo
dules/[4m.pnpm[24m/
hono@4.11.3/node_modu
les/[4mhono[24m/dis
t/compose.js:22:17)
    at file:///D:/UIT
_COURSES/SE100/DailyD
esk/node_modules/[4m
.pnpm[24m/hono@4.11.
3/node_modules/[4mho
no[24m/dist/validato
r/validator.js:81:12
    at mw (file:///D:
/UIT_COURSES/SE100/Da
ilyDesk/node_modules/
[4m.pnpm[24m/@hono+
zod-openapi@1.2.0_hon
o@4.11.3_zod@4.3.5/no
de_modules/[4m@hono
[24m/zod-openapi/src/
index.ts:546:26)
    at dispatch (file
:///D:/UIT_COURSES/SE
100/DailyDesk/node_mo
dules/[4m.pnpm[24m/
hono@4.11.3/node_modu
les/[4mhono[24m/dis
t/compose.js:22:17) {
  query: 
[32m'select "id", 
"name", 
"description", 
"order", 
"cover_url", 
"cover_public_id", 
"cover_color", 
"cover_mode", 
"list_id", 
"start_date", 
"deadline", 
"due_at", 
"due_complete", 
"reminder_minutes", 
"recurrence", 
"recurrence_day", "re
currence_weekday", 
"latitude", 
"longitude", 
"completed", 
"is_template", 
"created_at", 
"updated_at" from 
"cards" where 
"cards"."list_id" = 
?'[39m,
  params: [ [32m'019
bc10a-b18f-722f-92b5-
928e4962723a'[39m ],
  cause: 
LibsqlError: 
SQLITE_ERROR: no 
such column: 
is_template
      at 
mapSqliteError (file:
///D:/UIT_COURSES/SE1
00/DailyDesk/node_mod
ules/[4m.pnpm[24m/@
libsql+client@0.15.15
/node_modules/[4m@li
bsql[24m/client/lib-
esm/sqlite3.js:392:16
)
      at executeStmt 
(file:///D:/UIT_COURS
ES/SE100/DailyDesk/no
de_modules/[4m.pnpm
[24m/@libsql+client@0
.15.15/node_modules/
[4m@libsql[24m/clien
t/lib-esm/sqlite3.js:
297:15)
      at Sqlite3Clien
t.execute (file:///D:
/UIT_COURSES/SE100/Da
ilyDesk/node_modules/
[4m.pnpm[24m/@libsq
l+client@0.15.15/node
_modules/[4m@libsql
[24m/client/lib-esm/s
qlite3.js:81:16)
  [90m    ... 5 
lines matching cause 
stack trace ...[39m
      at SQLiteSelect
Base.execute (file://
/D:/UIT_COURSES/SE100
/DailyDesk/node_modul
es/[4m.pnpm[24m/dri
zzle-orm@0.44.7_@elec
tri_5c2928a099a752b7e
299aaadb8975aea/node_
modules/[4msrc[24m/
sqlite-core/query-bui
lders/select.ts:962:1
5)
      at SQLiteSelect
Base.then (file:///D:
/UIT_COURSES/SE100/Da
ilyDesk/node_modules/
[4m.pnpm[24m/drizzl
e-orm@0.44.7_@electri
_5c2928a099a752b7e299
aaadb8975aea/node_mod
ules/[4msrc[24m/que
ry-promise.ts:31:15) 
{
    code: [32m'SQLIT
E_ERROR'[39m,
    rawCode: 
[33m1[39m,
    [cause]: 
SqliteError: no such 
column: is_template
        at 
convertError (D:\UIT_
COURSES\SE100\DailyDe
sk\node_modules\[4m.
pnpm[24m\libsql@0.5.
22\node_modules\[4ml
ibsql[24m\index.js:5
9:12)
        at 
Database.prepare (D:\
UIT_COURSES\SE100\Dai
lyDesk\node_modules\
[4m.pnpm[24m\libsql@
0.5.22\node_modules\
[4mlibsql[24m\index.
js:131:13)
        at 
executeStmt (file:///
D:/UIT_COURSES/SE100/
DailyDesk/node_module
s/[4m.pnpm[24m/@lib
sql+client@0.15.15/no
de_modules/[4m@libsq
l[24m/client/lib-esm
/sqlite3.js:268:28)
        at Sqlite3Cli
ent.execute (file:///
D:/UIT_COURSES/SE100/
DailyDesk/node_module
s/[4m.pnpm[24m/@lib
sql+client@0.15.15/no
de_modules/[4m@libsq
l[24m/client/lib-esm
/sqlite3.js:81:16)
        at file:///D:
/UIT_COURSES/SE100/Da
ilyDesk/node_modules/
[4m.pnpm[24m/drizzl
e-orm@0.44.7_@electri
_5c2928a099a752b7e299
aaadb8975aea/node_mod
ules/[4msrc[24m/lib
sql/session.ts:288:58
        at LibSQLPrep
aredQuery.queryWithCa
che (file:///D:/UIT_C
OURSES/SE100/DailyDes
k/node_modules/[4m.p
npm[24m/drizzle-orm@
0.44.7_@electri_5c292
8a099a752b7e299aaadb8
975aea/node_modules/
[4msrc[24m/sqlite-co
re/session.ts:78:18)
        at LibSQLPrep
aredQuery.values (fil
e:///D:/UIT_COURSES/S
E100/DailyDesk/node_m
odules/[4m.pnpm[24m
/drizzle-orm@0.44.7_@
electri_5c2928a099a75
2b7e299aaadb8975aea/n
ode_modules/[4msrc[
24m/libsql/session.ts
:286:21)
        at LibSQLPrep
aredQuery.all (file:/
//D:/UIT_COURSES/SE10
0/DailyDesk/node_modu
les/[4m.pnpm[24m/dr
izzle-orm@0.44.7_@ele
ctri_5c2928a099a752b7
e299aaadb8975aea/node
_modules/[4msrc[24m
/libsql/session.ts:21
4:27)
        at 
SQLiteSelectBase.all 
(file:///D:/UIT_COURS
ES/SE100/DailyDesk/no
de_modules/[4m.pnpm
[24m/drizzle-orm@0.44
.7_@electri_5c2928a09
9a752b7e299aaadb8975a
ea/node_modules/[4ms
rc[24m/sqlite-core/q
uery-builders/select.
ts:950:26)
        at SQLiteSele
ctBase.execute (file:
///D:/UIT_COURSES/SE1
00/DailyDesk/node_mod
ules/[4m.pnpm[24m/d
rizzle-orm@0.44.7_@el
ectri_5c2928a099a752b
7e299aaadb8975aea/nod
e_modules/[4msrc[24
m/sqlite-core/query-b
uilders/select.ts:962
:15) {
      code: [32m'SQL
ITE_ERROR'[39m,
      rawCode: 
[33m1[39m
    }
  }
}
DrizzleQueryError: 
Failed query: select 
"id", "name", 
"description", 
"order", 
"cover_url", 
"cover_public_id", 
"cover_color", 
"cover_mode", 
"list_id", 
"start_date", 
"deadline", 
"due_at", 
"due_complete", 
"reminder_minutes", 
"recurrence", 
"recurrence_day", "re
currence_weekday", 
"latitude", 
"longitude", 
"completed", 
"is_template", 
"created_at", 
"updated_at" from 
"cards" where 
"cards"."id" = ? 
limit ?
params: 019bc10a-b191
-7bc7-914f-5bbb95927f
17,1
    at LibSQLPrepared
Query.queryWithCache 
(file:///D:/UIT_COURS
ES/SE100/DailyDesk/no
de_modules/[4m.pnpm
[24m/drizzle-orm@0.44
.7_@electri_5c2928a09
9a752b7e299aaadb8975a
ea/node_modules/[4ms
rc[24m/sqlite-core/s
ession.ts:80:11)
[90m    at processTi
cksAndRejections (nod
e:internal/process/ta
sk_queues:105:5)[39m
    at LibSQLPrepared
Query.values (file://
/D:/UIT_COURSES/SE100
/DailyDesk/node_modul
es/[4m.pnpm[24m/dri
zzle-orm@0.44.7_@elec
tri_5c2928a099a752b7e
299aaadb8975aea/node_
modules/[4msrc[24m/
libsql/session.ts:286
:10)
    at LibSQLPrepared
Query.all (file:///D:
/UIT_COURSES/SE100/Da
ilyDesk/node_modules/
[4m.pnpm[24m/drizzl
e-orm@0.44.7_@electri
_5c2928a099a752b7e299
aaadb8975aea/node_mod
ules/[4msrc[24m/lib
sql/session.ts:214:16
)
    at 
Module.deleteCard [9
0m(D:\UIT_COURSES\SE1
00\DailyDesk\backend\
[39msrc\services\car
ds.service.ts:893:24
[90m)[39m
    at [90mD:\UIT_CO
URSES\SE100\DailyDesk
\backend\[39msrc\rou
tes\cards.ts:298:24
    at dispatch (file
:///D:/UIT_COURSES/SE
100/DailyDesk/node_mo
dules/[4m.pnpm[24m/
hono@4.11.3/node_modu
les/[4mhono[24m/dis
t/compose.js:22:17)
    at file:///D:/UIT
_COURSES/SE100/DailyD
esk/node_modules/[4m
.pnpm[24m/hono@4.11.
3/node_modules/[4mho
no[24m/dist/validato
r/validator.js:81:12
    at dispatch (file
:///D:/UIT_COURSES/SE
100/DailyDesk/node_mo
dules/[4m.pnpm[24m/
hono@4.11.3/node_modu
les/[4mhono[24m/dis
t/compose.js:22:17)
    at [90mD:\UIT_CO
URSES\SE100\DailyDesk
\backend\[39mtests\h
elpers\auth.ts:27:5 {
  query: 
[32m'select "id", 
"name", 
"description", 
"order", 
"cover_url", 
"cover_public_id", 
"cover_color", 
"cover_mode", 
"list_id", 
"start_date", 
"deadline", 
"due_at", 
"due_complete", 
"reminder_minutes", 
"recurrence", 
"recurrence_day", "re
currence_weekday", 
"latitude", 
"longitude", 
"completed", 
"is_template", 
"created_at", 
"updated_at" from 
"cards" where 
"cards"."id" = ? 
limit ?'[39m,
  params: [ [32m'019
bc10a-b191-7bc7-914f-
5bbb95927f17'[39m, 
[33m1[39m ],
  cause: 
LibsqlError: 
SQLITE_ERROR: no 
such column: 
is_template
      at 
mapSqliteError (file:
///D:/UIT_COURSES/SE1
00/DailyDesk/node_mod
ules/[4m.pnpm[24m/@
libsql+client@0.15.15
/node_modules/[4m@li
bsql[24m/client/lib-
esm/sqlite3.js:392:16
)
      at executeStmt 
(file:///D:/UIT_COURS
ES/SE100/DailyDesk/no
de_modules/[4m.pnpm
[24m/@libsql+client@0
.15.15/node_modules/
[4m@libsql[24m/clien
t/lib-esm/sqlite3.js:
297:15)
      at Sqlite3Clien
t.execute (file:///D:
/UIT_COURSES/SE100/Da
ilyDesk/node_modules/
[4m.pnpm[24m/@libsq
l+client@0.15.15/node
_modules/[4m@libsql
[24m/client/lib-esm/s
qlite3.js:81:16)
  [90m    ... 5 
lines matching cause 
stack trace ...[39m
      at SQLiteSelect
Base.execute (file://
/D:/UIT_COURSES/SE100
/DailyDesk/node_modul
es/[4m.pnpm[24m/dri
zzle-orm@0.44.7_@elec
tri_5c2928a099a752b7e
299aaadb8975aea/node_
modules/[4msrc[24m/
sqlite-core/query-bui
lders/select.ts:962:1
5)
      at SQLiteSelect
Base.then (file:///D:
/UIT_COURSES/SE100/Da
ilyDesk/node_modules/
[4m.pnpm[24m/drizzl
e-orm@0.44.7_@electri
_5c2928a099a752b7e299
aaadb8975aea/node_mod
ules/[4msrc[24m/que
ry-promise.ts:31:15) 
{
    code: [32m'SQLIT
E_ERROR'[39m,
    rawCode: 
[33m1[39m,
    [cause]: 
SqliteError: no such 
column: is_template
        at 
convertError (D:\UIT_
COURSES\SE100\DailyDe
sk\node_modules\[4m.
pnpm[24m\libsql@0.5.
22\node_modules\[4ml
ibsql[24m\index.js:5
9:12)
        at 
Database.prepare (D:\
UIT_COURSES\SE100\Dai
lyDesk\node_modules\
[4m.pnpm[24m\libsql@
0.5.22\node_modules\
[4mlibsql[24m\index.
js:131:13)
        at 
executeStmt (file:///
D:/UIT_COURSES/SE100/
DailyDesk/node_module
s/[4m.pnpm[24m/@lib
sql+client@0.15.15/no
de_modules/[4m@libsq
l[24m/client/lib-esm
/sqlite3.js:268:28)
        at Sqlite3Cli
ent.execute (file:///
D:/UIT_COURSES/SE100/
DailyDesk/node_module
s/[4m.pnpm[24m/@lib
sql+client@0.15.15/no
de_modules/[4m@libsq
l[24m/client/lib-esm
/sqlite3.js:81:16)
        at file:///D:
/UIT_COURSES/SE100/Da
ilyDesk/node_modules/
[4m.pnpm[24m/drizzl
e-orm@0.44.7_@electri
_5c2928a099a752b7e299
aaadb8975aea/node_mod
ules/[4msrc[24m/lib
sql/session.ts:288:58
        at LibSQLPrep
aredQuery.queryWithCa
che (file:///D:/UIT_C
OURSES/SE100/DailyDes
k/node_modules/[4m.p
npm[24m/drizzle-orm@
0.44.7_@electri_5c292
8a099a752b7e299aaadb8
975aea/node_modules/
[4msrc[24m/sqlite-co
re/session.ts:78:18)
        at LibSQLPrep
aredQuery.values (fil
e:///D:/UIT_COURSES/S
E100/DailyDesk/node_m
odules/[4m.pnpm[24m
/drizzle-orm@0.44.7_@
electri_5c2928a099a75
2b7e299aaadb8975aea/n
ode_modules/[4msrc[
24m/libsql/session.ts
:286:21)
        at LibSQLPrep
aredQuery.all (file:/
//D:/UIT_COURSES/SE10
0/DailyDesk/node_modu
les/[4m.pnpm[24m/dr
izzle-orm@0.44.7_@ele
ctri_5c2928a099a752b7
e299aaadb8975aea/node
_modules/[4msrc[24m
/libsql/session.ts:21
4:27)
        at 
SQLiteSelectBase.all 
(file:///D:/UIT_COURS
ES/SE100/DailyDesk/no
de_modules/[4m.pnpm
[24m/drizzle-orm@0.44
.7_@electri_5c2928a09
9a752b7e299aaadb8975a
ea/node_modules/[4ms
rc[24m/sqlite-core/q
uery-builders/select.
ts:950:26)
        at SQLiteSele
ctBase.execute (file:
///D:/UIT_COURSES/SE1
00/DailyDesk/node_mod
ules/[4m.pnpm[24m/d
rizzle-orm@0.44.7_@el
ectri_5c2928a099a752b
7e299aaadb8975aea/nod
e_modules/[4msrc[24
m/sqlite-core/query-b
uilders/select.ts:962
:15) {
      code: [32m'SQL
ITE_ERROR'[39m,
      rawCode: 
[33m1[39m
    }
  }
}

[90mstderr[2m | tes
ts/cards/cards.test.t
s[2m > 
[22m[2mCards API 
Integration 
Tests[2m > 
[22m[2mDELETE /boar
ds/:boardId/cards/:id
[2m > 
[22m[2mshould 
maintain correct 
order of remaining 
cards after deleting 
middle card
[22m[39mDrizzleQuer
yError: Failed 
query: select "id", 
"name", 
"description", 
"order", 
"cover_url", 
"cover_public_id", 
"cover_color", 
"cover_mode", 
"list_id", 
"start_date", 
"deadline", 
"due_at", 
"due_complete", 
"reminder_minutes", 
"recurrence", 
"recurrence_day", "re
currence_weekday", 
"latitude", 
"longitude", 
"completed", 
"is_template", 
"created_at", 
"updated_at" from 
"cards" where 
"cards"."list_id" = ?
params: 019bc10a-b1a2
-77a9-86c9-42056c2b99
c9
    at LibSQLPrepared
Query.queryWithCache 
(file:///D:/UIT_COURS
ES/SE100/DailyDesk/no
de_modules/[4m.pnpm
[24m/drizzle-orm@0.44
.7_@electri_5c2928a09
9a752b7e299aaadb8975a
ea/node_modules/[4ms
rc[24m/sqlite-core/s
ession.ts:80:11)
[90m    at processTi
cksAndRejections (nod
e:internal/process/ta
sk_queues:105:5)[39m
    at LibSQLPrepared
Query.values (file://
/D:/UIT_COURSES/SE100
/DailyDesk/node_modul
es/[4m.pnpm[24m/dri
zzle-orm@0.44.7_@elec
tri_5c2928a099a752b7e
299aaadb8975aea/node_
modules/[4msrc[24m/
libsql/session.ts:286
:10)
    at LibSQLPrepared
Query.all (file:///D:
/UIT_COURSES/SE100/Da
ilyDesk/node_modules/
[4m.pnpm[24m/drizzl
e-orm@0.44.7_@electri
_5c2928a099a752b7e299
aaadb8975aea/node_mod
ules/[4msrc[24m/lib
sql/session.ts:214:16
)
    at 
Module.createCard [9
0m(D:\UIT_COURSES\SE1
00\DailyDesk\backend\
[39msrc\services\car
ds.service.ts:311:23
[90m)[39m
    at [90mD:\UIT_CO
URSES\SE100\DailyDesk
\backend\[39msrc\rou
tes\cards.ts:150:22
    at dispatch (file
:///D:/UIT_COURSES/SE
100/DailyDesk/node_mo
dules/[4m.pnpm[24m/
hono@4.11.3/node_modu
les/[4mhono[24m/dis
t/compose.js:22:17)
    at file:///D:/UIT
_COURSES/SE100/DailyD
esk/node_modules/[4m
.pnpm[24m/hono@4.11.
3/node_modules/[4mho
no[24m/dist/validato
r/validator.js:81:12
    at mw (file:///D:
/UIT_COURSES/SE100/Da
ilyDesk/node_modules/
[4m.pnpm[24m/@hono+
zod-openapi@1.2.0_hon
o@4.11.3_zod@4.3.5/no
de_modules/[4m@hono
[24m/zod-openapi/src/
index.ts:546:26)
    at dispatch (file
:///D:/UIT_COURSES/SE
100/DailyDesk/node_mo
dules/[4m.pnpm[24m/
hono@4.11.3/node_modu
les/[4mhono[24m/dis
t/compose.js:22:17) {
  query: 
[32m'select "id", 
"name", 
"description", 
"order", 
"cover_url", 
"cover_public_id", 
"cover_color", 
"cover_mode", 
"list_id", 
"start_date", 
"deadline", 
"due_at", 
"due_complete", 
"reminder_minutes", 
"recurrence", 
"recurrence_day", "re
currence_weekday", 
"latitude", 
"longitude", 
"completed", 
"is_template", 
"created_at", 
"updated_at" from 
"cards" where 
"cards"."list_id" = 
?'[39m,
  params: [ [32m'019
bc10a-b1a2-77a9-86c9-
42056c2b99c9'[39m ],
  cause: 
LibsqlError: 
SQLITE_ERROR: no 
such column: 
is_template
      at 
mapSqliteError (file:
///D:/UIT_COURSES/SE1
00/DailyDesk/node_mod
ules/[4m.pnpm[24m/@
libsql+client@0.15.15
/node_modules/[4m@li
bsql[24m/client/lib-
esm/sqlite3.js:392:16
)
      at executeStmt 
(file:///D:/UIT_COURS
ES/SE100/DailyDesk/no
de_modules/[4m.pnpm
[24m/@libsql+client@0
.15.15/node_modules/
[4m@libsql[24m/clien
t/lib-esm/sqlite3.js:
297:15)
      at Sqlite3Clien
t.execute (file:///D:
/UIT_COURSES/SE100/Da
ilyDesk/node_modules/
[4m.pnpm[24m/@libsq
l+client@0.15.15/node
_modules/[4m@libsql
[24m/client/lib-esm/s
qlite3.js:81:16)
  [90m    ... 5 
lines matching cause 
stack trace ...[39m
      at SQLiteSelect
Base.execute (file://
/D:/UIT_COURSES/SE100
/DailyDesk/node_modul
es/[4m.pnpm[24m/dri
zzle-orm@0.44.7_@elec
tri_5c2928a099a752b7e
299aaadb8975aea/node_
modules/[4msrc[24m/
sqlite-core/query-bui
lders/select.ts:962:1
5)
      at SQLiteSelect
Base.then (file:///D:
/UIT_COURSES/SE100/Da
ilyDesk/node_modules/
[4m.pnpm[24m/drizzl
e-orm@0.44.7_@electri
_5c2928a099a752b7e299
aaadb8975aea/node_mod
ules/[4msrc[24m/que
ry-promise.ts:31:15) 
{
    code: [32m'SQLIT
E_ERROR'[39m,
    rawCode: 
[33m1[39m,
    [cause]: 
SqliteError: no such 
column: is_template
        at 
convertError (D:\UIT_
COURSES\SE100\DailyDe
sk\node_modules\[4m.
pnpm[24m\libsql@0.5.
22\node_modules\[4ml
ibsql[24m\index.js:5
9:12)
        at 
Database.prepare (D:\
UIT_COURSES\SE100\Dai
lyDesk\node_modules\
[4m.pnpm[24m\libsql@
0.5.22\node_modules\
[4mlibsql[24m\index.
js:131:13)
        at 
executeStmt (file:///
D:/UIT_COURSES/SE100/
DailyDesk/node_module
s/[4m.pnpm[24m/@lib
sql+client@0.15.15/no
de_modules/[4m@libsq
l[24m/client/lib-esm
/sqlite3.js:268:28)
        at Sqlite3Cli
ent.execute (file:///
D:/UIT_COURSES/SE100/
DailyDesk/node_module
s/[4m.pnpm[24m/@lib
sql+client@0.15.15/no
de_modules/[4m@libsq
l[24m/client/lib-esm
/sqlite3.js:81:16)
        at file:///D:
/UIT_COURSES/SE100/Da
ilyDesk/node_modules/
[4m.pnpm[24m/drizzl
e-orm@0.44.7_@electri
_5c2928a099a752b7e299
aaadb8975aea/node_mod
ules/[4msrc[24m/lib
sql/session.ts:288:58
        at LibSQLPrep
aredQuery.queryWithCa
che (file:///D:/UIT_C
OURSES/SE100/DailyDes
k/node_modules/[4m.p
npm[24m/drizzle-orm@
0.44.7_@electri_5c292
8a099a752b7e299aaadb8
975aea/node_modules/
[4msrc[24m/sqlite-co
re/session.ts:78:18)
        at LibSQLPrep
aredQuery.values (fil
e:///D:/UIT_COURSES/S
E100/DailyDesk/node_m
odules/[4m.pnpm[24m
/drizzle-orm@0.44.7_@
electri_5c2928a099a75
2b7e299aaadb8975aea/n
ode_modules/[4msrc[
24m/libsql/session.ts
:286:21)
        at LibSQLPrep
aredQuery.all (file:/
//D:/UIT_COURSES/SE10
0/DailyDesk/node_modu
les/[4m.pnpm[24m/dr
izzle-orm@0.44.7_@ele
ctri_5c2928a099a752b7
e299aaadb8975aea/node
_modules/[4msrc[24m
/libsql/session.ts:21
4:27)
        at 
SQLiteSelectBase.all 
(file:///D:/UIT_COURS
ES/SE100/DailyDesk/no
de_modules/[4m.pnpm
[24m/drizzle-orm@0.44
.7_@electri_5c2928a09
9a752b7e299aaadb8975a
ea/node_modules/[4ms
rc[24m/sqlite-core/q
uery-builders/select.
ts:950:26)
        at SQLiteSele
ctBase.execute (file:
///D:/UIT_COURSES/SE1
00/DailyDesk/node_mod
ules/[4m.pnpm[24m/d
rizzle-orm@0.44.7_@el
ectri_5c2928a099a752b
7e299aaadb8975aea/nod
e_modules/[4msrc[24
m/sqlite-core/query-b
uilders/select.ts:962
:15) {
      code: [32m'SQL
ITE_ERROR'[39m,
      rawCode: 
[33m1[39m
    }
  }
}
DrizzleQueryError: 
Failed query: select 
"id", "name", 
"description", 
"order", 
"cover_url", 
"cover_public_id", 
"cover_color", 
"cover_mode", 
"list_id", 
"start_date", 
"deadline", 
"due_at", 
"due_complete", 
"reminder_minutes", 
"recurrence", 
"recurrence_day", "re
currence_weekday", 
"latitude", 
"longitude", 
"completed", 
"is_template", 
"created_at", 
"updated_at" from 
"cards" where 
"cards"."list_id" = ?
params: 019bc10a-b1a2
-77a9-86c9-42056c2b99
c9
    at LibSQLPrepared
Query.queryWithCache 
(file:///D:/UIT_COURS
ES/SE100/DailyDesk/no
de_modules/[4m.pnpm
[24m/drizzle-orm@0.44
.7_@electri_5c2928a09
9a752b7e299aaadb8975a
ea/node_modules/[4ms
rc[24m/sqlite-core/s
ession.ts:80:11)
[90m    at processTi
cksAndRejections (nod
e:internal/process/ta
sk_queues:105:5)[39m
    at LibSQLPrepared
Query.values (file://
/D:/UIT_COURSES/SE100
/DailyDesk/node_modul
es/[4m.pnpm[24m/dri
zzle-orm@0.44.7_@elec
tri_5c2928a099a752b7e
299aaadb8975aea/node_
modules/[4msrc[24m/
libsql/session.ts:286
:10)
    at LibSQLPrepared
Query.all (file:///D:
/UIT_COURSES/SE100/Da
ilyDesk/node_modules/
[4m.pnpm[24m/drizzl
e-orm@0.44.7_@electri
_5c2928a099a752b7e299
aaadb8975aea/node_mod
ules/[4msrc[24m/lib
sql/session.ts:214:16
)
    at 
Module.createCard [9
0m(D:\UIT_COURSES\SE1
00\DailyDesk\backend\
[39msrc\services\car
ds.service.ts:311:23
[90m)[39m
    at [90mD:\UIT_CO
URSES\SE100\DailyDesk
\backend\[39msrc\rou
tes\cards.ts:150:22
    at dispatch (file
:///D:/UIT_COURSES/SE
100/DailyDesk/node_mo
dules/[4m.pnpm[24m/
hono@4.11.3/node_modu
les/[4mhono[24m/dis
t/compose.js:22:17)
    at file:///D:/UIT
_COURSES/SE100/DailyD
esk/node_modules/[4m
.pnpm[24m/hono@4.11.
3/node_modules/[4mho
no[24m/dist/validato
r/validator.js:81:12
    at mw (file:///D:
/UIT_COURSES/SE100/Da
ilyDesk/node_modules/
[4m.pnpm[24m/@hono+
zod-openapi@1.2.0_hon
o@4.11.3_zod@4.3.5/no
de_modules/[4m@hono
[24m/zod-openapi/src/
index.ts:546:26)
    at dispatch (file
:///D:/UIT_COURSES/SE
100/DailyDesk/node_mo
dules/[4m.pnpm[24m/
hono@4.11.3/node_modu
les/[4mhono[24m/dis
t/compose.js:22:17) {
  query: 
[32m'select "id", 
"name", 
"description", 
"order", 
"cover_url", 
"cover_public_id", 
"cover_color", 
"cover_mode", 
"list_id", 
"start_date", 
"deadline", 
"due_at", 
"due_complete", 
"reminder_minutes", 
"recurrence", 
"recurrence_day", "re
currence_weekday", 
"latitude", 
"longitude", 
"completed", 
"is_template", 
"created_at", 
"updated_at" from 
"cards" where 
"cards"."list_id" = 
?'[39m,
  params: [ [32m'019
bc10a-b1a2-77a9-86c9-
42056c2b99c9'[39m ],
  cause: 
LibsqlError: 
SQLITE_ERROR: no 
such column: 
is_template
      at 
mapSqliteError (file:
///D:/UIT_COURSES/SE1
00/DailyDesk/node_mod
ules/[4m.pnpm[24m/@
libsql+client@0.15.15
/node_modules/[4m@li
bsql[24m/client/lib-
esm/sqlite3.js:392:16
)
      at executeStmt 
(file:///D:/UIT_COURS
ES/SE100/DailyDesk/no
de_modules/[4m.pnpm
[24m/@libsql+client@0
.15.15/node_modules/
[4m@libsql[24m/clien
t/lib-esm/sqlite3.js:
297:15)
      at Sqlite3Clien
t.execute (file:///D:
/UIT_COURSES/SE100/Da
ilyDesk/node_modules/
[4m.pnpm[24m/@libsq
l+client@0.15.15/node
_modules/[4m@libsql
[24m/client/lib-esm/s
qlite3.js:81:16)
  [90m    ... 5 
lines matching cause 
stack trace ...[39m
      at SQLiteSelect
Base.execute (file://
/D:/UIT_COURSES/SE100
/DailyDesk/node_modul
es/[4m.pnpm[24m/dri
zzle-orm@0.44.7_@elec
tri_5c2928a099a752b7e
299aaadb8975aea/node_
modules/[4msrc[24m/
sqlite-core/query-bui
lders/select.ts:962:1
5)
      at SQLiteSelect
Base.then (file:///D:
/UIT_COURSES/SE100/Da
ilyDesk/node_modules/
[4m.pnpm[24m/drizzl
e-orm@0.44.7_@electri
_5c2928a099a752b7e299
aaadb8975aea/node_mod
ules/[4msrc[24m/que
ry-promise.ts:31:15) 
{
    code: [32m'SQLIT
E_ERROR'[39m,
    rawCode: 
[33m1[39m,
    [cause]: 
SqliteError: no such 
column: is_template
        at 
convertError (D:\UIT_
COURSES\SE100\DailyDe
sk\node_modules\[4m.
pnpm[24m\libsql@0.5.
22\node_modules\[4ml
ibsql[24m\index.js:5
9:12)
        at 
Database.prepare (D:\
UIT_COURSES\SE100\Dai
lyDesk\node_modules\
[4m.pnpm[24m\libsql@
0.5.22\node_modules\
[4mlibsql[24m\index.
js:131:13)
        at 
executeStmt (file:///
D:/UIT_COURSES/SE100/
DailyDesk/node_module
s/[4m.pnpm[24m/@lib
sql+client@0.15.15/no
de_modules/[4m@libsq
l[24m/client/lib-esm
/sqlite3.js:268:28)
        at Sqlite3Cli
ent.execute (file:///
D:/UIT_COURSES/SE100/
DailyDesk/node_module
s/[4m.pnpm[24m/@lib
sql+client@0.15.15/no
de_modules/[4m@libsq
l[24m/client/lib-esm
/sqlite3.js:81:16)
        at file:///D:
/UIT_COURSES/SE100/Da
ilyDesk/node_modules/
[4m.pnpm[24m/drizzl
e-orm@0.44.7_@electri
_5c2928a099a752b7e299
aaadb8975aea/node_mod
ules/[4msrc[24m/lib
sql/session.ts:288:58
        at LibSQLPrep
aredQuery.queryWithCa
che (file:///D:/UIT_C
OURSES/SE100/DailyDes
k/node_modules/[4m.p
npm[24m/drizzle-orm@
0.44.7_@electri_5c292
8a099a752b7e299aaadb8
975aea/node_modules/
[4msrc[24m/sqlite-co
re/session.ts:78:18)
        at LibSQLPrep
aredQuery.values (fil
e:///D:/UIT_COURSES/S
E100/DailyDesk/node_m
odules/[4m.pnpm[24m
/drizzle-orm@0.44.7_@
electri_5c2928a099a75
2b7e299aaadb8975aea/n
ode_modules/[4msrc[
24m/libsql/session.ts
:286:21)
        at LibSQLPrep
aredQuery.all (file:/
//D:/UIT_COURSES/SE10
0/DailyDesk/node_modu
les/[4m.pnpm[24m/dr
izzle-orm@0.44.7_@ele
ctri_5c2928a099a752b7
e299aaadb8975aea/node
_modules/[4msrc[24m
/libsql/session.ts:21
4:27)
        at 
SQLiteSelectBase.all 
(file:///D:/UIT_COURS
ES/SE100/DailyDesk/no
de_modules/[4m.pnpm
[24m/drizzle-orm@0.44
.7_@electri_5c2928a09
9a752b7e299aaadb8975a
ea/node_modules/[4ms
rc[24m/sqlite-core/q
uery-builders/select.
ts:950:26)
        at SQLiteSele
ctBase.execute (file:
///D:/UIT_COURSES/SE1
00/DailyDesk/node_mod
ules/[4m.pnpm[24m/d
rizzle-orm@0.44.7_@el
ectri_5c2928a099a752b
7e299aaadb8975aea/nod
e_modules/[4msrc[24
m/sqlite-core/query-b
uilders/select.ts:962
:15) {
      code: [32m'SQL
ITE_ERROR'[39m,
      rawCode: 
[33m1[39m
    }
  }
}
DrizzleQueryError: 
Failed query: select 
"id", "name", 
"description", 
"order", 
"cover_url", 
"cover_public_id", 
"cover_color", 
"cover_mode", 
"list_id", 
"start_date", 
"deadline", 
"due_at", 
"due_complete", 
"reminder_minutes", 
"recurrence", 
"recurrence_day", "re
currence_weekday", 
"latitude", 
"longitude", 
"completed", 
"is_template", 
"created_at", 
"updated_at" from 
"cards" where 
"cards"."list_id" = ?
params: 019bc10a-b1a2
-77a9-86c9-42056c2b99
c9
    at LibSQLPrepared
Query.queryWithCache 
(file:///D:/UIT_COURS
ES/SE100/DailyDesk/no
de_modules/[4m.pnpm
[24m/drizzle-orm@0.44
.7_@electri_5c2928a09
9a752b7e299aaadb8975a
ea/node_modules/[4ms
rc[24m/sqlite-core/s
ession.ts:80:11)
[90m    at processTi
cksAndRejections (nod
e:internal/process/ta
sk_queues:105:5)[39m
    at LibSQLPrepared
Query.values (file://
/D:/UIT_COURSES/SE100
/DailyDesk/node_modul
es/[4m.pnpm[24m/dri
zzle-orm@0.44.7_@elec
tri_5c2928a099a752b7e
299aaadb8975aea/node_
modules/[4msrc[24m/
libsql/session.ts:286
:10)
    at LibSQLPrepared
Query.all (file:///D:
/UIT_COURSES/SE100/Da
ilyDesk/node_modules/
[4m.pnpm[24m/drizzl
e-orm@0.44.7_@electri
_5c2928a099a752b7e299
aaadb8975aea/node_mod
ules/[4msrc[24m/lib
sql/session.ts:214:16
)
    at 
Module.createCard [9
0m(D:\UIT_COURSES\SE1
00\DailyDesk\backend\
[39msrc\services\car
ds.service.ts:311:23
[90m)[39m
    at [90mD:\UIT_CO
URSES\SE100\DailyDesk
\backend\[39msrc\rou
tes\cards.ts:150:22
    at dispatch (file
:///D:/UIT_COURSES/SE
100/DailyDesk/node_mo
dules/[4m.pnpm[24m/
hono@4.11.3/node_modu
les/[4mhono[24m/dis
t/compose.js:22:17)
    at file:///D:/UIT
_COURSES/SE100/DailyD
esk/node_modules/[4m
.pnpm[24m/hono@4.11.
3/node_modules/[4mho
no[24m/dist/validato
r/validator.js:81:12
    at mw (file:///D:
/UIT_COURSES/SE100/Da
ilyDesk/node_modules/
[4m.pnpm[24m/@hono+
zod-openapi@1.2.0_hon
o@4.11.3_zod@4.3.5/no
de_modules/[4m@hono
[24m/zod-openapi/src/
index.ts:546:26)
    at dispatch (file
:///D:/UIT_COURSES/SE
100/DailyDesk/node_mo
dules/[4m.pnpm[24m/
hono@4.11.3/node_modu
les/[4mhono[24m/dis
t/compose.js:22:17) {
  query: 
[32m'select "id", 
"name", 
"description", 
"order", 
"cover_url", 
"cover_public_id", 
"cover_color", 
"cover_mode", 
"list_id", 
"start_date", 
"deadline", 
"due_at", 
"due_complete", 
"reminder_minutes", 
"recurrence", 
"recurrence_day", "re
currence_weekday", 
"latitude", 
"longitude", 
"completed", 
"is_template", 
"created_at", 
"updated_at" from 
"cards" where 
"cards"."list_id" = 
?'[39m,
  params: [ [32m'019
bc10a-b1a2-77a9-86c9-
42056c2b99c9'[39m ],
  cause: 
LibsqlError: 
SQLITE_ERROR: no 
such column: 
is_template
      at 
mapSqliteError (file:
///D:/UIT_COURSES/SE1
00/DailyDesk/node_mod
ules/[4m.pnpm[24m/@
libsql+client@0.15.15
/node_modules/[4m@li
bsql[24m/client/lib-
esm/sqlite3.js:392:16
)
      at executeStmt 
(file:///D:/UIT_COURS
ES/SE100/DailyDesk/no
de_modules/[4m.pnpm
[24m/@libsql+client@0
.15.15/node_modules/
[4m@libsql[24m/clien
t/lib-esm/sqlite3.js:
297:15)
      at Sqlite3Clien
t.execute (file:///D:
/UIT_COURSES/SE100/Da
ilyDesk/node_modules/
[4m.pnpm[24m/@libsq
l+client@0.15.15/node
_modules/[4m@libsql
[24m/client/lib-esm/s
qlite3.js:81:16)
  [90m    ... 5 
lines matching cause 
stack trace ...[39m
      at SQLiteSelect
Base.execute (file://
/D:/UIT_COURSES/SE100
/DailyDesk/node_modul
es/[4m.pnpm[24m/dri
zzle-orm@0.44.7_@elec
tri_5c2928a099a752b7e
299aaadb8975aea/node_
modules/[4msrc[24m/
sqlite-core/query-bui
lders/select.ts:962:1
5)
      at SQLiteSelect
Base.then (file:///D:
/UIT_COURSES/SE100/Da
ilyDesk/node_modules/
[4m.pnpm[24m/drizzl
e-orm@0.44.7_@electri
_5c2928a099a752b7e299
aaadb8975aea/node_mod
ules/[4msrc[24m/que
ry-promise.ts:31:15) 
{
    code: [32m'SQLIT
E_ERROR'[39m,
    rawCode: 
[33m1[39m,
    [cause]: 
SqliteError: no such 
column: is_template
        at 
convertError (D:\UIT_
COURSES\SE100\DailyDe
sk\node_modules\[4m.
pnpm[24m\libsql@0.5.
22\node_modules\[4ml
ibsql[24m\index.js:5
9:12)
        at 
Database.prepare (D:\
UIT_COURSES\SE100\Dai
lyDesk\node_modules\
[4m.pnpm[24m\libsql@
0.5.22\node_modules\
[4mlibsql[24m\index.
js:131:13)
        at 
executeStmt (file:///
D:/UIT_COURSES/SE100/
DailyDesk/node_module
s/[4m.pnpm[24m/@lib
sql+client@0.15.15/no
de_modules/[4m@libsq
l[24m/client/lib-esm
/sqlite3.js:268:28)
        at Sqlite3Cli
ent.execute (file:///
D:/UIT_COURSES/SE100/
DailyDesk/node_module
s/[4m.pnpm[24m/@lib
sql+client@0.15.15/no
de_modules/[4m@libsq
l[24m/client/lib-esm
/sqlite3.js:81:16)
        at file:///D:
/UIT_COURSES/SE100/Da
ilyDesk/node_modules/
[4m.pnpm[24m/drizzl
e-orm@0.44.7_@electri
_5c2928a099a752b7e299
aaadb8975aea/node_mod
ules/[4msrc[24m/lib
sql/session.ts:288:58
        at LibSQLPrep
aredQuery.queryWithCa
che (file:///D:/UIT_C
OURSES/SE100/DailyDes
k/node_modules/[4m.p
npm[24m/drizzle-orm@
0.44.7_@electri_5c292
8a099a752b7e299aaadb8
975aea/node_modules/
[4msrc[24m/sqlite-co
re/session.ts:78:18)
        at LibSQLPrep
aredQuery.values (fil
e:///D:/UIT_COURSES/S
E100/DailyDesk/node_m
odules/[4m.pnpm[24m
/drizzle-orm@0.44.7_@
electri_5c2928a099a75
2b7e299aaadb8975aea/n
ode_modules/[4msrc[
24m/libsql/session.ts
:286:21)
        at LibSQLPrep
aredQuery.all (file:/
//D:/UIT_COURSES/SE10
0/DailyDesk/node_modu
les/[4m.pnpm[24m/dr
izzle-orm@0.44.7_@ele
ctri_5c2928a099a752b7
e299aaadb8975aea/node
_modules/[4msrc[24m
/libsql/session.ts:21
4:27)
        at 
SQLiteSelectBase.all 
(file:///D:/UIT_COURS
ES/SE100/DailyDesk/no
de_modules/[4m.pnpm
[24m/drizzle-orm@0.44
.7_@electri_5c2928a09
9a752b7e299aaadb8975a
ea/node_modules/[4ms
rc[24m/sqlite-core/q
uery-builders/select.
ts:950:26)
        at SQLiteSele
ctBase.execute (file:
///D:/UIT_COURSES/SE1
00/DailyDesk/node_mod
ules/[4m.pnpm[24m/d
rizzle-orm@0.44.7_@el
ectri_5c2928a099a752b
7e299aaadb8975aea/nod
e_modules/[4msrc[24
m/sqlite-core/query-b
uilders/select.ts:962
:15) {
      code: [32m'SQL
ITE_ERROR'[39m,
      rawCode: 
[33m1[39m
    }
  }
}
DrizzleQueryError: 
Failed query: select 
"id", "name", 
"description", 
"order", 
"cover_url", 
"cover_public_id", 
"cover_color", 
"cover_mode", 
"list_id", 
"start_date", 
"deadline", 
"due_at", 
"due_complete", 
"reminder_minutes", 
"recurrence", 
"recurrence_day", "re
currence_weekday", 
"latitude", 
"longitude", 
"completed", 
"is_template", 
"created_at", 
"updated_at" from 
"cards" where 
"cards"."id" = ? 
limit ?
params: 019bc10a-b1a5
-7c3d-8cb1-4e4a733ece
6a,1
    at LibSQLPrepared
Query.queryWithCache 
(file:///D:/UIT_COURS
ES/SE100/DailyDesk/no
de_modules/[4m.pnpm
[24m/drizzle-orm@0.44
.7_@electri_5c2928a09
9a752b7e299aaadb8975a
ea/node_modules/[4ms
rc[24m/sqlite-core/s
ession.ts:80:11)
[90m    at processTi
cksAndRejections (nod
e:internal/process/ta
sk_queues:105:5)[39m
    at LibSQLPrepared
Query.values (file://
/D:/UIT_COURSES/SE100
/DailyDesk/node_modul
es/[4m.pnpm[24m/dri
zzle-orm@0.44.7_@elec
tri_5c2928a099a752b7e
299aaadb8975aea/node_
modules/[4msrc[24m/
libsql/session.ts:286
:10)
    at LibSQLPrepared
Query.all (file:///D:
/UIT_COURSES/SE100/Da
ilyDesk/node_modules/
[4m.pnpm[24m/drizzl
e-orm@0.44.7_@electri
_5c2928a099a752b7e299
aaadb8975aea/node_mod
ules/[4msrc[24m/lib
sql/session.ts:214:16
)
    at 
Module.deleteCard [9
0m(D:\UIT_COURSES\SE1
00\DailyDesk\backend\
[39msrc\services\car
ds.service.ts:893:24
[90m)[39m
    at [90mD:\UIT_CO
URSES\SE100\DailyDesk
\backend\[39msrc\rou
tes\cards.ts:298:24
    at dispatch (file
:///D:/UIT_COURSES/SE
100/DailyDesk/node_mo
dules/[4m.pnpm[24m/
hono@4.11.3/node_modu
les/[4mhono[24m/dis
t/compose.js:22:17)
    at file:///D:/UIT
_COURSES/SE100/DailyD
esk/node_modules/[4m
.pnpm[24m/hono@4.11.
3/node_modules/[4mho
no[24m/dist/validato
r/validator.js:81:12
    at dispatch (file
:///D:/UIT_COURSES/SE
100/DailyDesk/node_mo
dules/[4m.pnpm[24m/
hono@4.11.3/node_modu
les/[4mhono[24m/dis
t/compose.js:22:17)
    at [90mD:\UIT_CO
URSES\SE100\DailyDesk
\backend\[39mtests\h
elpers\auth.ts:27:5 {
  query: 
[32m'select "id", 
"name", 
"description", 
"order", 
"cover_url", 
"cover_public_id", 
"cover_color", 
"cover_mode", 
"list_id", 
"start_date", 
"deadline", 
"due_at", 
"due_complete", 
"reminder_minutes", 
"recurrence", 
"recurrence_day", "re
currence_weekday", 
"latitude", 
"longitude", 
"completed", 
"is_template", 
"created_at", 
"updated_at" from 
"cards" where 
"cards"."id" = ? 
limit ?'[39m,
  params: [ [32m'019
bc10a-b1a5-7c3d-8cb1-
4e4a733ece6a'[39m, 
[33m1[39m ],
  cause: 
LibsqlError: 
SQLITE_ERROR: no 
such column: 
is_template
      at 
mapSqliteError (file:
///D:/UIT_COURSES/SE1
00/DailyDesk/node_mod
ules/[4m.pnpm[24m/@
libsql+client@0.15.15
/node_modules/[4m@li
bsql[24m/client/lib-
esm/sqlite3.js:392:16
)
      at executeStmt 
(file:///D:/UIT_COURS
ES/SE100/DailyDesk/no
de_modules/[4m.pnpm
[24m/@libsql+client@0
.15.15/node_modules/
[4m@libsql[24m/clien
t/lib-esm/sqlite3.js:
297:15)
      at Sqlite3Clien
t.execute (file:///D:
/UIT_COURSES/SE100/Da
ilyDesk/node_modules/
[4m.pnpm[24m/@libsq
l+client@0.15.15/node
_modules/[4m@libsql
[24m/client/lib-esm/s
qlite3.js:81:16)
  [90m    ... 5 
lines matching cause 
stack trace ...[39m
      at SQLiteSelect
Base.execute (file://
/D:/UIT_COURSES/SE100
/DailyDesk/node_modul
es/[4m.pnpm[24m/dri
zzle-orm@0.44.7_@elec
tri_5c2928a099a752b7e
299aaadb8975aea/node_
modules/[4msrc[24m/
sqlite-core/query-bui
lders/select.ts:962:1
5)
      at SQLiteSelect
Base.then (file:///D:
/UIT_COURSES/SE100/Da
ilyDesk/node_modules/
[4m.pnpm[24m/drizzl
e-orm@0.44.7_@electri
_5c2928a099a752b7e299
aaadb8975aea/node_mod
ules/[4msrc[24m/que
ry-promise.ts:31:15) 
{
    code: [32m'SQLIT
E_ERROR'[39m,
    rawCode: 
[33m1[39m,
    [cause]: 
SqliteError: no such 
column: is_template
        at 
convertError (D:\UIT_
COURSES\SE100\DailyDe
sk\node_modules\[4m.
pnpm[24m\libsql@0.5.
22\node_modules\[4ml
ibsql[24m\index.js:5
9:12)
        at 
Database.prepare (D:\
UIT_COURSES\SE100\Dai
lyDesk\node_modules\
[4m.pnpm[24m\libsql@
0.5.22\node_modules\
[4mlibsql[24m\index.
js:131:13)
        at 
executeStmt (file:///
D:/UIT_COURSES/SE100/
DailyDesk/node_module
s/[4m.pnpm[24m/@lib
sql+client@0.15.15/no
de_modules/[4m@libsq
l[24m/client/lib-esm
/sqlite3.js:268:28)
        at Sqlite3Cli
ent.execute (file:///
D:/UIT_COURSES/SE100/
DailyDesk/node_module
s/[4m.pnpm[24m/@lib
sql+client@0.15.15/no
de_modules/[4m@libsq
l[24m/client/lib-esm
/sqlite3.js:81:16)
        at file:///D:
/UIT_COURSES/SE100/Da
ilyDesk/node_modules/
[4m.pnpm[24m/drizzl
e-orm@0.44.7_@electri
_5c2928a099a752b7e299
aaadb8975aea/node_mod
ules/[4msrc[24m/lib
sql/session.ts:288:58
        at LibSQLPrep
aredQuery.queryWithCa
che (file:///D:/UIT_C
OURSES/SE100/DailyDes
k/node_modules/[4m.p
npm[24m/drizzle-orm@
0.44.7_@electri_5c292
8a099a752b7e299aaadb8
975aea/node_modules/
[4msrc[24m/sqlite-co
re/session.ts:78:18)
        at LibSQLPrep
aredQuery.values (fil
e:///D:/UIT_COURSES/S
E100/DailyDesk/node_m
odules/[4m.pnpm[24m
/drizzle-orm@0.44.7_@
electri_5c2928a099a75
2b7e299aaadb8975aea/n
ode_modules/[4msrc[
24m/libsql/session.ts
:286:21)
        at LibSQLPrep
aredQuery.all (file:/
//D:/UIT_COURSES/SE10
0/DailyDesk/node_modu
les/[4m.pnpm[24m/dr
izzle-orm@0.44.7_@ele
ctri_5c2928a099a752b7
e299aaadb8975aea/node
_modules/[4msrc[24m
/libsql/session.ts:21
4:27)
        at 
SQLiteSelectBase.all 
(file:///D:/UIT_COURS
ES/SE100/DailyDesk/no
de_modules/[4m.pnpm
[24m/drizzle-orm@0.44
.7_@electri_5c2928a09
9a752b7e299aaadb8975a
ea/node_modules/[4ms
rc[24m/sqlite-core/q
uery-builders/select.
ts:950:26)
        at SQLiteSele
ctBase.execute (file:
///D:/UIT_COURSES/SE1
00/DailyDesk/node_mod
ules/[4m.pnpm[24m/d
rizzle-orm@0.44.7_@el
ectri_5c2928a099a752b
7e299aaadb8975aea/nod
e_modules/[4msrc[24
m/sqlite-core/query-b
uilders/select.ts:962
:15) {
      code: [32m'SQL
ITE_ERROR'[39m,
      rawCode: 
[33m1[39m
    }
  }
}

[90mstderr[2m | tes
ts/cards/cards.test.t
s[2m > 
[22m[2mCards API 
Integration 
Tests[2m > 
[22m[2mDELETE /boar
ds/:boardId/cards/:id
[2m > 
[22m[2mshould 
maintain correct 
order of remaining 
cards after deleting 
last card
[22m[39mDrizzleQuer
yError: Failed 
query: select "id", 
"name", 
"description", 
"order", 
"cover_url", 
"cover_public_id", 
"cover_color", 
"cover_mode", 
"list_id", 
"start_date", 
"deadline", 
"due_at", 
"due_complete", 
"reminder_minutes", 
"recurrence", 
"recurrence_day", "re
currence_weekday", 
"latitude", 
"longitude", 
"completed", 
"is_template", 
"created_at", 
"updated_at" from 
"cards" where 
"cards"."list_id" = ?
params: 019bc10a-b1b8
-70de-be3f-bb3de209e8
5a
    at LibSQLPrepared
Query.queryWithCache 
(file:///D:/UIT_COURS
ES/SE100/DailyDesk/no
de_modules/[4m.pnpm
[24m/drizzle-orm@0.44
.7_@electri_5c2928a09
9a752b7e299aaadb8975a
ea/node_modules/[4ms
rc[24m/sqlite-core/s
ession.ts:80:11)
[90m    at processTi
cksAndRejections (nod
e:internal/process/ta
sk_queues:105:5)[39m
    at LibSQLPrepared
Query.values (file://
/D:/UIT_COURSES/SE100
/DailyDesk/node_modul
es/[4m.pnpm[24m/dri
zzle-orm@0.44.7_@elec
tri_5c2928a099a752b7e
299aaadb8975aea/node_
modules/[4msrc[24m/
libsql/session.ts:286
:10)
    at LibSQLPrepared
Query.all (file:///D:
/UIT_COURSES/SE100/Da
ilyDesk/node_modules/
[4m.pnpm[24m/drizzl
e-orm@0.44.7_@electri
_5c2928a099a752b7e299
aaadb8975aea/node_mod
ules/[4msrc[24m/lib
sql/session.ts:214:16
)
    at 
Module.createCard [9
0m(D:\UIT_COURSES\SE1
00\DailyDesk\backend\
[39msrc\services\car
ds.service.ts:311:23
[90m)[39m
    at [90mD:\UIT_CO
URSES\SE100\DailyDesk
\backend\[39msrc\rou
tes\cards.ts:150:22
    at dispatch (file
:///D:/UIT_COURSES/SE
100/DailyDesk/node_mo
dules/[4m.pnpm[24m/
hono@4.11.3/node_modu
les/[4mhono[24m/dis
t/compose.js:22:17)
    at file:///D:/UIT
_COURSES/SE100/DailyD
esk/node_modules/[4m
.pnpm[24m/hono@4.11.
3/node_modules/[4mho
no[24m/dist/validato
r/validator.js:81:12
    at mw (file:///D:
/UIT_COURSES/SE100/Da
ilyDesk/node_modules/
[4m.pnpm[24m/@hono+
zod-openapi@1.2.0_hon
o@4.11.3_zod@4.3.5/no
de_modules/[4m@hono
[24m/zod-openapi/src/
index.ts:546:26)
    at dispatch (file
:///D:/UIT_COURSES/SE
100/DailyDesk/node_mo
dules/[4m.pnpm[24m/
hono@4.11.3/node_modu
les/[4mhono[24m/dis
t/compose.js:22:17) {
  query: 
[32m'select "id", 
"name", 
"description", 
"order", 
"cover_url", 
"cover_public_id", 
"cover_color", 
"cover_mode", 
"list_id", 
"start_date", 
"deadline", 
"due_at", 
"due_complete", 
"reminder_minutes", 
"recurrence", 
"recurrence_day", "re
currence_weekday", 
"latitude", 
"longitude", 
"completed", 
"is_template", 
"created_at", 
"updated_at" from 
"cards" where 
"cards"."list_id" = 
?'[39m,
  params: [ [32m'019
bc10a-b1b8-70de-be3f-
bb3de209e85a'[39m ],
  cause: 
LibsqlError: 
SQLITE_ERROR: no 
such column: 
is_template
      at 
mapSqliteError (file:
///D:/UIT_COURSES/SE1
00/DailyDesk/node_mod
ules/[4m.pnpm[24m/@
libsql+client@0.15.15
/node_modules/[4m@li
bsql[24m/client/lib-
esm/sqlite3.js:392:16
)
      at executeStmt 
(file:///D:/UIT_COURS
ES/SE100/DailyDesk/no
de_modules/[4m.pnpm
[24m/@libsql+client@0
.15.15/node_modules/
[4m@libsql[24m/clien
t/lib-esm/sqlite3.js:
297:15)
      at Sqlite3Clien
t.execute (file:///D:
/UIT_COURSES/SE100/Da
ilyDesk/node_modules/
[4m.pnpm[24m/@libsq
l+client@0.15.15/node
_modules/[4m@libsql
[24m/client/lib-esm/s
qlite3.js:81:16)
  [90m    ... 5 
lines matching cause 
stack trace ...[39m
      at SQLiteSelect
Base.execute (file://
/D:/UIT_COURSES/SE100
/DailyDesk/node_modul
es/[4m.pnpm[24m/dri
zzle-orm@0.44.7_@elec
tri_5c2928a099a752b7e
299aaadb8975aea/node_
modules/[4msrc[24m/
sqlite-core/query-bui
lders/select.ts:962:1
5)
      at SQLiteSelect
Base.then (file:///D:
/UIT_COURSES/SE100/Da
ilyDesk/node_modules/
[4m.pnpm[24m/drizzl
e-orm@0.44.7_@electri
_5c2928a099a752b7e299
aaadb8975aea/node_mod
ules/[4msrc[24m/que
ry-promise.ts:31:15) 
{
    code: [32m'SQLIT
E_ERROR'[39m,
    rawCode: 
[33m1[39m,
    [cause]: 
SqliteError: no such 
column: is_template
        at 
convertError (D:\UIT_
COURSES\SE100\DailyDe
sk\node_modules\[4m.
pnpm[24m\libsql@0.5.
22\node_modules\[4ml
ibsql[24m\index.js:5
9:12)
        at 
Database.prepare (D:\
UIT_COURSES\SE100\Dai
lyDesk\node_modules\
[4m.pnpm[24m\libsql@
0.5.22\node_modules\
[4mlibsql[24m\index.
js:131:13)
        at 
executeStmt (file:///
D:/UIT_COURSES/SE100/
DailyDesk/node_module
s/[4m.pnpm[24m/@lib
sql+client@0.15.15/no
de_modules/[4m@libsq
l[24m/client/lib-esm
/sqlite3.js:268:28)
        at Sqlite3Cli
ent.execute (file:///
D:/UIT_COURSES/SE100/
DailyDesk/node_module
s/[4m.pnpm[24m/@lib
sql+client@0.15.15/no
de_modules/[4m@libsq
l[24m/client/lib-esm
/sqlite3.js:81:16)
        at file:///D:
/UIT_COURSES/SE100/Da
ilyDesk/node_modules/
[4m.pnpm[24m/drizzl
e-orm@0.44.7_@electri
_5c2928a099a752b7e299
aaadb8975aea/node_mod
ules/[4msrc[24m/lib
sql/session.ts:288:58
        at LibSQLPrep
aredQuery.queryWithCa
che (file:///D:/UIT_C
OURSES/SE100/DailyDes
k/node_modules/[4m.p
npm[24m/drizzle-orm@
0.44.7_@electri_5c292
8a099a752b7e299aaadb8
975aea/node_modules/
[4msrc[24m/sqlite-co
re/session.ts:78:18)
        at LibSQLPrep
aredQuery.values (fil
e:///D:/UIT_COURSES/S
E100/DailyDesk/node_m
odules/[4m.pnpm[24m
/drizzle-orm@0.44.7_@
electri_5c2928a099a75
2b7e299aaadb8975aea/n
ode_modules/[4msrc[
24m/libsql/session.ts
:286:21)
        at LibSQLPrep
aredQuery.all (file:/
//D:/UIT_COURSES/SE10
0/DailyDesk/node_modu
les/[4m.pnpm[24m/dr
izzle-orm@0.44.7_@ele
ctri_5c2928a099a752b7
e299aaadb8975aea/node
_modules/[4msrc[24m
/libsql/session.ts:21
4:27)
        at 
SQLiteSelectBase.all 
(file:///D:/UIT_COURS
ES/SE100/DailyDesk/no
de_modules/[4m.pnpm
[24m/drizzle-orm@0.44
.7_@electri_5c2928a09
9a752b7e299aaadb8975a
ea/node_modules/[4ms
rc[24m/sqlite-core/q
uery-builders/select.
ts:950:26)
        at SQLiteSele
ctBase.execute (file:
///D:/UIT_COURSES/SE1
00/DailyDesk/node_mod
ules/[4m.pnpm[24m/d
rizzle-orm@0.44.7_@el
ectri_5c2928a099a752b
7e299aaadb8975aea/nod
e_modules/[4msrc[24
m/sqlite-core/query-b
uilders/select.ts:962
:15) {
      code: [32m'SQL
ITE_ERROR'[39m,
      rawCode: 
[33m1[39m
    }
  }
}
DrizzleQueryError: 
Failed query: select 
"id", "name", 
"description", 
"order", 
"cover_url", 
"cover_public_id", 
"cover_color", 
"cover_mode", 
"list_id", 
"start_date", 
"deadline", 
"due_at", 
"due_complete", 
"reminder_minutes", 
"recurrence", 
"recurrence_day", "re
currence_weekday", 
"latitude", 
"longitude", 
"completed", 
"is_template", 
"created_at", 
"updated_at" from 
"cards" where 
"cards"."list_id" = ?
params: 019bc10a-b1b8
-70de-be3f-bb3de209e8
5a
    at LibSQLPrepared
Query.queryWithCache 
(file:///D:/UIT_COURS
ES/SE100/DailyDesk/no
de_modules/[4m.pnpm
[24m/drizzle-orm@0.44
.7_@electri_5c2928a09
9a752b7e299aaadb8975a
ea/node_modules/[4ms
rc[24m/sqlite-core/s
ession.ts:80:11)
[90m    at processTi
cksAndRejections (nod
e:internal/process/ta
sk_queues:105:5)[39m
    at LibSQLPrepared
Query.values (file://
/D:/UIT_COURSES/SE100
/DailyDesk/node_modul
es/[4m.pnpm[24m/dri
zzle-orm@0.44.7_@elec
tri_5c2928a099a752b7e
299aaadb8975aea/node_
modules/[4msrc[24m/
libsql/session.ts:286
:10)
    at LibSQLPrepared
Query.all (file:///D:
/UIT_COURSES/SE100/Da
ilyDesk/node_modules/
[4m.pnpm[24m/drizzl
e-orm@0.44.7_@electri
_5c2928a099a752b7e299
aaadb8975aea/node_mod
ules/[4msrc[24m/lib
sql/session.ts:214:16
)
    at 
Module.createCard [9
0m(D:\UIT_COURSES\SE1
00\DailyDesk\backend\
[39msrc\services\car
ds.service.ts:311:23
[90m)[39m
    at [90mD:\UIT_CO
URSES\SE100\DailyDesk
\backend\[39msrc\rou
tes\cards.ts:150:22
    at dispatch (file
:///D:/UIT_COURSES/SE
100/DailyDesk/node_mo
dules/[4m.pnpm[24m/
hono@4.11.3/node_modu
les/[4mhono[24m/dis
t/compose.js:22:17)
    at file:///D:/UIT
_COURSES/SE100/DailyD
esk/node_modules/[4m
.pnpm[24m/hono@4.11.
3/node_modules/[4mho
no[24m/dist/validato
r/validator.js:81:12
    at mw (file:///D:
/UIT_COURSES/SE100/Da
ilyDesk/node_modules/
[4m.pnpm[24m/@hono+
zod-openapi@1.2.0_hon
o@4.11.3_zod@4.3.5/no
de_modules/[4m@hono
[24m/zod-openapi/src/
index.ts:546:26)
    at dispatch (file
:///D:/UIT_COURSES/SE
100/DailyDesk/node_mo
dules/[4m.pnpm[24m/
hono@4.11.3/node_modu
les/[4mhono[24m/dis
t/compose.js:22:17) {
  query: 
[32m'select "id", 
"name", 
"description", 
"order", 
"cover_url", 
"cover_public_id", 
"cover_color", 
"cover_mode", 
"list_id", 
"start_date", 
"deadline", 
"due_at", 
"due_complete", 
"reminder_minutes", 
"recurrence", 
"recurrence_day", "re
currence_weekday", 
"latitude", 
"longitude", 
"completed", 
"is_template", 
"created_at", 
"updated_at" from 
"cards" where 
"cards"."list_id" = 
?'[39m,
  params: [ [32m'019
bc10a-b1b8-70de-be3f-
bb3de209e85a'[39m ],
  cause: 
LibsqlError: 
SQLITE_ERROR: no 
such column: 
is_template
      at 
mapSqliteError (file:
///D:/UIT_COURSES/SE1
00/DailyDesk/node_mod
ules/[4m.pnpm[24m/@
libsql+client@0.15.15
/node_modules/[4m@li
bsql[24m/client/lib-
esm/sqlite3.js:392:16
)
      at executeStmt 
(file:///D:/UIT_COURS
ES/SE100/DailyDesk/no
de_modules/[4m.pnpm
[24m/@libsql+client@0
.15.15/node_modules/
[4m@libsql[24m/clien
t/lib-esm/sqlite3.js:
297:15)
      at Sqlite3Clien
t.execute (file:///D:
/UIT_COURSES/SE100/Da
ilyDesk/node_modules/
[4m.pnpm[24m/@libsq
l+client@0.15.15/node
_modules/[4m@libsql
[24m/client/lib-esm/s
qlite3.js:81:16)
  [90m    ... 5 
lines matching cause 
stack trace ...[39m
      at SQLiteSelect
Base.execute (file://
/D:/UIT_COURSES/SE100
/DailyDesk/node_modul
es/[4m.pnpm[24m/dri
zzle-orm@0.44.7_@elec
tri_5c2928a099a752b7e
299aaadb8975aea/node_
modules/[4msrc[24m/
sqlite-core/query-bui
lders/select.ts:962:1
5)
      at SQLiteSelect
Base.then (file:///D:
/UIT_COURSES/SE100/Da
ilyDesk/node_modules/
[4m.pnpm[24m/drizzl
e-orm@0.44.7_@electri
_5c2928a099a752b7e299
aaadb8975aea/node_mod
ules/[4msrc[24m/que
ry-promise.ts:31:15) 
{
    code: [32m'SQLIT
E_ERROR'[39m,
    rawCode: 
[33m1[39m,
    [cause]: 
SqliteError: no such 
column: is_template
        at 
convertError (D:\UIT_
COURSES\SE100\DailyDe
sk\node_modules\[4m.
pnpm[24m\libsql@0.5.
22\node_modules\[4ml
ibsql[24m\index.js:5
9:12)
        at 
Database.prepare (D:\
UIT_COURSES\SE100\Dai
lyDesk\node_modules\
[4m.pnpm[24m\libsql@
0.5.22\node_modules\
[4mlibsql[24m\index.
js:131:13)
        at 
executeStmt (file:///
D:/UIT_COURSES/SE100/
DailyDesk/node_module
s/[4m.pnpm[24m/@lib
sql+client@0.15.15/no
de_modules/[4m@libsq
l[24m/client/lib-esm
/sqlite3.js:268:28)
        at Sqlite3Cli
ent.execute (file:///
D:/UIT_COURSES/SE100/
DailyDesk/node_module
s/[4m.pnpm[24m/@lib
sql+client@0.15.15/no
de_modules/[4m@libsq
l[24m/client/lib-esm
/sqlite3.js:81:16)
        at file:///D:
/UIT_COURSES/SE100/Da
ilyDesk/node_modules/
[4m.pnpm[24m/drizzl
e-orm@0.44.7_@electri
_5c2928a099a752b7e299
aaadb8975aea/node_mod
ules/[4msrc[24m/lib
sql/session.ts:288:58
        at LibSQLPrep
aredQuery.queryWithCa
che (file:///D:/UIT_C
OURSES/SE100/DailyDes
k/node_modules/[4m.p
npm[24m/drizzle-orm@
0.44.7_@electri_5c292
8a099a752b7e299aaadb8
975aea/node_modules/
[4msrc[24m/sqlite-co
re/session.ts:78:18)
        at LibSQLPrep
aredQuery.values (fil
e:///D:/UIT_COURSES/S
E100/DailyDesk/node_m
odules/[4m.pnpm[24m
/drizzle-orm@0.44.7_@
electri_5c2928a099a75
2b7e299aaadb8975aea/n
ode_modules/[4msrc[
24m/libsql/session.ts
:286:21)
        at LibSQLPrep
aredQuery.all (file:/
//D:/UIT_COURSES/SE10
0/DailyDesk/node_modu
les/[4m.pnpm[24m/dr
izzle-orm@0.44.7_@ele
ctri_5c2928a099a752b7
e299aaadb8975aea/node
_modules/[4msrc[24m
/libsql/session.ts:21
4:27)
        at 
SQLiteSelectBase.all 
(file:///D:/UIT_COURS
ES/SE100/DailyDesk/no
de_modules/[4m.pnpm
[24m/drizzle-orm@0.44
.7_@electri_5c2928a09
9a752b7e299aaadb8975a
ea/node_modules/[4ms
rc[24m/sqlite-core/q
uery-builders/select.
ts:950:26)
        at SQLiteSele
ctBase.execute (file:
///D:/UIT_COURSES/SE1
00/DailyDesk/node_mod
ules/[4m.pnpm[24m/d
rizzle-orm@0.44.7_@el
ectri_5c2928a099a752b
7e299aaadb8975aea/nod
e_modules/[4msrc[24
m/sqlite-core/query-b
uilders/select.ts:962
:15) {
      code: [32m'SQL
ITE_ERROR'[39m,
      rawCode: 
[33m1[39m
    }
  }
}
DrizzleQueryError: 
Failed query: select 
"id", "name", 
"description", 
"order", 
"cover_url", 
"cover_public_id", 
"cover_color", 
"cover_mode", 
"list_id", 
"start_date", 
"deadline", 
"due_at", 
"due_complete", 
"reminder_minutes", 
"recurrence", 
"recurrence_day", "re
currence_weekday", 
"latitude", 
"longitude", 
"completed", 
"is_template", 
"created_at", 
"updated_at" from 
"cards" where 
"cards"."list_id" = ?
params: 019bc10a-b1b8
-70de-be3f-bb3de209e8
5a
    at LibSQLPrepared
Query.queryWithCache 
(file:///D:/UIT_COURS
ES/SE100/DailyDesk/no
de_modules/[4m.pnpm
[24m/drizzle-orm@0.44
.7_@electri_5c2928a09
9a752b7e299aaadb8975a
ea/node_modules/[4ms
rc[24m/sqlite-core/s
ession.ts:80:11)
[90m    at processTi
cksAndRejections (nod
e:internal/process/ta
sk_queues:105:5)[39m
    at LibSQLPrepared
Query.values (file://
/D:/UIT_COURSES/SE100
/DailyDesk/node_modul
es/[4m.pnpm[24m/dri
zzle-orm@0.44.7_@elec
tri_5c2928a099a752b7e
299aaadb8975aea/node_
modules/[4msrc[24m/
libsql/session.ts:286
:10)
    at LibSQLPrepared
Query.all (file:///D:
/UIT_COURSES/SE100/Da
ilyDesk/node_modules/
[4m.pnpm[24m/drizzl
e-orm@0.44.7_@electri
_5c2928a099a752b7e299
aaadb8975aea/node_mod
ules/[4msrc[24m/lib
sql/session.ts:214:16
)
    at 
Module.createCard [9
0m(D:\UIT_COURSES\SE1
00\DailyDesk\backend\
[39msrc\services\car
ds.service.ts:311:23
[90m)[39m
    at [90mD:\UIT_CO
URSES\SE100\DailyDesk
\backend\[39msrc\rou
tes\cards.ts:150:22
    at dispatch (file
:///D:/UIT_COURSES/SE
100/DailyDesk/node_mo
dules/[4m.pnpm[24m/
hono@4.11.3/node_modu
les/[4mhono[24m/dis
t/compose.js:22:17)
    at file:///D:/UIT
_COURSES/SE100/DailyD
esk/node_modules/[4m
.pnpm[24m/hono@4.11.
3/node_modules/[4mho
no[24m/dist/validato
r/validator.js:81:12
    at mw (file:///D:
/UIT_COURSES/SE100/Da
ilyDesk/node_modules/
[4m.pnpm[24m/@hono+
zod-openapi@1.2.0_hon
o@4.11.3_zod@4.3.5/no
de_modules/[4m@hono
[24m/zod-openapi/src/
index.ts:546:26)
    at dispatch (file
:///D:/UIT_COURSES/SE
100/DailyDesk/node_mo
dules/[4m.pnpm[24m/
hono@4.11.3/node_modu
les/[4mhono[24m/dis
t/compose.js:22:17) {
  query: 
[32m'select "id", 
"name", 
"description", 
"order", 
"cover_url", 
"cover_public_id", 
"cover_color", 
"cover_mode", 
"list_id", 
"start_date", 
"deadline", 
"due_at", 
"due_complete", 
"reminder_minutes", 
"recurrence", 
"recurrence_day", "re
currence_weekday", 
"latitude", 
"longitude", 
"completed", 
"is_template", 
"created_at", 
"updated_at" from 
"cards" where 
"cards"."list_id" = 
?'[39m,
  params: [ [32m'019
bc10a-b1b8-70de-be3f-
bb3de209e85a'[39m ],
  cause: 
LibsqlError: 
SQLITE_ERROR: no 
such column: 
is_template
      at 
mapSqliteError (file:
///D:/UIT_COURSES/SE1
00/DailyDesk/node_mod
ules/[4m.pnpm[24m/@
libsql+client@0.15.15
/node_modules/[4m@li
bsql[24m/client/lib-
esm/sqlite3.js:392:16
)
      at executeStmt 
(file:///D:/UIT_COURS
ES/SE100/DailyDesk/no
de_modules/[4m.pnpm
[24m/@libsql+client@0
.15.15/node_modules/
[4m@libsql[24m/clien
t/lib-esm/sqlite3.js:
297:15)
      at Sqlite3Clien
t.execute (file:///D:
/UIT_COURSES/SE100/Da
ilyDesk/node_modules/
[4m.pnpm[24m/@libsq
l+client@0.15.15/node
_modules/[4m@libsql
[24m/client/lib-esm/s
qlite3.js:81:16)
  [90m    ... 5 
lines matching cause 
stack trace ...[39m
      at SQLiteSelect
Base.execute (file://
/D:/UIT_COURSES/SE100
/DailyDesk/node_modul
es/[4m.pnpm[24m/dri
zzle-orm@0.44.7_@elec
tri_5c2928a099a752b7e
299aaadb8975aea/node_
modules/[4msrc[24m/
sqlite-core/query-bui
lders/select.ts:962:1
5)
      at SQLiteSelect
Base.then (file:///D:
/UIT_COURSES/SE100/Da
ilyDesk/node_modules/
[4m.pnpm[24m/drizzl
e-orm@0.44.7_@electri
_5c2928a099a752b7e299
aaadb8975aea/node_mod
ules/[4msrc[24m/que
ry-promise.ts:31:15) 
{
    code: [32m'SQLIT
E_ERROR'[39m,
    rawCode: 
[33m1[39m,
    [cause]: 
SqliteError: no such 
column: is_template
        at 
convertError (D:\UIT_
COURSES\SE100\DailyDe
sk\node_modules\[4m.
pnpm[24m\libsql@0.5.
22\node_modules\[4ml
ibsql[24m\index.js:5
9:12)
        at 
Database.prepare (D:\
UIT_COURSES\SE100\Dai
lyDesk\node_modules\
[4m.pnpm[24m\libsql@
0.5.22\node_modules\
[4mlibsql[24m\index.
js:131:13)
        at 
executeStmt (file:///
D:/UIT_COURSES/SE100/
DailyDesk/node_module
s/[4m.pnpm[24m/@lib
sql+client@0.15.15/no
de_modules/[4m@libsq
l[24m/client/lib-esm
/sqlite3.js:268:28)
        at Sqlite3Cli
ent.execute (file:///
D:/UIT_COURSES/SE100/
DailyDesk/node_module
s/[4m.pnpm[24m/@lib
sql+client@0.15.15/no
de_modules/[4m@libsq
l[24m/client/lib-esm
/sqlite3.js:81:16)
        at file:///D:
/UIT_COURSES/SE100/Da
ilyDesk/node_modules/
[4m.pnpm[24m/drizzl
e-orm@0.44.7_@electri
_5c2928a099a752b7e299
aaadb8975aea/node_mod
ules/[4msrc[24m/lib
sql/session.ts:288:58
        at LibSQLPrep
aredQuery.queryWithCa
che (file:///D:/UIT_C
OURSES/SE100/DailyDes
k/node_modules/[4m.p
npm[24m/drizzle-orm@
0.44.7_@electri_5c292
8a099a752b7e299aaadb8
975aea/node_modules/
[4msrc[24m/sqlite-co
re/session.ts:78:18)
        at LibSQLPrep
aredQuery.values (fil
e:///D:/UIT_COURSES/S
E100/DailyDesk/node_m
odules/[4m.pnpm[24m
/drizzle-orm@0.44.7_@
electri_5c2928a099a75
2b7e299aaadb8975aea/n
ode_modules/[4msrc[
24m/libsql/session.ts
:286:21)
        at LibSQLPrep
aredQuery.all (file:/
//D:/UIT_COURSES/SE10
0/DailyDesk/node_modu
les/[4m.pnpm[24m/dr
izzle-orm@0.44.7_@ele
ctri_5c2928a099a752b7
e299aaadb8975aea/node
_modules/[4msrc[24m
/libsql/session.ts:21
4:27)
        at 
SQLiteSelectBase.all 
(file:///D:/UIT_COURS
ES/SE100/DailyDesk/no
de_modules/[4m.pnpm
[24m/drizzle-orm@0.44
.7_@electri_5c2928a09
9a752b7e299aaadb8975a
ea/node_modules/[4ms
rc[24m/sqlite-core/q
uery-builders/select.
ts:950:26)
        at SQLiteSele
ctBase.execute (file:
///D:/UIT_COURSES/SE1
00/DailyDesk/node_mod
ules/[4m.pnpm[24m/d
rizzle-orm@0.44.7_@el
ectri_5c2928a099a752b
7e299aaadb8975aea/nod
e_modules/[4msrc[24
m/sqlite-core/query-b
uilders/select.ts:962
:15) {
      code: [32m'SQL
ITE_ERROR'[39m,
      rawCode: 
[33m1[39m
    }
  }
}
DrizzleQueryError: 
Failed query: select 
"id", "name", 
"description", 
"order", 
"cover_url", 
"cover_public_id", 
"cover_color", 
"cover_mode", 
"list_id", 
"start_date", 
"deadline", 
"due_at", 
"due_complete", 
"reminder_minutes", 
"recurrence", 
"recurrence_day", "re
currence_weekday", 
"latitude", 
"longitude", 
"completed", 
"is_template", 
"created_at", 
"updated_at" from 
"cards" where 
"cards"."id" = ? 
limit ?
params: 019bc10a-b1bb
-776f-8d5b-073bd35fe0
c1,1
    at LibSQLPrepared
Query.queryWithCache 
(file:///D:/UIT_COURS
ES/SE100/DailyDesk/no
de_modules/[4m.pnpm
[24m/drizzle-orm@0.44
.7_@electri_5c2928a09
9a752b7e299aaadb8975a
ea/node_modules/[4ms
rc[24m/sqlite-core/s
ession.ts:80:11)
[90m    at processTi
cksAndRejections (nod
e:internal/process/ta
sk_queues:105:5)[39m
    at LibSQLPrepared
Query.values (file://
/D:/UIT_COURSES/SE100
/DailyDesk/node_modul
es/[4m.pnpm[24m/dri
zzle-orm@0.44.7_@elec
tri_5c2928a099a752b7e
299aaadb8975aea/node_
modules/[4msrc[24m/
libsql/session.ts:286
:10)
    at LibSQLPrepared
Query.all (file:///D:
/UIT_COURSES/SE100/Da
ilyDesk/node_modules/
[4m.pnpm[24m/drizzl
e-orm@0.44.7_@electri
_5c2928a099a752b7e299
aaadb8975aea/node_mod
ules/[4msrc[24m/lib
sql/session.ts:214:16
)
    at 
Module.deleteCard [9
0m(D:\UIT_COURSES\SE1
00\DailyDesk\backend\
[39msrc\services\car
ds.service.ts:893:24
[90m)[39m
    at [90mD:\UIT_CO
URSES\SE100\DailyDesk
\backend\[39msrc\rou
tes\cards.ts:298:24
    at dispatch (file
:///D:/UIT_COURSES/SE
100/DailyDesk/node_mo
dules/[4m.pnpm[24m/
hono@4.11.3/node_modu
les/[4mhono[24m/dis
t/compose.js:22:17)
    at file:///D:/UIT
_COURSES/SE100/DailyD
esk/node_modules/[4m
.pnpm[24m/hono@4.11.
3/node_modules/[4mho
no[24m/dist/validato
r/validator.js:81:12
    at dispatch (file
:///D:/UIT_COURSES/SE
100/DailyDesk/node_mo
dules/[4m.pnpm[24m/
hono@4.11.3/node_modu
les/[4mhono[24m/dis
t/compose.js:22:17)
    at [90mD:\UIT_CO
URSES\SE100\DailyDesk
\backend\[39mtests\h
elpers\auth.ts:27:5 {
  query: 
[32m'select "id", 
"name", 
"description", 
"order", 
"cover_url", 
"cover_public_id", 
"cover_color", 
"cover_mode", 
"list_id", 
"start_date", 
"deadline", 
"due_at", 
"due_complete", 
"reminder_minutes", 
"recurrence", 
"recurrence_day", "re
currence_weekday", 
"latitude", 
"longitude", 
"completed", 
"is_template", 
"created_at", 
"updated_at" from 
"cards" where 
"cards"."id" = ? 
limit ?'[39m,
  params: [ [32m'019
bc10a-b1bb-776f-8d5b-
073bd35fe0c1'[39m, 
[33m1[39m ],
  cause: 
LibsqlError: 
SQLITE_ERROR: no 
such column: 
is_template
      at 
mapSqliteError (file:
///D:/UIT_COURSES/SE1
00/DailyDesk/node_mod
ules/[4m.pnpm[24m/@
libsql+client@0.15.15
/node_modules/[4m@li
bsql[24m/client/lib-
esm/sqlite3.js:392:16
)
      at executeStmt 
(file:///D:/UIT_COURS
ES/SE100/DailyDesk/no
de_modules/[4m.pnpm
[24m/@libsql+client@0
.15.15/node_modules/
[4m@libsql[24m/clien
t/lib-esm/sqlite3.js:
297:15)
      at Sqlite3Clien
t.execute (file:///D:
/UIT_COURSES/SE100/Da
ilyDesk/node_modules/
[4m.pnpm[24m/@libsq
l+client@0.15.15/node
_modules/[4m@libsql
[24m/client/lib-esm/s
qlite3.js:81:16)
  [90m    ... 5 
lines matching cause 
stack trace ...[39m
      at SQLiteSelect
Base.execute (file://
/D:/UIT_COURSES/SE100
/DailyDesk/node_modul
es/[4m.pnpm[24m/dri
zzle-orm@0.44.7_@elec
tri_5c2928a099a752b7e
299aaadb8975aea/node_
modules/[4msrc[24m/
sqlite-core/query-bui
lders/select.ts:962:1
5)
      at SQLiteSelect
Base.then (file:///D:
/UIT_COURSES/SE100/Da
ilyDesk/node_modules/
[4m.pnpm[24m/drizzl
e-orm@0.44.7_@electri
_5c2928a099a752b7e299
aaadb8975aea/node_mod
ules/[4msrc[24m/que
ry-promise.ts:31:15) 
{
    code: [32m'SQLIT
E_ERROR'[39m,
    rawCode: 
[33m1[39m,
    [cause]: 
SqliteError: no such 
column: is_template
        at 
convertError (D:\UIT_
COURSES\SE100\DailyDe
sk\node_modules\[4m.
pnpm[24m\libsql@0.5.
22\node_modules\[4ml
ibsql[24m\index.js:5
9:12)
        at 
Database.prepare (D:\
UIT_COURSES\SE100\Dai
lyDesk\node_modules\
[4m.pnpm[24m\libsql@
0.5.22\node_modules\
[4mlibsql[24m\index.
js:131:13)
        at 
executeStmt (file:///
D:/UIT_COURSES/SE100/
DailyDesk/node_module
s/[4m.pnpm[24m/@lib
sql+client@0.15.15/no
de_modules/[4m@libsq
l[24m/client/lib-esm
/sqlite3.js:268:28)
        at Sqlite3Cli
ent.execute (file:///
D:/UIT_COURSES/SE100/
DailyDesk/node_module
s/[4m.pnpm[24m/@lib
sql+client@0.15.15/no
de_modules/[4m@libsq
l[24m/client/lib-esm
/sqlite3.js:81:16)
        at file:///D:
/UIT_COURSES/SE100/Da
ilyDesk/node_modules/
[4m.pnpm[24m/drizzl
e-orm@0.44.7_@electri
_5c2928a099a752b7e299
aaadb8975aea/node_mod
ules/[4msrc[24m/lib
sql/session.ts:288:58
        at LibSQLPrep
aredQuery.queryWithCa
che (file:///D:/UIT_C
OURSES/SE100/DailyDes
k/node_modules/[4m.p
npm[24m/drizzle-orm@
0.44.7_@electri_5c292
8a099a752b7e299aaadb8
975aea/node_modules/
[4msrc[24m/sqlite-co
re/session.ts:78:18)
        at LibSQLPrep
aredQuery.values (fil
e:///D:/UIT_COURSES/S
E100/DailyDesk/node_m
odules/[4m.pnpm[24m
/drizzle-orm@0.44.7_@
electri_5c2928a099a75
2b7e299aaadb8975aea/n
ode_modules/[4msrc[
24m/libsql/session.ts
:286:21)
        at LibSQLPrep
aredQuery.all (file:/
//D:/UIT_COURSES/SE10
0/DailyDesk/node_modu
les/[4m.pnpm[24m/dr
izzle-orm@0.44.7_@ele
ctri_5c2928a099a752b7
e299aaadb8975aea/node
_modules/[4msrc[24m
/libsql/session.ts:21
4:27)
        at 
SQLiteSelectBase.all 
(file:///D:/UIT_COURS
ES/SE100/DailyDesk/no
de_modules/[4m.pnpm
[24m/drizzle-orm@0.44
.7_@electri_5c2928a09
9a752b7e299aaadb8975a
ea/node_modules/[4ms
rc[24m/sqlite-core/q
uery-builders/select.
ts:950:26)
        at SQLiteSele
ctBase.execute (file:
///D:/UIT_COURSES/SE1
00/DailyDesk/node_mod
ules/[4m.pnpm[24m/d
rizzle-orm@0.44.7_@el
ectri_5c2928a099a752b
7e299aaadb8975aea/nod
e_modules/[4msrc[24
m/sqlite-core/query-b
uilders/select.ts:962
:15) {
      code: [32m'SQL
ITE_ERROR'[39m,
      rawCode: 
[33m1[39m
    }
  }
}

[90mstderr[2m | tes
ts/cards/cards.test.t
s[2m > 
[22m[2mCards API 
Integration 
Tests[2m > 
[22m[2mDELETE /boar
ds/:boardId/cards/:id
[2m > 
[22m[2mshould 
maintain correct 
order after deleting 
multiple cards in 
sequence
[22m[39mDrizzleQuer
yError: Failed 
query: select "id", 
"name", 
"description", 
"order", 
"cover_url", 
"cover_public_id", 
"cover_color", 
"cover_mode", 
"list_id", 
"start_date", 
"deadline", 
"due_at", 
"due_complete", 
"reminder_minutes", 
"recurrence", 
"recurrence_day", "re
currence_weekday", 
"latitude", 
"longitude", 
"completed", 
"is_template", 
"created_at", 
"updated_at" from 
"cards" where 
"cards"."list_id" = ?
params: 019bc10a-b1ca
-774c-83c5-d9a96b2f3c
36
    at LibSQLPrepared
Query.queryWithCache 
(file:///D:/UIT_COURS
ES/SE100/DailyDesk/no
de_modules/[4m.pnpm
[24m/drizzle-orm@0.44
.7_@electri_5c2928a09
9a752b7e299aaadb8975a
ea/node_modules/[4ms
rc[24m/sqlite-core/s
ession.ts:80:11)
[90m    at processTi
cksAndRejections (nod
e:internal/process/ta
sk_queues:105:5)[39m
    at LibSQLPrepared
Query.values (file://
/D:/UIT_COURSES/SE100
/DailyDesk/node_modul
es/[4m.pnpm[24m/dri
zzle-orm@0.44.7_@elec
tri_5c2928a099a752b7e
299aaadb8975aea/node_
modules/[4msrc[24m/
libsql/session.ts:286
:10)
    at LibSQLPrepared
Query.all (file:///D:
/UIT_COURSES/SE100/Da
ilyDesk/node_modules/
[4m.pnpm[24m/drizzl
e-orm@0.44.7_@electri
_5c2928a099a752b7e299
aaadb8975aea/node_mod
ules/[4msrc[24m/lib
sql/session.ts:214:16
)
    at 
Module.createCard [9
0m(D:\UIT_COURSES\SE1
00\DailyDesk\backend\
[39msrc\services\car
ds.service.ts:311:23
[90m)[39m
    at [90mD:\UIT_CO
URSES\SE100\DailyDesk
\backend\[39msrc\rou
tes\cards.ts:150:22
    at dispatch (file
:///D:/UIT_COURSES/SE
100/DailyDesk/node_mo
dules/[4m.pnpm[24m/
hono@4.11.3/node_modu
les/[4mhono[24m/dis
t/compose.js:22:17)
    at file:///D:/UIT
_COURSES/SE100/DailyD
esk/node_modules/[4m
.pnpm[24m/hono@4.11.
3/node_modules/[4mho
no[24m/dist/validato
r/validator.js:81:12
    at mw (file:///D:
/UIT_COURSES/SE100/Da
ilyDesk/node_modules/
[4m.pnpm[24m/@hono+
zod-openapi@1.2.0_hon
o@4.11.3_zod@4.3.5/no
de_modules/[4m@hono
[24m/zod-openapi/src/
index.ts:546:26)
    at dispatch (file
:///D:/UIT_COURSES/SE
100/DailyDesk/node_mo
dules/[4m.pnpm[24m/
hono@4.11.3/node_modu
les/[4mhono[24m/dis
t/compose.js:22:17) {
  query: 
[32m'select "id", 
"name", 
"description", 
"order", 
"cover_url", 
"cover_public_id", 
"cover_color", 
"cover_mode", 
"list_id", 
"start_date", 
"deadline", 
"due_at", 
"due_complete", 
"reminder_minutes", 
"recurrence", 
"recurrence_day", "re
currence_weekday", 
"latitude", 
"longitude", 
"completed", 
"is_template", 
"created_at", 
"updated_at" from 
"cards" where 
"cards"."list_id" = 
?'[39m,
  params: [ [32m'019
bc10a-b1ca-774c-83c5-
d9a96b2f3c36'[39m ],
  cause: 
LibsqlError: 
SQLITE_ERROR: no 
such column: 
is_template
      at 
mapSqliteError (file:
///D:/UIT_COURSES/SE1
00/DailyDesk/node_mod
ules/[4m.pnpm[24m/@
libsql+client@0.15.15
/node_modules/[4m@li
bsql[24m/client/lib-
esm/sqlite3.js:392:16
)
      at executeStmt 
(file:///D:/UIT_COURS
ES/SE100/DailyDesk/no
de_modules/[4m.pnpm
[24m/@libsql+client@0
.15.15/node_modules/
[4m@libsql[24m/clien
t/lib-esm/sqlite3.js:
297:15)
      at Sqlite3Clien
t.execute (file:///D:
/UIT_COURSES/SE100/Da
ilyDesk/node_modules/
[4m.pnpm[24m/@libsq
l+client@0.15.15/node
_modules/[4m@libsql
[24m/client/lib-esm/s
qlite3.js:81:16)
  [90m    ... 5 
lines matching cause 
stack trace ...[39m
      at SQLiteSelect
Base.execute (file://
/D:/UIT_COURSES/SE100
/DailyDesk/node_modul
es/[4m.pnpm[24m/dri
zzle-orm@0.44.7_@elec
tri_5c2928a099a752b7e
299aaadb8975aea/node_
modules/[4msrc[24m/
sqlite-core/query-bui
lders/select.ts:962:1
5)
      at SQLiteSelect
Base.then (file:///D:
/UIT_COURSES/SE100/Da
ilyDesk/node_modules/
[4m.pnpm[24m/drizzl
e-orm@0.44.7_@electri
_5c2928a099a752b7e299
aaadb8975aea/node_mod
ules/[4msrc[24m/que
ry-promise.ts:31:15) 
{
    code: [32m'SQLIT
E_ERROR'[39m,
    rawCode: 
[33m1[39m,
    [cause]: 
SqliteError: no such 
column: is_template
        at 
convertError (D:\UIT_
COURSES\SE100\DailyDe
sk\node_modules\[4m.
pnpm[24m\libsql@0.5.
22\node_modules\[4ml
ibsql[24m\index.js:5
9:12)
        at 
Database.prepare (D:\
UIT_COURSES\SE100\Dai
lyDesk\node_modules\
[4m.pnpm[24m\libsql@
0.5.22\node_modules\
[4mlibsql[24m\index.
js:131:13)
        at 
executeStmt (file:///
D:/UIT_COURSES/SE100/
DailyDesk/node_module
s/[4m.pnpm[24m/@lib
sql+client@0.15.15/no
de_modules/[4m@libsq
l[24m/client/lib-esm
/sqlite3.js:268:28)
        at Sqlite3Cli
ent.execute (file:///
D:/UIT_COURSES/SE100/
DailyDesk/node_module
s/[4m.pnpm[24m/@lib
sql+client@0.15.15/no
de_modules/[4m@libsq
l[24m/client/lib-esm
/sqlite3.js:81:16)
        at file:///D:
/UIT_COURSES/SE100/Da
ilyDesk/node_modules/
[4m.pnpm[24m/drizzl
e-orm@0.44.7_@electri
_5c2928a099a752b7e299
aaadb8975aea/node_mod
ules/[4msrc[24m/lib
sql/session.ts:288:58
        at LibSQLPrep
aredQuery.queryWithCa
che (file:///D:/UIT_C
OURSES/SE100/DailyDes
k/node_modules/[4m.p
npm[24m/drizzle-orm@
0.44.7_@electri_5c292
8a099a752b7e299aaadb8
975aea/node_modules/
[4msrc[24m/sqlite-co
re/session.ts:78:18)
        at LibSQLPrep
aredQuery.values (fil
e:///D:/UIT_COURSES/S
E100/DailyDesk/node_m
odules/[4m.pnpm[24m
/drizzle-orm@0.44.7_@
electri_5c2928a099a75
2b7e299aaadb8975aea/n
ode_modules/[4msrc[
24m/libsql/session.ts
:286:21)
        at LibSQLPrep
aredQuery.all (file:/
//D:/UIT_COURSES/SE10
0/DailyDesk/node_modu
les/[4m.pnpm[24m/dr
izzle-orm@0.44.7_@ele
ctri_5c2928a099a752b7
e299aaadb8975aea/node
_modules/[4msrc[24m
/libsql/session.ts:21
4:27)
        at 
SQLiteSelectBase.all 
(file:///D:/UIT_COURS
ES/SE100/DailyDesk/no
de_modules/[4m.pnpm
[24m/drizzle-orm@0.44
.7_@electri_5c2928a09
9a752b7e299aaadb8975a
ea/node_modules/[4ms
rc[24m/sqlite-core/q
uery-builders/select.
ts:950:26)
        at SQLiteSele
ctBase.execute (file:
///D:/UIT_COURSES/SE1
00/DailyDesk/node_mod
ules/[4m.pnpm[24m/d
rizzle-orm@0.44.7_@el
ectri_5c2928a099a752b
7e299aaadb8975aea/nod
e_modules/[4msrc[24
m/sqlite-core/query-b
uilders/select.ts:962
:15) {
      code: [32m'SQL
ITE_ERROR'[39m,
      rawCode: 
[33m1[39m
    }
  }
}
DrizzleQueryError: 
Failed query: select 
"id", "name", 
"description", 
"order", 
"cover_url", 
"cover_public_id", 
"cover_color", 
"cover_mode", 
"list_id", 
"start_date", 
"deadline", 
"due_at", 
"due_complete", 
"reminder_minutes", 
"recurrence", 
"recurrence_day", "re
currence_weekday", 
"latitude", 
"longitude", 
"completed", 
"is_template", 
"created_at", 
"updated_at" from 
"cards" where 
"cards"."list_id" = ?
params: 019bc10a-b1ca
-774c-83c5-d9a96b2f3c
36
    at LibSQLPrepared
Query.queryWithCache 
(file:///D:/UIT_COURS
ES/SE100/DailyDesk/no
de_modules/[4m.pnpm
[24m/drizzle-orm@0.44
.7_@electri_5c2928a09
9a752b7e299aaadb8975a
ea/node_modules/[4ms
rc[24m/sqlite-core/s
ession.ts:80:11)
[90m    at processTi
cksAndRejections (nod
e:internal/process/ta
sk_queues:105:5)[39m
    at LibSQLPrepared
Query.values (file://
/D:/UIT_COURSES/SE100
/DailyDesk/node_modul
es/[4m.pnpm[24m/dri
zzle-orm@0.44.7_@elec
tri_5c2928a099a752b7e
299aaadb8975aea/node_
modules/[4msrc[24m/
libsql/session.ts:286
:10)
    at LibSQLPrepared
Query.all (file:///D:
/UIT_COURSES/SE100/Da
ilyDesk/node_modules/
[4m.pnpm[24m/drizzl
e-orm@0.44.7_@electri
_5c2928a099a752b7e299
aaadb8975aea/node_mod
ules/[4msrc[24m/lib
sql/session.ts:214:16
)
    at 
Module.createCard [9
0m(D:\UIT_COURSES\SE1
00\DailyDesk\backend\
[39msrc\services\car
ds.service.ts:311:23
[90m)[39m
    at [90mD:\UIT_CO
URSES\SE100\DailyDesk
\backend\[39msrc\rou
tes\cards.ts:150:22
    at dispatch (file
:///D:/UIT_COURSES/SE
100/DailyDesk/node_mo
dules/[4m.pnpm[24m/
hono@4.11.3/node_modu
les/[4mhono[24m/dis
t/compose.js:22:17)
    at file:///D:/UIT
_COURSES/SE100/DailyD
esk/node_modules/[4m
.pnpm[24m/hono@4.11.
3/node_modules/[4mho
no[24m/dist/validato
r/validator.js:81:12
    at mw (file:///D:
/UIT_COURSES/SE100/Da
ilyDesk/node_modules/
[4m.pnpm[24m/@hono+
zod-openapi@1.2.0_hon
o@4.11.3_zod@4.3.5/no
de_modules/[4m@hono
[24m/zod-openapi/src/
index.ts:546:26)
    at dispatch (file
:///D:/UIT_COURSES/SE
100/DailyDesk/node_mo
dules/[4m.pnpm[24m/
hono@4.11.3/node_modu
les/[4mhono[24m/dis
t/compose.js:22:17) {
  query: 
[32m'select "id", 
"name", 
"description", 
"order", 
"cover_url", 
"cover_public_id", 
"cover_color", 
"cover_mode", 
"list_id", 
"start_date", 
"deadline", 
"due_at", 
"due_complete", 
"reminder_minutes", 
"recurrence", 
"recurrence_day", "re
currence_weekday", 
"latitude", 
"longitude", 
"completed", 
"is_template", 
"created_at", 
"updated_at" from 
"cards" where 
"cards"."list_id" = 
?'[39m,
  params: [ [32m'019
bc10a-b1ca-774c-83c5-
d9a96b2f3c36'[39m ],
  cause: 
LibsqlError: 
SQLITE_ERROR: no 
such column: 
is_template
      at 
mapSqliteError (file:
///D:/UIT_COURSES/SE1
00/DailyDesk/node_mod
ules/[4m.pnpm[24m/@
libsql+client@0.15.15
/node_modules/[4m@li
bsql[24m/client/lib-
esm/sqlite3.js:392:16
)
      at executeStmt 
(file:///D:/UIT_COURS
ES/SE100/DailyDesk/no
de_modules/[4m.pnpm
[24m/@libsql+client@0
.15.15/node_modules/
[4m@libsql[24m/clien
t/lib-esm/sqlite3.js:
297:15)
      at Sqlite3Clien
t.execute (file:///D:
/UIT_COURSES/SE100/Da
ilyDesk/node_modules/
[4m.pnpm[24m/@libsq
l+client@0.15.15/node
_modules/[4m@libsql
[24m/client/lib-esm/s
qlite3.js:81:16)
  [90m    ... 5 
lines matching cause 
stack trace ...[39m
      at SQLiteSelect
Base.execute (file://
/D:/UIT_COURSES/SE100
/DailyDesk/node_modul
es/[4m.pnpm[24m/dri
zzle-orm@0.44.7_@elec
tri_5c2928a099a752b7e
299aaadb8975aea/node_
modules/[4msrc[24m/
sqlite-core/query-bui
lders/select.ts:962:1
5)
      at SQLiteSelect
Base.then (file:///D:
/UIT_COURSES/SE100/Da
ilyDesk/node_modules/
[4m.pnpm[24m/drizzl
e-orm@0.44.7_@electri
_5c2928a099a752b7e299
aaadb8975aea/node_mod
ules/[4msrc[24m/que
ry-promise.ts:31:15) 
{
    code: [32m'SQLIT
E_ERROR'[39m,
    rawCode: 
[33m1[39m,
    [cause]: 
SqliteError: no such 
column: is_template
        at 
convertError (D:\UIT_
COURSES\SE100\DailyDe
sk\node_modules\[4m.
pnpm[24m\libsql@0.5.
22\node_modules\[4ml
ibsql[24m\index.js:5
9:12)
        at 
Database.prepare (D:\
UIT_COURSES\SE100\Dai
lyDesk\node_modules\
[4m.pnpm[24m\libsql@
0.5.22\node_modules\
[4mlibsql[24m\index.
js:131:13)
        at 
executeStmt (file:///
D:/UIT_COURSES/SE100/
DailyDesk/node_module
s/[4m.pnpm[24m/@lib
sql+client@0.15.15/no
de_modules/[4m@libsq
l[24m/client/lib-esm
/sqlite3.js:268:28)
        at Sqlite3Cli
ent.execute (file:///
D:/UIT_COURSES/SE100/
DailyDesk/node_module
s/[4m.pnpm[24m/@lib
sql+client@0.15.15/no
de_modules/[4m@libsq
l[24m/client/lib-esm
/sqlite3.js:81:16)
        at file:///D:
/UIT_COURSES/SE100/Da
ilyDesk/node_modules/
[4m.pnpm[24m/drizzl
e-orm@0.44.7_@electri
_5c2928a099a752b7e299
aaadb8975aea/node_mod
ules/[4msrc[24m/lib
sql/session.ts:288:58
        at LibSQLPrep
aredQuery.queryWithCa
che (file:///D:/UIT_C
OURSES/SE100/DailyDes
k/node_modules/[4m.p
npm[24m/drizzle-orm@
0.44.7_@electri_5c292
8a099a752b7e299aaadb8
975aea/node_modules/
[4msrc[24m/sqlite-co
re/session.ts:78:18)
        at LibSQLPrep
aredQuery.values (fil
e:///D:/UIT_COURSES/S
E100/DailyDesk/node_m
odules/[4m.pnpm[24m
/drizzle-orm@0.44.7_@
electri_5c2928a099a75
2b7e299aaadb8975aea/n
ode_modules/[4msrc[
24m/libsql/session.ts
:286:21)
        at LibSQLPrep
aredQuery.all (file:/
//D:/UIT_COURSES/SE10
0/DailyDesk/node_modu
les/[4m.pnpm[24m/dr
izzle-orm@0.44.7_@ele
ctri_5c2928a099a752b7
e299aaadb8975aea/node
_modules/[4msrc[24m
/libsql/session.ts:21
4:27)
        at 
SQLiteSelectBase.all 
(file:///D:/UIT_COURS
ES/SE100/DailyDesk/no
de_modules/[4m.pnpm
[24m/drizzle-orm@0.44
.7_@electri_5c2928a09
9a752b7e299aaadb8975a
ea/node_modules/[4ms
rc[24m/sqlite-core/q
uery-builders/select.
ts:950:26)
        at SQLiteSele
ctBase.execute (file:
///D:/UIT_COURSES/SE1
00/DailyDesk/node_mod
ules/[4m.pnpm[24m/d
rizzle-orm@0.44.7_@el
ectri_5c2928a099a752b
7e299aaadb8975aea/nod
e_modules/[4msrc[24
m/sqlite-core/query-b
uilders/select.ts:962
:15) {
      code: [32m'SQL
ITE_ERROR'[39m,
      rawCode: 
[33m1[39m
    }
  }
}
DrizzleQueryError: 
Failed query: select 
"id", "name", 
"description", 
"order", 
"cover_url", 
"cover_public_id", 
"cover_color", 
"cover_mode", 
"list_id", 
"start_date", 
"deadline", 
"due_at", 
"due_complete", 
"reminder_minutes", 
"recurrence", 
"recurrence_day", "re
currence_weekday", 
"latitude", 
"longitude", 
"completed", 
"is_template", 
"created_at", 
"updated_at" from 
"cards" where 
"cards"."list_id" = ?
params: 019bc10a-b1ca
-774c-83c5-d9a96b2f3c
36
    at LibSQLPrepared
Query.queryWithCache 
(file:///D:/UIT_COURS
ES/SE100/DailyDesk/no
de_modules/[4m.pnpm
[24m/drizzle-orm@0.44
.7_@electri_5c2928a09
9a752b7e299aaadb8975a
ea/node_modules/[4ms
rc[24m/sqlite-core/s
ession.ts:80:11)
[90m    at processTi
cksAndRejections (nod
e:internal/process/ta
sk_queues:105:5)[39m
    at LibSQLPrepared
Query.values (file://
/D:/UIT_COURSES/SE100
/DailyDesk/node_modul
es/[4m.pnpm[24m/dri
zzle-orm@0.44.7_@elec
tri_5c2928a099a752b7e
299aaadb8975aea/node_
modules/[4msrc[24m/
libsql/session.ts:286
:10)
    at LibSQLPrepared
Query.all (file:///D:
/UIT_COURSES/SE100/Da
ilyDesk/node_modules/
[4m.pnpm[24m/drizzl
e-orm@0.44.7_@electri
_5c2928a099a752b7e299
aaadb8975aea/node_mod
ules/[4msrc[24m/lib
sql/session.ts:214:16
)
    at 
Module.createCard [9
0m(D:\UIT_COURSES\SE1
00\DailyDesk\backend\
[39msrc\services\car
ds.service.ts:311:23
[90m)[39m
    at [90mD:\UIT_CO
URSES\SE100\DailyDesk
\backend\[39msrc\rou
tes\cards.ts:150:22
    at dispatch (file
:///D:/UIT_COURSES/SE
100/DailyDesk/node_mo
dules/[4m.pnpm[24m/
hono@4.11.3/node_modu
les/[4mhono[24m/dis
t/compose.js:22:17)
    at file:///D:/UIT
_COURSES/SE100/DailyD
esk/node_modules/[4m
.pnpm[24m/hono@4.11.
3/node_modules/[4mho
no[24m/dist/validato
r/validator.js:81:12
    at mw (file:///D:
/UIT_COURSES/SE100/Da
ilyDesk/node_modules/
[4m.pnpm[24m/@hono+
zod-openapi@1.2.0_hon
o@4.11.3_zod@4.3.5/no
de_modules/[4m@hono
[24m/zod-openapi/src/
index.ts:546:26)
    at dispatch (file
:///D:/UIT_COURSES/SE
100/DailyDesk/node_mo
dules/[4m.pnpm[24m/
hono@4.11.3/node_modu
les/[4mhono[24m/dis
t/compose.js:22:17) {
  query: 
[32m'select "id", 
"name", 
"description", 
"order", 
"cover_url", 
"cover_public_id", 
"cover_color", 
"cover_mode", 
"list_id", 
"start_date", 
"deadline", 
"due_at", 
"due_complete", 
"reminder_minutes", 
"recurrence", 
"recurrence_day", "re
currence_weekday", 
"latitude", 
"longitude", 
"completed", 
"is_template", 
"created_at", 
"updated_at" from 
"cards" where 
"cards"."list_id" = 
?'[39m,
  params: [ [32m'019
bc10a-b1ca-774c-83c5-
d9a96b2f3c36'[39m ],
  cause: 
LibsqlError: 
SQLITE_ERROR: no 
such column: 
is_template
      at 
mapSqliteError (file:
///D:/UIT_COURSES/SE1
00/DailyDesk/node_mod
ules/[4m.pnpm[24m/@
libsql+client@0.15.15
/node_modules/[4m@li
bsql[24m/client/lib-
esm/sqlite3.js:392:16
)
      at executeStmt 
(file:///D:/UIT_COURS
ES/SE100/DailyDesk/no
de_modules/[4m.pnpm
[24m/@libsql+client@0
.15.15/node_modules/
[4m@libsql[24m/clien
t/lib-esm/sqlite3.js:
297:15)
      at Sqlite3Clien
t.execute (file:///D:
/UIT_COURSES/SE100/Da
ilyDesk/node_modules/
[4m.pnpm[24m/@libsq
l+client@0.15.15/node
_modules/[4m@libsql
[24m/client/lib-esm/s
qlite3.js:81:16)
  [90m    ... 5 
lines matching cause 
stack trace ...[39m
      at SQLiteSelect
Base.execute (file://
/D:/UIT_COURSES/SE100
/DailyDesk/node_modul
es/[4m.pnpm[24m/dri
zzle-orm@0.44.7_@elec
tri_5c2928a099a752b7e
299aaadb8975aea/node_
modules/[4msrc[24m/
sqlite-core/query-bui
lders/select.ts:962:1
5)
      at SQLiteSelect
Base.then (file:///D:
/UIT_COURSES/SE100/Da
ilyDesk/node_modules/
[4m.pnpm[24m/drizzl
e-orm@0.44.7_@electri
_5c2928a099a752b7e299
aaadb8975aea/node_mod
ules/[4msrc[24m/que
ry-promise.ts:31:15) 
{
    code: [32m'SQLIT
E_ERROR'[39m,
    rawCode: 
[33m1[39m,
    [cause]: 
SqliteError: no such 
column: is_template
        at 
convertError (D:\UIT_
COURSES\SE100\DailyDe
sk\node_modules\[4m.
pnpm[24m\libsql@0.5.
22\node_modules\[4ml
ibsql[24m\index.js:5
9:12)
        at 
Database.prepare (D:\
UIT_COURSES\SE100\Dai
lyDesk\node_modules\
[4m.pnpm[24m\libsql@
0.5.22\node_modules\
[4mlibsql[24m\index.
js:131:13)
        at 
executeStmt (file:///
D:/UIT_COURSES/SE100/
DailyDesk/node_module
s/[4m.pnpm[24m/@lib
sql+client@0.15.15/no
de_modules/[4m@libsq
l[24m/client/lib-esm
/sqlite3.js:268:28)
        at Sqlite3Cli
ent.execute (file:///
D:/UIT_COURSES/SE100/
DailyDesk/node_module
s/[4m.pnpm[24m/@lib
sql+client@0.15.15/no
de_modules/[4m@libsq
l[24m/client/lib-esm
/sqlite3.js:81:16)
        at file:///D:
/UIT_COURSES/SE100/Da
ilyDesk/node_modules/
[4m.pnpm[24m/drizzl
e-orm@0.44.7_@electri
_5c2928a099a752b7e299
aaadb8975aea/node_mod
ules/[4msrc[24m/lib
sql/session.ts:288:58
        at LibSQLPrep
aredQuery.queryWithCa
che (file:///D:/UIT_C
OURSES/SE100/DailyDes
k/node_modules/[4m.p
npm[24m/drizzle-orm@
0.44.7_@electri_5c292
8a099a752b7e299aaadb8
975aea/node_modules/
[4msrc[24m/sqlite-co
re/session.ts:78:18)
        at LibSQLPrep
aredQuery.values (fil
e:///D:/UIT_COURSES/S
E100/DailyDesk/node_m
odules/[4m.pnpm[24m
/drizzle-orm@0.44.7_@
electri_5c2928a099a75
2b7e299aaadb8975aea/n
ode_modules/[4msrc[
24m/libsql/session.ts
:286:21)
        at LibSQLPrep
aredQuery.all (file:/
//D:/UIT_COURSES/SE10
0/DailyDesk/node_modu
les/[4m.pnpm[24m/dr
izzle-orm@0.44.7_@ele
ctri_5c2928a099a752b7
e299aaadb8975aea/node
_modules/[4msrc[24m
/libsql/session.ts:21
4:27)
        at 
SQLiteSelectBase.all 
(file:///D:/UIT_COURS
ES/SE100/DailyDesk/no
de_modules/[4m.pnpm
[24m/drizzle-orm@0.44
.7_@electri_5c2928a09
9a752b7e299aaadb8975a
ea/node_modules/[4ms
rc[24m/sqlite-core/q
uery-builders/select.
ts:950:26)
        at SQLiteSele
ctBase.execute (file:
///D:/UIT_COURSES/SE1
00/DailyDesk/node_mod
ules/[4m.pnpm[24m/d
rizzle-orm@0.44.7_@el
ectri_5c2928a099a752b
7e299aaadb8975aea/nod
e_modules/[4msrc[24
m/sqlite-core/query-b
uilders/select.ts:962
:15) {
      code: [32m'SQL
ITE_ERROR'[39m,
      rawCode: 
[33m1[39m
    }
  }
}
DrizzleQueryError: 
Failed query: select 
"id", "name", 
"description", 
"order", 
"cover_url", 
"cover_public_id", 
"cover_color", 
"cover_mode", 
"list_id", 
"start_date", 
"deadline", 
"due_at", 
"due_complete", 
"reminder_minutes", 
"recurrence", 
"recurrence_day", "re
currence_weekday", 
"latitude", 
"longitude", 
"completed", 
"is_template", 
"created_at", 
"updated_at" from 
"cards" where 
"cards"."list_id" = ?
params: 019bc10a-b1ca
-774c-83c5-d9a96b2f3c
36
    at LibSQLPrepared
Query.queryWithCache 
(file:///D:/UIT_COURS
ES/SE100/DailyDesk/no
de_modules/[4m.pnpm
[24m/drizzle-orm@0.44
.7_@electri_5c2928a09
9a752b7e299aaadb8975a
ea/node_modules/[4ms
rc[24m/sqlite-core/s
ession.ts:80:11)
[90m    at processTi
cksAndRejections (nod
e:internal/process/ta
sk_queues:105:5)[39m
    at LibSQLPrepared
Query.values (file://
/D:/UIT_COURSES/SE100
/DailyDesk/node_modul
es/[4m.pnpm[24m/dri
zzle-orm@0.44.7_@elec
tri_5c2928a099a752b7e
299aaadb8975aea/node_
modules/[4msrc[24m/
libsql/session.ts:286
:10)
    at LibSQLPrepared
Query.all (file:///D:
/UIT_COURSES/SE100/Da
ilyDesk/node_modules/
[4m.pnpm[24m/drizzl
e-orm@0.44.7_@electri
_5c2928a099a752b7e299
aaadb8975aea/node_mod
ules/[4msrc[24m/lib
sql/session.ts:214:16
)
    at 
Module.createCard [9
0m(D:\UIT_COURSES\SE1
00\DailyDesk\backend\
[39msrc\services\car
ds.service.ts:311:23
[90m)[39m
    at [90mD:\UIT_CO
URSES\SE100\DailyDesk
\backend\[39msrc\rou
tes\cards.ts:150:22
    at dispatch (file
:///D:/UIT_COURSES/SE
100/DailyDesk/node_mo
dules/[4m.pnpm[24m/
hono@4.11.3/node_modu
les/[4mhono[24m/dis
t/compose.js:22:17)
    at file:///D:/UIT
_COURSES/SE100/DailyD
esk/node_modules/[4m
.pnpm[24m/hono@4.11.
3/node_modules/[4mho
no[24m/dist/validato
r/validator.js:81:12
    at mw (file:///D:
/UIT_COURSES/SE100/Da
ilyDesk/node_modules/
[4m.pnpm[24m/@hono+
zod-openapi@1.2.0_hon
o@4.11.3_zod@4.3.5/no
de_modules/[4m@hono
[24m/zod-openapi/src/
index.ts:546:26)
    at dispatch (file
:///D:/UIT_COURSES/SE
100/DailyDesk/node_mo
dules/[4m.pnpm[24m/
hono@4.11.3/node_modu
les/[4mhono[24m/dis
t/compose.js:22:17) {
  query: 
[32m'select "id", 
"name", 
"description", 
"order", 
"cover_url", 
"cover_public_id", 
"cover_color", 
"cover_mode", 
"list_id", 
"start_date", 
"deadline", 
"due_at", 
"due_complete", 
"reminder_minutes", 
"recurrence", 
"recurrence_day", "re
currence_weekday", 
"latitude", 
"longitude", 
"completed", 
"is_template", 
"created_at", 
"updated_at" from 
"cards" where 
"cards"."list_id" = 
?'[39m,
  params: [ [32m'019
bc10a-b1ca-774c-83c5-
d9a96b2f3c36'[39m ],
  cause: 
LibsqlError: 
SQLITE_ERROR: no 
such column: 
is_template
      at 
mapSqliteError (file:
///D:/UIT_COURSES/SE1
00/DailyDesk/node_mod
ules/[4m.pnpm[24m/@
libsql+client@0.15.15
/node_modules/[4m@li
bsql[24m/client/lib-
esm/sqlite3.js:392:16
)
      at executeStmt 
(file:///D:/UIT_COURS
ES/SE100/DailyDesk/no
de_modules/[4m.pnpm
[24m/@libsql+client@0
.15.15/node_modules/
[4m@libsql[24m/clien
t/lib-esm/sqlite3.js:
297:15)
      at Sqlite3Clien
t.execute (file:///D:
/UIT_COURSES/SE100/Da
ilyDesk/node_modules/
[4m.pnpm[24m/@libsq
l+client@0.15.15/node
_modules/[4m@libsql
[24m/client/lib-esm/s
qlite3.js:81:16)
  [90m    ... 5 
lines matching cause 
stack trace ...[39m
      at SQLiteSelect
Base.execute (file://
/D:/UIT_COURSES/SE100
/DailyDesk/node_modul
es/[4m.pnpm[24m/dri
zzle-orm@0.44.7_@elec
tri_5c2928a099a752b7e
299aaadb8975aea/node_
modules/[4msrc[24m/
sqlite-core/query-bui
lders/select.ts:962:1
5)
      at SQLiteSelect
Base.then (file:///D:
/UIT_COURSES/SE100/Da
ilyDesk/node_modules/
[4m.pnpm[24m/drizzl
e-orm@0.44.7_@electri
_5c2928a099a752b7e299
aaadb8975aea/node_mod
ules/[4msrc[24m/que
ry-promise.ts:31:15) 
{
    code: [32m'SQLIT
E_ERROR'[39m,
    rawCode: 
[33m1[39m,
    [cause]: 
SqliteError: no such 
column: is_template
        at 
convertError (D:\UIT_
COURSES\SE100\DailyDe
sk\node_modules\[4m.
pnpm[24m\libsql@0.5.
22\node_modules\[4ml
ibsql[24m\index.js:5
9:12)
        at 
Database.prepare (D:\
UIT_COURSES\SE100\Dai
lyDesk\node_modules\
[4m.pnpm[24m\libsql@
0.5.22\node_modules\
[4mlibsql[24m\index.
js:131:13)
        at 
executeStmt (file:///
D:/UIT_COURSES/SE100/
DailyDesk/node_module
s/[4m.pnpm[24m/@lib
sql+client@0.15.15/no
de_modules/[4m@libsq
l[24m/client/lib-esm
/sqlite3.js:268:28)
        at Sqlite3Cli
ent.execute (file:///
D:/UIT_COURSES/SE100/
DailyDesk/node_module
s/[4m.pnpm[24m/@lib
sql+client@0.15.15/no
de_modules/[4m@libsq
l[24m/client/lib-esm
/sqlite3.js:81:16)
        at file:///D:
/UIT_COURSES/SE100/Da
ilyDesk/node_modules/
[4m.pnpm[24m/drizzl
e-orm@0.44.7_@electri
_5c2928a099a752b7e299
aaadb8975aea/node_mod
ules/[4msrc[24m/lib
sql/session.ts:288:58
        at LibSQLPrep
aredQuery.queryWithCa
che (file:///D:/UIT_C
OURSES/SE100/DailyDes
k/node_modules/[4m.p
npm[24m/drizzle-orm@
0.44.7_@electri_5c292
8a099a752b7e299aaadb8
975aea/node_modules/
[4msrc[24m/sqlite-co
re/session.ts:78:18)
        at LibSQLPrep
aredQuery.values (fil
e:///D:/UIT_COURSES/S
E100/DailyDesk/node_m
odules/[4m.pnpm[24m
/drizzle-orm@0.44.7_@
electri_5c2928a099a75
2b7e299aaadb8975aea/n
ode_modules/[4msrc[
24m/libsql/session.ts
:286:21)
        at LibSQLPrep
aredQuery.all (file:/
//D:/UIT_COURSES/SE10
0/DailyDesk/node_modu
les/[4m.pnpm[24m/dr
izzle-orm@0.44.7_@ele
ctri_5c2928a099a752b7
e299aaadb8975aea/node
_modules/[4msrc[24m
/libsql/session.ts:21
4:27)
        at 
SQLiteSelectBase.all 
(file:///D:/UIT_COURS
ES/SE100/DailyDesk/no
de_modules/[4m.pnpm
[24m/drizzle-orm@0.44
.7_@electri_5c2928a09
9a752b7e299aaadb8975a
ea/node_modules/[4ms
rc[24m/sqlite-core/q
uery-builders/select.
ts:950:26)
        at SQLiteSele
ctBase.execute (file:
///D:/UIT_COURSES/SE1
00/DailyDesk/node_mod
ules/[4m.pnpm[24m/d
rizzle-orm@0.44.7_@el
ectri_5c2928a099a752b
7e299aaadb8975aea/nod
e_modules/[4msrc[24
m/sqlite-core/query-b
uilders/select.ts:962
:15) {
      code: [32m'SQL
ITE_ERROR'[39m,
      rawCode: 
[33m1[39m
    }
  }
}
DrizzleQueryError: 
Failed query: select 
"id", "name", 
"description", 
"order", 
"cover_url", 
"cover_public_id", 
"cover_color", 
"cover_mode", 
"list_id", 
"start_date", 
"deadline", 
"due_at", 
"due_complete", 
"reminder_minutes", 
"recurrence", 
"recurrence_day", "re
currence_weekday", 
"latitude", 
"longitude", 
"completed", 
"is_template", 
"created_at", 
"updated_at" from 
"cards" where 
"cards"."list_id" = ?
params: 019bc10a-b1ca
-774c-83c5-d9a96b2f3c
36
    at LibSQLPrepared
Query.queryWithCache 
(file:///D:/UIT_COURS
ES/SE100/DailyDesk/no
de_modules/[4m.pnpm
[24m/drizzle-orm@0.44
.7_@electri_5c2928a09
9a752b7e299aaadb8975a
ea/node_modules/[4ms
rc[24m/sqlite-core/s
ession.ts:80:11)
[90m    at processTi
cksAndRejections (nod
e:internal/process/ta
sk_queues:105:5)[39m
    at LibSQLPrepared
Query.values (file://
/D:/UIT_COURSES/SE100
/DailyDesk/node_modul
es/[4m.pnpm[24m/dri
zzle-orm@0.44.7_@elec
tri_5c2928a099a752b7e
299aaadb8975aea/node_
modules/[4msrc[24m/
libsql/session.ts:286
:10)
    at LibSQLPrepared
Query.all (file:///D:
/UIT_COURSES/SE100/Da
ilyDesk/node_modules/
[4m.pnpm[24m/drizzl
e-orm@0.44.7_@electri
_5c2928a099a752b7e299
aaadb8975aea/node_mod
ules/[4msrc[24m/lib
sql/session.ts:214:16
)
    at 
Module.createCard [9
0m(D:\UIT_COURSES\SE1
00\DailyDesk\backend\
[39msrc\services\car
ds.service.ts:311:23
[90m)[39m
    at [90mD:\UIT_CO
URSES\SE100\DailyDesk
\backend\[39msrc\rou
tes\cards.ts:150:22
    at dispatch (file
:///D:/UIT_COURSES/SE
100/DailyDesk/node_mo
dules/[4m.pnpm[24m/
hono@4.11.3/node_modu
les/[4mhono[24m/dis
t/compose.js:22:17)
    at file:///D:/UIT
_COURSES/SE100/DailyD
esk/node_modules/[4m
.pnpm[24m/hono@4.11.
3/node_modules/[4mho
no[24m/dist/validato
r/validator.js:81:12
    at mw (file:///D:
/UIT_COURSES/SE100/Da
ilyDesk/node_modules/
[4m.pnpm[24m/@hono+
zod-openapi@1.2.0_hon
o@4.11.3_zod@4.3.5/no
de_modules/[4m@hono
[24m/zod-openapi/src/
index.ts:546:26)
    at dispatch (file
:///D:/UIT_COURSES/SE
100/DailyDesk/node_mo
dules/[4m.pnpm[24m/
hono@4.11.3/node_modu
les/[4mhono[24m/dis
t/compose.js:22:17) {
  query: 
[32m'select "id", 
"name", 
"description", 
"order", 
"cover_url", 
"cover_public_id", 
"cover_color", 
"cover_mode", 
"list_id", 
"start_date", 
"deadline", 
"due_at", 
"due_complete", 
"reminder_minutes", 
"recurrence", 
"recurrence_day", "re
currence_weekday", 
"latitude", 
"longitude", 
"completed", 
"is_template", 
"created_at", 
"updated_at" from 
"cards" where 
"cards"."list_id" = 
?'[39m,
  params: [ [32m'019
bc10a-b1ca-774c-83c5-
d9a96b2f3c36'[39m ],
  cause: 
LibsqlError: 
SQLITE_ERROR: no 
such column: 
is_template
      at 
mapSqliteError (file:
///D:/UIT_COURSES/SE1
00/DailyDesk/node_mod
ules/[4m.pnpm[24m/@
libsql+client@0.15.15
/node_modules/[4m@li
bsql[24m/client/lib-
esm/sqlite3.js:392:16
)
      at executeStmt 
(file:///D:/UIT_COURS
ES/SE100/DailyDesk/no
de_modules/[4m.pnpm
[24m/@libsql+client@0
.15.15/node_modules/
[4m@libsql[24m/clien
t/lib-esm/sqlite3.js:
297:15)
      at Sqlite3Clien
t.execute (file:///D:
/UIT_COURSES/SE100/Da
ilyDesk/node_modules/
[4m.pnpm[24m/@libsq
l+client@0.15.15/node
_modules/[4m@libsql
[24m/client/lib-esm/s
qlite3.js:81:16)
  [90m    ... 5 
lines matching cause 
stack trace ...[39m
      at SQLiteSelect
Base.execute (file://
/D:/UIT_COURSES/SE100
/DailyDesk/node_modul
es/[4m.pnpm[24m/dri
zzle-orm@0.44.7_@elec
tri_5c2928a099a752b7e
299aaadb8975aea/node_
modules/[4msrc[24m/
sqlite-core/query-bui
lders/select.ts:962:1
5)
      at SQLiteSelect
Base.then (file:///D:
/UIT_COURSES/SE100/Da
ilyDesk/node_modules/
[4m.pnpm[24m/drizzl
e-orm@0.44.7_@electri
_5c2928a099a752b7e299
aaadb8975aea/node_mod
ules/[4msrc[24m/que
ry-promise.ts:31:15) 
{
    code: [32m'SQLIT
E_ERROR'[39m,
    rawCode: 
[33m1[39m,
    [cause]: 
SqliteError: no such 
column: is_template
        at 
convertError (D:\UIT_
COURSES\SE100\DailyDe
sk\node_modules\[4m.
pnpm[24m\libsql@0.5.
22\node_modules\[4ml
ibsql[24m\index.js:5
9:12)
        at 
Database.prepare (D:\
UIT_COURSES\SE100\Dai
lyDesk\node_modules\
[4m.pnpm[24m\libsql@
0.5.22\node_modules\
[4mlibsql[24m\index.
js:131:13)
        at 
executeStmt (file:///
D:/UIT_COURSES/SE100/
DailyDesk/node_module
s/[4m.pnpm[24m/@lib
sql+client@0.15.15/no
de_modules/[4m@libsq
l[24m/client/lib-esm
/sqlite3.js:268:28)
        at Sqlite3Cli
ent.execute (file:///
D:/UIT_COURSES/SE100/
DailyDesk/node_module
s/[4m.pnpm[24m/@lib
sql+client@0.15.15/no
de_modules/[4m@libsq
l[24m/client/lib-esm
/sqlite3.js:81:16)
        at file:///D:
/UIT_COURSES/SE100/Da
ilyDesk/node_modules/
[4m.pnpm[24m/drizzl
e-orm@0.44.7_@electri
_5c2928a099a752b7e299
aaadb8975aea/node_mod
ules/[4msrc[24m/lib
sql/session.ts:288:58
        at LibSQLPrep
aredQuery.queryWithCa
che (file:///D:/UIT_C
OURSES/SE100/DailyDes
k/node_modules/[4m.p
npm[24m/drizzle-orm@
0.44.7_@electri_5c292
8a099a752b7e299aaadb8
975aea/node_modules/
[4msrc[24m/sqlite-co
re/session.ts:78:18)
        at LibSQLPrep
aredQuery.values (fil
e:///D:/UIT_COURSES/S
E100/DailyDesk/node_m
odules/[4m.pnpm[24m
/drizzle-orm@0.44.7_@
electri_5c2928a099a75
2b7e299aaadb8975aea/n
ode_modules/[4msrc[
24m/libsql/session.ts
:286:21)
        at LibSQLPrep
aredQuery.all (file:/
//D:/UIT_COURSES/SE10
0/DailyDesk/node_modu
les/[4m.pnpm[24m/dr
izzle-orm@0.44.7_@ele
ctri_5c2928a099a752b7
e299aaadb8975aea/node
_modules/[4msrc[24m
/libsql/session.ts:21
4:27)
        at 
SQLiteSelectBase.all 
(file:///D:/UIT_COURS
ES/SE100/DailyDesk/no
de_modules/[4m.pnpm
[24m/drizzle-orm@0.44
.7_@electri_5c2928a09
9a752b7e299aaadb8975a
ea/node_modules/[4ms
rc[24m/sqlite-core/q
uery-builders/select.
ts:950:26)
        at SQLiteSele
ctBase.execute (file:
///D:/UIT_COURSES/SE1
00/DailyDesk/node_mod
ules/[4m.pnpm[24m/d
rizzle-orm@0.44.7_@el
ectri_5c2928a099a752b
7e299aaadb8975aea/nod
e_modules/[4msrc[24
m/sqlite-core/query-b
uilders/select.ts:962
:15) {
      code: [32m'SQL
ITE_ERROR'[39m,
      rawCode: 
[33m1[39m
    }
  }
}
DrizzleQueryError: 
Failed query: select 
"id", "name", 
"description", 
"order", 
"cover_url", 
"cover_public_id", 
"cover_color", 
"cover_mode", 
"list_id", 
"start_date", 
"deadline", 
"due_at", 
"due_complete", 
"reminder_minutes", 
"recurrence", 
"recurrence_day", "re
currence_weekday", 
"latitude", 
"longitude", 
"completed", 
"is_template", 
"created_at", 
"updated_at" from 
"cards" where 
"cards"."id" = ? 
limit ?
params: 019bc10a-b1ce
-70c3-85de-03f36b4a70
c0,1
    at LibSQLPrepared
Query.queryWithCache 
(file:///D:/UIT_COURS
ES/SE100/DailyDesk/no
de_modules/[4m.pnpm
[24m/drizzle-orm@0.44
.7_@electri_5c2928a09
9a752b7e299aaadb8975a
ea/node_modules/[4ms
rc[24m/sqlite-core/s
ession.ts:80:11)
[90m    at processTi
cksAndRejections (nod
e:internal/process/ta
sk_queues:105:5)[39m
    at LibSQLPrepared
Query.values (file://
/D:/UIT_COURSES/SE100
/DailyDesk/node_modul
es/[4m.pnpm[24m/dri
zzle-orm@0.44.7_@elec
tri_5c2928a099a752b7e
299aaadb8975aea/node_
modules/[4msrc[24m/
libsql/session.ts:286
:10)
    at LibSQLPrepared
Query.all (file:///D:
/UIT_COURSES/SE100/Da
ilyDesk/node_modules/
[4m.pnpm[24m/drizzl
e-orm@0.44.7_@electri
_5c2928a099a752b7e299
aaadb8975aea/node_mod
ules/[4msrc[24m/lib
sql/session.ts:214:16
)
    at 
Module.deleteCard [9
0m(D:\UIT_COURSES\SE1
00\DailyDesk\backend\
[39msrc\services\car
ds.service.ts:893:24
[90m)[39m
    at [90mD:\UIT_CO
URSES\SE100\DailyDesk
\backend\[39msrc\rou
tes\cards.ts:298:24
    at dispatch (file
:///D:/UIT_COURSES/SE
100/DailyDesk/node_mo
dules/[4m.pnpm[24m/
hono@4.11.3/node_modu
les/[4mhono[24m/dis
t/compose.js:22:17)
    at file:///D:/UIT
_COURSES/SE100/DailyD
esk/node_modules/[4m
.pnpm[24m/hono@4.11.
3/node_modules/[4mho
no[24m/dist/validato
r/validator.js:81:12
    at dispatch (file
:///D:/UIT_COURSES/SE
100/DailyDesk/node_mo
dules/[4m.pnpm[24m/
hono@4.11.3/node_modu
les/[4mhono[24m/dis
t/compose.js:22:17)
    at [90mD:\UIT_CO
URSES\SE100\DailyDesk
\backend\[39mtests\h
elpers\auth.ts:27:5 {
  query: 
[32m'select "id", 
"name", 
"description", 
"order", 
"cover_url", 
"cover_public_id", 
"cover_color", 
"cover_mode", 
"list_id", 
"start_date", 
"deadline", 
"due_at", 
"due_complete", 
"reminder_minutes", 
"recurrence", 
"recurrence_day", "re
currence_weekday", 
"latitude", 
"longitude", 
"completed", 
"is_template", 
"created_at", 
"updated_at" from 
"cards" where 
"cards"."id" = ? 
limit ?'[39m,
  params: [ [32m'019
bc10a-b1ce-70c3-85de-
03f36b4a70c0'[39m, 
[33m1[39m ],
  cause: 
LibsqlError: 
SQLITE_ERROR: no 
such column: 
is_template
      at 
mapSqliteError (file:
///D:/UIT_COURSES/SE1
00/DailyDesk/node_mod
ules/[4m.pnpm[24m/@
libsql+client@0.15.15
/node_modules/[4m@li
bsql[24m/client/lib-
esm/sqlite3.js:392:16
)
      at executeStmt 
(file:///D:/UIT_COURS
ES/SE100/DailyDesk/no
de_modules/[4m.pnpm
[24m/@libsql+client@0
.15.15/node_modules/
[4m@libsql[24m/clien
t/lib-esm/sqlite3.js:
297:15)
      at Sqlite3Clien
t.execute (file:///D:
/UIT_COURSES/SE100/Da
ilyDesk/node_modules/
[4m.pnpm[24m/@libsq
l+client@0.15.15/node
_modules/[4m@libsql
[24m/client/lib-esm/s
qlite3.js:81:16)
  [90m    ... 5 
lines matching cause 
stack trace ...[39m
      at SQLiteSelect
Base.execute (file://
/D:/UIT_COURSES/SE100
/DailyDesk/node_modul
es/[4m.pnpm[24m/dri
zzle-orm@0.44.7_@elec
tri_5c2928a099a752b7e
299aaadb8975aea/node_
modules/[4msrc[24m/
sqlite-core/query-bui
lders/select.ts:962:1
5)
      at SQLiteSelect
Base.then (file:///D:
/UIT_COURSES/SE100/Da
ilyDesk/node_modules/
[4m.pnpm[24m/drizzl
e-orm@0.44.7_@electri
_5c2928a099a752b7e299
aaadb8975aea/node_mod
ules/[4msrc[24m/que
ry-promise.ts:31:15) 
{
    code: [32m'SQLIT
E_ERROR'[39m,
    rawCode: 
[33m1[39m,
    [cause]: 
SqliteError: no such 
column: is_template
        at 
convertError (D:\UIT_
COURSES\SE100\DailyDe
sk\node_modules\[4m.
pnpm[24m\libsql@0.5.
22\node_modules\[4ml
ibsql[24m\index.js:5
9:12)
        at 
Database.prepare (D:\
UIT_COURSES\SE100\Dai
lyDesk\node_modules\
[4m.pnpm[24m\libsql@
0.5.22\node_modules\
[4mlibsql[24m\index.
js:131:13)
        at 
executeStmt (file:///
D:/UIT_COURSES/SE100/
DailyDesk/node_module
s/[4m.pnpm[24m/@lib
sql+client@0.15.15/no
de_modules/[4m@libsq
l[24m/client/lib-esm
/sqlite3.js:268:28)
        at Sqlite3Cli
ent.execute (file:///
D:/UIT_COURSES/SE100/
DailyDesk/node_module
s/[4m.pnpm[24m/@lib
sql+client@0.15.15/no
de_modules/[4m@libsq
l[24m/client/lib-esm
/sqlite3.js:81:16)
        at file:///D:
/UIT_COURSES/SE100/Da
ilyDesk/node_modules/
[4m.pnpm[24m/drizzl
e-orm@0.44.7_@electri
_5c2928a099a752b7e299
aaadb8975aea/node_mod
ules/[4msrc[24m/lib
sql/session.ts:288:58
        at LibSQLPrep
aredQuery.queryWithCa
che (file:///D:/UIT_C
OURSES/SE100/DailyDes
k/node_modules/[4m.p
npm[24m/drizzle-orm@
0.44.7_@electri_5c292
8a099a752b7e299aaadb8
975aea/node_modules/
[4msrc[24m/sqlite-co
re/session.ts:78:18)
        at LibSQLPrep
aredQuery.values (fil
e:///D:/UIT_COURSES/S
E100/DailyDesk/node_m
odules/[4m.pnpm[24m
/drizzle-orm@0.44.7_@
electri_5c2928a099a75
2b7e299aaadb8975aea/n
ode_modules/[4msrc[
24m/libsql/session.ts
:286:21)
        at LibSQLPrep
aredQuery.all (file:/
//D:/UIT_COURSES/SE10
0/DailyDesk/node_modu
les/[4m.pnpm[24m/dr
izzle-orm@0.44.7_@ele
ctri_5c2928a099a752b7
e299aaadb8975aea/node
_modules/[4msrc[24m
/libsql/session.ts:21
4:27)
        at 
SQLiteSelectBase.all 
(file:///D:/UIT_COURS
ES/SE100/DailyDesk/no
de_modules/[4m.pnpm
[24m/drizzle-orm@0.44
.7_@electri_5c2928a09
9a752b7e299aaadb8975a
ea/node_modules/[4ms
rc[24m/sqlite-core/q
uery-builders/select.
ts:950:26)
        at SQLiteSele
ctBase.execute (file:
///D:/UIT_COURSES/SE1
00/DailyDesk/node_mod
ules/[4m.pnpm[24m/d
rizzle-orm@0.44.7_@el
ectri_5c2928a099a752b
7e299aaadb8975aea/nod
e_modules/[4msrc[24
m/sqlite-core/query-b
uilders/select.ts:962
:15) {
      code: [32m'SQL
ITE_ERROR'[39m,
      rawCode: 
[33m1[39m
    }
  }
}
DrizzleQueryError: 
Failed query: select 
"id", "name", 
"description", 
"order", 
"cover_url", 
"cover_public_id", 
"cover_color", 
"cover_mode", 
"list_id", 
"start_date", 
"deadline", 
"due_at", 
"due_complete", 
"reminder_minutes", 
"recurrence", 
"recurrence_day", "re
currence_weekday", 
"latitude", 
"longitude", 
"completed", 
"is_template", 
"created_at", 
"updated_at" from 
"cards" where 
"cards"."id" = ? 
limit ?
params: 019bc10a-b1ce
-70c3-85de-03f5288bb2
a3,1
    at LibSQLPrepared
Query.queryWithCache 
(file:///D:/UIT_COURS
ES/SE100/DailyDesk/no
de_modules/[4m.pnpm
[24m/drizzle-orm@0.44
.7_@electri_5c2928a09
9a752b7e299aaadb8975a
ea/node_modules/[4ms
rc[24m/sqlite-core/s
ession.ts:80:11)
[90m    at processTi
cksAndRejections (nod
e:internal/process/ta
sk_queues:105:5)[39m
    at LibSQLPrepared
Query.values (file://
/D:/UIT_COURSES/SE100
/DailyDesk/node_modul
es/[4m.pnpm[24m/dri
zzle-orm@0.44.7_@elec
tri_5c2928a099a752b7e
299aaadb8975aea/node_
modules/[4msrc[24m/
libsql/session.ts:286
:10)
    at LibSQLPrepared
Query.all (file:///D:
/UIT_COURSES/SE100/Da
ilyDesk/node_modules/
[4m.pnpm[24m/drizzl
e-orm@0.44.7_@electri
_5c2928a099a752b7e299
aaadb8975aea/node_mod
ules/[4msrc[24m/lib
sql/session.ts:214:16
)
    at 
Module.deleteCard [9
0m(D:\UIT_COURSES\SE1
00\DailyDesk\backend\
[39msrc\services\car
ds.service.ts:893:24
[90m)[39m
    at [90mD:\UIT_CO
URSES\SE100\DailyDesk
\backend\[39msrc\rou
tes\cards.ts:298:24
    at dispatch (file
:///D:/UIT_COURSES/SE
100/DailyDesk/node_mo
dules/[4m.pnpm[24m/
hono@4.11.3/node_modu
les/[4mhono[24m/dis
t/compose.js:22:17)
    at file:///D:/UIT
_COURSES/SE100/DailyD
esk/node_modules/[4m
.pnpm[24m/hono@4.11.
3/node_modules/[4mho
no[24m/dist/validato
r/validator.js:81:12
    at dispatch (file
:///D:/UIT_COURSES/SE
100/DailyDesk/node_mo
dules/[4m.pnpm[24m/
hono@4.11.3/node_modu
les/[4mhono[24m/dis
t/compose.js:22:17)
    at [90mD:\UIT_CO
URSES\SE100\DailyDesk
\backend\[39mtests\h
elpers\auth.ts:27:5 {
  query: 
[32m'select "id", 
"name", 
"description", 
"order", 
"cover_url", 
"cover_public_id", 
"cover_color", 
"cover_mode", 
"list_id", 
"start_date", 
"deadline", 
"due_at", 
"due_complete", 
"reminder_minutes", 
"recurrence", 
"recurrence_day", "re
currence_weekday", 
"latitude", 
"longitude", 
"completed", 
"is_template", 
"created_at", 
"updated_at" from 
"cards" where 
"cards"."id" = ? 
limit ?'[39m,
  params: [ [32m'019
bc10a-b1ce-70c3-85de-
03f5288bb2a3'[39m, 
[33m1[39m ],
  cause: 
LibsqlError: 
SQLITE_ERROR: no 
such column: 
is_template
      at 
mapSqliteError (file:
///D:/UIT_COURSES/SE1
00/DailyDesk/node_mod
ules/[4m.pnpm[24m/@
libsql+client@0.15.15
/node_modules/[4m@li
bsql[24m/client/lib-
esm/sqlite3.js:392:16
)
      at executeStmt 
(file:///D:/UIT_COURS
ES/SE100/DailyDesk/no
de_modules/[4m.pnpm
[24m/@libsql+client@0
.15.15/node_modules/
[4m@libsql[24m/clien
t/lib-esm/sqlite3.js:
297:15)
      at Sqlite3Clien
t.execute (file:///D:
/UIT_COURSES/SE100/Da
ilyDesk/node_modules/
[4m.pnpm[24m/@libsq
l+client@0.15.15/node
_modules/[4m@libsql
[24m/client/lib-esm/s
qlite3.js:81:16)
  [90m    ... 5 
lines matching cause 
stack trace ...[39m
      at SQLiteSelect
Base.execute (file://
/D:/UIT_COURSES/SE100
/DailyDesk/node_modul
es/[4m.pnpm[24m/dri
zzle-orm@0.44.7_@elec
tri_5c2928a099a752b7e
299aaadb8975aea/node_
modules/[4msrc[24m/
sqlite-core/query-bui
lders/select.ts:962:1
5)
      at SQLiteSelect
Base.then (file:///D:
/UIT_COURSES/SE100/Da
ilyDesk/node_modules/
[4m.pnpm[24m/drizzl
e-orm@0.44.7_@electri
_5c2928a099a752b7e299
aaadb8975aea/node_mod
ules/[4msrc[24m/que
ry-promise.ts:31:15) 
{
    code: [32m'SQLIT
E_ERROR'[39m,
    rawCode: 
[33m1[39m,
    [cause]: 
SqliteError: no such 
column: is_template
        at 
convertError (D:\UIT_
COURSES\SE100\DailyDe
sk\node_modules\[4m.
pnpm[24m\libsql@0.5.
22\node_modules\[4ml
ibsql[24m\index.js:5
9:12)
        at 
Database.prepare (D:\
UIT_COURSES\SE100\Dai
lyDesk\node_modules\
[4m.pnpm[24m\libsql@
0.5.22\node_modules\
[4mlibsql[24m\index.
js:131:13)
        at 
executeStmt (file:///
D:/UIT_COURSES/SE100/
DailyDesk/node_module
s/[4m.pnpm[24m/@lib
sql+client@0.15.15/no
de_modules/[4m@libsq
l[24m/client/lib-esm
/sqlite3.js:268:28)
        at Sqlite3Cli
ent.execute (file:///
D:/UIT_COURSES/SE100/
DailyDesk/node_module
s/[4m.pnpm[24m/@lib
sql+client@0.15.15/no
de_modules/[4m@libsq
l[24m/client/lib-esm
/sqlite3.js:81:16)
        at file:///D:
/UIT_COURSES/SE100/Da
ilyDesk/node_modules/
[4m.pnpm[24m/drizzl
e-orm@0.44.7_@electri
_5c2928a099a752b7e299
aaadb8975aea/node_mod
ules/[4msrc[24m/lib
sql/session.ts:288:58
        at LibSQLPrep
aredQuery.queryWithCa
che (file:///D:/UIT_C
OURSES/SE100/DailyDes
k/node_modules/[4m.p
npm[24m/drizzle-orm@
0.44.7_@electri_5c292
8a099a752b7e299aaadb8
975aea/node_modules/
[4msrc[24m/sqlite-co
re/session.ts:78:18)
        at LibSQLPrep
aredQuery.values (fil
e:///D:/UIT_COURSES/S
E100/DailyDesk/node_m
odules/[4m.pnpm[24m
/drizzle-orm@0.44.7_@
electri_5c2928a099a75
2b7e299aaadb8975aea/n
ode_modules/[4msrc[
24m/libsql/session.ts
:286:21)
        at LibSQLPrep
aredQuery.all (file:/
//D:/UIT_COURSES/SE10
0/DailyDesk/node_modu
les/[4m.pnpm[24m/dr
izzle-orm@0.44.7_@ele
ctri_5c2928a099a752b7
e299aaadb8975aea/node
_modules/[4msrc[24m
/libsql/session.ts:21
4:27)
        at 
SQLiteSelectBase.all 
(file:///D:/UIT_COURS
ES/SE100/DailyDesk/no
de_modules/[4m.pnpm
[24m/drizzle-orm@0.44
.7_@electri_5c2928a09
9a752b7e299aaadb8975a
ea/node_modules/[4ms
rc[24m/sqlite-core/q
uery-builders/select.
ts:950:26)
        at SQLiteSele
ctBase.execute (file:
///D:/UIT_COURSES/SE1
00/DailyDesk/node_mod
ules/[4m.pnpm[24m/d
rizzle-orm@0.44.7_@el
ectri_5c2928a099a752b
7e299aaadb8975aea/nod
e_modules/[4msrc[24
m/sqlite-core/query-b
uilders/select.ts:962
:15) {
      code: [32m'SQL
ITE_ERROR'[39m,
      rawCode: 
[33m1[39m
    }
  }
}
Error in boards GET 
by ID route: 
DrizzleQueryError: 
Failed query: select 
"id", "name", 
"user_id", 
"background_url", "ba
ckground_public_id", 
"background_color", 
(select coalesce(json
_group_array(json_arr
ay("id", "name", 
"order", "board_id", 
(select coalesce(json
_group_array(json_arr
ay("id", "name", 
"description", 
"order", 
"cover_url", 
"cover_public_id", 
"cover_color", 
"cover_mode", 
"list_id", 
"start_date", 
"deadline", 
"due_at", 
"due_complete", 
"reminder_minutes", 
"recurrence", 
"recurrence_day", "re
currence_weekday", 
"latitude", 
"longitude", 
"completed", 
"is_template", 
"created_at", 
"updated_at")), 
json_array()) as 
"data" from (select 
* from "cards" "board
sTable_lists_cards" 
where "boardsTable_li
sts_cards"."list_id" 
= "boardsTable_lists"
."id" order by "board
sTable_lists_cards"."
order" asc) "boardsTa
ble_lists_cards"))), 
json_array()) as 
"data" from (select 
* from "lists" 
"boardsTable_lists" 
where "boardsTable_li
sts"."board_id" = 
"boardsTable"."id" 
order by "boardsTable
_lists"."order" asc) 
"boardsTable_lists") 
as "lists" from 
"boards" 
"boardsTable" where 
"boardsTable"."id" = 
? limit ?
params: 019bc10a-b1c8
-75de-82c9-a5d65b1115
8a,1
    at LibSQLPrepared
Query.queryWithCache 
(file:///D:/UIT_COURS
ES/SE100/DailyDesk/no
de_modules/[4m.pnpm
[24m/drizzle-orm@0.44
.7_@electri_5c2928a09
9a752b7e299aaadb8975a
ea/node_modules/[4ms
rc[24m/sqlite-core/s
ession.ts:80:11)
[90m    at processTi
cksAndRejections (nod
e:internal/process/ta
sk_queues:105:5)[39m
    at LibSQLPrepared
Query.values (file://
/D:/UIT_COURSES/SE100
/DailyDesk/node_modul
es/[4m.pnpm[24m/dri
zzle-orm@0.44.7_@elec
tri_5c2928a099a752b7e
299aaadb8975aea/node_
modules/[4msrc[24m/
libsql/session.ts:286
:10)
    at LibSQLPrepared
Query.get (file:///D:
/UIT_COURSES/SE100/Da
ilyDesk/node_modules/
[4m.pnpm[24m/drizzl
e-orm@0.44.7_@electri
_5c2928a099a752b7e299
aaadb8975aea/node_mod
ules/[4msrc[24m/lib
sql/session.ts:252:16
)
    at 
Module.getBoardById 
[90m(D:\UIT_COURSES\S
E100\DailyDesk\backen
d\[39msrc\services\b
oards.service.ts:214:
17[90m)[39m
    at [90mD:\UIT_CO
URSES\SE100\DailyDesk
\backend\[39msrc\rou
tes\boards.ts:137:23
    at dispatch (file
:///D:/UIT_COURSES/SE
100/DailyDesk/node_mo
dules/[4m.pnpm[24m/
hono@4.11.3/node_modu
les/[4mhono[24m/dis
t/compose.js:22:17)
    at file:///D:/UIT
_COURSES/SE100/DailyD
esk/node_modules/[4m
.pnpm[24m/hono@4.11.
3/node_modules/[4mho
no[24m/dist/validato
r/validator.js:81:12
    at dispatch (file
:///D:/UIT_COURSES/SE
100/DailyDesk/node_mo
dules/[4m.pnpm[24m/
hono@4.11.3/node_modu
les/[4mhono[24m/dis
t/compose.js:22:17)
    at [90mD:\UIT_CO
URSES\SE100\DailyDesk
\backend\[39mtests\h
elpers\auth.ts:27:5 {
  query: 
[32m'select "id", 
"name", "user_id", 
"background_url", "ba
ckground_public_id", 
"background_color", 
(select coalesce(json
_group_array(json_arr
ay("id", "name", 
"order", "board_id", 
(select coalesce(json
_group_array(json_arr
ay("id", "name", 
"description", 
"order", 
"cover_url", 
"cover_public_id", 
"cover_color", 
"cover_mode", 
"list_id", 
"start_date", 
"deadline", 
"due_at", 
"due_complete", 
"reminder_minutes", 
"recurrence", 
"recurrence_day", "re
currence_weekday", 
"latitude", 
"longitude", 
"completed", 
"is_template", 
"created_at", 
"updated_at")), 
json_array()) as 
"data" from (select 
* from "cards" "board
sTable_lists_cards" 
where "boardsTable_li
sts_cards"."list_id" 
= "boardsTable_lists"
."id" order by "board
sTable_lists_cards"."
order" asc) "boardsTa
ble_lists_cards"))), 
json_array()) as 
"data" from (select 
* from "lists" 
"boardsTable_lists" 
where "boardsTable_li
sts"."board_id" = 
"boardsTable"."id" 
order by "boardsTable
_lists"."order" asc) 
"boardsTable_lists") 
as "lists" from 
"boards" 
"boardsTable" where 
"boardsTable"."id" = 
? limit ?'[39m,
  params: [ [32m'019
bc10a-b1c8-75de-82c9-
a5d65b11158a'[39m, 
[33m1[39m ],
  cause: 
LibsqlError: 
SQLITE_ERROR: no 
such column: 
is_template
      at 
mapSqliteError (file:
///D:/UIT_COURSES/SE1
00/DailyDesk/node_mod
ules/[4m.pnpm[24m/@
libsql+client@0.15.15
/node_modules/[4m@li
bsql[24m/client/lib-
esm/sqlite3.js:392:16
)
      at executeStmt 
(file:///D:/UIT_COURS
ES/SE100/DailyDesk/no
de_modules/[4m.pnpm
[24m/@libsql+client@0
.15.15/node_modules/
[4m@libsql[24m/clien
t/lib-esm/sqlite3.js:
297:15)
      at Sqlite3Clien
t.execute (file:///D:
/UIT_COURSES/SE100/Da
ilyDesk/node_modules/
[4m.pnpm[24m/@libsq
l+client@0.15.15/node
_modules/[4m@libsql
[24m/client/lib-esm/s
qlite3.js:81:16)
  [90m    ... 5 
lines matching cause 
stack trace ...[39m
      at 
QueryPromise.execute 
(file:///D:/UIT_COURS
ES/SE100/DailyDesk/no
de_modules/[4m.pnpm
[24m/drizzle-orm@0.44
.7_@electri_5c2928a09
9a752b7e299aaadb8975a
ea/node_modules/[4ms
rc[24m/sqlite-core/q
uery-builders/query.t
s:197:15)
      at 
QueryPromise.then (fi
le:///D:/UIT_COURSES/
SE100/DailyDesk/node_
modules/[4m.pnpm[24
m/drizzle-orm@0.44.7_
@electri_5c2928a099a7
52b7e299aaadb8975aea/
node_modules/[4msrc
[24m/query-promise.ts
:31:15) {
    code: [32m'SQLIT
E_ERROR'[39m,
    rawCode: 
[33m1[39m,
    [cause]: 
SqliteError: no such 
column: is_template
        at 
convertError (D:\UIT_
COURSES\SE100\DailyDe
sk\node_modules\[4m.
pnpm[24m\libsql@0.5.
22\node_modules\[4ml
ibsql[24m\index.js:5
9:12)
        at 
Database.prepare (D:\
UIT_COURSES\SE100\Dai
lyDesk\node_modules\
[4m.pnpm[24m\libsql@
0.5.22\node_modules\
[4mlibsql[24m\index.
js:131:13)
        at 
executeStmt (file:///
D:/UIT_COURSES/SE100/
DailyDesk/node_module
s/[4m.pnpm[24m/@lib
sql+client@0.15.15/no
de_modules/[4m@libsq
l[24m/client/lib-esm
/sqlite3.js:268:28)
        at Sqlite3Cli
ent.execute (file:///
D:/UIT_COURSES/SE100/
DailyDesk/node_module
s/[4m.pnpm[24m/@lib
sql+client@0.15.15/no
de_modules/[4m@libsq
l[24m/client/lib-esm
/sqlite3.js:81:16)
        at file:///D:
/UIT_COURSES/SE100/Da
ilyDesk/node_modules/
[4m.pnpm[24m/drizzl
e-orm@0.44.7_@electri
_5c2928a099a752b7e299
aaadb8975aea/node_mod
ules/[4msrc[24m/lib
sql/session.ts:288:58
        at LibSQLPrep
aredQuery.queryWithCa
che (file:///D:/UIT_C
OURSES/SE100/DailyDes
k/node_modules/[4m.p
npm[24m/drizzle-orm@
0.44.7_@electri_5c292
8a099a752b7e299aaadb8
975aea/node_modules/
[4msrc[24m/sqlite-co
re/session.ts:78:18)
        at LibSQLPrep
aredQuery.values (fil
e:///D:/UIT_COURSES/S
E100/DailyDesk/node_m
odules/[4m.pnpm[24m
/drizzle-orm@0.44.7_@
electri_5c2928a099a75
2b7e299aaadb8975aea/n
ode_modules/[4msrc[
24m/libsql/session.ts
:286:21)
        at LibSQLPrep
aredQuery.get (file:/
//D:/UIT_COURSES/SE10
0/DailyDesk/node_modu
les/[4m.pnpm[24m/dr
izzle-orm@0.44.7_@ele
ctri_5c2928a099a752b7
e299aaadb8975aea/node
_modules/[4msrc[24m
/libsql/session.ts:25
2:27)
        at QueryPromi
se.executeRaw (file:/
//D:/UIT_COURSES/SE10
0/DailyDesk/node_modu
les/[4m.pnpm[24m/dr
izzle-orm@0.44.7_@ele
ctri_5c2928a099a752b7
e299aaadb8975aea/node
_modules/[4msrc[24m
/sqlite-core/query-bu
ilders/query.ts:191:3
2)
        at 
QueryPromise.execute 
(file:///D:/UIT_COURS
ES/SE100/DailyDesk/no
de_modules/[4m.pnpm
[24m/drizzle-orm@0.44
.7_@electri_5c2928a09
9a752b7e299aaadb8975a
ea/node_modules/[4ms
rc[24m/sqlite-core/q
uery-builders/query.t
s:197:15) {
      code: [32m'SQL
ITE_ERROR'[39m,
      rawCode: 
[33m1[39m
    }
  }
}

[90mstderr[2m | tes
ts/cards/cards.test.t
s[2m > 
[22m[2mCards API 
Integration 
Tests[2m > 
[22m[2mDELETE /boar
ds/:boardId/cards/:id
[2m > 
[22m[2mshould 
handle deletion 
correctly when cards 
are in different 
lists
[22m[39mDrizzleQuer
yError: Failed 
query: select "id", 
"name", 
"description", 
"order", 
"cover_url", 
"cover_public_id", 
"cover_color", 
"cover_mode", 
"list_id", 
"start_date", 
"deadline", 
"due_at", 
"due_complete", 
"reminder_minutes", 
"recurrence", 
"recurrence_day", "re
currence_weekday", 
"latitude", 
"longitude", 
"completed", 
"is_template", 
"created_at", 
"updated_at" from 
"cards" where 
"cards"."list_id" = ?
params: 019bc10a-b1e6
-726e-ade1-47e16c5240
03
    at LibSQLPrepared
Query.queryWithCache 
(file:///D:/UIT_COURS
ES/SE100/DailyDesk/no
de_modules/[4m.pnpm
[24m/drizzle-orm@0.44
.7_@electri_5c2928a09
9a752b7e299aaadb8975a
ea/node_modules/[4ms
rc[24m/sqlite-core/s
ession.ts:80:11)
[90m    at processTi
cksAndRejections (nod
e:internal/process/ta
sk_queues:105:5)[39m
    at LibSQLPrepared
Query.values (file://
/D:/UIT_COURSES/SE100
/DailyDesk/node_modul
es/[4m.pnpm[24m/dri
zzle-orm@0.44.7_@elec
tri_5c2928a099a752b7e
299aaadb8975aea/node_
modules/[4msrc[24m/
libsql/session.ts:286
:10)
    at LibSQLPrepared
Query.all (file:///D:
/UIT_COURSES/SE100/Da
ilyDesk/node_modules/
[4m.pnpm[24m/drizzl
e-orm@0.44.7_@electri
_5c2928a099a752b7e299
aaadb8975aea/node_mod
ules/[4msrc[24m/lib
sql/session.ts:214:16
)
    at 
Module.createCard [9
0m(D:\UIT_COURSES\SE1
00\DailyDesk\backend\
[39msrc\services\car
ds.service.ts:311:23
[90m)[39m
    at [90mD:\UIT_CO
URSES\SE100\DailyDesk
\backend\[39msrc\rou
tes\cards.ts:150:22
    at dispatch (file
:///D:/UIT_COURSES/SE
100/DailyDesk/node_mo
dules/[4m.pnpm[24m/
hono@4.11.3/node_modu
les/[4mhono[24m/dis
t/compose.js:22:17)
    at file:///D:/UIT
_COURSES/SE100/DailyD
esk/node_modules/[4m
.pnpm[24m/hono@4.11.
3/node_modules/[4mho
no[24m/dist/validato
r/validator.js:81:12
    at mw (file:///D:
/UIT_COURSES/SE100/Da
ilyDesk/node_modules/
[4m.pnpm[24m/@hono+
zod-openapi@1.2.0_hon
o@4.11.3_zod@4.3.5/no
de_modules/[4m@hono
[24m/zod-openapi/src/
index.ts:546:26)
    at dispatch (file
:///D:/UIT_COURSES/SE
100/DailyDesk/node_mo
dules/[4m.pnpm[24m/
hono@4.11.3/node_modu
les/[4mhono[24m/dis
t/compose.js:22:17) {
  query: 
[32m'select "id", 
"name", 
"description", 
"order", 
"cover_url", 
"cover_public_id", 
"cover_color", 
"cover_mode", 
"list_id", 
"start_date", 
"deadline", 
"due_at", 
"due_complete", 
"reminder_minutes", 
"recurrence", 
"recurrence_day", "re
currence_weekday", 
"latitude", 
"longitude", 
"completed", 
"is_template", 
"created_at", 
"updated_at" from 
"cards" where 
"cards"."list_id" = 
?'[39m,
  params: [ [32m'019
bc10a-b1e6-726e-ade1-
47e16c524003'[39m ],
  cause: 
LibsqlError: 
SQLITE_ERROR: no 
such column: 
is_template
      at 
mapSqliteError (file:
///D:/UIT_COURSES/SE1
00/DailyDesk/node_mod
ules/[4m.pnpm[24m/@
libsql+client@0.15.15
/node_modules/[4m@li
bsql[24m/client/lib-
esm/sqlite3.js:392:16
)
      at executeStmt 
(file:///D:/UIT_COURS
ES/SE100/DailyDesk/no
de_modules/[4m.pnpm
[24m/@libsql+client@0
.15.15/node_modules/
[4m@libsql[24m/clien
t/lib-esm/sqlite3.js:
297:15)
      at Sqlite3Clien
t.execute (file:///D:
/UIT_COURSES/SE100/Da
ilyDesk/node_modules/
[4m.pnpm[24m/@libsq
l+client@0.15.15/node
_modules/[4m@libsql
[24m/client/lib-esm/s
qlite3.js:81:16)
  [90m    ... 5 
lines matching cause 
stack trace ...[39m
      at SQLiteSelect
Base.execute (file://
/D:/UIT_COURSES/SE100
/DailyDesk/node_modul
es/[4m.pnpm[24m/dri
zzle-orm@0.44.7_@elec
tri_5c2928a099a752b7e
299aaadb8975aea/node_
modules/[4msrc[24m/
sqlite-core/query-bui
lders/select.ts:962:1
5)
      at SQLiteSelect
Base.then (file:///D:
/UIT_COURSES/SE100/Da
ilyDesk/node_modules/
[4m.pnpm[24m/drizzl
e-orm@0.44.7_@electri
_5c2928a099a752b7e299
aaadb8975aea/node_mod
ules/[4msrc[24m/que
ry-promise.ts:31:15) 
{
    code: [32m'SQLIT
E_ERROR'[39m,
    rawCode: 
[33m1[39m,
    [cause]: 
SqliteError: no such 
column: is_template
        at 
convertError (D:\UIT_
COURSES\SE100\DailyDe
sk\node_modules\[4m.
pnpm[24m\libsql@0.5.
22\node_modules\[4ml
ibsql[24m\index.js:5
9:12)
        at 
Database.prepare (D:\
UIT_COURSES\SE100\Dai
lyDesk\node_modules\
[4m.pnpm[24m\libsql@
0.5.22\node_modules\
[4mlibsql[24m\index.
js:131:13)
        at 
executeStmt (file:///
D:/UIT_COURSES/SE100/
DailyDesk/node_module
s/[4m.pnpm[24m/@lib
sql+client@0.15.15/no
de_modules/[4m@libsq
l[24m/client/lib-esm
/sqlite3.js:268:28)
        at Sqlite3Cli
ent.execute (file:///
D:/UIT_COURSES/SE100/
DailyDesk/node_module
s/[4m.pnpm[24m/@lib
sql+client@0.15.15/no
de_modules/[4m@libsq
l[24m/client/lib-esm
/sqlite3.js:81:16)
        at file:///D:
/UIT_COURSES/SE100/Da
ilyDesk/node_modules/
[4m.pnpm[24m/drizzl
e-orm@0.44.7_@electri
_5c2928a099a752b7e299
aaadb8975aea/node_mod
ules/[4msrc[24m/lib
sql/session.ts:288:58
        at LibSQLPrep
aredQuery.queryWithCa
che (file:///D:/UIT_C
OURSES/SE100/DailyDes
k/node_modules/[4m.p
npm[24m/drizzle-orm@
0.44.7_@electri_5c292
8a099a752b7e299aaadb8
975aea/node_modules/
[4msrc[24m/sqlite-co
re/session.ts:78:18)
        at LibSQLPrep
aredQuery.values (fil
e:///D:/UIT_COURSES/S
E100/DailyDesk/node_m
odules/[4m.pnpm[24m
/drizzle-orm@0.44.7_@
electri_5c2928a099a75
2b7e299aaadb8975aea/n
ode_modules/[4msrc[
24m/libsql/session.ts
:286:21)
        at LibSQLPrep
aredQuery.all (file:/
//D:/UIT_COURSES/SE10
0/DailyDesk/node_modu
les/[4m.pnpm[24m/dr
izzle-orm@0.44.7_@ele
ctri_5c2928a099a752b7
e299aaadb8975aea/node
_modules/[4msrc[24m
/libsql/session.ts:21
4:27)
        at 
SQLiteSelectBase.all 
(file:///D:/UIT_COURS
ES/SE100/DailyDesk/no
de_modules/[4m.pnpm
[24m/drizzle-orm@0.44
.7_@electri_5c2928a09
9a752b7e299aaadb8975a
ea/node_modules/[4ms
rc[24m/sqlite-core/q
uery-builders/select.
ts:950:26)
        at SQLiteSele
ctBase.execute (file:
///D:/UIT_COURSES/SE1
00/DailyDesk/node_mod
ules/[4m.pnpm[24m/d
rizzle-orm@0.44.7_@el
ectri_5c2928a099a752b
7e299aaadb8975aea/nod
e_modules/[4msrc[24
m/sqlite-core/query-b
uilders/select.ts:962
:15) {
      code: [32m'SQL
ITE_ERROR'[39m,
      rawCode: 
[33m1[39m
    }
  }
}
DrizzleQueryError: 
Failed query: select 
"id", "name", 
"description", 
"order", 
"cover_url", 
"cover_public_id", 
"cover_color", 
"cover_mode", 
"list_id", 
"start_date", 
"deadline", 
"due_at", 
"due_complete", 
"reminder_minutes", 
"recurrence", 
"recurrence_day", "re
currence_weekday", 
"latitude", 
"longitude", 
"completed", 
"is_template", 
"created_at", 
"updated_at" from 
"cards" where 
"cards"."list_id" = ?
params: 019bc10a-b1e6
-726e-ade1-47e16c5240
03
    at LibSQLPrepared
Query.queryWithCache 
(file:///D:/UIT_COURS
ES/SE100/DailyDesk/no
de_modules/[4m.pnpm
[24m/drizzle-orm@0.44
.7_@electri_5c2928a09
9a752b7e299aaadb8975a
ea/node_modules/[4ms
rc[24m/sqlite-core/s
ession.ts:80:11)
[90m    at processTi
cksAndRejections (nod
e:internal/process/ta
sk_queues:105:5)[39m
    at LibSQLPrepared
Query.values (file://
/D:/UIT_COURSES/SE100
/DailyDesk/node_modul
es/[4m.pnpm[24m/dri
zzle-orm@0.44.7_@elec
tri_5c2928a099a752b7e
299aaadb8975aea/node_
modules/[4msrc[24m/
libsql/session.ts:286
:10)
    at LibSQLPrepared
Query.all (file:///D:
/UIT_COURSES/SE100/Da
ilyDesk/node_modules/
[4m.pnpm[24m/drizzl
e-orm@0.44.7_@electri
_5c2928a099a752b7e299
aaadb8975aea/node_mod
ules/[4msrc[24m/lib
sql/session.ts:214:16
)
    at 
Module.createCard [9
0m(D:\UIT_COURSES\SE1
00\DailyDesk\backend\
[39msrc\services\car
ds.service.ts:311:23
[90m)[39m
    at [90mD:\UIT_CO
URSES\SE100\DailyDesk
\backend\[39msrc\rou
tes\cards.ts:150:22
    at dispatch (file
:///D:/UIT_COURSES/SE
100/DailyDesk/node_mo
dules/[4m.pnpm[24m/
hono@4.11.3/node_modu
les/[4mhono[24m/dis
t/compose.js:22:17)
    at file:///D:/UIT
_COURSES/SE100/DailyD
esk/node_modules/[4m
.pnpm[24m/hono@4.11.
3/node_modules/[4mho
no[24m/dist/validato
r/validator.js:81:12
    at mw (file:///D:
/UIT_COURSES/SE100/Da
ilyDesk/node_modules/
[4m.pnpm[24m/@hono+
zod-openapi@1.2.0_hon
o@4.11.3_zod@4.3.5/no
de_modules/[4m@hono
[24m/zod-openapi/src/
index.ts:546:26)
    at dispatch (file
:///D:/UIT_COURSES/SE
100/DailyDesk/node_mo
dules/[4m.pnpm[24m/
hono@4.11.3/node_modu
les/[4mhono[24m/dis
t/compose.js:22:17) {
  query: 
[32m'select "id", 
"name", 
"description", 
"order", 
"cover_url", 
"cover_public_id", 
"cover_color", 
"cover_mode", 
"list_id", 
"start_date", 
"deadline", 
"due_at", 
"due_complete", 
"reminder_minutes", 
"recurrence", 
"recurrence_day", "re
currence_weekday", 
"latitude", 
"longitude", 
"completed", 
"is_template", 
"created_at", 
"updated_at" from 
"cards" where 
"cards"."list_id" = 
?'[39m,
  params: [ [32m'019
bc10a-b1e6-726e-ade1-
47e16c524003'[39m ],
  cause: 
LibsqlError: 
SQLITE_ERROR: no 
such column: 
is_template
      at 
mapSqliteError (file:
///D:/UIT_COURSES/SE1
00/DailyDesk/node_mod
ules/[4m.pnpm[24m/@
libsql+client@0.15.15
/node_modules/[4m@li
bsql[24m/client/lib-
esm/sqlite3.js:392:16
)
      at executeStmt 
(file:///D:/UIT_COURS
ES/SE100/DailyDesk/no
de_modules/[4m.pnpm
[24m/@libsql+client@0
.15.15/node_modules/
[4m@libsql[24m/clien
t/lib-esm/sqlite3.js:
297:15)
      at Sqlite3Clien
t.execute (file:///D:
/UIT_COURSES/SE100/Da
ilyDesk/node_modules/
[4m.pnpm[24m/@libsq
l+client@0.15.15/node
_modules/[4m@libsql
[24m/client/lib-esm/s
qlite3.js:81:16)
  [90m    ... 5 
lines matching cause 
stack trace ...[39m
      at SQLiteSelect
Base.execute (file://
/D:/UIT_COURSES/SE100
/DailyDesk/node_modul
es/[4m.pnpm[24m/dri
zzle-orm@0.44.7_@elec
tri_5c2928a099a752b7e
299aaadb8975aea/node_
modules/[4msrc[24m/
sqlite-core/query-bui
lders/select.ts:962:1
5)
      at SQLiteSelect
Base.then (file:///D:
/UIT_COURSES/SE100/Da
ilyDesk/node_modules/
[4m.pnpm[24m/drizzl
e-orm@0.44.7_@electri
_5c2928a099a752b7e299
aaadb8975aea/node_mod
ules/[4msrc[24m/que
ry-promise.ts:31:15) 
{
    code: [32m'SQLIT
E_ERROR'[39m,
    rawCode: 
[33m1[39m,
    [cause]: 
SqliteError: no such 
column: is_template
        at 
convertError (D:\UIT_
COURSES\SE100\DailyDe
sk\node_modules\[4m.
pnpm[24m\libsql@0.5.
22\node_modules\[4ml
ibsql[24m\index.js:5
9:12)
        at 
Database.prepare (D:\
UIT_COURSES\SE100\Dai
lyDesk\node_modules\
[4m.pnpm[24m\libsql@
0.5.22\node_modules\
[4mlibsql[24m\index.
js:131:13)
        at 
executeStmt (file:///
D:/UIT_COURSES/SE100/
DailyDesk/node_module
s/[4m.pnpm[24m/@lib
sql+client@0.15.15/no
de_modules/[4m@libsq
l[24m/client/lib-esm
/sqlite3.js:268:28)
        at Sqlite3Cli
ent.execute (file:///
D:/UIT_COURSES/SE100/
DailyDesk/node_module
s/[4m.pnpm[24m/@lib
sql+client@0.15.15/no
de_modules/[4m@libsq
l[24m/client/lib-esm
/sqlite3.js:81:16)
        at file:///D:
/UIT_COURSES/SE100/Da
ilyDesk/node_modules/
[4m.pnpm[24m/drizzl
e-orm@0.44.7_@electri
_5c2928a099a752b7e299
aaadb8975aea/node_mod
ules/[4msrc[24m/lib
sql/session.ts:288:58
        at LibSQLPrep
aredQuery.queryWithCa
che (file:///D:/UIT_C
OURSES/SE100/DailyDes
k/node_modules/[4m.p
npm[24m/drizzle-orm@
0.44.7_@electri_5c292
8a099a752b7e299aaadb8
975aea/node_modules/
[4msrc[24m/sqlite-co
re/session.ts:78:18)
        at LibSQLPrep
aredQuery.values (fil
e:///D:/UIT_COURSES/S
E100/DailyDesk/node_m
odules/[4m.pnpm[24m
/drizzle-orm@0.44.7_@
electri_5c2928a099a75
2b7e299aaadb8975aea/n
ode_modules/[4msrc[
24m/libsql/session.ts
:286:21)
        at LibSQLPrep
aredQuery.all (file:/
//D:/UIT_COURSES/SE10
0/DailyDesk/node_modu
les/[4m.pnpm[24m/dr
izzle-orm@0.44.7_@ele
ctri_5c2928a099a752b7
e299aaadb8975aea/node
_modules/[4msrc[24m
/libsql/session.ts:21
4:27)
        at 
SQLiteSelectBase.all 
(file:///D:/UIT_COURS
ES/SE100/DailyDesk/no
de_modules/[4m.pnpm
[24m/drizzle-orm@0.44
.7_@electri_5c2928a09
9a752b7e299aaadb8975a
ea/node_modules/[4ms
rc[24m/sqlite-core/q
uery-builders/select.
ts:950:26)
        at SQLiteSele
ctBase.execute (file:
///D:/UIT_COURSES/SE1
00/DailyDesk/node_mod
ules/[4m.pnpm[24m/d
rizzle-orm@0.44.7_@el
ectri_5c2928a099a752b
7e299aaadb8975aea/nod
e_modules/[4msrc[24
m/sqlite-core/query-b
uilders/select.ts:962
:15) {
      code: [32m'SQL
ITE_ERROR'[39m,
      rawCode: 
[33m1[39m
    }
  }
}
DrizzleQueryError: 
Failed query: select 
"id", "name", 
"description", 
"order", 
"cover_url", 
"cover_public_id", 
"cover_color", 
"cover_mode", 
"list_id", 
"start_date", 
"deadline", 
"due_at", 
"due_complete", 
"reminder_minutes", 
"recurrence", 
"recurrence_day", "re
currence_weekday", 
"latitude", 
"longitude", 
"completed", 
"is_template", 
"created_at", 
"updated_at" from 
"cards" where 
"cards"."list_id" = ?
params: 019bc10a-b1e6
-726e-ade1-47e16c5240
03
    at LibSQLPrepared
Query.queryWithCache 
(file:///D:/UIT_COURS
ES/SE100/DailyDesk/no
de_modules/[4m.pnpm
[24m/drizzle-orm@0.44
.7_@electri_5c2928a09
9a752b7e299aaadb8975a
ea/node_modules/[4ms
rc[24m/sqlite-core/s
ession.ts:80:11)
[90m    at processTi
cksAndRejections (nod
e:internal/process/ta
sk_queues:105:5)[39m
    at LibSQLPrepared
Query.values (file://
/D:/UIT_COURSES/SE100
/DailyDesk/node_modul
es/[4m.pnpm[24m/dri
zzle-orm@0.44.7_@elec
tri_5c2928a099a752b7e
299aaadb8975aea/node_
modules/[4msrc[24m/
libsql/session.ts:286
:10)
    at LibSQLPrepared
Query.all (file:///D:
/UIT_COURSES/SE100/Da
ilyDesk/node_modules/
[4m.pnpm[24m/drizzl
e-orm@0.44.7_@electri
_5c2928a099a752b7e299
aaadb8975aea/node_mod
ules/[4msrc[24m/lib
sql/session.ts:214:16
)
    at 
Module.createCard [9
0m(D:\UIT_COURSES\SE1
00\DailyDesk\backend\
[39msrc\services\car
ds.service.ts:311:23
[90m)[39m
    at [90mD:\UIT_CO
URSES\SE100\DailyDesk
\backend\[39msrc\rou
tes\cards.ts:150:22
    at dispatch (file
:///D:/UIT_COURSES/SE
100/DailyDesk/node_mo
dules/[4m.pnpm[24m/
hono@4.11.3/node_modu
les/[4mhono[24m/dis
t/compose.js:22:17)
    at file:///D:/UIT
_COURSES/SE100/DailyD
esk/node_modules/[4m
.pnpm[24m/hono@4.11.
3/node_modules/[4mho
no[24m/dist/validato
r/validator.js:81:12
    at mw (file:///D:
/UIT_COURSES/SE100/Da
ilyDesk/node_modules/
[4m.pnpm[24m/@hono+
zod-openapi@1.2.0_hon
o@4.11.3_zod@4.3.5/no
de_modules/[4m@hono
[24m/zod-openapi/src/
index.ts:546:26)
    at dispatch (file
:///D:/UIT_COURSES/SE
100/DailyDesk/node_mo
dules/[4m.pnpm[24m/
hono@4.11.3/node_modu
les/[4mhono[24m/dis
t/compose.js:22:17) {
  query: 
[32m'select "id", 
"name", 
"description", 
"order", 
"cover_url", 
"cover_public_id", 
"cover_color", 
"cover_mode", 
"list_id", 
"start_date", 
"deadline", 
"due_at", 
"due_complete", 
"reminder_minutes", 
"recurrence", 
"recurrence_day", "re
currence_weekday", 
"latitude", 
"longitude", 
"completed", 
"is_template", 
"created_at", 
"updated_at" from 
"cards" where 
"cards"."list_id" = 
?'[39m,
  params: [ [32m'019
bc10a-b1e6-726e-ade1-
47e16c524003'[39m ],
  cause: 
LibsqlError: 
SQLITE_ERROR: no 
such column: 
is_template
      at 
mapSqliteError (file:
///D:/UIT_COURSES/SE1
00/DailyDesk/node_mod
ules/[4m.pnpm[24m/@
libsql+client@0.15.15
/node_modules/[4m@li
bsql[24m/client/lib-
esm/sqlite3.js:392:16
)
      at executeStmt 
(file:///D:/UIT_COURS
ES/SE100/DailyDesk/no
de_modules/[4m.pnpm
[24m/@libsql+client@0
.15.15/node_modules/
[4m@libsql[24m/clien
t/lib-esm/sqlite3.js:
297:15)
      at Sqlite3Clien
t.execute (file:///D:
/UIT_COURSES/SE100/Da
ilyDesk/node_modules/
[4m.pnpm[24m/@libsq
l+client@0.15.15/node
_modules/[4m@libsql
[24m/client/lib-esm/s
qlite3.js:81:16)
  [90m    ... 5 
lines matching cause 
stack trace ...[39m
      at SQLiteSelect
Base.execute (file://
/D:/UIT_COURSES/SE100
/DailyDesk/node_modul
es/[4m.pnpm[24m/dri
zzle-orm@0.44.7_@elec
tri_5c2928a099a752b7e
299aaadb8975aea/node_
modules/[4msrc[24m/
sqlite-core/query-bui
lders/select.ts:962:1
5)
      at SQLiteSelect
Base.then (file:///D:
/UIT_COURSES/SE100/Da
ilyDesk/node_modules/
[4m.pnpm[24m/drizzl
e-orm@0.44.7_@electri
_5c2928a099a752b7e299
aaadb8975aea/node_mod
ules/[4msrc[24m/que
ry-promise.ts:31:15) 
{
    code: [32m'SQLIT
E_ERROR'[39m,
    rawCode: 
[33m1[39m,
    [cause]: 
SqliteError: no such 
column: is_template
        at 
convertError (D:\UIT_
COURSES\SE100\DailyDe
sk\node_modules\[4m.
pnpm[24m\libsql@0.5.
22\node_modules\[4ml
ibsql[24m\index.js:5
9:12)
        at 
Database.prepare (D:\
UIT_COURSES\SE100\Dai
lyDesk\node_modules\
[4m.pnpm[24m\libsql@
0.5.22\node_modules\
[4mlibsql[24m\index.
js:131:13)
        at 
executeStmt (file:///
D:/UIT_COURSES/SE100/
DailyDesk/node_module
s/[4m.pnpm[24m/@lib
sql+client@0.15.15/no
de_modules/[4m@libsq
l[24m/client/lib-esm
/sqlite3.js:268:28)
        at Sqlite3Cli
ent.execute (file:///
D:/UIT_COURSES/SE100/
DailyDesk/node_module
s/[4m.pnpm[24m/@lib
sql+client@0.15.15/no
de_modules/[4m@libsq
l[24m/client/lib-esm
/sqlite3.js:81:16)
        at file:///D:
/UIT_COURSES/SE100/Da
ilyDesk/node_modules/
[4m.pnpm[24m/drizzl
e-orm@0.44.7_@electri
_5c2928a099a752b7e299
aaadb8975aea/node_mod
ules/[4msrc[24m/lib
sql/session.ts:288:58
        at LibSQLPrep
aredQuery.queryWithCa
che (file:///D:/UIT_C
OURSES/SE100/DailyDes
k/node_modules/[4m.p
npm[24m/drizzle-orm@
0.44.7_@electri_5c292
8a099a752b7e299aaadb8
975aea/node_modules/
[4msrc[24m/sqlite-co
re/session.ts:78:18)
        at LibSQLPrep
aredQuery.values (fil
e:///D:/UIT_COURSES/S
E100/DailyDesk/node_m
odules/[4m.pnpm[24m
/drizzle-orm@0.44.7_@
electri_5c2928a099a75
2b7e299aaadb8975aea/n
ode_modules/[4msrc[
24m/libsql/session.ts
:286:21)
        at LibSQLPrep
aredQuery.all (file:/
//D:/UIT_COURSES/SE10
0/DailyDesk/node_modu
les/[4m.pnpm[24m/dr
izzle-orm@0.44.7_@ele
ctri_5c2928a099a752b7
e299aaadb8975aea/node
_modules/[4msrc[24m
/libsql/session.ts:21
4:27)
        at 
SQLiteSelectBase.all 
(file:///D:/UIT_COURS
ES/SE100/DailyDesk/no
de_modules/[4m.pnpm
[24m/drizzle-orm@0.44
.7_@electri_5c2928a09
9a752b7e299aaadb8975a
ea/node_modules/[4ms
rc[24m/sqlite-core/q
uery-builders/select.
ts:950:26)
        at SQLiteSele
ctBase.execute (file:
///D:/UIT_COURSES/SE1
00/DailyDesk/node_mod
ules/[4m.pnpm[24m/d
rizzle-orm@0.44.7_@el
ectri_5c2928a099a752b
7e299aaadb8975aea/nod
e_modules/[4msrc[24
m/sqlite-core/query-b
uilders/select.ts:962
:15) {
      code: [32m'SQL
ITE_ERROR'[39m,
      rawCode: 
[33m1[39m
    }
  }
}
DrizzleQueryError: 
Failed query: select 
"id", "name", 
"description", 
"order", 
"cover_url", 
"cover_public_id", 
"cover_color", 
"cover_mode", 
"list_id", 
"start_date", 
"deadline", 
"due_at", 
"due_complete", 
"reminder_minutes", 
"recurrence", 
"recurrence_day", "re
currence_weekday", 
"latitude", 
"longitude", 
"completed", 
"is_template", 
"created_at", 
"updated_at" from 
"cards" where 
"cards"."list_id" = ?
params: 019bc10a-b1e8
-7643-ada9-61044c9889
98
    at LibSQLPrepared
Query.queryWithCache 
(file:///D:/UIT_COURS
ES/SE100/DailyDesk/no
de_modules/[4m.pnpm
[24m/drizzle-orm@0.44
.7_@electri_5c2928a09
9a752b7e299aaadb8975a
ea/node_modules/[4ms
rc[24m/sqlite-core/s
ession.ts:80:11)
[90m    at processTi
cksAndRejections (nod
e:internal/process/ta
sk_queues:105:5)[39m
    at LibSQLPrepared
Query.values (file://
/D:/UIT_COURSES/SE100
/DailyDesk/node_modul
es/[4m.pnpm[24m/dri
zzle-orm@0.44.7_@elec
tri_5c2928a099a752b7e
299aaadb8975aea/node_
modules/[4msrc[24m/
libsql/session.ts:286
:10)
    at LibSQLPrepared
Query.all (file:///D:
/UIT_COURSES/SE100/Da
ilyDesk/node_modules/
[4m.pnpm[24m/drizzl
e-orm@0.44.7_@electri
_5c2928a099a752b7e299
aaadb8975aea/node_mod
ules/[4msrc[24m/lib
sql/session.ts:214:16
)
    at 
Module.createCard [9
0m(D:\UIT_COURSES\SE1
00\DailyDesk\backend\
[39msrc\services\car
ds.service.ts:311:23
[90m)[39m
    at [90mD:\UIT_CO
URSES\SE100\DailyDesk
\backend\[39msrc\rou
tes\cards.ts:150:22
    at dispatch (file
:///D:/UIT_COURSES/SE
100/DailyDesk/node_mo
dules/[4m.pnpm[24m/
hono@4.11.3/node_modu
les/[4mhono[24m/dis
t/compose.js:22:17)
    at file:///D:/UIT
_COURSES/SE100/DailyD
esk/node_modules/[4m
.pnpm[24m/hono@4.11.
3/node_modules/[4mho
no[24m/dist/validato
r/validator.js:81:12
    at mw (file:///D:
/UIT_COURSES/SE100/Da
ilyDesk/node_modules/
[4m.pnpm[24m/@hono+
zod-openapi@1.2.0_hon
o@4.11.3_zod@4.3.5/no
de_modules/[4m@hono
[24m/zod-openapi/src/
index.ts:546:26)
    at dispatch (file
:///D:/UIT_COURSES/SE
100/DailyDesk/node_mo
dules/[4m.pnpm[24m/
hono@4.11.3/node_modu
les/[4mhono[24m/dis
t/compose.js:22:17) {
  query: 
[32m'select "id", 
"name", 
"description", 
"order", 
"cover_url", 
"cover_public_id", 
"cover_color", 
"cover_mode", 
"list_id", 
"start_date", 
"deadline", 
"due_at", 
"due_complete", 
"reminder_minutes", 
"recurrence", 
"recurrence_day", "re
currence_weekday", 
"latitude", 
"longitude", 
"completed", 
"is_template", 
"created_at", 
"updated_at" from 
"cards" where 
"cards"."list_id" = 
?'[39m,
  params: [ [32m'019
bc10a-b1e8-7643-ada9-
61044c988998'[39m ],
  cause: 
LibsqlError: 
SQLITE_ERROR: no 
such column: 
is_template
      at 
mapSqliteError (file:
///D:/UIT_COURSES/SE1
00/DailyDesk/node_mod
ules/[4m.pnpm[24m/@
libsql+client@0.15.15
/node_modules/[4m@li
bsql[24m/client/lib-
esm/sqlite3.js:392:16
)
      at executeStmt 
(file:///D:/UIT_COURS
ES/SE100/DailyDesk/no
de_modules/[4m.pnpm
[24m/@libsql+client@0
.15.15/node_modules/
[4m@libsql[24m/clien
t/lib-esm/sqlite3.js:
297:15)
      at Sqlite3Clien
t.execute (file:///D:
/UIT_COURSES/SE100/Da
ilyDesk/node_modules/
[4m.pnpm[24m/@libsq
l+client@0.15.15/node
_modules/[4m@libsql
[24m/client/lib-esm/s
qlite3.js:81:16)
  [90m    ... 5 
lines matching cause 
stack trace ...[39m
      at SQLiteSelect
Base.execute (file://
/D:/UIT_COURSES/SE100
/DailyDesk/node_modul
es/[4m.pnpm[24m/dri
zzle-orm@0.44.7_@elec
tri_5c2928a099a752b7e
299aaadb8975aea/node_
modules/[4msrc[24m/
sqlite-core/query-bui
lders/select.ts:962:1
5)
      at SQLiteSelect
Base.then (file:///D:
/UIT_COURSES/SE100/Da
ilyDesk/node_modules/
[4m.pnpm[24m/drizzl
e-orm@0.44.7_@electri
_5c2928a099a752b7e299
aaadb8975aea/node_mod
ules/[4msrc[24m/que
ry-promise.ts:31:15) 
{
    code: [32m'SQLIT
E_ERROR'[39m,
    rawCode: 
[33m1[39m,
    [cause]: 
SqliteError: no such 
column: is_template
        at 
convertError (D:\UIT_
COURSES\SE100\DailyDe
sk\node_modules\[4m.
pnpm[24m\libsql@0.5.
22\node_modules\[4ml
ibsql[24m\index.js:5
9:12)
        at 
Database.prepare (D:\
UIT_COURSES\SE100\Dai
lyDesk\node_modules\
[4m.pnpm[24m\libsql@
0.5.22\node_modules\
[4mlibsql[24m\index.
js:131:13)
        at 
executeStmt (file:///
D:/UIT_COURSES/SE100/
DailyDesk/node_module
s/[4m.pnpm[24m/@lib
sql+client@0.15.15/no
de_modules/[4m@libsq
l[24m/client/lib-esm
/sqlite3.js:268:28)
        at Sqlite3Cli
ent.execute (file:///
D:/UIT_COURSES/SE100/
DailyDesk/node_module
s/[4m.pnpm[24m/@lib
sql+client@0.15.15/no
de_modules/[4m@libsq
l[24m/client/lib-esm
/sqlite3.js:81:16)
        at file:///D:
/UIT_COURSES/SE100/Da
ilyDesk/node_modules/
[4m.pnpm[24m/drizzl
e-orm@0.44.7_@electri
_5c2928a099a752b7e299
aaadb8975aea/node_mod
ules/[4msrc[24m/lib
sql/session.ts:288:58
        at LibSQLPrep
aredQuery.queryWithCa
che (file:///D:/UIT_C
OURSES/SE100/DailyDes
k/node_modules/[4m.p
npm[24m/drizzle-orm@
0.44.7_@electri_5c292
8a099a752b7e299aaadb8
975aea/node_modules/
[4msrc[24m/sqlite-co
re/session.ts:78:18)
        at LibSQLPrep
aredQuery.values (fil
e:///D:/UIT_COURSES/S
E100/DailyDesk/node_m
odules/[4m.pnpm[24m
/drizzle-orm@0.44.7_@
electri_5c2928a099a75
2b7e299aaadb8975aea/n
ode_modules/[4msrc[
24m/libsql/session.ts
:286:21)
        at LibSQLPrep
aredQuery.all (file:/
//D:/UIT_COURSES/SE10
0/DailyDesk/node_modu
les/[4m.pnpm[24m/dr
izzle-orm@0.44.7_@ele
ctri_5c2928a099a752b7
e299aaadb8975aea/node
_modules/[4msrc[24m
/libsql/session.ts:21
4:27)
        at 
SQLiteSelectBase.all 
(file:///D:/UIT_COURS
ES/SE100/DailyDesk/no
de_modules/[4m.pnpm
[24m/drizzle-orm@0.44
.7_@electri_5c2928a09
9a752b7e299aaadb8975a
ea/node_modules/[4ms
rc[24m/sqlite-core/q
uery-builders/select.
ts:950:26)
        at SQLiteSele
ctBase.execute (file:
///D:/UIT_COURSES/SE1
00/DailyDesk/node_mod
ules/[4m.pnpm[24m/d
rizzle-orm@0.44.7_@el
ectri_5c2928a099a752b
7e299aaadb8975aea/nod
e_modules/[4msrc[24
m/sqlite-core/query-b
uilders/select.ts:962
:15) {
      code: [32m'SQL
ITE_ERROR'[39m,
      rawCode: 
[33m1[39m
    }
  }
}
DrizzleQueryError: 
Failed query: select 
"id", "name", 
"description", 
"order", 
"cover_url", 
"cover_public_id", 
"cover_color", 
"cover_mode", 
"list_id", 
"start_date", 
"deadline", 
"due_at", 
"due_complete", 
"reminder_minutes", 
"recurrence", 
"recurrence_day", "re
currence_weekday", 
"latitude", 
"longitude", 
"completed", 
"is_template", 
"created_at", 
"updated_at" from 
"cards" where 
"cards"."list_id" = ?
params: 019bc10a-b1e8
-7643-ada9-61044c9889
98
    at LibSQLPrepared
Query.queryWithCache 
(file:///D:/UIT_COURS
ES/SE100/DailyDesk/no
de_modules/[4m.pnpm
[24m/drizzle-orm@0.44
.7_@electri_5c2928a09
9a752b7e299aaadb8975a
ea/node_modules/[4ms
rc[24m/sqlite-core/s
ession.ts:80:11)
[90m    at processTi
cksAndRejections (nod
e:internal/process/ta
sk_queues:105:5)[39m
    at LibSQLPrepared
Query.values (file://
/D:/UIT_COURSES/SE100
/DailyDesk/node_modul
es/[4m.pnpm[24m/dri
zzle-orm@0.44.7_@elec
tri_5c2928a099a752b7e
299aaadb8975aea/node_
modules/[4msrc[24m/
libsql/session.ts:286
:10)
    at LibSQLPrepared
Query.all (file:///D:
/UIT_COURSES/SE100/Da
ilyDesk/node_modules/
[4m.pnpm[24m/drizzl
e-orm@0.44.7_@electri
_5c2928a099a752b7e299
aaadb8975aea/node_mod
ules/[4msrc[24m/lib
sql/session.ts:214:16
)
    at 
Module.createCard [9
0m(D:\UIT_COURSES\SE1
00\DailyDesk\backend\
[39msrc\services\car
ds.service.ts:311:23
[90m)[39m
    at [90mD:\UIT_CO
URSES\SE100\DailyDesk
\backend\[39msrc\rou
tes\cards.ts:150:22
    at dispatch (file
:///D:/UIT_COURSES/SE
100/DailyDesk/node_mo
dules/[4m.pnpm[24m/
hono@4.11.3/node_modu
les/[4mhono[24m/dis
t/compose.js:22:17)
    at file:///D:/UIT
_COURSES/SE100/DailyD
esk/node_modules/[4m
.pnpm[24m/hono@4.11.
3/node_modules/[4mho
no[24m/dist/validato
r/validator.js:81:12
    at mw (file:///D:
/UIT_COURSES/SE100/Da
ilyDesk/node_modules/
[4m.pnpm[24m/@hono+
zod-openapi@1.2.0_hon
o@4.11.3_zod@4.3.5/no
de_modules/[4m@hono
[24m/zod-openapi/src/
index.ts:546:26)
    at dispatch (file
:///D:/UIT_COURSES/SE
100/DailyDesk/node_mo
dules/[4m.pnpm[24m/
hono@4.11.3/node_modu
les/[4mhono[24m/dis
t/compose.js:22:17) {
  query: 
[32m'select "id", 
"name", 
"description", 
"order", 
"cover_url", 
"cover_public_id", 
"cover_color", 
"cover_mode", 
"list_id", 
"start_date", 
"deadline", 
"due_at", 
"due_complete", 
"reminder_minutes", 
"recurrence", 
"recurrence_day", "re
currence_weekday", 
"latitude", 
"longitude", 
"completed", 
"is_template", 
"created_at", 
"updated_at" from 
"cards" where 
"cards"."list_id" = 
?'[39m,
  params: [ [32m'019
bc10a-b1e8-7643-ada9-
61044c988998'[39m ],
  cause: 
LibsqlError: 
SQLITE_ERROR: no 
such column: 
is_template
      at 
mapSqliteError (file:
///D:/UIT_COURSES/SE1
00/DailyDesk/node_mod
ules/[4m.pnpm[24m/@
libsql+client@0.15.15
/node_modules/[4m@li
bsql[24m/client/lib-
esm/sqlite3.js:392:16
)
      at executeStmt 
(file:///D:/UIT_COURS
ES/SE100/DailyDesk/no
de_modules/[4m.pnpm
[24m/@libsql+client@0
.15.15/node_modules/
[4m@libsql[24m/clien
t/lib-esm/sqlite3.js:
297:15)
      at Sqlite3Clien
t.execute (file:///D:
/UIT_COURSES/SE100/Da
ilyDesk/node_modules/
[4m.pnpm[24m/@libsq
l+client@0.15.15/node
_modules/[4m@libsql
[24m/client/lib-esm/s
qlite3.js:81:16)
  [90m    ... 5 
lines matching cause 
stack trace ...[39m
      at SQLiteSelect
Base.execute (file://
/D:/UIT_COURSES/SE100
/DailyDesk/node_modul
es/[4m.pnpm[24m/dri
zzle-orm@0.44.7_@elec
tri_5c2928a099a752b7e
299aaadb8975aea/node_
modules/[4msrc[24m/
sqlite-core/query-bui
lders/select.ts:962:1
5)
      at SQLiteSelect
Base.then (file:///D:
/UIT_COURSES/SE100/Da
ilyDesk/node_modules/
[4m.pnpm[24m/drizzl
e-orm@0.44.7_@electri
_5c2928a099a752b7e299
aaadb8975aea/node_mod
ules/[4msrc[24m/que
ry-promise.ts:31:15) 
{
    code: [32m'SQLIT
E_ERROR'[39m,
    rawCode: 
[33m1[39m,
    [cause]: 
SqliteError: no such 
column: is_template
        at 
convertError (D:\UIT_
COURSES\SE100\DailyDe
sk\node_modules\[4m.
pnpm[24m\libsql@0.5.
22\node_modules\[4ml
ibsql[24m\index.js:5
9:12)
        at 
Database.prepare (D:\
UIT_COURSES\SE100\Dai
lyDesk\node_modules\
[4m.pnpm[24m\libsql@
0.5.22\node_modules\
[4mlibsql[24m\index.
js:131:13)
        at 
executeStmt (file:///
D:/UIT_COURSES/SE100/
DailyDesk/node_module
s/[4m.pnpm[24m/@lib
sql+client@0.15.15/no
de_modules/[4m@libsq
l[24m/client/lib-esm
/sqlite3.js:268:28)
        at Sqlite3Cli
ent.execute (file:///
D:/UIT_COURSES/SE100/
DailyDesk/node_module
s/[4m.pnpm[24m/@lib
sql+client@0.15.15/no
de_modules/[4m@libsq
l[24m/client/lib-esm
/sqlite3.js:81:16)
        at file:///D:
/UIT_COURSES/SE100/Da
ilyDesk/node_modules/
[4m.pnpm[24m/drizzl
e-orm@0.44.7_@electri
_5c2928a099a752b7e299
aaadb8975aea/node_mod
ules/[4msrc[24m/lib
sql/session.ts:288:58
        at LibSQLPrep
aredQuery.queryWithCa
che (file:///D:/UIT_C
OURSES/SE100/DailyDes
k/node_modules/[4m.p
npm[24m/drizzle-orm@
0.44.7_@electri_5c292
8a099a752b7e299aaadb8
975aea/node_modules/
[4msrc[24m/sqlite-co
re/session.ts:78:18)
        at LibSQLPrep
aredQuery.values (fil
e:///D:/UIT_COURSES/S
E100/DailyDesk/node_m
odules/[4m.pnpm[24m
/drizzle-orm@0.44.7_@
electri_5c2928a099a75
2b7e299aaadb8975aea/n
ode_modules/[4msrc[
24m/libsql/session.ts
:286:21)
        at LibSQLPrep
aredQuery.all (file:/
//D:/UIT_COURSES/SE10
0/DailyDesk/node_modu
les/[4m.pnpm[24m/dr
izzle-orm@0.44.7_@ele
ctri_5c2928a099a752b7
e299aaadb8975aea/node
_modules/[4msrc[24m
/libsql/session.ts:21
4:27)
        at 
SQLiteSelectBase.all 
(file:///D:/UIT_COURS
ES/SE100/DailyDesk/no
de_modules/[4m.pnpm
[24m/drizzle-orm@0.44
.7_@electri_5c2928a09
9a752b7e299aaadb8975a
ea/node_modules/[4ms
rc[24m/sqlite-core/q
uery-builders/select.
ts:950:26)
        at SQLiteSele
ctBase.execute (file:
///D:/UIT_COURSES/SE1
00/DailyDesk/node_mod
ules/[4m.pnpm[24m/d
rizzle-orm@0.44.7_@el
ectri_5c2928a099a752b
7e299aaadb8975aea/nod
e_modules/[4msrc[24
m/sqlite-core/query-b
uilders/select.ts:962
:15) {
      code: [32m'SQL
ITE_ERROR'[39m,
      rawCode: 
[33m1[39m
    }
  }
}
DrizzleQueryError: 
Failed query: select 
"id", "name", 
"description", 
"order", 
"cover_url", 
"cover_public_id", 
"cover_color", 
"cover_mode", 
"list_id", 
"start_date", 
"deadline", 
"due_at", 
"due_complete", 
"reminder_minutes", 
"recurrence", 
"recurrence_day", "re
currence_weekday", 
"latitude", 
"longitude", 
"completed", 
"is_template", 
"created_at", 
"updated_at" from 
"cards" where 
"cards"."list_id" = ?
params: 019bc10a-b1e8
-7643-ada9-61044c9889
98
    at LibSQLPrepared
Query.queryWithCache 
(file:///D:/UIT_COURS
ES/SE100/DailyDesk/no
de_modules/[4m.pnpm
[24m/drizzle-orm@0.44
.7_@electri_5c2928a09
9a752b7e299aaadb8975a
ea/node_modules/[4ms
rc[24m/sqlite-core/s
ession.ts:80:11)
[90m    at processTi
cksAndRejections (nod
e:internal/process/ta
sk_queues:105:5)[39m
    at LibSQLPrepared
Query.values (file://
/D:/UIT_COURSES/SE100
/DailyDesk/node_modul
es/[4m.pnpm[24m/dri
zzle-orm@0.44.7_@elec
tri_5c2928a099a752b7e
299aaadb8975aea/node_
modules/[4msrc[24m/
libsql/session.ts:286
:10)
    at LibSQLPrepared
Query.all (file:///D:
/UIT_COURSES/SE100/Da
ilyDesk/node_modules/
[4m.pnpm[24m/drizzl
e-orm@0.44.7_@electri
_5c2928a099a752b7e299
aaadb8975aea/node_mod
ules/[4msrc[24m/lib
sql/session.ts:214:16
)
    at 
Module.createCard [9
0m(D:\UIT_COURSES\SE1
00\DailyDesk\backend\
[39msrc\services\car
ds.service.ts:311:23
[90m)[39m
    at [90mD:\UIT_CO
URSES\SE100\DailyDesk
\backend\[39msrc\rou
tes\cards.ts:150:22
    at dispatch (file
:///D:/UIT_COURSES/SE
100/DailyDesk/node_mo
dules/[4m.pnpm[24m/
hono@4.11.3/node_modu
les/[4mhono[24m/dis
t/compose.js:22:17)
    at file:///D:/UIT
_COURSES/SE100/DailyD
esk/node_modules/[4m
.pnpm[24m/hono@4.11.
3/node_modules/[4mho
no[24m/dist/validato
r/validator.js:81:12
    at mw (file:///D:
/UIT_COURSES/SE100/Da
ilyDesk/node_modules/
[4m.pnpm[24m/@hono+
zod-openapi@1.2.0_hon
o@4.11.3_zod@4.3.5/no
de_modules/[4m@hono
[24m/zod-openapi/src/
index.ts:546:26)
    at dispatch (file
:///D:/UIT_COURSES/SE
100/DailyDesk/node_mo
dules/[4m.pnpm[24m/
hono@4.11.3/node_modu
les/[4mhono[24m/dis
t/compose.js:22:17) {
  query: 
[32m'select "id", 
"name", 
"description", 
"order", 
"cover_url", 
"cover_public_id", 
"cover_color", 
"cover_mode", 
"list_id", 
"start_date", 
"deadline", 
"due_at", 
"due_complete", 
"reminder_minutes", 
"recurrence", 
"recurrence_day", "re
currence_weekday", 
"latitude", 
"longitude", 
"completed", 
"is_template", 
"created_at", 
"updated_at" from 
"cards" where 
"cards"."list_id" = 
?'[39m,
  params: [ [32m'019
bc10a-b1e8-7643-ada9-
61044c988998'[39m ],
  cause: 
LibsqlError: 
SQLITE_ERROR: no 
such column: 
is_template
      at 
mapSqliteError (file:
///D:/UIT_COURSES/SE1
00/DailyDesk/node_mod
ules/[4m.pnpm[24m/@
libsql+client@0.15.15
/node_modules/[4m@li
bsql[24m/client/lib-
esm/sqlite3.js:392:16
)
      at executeStmt 
(file:///D:/UIT_COURS
ES/SE100/DailyDesk/no
de_modules/[4m.pnpm
[24m/@libsql+client@0
.15.15/node_modules/
[4m@libsql[24m/clien
t/lib-esm/sqlite3.js:
297:15)
      at Sqlite3Clien
t.execute (file:///D:
/UIT_COURSES/SE100/Da
ilyDesk/node_modules/
[4m.pnpm[24m/@libsq
l+client@0.15.15/node
_modules/[4m@libsql
[24m/client/lib-esm/s
qlite3.js:81:16)
  [90m    ... 5 
lines matching cause 
stack trace ...[39m
      at SQLiteSelect
Base.execute (file://
/D:/UIT_COURSES/SE100
/DailyDesk/node_modul
es/[4m.pnpm[24m/dri
zzle-orm@0.44.7_@elec
tri_5c2928a099a752b7e
299aaadb8975aea/node_
modules/[4msrc[24m/
sqlite-core/query-bui
lders/select.ts:962:1
5)
      at SQLiteSelect
Base.then (file:///D:
/UIT_COURSES/SE100/Da
ilyDesk/node_modules/
[4m.pnpm[24m/drizzl
e-orm@0.44.7_@electri
_5c2928a099a752b7e299
aaadb8975aea/node_mod
ules/[4msrc[24m/que
ry-promise.ts:31:15) 
{
    code: [32m'SQLIT
E_ERROR'[39m,
    rawCode: 
[33m1[39m,
    [cause]: 
SqliteError: no such 
column: is_template
        at 
convertError (D:\UIT_
COURSES\SE100\DailyDe
sk\node_modules\[4m.
pnpm[24m\libsql@0.5.
22\node_modules\[4ml
ibsql[24m\index.js:5
9:12)
        at 
Database.prepare (D:\
UIT_COURSES\SE100\Dai
lyDesk\node_modules\
[4m.pnpm[24m\libsql@
0.5.22\node_modules\
[4mlibsql[24m\index.
js:131:13)
        at 
executeStmt (file:///
D:/UIT_COURSES/SE100/
DailyDesk/node_module
s/[4m.pnpm[24m/@lib
sql+client@0.15.15/no
de_modules/[4m@libsq
l[24m/client/lib-esm
/sqlite3.js:268:28)
        at Sqlite3Cli
ent.execute (file:///
D:/UIT_COURSES/SE100/
DailyDesk/node_module
s/[4m.pnpm[24m/@lib
sql+client@0.15.15/no
de_modules/[4m@libsq
l[24m/client/lib-esm
/sqlite3.js:81:16)
        at file:///D:
/UIT_COURSES/SE100/Da
ilyDesk/node_modules/
[4m.pnpm[24m/drizzl
e-orm@0.44.7_@electri
_5c2928a099a752b7e299
aaadb8975aea/node_mod
ules/[4msrc[24m/lib
sql/session.ts:288:58
        at LibSQLPrep
aredQuery.queryWithCa
che (file:///D:/UIT_C
OURSES/SE100/DailyDes
k/node_modules/[4m.p
npm[24m/drizzle-orm@
0.44.7_@electri_5c292
8a099a752b7e299aaadb8
975aea/node_modules/
[4msrc[24m/sqlite-co
re/session.ts:78:18)
        at LibSQLPrep
aredQuery.values (fil
e:///D:/UIT_COURSES/S
E100/DailyDesk/node_m
odules/[4m.pnpm[24m
/drizzle-orm@0.44.7_@
electri_5c2928a099a75
2b7e299aaadb8975aea/n
ode_modules/[4msrc[
24m/libsql/session.ts
:286:21)
        at LibSQLPrep
aredQuery.all (file:/
//D:/UIT_COURSES/SE10
0/DailyDesk/node_modu
les/[4m.pnpm[24m/dr
izzle-orm@0.44.7_@ele
ctri_5c2928a099a752b7
e299aaadb8975aea/node
_modules/[4msrc[24m
/libsql/session.ts:21
4:27)
        at 
SQLiteSelectBase.all 
(file:///D:/UIT_COURS
ES/SE100/DailyDesk/no
de_modules/[4m.pnpm
[24m/drizzle-orm@0.44
.7_@electri_5c2928a09
9a752b7e299aaadb8975a
ea/node_modules/[4ms
rc[24m/sqlite-core/q
uery-builders/select.
ts:950:26)
        at SQLiteSele
ctBase.execute (file:
///D:/UIT_COURSES/SE1
00/DailyDesk/node_mod
ules/[4m.pnpm[24m/d
rizzle-orm@0.44.7_@el
ectri_5c2928a099a752b
7e299aaadb8975aea/nod
e_modules/[4msrc[24
m/sqlite-core/query-b
uilders/select.ts:962
:15) {
      code: [32m'SQL
ITE_ERROR'[39m,
      rawCode: 
[33m1[39m
    }
  }
}
DrizzleQueryError: 
Failed query: select 
"id", "name", 
"description", 
"order", 
"cover_url", 
"cover_public_id", 
"cover_color", 
"cover_mode", 
"list_id", 
"start_date", 
"deadline", 
"due_at", 
"due_complete", 
"reminder_minutes", 
"recurrence", 
"recurrence_day", "re
currence_weekday", 
"latitude", 
"longitude", 
"completed", 
"is_template", 
"created_at", 
"updated_at" from 
"cards" where 
"cards"."id" = ? 
limit ?
params: 019bc10a-b1eb
-7d57-8c1f-dd7785bd29
2f,1
    at LibSQLPrepared
Query.queryWithCache 
(file:///D:/UIT_COURS
ES/SE100/DailyDesk/no
de_modules/[4m.pnpm
[24m/drizzle-orm@0.44
.7_@electri_5c2928a09
9a752b7e299aaadb8975a
ea/node_modules/[4ms
rc[24m/sqlite-core/s
ession.ts:80:11)
[90m    at processTi
cksAndRejections (nod
e:internal/process/ta
sk_queues:105:5)[39m
    at LibSQLPrepared
Query.values (file://
/D:/UIT_COURSES/SE100
/DailyDesk/node_modul
es/[4m.pnpm[24m/dri
zzle-orm@0.44.7_@elec
tri_5c2928a099a752b7e
299aaadb8975aea/node_
modules/[4msrc[24m/
libsql/session.ts:286
:10)
    at LibSQLPrepared
Query.all (file:///D:
/UIT_COURSES/SE100/Da
ilyDesk/node_modules/
[4m.pnpm[24m/drizzl
e-orm@0.44.7_@electri
_5c2928a099a752b7e299
aaadb8975aea/node_mod
ules/[4msrc[24m/lib
sql/session.ts:214:16
)
    at 
Module.deleteCard [9
0m(D:\UIT_COURSES\SE1
00\DailyDesk\backend\
[39msrc\services\car
ds.service.ts:893:24
[90m)[39m
    at [90mD:\UIT_CO
URSES\SE100\DailyDesk
\backend\[39msrc\rou
tes\cards.ts:298:24
    at dispatch (file
:///D:/UIT_COURSES/SE
100/DailyDesk/node_mo
dules/[4m.pnpm[24m/
hono@4.11.3/node_modu
les/[4mhono[24m/dis
t/compose.js:22:17)
    at file:///D:/UIT
_COURSES/SE100/DailyD
esk/node_modules/[4m
.pnpm[24m/hono@4.11.
3/node_modules/[4mho
no[24m/dist/validato
r/validator.js:81:12
    at dispatch (file
:///D:/UIT_COURSES/SE
100/DailyDesk/node_mo
dules/[4m.pnpm[24m/
hono@4.11.3/node_modu
les/[4mhono[24m/dis
t/compose.js:22:17)
    at [90mD:\UIT_CO
URSES\SE100\DailyDesk
\backend\[39mtests\h
elpers\auth.ts:27:5 {
  query: 
[32m'select "id", 
"name", 
"description", 
"order", 
"cover_url", 
"cover_public_id", 
"cover_color", 
"cover_mode", 
"list_id", 
"start_date", 
"deadline", 
"due_at", 
"due_complete", 
"reminder_minutes", 
"recurrence", 
"recurrence_day", "re
currence_weekday", 
"latitude", 
"longitude", 
"completed", 
"is_template", 
"created_at", 
"updated_at" from 
"cards" where 
"cards"."id" = ? 
limit ?'[39m,
  params: [ [32m'019
bc10a-b1eb-7d57-8c1f-
dd7785bd292f'[39m, 
[33m1[39m ],
  cause: 
LibsqlError: 
SQLITE_ERROR: no 
such column: 
is_template
      at 
mapSqliteError (file:
///D:/UIT_COURSES/SE1
00/DailyDesk/node_mod
ules/[4m.pnpm[24m/@
libsql+client@0.15.15
/node_modules/[4m@li
bsql[24m/client/lib-
esm/sqlite3.js:392:16
)
      at executeStmt 
(file:///D:/UIT_COURS
ES/SE100/DailyDesk/no
de_modules/[4m.pnpm
[24m/@libsql+client@0
.15.15/node_modules/
[4m@libsql[24m/clien
t/lib-esm/sqlite3.js:
297:15)
      at Sqlite3Clien
t.execute (file:///D:
/UIT_COURSES/SE100/Da
ilyDesk/node_modules/
[4m.pnpm[24m/@libsq
l+client@0.15.15/node
_modules/[4m@libsql
[24m/client/lib-esm/s
qlite3.js:81:16)
  [90m    ... 5 
lines matching cause 
stack trace ...[39m
      at SQLiteSelect
Base.execute (file://
/D:/UIT_COURSES/SE100
/DailyDesk/node_modul
es/[4m.pnpm[24m/dri
zzle-orm@0.44.7_@elec
tri_5c2928a099a752b7e
299aaadb8975aea/node_
modules/[4msrc[24m/
sqlite-core/query-bui
lders/select.ts:962:1
5)
      at SQLiteSelect
Base.then (file:///D:
/UIT_COURSES/SE100/Da
ilyDesk/node_modules/
[4m.pnpm[24m/drizzl
e-orm@0.44.7_@electri
_5c2928a099a752b7e299
aaadb8975aea/node_mod
ules/[4msrc[24m/que
ry-promise.ts:31:15) 
{
    code: [32m'SQLIT
E_ERROR'[39m,
    rawCode: 
[33m1[39m,
    [cause]: 
SqliteError: no such 
column: is_template
        at 
convertError (D:\UIT_
COURSES\SE100\DailyDe
sk\node_modules\[4m.
pnpm[24m\libsql@0.5.
22\node_modules\[4ml
ibsql[24m\index.js:5
9:12)
        at 
Database.prepare (D:\
UIT_COURSES\SE100\Dai
lyDesk\node_modules\
[4m.pnpm[24m\libsql@
0.5.22\node_modules\
[4mlibsql[24m\index.
js:131:13)
        at 
executeStmt (file:///
D:/UIT_COURSES/SE100/
DailyDesk/node_module
s/[4m.pnpm[24m/@lib
sql+client@0.15.15/no
de_modules/[4m@libsq
l[24m/client/lib-esm
/sqlite3.js:268:28)
        at Sqlite3Cli
ent.execute (file:///
D:/UIT_COURSES/SE100/
DailyDesk/node_module
s/[4m.pnpm[24m/@lib
sql+client@0.15.15/no
de_modules/[4m@libsq
l[24m/client/lib-esm
/sqlite3.js:81:16)
        at file:///D:
/UIT_COURSES/SE100/Da
ilyDesk/node_modules/
[4m.pnpm[24m/drizzl
e-orm@0.44.7_@electri
_5c2928a099a752b7e299
aaadb8975aea/node_mod
ules/[4msrc[24m/lib
sql/session.ts:288:58
        at LibSQLPrep
aredQuery.queryWithCa
che (file:///D:/UIT_C
OURSES/SE100/DailyDes
k/node_modules/[4m.p
npm[24m/drizzle-orm@
0.44.7_@electri_5c292
8a099a752b7e299aaadb8
975aea/node_modules/
[4msrc[24m/sqlite-co
re/session.ts:78:18)
        at LibSQLPrep
aredQuery.values (fil
e:///D:/UIT_COURSES/S
E100/DailyDesk/node_m
odules/[4m.pnpm[24m
/drizzle-orm@0.44.7_@
electri_5c2928a099a75
2b7e299aaadb8975aea/n
ode_modules/[4msrc[
24m/libsql/session.ts
:286:21)
        at LibSQLPrep
aredQuery.all (file:/
//D:/UIT_COURSES/SE10
0/DailyDesk/node_modu
les/[4m.pnpm[24m/dr
izzle-orm@0.44.7_@ele
ctri_5c2928a099a752b7
e299aaadb8975aea/node
_modules/[4msrc[24m
/libsql/session.ts:21
4:27)
        at 
SQLiteSelectBase.all 
(file:///D:/UIT_COURS
ES/SE100/DailyDesk/no
de_modules/[4m.pnpm
[24m/drizzle-orm@0.44
.7_@electri_5c2928a09
9a752b7e299aaadb8975a
ea/node_modules/[4ms
rc[24m/sqlite-core/q
uery-builders/select.
ts:950:26)
        at SQLiteSele
ctBase.execute (file:
///D:/UIT_COURSES/SE1
00/DailyDesk/node_mod
ules/[4m.pnpm[24m/d
rizzle-orm@0.44.7_@el
ectri_5c2928a099a752b
7e299aaadb8975aea/nod
e_modules/[4msrc[24
m/sqlite-core/query-b
uilders/select.ts:962
:15) {
      code: [32m'SQL
ITE_ERROR'[39m,
      rawCode: 
[33m1[39m
    }
  }
}
DrizzleQueryError: 
Failed query: select 
"id", "name", 
"description", 
"order", 
"cover_url", 
"cover_public_id", 
"cover_color", 
"cover_mode", 
"list_id", 
"start_date", 
"deadline", 
"due_at", 
"due_complete", 
"reminder_minutes", 
"recurrence", 
"recurrence_day", "re
currence_weekday", 
"latitude", 
"longitude", 
"completed", 
"is_template", 
"created_at", 
"updated_at" from 
"cards" where 
"cards"."id" = ? 
limit ?
params: 019bc10a-b1ef
-7ce3-8743-91c5e1b190
80,1
    at LibSQLPrepared
Query.queryWithCache 
(file:///D:/UIT_COURS
ES/SE100/DailyDesk/no
de_modules/[4m.pnpm
[24m/drizzle-orm@0.44
.7_@electri_5c2928a09
9a752b7e299aaadb8975a
ea/node_modules/[4ms
rc[24m/sqlite-core/s
ession.ts:80:11)
[90m    at processTi
cksAndRejections (nod
e:internal/process/ta
sk_queues:105:5)[39m
    at LibSQLPrepared
Query.values (file://
/D:/UIT_COURSES/SE100
/DailyDesk/node_modul
es/[4m.pnpm[24m/dri
zzle-orm@0.44.7_@elec
tri_5c2928a099a752b7e
299aaadb8975aea/node_
modules/[4msrc[24m/
libsql/session.ts:286
:10)
    at LibSQLPrepared
Query.all (file:///D:
/UIT_COURSES/SE100/Da
ilyDesk/node_modules/
[4m.pnpm[24m/drizzl
e-orm@0.44.7_@electri
_5c2928a099a752b7e299
aaadb8975aea/node_mod
ules/[4msrc[24m/lib
sql/session.ts:214:16
)
    at 
Module.deleteCard [9
0m(D:\UIT_COURSES\SE1
00\DailyDesk\backend\
[39msrc\services\car
ds.service.ts:893:24
[90m)[39m
    at [90mD:\UIT_CO
URSES\SE100\DailyDesk
\backend\[39msrc\rou
tes\cards.ts:298:24
    at dispatch (file
:///D:/UIT_COURSES/SE
100/DailyDesk/node_mo
dules/[4m.pnpm[24m/
hono@4.11.3/node_modu
les/[4mhono[24m/dis
t/compose.js:22:17)
    at file:///D:/UIT
_COURSES/SE100/DailyD
esk/node_modules/[4m
.pnpm[24m/hono@4.11.
3/node_modules/[4mho
no[24m/dist/validato
r/validator.js:81:12
    at dispatch (file
:///D:/UIT_COURSES/SE
100/DailyDesk/node_mo
dules/[4m.pnpm[24m/
hono@4.11.3/node_modu
les/[4mhono[24m/dis
t/compose.js:22:17)
    at [90mD:\UIT_CO
URSES\SE100\DailyDesk
\backend\[39mtests\h
elpers\auth.ts:27:5 {
  query: 
[32m'select "id", 
"name", 
"description", 
"order", 
"cover_url", 
"cover_public_id", 
"cover_color", 
"cover_mode", 
"list_id", 
"start_date", 
"deadline", 
"due_at", 
"due_complete", 
"reminder_minutes", 
"recurrence", 
"recurrence_day", "re
currence_weekday", 
"latitude", 
"longitude", 
"completed", 
"is_template", 
"created_at", 
"updated_at" from 
"cards" where 
"cards"."id" = ? 
limit ?'[39m,
  params: [ [32m'019
bc10a-b1ef-7ce3-8743-
91c5e1b19080'[39m, 
[33m1[39m ],
  cause: 
LibsqlError: 
SQLITE_ERROR: no 
such column: 
is_template
      at 
mapSqliteError (file:
///D:/UIT_COURSES/SE1
00/DailyDesk/node_mod
ules/[4m.pnpm[24m/@
libsql+client@0.15.15
/node_modules/[4m@li
bsql[24m/client/lib-
esm/sqlite3.js:392:16
)
      at executeStmt 
(file:///D:/UIT_COURS
ES/SE100/DailyDesk/no
de_modules/[4m.pnpm
[24m/@libsql+client@0
.15.15/node_modules/
[4m@libsql[24m/clien
t/lib-esm/sqlite3.js:
297:15)
      at Sqlite3Clien
t.execute (file:///D:
/UIT_COURSES/SE100/Da
ilyDesk/node_modules/
[4m.pnpm[24m/@libsq
l+client@0.15.15/node
_modules/[4m@libsql
[24m/client/lib-esm/s
qlite3.js:81:16)
  [90m    ... 5 
lines matching cause 
stack trace ...[39m
      at SQLiteSelect
Base.execute (file://
/D:/UIT_COURSES/SE100
/DailyDesk/node_modul
es/[4m.pnpm[24m/dri
zzle-orm@0.44.7_@elec
tri_5c2928a099a752b7e
299aaadb8975aea/node_
modules/[4msrc[24m/
sqlite-core/query-bui
lders/select.ts:962:1
5)
      at SQLiteSelect
Base.then (file:///D:
/UIT_COURSES/SE100/Da
ilyDesk/node_modules/
[4m.pnpm[24m/drizzl
e-orm@0.44.7_@electri
_5c2928a099a752b7e299
aaadb8975aea/node_mod
ules/[4msrc[24m/que
ry-promise.ts:31:15) 
{
    code: [32m'SQLIT
E_ERROR'[39m,
    rawCode: 
[33m1[39m,
    [cause]: 
SqliteError: no such 
column: is_template
        at 
convertError (D:\UIT_
COURSES\SE100\DailyDe
sk\node_modules\[4m.
pnpm[24m\libsql@0.5.
22\node_modules\[4ml
ibsql[24m\index.js:5
9:12)
        at 
Database.prepare (D:\
UIT_COURSES\SE100\Dai
lyDesk\node_modules\
[4m.pnpm[24m\libsql@
0.5.22\node_modules\
[4mlibsql[24m\index.
js:131:13)
        at 
executeStmt (file:///
D:/UIT_COURSES/SE100/
DailyDesk/node_module
s/[4m.pnpm[24m/@lib
sql+client@0.15.15/no
de_modules/[4m@libsq
l[24m/client/lib-esm
/sqlite3.js:268:28)
        at Sqlite3Cli
ent.execute (file:///
D:/UIT_COURSES/SE100/
DailyDesk/node_module
s/[4m.pnpm[24m/@lib
sql+client@0.15.15/no
de_modules/[4m@libsq
l[24m/client/lib-esm
/sqlite3.js:81:16)
        at file:///D:
/UIT_COURSES/SE100/Da
ilyDesk/node_modules/
[4m.pnpm[24m/drizzl
e-orm@0.44.7_@electri
_5c2928a099a752b7e299
aaadb8975aea/node_mod
ules/[4msrc[24m/lib
sql/session.ts:288:58
        at LibSQLPrep
aredQuery.queryWithCa
che (file:///D:/UIT_C
OURSES/SE100/DailyDes
k/node_modules/[4m.p
npm[24m/drizzle-orm@
0.44.7_@electri_5c292
8a099a752b7e299aaadb8
975aea/node_modules/
[4msrc[24m/sqlite-co
re/session.ts:78:18)
        at LibSQLPrep
aredQuery.values (fil
e:///D:/UIT_COURSES/S
E100/DailyDesk/node_m
odules/[4m.pnpm[24m
/drizzle-orm@0.44.7_@
electri_5c2928a099a75
2b7e299aaadb8975aea/n
ode_modules/[4msrc[
24m/libsql/session.ts
:286:21)
        at LibSQLPrep
aredQuery.all (file:/
//D:/UIT_COURSES/SE10
0/DailyDesk/node_modu
les/[4m.pnpm[24m/dr
izzle-orm@0.44.7_@ele
ctri_5c2928a099a752b7
e299aaadb8975aea/node
_modules/[4msrc[24m
/libsql/session.ts:21
4:27)
        at 
SQLiteSelectBase.all 
(file:///D:/UIT_COURS
ES/SE100/DailyDesk/no
de_modules/[4m.pnpm
[24m/drizzle-orm@0.44
.7_@electri_5c2928a09
9a752b7e299aaadb8975a
ea/node_modules/[4ms
rc[24m/sqlite-core/q
uery-builders/select.
ts:950:26)
        at SQLiteSele
ctBase.execute (file:
///D:/UIT_COURSES/SE1
00/DailyDesk/node_mod
ules/[4m.pnpm[24m/d
rizzle-orm@0.44.7_@el
ectri_5c2928a099a752b
7e299aaadb8975aea/nod
e_modules/[4msrc[24
m/sqlite-core/query-b
uilders/select.ts:962
:15) {
      code: [32m'SQL
ITE_ERROR'[39m,
      rawCode: 
[33m1[39m
    }
  }
}
Error in boards GET 
by ID route: 
DrizzleQueryError: 
Failed query: select 
"id", "name", 
"user_id", 
"background_url", "ba
ckground_public_id", 
"background_color", 
(select coalesce(json
_group_array(json_arr
ay("id", "name", 
"order", "board_id", 
(select coalesce(json
_group_array(json_arr
ay("id", "name", 
"description", 
"order", 
"cover_url", 
"cover_public_id", 
"cover_color", 
"cover_mode", 
"list_id", 
"start_date", 
"deadline", 
"due_at", 
"due_complete", 
"reminder_minutes", 
"recurrence", 
"recurrence_day", "re
currence_weekday", 
"latitude", 
"longitude", 
"completed", 
"is_template", 
"created_at", 
"updated_at")), 
json_array()) as 
"data" from (select 
* from "cards" "board
sTable_lists_cards" 
where "boardsTable_li
sts_cards"."list_id" 
= "boardsTable_lists"
."id" order by "board
sTable_lists_cards"."
order" asc) "boardsTa
ble_lists_cards"))), 
json_array()) as 
"data" from (select 
* from "lists" 
"boardsTable_lists" 
where "boardsTable_li
sts"."board_id" = 
"boardsTable"."id" 
order by "boardsTable
_lists"."order" asc) 
"boardsTable_lists") 
as "lists" from 
"boards" 
"boardsTable" where 
"boardsTable"."id" = 
? limit ?
params: 019bc10a-b1e3
-764a-86d5-ca5847dfee
b6,1
    at LibSQLPrepared
Query.queryWithCache 
(file:///D:/UIT_COURS
ES/SE100/DailyDesk/no
de_modules/[4m.pnpm
[24m/drizzle-orm@0.44
.7_@electri_5c2928a09
9a752b7e299aaadb8975a
ea/node_modules/[4ms
rc[24m/sqlite-core/s
ession.ts:80:11)
[90m    at processTi
cksAndRejections (nod
e:internal/process/ta
sk_queues:105:5)[39m
    at LibSQLPrepared
Query.values (file://
/D:/UIT_COURSES/SE100
/DailyDesk/node_modul
es/[4m.pnpm[24m/dri
zzle-orm@0.44.7_@elec
tri_5c2928a099a752b7e
299aaadb8975aea/node_
modules/[4msrc[24m/
libsql/session.ts:286
:10)
    at LibSQLPrepared
Query.get (file:///D:
/UIT_COURSES/SE100/Da
ilyDesk/node_modules/
[4m.pnpm[24m/drizzl
e-orm@0.44.7_@electri
_5c2928a099a752b7e299
aaadb8975aea/node_mod
ules/[4msrc[24m/lib
sql/session.ts:252:16
)
    at 
Module.getBoardById 
[90m(D:\UIT_COURSES\S
E100\DailyDesk\backen
d\[39msrc\services\b
oards.service.ts:214:
17[90m)[39m
    at [90mD:\UIT_CO
URSES\SE100\DailyDesk
\backend\[39msrc\rou
tes\boards.ts:137:23
    at dispatch (file
:///D:/UIT_COURSES/SE
100/DailyDesk/node_mo
dules/[4m.pnpm[24m/
hono@4.11.3/node_modu
les/[4mhono[24m/dis
t/compose.js:22:17)
    at file:///D:/UIT
_COURSES/SE100/DailyD
esk/node_modules/[4m
.pnpm[24m/hono@4.11.
3/node_modules/[4mho
no[24m/dist/validato
r/validator.js:81:12
    at dispatch (file
:///D:/UIT_COURSES/SE
100/DailyDesk/node_mo
dules/[4m.pnpm[24m/
hono@4.11.3/node_modu
les/[4mhono[24m/dis
t/compose.js:22:17)
    at [90mD:\UIT_CO
URSES\SE100\DailyDesk
\backend\[39mtests\h
elpers\auth.ts:27:5 {
  query: 
[32m'select "id", 
"name", "user_id", 
"background_url", "ba
ckground_public_id", 
"background_color", 
(select coalesce(json
_group_array(json_arr
ay("id", "name", 
"order", "board_id", 
(select coalesce(json
_group_array(json_arr
ay("id", "name", 
"description", 
"order", 
"cover_url", 
"cover_public_id", 
"cover_color", 
"cover_mode", 
"list_id", 
"start_date", 
"deadline", 
"due_at", 
"due_complete", 
"reminder_minutes", 
"recurrence", 
"recurrence_day", "re
currence_weekday", 
"latitude", 
"longitude", 
"completed", 
"is_template", 
"created_at", 
"updated_at")), 
json_array()) as 
"data" from (select 
* from "cards" "board
sTable_lists_cards" 
where "boardsTable_li
sts_cards"."list_id" 
= "boardsTable_lists"
."id" order by "board
sTable_lists_cards"."
order" asc) "boardsTa
ble_lists_cards"))), 
json_array()) as 
"data" from (select 
* from "lists" 
"boardsTable_lists" 
where "boardsTable_li
sts"."board_id" = 
"boardsTable"."id" 
order by "boardsTable
_lists"."order" asc) 
"boardsTable_lists") 
as "lists" from 
"boards" 
"boardsTable" where 
"boardsTable"."id" = 
? limit ?'[39m,
  params: [ [32m'019
bc10a-b1e3-764a-86d5-
ca5847dfeeb6'[39m, 
[33m1[39m ],
  cause: 
LibsqlError: 
SQLITE_ERROR: no 
such column: 
is_template
      at 
mapSqliteError (file:
///D:/UIT_COURSES/SE1
00/DailyDesk/node_mod
ules/[4m.pnpm[24m/@
libsql+client@0.15.15
/node_modules/[4m@li
bsql[24m/client/lib-
esm/sqlite3.js:392:16
)
      at executeStmt 
(file:///D:/UIT_COURS
ES/SE100/DailyDesk/no
de_modules/[4m.pnpm
[24m/@libsql+client@0
.15.15/node_modules/
[4m@libsql[24m/clien
t/lib-esm/sqlite3.js:
297:15)
      at Sqlite3Clien
t.execute (file:///D:
/UIT_COURSES/SE100/Da
ilyDesk/node_modules/
[4m.pnpm[24m/@libsq
l+client@0.15.15/node
_modules/[4m@libsql
[24m/client/lib-esm/s
qlite3.js:81:16)
  [90m    ... 5 
lines matching cause 
stack trace ...[39m
      at 
QueryPromise.execute 
(file:///D:/UIT_COURS
ES/SE100/DailyDesk/no
de_modules/[4m.pnpm
[24m/drizzle-orm@0.44
.7_@electri_5c2928a09
9a752b7e299aaadb8975a
ea/node_modules/[4ms
rc[24m/sqlite-core/q
uery-builders/query.t
s:197:15)
      at 
QueryPromise.then (fi
le:///D:/UIT_COURSES/
SE100/DailyDesk/node_
modules/[4m.pnpm[24
m/drizzle-orm@0.44.7_
@electri_5c2928a099a7
52b7e299aaadb8975aea/
node_modules/[4msrc
[24m/query-promise.ts
:31:15) {
    code: [32m'SQLIT
E_ERROR'[39m,
    rawCode: 
[33m1[39m,
    [cause]: 
SqliteError: no such 
column: is_template
        at 
convertError (D:\UIT_
COURSES\SE100\DailyDe
sk\node_modules\[4m.
pnpm[24m\libsql@0.5.
22\node_modules\[4ml
ibsql[24m\index.js:5
9:12)
        at 
Database.prepare (D:\
UIT_COURSES\SE100\Dai
lyDesk\node_modules\
[4m.pnpm[24m\libsql@
0.5.22\node_modules\
[4mlibsql[24m\index.
js:131:13)
        at 
executeStmt (file:///
D:/UIT_COURSES/SE100/
DailyDesk/node_module
s/[4m.pnpm[24m/@lib
sql+client@0.15.15/no
de_modules/[4m@libsq
l[24m/client/lib-esm
/sqlite3.js:268:28)
        at Sqlite3Cli
ent.execute (file:///
D:/UIT_COURSES/SE100/
DailyDesk/node_module
s/[4m.pnpm[24m/@lib
sql+client@0.15.15/no
de_modules/[4m@libsq
l[24m/client/lib-esm
/sqlite3.js:81:16)
        at file:///D:
/UIT_COURSES/SE100/Da
ilyDesk/node_modules/
[4m.pnpm[24m/drizzl
e-orm@0.44.7_@electri
_5c2928a099a752b7e299
aaadb8975aea/node_mod
ules/[4msrc[24m/lib
sql/session.ts:288:58
        at LibSQLPrep
aredQuery.queryWithCa
che (file:///D:/UIT_C
OURSES/SE100/DailyDes
k/node_modules/[4m.p
npm[24m/drizzle-orm@
0.44.7_@electri_5c292
8a099a752b7e299aaadb8
975aea/node_modules/
[4msrc[24m/sqlite-co
re/session.ts:78:18)
        at LibSQLPrep
aredQuery.values (fil
e:///D:/UIT_COURSES/S
E100/DailyDesk/node_m
odules/[4m.pnpm[24m
/drizzle-orm@0.44.7_@
electri_5c2928a099a75
2b7e299aaadb8975aea/n
ode_modules/[4msrc[
24m/libsql/session.ts
:286:21)
        at LibSQLPrep
aredQuery.get (file:/
//D:/UIT_COURSES/SE10
0/DailyDesk/node_modu
les/[4m.pnpm[24m/dr
izzle-orm@0.44.7_@ele
ctri_5c2928a099a752b7
e299aaadb8975aea/node
_modules/[4msrc[24m
/libsql/session.ts:25
2:27)
        at QueryPromi
se.executeRaw (file:/
//D:/UIT_COURSES/SE10
0/DailyDesk/node_modu
les/[4m.pnpm[24m/dr
izzle-orm@0.44.7_@ele
ctri_5c2928a099a752b7
e299aaadb8975aea/node
_modules/[4msrc[24m
/sqlite-core/query-bu
ilders/query.ts:191:3
2)
        at 
QueryPromise.execute 
(file:///D:/UIT_COURS
ES/SE100/DailyDesk/no
de_modules/[4m.pnpm
[24m/drizzle-orm@0.44
.7_@electri_5c2928a09
9a752b7e299aaadb8975a
ea/node_modules/[4ms
rc[24m/sqlite-core/q
uery-builders/query.t
s:197:15) {
      code: [32m'SQL
ITE_ERROR'[39m,
      rawCode: 
[33m1[39m
    }
  }
}

[90mstderr[2m | tes
ts/cards/cards.test.t
s[2m > 
[22m[2mCards API 
Integration 
Tests[2m > 
[22m[2mCard 
ordering[2m > 
[22m[2mshould 
maintain correct 
order when multiple 
cards are created
[22m[39mDrizzleQuer
yError: Failed 
query: select "id", 
"name", 
"description", 
"order", 
"cover_url", 
"cover_public_id", 
"cover_color", 
"cover_mode", 
"list_id", 
"start_date", 
"deadline", 
"due_at", 
"due_complete", 
"reminder_minutes", 
"recurrence", 
"recurrence_day", "re
currence_weekday", 
"latitude", 
"longitude", 
"completed", 
"is_template", 
"created_at", 
"updated_at" from 
"cards" where 
"cards"."list_id" = ?
params: 019bc10a-b203
-7035-b409-90667f1d72
85
    at LibSQLPrepared
Query.queryWithCache 
(file:///D:/UIT_COURS
ES/SE100/DailyDesk/no
de_modules/[4m.pnpm
[24m/drizzle-orm@0.44
.7_@electri_5c2928a09
9a752b7e299aaadb8975a
ea/node_modules/[4ms
rc[24m/sqlite-core/s
ession.ts:80:11)
[90m    at processTi
cksAndRejections (nod
e:internal/process/ta
sk_queues:105:5)[39m
    at LibSQLPrepared
Query.values (file://
/D:/UIT_COURSES/SE100
/DailyDesk/node_modul
es/[4m.pnpm[24m/dri
zzle-orm@0.44.7_@elec
tri_5c2928a099a752b7e
299aaadb8975aea/node_
modules/[4msrc[24m/
libsql/session.ts:286
:10)
    at LibSQLPrepared
Query.all (file:///D:
/UIT_COURSES/SE100/Da
ilyDesk/node_modules/
[4m.pnpm[24m/drizzl
e-orm@0.44.7_@electri
_5c2928a099a752b7e299
aaadb8975aea/node_mod
ules/[4msrc[24m/lib
sql/session.ts:214:16
)
    at 
Module.createCard [9
0m(D:\UIT_COURSES\SE1
00\DailyDesk\backend\
[39msrc\services\car
ds.service.ts:311:23
[90m)[39m
    at [90mD:\UIT_CO
URSES\SE100\DailyDesk
\backend\[39msrc\rou
tes\cards.ts:150:22
    at dispatch (file
:///D:/UIT_COURSES/SE
100/DailyDesk/node_mo
dules/[4m.pnpm[24m/
hono@4.11.3/node_modu
les/[4mhono[24m/dis
t/compose.js:22:17)
    at file:///D:/UIT
_COURSES/SE100/DailyD
esk/node_modules/[4m
.pnpm[24m/hono@4.11.
3/node_modules/[4mho
no[24m/dist/validato
r/validator.js:81:12
    at mw (file:///D:
/UIT_COURSES/SE100/Da
ilyDesk/node_modules/
[4m.pnpm[24m/@hono+
zod-openapi@1.2.0_hon
o@4.11.3_zod@4.3.5/no
de_modules/[4m@hono
[24m/zod-openapi/src/
index.ts:546:26)
    at dispatch (file
:///D:/UIT_COURSES/SE
100/DailyDesk/node_mo
dules/[4m.pnpm[24m/
hono@4.11.3/node_modu
les/[4mhono[24m/dis
t/compose.js:22:17) {
  query: 
[32m'select "id", 
"name", 
"description", 
"order", 
"cover_url", 
"cover_public_id", 
"cover_color", 
"cover_mode", 
"list_id", 
"start_date", 
"deadline", 
"due_at", 
"due_complete", 
"reminder_minutes", 
"recurrence", 
"recurrence_day", "re
currence_weekday", 
"latitude", 
"longitude", 
"completed", 
"is_template", 
"created_at", 
"updated_at" from 
"cards" where 
"cards"."list_id" = 
?'[39m,
  params: [ [32m'019
bc10a-b203-7035-b409-
90667f1d7285'[39m ],
  cause: 
LibsqlError: 
SQLITE_ERROR: no 
such column: 
is_template
      at 
mapSqliteError (file:
///D:/UIT_COURSES/SE1
00/DailyDesk/node_mod
ules/[4m.pnpm[24m/@
libsql+client@0.15.15
/node_modules/[4m@li
bsql[24m/client/lib-
esm/sqlite3.js:392:16
)
      at executeStmt 
(file:///D:/UIT_COURS
ES/SE100/DailyDesk/no
de_modules/[4m.pnpm
[24m/@libsql+client@0
.15.15/node_modules/
[4m@libsql[24m/clien
t/lib-esm/sqlite3.js:
297:15)
      at Sqlite3Clien
t.execute (file:///D:
/UIT_COURSES/SE100/Da
ilyDesk/node_modules/
[4m.pnpm[24m/@libsq
l+client@0.15.15/node
_modules/[4m@libsql
[24m/client/lib-esm/s
qlite3.js:81:16)
  [90m    ... 5 
lines matching cause 
stack trace ...[39m
      at SQLiteSelect
Base.execute (file://
/D:/UIT_COURSES/SE100
/DailyDesk/node_modul
es/[4m.pnpm[24m/dri
zzle-orm@0.44.7_@elec
tri_5c2928a099a752b7e
299aaadb8975aea/node_
modules/[4msrc[24m/
sqlite-core/query-bui
lders/select.ts:962:1
5)
      at SQLiteSelect
Base.then (file:///D:
/UIT_COURSES/SE100/Da
ilyDesk/node_modules/
[4m.pnpm[24m/drizzl
e-orm@0.44.7_@electri
_5c2928a099a752b7e299
aaadb8975aea/node_mod
ules/[4msrc[24m/que
ry-promise.ts:31:15) 
{
    code: [32m'SQLIT
E_ERROR'[39m,
    rawCode: 
[33m1[39m,
    [cause]: 
SqliteError: no such 
column: is_template
        at 
convertError (D:\UIT_
COURSES\SE100\DailyDe
sk\node_modules\[4m.
pnpm[24m\libsql@0.5.
22\node_modules\[4ml
ibsql[24m\index.js:5
9:12)
        at 
Database.prepare (D:\
UIT_COURSES\SE100\Dai
lyDesk\node_modules\
[4m.pnpm[24m\libsql@
0.5.22\node_modules\
[4mlibsql[24m\index.
js:131:13)
        at 
executeStmt (file:///
D:/UIT_COURSES/SE100/
DailyDesk/node_module
s/[4m.pnpm[24m/@lib
sql+client@0.15.15/no
de_modules/[4m@libsq
l[24m/client/lib-esm
/sqlite3.js:268:28)
        at Sqlite3Cli
ent.execute (file:///
D:/UIT_COURSES/SE100/
DailyDesk/node_module
s/[4m.pnpm[24m/@lib
sql+client@0.15.15/no
de_modules/[4m@libsq
l[24m/client/lib-esm
/sqlite3.js:81:16)
        at file:///D:
/UIT_COURSES/SE100/Da
ilyDesk/node_modules/
[4m.pnpm[24m/drizzl
e-orm@0.44.7_@electri
_5c2928a099a752b7e299
aaadb8975aea/node_mod
ules/[4msrc[24m/lib
sql/session.ts:288:58
        at LibSQLPrep
aredQuery.queryWithCa
che (file:///D:/UIT_C
OURSES/SE100/DailyDes
k/node_modules/[4m.p
npm[24m/drizzle-orm@
0.44.7_@electri_5c292
8a099a752b7e299aaadb8
975aea/node_modules/
[4msrc[24m/sqlite-co
re/session.ts:78:18)
        at LibSQLPrep
aredQuery.values (fil
e:///D:/UIT_COURSES/S
E100/DailyDesk/node_m
odules/[4m.pnpm[24m
/drizzle-orm@0.44.7_@
electri_5c2928a099a75
2b7e299aaadb8975aea/n
ode_modules/[4msrc[
24m/libsql/session.ts
:286:21)
        at LibSQLPrep
aredQuery.all (file:/
//D:/UIT_COURSES/SE10
0/DailyDesk/node_modu
les/[4m.pnpm[24m/dr
izzle-orm@0.44.7_@ele
ctri_5c2928a099a752b7
e299aaadb8975aea/node
_modules/[4msrc[24m
/libsql/session.ts:21
4:27)
        at 
SQLiteSelectBase.all 
(file:///D:/UIT_COURS
ES/SE100/DailyDesk/no
de_modules/[4m.pnpm
[24m/drizzle-orm@0.44
.7_@electri_5c2928a09
9a752b7e299aaadb8975a
ea/node_modules/[4ms
rc[24m/sqlite-core/q
uery-builders/select.
ts:950:26)
        at SQLiteSele
ctBase.execute (file:
///D:/UIT_COURSES/SE1
00/DailyDesk/node_mod
ules/[4m.pnpm[24m/d
rizzle-orm@0.44.7_@el
ectri_5c2928a099a752b
7e299aaadb8975aea/nod
e_modules/[4msrc[24
m/sqlite-core/query-b
uilders/select.ts:962
:15) {
      code: [32m'SQL
ITE_ERROR'[39m,
      rawCode: 
[33m1[39m
    }
  }
}
DrizzleQueryError: 
Failed query: select 
"id", "name", 
"description", 
"order", 
"cover_url", 
"cover_public_id", 
"cover_color", 
"cover_mode", 
"list_id", 
"start_date", 
"deadline", 
"due_at", 
"due_complete", 
"reminder_minutes", 
"recurrence", 
"recurrence_day", "re
currence_weekday", 
"latitude", 
"longitude", 
"completed", 
"is_template", 
"created_at", 
"updated_at" from 
"cards" where 
"cards"."list_id" = ?
params: 019bc10a-b203
-7035-b409-90667f1d72
85
    at LibSQLPrepared
Query.queryWithCache 
(file:///D:/UIT_COURS
ES/SE100/DailyDesk/no
de_modules/[4m.pnpm
[24m/drizzle-orm@0.44
.7_@electri_5c2928a09
9a752b7e299aaadb8975a
ea/node_modules/[4ms
rc[24m/sqlite-core/s
ession.ts:80:11)
[90m    at processTi
cksAndRejections (nod
e:internal/process/ta
sk_queues:105:5)[39m
    at LibSQLPrepared
Query.values (file://
/D:/UIT_COURSES/SE100
/DailyDesk/node_modul
es/[4m.pnpm[24m/dri
zzle-orm@0.44.7_@elec
tri_5c2928a099a752b7e
299aaadb8975aea/node_
modules/[4msrc[24m/
libsql/session.ts:286
:10)
    at LibSQLPrepared
Query.all (file:///D:
/UIT_COURSES/SE100/Da
ilyDesk/node_modules/
[4m.pnpm[24m/drizzl
e-orm@0.44.7_@electri
_5c2928a099a752b7e299
aaadb8975aea/node_mod
ules/[4msrc[24m/lib
sql/session.ts:214:16
)
    at 
Module.createCard [9
0m(D:\UIT_COURSES\SE1
00\DailyDesk\backend\
[39msrc\services\car
ds.service.ts:311:23
[90m)[39m
    at [90mD:\UIT_CO
URSES\SE100\DailyDesk
\backend\[39msrc\rou
tes\cards.ts:150:22
    at dispatch (file
:///D:/UIT_COURSES/SE
100/DailyDesk/node_mo
dules/[4m.pnpm[24m/
hono@4.11.3/node_modu
les/[4mhono[24m/dis
t/compose.js:22:17)
    at file:///D:/UIT
_COURSES/SE100/DailyD
esk/node_modules/[4m
.pnpm[24m/hono@4.11.
3/node_modules/[4mho
no[24m/dist/validato
r/validator.js:81:12
    at mw (file:///D:
/UIT_COURSES/SE100/Da
ilyDesk/node_modules/
[4m.pnpm[24m/@hono+
zod-openapi@1.2.0_hon
o@4.11.3_zod@4.3.5/no
de_modules/[4m@hono
[24m/zod-openapi/src/
index.ts:546:26)
    at dispatch (file
:///D:/UIT_COURSES/SE
100/DailyDesk/node_mo
dules/[4m.pnpm[24m/
hono@4.11.3/node_modu
les/[4mhono[24m/dis
t/compose.js:22:17) {
  query: 
[32m'select "id", 
"name", 
"description", 
"order", 
"cover_url", 
"cover_public_id", 
"cover_color", 
"cover_mode", 
"list_id", 
"start_date", 
"deadline", 
"due_at", 
"due_complete", 
"reminder_minutes", 
"recurrence", 
"recurrence_day", "re
currence_weekday", 
"latitude", 
"longitude", 
"completed", 
"is_template", 
"created_at", 
"updated_at" from 
"cards" where 
"cards"."list_id" = 
?'[39m,
  params: [ [32m'019
bc10a-b203-7035-b409-
90667f1d7285'[39m ],
  cause: 
LibsqlError: 
SQLITE_ERROR: no 
such column: 
is_template
      at 
mapSqliteError (file:
///D:/UIT_COURSES/SE1
00/DailyDesk/node_mod
ules/[4m.pnpm[24m/@
libsql+client@0.15.15
/node_modules/[4m@li
bsql[24m/client/lib-
esm/sqlite3.js:392:16
)
      at executeStmt 
(file:///D:/UIT_COURS
ES/SE100/DailyDesk/no
de_modules/[4m.pnpm
[24m/@libsql+client@0
.15.15/node_modules/
[4m@libsql[24m/clien
t/lib-esm/sqlite3.js:
297:15)
      at Sqlite3Clien
t.execute (file:///D:
/UIT_COURSES/SE100/Da
ilyDesk/node_modules/
[4m.pnpm[24m/@libsq
l+client@0.15.15/node
_modules/[4m@libsql
[24m/client/lib-esm/s
qlite3.js:81:16)
  [90m    ... 5 
lines matching cause 
stack trace ...[39m
      at SQLiteSelect
Base.execute (file://
/D:/UIT_COURSES/SE100
/DailyDesk/node_modul
es/[4m.pnpm[24m/dri
zzle-orm@0.44.7_@elec
tri_5c2928a099a752b7e
299aaadb8975aea/node_
modules/[4msrc[24m/
sqlite-core/query-bui
lders/select.ts:962:1
5)
      at SQLiteSelect
Base.then (file:///D:
/UIT_COURSES/SE100/Da
ilyDesk/node_modules/
[4m.pnpm[24m/drizzl
e-orm@0.44.7_@electri
_5c2928a099a752b7e299
aaadb8975aea/node_mod
ules/[4msrc[24m/que
ry-promise.ts:31:15) 
{
    code: [32m'SQLIT
E_ERROR'[39m,
    rawCode: 
[33m1[39m,
    [cause]: 
SqliteError: no such 
column: is_template
        at 
convertError (D:\UIT_
COURSES\SE100\DailyDe
sk\node_modules\[4m.
pnpm[24m\libsql@0.5.
22\node_modules\[4ml
ibsql[24m\index.js:5
9:12)
        at 
Database.prepare (D:\
UIT_COURSES\SE100\Dai
lyDesk\node_modules\
[4m.pnpm[24m\libsql@
0.5.22\node_modules\
[4mlibsql[24m\index.
js:131:13)
        at 
executeStmt (file:///
D:/UIT_COURSES/SE100/
DailyDesk/node_module
s/[4m.pnpm[24m/@lib
sql+client@0.15.15/no
de_modules/[4m@libsq
l[24m/client/lib-esm
/sqlite3.js:268:28)
        at Sqlite3Cli
ent.execute (file:///
D:/UIT_COURSES/SE100/
DailyDesk/node_module
s/[4m.pnpm[24m/@lib
sql+client@0.15.15/no
de_modules/[4m@libsq
l[24m/client/lib-esm
/sqlite3.js:81:16)
        at file:///D:
/UIT_COURSES/SE100/Da
ilyDesk/node_modules/
[4m.pnpm[24m/drizzl
e-orm@0.44.7_@electri
_5c2928a099a752b7e299
aaadb8975aea/node_mod
ules/[4msrc[24m/lib
sql/session.ts:288:58
        at LibSQLPrep
aredQuery.queryWithCa
che (file:///D:/UIT_C
OURSES/SE100/DailyDes
k/node_modules/[4m.p
npm[24m/drizzle-orm@
0.44.7_@electri_5c292
8a099a752b7e299aaadb8
975aea/node_modules/
[4msrc[24m/sqlite-co
re/session.ts:78:18)
        at LibSQLPrep
aredQuery.values (fil
e:///D:/UIT_COURSES/S
E100/DailyDesk/node_m
odules/[4m.pnpm[24m
/drizzle-orm@0.44.7_@
electri_5c2928a099a75
2b7e299aaadb8975aea/n
ode_modules/[4msrc[
24m/libsql/session.ts
:286:21)
        at LibSQLPrep
aredQuery.all (file:/
//D:/UIT_COURSES/SE10
0/DailyDesk/node_modu
les/[4m.pnpm[24m/dr
izzle-orm@0.44.7_@ele
ctri_5c2928a099a752b7
e299aaadb8975aea/node
_modules/[4msrc[24m
/libsql/session.ts:21
4:27)
        at 
SQLiteSelectBase.all 
(file:///D:/UIT_COURS
ES/SE100/DailyDesk/no
de_modules/[4m.pnpm
[24m/drizzle-orm@0.44
.7_@electri_5c2928a09
9a752b7e299aaadb8975a
ea/node_modules/[4ms
rc[24m/sqlite-core/q
uery-builders/select.
ts:950:26)
        at SQLiteSele
ctBase.execute (file:
///D:/UIT_COURSES/SE1
00/DailyDesk/node_mod
ules/[4m.pnpm[24m/d
rizzle-orm@0.44.7_@el
ectri_5c2928a099a752b
7e299aaadb8975aea/nod
e_modules/[4msrc[24
m/sqlite-core/query-b
uilders/select.ts:962
:15) {
      code: [32m'SQL
ITE_ERROR'[39m,
      rawCode: 
[33m1[39m
    }
  }
}
DrizzleQueryError: 
Failed query: select 
"id", "name", 
"description", 
"order", 
"cover_url", 
"cover_public_id", 
"cover_color", 
"cover_mode", 
"list_id", 
"start_date", 
"deadline", 
"due_at", 
"due_complete", 
"reminder_minutes", 
"recurrence", 
"recurrence_day", "re
currence_weekday", 
"latitude", 
"longitude", 
"completed", 
"is_template", 
"created_at", 
"updated_at" from 
"cards" where 
"cards"."list_id" = ?
params: 019bc10a-b203
-7035-b409-90667f1d72
85
    at LibSQLPrepared
Query.queryWithCache 
(file:///D:/UIT_COURS
ES/SE100/DailyDesk/no
de_modules/[4m.pnpm
[24m/drizzle-orm@0.44
.7_@electri_5c2928a09
9a752b7e299aaadb8975a
ea/node_modules/[4ms
rc[24m/sqlite-core/s
ession.ts:80:11)
[90m    at processTi
cksAndRejections (nod
e:internal/process/ta
sk_queues:105:5)[39m
    at LibSQLPrepared
Query.values (file://
/D:/UIT_COURSES/SE100
/DailyDesk/node_modul
es/[4m.pnpm[24m/dri
zzle-orm@0.44.7_@elec
tri_5c2928a099a752b7e
299aaadb8975aea/node_
modules/[4msrc[24m/
libsql/session.ts:286
:10)
    at LibSQLPrepared
Query.all (file:///D:
/UIT_COURSES/SE100/Da
ilyDesk/node_modules/
[4m.pnpm[24m/drizzl
e-orm@0.44.7_@electri
_5c2928a099a752b7e299
aaadb8975aea/node_mod
ules/[4msrc[24m/lib
sql/session.ts:214:16
)
    at 
Module.createCard [9
0m(D:\UIT_COURSES\SE1
00\DailyDesk\backend\
[39msrc\services\car
ds.service.ts:311:23
[90m)[39m
    at [90mD:\UIT_CO
URSES\SE100\DailyDesk
\backend\[39msrc\rou
tes\cards.ts:150:22
    at dispatch (file
:///D:/UIT_COURSES/SE
100/DailyDesk/node_mo
dules/[4m.pnpm[24m/
hono@4.11.3/node_modu
les/[4mhono[24m/dis
t/compose.js:22:17)
    at file:///D:/UIT
_COURSES/SE100/DailyD
esk/node_modules/[4m
.pnpm[24m/hono@4.11.
3/node_modules/[4mho
no[24m/dist/validato
r/validator.js:81:12
    at mw (file:///D:
/UIT_COURSES/SE100/Da
ilyDesk/node_modules/
[4m.pnpm[24m/@hono+
zod-openapi@1.2.0_hon
o@4.11.3_zod@4.3.5/no
de_modules/[4m@hono
[24m/zod-openapi/src/
index.ts:546:26)
    at dispatch (file
:///D:/UIT_COURSES/SE
100/DailyDesk/node_mo
dules/[4m.pnpm[24m/
hono@4.11.3/node_modu
les/[4mhono[24m/dis
t/compose.js:22:17) {
  query: 
[32m'select "id", 
"name", 
"description", 
"order", 
"cover_url", 
"cover_public_id", 
"cover_color", 
"cover_mode", 
"list_id", 
"start_date", 
"deadline", 
"due_at", 
"due_complete", 
"reminder_minutes", 
"recurrence", 
"recurrence_day", "re
currence_weekday", 
"latitude", 
"longitude", 
"completed", 
"is_template", 
"created_at", 
"updated_at" from 
"cards" where 
"cards"."list_id" = 
?'[39m,
  params: [ [32m'019
bc10a-b203-7035-b409-
90667f1d7285'[39m ],
  cause: 
LibsqlError: 
SQLITE_ERROR: no 
such column: 
is_template
      at 
mapSqliteError (file:
///D:/UIT_COURSES/SE1
00/DailyDesk/node_mod
ules/[4m.pnpm[24m/@
libsql+client@0.15.15
/node_modules/[4m@li
bsql[24m/client/lib-
esm/sqlite3.js:392:16
)
      at executeStmt 
(file:///D:/UIT_COURS
ES/SE100/DailyDesk/no
de_modules/[4m.pnpm
[24m/@libsql+client@0
.15.15/node_modules/
[4m@libsql[24m/clien
t/lib-esm/sqlite3.js:
297:15)
      at Sqlite3Clien
t.execute (file:///D:
/UIT_COURSES/SE100/Da
ilyDesk/node_modules/
[4m.pnpm[24m/@libsq
l+client@0.15.15/node
_modules/[4m@libsql
[24m/client/lib-esm/s
qlite3.js:81:16)
  [90m    ... 5 
lines matching cause 
stack trace ...[39m
      at SQLiteSelect
Base.execute (file://
/D:/UIT_COURSES/SE100
/DailyDesk/node_modul
es/[4m.pnpm[24m/dri
zzle-orm@0.44.7_@elec
tri_5c2928a099a752b7e
299aaadb8975aea/node_
modules/[4msrc[24m/
sqlite-core/query-bui
lders/select.ts:962:1
5)
      at SQLiteSelect
Base.then (file:///D:
/UIT_COURSES/SE100/Da
ilyDesk/node_modules/
[4m.pnpm[24m/drizzl
e-orm@0.44.7_@electri
_5c2928a099a752b7e299
aaadb8975aea/node_mod
ules/[4msrc[24m/que
ry-promise.ts:31:15) 
{
    code: [32m'SQLIT
E_ERROR'[39m,
    rawCode: 
[33m1[39m,
    [cause]: 
SqliteError: no such 
column: is_template
        at 
convertError (D:\UIT_
COURSES\SE100\DailyDe
sk\node_modules\[4m.
pnpm[24m\libsql@0.5.
22\node_modules\[4ml
ibsql[24m\index.js:5
9:12)
        at 
Database.prepare (D:\
UIT_COURSES\SE100\Dai
lyDesk\node_modules\
[4m.pnpm[24m\libsql@
0.5.22\node_modules\
[4mlibsql[24m\index.
js:131:13)
        at 
executeStmt (file:///
D:/UIT_COURSES/SE100/
DailyDesk/node_module
s/[4m.pnpm[24m/@lib
sql+client@0.15.15/no
de_modules/[4m@libsq
l[24m/client/lib-esm
/sqlite3.js:268:28)
        at Sqlite3Cli
ent.execute (file:///
D:/UIT_COURSES/SE100/
DailyDesk/node_module
s/[4m.pnpm[24m/@lib
sql+client@0.15.15/no
de_modules/[4m@libsq
l[24m/client/lib-esm
/sqlite3.js:81:16)
        at file:///D:
/UIT_COURSES/SE100/Da
ilyDesk/node_modules/
[4m.pnpm[24m/drizzl
e-orm@0.44.7_@electri
_5c2928a099a752b7e299
aaadb8975aea/node_mod
ules/[4msrc[24m/lib
sql/session.ts:288:58
        at LibSQLPrep
aredQuery.queryWithCa
che (file:///D:/UIT_C
OURSES/SE100/DailyDes
k/node_modules/[4m.p
npm[24m/drizzle-orm@
0.44.7_@electri_5c292
8a099a752b7e299aaadb8
975aea/node_modules/
[4msrc[24m/sqlite-co
re/session.ts:78:18)
        at LibSQLPrep
aredQuery.values (fil
e:///D:/UIT_COURSES/S
E100/DailyDesk/node_m
odules/[4m.pnpm[24m
/drizzle-orm@0.44.7_@
electri_5c2928a099a75
2b7e299aaadb8975aea/n
ode_modules/[4msrc[
24m/libsql/session.ts
:286:21)
        at LibSQLPrep
aredQuery.all (file:/
//D:/UIT_COURSES/SE10
0/DailyDesk/node_modu
les/[4m.pnpm[24m/dr
izzle-orm@0.44.7_@ele
ctri_5c2928a099a752b7
e299aaadb8975aea/node
_modules/[4msrc[24m
/libsql/session.ts:21
4:27)
        at 
SQLiteSelectBase.all 
(file:///D:/UIT_COURS
ES/SE100/DailyDesk/no
de_modules/[4m.pnpm
[24m/drizzle-orm@0.44
.7_@electri_5c2928a09
9a752b7e299aaadb8975a
ea/node_modules/[4ms
rc[24m/sqlite-core/q
uery-builders/select.
ts:950:26)
        at SQLiteSele
ctBase.execute (file:
///D:/UIT_COURSES/SE1
00/DailyDesk/node_mod
ules/[4m.pnpm[24m/d
rizzle-orm@0.44.7_@el
ectri_5c2928a099a752b
7e299aaadb8975aea/nod
e_modules/[4msrc[24
m/sqlite-core/query-b
uilders/select.ts:962
:15) {
      code: [32m'SQL
ITE_ERROR'[39m,
      rawCode: 
[33m1[39m
    }
  }
}
Error in boards GET 
by ID route: 
DrizzleQueryError: 
Failed query: select 
"id", "name", 
"user_id", 
"background_url", "ba
ckground_public_id", 
"background_color", 
(select coalesce(json
_group_array(json_arr
ay("id", "name", 
"order", "board_id", 
(select coalesce(json
_group_array(json_arr
ay("id", "name", 
"description", 
"order", 
"cover_url", 
"cover_public_id", 
"cover_color", 
"cover_mode", 
"list_id", 
"start_date", 
"deadline", 
"due_at", 
"due_complete", 
"reminder_minutes", 
"recurrence", 
"recurrence_day", "re
currence_weekday", 
"latitude", 
"longitude", 
"completed", 
"is_template", 
"created_at", 
"updated_at")), 
json_array()) as 
"data" from (select 
* from "cards" "board
sTable_lists_cards" 
where "boardsTable_li
sts_cards"."list_id" 
= "boardsTable_lists"
."id" order by "board
sTable_lists_cards"."
order" asc) "boardsTa
ble_lists_cards"))), 
json_array()) as 
"data" from (select 
* from "lists" 
"boardsTable_lists" 
where "boardsTable_li
sts"."board_id" = 
"boardsTable"."id" 
order by "boardsTable
_lists"."order" asc) 
"boardsTable_lists") 
as "lists" from 
"boards" 
"boardsTable" where 
"boardsTable"."id" = 
? limit ?
params: 019bc10a-b201
-7f07-a769-e90ce195fe
f3,1
    at LibSQLPrepared
Query.queryWithCache 
(file:///D:/UIT_COURS
ES/SE100/DailyDesk/no
de_modules/[4m.pnpm
[24m/drizzle-orm@0.44
.7_@electri_5c2928a09
9a752b7e299aaadb8975a
ea/node_modules/[4ms
rc[24m/sqlite-core/s
ession.ts:80:11)
[90m    at processTi
cksAndRejections (nod
e:internal/process/ta
sk_queues:105:5)[39m
    at LibSQLPrepared
Query.values (file://
/D:/UIT_COURSES/SE100
/DailyDesk/node_modul
es/[4m.pnpm[24m/dri
zzle-orm@0.44.7_@elec
tri_5c2928a099a752b7e
299aaadb8975aea/node_
modules/[4msrc[24m/
libsql/session.ts:286
:10)
    at LibSQLPrepared
Query.get (file:///D:
/UIT_COURSES/SE100/Da
ilyDesk/node_modules/
[4m.pnpm[24m/drizzl
e-orm@0.44.7_@electri
_5c2928a099a752b7e299
aaadb8975aea/node_mod
ules/[4msrc[24m/lib
sql/session.ts:252:16
)
    at 
Module.getBoardById 
[90m(D:\UIT_COURSES\S
E100\DailyDesk\backen
d\[39msrc\services\b
oards.service.ts:214:
17[90m)[39m
    at [90mD:\UIT_CO
URSES\SE100\DailyDesk
\backend\[39msrc\rou
tes\boards.ts:137:23
    at dispatch (file
:///D:/UIT_COURSES/SE
100/DailyDesk/node_mo
dules/[4m.pnpm[24m/
hono@4.11.3/node_modu
les/[4mhono[24m/dis
t/compose.js:22:17)
    at file:///D:/UIT
_COURSES/SE100/DailyD
esk/node_modules/[4m
.pnpm[24m/hono@4.11.
3/node_modules/[4mho
no[24m/dist/validato
r/validator.js:81:12
    at dispatch (file
:///D:/UIT_COURSES/SE
100/DailyDesk/node_mo
dules/[4m.pnpm[24m/
hono@4.11.3/node_modu
les/[4mhono[24m/dis
t/compose.js:22:17)
    at [90mD:\UIT_CO
URSES\SE100\DailyDesk
\backend\[39mtests\h
elpers\auth.ts:27:5 {
  query: 
[32m'select "id", 
"name", "user_id", 
"background_url", "ba
ckground_public_id", 
"background_color", 
(select coalesce(json
_group_array(json_arr
ay("id", "name", 
"order", "board_id", 
(select coalesce(json
_group_array(json_arr
ay("id", "name", 
"description", 
"order", 
"cover_url", 
"cover_public_id", 
"cover_color", 
"cover_mode", 
"list_id", 
"start_date", 
"deadline", 
"due_at", 
"due_complete", 
"reminder_minutes", 
"recurrence", 
"recurrence_day", "re
currence_weekday", 
"latitude", 
"longitude", 
"completed", 
"is_template", 
"created_at", 
"updated_at")), 
json_array()) as 
"data" from (select 
* from "cards" "board
sTable_lists_cards" 
where "boardsTable_li
sts_cards"."list_id" 
= "boardsTable_lists"
."id" order by "board
sTable_lists_cards"."
order" asc) "boardsTa
ble_lists_cards"))), 
json_array()) as 
"data" from (select 
* from "lists" 
"boardsTable_lists" 
where "boardsTable_li
sts"."board_id" = 
"boardsTable"."id" 
order by "boardsTable
_lists"."order" asc) 
"boardsTable_lists") 
as "lists" from 
"boards" 
"boardsTable" where 
"boardsTable"."id" = 
? limit ?'[39m,
  params: [ [32m'019
bc10a-b201-7f07-a769-
e90ce195fef3'[39m, 
[33m1[39m ],
  cause: 
LibsqlError: 
SQLITE_ERROR: no 
such column: 
is_template
      at 
mapSqliteError (file:
///D:/UIT_COURSES/SE1
00/DailyDesk/node_mod
ules/[4m.pnpm[24m/@
libsql+client@0.15.15
/node_modules/[4m@li
bsql[24m/client/lib-
esm/sqlite3.js:392:16
)
      at executeStmt 
(file:///D:/UIT_COURS
ES/SE100/DailyDesk/no
de_modules/[4m.pnpm
[24m/@libsql+client@0
.15.15/node_modules/
[4m@libsql[24m/clien
t/lib-esm/sqlite3.js:
297:15)
      at Sqlite3Clien
t.execute (file:///D:
/UIT_COURSES/SE100/Da
ilyDesk/node_modules/
[4m.pnpm[24m/@libsq
l+client@0.15.15/node
_modules/[4m@libsql
[24m/client/lib-esm/s
qlite3.js:81:16)
  [90m    ... 5 
lines matching cause 
stack trace ...[39m
      at 
QueryPromise.execute 
(file:///D:/UIT_COURS
ES/SE100/DailyDesk/no
de_modules/[4m.pnpm
[24m/drizzle-orm@0.44
.7_@electri_5c2928a09
9a752b7e299aaadb8975a
ea/node_modules/[4ms
rc[24m/sqlite-core/q
uery-builders/query.t
s:197:15)
      at 
QueryPromise.then (fi
le:///D:/UIT_COURSES/
SE100/DailyDesk/node_
modules/[4m.pnpm[24
m/drizzle-orm@0.44.7_
@electri_5c2928a099a7
52b7e299aaadb8975aea/
node_modules/[4msrc
[24m/query-promise.ts
:31:15) {
    code: [32m'SQLIT
E_ERROR'[39m,
    rawCode: 
[33m1[39m,
    [cause]: 
SqliteError: no such 
column: is_template
        at 
convertError (D:\UIT_
COURSES\SE100\DailyDe
sk\node_modules\[4m.
pnpm[24m\libsql@0.5.
22\node_modules\[4ml
ibsql[24m\index.js:5
9:12)
        at 
Database.prepare (D:\
UIT_COURSES\SE100\Dai
lyDesk\node_modules\
[4m.pnpm[24m\libsql@
0.5.22\node_modules\
[4mlibsql[24m\index.
js:131:13)
        at 
executeStmt (file:///
D:/UIT_COURSES/SE100/
DailyDesk/node_module
s/[4m.pnpm[24m/@lib
sql+client@0.15.15/no
de_modules/[4m@libsq
l[24m/client/lib-esm
/sqlite3.js:268:28)
        at Sqlite3Cli
ent.execute (file:///
D:/UIT_COURSES/SE100/
DailyDesk/node_module
s/[4m.pnpm[24m/@lib
sql+client@0.15.15/no
de_modules/[4m@libsq
l[24m/client/lib-esm
/sqlite3.js:81:16)
        at file:///D:
/UIT_COURSES/SE100/Da
ilyDesk/node_modules/
[4m.pnpm[24m/drizzl
e-orm@0.44.7_@electri
_5c2928a099a752b7e299
aaadb8975aea/node_mod
ules/[4msrc[24m/lib
sql/session.ts:288:58
        at LibSQLPrep
aredQuery.queryWithCa
che (file:///D:/UIT_C
OURSES/SE100/DailyDes
k/node_modules/[4m.p
npm[24m/drizzle-orm@
0.44.7_@electri_5c292
8a099a752b7e299aaadb8
975aea/node_modules/
[4msrc[24m/sqlite-co
re/session.ts:78:18)
        at LibSQLPrep
aredQuery.values (fil
e:///D:/UIT_COURSES/S
E100/DailyDesk/node_m
odules/[4m.pnpm[24m
/drizzle-orm@0.44.7_@
electri_5c2928a099a75
2b7e299aaadb8975aea/n
ode_modules/[4msrc[
24m/libsql/session.ts
:286:21)
        at LibSQLPrep
aredQuery.get (file:/
//D:/UIT_COURSES/SE10
0/DailyDesk/node_modu
les/[4m.pnpm[24m/dr
izzle-orm@0.44.7_@ele
ctri_5c2928a099a752b7
e299aaadb8975aea/node
_modules/[4msrc[24m
/libsql/session.ts:25
2:27)
        at QueryPromi
se.executeRaw (file:/
//D:/UIT_COURSES/SE10
0/DailyDesk/node_modu
les/[4m.pnpm[24m/dr
izzle-orm@0.44.7_@ele
ctri_5c2928a099a752b7
e299aaadb8975aea/node
_modules/[4msrc[24m
/sqlite-core/query-bu
ilders/query.ts:191:3
2)
        at 
QueryPromise.execute 
(file:///D:/UIT_COURS
ES/SE100/DailyDesk/no
de_modules/[4m.pnpm
[24m/drizzle-orm@0.44
.7_@electri_5c2928a09
9a752b7e299aaadb8975a
ea/node_modules/[4ms
rc[24m/sqlite-core/q
uery-builders/query.t
s:197:15) {
      code: [32m'SQL
ITE_ERROR'[39m,
      rawCode: 
[33m1[39m
    }
  }
}

[90mstderr[2m | tes
ts/cards/cards.test.t
s[2m > 
[22m[2mCards API 
Integration 
Tests[2m > 
[22m[2mCard 
ordering[2m > 
[22m[2mshould 
allow reordering 
cards
[22m[39mDrizzleQuer
yError: Failed 
query: select "id", 
"name", 
"description", 
"order", 
"cover_url", 
"cover_public_id", 
"cover_color", 
"cover_mode", 
"list_id", 
"start_date", 
"deadline", 
"due_at", 
"due_complete", 
"reminder_minutes", 
"recurrence", 
"recurrence_day", "re
currence_weekday", 
"latitude", 
"longitude", 
"completed", 
"is_template", 
"created_at", 
"updated_at" from 
"cards" where 
"cards"."list_id" = ?
params: 019bc10a-b217
-7e50-aa8d-12078fcb42
97
    at LibSQLPrepared
Query.queryWithCache 
(file:///D:/UIT_COURS
ES/SE100/DailyDesk/no
de_modules/[4m.pnpm
[24m/drizzle-orm@0.44
.7_@electri_5c2928a09
9a752b7e299aaadb8975a
ea/node_modules/[4ms
rc[24m/sqlite-core/s
ession.ts:80:11)
[90m    at processTi
cksAndRejections (nod
e:internal/process/ta
sk_queues:105:5)[39m
    at LibSQLPrepared
Query.values (file://
/D:/UIT_COURSES/SE100
/DailyDesk/node_modul
es/[4m.pnpm[24m/dri
zzle-orm@0.44.7_@elec
tri_5c2928a099a752b7e
299aaadb8975aea/node_
modules/[4msrc[24m/
libsql/session.ts:286
:10)
    at LibSQLPrepared
Query.all (file:///D:
/UIT_COURSES/SE100/Da
ilyDesk/node_modules/
[4m.pnpm[24m/drizzl
e-orm@0.44.7_@electri
_5c2928a099a752b7e299
aaadb8975aea/node_mod
ules/[4msrc[24m/lib
sql/session.ts:214:16
)
    at 
Module.createCard [9
0m(D:\UIT_COURSES\SE1
00\DailyDesk\backend\
[39msrc\services\car
ds.service.ts:311:23
[90m)[39m
    at [90mD:\UIT_CO
URSES\SE100\DailyDesk
\backend\[39msrc\rou
tes\cards.ts:150:22
    at dispatch (file
:///D:/UIT_COURSES/SE
100/DailyDesk/node_mo
dules/[4m.pnpm[24m/
hono@4.11.3/node_modu
les/[4mhono[24m/dis
t/compose.js:22:17)
    at file:///D:/UIT
_COURSES/SE100/DailyD
esk/node_modules/[4m
.pnpm[24m/hono@4.11.
3/node_modules/[4mho
no[24m/dist/validato
r/validator.js:81:12
    at mw (file:///D:
/UIT_COURSES/SE100/Da
ilyDesk/node_modules/
[4m.pnpm[24m/@hono+
zod-openapi@1.2.0_hon
o@4.11.3_zod@4.3.5/no
de_modules/[4m@hono
[24m/zod-openapi/src/
index.ts:546:26)
    at dispatch (file
:///D:/UIT_COURSES/SE
100/DailyDesk/node_mo
dules/[4m.pnpm[24m/
hono@4.11.3/node_modu
les/[4mhono[24m/dis
t/compose.js:22:17) {
  query: 
[32m'select "id", 
"name", 
"description", 
"order", 
"cover_url", 
"cover_public_id", 
"cover_color", 
"cover_mode", 
"list_id", 
"start_date", 
"deadline", 
"due_at", 
"due_complete", 
"reminder_minutes", 
"recurrence", 
"recurrence_day", "re
currence_weekday", 
"latitude", 
"longitude", 
"completed", 
"is_template", 
"created_at", 
"updated_at" from 
"cards" where 
"cards"."list_id" = 
?'[39m,
  params: [ [32m'019
bc10a-b217-7e50-aa8d-
12078fcb4297'[39m ],
  cause: 
LibsqlError: 
SQLITE_ERROR: no 
such column: 
is_template
      at 
mapSqliteError (file:
///D:/UIT_COURSES/SE1
00/DailyDesk/node_mod
ules/[4m.pnpm[24m/@
libsql+client@0.15.15
/node_modules/[4m@li
bsql[24m/client/lib-
esm/sqlite3.js:392:16
)
      at executeStmt 
(file:///D:/UIT_COURS
ES/SE100/DailyDesk/no
de_modules/[4m.pnpm
[24m/@libsql+client@0
.15.15/node_modules/
[4m@libsql[24m/clien
t/lib-esm/sqlite3.js:
297:15)
      at Sqlite3Clien
t.execute (file:///D:
/UIT_COURSES/SE100/Da
ilyDesk/node_modules/
[4m.pnpm[24m/@libsq
l+client@0.15.15/node
_modules/[4m@libsql
[24m/client/lib-esm/s
qlite3.js:81:16)
  [90m    ... 5 
lines matching cause 
stack trace ...[39m
      at SQLiteSelect
Base.execute (file://
/D:/UIT_COURSES/SE100
/DailyDesk/node_modul
es/[4m.pnpm[24m/dri
zzle-orm@0.44.7_@elec
tri_5c2928a099a752b7e
299aaadb8975aea/node_
modules/[4msrc[24m/
sqlite-core/query-bui
lders/select.ts:962:1
5)
      at SQLiteSelect
Base.then (file:///D:
/UIT_COURSES/SE100/Da
ilyDesk/node_modules/
[4m.pnpm[24m/drizzl
e-orm@0.44.7_@electri
_5c2928a099a752b7e299
aaadb8975aea/node_mod
ules/[4msrc[24m/que
ry-promise.ts:31:15) 
{
    code: [32m'SQLIT
E_ERROR'[39m,
    rawCode: 
[33m1[39m,
    [cause]: 
SqliteError: no such 
column: is_template
        at 
convertError (D:\UIT_
COURSES\SE100\DailyDe
sk\node_modules\[4m.
pnpm[24m\libsql@0.5.
22\node_modules\[4ml
ibsql[24m\index.js:5
9:12)
        at 
Database.prepare (D:\
UIT_COURSES\SE100\Dai
lyDesk\node_modules\
[4m.pnpm[24m\libsql@
0.5.22\node_modules\
[4mlibsql[24m\index.
js:131:13)
        at 
executeStmt (file:///
D:/UIT_COURSES/SE100/
DailyDesk/node_module
s/[4m.pnpm[24m/@lib
sql+client@0.15.15/no
de_modules/[4m@libsq
l[24m/client/lib-esm
/sqlite3.js:268:28)
        at Sqlite3Cli
ent.execute (file:///
D:/UIT_COURSES/SE100/
DailyDesk/node_module
s/[4m.pnpm[24m/@lib
sql+client@0.15.15/no
de_modules/[4m@libsq
l[24m/client/lib-esm
/sqlite3.js:81:16)
        at file:///D:
/UIT_COURSES/SE100/Da
ilyDesk/node_modules/
[4m.pnpm[24m/drizzl
e-orm@0.44.7_@electri
_5c2928a099a752b7e299
aaadb8975aea/node_mod
ules/[4msrc[24m/lib
sql/session.ts:288:58
        at LibSQLPrep
aredQuery.queryWithCa
che (file:///D:/UIT_C
OURSES/SE100/DailyDes
k/node_modules/[4m.p
npm[24m/drizzle-orm@
0.44.7_@electri_5c292
8a099a752b7e299aaadb8
975aea/node_modules/
[4msrc[24m/sqlite-co
re/session.ts:78:18)
        at LibSQLPrep
aredQuery.values (fil
e:///D:/UIT_COURSES/S
E100/DailyDesk/node_m
odules/[4m.pnpm[24m
/drizzle-orm@0.44.7_@
electri_5c2928a099a75
2b7e299aaadb8975aea/n
ode_modules/[4msrc[
24m/libsql/session.ts
:286:21)
        at LibSQLPrep
aredQuery.all (file:/
//D:/UIT_COURSES/SE10
0/DailyDesk/node_modu
les/[4m.pnpm[24m/dr
izzle-orm@0.44.7_@ele
ctri_5c2928a099a752b7
e299aaadb8975aea/node
_modules/[4msrc[24m
/libsql/session.ts:21
4:27)
        at 
SQLiteSelectBase.all 
(file:///D:/UIT_COURS
ES/SE100/DailyDesk/no
de_modules/[4m.pnpm
[24m/drizzle-orm@0.44
.7_@electri_5c2928a09
9a752b7e299aaadb8975a
ea/node_modules/[4ms
rc[24m/sqlite-core/q
uery-builders/select.
ts:950:26)
        at SQLiteSele
ctBase.execute (file:
///D:/UIT_COURSES/SE1
00/DailyDesk/node_mod
ules/[4m.pnpm[24m/d
rizzle-orm@0.44.7_@el
ectri_5c2928a099a752b
7e299aaadb8975aea/nod
e_modules/[4msrc[24
m/sqlite-core/query-b
uilders/select.ts:962
:15) {
      code: [32m'SQL
ITE_ERROR'[39m,
      rawCode: 
[33m1[39m
    }
  }
}
DrizzleQueryError: 
Failed query: select 
"id", "name", 
"description", 
"order", 
"cover_url", 
"cover_public_id", 
"cover_color", 
"cover_mode", 
"list_id", 
"start_date", 
"deadline", 
"due_at", 
"due_complete", 
"reminder_minutes", 
"recurrence", 
"recurrence_day", "re
currence_weekday", 
"latitude", 
"longitude", 
"completed", 
"is_template", 
"created_at", 
"updated_at" from 
"cards" where 
"cards"."list_id" = ?
params: 019bc10a-b217
-7e50-aa8d-12078fcb42
97
    at LibSQLPrepared
Query.queryWithCache 
(file:///D:/UIT_COURS
ES/SE100/DailyDesk/no
de_modules/[4m.pnpm
[24m/drizzle-orm@0.44
.7_@electri_5c2928a09
9a752b7e299aaadb8975a
ea/node_modules/[4ms
rc[24m/sqlite-core/s
ession.ts:80:11)
[90m    at processTi
cksAndRejections (nod
e:internal/process/ta
sk_queues:105:5)[39m
    at LibSQLPrepared
Query.values (file://
/D:/UIT_COURSES/SE100
/DailyDesk/node_modul
es/[4m.pnpm[24m/dri
zzle-orm@0.44.7_@elec
tri_5c2928a099a752b7e
299aaadb8975aea/node_
modules/[4msrc[24m/
libsql/session.ts:286
:10)
    at LibSQLPrepared
Query.all (file:///D:
/UIT_COURSES/SE100/Da
ilyDesk/node_modules/
[4m.pnpm[24m/drizzl
e-orm@0.44.7_@electri
_5c2928a099a752b7e299
aaadb8975aea/node_mod
ules/[4msrc[24m/lib
sql/session.ts:214:16
)
    at 
Module.createCard [9
0m(D:\UIT_COURSES\SE1
00\DailyDesk\backend\
[39msrc\services\car
ds.service.ts:311:23
[90m)[39m
    at [90mD:\UIT_CO
URSES\SE100\DailyDesk
\backend\[39msrc\rou
tes\cards.ts:150:22
    at dispatch (file
:///D:/UIT_COURSES/SE
100/DailyDesk/node_mo
dules/[4m.pnpm[24m/
hono@4.11.3/node_modu
les/[4mhono[24m/dis
t/compose.js:22:17)
    at file:///D:/UIT
_COURSES/SE100/DailyD
esk/node_modules/[4m
.pnpm[24m/hono@4.11.
3/node_modules/[4mho
no[24m/dist/validato
r/validator.js:81:12
    at mw (file:///D:
/UIT_COURSES/SE100/Da
ilyDesk/node_modules/
[4m.pnpm[24m/@hono+
zod-openapi@1.2.0_hon
o@4.11.3_zod@4.3.5/no
de_modules/[4m@hono
[24m/zod-openapi/src/
index.ts:546:26)
    at dispatch (file
:///D:/UIT_COURSES/SE
100/DailyDesk/node_mo
dules/[4m.pnpm[24m/
hono@4.11.3/node_modu
les/[4mhono[24m/dis
t/compose.js:22:17) {
  query: 
[32m'select "id", 
"name", 
"description", 
"order", 
"cover_url", 
"cover_public_id", 
"cover_color", 
"cover_mode", 
"list_id", 
"start_date", 
"deadline", 
"due_at", 
"due_complete", 
"reminder_minutes", 
"recurrence", 
"recurrence_day", "re
currence_weekday", 
"latitude", 
"longitude", 
"completed", 
"is_template", 
"created_at", 
"updated_at" from 
"cards" where 
"cards"."list_id" = 
?'[39m,
  params: [ [32m'019
bc10a-b217-7e50-aa8d-
12078fcb4297'[39m ],
  cause: 
LibsqlError: 
SQLITE_ERROR: no 
such column: 
is_template
      at 
mapSqliteError (file:
///D:/UIT_COURSES/SE1
00/DailyDesk/node_mod
ules/[4m.pnpm[24m/@
libsql+client@0.15.15
/node_modules/[4m@li
bsql[24m/client/lib-
esm/sqlite3.js:392:16
)
      at executeStmt 
(file:///D:/UIT_COURS
ES/SE100/DailyDesk/no
de_modules/[4m.pnpm
[24m/@libsql+client@0
.15.15/node_modules/
[4m@libsql[24m/clien
t/lib-esm/sqlite3.js:
297:15)
      at Sqlite3Clien
t.execute (file:///D:
/UIT_COURSES/SE100/Da
ilyDesk/node_modules/
[4m.pnpm[24m/@libsq
l+client@0.15.15/node
_modules/[4m@libsql
[24m/client/lib-esm/s
qlite3.js:81:16)
  [90m    ... 5 
lines matching cause 
stack trace ...[39m
      at SQLiteSelect
Base.execute (file://
/D:/UIT_COURSES/SE100
/DailyDesk/node_modul
es/[4m.pnpm[24m/dri
zzle-orm@0.44.7_@elec
tri_5c2928a099a752b7e
299aaadb8975aea/node_
modules/[4msrc[24m/
sqlite-core/query-bui
lders/select.ts:962:1
5)
      at SQLiteSelect
Base.then (file:///D:
/UIT_COURSES/SE100/Da
ilyDesk/node_modules/
[4m.pnpm[24m/drizzl
e-orm@0.44.7_@electri
_5c2928a099a752b7e299
aaadb8975aea/node_mod
ules/[4msrc[24m/que
ry-promise.ts:31:15) 
{
    code: [32m'SQLIT
E_ERROR'[39m,
    rawCode: 
[33m1[39m,
    [cause]: 
SqliteError: no such 
column: is_template
        at 
convertError (D:\UIT_
COURSES\SE100\DailyDe
sk\node_modules\[4m.
pnpm[24m\libsql@0.5.
22\node_modules\[4ml
ibsql[24m\index.js:5
9:12)
        at 
Database.prepare (D:\
UIT_COURSES\SE100\Dai
lyDesk\node_modules\
[4m.pnpm[24m\libsql@
0.5.22\node_modules\
[4mlibsql[24m\index.
js:131:13)
        at 
executeStmt (file:///
D:/UIT_COURSES/SE100/
DailyDesk/node_module
s/[4m.pnpm[24m/@lib
sql+client@0.15.15/no
de_modules/[4m@libsq
l[24m/client/lib-esm
/sqlite3.js:268:28)
        at Sqlite3Cli
ent.execute (file:///
D:/UIT_COURSES/SE100/
DailyDesk/node_module
s/[4m.pnpm[24m/@lib
sql+client@0.15.15/no
de_modules/[4m@libsq
l[24m/client/lib-esm
/sqlite3.js:81:16)
        at file:///D:
/UIT_COURSES/SE100/Da
ilyDesk/node_modules/
[4m.pnpm[24m/drizzl
e-orm@0.44.7_@electri
_5c2928a099a752b7e299
aaadb8975aea/node_mod
ules/[4msrc[24m/lib
sql/session.ts:288:58
        at LibSQLPrep
aredQuery.queryWithCa
che (file:///D:/UIT_C
OURSES/SE100/DailyDes
k/node_modules/[4m.p
npm[24m/drizzle-orm@
0.44.7_@electri_5c292
8a099a752b7e299aaadb8
975aea/node_modules/
[4msrc[24m/sqlite-co
re/session.ts:78:18)
        at LibSQLPrep
aredQuery.values (fil
e:///D:/UIT_COURSES/S
E100/DailyDesk/node_m
odules/[4m.pnpm[24m
/drizzle-orm@0.44.7_@
electri_5c2928a099a75
2b7e299aaadb8975aea/n
ode_modules/[4msrc[
24m/libsql/session.ts
:286:21)
        at LibSQLPrep
aredQuery.all (file:/
//D:/UIT_COURSES/SE10
0/DailyDesk/node_modu
les/[4m.pnpm[24m/dr
izzle-orm@0.44.7_@ele
ctri_5c2928a099a752b7
e299aaadb8975aea/node
_modules/[4msrc[24m
/libsql/session.ts:21
4:27)
        at 
SQLiteSelectBase.all 
(file:///D:/UIT_COURS
ES/SE100/DailyDesk/no
de_modules/[4m.pnpm
[24m/drizzle-orm@0.44
.7_@electri_5c2928a09
9a752b7e299aaadb8975a
ea/node_modules/[4ms
rc[24m/sqlite-core/q
uery-builders/select.
ts:950:26)
        at SQLiteSele
ctBase.execute (file:
///D:/UIT_COURSES/SE1
00/DailyDesk/node_mod
ules/[4m.pnpm[24m/d
rizzle-orm@0.44.7_@el
ectri_5c2928a099a752b
7e299aaadb8975aea/nod
e_modules/[4msrc[24
m/sqlite-core/query-b
uilders/select.ts:962
:15) {
      code: [32m'SQL
ITE_ERROR'[39m,
      rawCode: 
[33m1[39m
    }
  }
}
Error in updateCard 
route: 
DrizzleQueryError: 
Failed query: select 
"id", "name", 
"description", 
"order", 
"cover_url", 
"cover_public_id", 
"cover_color", 
"cover_mode", 
"list_id", 
"start_date", 
"deadline", 
"due_at", 
"due_complete", 
"reminder_minutes", 
"recurrence", 
"recurrence_day", "re
currence_weekday", 
"latitude", 
"longitude", 
"completed", 
"is_template", 
"created_at", 
"updated_at" from 
"cards" where 
"cards"."id" = ? 
limit ?
params: 019bc10a-b219
-7c50-b1bf-f77f22a7a3
ff,1
    at LibSQLPrepared
Query.queryWithCache 
(file:///D:/UIT_COURS
ES/SE100/DailyDesk/no
de_modules/[4m.pnpm
[24m/drizzle-orm@0.44
.7_@electri_5c2928a09
9a752b7e299aaadb8975a
ea/node_modules/[4ms
rc[24m/sqlite-core/s
ession.ts:80:11)
[90m    at processTi
cksAndRejections (nod
e:internal/process/ta
sk_queues:105:5)[39m
    at LibSQLPrepared
Query.values (file://
/D:/UIT_COURSES/SE100
/DailyDesk/node_modul
es/[4m.pnpm[24m/dri
zzle-orm@0.44.7_@elec
tri_5c2928a099a752b7e
299aaadb8975aea/node_
modules/[4msrc[24m/
libsql/session.ts:286
:10)
    at LibSQLPrepared
Query.all (file:///D:
/UIT_COURSES/SE100/Da
ilyDesk/node_modules/
[4m.pnpm[24m/drizzl
e-orm@0.44.7_@electri
_5c2928a099a752b7e299
aaadb8975aea/node_mod
ules/[4msrc[24m/lib
sql/session.ts:214:16
)
    at 
Module.updateCard [9
0m(D:\UIT_COURSES\SE1
00\DailyDesk\backend\
[39msrc\services\car
ds.service.ts:537:24
[90m)[39m
    at [90mD:\UIT_CO
URSES\SE100\DailyDesk
\backend\[39msrc\rou
tes\cards.ts:242:25
    at dispatch (file
:///D:/UIT_COURSES/SE
100/DailyDesk/node_mo
dules/[4m.pnpm[24m/
hono@4.11.3/node_modu
les/[4mhono[24m/dis
t/compose.js:22:17)
    at file:///D:/UIT
_COURSES/SE100/DailyD
esk/node_modules/[4m
.pnpm[24m/hono@4.11.
3/node_modules/[4mho
no[24m/dist/validato
r/validator.js:81:12
    at mw (file:///D:
/UIT_COURSES/SE100/Da
ilyDesk/node_modules/
[4m.pnpm[24m/@hono+
zod-openapi@1.2.0_hon
o@4.11.3_zod@4.3.5/no
de_modules/[4m@hono
[24m/zod-openapi/src/
index.ts:546:26)
    at dispatch (file
:///D:/UIT_COURSES/SE
100/DailyDesk/node_mo
dules/[4m.pnpm[24m/
hono@4.11.3/node_modu
les/[4mhono[24m/dis
t/compose.js:22:17) {
  query: 
[32m'select "id", 
"name", 
"description", 
"order", 
"cover_url", 
"cover_public_id", 
"cover_color", 
"cover_mode", 
"list_id", 
"start_date", 
"deadline", 
"due_at", 
"due_complete", 
"reminder_minutes", 
"recurrence", 
"recurrence_day", "re
currence_weekday", 
"latitude", 
"longitude", 
"completed", 
"is_template", 
"created_at", 
"updated_at" from 
"cards" where 
"cards"."id" = ? 
limit ?'[39m,
  params: [ [32m'019
bc10a-b219-7c50-b1bf-
f77f22a7a3ff'[39m, 
[33m1[39m ],
  cause: 
LibsqlError: 
SQLITE_ERROR: no 
such column: 
is_template
      at 
mapSqliteError (file:
///D:/UIT_COURSES/SE1
00/DailyDesk/node_mod
ules/[4m.pnpm[24m/@
libsql+client@0.15.15
/node_modules/[4m@li
bsql[24m/client/lib-
esm/sqlite3.js:392:16
)
      at executeStmt 
(file:///D:/UIT_COURS
ES/SE100/DailyDesk/no
de_modules/[4m.pnpm
[24m/@libsql+client@0
.15.15/node_modules/
[4m@libsql[24m/clien
t/lib-esm/sqlite3.js:
297:15)
      at Sqlite3Clien
t.execute (file:///D:
/UIT_COURSES/SE100/Da
ilyDesk/node_modules/
[4m.pnpm[24m/@libsq
l+client@0.15.15/node
_modules/[4m@libsql
[24m/client/lib-esm/s
qlite3.js:81:16)
  [90m    ... 5 
lines matching cause 
stack trace ...[39m
      at SQLiteSelect
Base.execute (file://
/D:/UIT_COURSES/SE100
/DailyDesk/node_modul
es/[4m.pnpm[24m/dri
zzle-orm@0.44.7_@elec
tri_5c2928a099a752b7e
299aaadb8975aea/node_
modules/[4msrc[24m/
sqlite-core/query-bui
lders/select.ts:962:1
5)
      at SQLiteSelect
Base.then (file:///D:
/UIT_COURSES/SE100/Da
ilyDesk/node_modules/
[4m.pnpm[24m/drizzl
e-orm@0.44.7_@electri
_5c2928a099a752b7e299
aaadb8975aea/node_mod
ules/[4msrc[24m/que
ry-promise.ts:31:15) 
{
    code: [32m'SQLIT
E_ERROR'[39m,
    rawCode: 
[33m1[39m,
    [cause]: 
SqliteError: no such 
column: is_template
        at 
convertError (D:\UIT_
COURSES\SE100\DailyDe
sk\node_modules\[4m.
pnpm[24m\libsql@0.5.
22\node_modules\[4ml
ibsql[24m\index.js:5
9:12)
        at 
Database.prepare (D:\
UIT_COURSES\SE100\Dai
lyDesk\node_modules\
[4m.pnpm[24m\libsql@
0.5.22\node_modules\
[4mlibsql[24m\index.
js:131:13)
        at 
executeStmt (file:///
D:/UIT_COURSES/SE100/
DailyDesk/node_module
s/[4m.pnpm[24m/@lib
sql+client@0.15.15/no
de_modules/[4m@libsq
l[24m/client/lib-esm
/sqlite3.js:268:28)
        at Sqlite3Cli
ent.execute (file:///
D:/UIT_COURSES/SE100/
DailyDesk/node_module
s/[4m.pnpm[24m/@lib
sql+client@0.15.15/no
de_modules/[4m@libsq
l[24m/client/lib-esm
/sqlite3.js:81:16)
        at file:///D:
/UIT_COURSES/SE100/Da
ilyDesk/node_modules/
[4m.pnpm[24m/drizzl
e-orm@0.44.7_@electri
_5c2928a099a752b7e299
aaadb8975aea/node_mod
ules/[4msrc[24m/lib
sql/session.ts:288:58
        at LibSQLPrep
aredQuery.queryWithCa
che (file:///D:/UIT_C
OURSES/SE100/DailyDes
k/node_modules/[4m.p
npm[24m/drizzle-orm@
0.44.7_@electri_5c292
8a099a752b7e299aaadb8
975aea/node_modules/
[4msrc[24m/sqlite-co
re/session.ts:78:18)
        at LibSQLPrep
aredQuery.values (fil
e:///D:/UIT_COURSES/S
E100/DailyDesk/node_m
odules/[4m.pnpm[24m
/drizzle-orm@0.44.7_@
electri_5c2928a099a75
2b7e299aaadb8975aea/n
ode_modules/[4msrc[
24m/libsql/session.ts
:286:21)
        at LibSQLPrep
aredQuery.all (file:/
//D:/UIT_COURSES/SE10
0/DailyDesk/node_modu
les/[4m.pnpm[24m/dr
izzle-orm@0.44.7_@ele
ctri_5c2928a099a752b7
e299aaadb8975aea/node
_modules/[4msrc[24m
/libsql/session.ts:21
4:27)
        at 
SQLiteSelectBase.all 
(file:///D:/UIT_COURS
ES/SE100/DailyDesk/no
de_modules/[4m.pnpm
[24m/drizzle-orm@0.44
.7_@electri_5c2928a09
9a752b7e299aaadb8975a
ea/node_modules/[4ms
rc[24m/sqlite-core/q
uery-builders/select.
ts:950:26)
        at SQLiteSele
ctBase.execute (file:
///D:/UIT_COURSES/SE1
00/DailyDesk/node_mod
ules/[4m.pnpm[24m/d
rizzle-orm@0.44.7_@el
ectri_5c2928a099a752b
7e299aaadb8975aea/nod
e_modules/[4msrc[24
m/sqlite-core/query-b
uilders/select.ts:962
:15) {
      code: [32m'SQL
ITE_ERROR'[39m,
      rawCode: 
[33m1[39m
    }
  }
}
DrizzleQueryError: 
Failed query: select 
"id", "name", 
"description", 
"order", 
"cover_url", 
"cover_public_id", 
"cover_color", 
"cover_mode", 
"list_id", 
"start_date", 
"deadline", 
"due_at", 
"due_complete", 
"reminder_minutes", 
"recurrence", 
"recurrence_day", "re
currence_weekday", 
"latitude", 
"longitude", 
"completed", 
"is_template", 
"created_at", 
"updated_at" from 
"cards" where 
"cards"."id" = ? 
limit ?
params: 019bc10a-b219
-7c50-b1bf-f77f22a7a3
ff,1
    at LibSQLPrepared
Query.queryWithCache 
(file:///D:/UIT_COURS
ES/SE100/DailyDesk/no
de_modules/[4m.pnpm
[24m/drizzle-orm@0.44
.7_@electri_5c2928a09
9a752b7e299aaadb8975a
ea/node_modules/[4ms
rc[24m/sqlite-core/s
ession.ts:80:11)
[90m    at processTi
cksAndRejections (nod
e:internal/process/ta
sk_queues:105:5)[39m
    at LibSQLPrepared
Query.values (file://
/D:/UIT_COURSES/SE100
/DailyDesk/node_modul
es/[4m.pnpm[24m/dri
zzle-orm@0.44.7_@elec
tri_5c2928a099a752b7e
299aaadb8975aea/node_
modules/[4msrc[24m/
libsql/session.ts:286
:10)
    at LibSQLPrepared
Query.all (file:///D:
/UIT_COURSES/SE100/Da
ilyDesk/node_modules/
[4m.pnpm[24m/drizzl
e-orm@0.44.7_@electri
_5c2928a099a752b7e299
aaadb8975aea/node_mod
ules/[4msrc[24m/lib
sql/session.ts:214:16
)
    at 
Module.updateCard [9
0m(D:\UIT_COURSES\SE1
00\DailyDesk\backend\
[39msrc\services\car
ds.service.ts:537:24
[90m)[39m
    at [90mD:\UIT_CO
URSES\SE100\DailyDesk
\backend\[39msrc\rou
tes\cards.ts:242:25
    at dispatch (file
:///D:/UIT_COURSES/SE
100/DailyDesk/node_mo
dules/[4m.pnpm[24m/
hono@4.11.3/node_modu
les/[4mhono[24m/dis
t/compose.js:22:17)
    at file:///D:/UIT
_COURSES/SE100/DailyD
esk/node_modules/[4m
.pnpm[24m/hono@4.11.
3/node_modules/[4mho
no[24m/dist/validato
r/validator.js:81:12
    at mw (file:///D:
/UIT_COURSES/SE100/Da
ilyDesk/node_modules/
[4m.pnpm[24m/@hono+
zod-openapi@1.2.0_hon
o@4.11.3_zod@4.3.5/no
de_modules/[4m@hono
[24m/zod-openapi/src/
index.ts:546:26)
    at dispatch (file
:///D:/UIT_COURSES/SE
100/DailyDesk/node_mo
dules/[4m.pnpm[24m/
hono@4.11.3/node_modu
les/[4mhono[24m/dis
t/compose.js:22:17) {
  query: 
[32m'select "id", 
"name", 
"description", 
"order", 
"cover_url", 
"cover_public_id", 
"cover_color", 
"cover_mode", 
"list_id", 
"start_date", 
"deadline", 
"due_at", 
"due_complete", 
"reminder_minutes", 
"recurrence", 
"recurrence_day", "re
currence_weekday", 
"latitude", 
"longitude", 
"completed", 
"is_template", 
"created_at", 
"updated_at" from 
"cards" where 
"cards"."id" = ? 
limit ?'[39m,
  params: [ [32m'019
bc10a-b219-7c50-b1bf-
f77f22a7a3ff'[39m, 
[33m1[39m ],
  cause: 
LibsqlError: 
SQLITE_ERROR: no 
such column: 
is_template
      at 
mapSqliteError (file:
///D:/UIT_COURSES/SE1
00/DailyDesk/node_mod
ules/[4m.pnpm[24m/@
libsql+client@0.15.15
/node_modules/[4m@li
bsql[24m/client/lib-
esm/sqlite3.js:392:16
)
      at executeStmt 
(file:///D:/UIT_COURS
ES/SE100/DailyDesk/no
de_modules/[4m.pnpm
[24m/@libsql+client@0
.15.15/node_modules/
[4m@libsql[24m/clien
t/lib-esm/sqlite3.js:
297:15)
      at Sqlite3Clien
t.execute (file:///D:
/UIT_COURSES/SE100/Da
ilyDesk/node_modules/
[4m.pnpm[24m/@libsq
l+client@0.15.15/node
_modules/[4m@libsql
[24m/client/lib-esm/s
qlite3.js:81:16)
  [90m    ... 5 
lines matching cause 
stack trace ...[39m
      at SQLiteSelect
Base.execute (file://
/D:/UIT_COURSES/SE100
/DailyDesk/node_modul
es/[4m.pnpm[24m/dri
zzle-orm@0.44.7_@elec
tri_5c2928a099a752b7e
299aaadb8975aea/node_
modules/[4msrc[24m/
sqlite-core/query-bui
lders/select.ts:962:1
5)
      at SQLiteSelect
Base.then (file:///D:
/UIT_COURSES/SE100/Da
ilyDesk/node_modules/
[4m.pnpm[24m/drizzl
e-orm@0.44.7_@electri
_5c2928a099a752b7e299
aaadb8975aea/node_mod
ules/[4msrc[24m/que
ry-promise.ts:31:15) 
{
    code: [32m'SQLIT
E_ERROR'[39m,
    rawCode: 
[33m1[39m,
    [cause]: 
SqliteError: no such 
column: is_template
        at 
convertError (D:\UIT_
COURSES\SE100\DailyDe
sk\node_modules\[4m.
pnpm[24m\libsql@0.5.
22\node_modules\[4ml
ibsql[24m\index.js:5
9:12)
        at 
Database.prepare (D:\
UIT_COURSES\SE100\Dai
lyDesk\node_modules\
[4m.pnpm[24m\libsql@
0.5.22\node_modules\
[4mlibsql[24m\index.
js:131:13)
        at 
executeStmt (file:///
D:/UIT_COURSES/SE100/
DailyDesk/node_module
s/[4m.pnpm[24m/@lib
sql+client@0.15.15/no
de_modules/[4m@libsq
l[24m/client/lib-esm
/sqlite3.js:268:28)
        at Sqlite3Cli
ent.execute (file:///
D:/UIT_COURSES/SE100/
DailyDesk/node_module
s/[4m.pnpm[24m/@lib
sql+client@0.15.15/no
de_modules/[4m@libsq
l[24m/client/lib-esm
/sqlite3.js:81:16)
        at file:///D:
/UIT_COURSES/SE100/Da
ilyDesk/node_modules/
[4m.pnpm[24m/drizzl
e-orm@0.44.7_@electri
_5c2928a099a752b7e299
aaadb8975aea/node_mod
ules/[4msrc[24m/lib
sql/session.ts:288:58
        at LibSQLPrep
aredQuery.queryWithCa
che (file:///D:/UIT_C
OURSES/SE100/DailyDes
k/node_modules/[4m.p
npm[24m/drizzle-orm@
0.44.7_@electri_5c292
8a099a752b7e299aaadb8
975aea/node_modules/
[4msrc[24m/sqlite-co
re/session.ts:78:18)
        at LibSQLPrep
aredQuery.values (fil
e:///D:/UIT_COURSES/S
E100/DailyDesk/node_m
odules/[4m.pnpm[24m
/drizzle-orm@0.44.7_@
electri_5c2928a099a75
2b7e299aaadb8975aea/n
ode_modules/[4msrc[
24m/libsql/session.ts
:286:21)
        at LibSQLPrep
aredQuery.all (file:/
//D:/UIT_COURSES/SE10
0/DailyDesk/node_modu
les/[4m.pnpm[24m/dr
izzle-orm@0.44.7_@ele
ctri_5c2928a099a752b7
e299aaadb8975aea/node
_modules/[4msrc[24m
/libsql/session.ts:21
4:27)
        at 
SQLiteSelectBase.all 
(file:///D:/UIT_COURS
ES/SE100/DailyDesk/no
de_modules/[4m.pnpm
[24m/drizzle-orm@0.44
.7_@electri_5c2928a09
9a752b7e299aaadb8975a
ea/node_modules/[4ms
rc[24m/sqlite-core/q
uery-builders/select.
ts:950:26)
        at SQLiteSele
ctBase.execute (file:
///D:/UIT_COURSES/SE1
00/DailyDesk/node_mod
ules/[4m.pnpm[24m/d
rizzle-orm@0.44.7_@el
ectri_5c2928a099a752b
7e299aaadb8975aea/nod
e_modules/[4msrc[24
m/sqlite-core/query-b
uilders/select.ts:962
:15) {
      code: [32m'SQL
ITE_ERROR'[39m,
      rawCode: 
[33m1[39m
    }
  }
}
Error in updateCard 
route: 
DrizzleQueryError: 
Failed query: select 
"id", "name", 
"description", 
"order", 
"cover_url", 
"cover_public_id", 
"cover_color", 
"cover_mode", 
"list_id", 
"start_date", 
"deadline", 
"due_at", 
"due_complete", 
"reminder_minutes", 
"recurrence", 
"recurrence_day", "re
currence_weekday", 
"latitude", 
"longitude", 
"completed", 
"is_template", 
"created_at", 
"updated_at" from 
"cards" where 
"cards"."id" = ? 
limit ?
params: 019bc10a-b219
-7c50-b1bf-f780a2ea88
60,1
    at LibSQLPrepared
Query.queryWithCache 
(file:///D:/UIT_COURS
ES/SE100/DailyDesk/no
de_modules/[4m.pnpm
[24m/drizzle-orm@0.44
.7_@electri_5c2928a09
9a752b7e299aaadb8975a
ea/node_modules/[4ms
rc[24m/sqlite-core/s
ession.ts:80:11)
[90m    at processTi
cksAndRejections (nod
e:internal/process/ta
sk_queues:105:5)[39m
    at LibSQLPrepared
Query.values (file://
/D:/UIT_COURSES/SE100
/DailyDesk/node_modul
es/[4m.pnpm[24m/dri
zzle-orm@0.44.7_@elec
tri_5c2928a099a752b7e
299aaadb8975aea/node_
modules/[4msrc[24m/
libsql/session.ts:286
:10)
    at LibSQLPrepared
Query.all (file:///D:
/UIT_COURSES/SE100/Da
ilyDesk/node_modules/
[4m.pnpm[24m/drizzl
e-orm@0.44.7_@electri
_5c2928a099a752b7e299
aaadb8975aea/node_mod
ules/[4msrc[24m/lib
sql/session.ts:214:16
)
    at 
Module.updateCard [9
0m(D:\UIT_COURSES\SE1
00\DailyDesk\backend\
[39msrc\services\car
ds.service.ts:537:24
[90m)[39m
    at [90mD:\UIT_CO
URSES\SE100\DailyDesk
\backend\[39msrc\rou
tes\cards.ts:242:25
    at dispatch (file
:///D:/UIT_COURSES/SE
100/DailyDesk/node_mo
dules/[4m.pnpm[24m/
hono@4.11.3/node_modu
les/[4mhono[24m/dis
t/compose.js:22:17)
    at file:///D:/UIT
_COURSES/SE100/DailyD
esk/node_modules/[4m
.pnpm[24m/hono@4.11.
3/node_modules/[4mho
no[24m/dist/validato
r/validator.js:81:12
    at mw (file:///D:
/UIT_COURSES/SE100/Da
ilyDesk/node_modules/
[4m.pnpm[24m/@hono+
zod-openapi@1.2.0_hon
o@4.11.3_zod@4.3.5/no
de_modules/[4m@hono
[24m/zod-openapi/src/
index.ts:546:26)
    at dispatch (file
:///D:/UIT_COURSES/SE
100/DailyDesk/node_mo
dules/[4m.pnpm[24m/
hono@4.11.3/node_modu
les/[4mhono[24m/dis
t/compose.js:22:17) {
  query: 
[32m'select "id", 
"name", 
"description", 
"order", 
"cover_url", 
"cover_public_id", 
"cover_color", 
"cover_mode", 
"list_id", 
"start_date", 
"deadline", 
"due_at", 
"due_complete", 
"reminder_minutes", 
"recurrence", 
"recurrence_day", "re
currence_weekday", 
"latitude", 
"longitude", 
"completed", 
"is_template", 
"created_at", 
"updated_at" from 
"cards" where 
"cards"."id" = ? 
limit ?'[39m,
  params: [ [32m'019
bc10a-b219-7c50-b1bf-
f780a2ea8860'[39m, 
[33m1[39m ],
  cause: 
LibsqlError: 
SQLITE_ERROR: no 
such column: 
is_template
      at 
mapSqliteError (file:
///D:/UIT_COURSES/SE1
00/DailyDesk/node_mod
ules/[4m.pnpm[24m/@
libsql+client@0.15.15
/node_modules/[4m@li
bsql[24m/client/lib-
esm/sqlite3.js:392:16
)
      at executeStmt 
(file:///D:/UIT_COURS
ES/SE100/DailyDesk/no
de_modules/[4m.pnpm
[24m/@libsql+client@0
.15.15/node_modules/
[4m@libsql[24m/clien
t/lib-esm/sqlite3.js:
297:15)
      at Sqlite3Clien
t.execute (file:///D:
/UIT_COURSES/SE100/Da
ilyDesk/node_modules/
[4m.pnpm[24m/@libsq
l+client@0.15.15/node
_modules/[4m@libsql
[24m/client/lib-esm/s
qlite3.js:81:16)
  [90m    ... 5 
lines matching cause 
stack trace ...[39m
      at SQLiteSelect
Base.execute (file://
/D:/UIT_COURSES/SE100
/DailyDesk/node_modul
es/[4m.pnpm[24m/dri
zzle-orm@0.44.7_@elec
tri_5c2928a099a752b7e
299aaadb8975aea/node_
modules/[4msrc[24m/
sqlite-core/query-bui
lders/select.ts:962:1
5)
      at SQLiteSelect
Base.then (file:///D:
/UIT_COURSES/SE100/Da
ilyDesk/node_modules/
[4m.pnpm[24m/drizzl
e-orm@0.44.7_@electri
_5c2928a099a752b7e299
aaadb8975aea/node_mod
ules/[4msrc[24m/que
ry-promise.ts:31:15) 
{
    code: [32m'SQLIT
E_ERROR'[39m,
    rawCode: 
[33m1[39m,
    [cause]: 
SqliteError: no such 
column: is_template
        at 
convertError (D:\UIT_
COURSES\SE100\DailyDe
sk\node_modules\[4m.
pnpm[24m\libsql@0.5.
22\node_modules\[4ml
ibsql[24m\index.js:5
9:12)
        at 
Database.prepare (D:\
UIT_COURSES\SE100\Dai
lyDesk\node_modules\
[4m.pnpm[24m\libsql@
0.5.22\node_modules\
[4mlibsql[24m\index.
js:131:13)
        at 
executeStmt (file:///
D:/UIT_COURSES/SE100/
DailyDesk/node_module
s/[4m.pnpm[24m/@lib
sql+client@0.15.15/no
de_modules/[4m@libsq
l[24m/client/lib-esm
/sqlite3.js:268:28)
        at Sqlite3Cli
ent.execute (file:///
D:/UIT_COURSES/SE100/
DailyDesk/node_module
s/[4m.pnpm[24m/@lib
sql+client@0.15.15/no
de_modules/[4m@libsq
l[24m/client/lib-esm
/sqlite3.js:81:16)
        at file:///D:
/UIT_COURSES/SE100/Da
ilyDesk/node_modules/
[4m.pnpm[24m/drizzl
e-orm@0.44.7_@electri
_5c2928a099a752b7e299
aaadb8975aea/node_mod
ules/[4msrc[24m/lib
sql/session.ts:288:58
        at LibSQLPrep
aredQuery.queryWithCa
che (file:///D:/UIT_C
OURSES/SE100/DailyDes
k/node_modules/[4m.p
npm[24m/drizzle-orm@
0.44.7_@electri_5c292
8a099a752b7e299aaadb8
975aea/node_modules/
[4msrc[24m/sqlite-co
re/session.ts:78:18)
        at LibSQLPrep
aredQuery.values (fil
e:///D:/UIT_COURSES/S
E100/DailyDesk/node_m
odules/[4m.pnpm[24m
/drizzle-orm@0.44.7_@
electri_5c2928a099a75
2b7e299aaadb8975aea/n
ode_modules/[4msrc[
24m/libsql/session.ts
:286:21)
        at LibSQLPrep
aredQuery.all (file:/
//D:/UIT_COURSES/SE10
0/DailyDesk/node_modu
les/[4m.pnpm[24m/dr
izzle-orm@0.44.7_@ele
ctri_5c2928a099a752b7
e299aaadb8975aea/node
_modules/[4msrc[24m
/libsql/session.ts:21
4:27)
        at 
SQLiteSelectBase.all 
(file:///D:/UIT_COURS
ES/SE100/DailyDesk/no
de_modules/[4m.pnpm
[24m/drizzle-orm@0.44
.7_@electri_5c2928a09
9a752b7e299aaadb8975a
ea/node_modules/[4ms
rc[24m/sqlite-core/q
uery-builders/select.
ts:950:26)
        at SQLiteSele
ctBase.execute (file:
///D:/UIT_COURSES/SE1
00/DailyDesk/node_mod
ules/[4m.pnpm[24m/d
rizzle-orm@0.44.7_@el
ectri_5c2928a099a752b
7e299aaadb8975aea/nod
e_modules/[4msrc[24
m/sqlite-core/query-b
uilders/select.ts:962
:15) {
      code: [32m'SQL
ITE_ERROR'[39m,
      rawCode: 
[33m1[39m
    }
  }
}
DrizzleQueryError: 
Failed query: select 
"id", "name", 
"description", 
"order", 
"cover_url", 
"cover_public_id", 
"cover_color", 
"cover_mode", 
"list_id", 
"start_date", 
"deadline", 
"due_at", 
"due_complete", 
"reminder_minutes", 
"recurrence", 
"recurrence_day", "re
currence_weekday", 
"latitude", 
"longitude", 
"completed", 
"is_template", 
"created_at", 
"updated_at" from 
"cards" where 
"cards"."id" = ? 
limit ?
params: 019bc10a-b219
-7c50-b1bf-f780a2ea88
60,1
    at LibSQLPrepared
Query.queryWithCache 
(file:///D:/UIT_COURS
ES/SE100/DailyDesk/no
de_modules/[4m.pnpm
[24m/drizzle-orm@0.44
.7_@electri_5c2928a09
9a752b7e299aaadb8975a
ea/node_modules/[4ms
rc[24m/sqlite-core/s
ession.ts:80:11)
[90m    at processTi
cksAndRejections (nod
e:internal/process/ta
sk_queues:105:5)[39m
    at LibSQLPrepared
Query.values (file://
/D:/UIT_COURSES/SE100
/DailyDesk/node_modul
es/[4m.pnpm[24m/dri
zzle-orm@0.44.7_@elec
tri_5c2928a099a752b7e
299aaadb8975aea/node_
modules/[4msrc[24m/
libsql/session.ts:286
:10)
    at LibSQLPrepared
Query.all (file:///D:
/UIT_COURSES/SE100/Da
ilyDesk/node_modules/
[4m.pnpm[24m/drizzl
e-orm@0.44.7_@electri
_5c2928a099a752b7e299
aaadb8975aea/node_mod
ules/[4msrc[24m/lib
sql/session.ts:214:16
)
    at 
Module.updateCard [9
0m(D:\UIT_COURSES\SE1
00\DailyDesk\backend\
[39msrc\services\car
ds.service.ts:537:24
[90m)[39m
    at [90mD:\UIT_CO
URSES\SE100\DailyDesk
\backend\[39msrc\rou
tes\cards.ts:242:25
    at dispatch (file
:///D:/UIT_COURSES/SE
100/DailyDesk/node_mo
dules/[4m.pnpm[24m/
hono@4.11.3/node_modu
les/[4mhono[24m/dis
t/compose.js:22:17)
    at file:///D:/UIT
_COURSES/SE100/DailyD
esk/node_modules/[4m
.pnpm[24m/hono@4.11.
3/node_modules/[4mho
no[24m/dist/validato
r/validator.js:81:12
    at mw (file:///D:
/UIT_COURSES/SE100/Da
ilyDesk/node_modules/
[4m.pnpm[24m/@hono+
zod-openapi@1.2.0_hon
o@4.11.3_zod@4.3.5/no
de_modules/[4m@hono
[24m/zod-openapi/src/
index.ts:546:26)
    at dispatch (file
:///D:/UIT_COURSES/SE
100/DailyDesk/node_mo
dules/[4m.pnpm[24m/
hono@4.11.3/node_modu
les/[4mhono[24m/dis
t/compose.js:22:17) {
  query: 
[32m'select "id", 
"name", 
"description", 
"order", 
"cover_url", 
"cover_public_id", 
"cover_color", 
"cover_mode", 
"list_id", 
"start_date", 
"deadline", 
"due_at", 
"due_complete", 
"reminder_minutes", 
"recurrence", 
"recurrence_day", "re
currence_weekday", 
"latitude", 
"longitude", 
"completed", 
"is_template", 
"created_at", 
"updated_at" from 
"cards" where 
"cards"."id" = ? 
limit ?'[39m,
  params: [ [32m'019
bc10a-b219-7c50-b1bf-
f780a2ea8860'[39m, 
[33m1[39m ],
  cause: 
LibsqlError: 
SQLITE_ERROR: no 
such column: 
is_template
      at 
mapSqliteError (file:
///D:/UIT_COURSES/SE1
00/DailyDesk/node_mod
ules/[4m.pnpm[24m/@
libsql+client@0.15.15
/node_modules/[4m@li
bsql[24m/client/lib-
esm/sqlite3.js:392:16
)
      at executeStmt 
(file:///D:/UIT_COURS
ES/SE100/DailyDesk/no
de_modules/[4m.pnpm
[24m/@libsql+client@0
.15.15/node_modules/
[4m@libsql[24m/clien
t/lib-esm/sqlite3.js:
297:15)
      at Sqlite3Clien
t.execute (file:///D:
/UIT_COURSES/SE100/Da
ilyDesk/node_modules/
[4m.pnpm[24m/@libsq
l+client@0.15.15/node
_modules/[4m@libsql
[24m/client/lib-esm/s
qlite3.js:81:16)
  [90m    ... 5 
lines matching cause 
stack trace ...[39m
      at SQLiteSelect
Base.execute (file://
/D:/UIT_COURSES/SE100
/DailyDesk/node_modul
es/[4m.pnpm[24m/dri
zzle-orm@0.44.7_@elec
tri_5c2928a099a752b7e
299aaadb8975aea/node_
modules/[4msrc[24m/
sqlite-core/query-bui
lders/select.ts:962:1
5)
      at SQLiteSelect
Base.then (file:///D:
/UIT_COURSES/SE100/Da
ilyDesk/node_modules/
[4m.pnpm[24m/drizzl
e-orm@0.44.7_@electri
_5c2928a099a752b7e299
aaadb8975aea/node_mod
ules/[4msrc[24m/que
ry-promise.ts:31:15) 
{
    code: [32m'SQLIT
E_ERROR'[39m,
    rawCode: 
[33m1[39m,
    [cause]: 
SqliteError: no such 
column: is_template
        at 
convertError (D:\UIT_
COURSES\SE100\DailyDe
sk\node_modules\[4m.
pnpm[24m\libsql@0.5.
22\node_modules\[4ml
ibsql[24m\index.js:5
9:12)
        at 
Database.prepare (D:\
UIT_COURSES\SE100\Dai
lyDesk\node_modules\
[4m.pnpm[24m\libsql@
0.5.22\node_modules\
[4mlibsql[24m\index.
js:131:13)
        at 
executeStmt (file:///
D:/UIT_COURSES/SE100/
DailyDesk/node_module
s/[4m.pnpm[24m/@lib
sql+client@0.15.15/no
de_modules/[4m@libsq
l[24m/client/lib-esm
/sqlite3.js:268:28)
        at Sqlite3Cli
ent.execute (file:///
D:/UIT_COURSES/SE100/
DailyDesk/node_module
s/[4m.pnpm[24m/@lib
sql+client@0.15.15/no
de_modules/[4m@libsq
l[24m/client/lib-esm
/sqlite3.js:81:16)
        at file:///D:
/UIT_COURSES/SE100/Da
ilyDesk/node_modules/
[4m.pnpm[24m/drizzl
e-orm@0.44.7_@electri
_5c2928a099a752b7e299
aaadb8975aea/node_mod
ules/[4msrc[24m/lib
sql/session.ts:288:58
        at LibSQLPrep
aredQuery.queryWithCa
che (file:///D:/UIT_C
OURSES/SE100/DailyDes
k/node_modules/[4m.p
npm[24m/drizzle-orm@
0.44.7_@electri_5c292
8a099a752b7e299aaadb8
975aea/node_modules/
[4msrc[24m/sqlite-co
re/session.ts:78:18)
        at LibSQLPrep
aredQuery.values (fil
e:///D:/UIT_COURSES/S
E100/DailyDesk/node_m
odules/[4m.pnpm[24m
/drizzle-orm@0.44.7_@
electri_5c2928a099a75
2b7e299aaadb8975aea/n
ode_modules/[4msrc[
24m/libsql/session.ts
:286:21)
        at LibSQLPrep
aredQuery.all (file:/
//D:/UIT_COURSES/SE10
0/DailyDesk/node_modu
les/[4m.pnpm[24m/dr
izzle-orm@0.44.7_@ele
ctri_5c2928a099a752b7
e299aaadb8975aea/node
_modules/[4msrc[24m
/libsql/session.ts:21
4:27)
        at 
SQLiteSelectBase.all 
(file:///D:/UIT_COURS
ES/SE100/DailyDesk/no
de_modules/[4m.pnpm
[24m/drizzle-orm@0.44
.7_@electri_5c2928a09
9a752b7e299aaadb8975a
ea/node_modules/[4ms
rc[24m/sqlite-core/q
uery-builders/select.
ts:950:26)
        at SQLiteSele
ctBase.execute (file:
///D:/UIT_COURSES/SE1
00/DailyDesk/node_mod
ules/[4m.pnpm[24m/d
rizzle-orm@0.44.7_@el
ectri_5c2928a099a752b
7e299aaadb8975aea/nod
e_modules/[4msrc[24
m/sqlite-core/query-b
uilders/select.ts:962
:15) {
      code: [32m'SQL
ITE_ERROR'[39m,
      rawCode: 
[33m1[39m
    }
  }
}
Error in boards GET 
by ID route: 
DrizzleQueryError: 
Failed query: select 
"id", "name", 
"user_id", 
"background_url", "ba
ckground_public_id", 
"background_color", 
(select coalesce(json
_group_array(json_arr
ay("id", "name", 
"order", "board_id", 
(select coalesce(json
_group_array(json_arr
ay("id", "name", 
"description", 
"order", 
"cover_url", 
"cover_public_id", 
"cover_color", 
"cover_mode", 
"list_id", 
"start_date", 
"deadline", 
"due_at", 
"due_complete", 
"reminder_minutes", 
"recurrence", 
"recurrence_day", "re
currence_weekday", 
"latitude", 
"longitude", 
"completed", 
"is_template", 
"created_at", 
"updated_at")), 
json_array()) as 
"data" from (select 
* from "cards" "board
sTable_lists_cards" 
where "boardsTable_li
sts_cards"."list_id" 
= "boardsTable_lists"
."id" order by "board
sTable_lists_cards"."
order" asc) "boardsTa
ble_lists_cards"))), 
json_array()) as 
"data" from (select 
* from "lists" 
"boardsTable_lists" 
where "boardsTable_li
sts"."board_id" = 
"boardsTable"."id" 
order by "boardsTable
_lists"."order" asc) 
"boardsTable_lists") 
as "lists" from 
"boards" 
"boardsTable" where 
"boardsTable"."id" = 
? limit ?
params: 019bc10a-b214
-7549-942b-d9df628ac0
f3,1
    at LibSQLPrepared
Query.queryWithCache 
(file:///D:/UIT_COURS
ES/SE100/DailyDesk/no
de_modules/[4m.pnpm
[24m/drizzle-orm@0.44
.7_@electri_5c2928a09
9a752b7e299aaadb8975a
ea/node_modules/[4ms
rc[24m/sqlite-core/s
ession.ts:80:11)
[90m    at processTi
cksAndRejections (nod
e:internal/process/ta
sk_queues:105:5)[39m
    at LibSQLPrepared
Query.values (file://
/D:/UIT_COURSES/SE100
/DailyDesk/node_modul
es/[4m.pnpm[24m/dri
zzle-orm@0.44.7_@elec
tri_5c2928a099a752b7e
299aaadb8975aea/node_
modules/[4msrc[24m/
libsql/session.ts:286
:10)
    at LibSQLPrepared
Query.get (file:///D:
/UIT_COURSES/SE100/Da
ilyDesk/node_modules/
[4m.pnpm[24m/drizzl
e-orm@0.44.7_@electri
_5c2928a099a752b7e299
aaadb8975aea/node_mod
ules/[4msrc[24m/lib
sql/session.ts:252:16
)
    at 
Module.getBoardById 
[90m(D:\UIT_COURSES\S
E100\DailyDesk\backen
d\[39msrc\services\b
oards.service.ts:214:
17[90m)[39m
    at [90mD:\UIT_CO
URSES\SE100\DailyDesk
\backend\[39msrc\rou
tes\boards.ts:137:23
    at dispatch (file
:///D:/UIT_COURSES/SE
100/DailyDesk/node_mo
dules/[4m.pnpm[24m/
hono@4.11.3/node_modu
les/[4mhono[24m/dis
t/compose.js:22:17)
    at file:///D:/UIT
_COURSES/SE100/DailyD
esk/node_modules/[4m
.pnpm[24m/hono@4.11.
3/node_modules/[4mho
no[24m/dist/validato
r/validator.js:81:12
    at dispatch (file
:///D:/UIT_COURSES/SE
100/DailyDesk/node_mo
dules/[4m.pnpm[24m/
hono@4.11.3/node_modu
les/[4mhono[24m/dis
t/compose.js:22:17)
    at [90mD:\UIT_CO
URSES\SE100\DailyDesk
\backend\[39mtests\h
elpers\auth.ts:27:5 {
  query: 
[32m'select "id", 
"name", "user_id", 
"background_url", "ba
ckground_public_id", 
"background_color", 
(select coalesce(json
_group_array(json_arr
ay("id", "name", 
"order", "board_id", 
(select coalesce(json
_group_array(json_arr
ay("id", "name", 
"description", 
"order", 
"cover_url", 
"cover_public_id", 
"cover_color", 
"cover_mode", 
"list_id", 
"start_date", 
"deadline", 
"due_at", 
"due_complete", 
"reminder_minutes", 
"recurrence", 
"recurrence_day", "re
currence_weekday", 
"latitude", 
"longitude", 
"completed", 
"is_template", 
"created_at", 
"updated_at")), 
json_array()) as 
"data" from (select 
* from "cards" "board
sTable_lists_cards" 
where "boardsTable_li
sts_cards"."list_id" 
= "boardsTable_lists"
."id" order by "board
sTable_lists_cards"."
order" asc) "boardsTa
ble_lists_cards"))), 
json_array()) as 
"data" from (select 
* from "lists" 
"boardsTable_lists" 
where "boardsTable_li
sts"."board_id" = 
"boardsTable"."id" 
order by "boardsTable
_lists"."order" asc) 
"boardsTable_lists") 
as "lists" from 
"boards" 
"boardsTable" where 
"boardsTable"."id" = 
? limit ?'[39m,
  params: [ [32m'019
bc10a-b214-7549-942b-
d9df628ac0f3'[39m, 
[33m1[39m ],
  cause: 
LibsqlError: 
SQLITE_ERROR: no 
such column: 
is_template
      at 
mapSqliteError (file:
///D:/UIT_COURSES/SE1
00/DailyDesk/node_mod
ules/[4m.pnpm[24m/@
libsql+client@0.15.15
/node_modules/[4m@li
bsql[24m/client/lib-
esm/sqlite3.js:392:16
)
      at executeStmt 
(file:///D:/UIT_COURS
ES/SE100/DailyDesk/no
de_modules/[4m.pnpm
[24m/@libsql+client@0
.15.15/node_modules/
[4m@libsql[24m/clien
t/lib-esm/sqlite3.js:
297:15)
      at Sqlite3Clien
t.execute (file:///D:
/UIT_COURSES/SE100/Da
ilyDesk/node_modules/
[4m.pnpm[24m/@libsq
l+client@0.15.15/node
_modules/[4m@libsql
[24m/client/lib-esm/s
qlite3.js:81:16)
  [90m    ... 5 
lines matching cause 
stack trace ...[39m
      at 
QueryPromise.execute 
(file:///D:/UIT_COURS
ES/SE100/DailyDesk/no
de_modules/[4m.pnpm
[24m/drizzle-orm@0.44
.7_@electri_5c2928a09
9a752b7e299aaadb8975a
ea/node_modules/[4ms
rc[24m/sqlite-core/q
uery-builders/query.t
s:197:15)
      at 
QueryPromise.then (fi
le:///D:/UIT_COURSES/
SE100/DailyDesk/node_
modules/[4m.pnpm[24
m/drizzle-orm@0.44.7_
@electri_5c2928a099a7
52b7e299aaadb8975aea/
node_modules/[4msrc
[24m/query-promise.ts
:31:15) {
    code: [32m'SQLIT
E_ERROR'[39m,
    rawCode: 
[33m1[39m,
    [cause]: 
SqliteError: no such 
column: is_template
        at 
convertError (D:\UIT_
COURSES\SE100\DailyDe
sk\node_modules\[4m.
pnpm[24m\libsql@0.5.
22\node_modules\[4ml
ibsql[24m\index.js:5
9:12)
        at 
Database.prepare (D:\
UIT_COURSES\SE100\Dai
lyDesk\node_modules\
[4m.pnpm[24m\libsql@
0.5.22\node_modules\
[4mlibsql[24m\index.
js:131:13)
        at 
executeStmt (file:///
D:/UIT_COURSES/SE100/
DailyDesk/node_module
s/[4m.pnpm[24m/@lib
sql+client@0.15.15/no
de_modules/[4m@libsq
l[24m/client/lib-esm
/sqlite3.js:268:28)
        at Sqlite3Cli
ent.execute (file:///
D:/UIT_COURSES/SE100/
DailyDesk/node_module
s/[4m.pnpm[24m/@lib
sql+client@0.15.15/no
de_modules/[4m@libsq
l[24m/client/lib-esm
/sqlite3.js:81:16)
        at file:///D:
/UIT_COURSES/SE100/Da
ilyDesk/node_modules/
[4m.pnpm[24m/drizzl
e-orm@0.44.7_@electri
_5c2928a099a752b7e299
aaadb8975aea/node_mod
ules/[4msrc[24m/lib
sql/session.ts:288:58
        at LibSQLPrep
aredQuery.queryWithCa
che (file:///D:/UIT_C
OURSES/SE100/DailyDes
k/node_modules/[4m.p
npm[24m/drizzle-orm@
0.44.7_@electri_5c292
8a099a752b7e299aaadb8
975aea/node_modules/
[4msrc[24m/sqlite-co
re/session.ts:78:18)
        at LibSQLPrep
aredQuery.values (fil
e:///D:/UIT_COURSES/S
E100/DailyDesk/node_m
odules/[4m.pnpm[24m
/drizzle-orm@0.44.7_@
electri_5c2928a099a75
2b7e299aaadb8975aea/n
ode_modules/[4msrc[
24m/libsql/session.ts
:286:21)
        at LibSQLPrep
aredQuery.get (file:/
//D:/UIT_COURSES/SE10
0/DailyDesk/node_modu
les/[4m.pnpm[24m/dr
izzle-orm@0.44.7_@ele
ctri_5c2928a099a752b7
e299aaadb8975aea/node
_modules/[4msrc[24m
/libsql/session.ts:25
2:27)
        at QueryPromi
se.executeRaw (file:/
//D:/UIT_COURSES/SE10
0/DailyDesk/node_modu
les/[4m.pnpm[24m/dr
izzle-orm@0.44.7_@ele
ctri_5c2928a099a752b7
e299aaadb8975aea/node
_modules/[4msrc[24m
/sqlite-core/query-bu
ilders/query.ts:191:3
2)
        at 
QueryPromise.execute 
(file:///D:/UIT_COURS
ES/SE100/DailyDesk/no
de_modules/[4m.pnpm
[24m/drizzle-orm@0.44
.7_@electri_5c2928a09
9a752b7e299aaadb8975a
ea/node_modules/[4ms
rc[24m/sqlite-core/q
uery-builders/query.t
s:197:15) {
      code: [32m'SQL
ITE_ERROR'[39m,
      rawCode: 
[33m1[39m
    }
  }
}

[90mstderr[2m | tes
ts/cards/cards.test.t
s[2m > 
[22m[2mCards API 
Integration 
Tests[2m > 
[22m[2mCard with 
complex data[2m > 
[22m[2mshould 
create and retrieve 
card with all fields
[22m[39mDrizzleQuer
yError: Failed 
query: select "id", 
"name", 
"description", 
"order", 
"cover_url", 
"cover_public_id", 
"cover_color", 
"cover_mode", 
"list_id", 
"start_date", 
"deadline", 
"due_at", 
"due_complete", 
"reminder_minutes", 
"recurrence", 
"recurrence_day", "re
currence_weekday", 
"latitude", 
"longitude", 
"completed", 
"is_template", 
"created_at", 
"updated_at" from 
"cards" where 
"cards"."list_id" = ?
params: 019bc10a-b229
-7c5a-aa89-bc6e7f5324
e4
    at LibSQLPrepared
Query.queryWithCache 
(file:///D:/UIT_COURS
ES/SE100/DailyDesk/no
de_modules/[4m.pnpm
[24m/drizzle-orm@0.44
.7_@electri_5c2928a09
9a752b7e299aaadb8975a
ea/node_modules/[4ms
rc[24m/sqlite-core/s
ession.ts:80:11)
[90m    at processTi
cksAndRejections (nod
e:internal/process/ta
sk_queues:105:5)[39m
    at LibSQLPrepared
Query.values (file://
/D:/UIT_COURSES/SE100
/DailyDesk/node_modul
es/[4m.pnpm[24m/dri
zzle-orm@0.44.7_@elec
tri_5c2928a099a752b7e
299aaadb8975aea/node_
modules/[4msrc[24m/
libsql/session.ts:286
:10)
    at LibSQLPrepared
Query.all (file:///D:
/UIT_COURSES/SE100/Da
ilyDesk/node_modules/
[4m.pnpm[24m/drizzl
e-orm@0.44.7_@electri
_5c2928a099a752b7e299
aaadb8975aea/node_mod
ules/[4msrc[24m/lib
sql/session.ts:214:16
)
    at 
Module.createCard [9
0m(D:\UIT_COURSES\SE1
00\DailyDesk\backend\
[39msrc\services\car
ds.service.ts:311:23
[90m)[39m
    at [90mD:\UIT_CO
URSES\SE100\DailyDesk
\backend\[39msrc\rou
tes\cards.ts:150:22
    at dispatch (file
:///D:/UIT_COURSES/SE
100/DailyDesk/node_mo
dules/[4m.pnpm[24m/
hono@4.11.3/node_modu
les/[4mhono[24m/dis
t/compose.js:22:17)
    at file:///D:/UIT
_COURSES/SE100/DailyD
esk/node_modules/[4m
.pnpm[24m/hono@4.11.
3/node_modules/[4mho
no[24m/dist/validato
r/validator.js:81:12
    at mw (file:///D:
/UIT_COURSES/SE100/Da
ilyDesk/node_modules/
[4m.pnpm[24m/@hono+
zod-openapi@1.2.0_hon
o@4.11.3_zod@4.3.5/no
de_modules/[4m@hono
[24m/zod-openapi/src/
index.ts:546:26)
    at dispatch (file
:///D:/UIT_COURSES/SE
100/DailyDesk/node_mo
dules/[4m.pnpm[24m/
hono@4.11.3/node_modu
les/[4mhono[24m/dis
t/compose.js:22:17) {
  query: 
[32m'select "id", 
"name", 
"description", 
"order", 
"cover_url", 
"cover_public_id", 
"cover_color", 
"cover_mode", 
"list_id", 
"start_date", 
"deadline", 
"due_at", 
"due_complete", 
"reminder_minutes", 
"recurrence", 
"recurrence_day", "re
currence_weekday", 
"latitude", 
"longitude", 
"completed", 
"is_template", 
"created_at", 
"updated_at" from 
"cards" where 
"cards"."list_id" = 
?'[39m,
  params: [ [32m'019
bc10a-b229-7c5a-aa89-
bc6e7f5324e4'[39m ],
  cause: 
LibsqlError: 
SQLITE_ERROR: no 
such column: 
is_template
      at 
mapSqliteError (file:
///D:/UIT_COURSES/SE1
00/DailyDesk/node_mod
ules/[4m.pnpm[24m/@
libsql+client@0.15.15
/node_modules/[4m@li
bsql[24m/client/lib-
esm/sqlite3.js:392:16
)
      at executeStmt 
(file:///D:/UIT_COURS
ES/SE100/DailyDesk/no
de_modules/[4m.pnpm
[24m/@libsql+client@0
.15.15/node_modules/
[4m@libsql[24m/clien
t/lib-esm/sqlite3.js:
297:15)
      at Sqlite3Clien
t.execute (file:///D:
/UIT_COURSES/SE100/Da
ilyDesk/node_modules/
[4m.pnpm[24m/@libsq
l+client@0.15.15/node
_modules/[4m@libsql
[24m/client/lib-esm/s
qlite3.js:81:16)
  [90m    ... 5 
lines matching cause 
stack trace ...[39m
      at SQLiteSelect
Base.execute (file://
/D:/UIT_COURSES/SE100
/DailyDesk/node_modul
es/[4m.pnpm[24m/dri
zzle-orm@0.44.7_@elec
tri_5c2928a099a752b7e
299aaadb8975aea/node_
modules/[4msrc[24m/
sqlite-core/query-bui
lders/select.ts:962:1
5)
      at SQLiteSelect
Base.then (file:///D:
/UIT_COURSES/SE100/Da
ilyDesk/node_modules/
[4m.pnpm[24m/drizzl
e-orm@0.44.7_@electri
_5c2928a099a752b7e299
aaadb8975aea/node_mod
ules/[4msrc[24m/que
ry-promise.ts:31:15) 
{
    code: [32m'SQLIT
E_ERROR'[39m,
    rawCode: 
[33m1[39m,
    [cause]: 
SqliteError: no such 
column: is_template
        at 
convertError (D:\UIT_
COURSES\SE100\DailyDe
sk\node_modules\[4m.
pnpm[24m\libsql@0.5.
22\node_modules\[4ml
ibsql[24m\index.js:5
9:12)
        at 
Database.prepare (D:\
UIT_COURSES\SE100\Dai
lyDesk\node_modules\
[4m.pnpm[24m\libsql@
0.5.22\node_modules\
[4mlibsql[24m\index.
js:131:13)
        at 
executeStmt (file:///
D:/UIT_COURSES/SE100/
DailyDesk/node_module
s/[4m.pnpm[24m/@lib
sql+client@0.15.15/no
de_modules/[4m@libsq
l[24m/client/lib-esm
/sqlite3.js:268:28)
        at Sqlite3Cli
ent.execute (file:///
D:/UIT_COURSES/SE100/
DailyDesk/node_module
s/[4m.pnpm[24m/@lib
sql+client@0.15.15/no
de_modules/[4m@libsq
l[24m/client/lib-esm
/sqlite3.js:81:16)
        at file:///D:
/UIT_COURSES/SE100/Da
ilyDesk/node_modules/
[4m.pnpm[24m/drizzl
e-orm@0.44.7_@electri
_5c2928a099a752b7e299
aaadb8975aea/node_mod
ules/[4msrc[24m/lib
sql/session.ts:288:58
        at LibSQLPrep
aredQuery.queryWithCa
che (file:///D:/UIT_C
OURSES/SE100/DailyDes
k/node_modules/[4m.p
npm[24m/drizzle-orm@
0.44.7_@electri_5c292
8a099a752b7e299aaadb8
975aea/node_modules/
[4msrc[24m/sqlite-co
re/session.ts:78:18)
        at LibSQLPrep
aredQuery.values (fil
e:///D:/UIT_COURSES/S
E100/DailyDesk/node_m
odules/[4m.pnpm[24m
/drizzle-orm@0.44.7_@
electri_5c2928a099a75
2b7e299aaadb8975aea/n
ode_modules/[4msrc[
24m/libsql/session.ts
:286:21)
        at LibSQLPrep
aredQuery.all (file:/
//D:/UIT_COURSES/SE10
0/DailyDesk/node_modu
les/[4m.pnpm[24m/dr
izzle-orm@0.44.7_@ele
ctri_5c2928a099a752b7
e299aaadb8975aea/node
_modules/[4msrc[24m
/libsql/session.ts:21
4:27)
        at 
SQLiteSelectBase.all 
(file:///D:/UIT_COURS
ES/SE100/DailyDesk/no
de_modules/[4m.pnpm
[24m/drizzle-orm@0.44
.7_@electri_5c2928a09
9a752b7e299aaadb8975a
ea/node_modules/[4ms
rc[24m/sqlite-core/q
uery-builders/select.
ts:950:26)
        at SQLiteSele
ctBase.execute (file:
///D:/UIT_COURSES/SE1
00/DailyDesk/node_mod
ules/[4m.pnpm[24m/d
rizzle-orm@0.44.7_@el
ectri_5c2928a099a752b
7e299aaadb8975aea/nod
e_modules/[4msrc[24
m/sqlite-core/query-b
uilders/select.ts:962
:15) {
      code: [32m'SQL
ITE_ERROR'[39m,
      rawCode: 
[33m1[39m
    }
  }
}

 [31mΓ¥»[39m tests/cards/cards.test.ts [2m([22m[2m36 tests[22m[2m | [22m[31m25 failed[39m[2m)[22m[33m 677[2mms[22m[39m
[31m   [31m├ù[31m Cards API Integration Tests[2m > [22mGET /boards/:boardId/cards[2m > [22mshould return empty array when board has no cards[90m 45[2mms[22m[31m[39m
[31m     ΓåÆ expected 500 to be 200 // Object.is equality[39m
[31m   [31m├ù[31m Cards API Integration Tests[2m > [22mGET /boards/:boardId/cards[2m > [22mshould return all cards for a board[90m 29[2mms[22m[31m[39m
[31m     ΓåÆ expected 500 to be 200 // Object.is equality[39m
[31m   [31m├ù[31m Cards API Integration Tests[2m > [22mPOST /boards/:boardId/cards[2m > [22mshould create a new card[90m 15[2mms[22m[31m[39m
[31m     ΓåÆ expected 500 to be 200 // Object.is equality[39m
[31m   [31m├ù[31m Cards API Integration Tests[2m > [22mPOST /boards/:boardId/cards[2m > [22mshould create a card with dates[90m 19[2mms[22m[31m[39m
[31m     ΓåÆ expected 500 to be 200 // Object.is equality[39m
[31m   [31m├ù[31m Cards API Integration Tests[2m > [22mPOST /boards/:boardId/cards[2m > [22mshould create a card with location[90m 16[2mms[22m[31m[39m
[31m     ΓåÆ expected 500 to be 200 // Object.is equality[39m
[31m   [31m├ù[31m Cards API Integration Tests[2m > [22mGET /boards/:boardId/cards/:id[2m > [22mshould return a specific card[90m 18[2mms[22m[31m[39m
[31m     ΓåÆ expected 500 to be 200 // Object.is equality[39m
[31m   [31m├ù[31m Cards API Integration Tests[2m > [22mGET /boards/:boardId/cards/:id[2m > [22mshould return 404 for non-existent card[90m 13[2mms[22m[31m[39m
[31m     ΓåÆ expected 500 to be 404 // Object.is equality[39m
[31m   [31m├ù[31m Cards API Integration Tests[2m > [22mPUT /boards/:boardId/cards/:id[2m > [22mshould update card name[90m 17[2mms[22m[31m[39m
[31m     ΓåÆ expected 500 to be 200 // Object.is equality[39m
[31m   [31m├ù[31m Cards API Integration Tests[2m > [22mPUT /boards/:boardId/cards/:id[2m > [22mshould update card order[90m 17[2mms[22m[31m[39m
[31m     ΓåÆ expected 500 to be 200 // Object.is equality[39m
[31m   [31m├ù[31m Cards API Integration Tests[2m > [22mPUT /boards/:boardId/cards/:id[2m > [22mshould update card dates[90m 18[2mms[22m[31m[39m
[31m     ΓåÆ expected 500 to be 200 // Object.is equality[39m
[31m   [31m├ù[31m Cards API Integration Tests[2m > [22mPUT /boards/:boardId/cards/:id[2m > [22mshould update card location[90m 14[2mms[22m[31m[39m
[31m     ΓåÆ expected 500 to be 200 // Object.is equality[39m
[31m   [31m├ù[31m Cards API Integration Tests[2m > [22mPUT /boards/:boardId/cards/:id[2m > [22mshould move card to another list in same board[90m 22[2mms[22m[31m[39m
[31m     ΓåÆ expected 500 to be 200 // Object.is equality[39m
[31m   [31m├ù[31m Cards API Integration Tests[2m > [22mPUT /boards/:boardId/cards/:id[2m > [22mshould return 404 when trying to move card to non-existent list[90m 18[2mms[22m[31m[39m
[31m     ΓåÆ expected 500 to be 404 // Object.is equality[39m
[31m   [31m├ù[31m Cards API Integration Tests[2m > [22mPUT /boards/:boardId/cards/:id[2m > [22mshould return 403 when trying to move card to list in different board[90m 18[2mms[22m[31m[39m
[31m     ΓåÆ expected 500 to be 403 // Object.is equality[39m
[31m   [31m├ù[31m Cards API Integration Tests[2m > [22mPUT /boards/:boardId/cards/:id[2m > [22mshould return 404 for non-existent card[90m 16[2mms[22m[31m[39m
[31m     ΓåÆ expected 500 to be 404 // Object.is equality[39m
[31m   [31m├ù[31m Cards API Integration Tests[2m > [22mDELETE /boards/:boardId/cards/:id[2m > [22mshould delete a card[90m 18[2mms[22m[31m[39m
[31m     ΓåÆ expected 500 to be 200 // Object.is equality[39m
[31m   [31m├ù[31m Cards API Integration Tests[2m > [22mDELETE /boards/:boardId/cards/:id[2m > [22mshould return 404 for non-existent card[90m 13[2mms[22m[31m[39m
[31m     ΓåÆ expected 500 to be 404 // Object.is equality[39m
[31m   [31m├ù[31m Cards API Integration Tests[2m > [22mDELETE /boards/:boardId/cards/:id[2m > [22mshould maintain correct order of remaining cards after deleting first card[90m 18[2mms[22m[31m[39m
[31m     ΓåÆ expected 500 to be 200 // Object.is equality[39m
[31m   [31m├ù[31m Cards API Integration Tests[2m > [22mDELETE /boards/:boardId/cards/:id[2m > [22mshould maintain correct order of remaining cards after deleting middle card[90m 19[2mms[22m[31m[39m
[31m     ΓåÆ expected 500 to be 200 // Object.is equality[39m
[31m   [31m├ù[31m Cards API Integration Tests[2m > [22mDELETE /boards/:boardId/cards/:id[2m > [22mshould maintain correct order of remaining cards after deleting last card[90m 22[2mms[22m[31m[39m
[31m     ΓåÆ expected 500 to be 200 // Object.is equality[39m
[31m   [31m├ù[31m Cards API Integration Tests[2m > [22mDELETE /boards/:boardId/cards/:id[2m > [22mshould maintain correct order after deleting multiple cards in sequence[90m 28[2mms[22m[31m[39m
[31m     ΓåÆ Cannot read properties of undefined (reading '0')[39m
[31m   [31m├ù[31m Cards API Integration Tests[2m > [22mDELETE /boards/:boardId/cards/:id[2m > [22mshould handle deletion correctly when cards are in different lists[90m 29[2mms[22m[31m[39m
[31m     ΓåÆ Cannot read properties of undefined (reading 'find')[39m
[31m   [31m├ù[31m Cards API Integration Tests[2m > [22mCard ordering[2m > [22mshould maintain correct order when multiple cards are created[90m 18[2mms[22m[31m[39m
[31m     ΓåÆ Cannot read properties of undefined (reading '0')[39m
[31m   [31m├ù[31m Cards API Integration Tests[2m > [22mCard ordering[2m > [22mshould allow reordering cards[90m 20[2mms[22m[31m[39m
[31m     ΓåÆ Cannot read properties of undefined (reading '0')[39m
[31m   [31m├ù[31m Cards API Integration Tests[2m > [22mCard with complex data[2m > [22mshould create and retrieve card with all fields[90m 17[2mms[22m[31m[39m
[31m     ΓåÆ expected 500 to be 200 // Object.is equality[39m

[31mΓÄ»ΓÄ»ΓÄ»ΓÄ»ΓÄ»Γ
Ä»[1m[7m Failed 
Tests 25 [27m[22mΓÄ
»ΓÄ»ΓÄ»ΓÄ»ΓÄ»ΓÄ»ΓÄ»[
39m

[31m[1m[7m FAIL 
[27m[22m[39m tests
/cards/cards.test.ts
[2m > [22mCards API 
Integration 
Tests[2m > [22mGET 
/boards/:boardId/card
s[2m > [22mshould 
return empty array 
when board has no 
cards
[31m[1mAssertionErr
or[22m: expected 
500 to be 200 // 
Object.is 
equality[39m

[32m- Expected[39m
[31m+ Received[39m

[32m- 200[39m
[31m+ 500[39m

[36m [2mΓ¥»[22m te
sts/cards/cards.test.
ts:[2m46:26[22m[39
m
    [90m 44| [39m  
    })[33m;[39m
    [90m 45| [39m
    [90m 46| [39m  
    [34mexpect[39m(
res[33m.[39mstatus)
[33m.[39m[34mtoBe
[39m([34m200[39m)[
33m;[39m
    [90m   | [39m  
                     
  [31m^[39m
    [90m 47| [39m  
    [35mconst[39m 
data [33m=[39m 
[35mawait[39m res[
33m.[39m[34mjson[3
9m()[33m;[39m
    [90m 48| [39m  
    [34mexpect[39m(
[33mArray[39m[33m.
[39m[34misArray[39
m(data))[33m.[39m[
34mtoBe[39m([35mtru
e[39m)[33m;[39m

[31m[2mΓÄ»ΓÄ»ΓÄ»ΓÄ»
ΓÄ»ΓÄ»ΓÄ»ΓÄ»ΓÄ»ΓÄ»ΓÄ»
ΓÄ»ΓÄ»ΓÄ»ΓÄ»ΓÄ»ΓÄ»ΓÄ»
ΓÄ»ΓÄ»ΓÄ»ΓÄ»ΓÄ»[1/25]
ΓÄ»[22m[39m

[31m[1m[7m FAIL 
[27m[22m[39m tests
/cards/cards.test.ts
[2m > [22mCards API 
Integration 
Tests[2m > [22mGET 
/boards/:boardId/card
s[2m > [22mshould 
return all cards for 
a board
[31m[1mAssertionErr
or[22m: expected 
500 to be 200 // 
Object.is 
equality[39m

[32m- Expected[39m
[31m+ Received[39m

[32m- 200[39m
[31m+ 500[39m

[36m [2mΓ¥»[22m te
sts/cards/cards.test.
ts:[2m84:26[22m[39
m
    [90m 82| [39m  
    })[33m;[39m
    [90m 83| [39m
    [90m 84| [39m  
    [34mexpect[39m(
res[33m.[39mstatus)
[33m.[39m[34mtoBe
[39m([34m200[39m)[
33m;[39m
    [90m   | [39m  
                     
  [31m^[39m
    [90m 85| [39m  
    [35mconst[39m 
data [33m=[39m 
[35mawait[39m res[
33m.[39m[34mjson[3
9m() [35mas[39m 
any[][33m;[39m
    [90m 86| [39m  
    [34mexpect[39m(
data)[33m.[39m[34m
toHaveLength[39m([3
4m2[39m)[33m;[39m

[31m[2mΓÄ»ΓÄ»ΓÄ»ΓÄ»
ΓÄ»ΓÄ»ΓÄ»ΓÄ»ΓÄ»ΓÄ»ΓÄ»
ΓÄ»ΓÄ»ΓÄ»ΓÄ»ΓÄ»ΓÄ»ΓÄ»
ΓÄ»ΓÄ»ΓÄ»ΓÄ»ΓÄ»[2/25]
ΓÄ»[22m[39m

[31m[1m[7m FAIL 
[27m[22m[39m tests
/cards/cards.test.ts
[2m > [22mCards API 
Integration 
Tests[2m > 
[22mPOST /boards/:bo
ardId/cards[2m > 
[22mshould create a 
new card
[31m[1mAssertionErr
or[22m: expected 
500 to be 200 // 
Object.is 
equality[39m

[32m- Expected[39m
[31m+ Received[39m

[32m- 200[39m
[31m+ 500[39m

[36m [2mΓ¥»[22m te
sts/cards/cards.test.
ts:[2m128:26[22m[3
9m
    [90m126| [39m  
    })[33m;[39m
    [90m127| [39m
    [90m128| [39m  
    [34mexpect[39m(
res[33m.[39mstatus)
[33m.[39m[34mtoBe
[39m([34m200[39m)[
33m;[39m
    [90m   | [39m  
                     
  [31m^[39m
    [90m129| [39m  
    [35mconst[39m 
data [33m=[39m 
[35mawait[39m res[
33m.[39m[34mjson[3
9m() [35mas[39m 
any[33m;[39m
    [90m130| [39m  
    [34mexpect[39m(
data)[33m.[39m[34m
toHaveProperty[39m(
[32m"id"[39m[33m,[
39m newCard[33m.[39
mid)[33m;[39m

[31m[2mΓÄ»ΓÄ»ΓÄ»ΓÄ»
ΓÄ»ΓÄ»ΓÄ»ΓÄ»ΓÄ»ΓÄ»ΓÄ»
ΓÄ»ΓÄ»ΓÄ»ΓÄ»ΓÄ»ΓÄ»ΓÄ»
ΓÄ»ΓÄ»ΓÄ»ΓÄ»ΓÄ»[3/25]
ΓÄ»[22m[39m

[31m[1m[7m FAIL 
[27m[22m[39m tests
/cards/cards.test.ts
[2m > [22mCards API 
Integration 
Tests[2m > 
[22mPOST /boards/:bo
ardId/cards[2m > 
[22mshould create a 
card with dates
[31m[1mAssertionErr
or[22m: expected 
500 to be 200 // 
Object.is 
equality[39m

[32m- Expected[39m
[31m+ Received[39m

[32m- 200[39m
[31m+ 500[39m

[36m [2mΓ¥»[22m te
sts/cards/cards.test.
ts:[2m155:26[22m[3
9m
    [90m153| [39m  
    })[33m;[39m
    [90m154| [39m
    [90m155| [39m  
    [34mexpect[39m(
res[33m.[39mstatus)
[33m.[39m[34mtoBe
[39m([34m200[39m)[
33m;[39m
    [90m   | [39m  
                     
  [31m^[39m
    [90m156| [39m  
    [35mconst[39m 
data [33m=[39m 
[35mawait[39m res[
33m.[39m[34mjson[3
9m() [35mas[39m 
any[33m;[39m
    [90m157| [39m  
    [34mexpect[39m(
data)[33m.[39m[34m
toHaveProperty[39m(
[32m"startDate"[39m)
[33m;[39m

[31m[2mΓÄ»ΓÄ»ΓÄ»ΓÄ»
ΓÄ»ΓÄ»ΓÄ»ΓÄ»ΓÄ»ΓÄ»ΓÄ»
ΓÄ»ΓÄ»ΓÄ»ΓÄ»ΓÄ»ΓÄ»ΓÄ»
ΓÄ»ΓÄ»ΓÄ»ΓÄ»ΓÄ»[4/25]
ΓÄ»[22m[39m

[31m[1m[7m FAIL 
[27m[22m[39m tests
/cards/cards.test.ts
[2m > [22mCards API 
Integration 
Tests[2m > 
[22mPOST /boards/:bo
ardId/cards[2m > 
[22mshould create a 
card with location
[31m[1mAssertionErr
or[22m: expected 
500 to be 200 // 
Object.is 
equality[39m

[32m- Expected[39m
[31m+ Received[39m

[32m- 200[39m
[31m+ 500[39m

[36m [2mΓ¥»[22m te
sts/cards/cards.test.
ts:[2m177:26[22m[3
9m
    [90m175| [39m  
    })[33m;[39m
    [90m176| [39m
    [90m177| [39m  
    [34mexpect[39m(
res[33m.[39mstatus)
[33m.[39m[34mtoBe
[39m([34m200[39m)[
33m;[39m
    [90m   | [39m  
                     
  [31m^[39m
    [90m178| [39m  
    [35mconst[39m 
data [33m=[39m 
[35mawait[39m res[
33m.[39m[34mjson[3
9m() [35mas[39m 
any[33m;[39m
    [90m179| [39m  
    [34mexpect[39m(
data)[33m.[39m[34m
toHaveProperty[39m(
[32m"latitude"[39m[
33m,[39m [34m37.774
9[39m)[33m;[39m

[31m[2mΓÄ»ΓÄ»ΓÄ»ΓÄ»
ΓÄ»ΓÄ»ΓÄ»ΓÄ»ΓÄ»ΓÄ»ΓÄ»
ΓÄ»ΓÄ»ΓÄ»ΓÄ»ΓÄ»ΓÄ»ΓÄ»
ΓÄ»ΓÄ»ΓÄ»ΓÄ»ΓÄ»[5/25]
ΓÄ»[22m[39m

[31m[1m[7m FAIL 
[27m[22m[39m tests
/cards/cards.test.ts
[2m > [22mCards API 
Integration 
Tests[2m > [22mGET 
/boards/:boardId/card
s/:id[2m > 
[22mshould return a 
specific card
[31m[1mAssertionErr
or[22m: expected 
500 to be 200 // 
Object.is 
equality[39m

[32m- Expected[39m
[31m+ Received[39m

[32m- 200[39m
[31m+ 500[39m

[36m [2mΓ¥»[22m te
sts/cards/cards.test.
ts:[2m300:26[22m[3
9m
    [90m298| [39m  
    })[33m;[39m
    [90m299| [39m
    [90m300| [39m  
    [34mexpect[39m(
res[33m.[39mstatus)
[33m.[39m[34mtoBe
[39m([34m200[39m)[
33m;[39m
    [90m   | [39m  
                     
  [31m^[39m
    [90m301| [39m  
    [35mconst[39m 
data [33m=[39m 
[35mawait[39m res[
33m.[39m[34mjson[3
9m() [35mas[39m 
any[33m;[39m
    [90m302| [39m  
    [34mexpect[39m(
data)[33m.[39m[34m
toHaveProperty[39m(
[32m"id"[39m[33m,[
39m 
cardId)[33m;[39m

[31m[2mΓÄ»ΓÄ»ΓÄ»ΓÄ»
ΓÄ»ΓÄ»ΓÄ»ΓÄ»ΓÄ»ΓÄ»ΓÄ»
ΓÄ»ΓÄ»ΓÄ»ΓÄ»ΓÄ»ΓÄ»ΓÄ»
ΓÄ»ΓÄ»ΓÄ»ΓÄ»ΓÄ»[6/25]
ΓÄ»[22m[39m

[31m[1m[7m FAIL 
[27m[22m[39m tests
/cards/cards.test.ts
[2m > [22mCards API 
Integration 
Tests[2m > [22mGET 
/boards/:boardId/card
s/:id[2m > 
[22mshould return 
404 for non-existent 
card
[31m[1mAssertionErr
or[22m: expected 
500 to be 404 // 
Object.is 
equality[39m

[32m- Expected[39m
[31m+ Received[39m

[32m- 404[39m
[31m+ 500[39m

[36m [2mΓ¥»[22m te
sts/cards/cards.test.
ts:[2m314:26[22m[3
9m
    [90m312| [39m  
    })[33m;[39m
    [90m313| [39m
    [90m314| [39m  
    [34mexpect[39m(
res[33m.[39mstatus)
[33m.[39m[34mtoBe
[39m([34m404[39m)[
33m;[39m
    [90m   | [39m  
                     
  [31m^[39m
    [90m315| [39m  
  })[33m;[39m
    [90m316| [39m

[31m[2mΓÄ»ΓÄ»ΓÄ»ΓÄ»
ΓÄ»ΓÄ»ΓÄ»ΓÄ»ΓÄ»ΓÄ»ΓÄ»
ΓÄ»ΓÄ»ΓÄ»ΓÄ»ΓÄ»ΓÄ»ΓÄ»
ΓÄ»ΓÄ»ΓÄ»ΓÄ»ΓÄ»[7/25]
ΓÄ»[22m[39m

[31m[1m[7m FAIL 
[27m[22m[39m tests
/cards/cards.test.ts
[2m > [22mCards API 
Integration 
Tests[2m > [22mPUT 
/boards/:boardId/card
s/:id[2m > 
[22mshould update 
card name
[31m[1mAssertionErr
or[22m: expected 
500 to be 200 // 
Object.is 
equality[39m

[32m- Expected[39m
[31m+ Received[39m

[32m- 200[39m
[31m+ 500[39m

[36m [2mΓ¥»[22m te
sts/cards/cards.test.
ts:[2m365:26[22m[3
9m
    [90m363| [39m  
    })[33m;[39m
    [90m364| [39m
    [90m365| [39m  
    [34mexpect[39m(
res[33m.[39mstatus)
[33m.[39m[34mtoBe
[39m([34m200[39m)[
33m;[39m
    [90m   | [39m  
                     
  [31m^[39m
    [90m366| [39m  
    [35mconst[39m 
data [33m=[39m 
[35mawait[39m res[
33m.[39m[34mjson[3
9m() [35mas[39m 
any[33m;[39m
    [90m367| [39m  
    [34mexpect[39m(
data)[33m.[39m[34m
toHaveProperty[39m(
[32m"name"[39m[33m,
[39m [32m"Updated N
ame"[39m)[33m;[39m

[31m[2mΓÄ»ΓÄ»ΓÄ»ΓÄ»
ΓÄ»ΓÄ»ΓÄ»ΓÄ»ΓÄ»ΓÄ»ΓÄ»
ΓÄ»ΓÄ»ΓÄ»ΓÄ»ΓÄ»ΓÄ»ΓÄ»
ΓÄ»ΓÄ»ΓÄ»ΓÄ»ΓÄ»[8/25]
ΓÄ»[22m[39m

[31m[1m[7m FAIL 
[27m[22m[39m tests
/cards/cards.test.ts
[2m > [22mCards API 
Integration 
Tests[2m > [22mPUT 
/boards/:boardId/card
s/:id[2m > 
[22mshould update 
card order
[31m[1mAssertionErr
or[22m: expected 
500 to be 200 // 
Object.is 
equality[39m

[32m- Expected[39m
[31m+ Received[39m

[32m- 200[39m
[31m+ 500[39m

[36m [2mΓ¥»[22m te
sts/cards/cards.test.
ts:[2m418:26[22m[3
9m
    [90m416| [39m  
    })[33m;[39m
    [90m417| [39m
    [90m418| [39m  
    [34mexpect[39m(
res[33m.[39mstatus)
[33m.[39m[34mtoBe
[39m([34m200[39m)[
33m;[39m
    [90m   | [39m  
                     
  [31m^[39m
    [90m419| [39m  
    [35mconst[39m 
data [33m=[39m 
[35mawait[39m res[
33m.[39m[34mjson[3
9m() [35mas[39m 
any[33m;[39m
    [90m420| [39m  
    [34mexpect[39m(
data)[33m.[39m[34m
toHaveProperty[39m(
[32m"order"[39m[33m
,[39m [34m2[39m)[
33m;[39m

[31m[2mΓÄ»ΓÄ»ΓÄ»ΓÄ»
ΓÄ»ΓÄ»ΓÄ»ΓÄ»ΓÄ»ΓÄ»ΓÄ»
ΓÄ»ΓÄ»ΓÄ»ΓÄ»ΓÄ»ΓÄ»ΓÄ»
ΓÄ»ΓÄ»ΓÄ»ΓÄ»ΓÄ»[9/25]
ΓÄ»[22m[39m

[31m[1m[7m FAIL 
[27m[22m[39m tests
/cards/cards.test.ts
[2m > [22mCards API 
Integration 
Tests[2m > [22mPUT 
/boards/:boardId/card
s/:id[2m > 
[22mshould update 
card dates
[31m[1mAssertionErr
or[22m: expected 
500 to be 200 // 
Object.is 
equality[39m

[32m- Expected[39m
[31m+ Received[39m

[32m- 200[39m
[31m+ 500[39m

[36m [2mΓ¥»[22m te
sts/cards/cards.test.
ts:[2m448:26[22m[3
9m
    [90m446| [39m  
    })[33m;[39m
    [90m447| [39m
    [90m448| [39m  
    [34mexpect[39m(
res[33m.[39mstatus)
[33m.[39m[34mtoBe
[39m([34m200[39m)[
33m;[39m
    [90m   | [39m  
                     
  [31m^[39m
    [90m449| [39m  
    [35mconst[39m 
data [33m=[39m 
[35mawait[39m res[
33m.[39m[34mjson[3
9m() [35mas[39m 
any[33m;[39m
    [90m450| [39m  
    [34mexpect[39m(
data)[33m.[39m[34m
toHaveProperty[39m(
[32m"startDate"[39m)
[33m;[39m

[31m[2mΓÄ»ΓÄ»ΓÄ»ΓÄ»
ΓÄ»ΓÄ»ΓÄ»ΓÄ»ΓÄ»ΓÄ»ΓÄ»
ΓÄ»ΓÄ»ΓÄ»ΓÄ»ΓÄ»ΓÄ»ΓÄ»
ΓÄ»ΓÄ»ΓÄ»ΓÄ»[10/25]ΓÄ
»[22m[39m

[31m[1m[7m FAIL 
[27m[22m[39m tests
/cards/cards.test.ts
[2m > [22mCards API 
Integration 
Tests[2m > [22mPUT 
/boards/:boardId/card
s/:id[2m > 
[22mshould update 
card location
[31m[1mAssertionErr
or[22m: expected 
500 to be 200 // 
Object.is 
equality[39m

[32m- Expected[39m
[31m+ Received[39m

[32m- 200[39m
[31m+ 500[39m

[36m [2mΓ¥»[22m te
sts/cards/cards.test.
ts:[2m476:26[22m[3
9m
    [90m474| [39m  
    })[33m;[39m
    [90m475| [39m
    [90m476| [39m  
    [34mexpect[39m(
res[33m.[39mstatus)
[33m.[39m[34mtoBe
[39m([34m200[39m)[
33m;[39m
    [90m   | [39m  
                     
  [31m^[39m
    [90m477| [39m  
    [35mconst[39m 
data [33m=[39m 
[35mawait[39m res[
33m.[39m[34mjson[3
9m() [35mas[39m 
any[33m;[39m
    [90m478| [39m  
    [34mexpect[39m(
data)[33m.[39m[34m
toHaveProperty[39m(
[32m"latitude"[39m[
33m,[39m [34m40.712
8[39m)[33m;[39m

[31m[2mΓÄ»ΓÄ»ΓÄ»ΓÄ»
ΓÄ»ΓÄ»ΓÄ»ΓÄ»ΓÄ»ΓÄ»ΓÄ»
ΓÄ»ΓÄ»ΓÄ»ΓÄ»ΓÄ»ΓÄ»ΓÄ»
ΓÄ»ΓÄ»ΓÄ»ΓÄ»[11/25]ΓÄ
»[22m[39m

[31m[1m[7m FAIL 
[27m[22m[39m tests
/cards/cards.test.ts
[2m > [22mCards API 
Integration 
Tests[2m > [22mPUT 
/boards/:boardId/card
s/:id[2m > 
[22mshould move 
card to another list 
in same board
[31m[1mAssertionErr
or[22m: expected 
500 to be 200 // 
Object.is 
equality[39m

[32m- Expected[39m
[31m+ Received[39m

[32m- 200[39m
[31m+ 500[39m

[36m [2mΓ¥»[22m te
sts/cards/cards.test.
ts:[2m517:26[22m[3
9m
    [90m515| [39m  
    })[33m;[39m
    [90m516| [39m
    [90m517| [39m  
    [34mexpect[39m(
res[33m.[39mstatus)
[33m.[39m[34mtoBe
[39m([34m200[39m)[
33m;[39m
    [90m   | [39m  
                     
  [31m^[39m
    [90m518| [39m  
    [35mconst[39m 
data [33m=[39m 
[35mawait[39m res[
33m.[39m[34mjson[3
9m() [35mas[39m 
any[33m;[39m
    [90m519| [39m  
    [34mexpect[39m(
data)[33m.[39m[34m
toHaveProperty[39m(
[32m"listId"[39m[33
m,[39m secondListId)
[33m;[39m

[31m[2mΓÄ»ΓÄ»ΓÄ»ΓÄ»
ΓÄ»ΓÄ»ΓÄ»ΓÄ»ΓÄ»ΓÄ»ΓÄ»
ΓÄ»ΓÄ»ΓÄ»ΓÄ»ΓÄ»ΓÄ»ΓÄ»
ΓÄ»ΓÄ»ΓÄ»ΓÄ»[12/25]ΓÄ
»[22m[39m

[31m[1m[7m FAIL 
[27m[22m[39m tests
/cards/cards.test.ts
[2m > [22mCards API 
Integration 
Tests[2m > [22mPUT 
/boards/:boardId/card
s/:id[2m > 
[22mshould return 
404 when trying to 
move card to 
non-existent list
[31m[1mAssertionErr
or[22m: expected 
500 to be 404 // 
Object.is 
equality[39m

[32m- Expected[39m
[31m+ Received[39m

[32m- 404[39m
[31m+ 500[39m

[36m [2mΓ¥»[22m te
sts/cards/cards.test.
ts:[2m544:26[22m[3
9m
    [90m542| [39m  
    })[33m;[39m
    [90m543| [39m
    [90m544| [39m  
    [34mexpect[39m(
res[33m.[39mstatus)
[33m.[39m[34mtoBe
[39m([34m404[39m)[
33m;[39m
    [90m   | [39m  
                     
  [31m^[39m
    [90m545| [39m  
  })[33m;[39m
    [90m546| [39m

[31m[2mΓÄ»ΓÄ»ΓÄ»ΓÄ»
ΓÄ»ΓÄ»ΓÄ»ΓÄ»ΓÄ»ΓÄ»ΓÄ»
ΓÄ»ΓÄ»ΓÄ»ΓÄ»ΓÄ»ΓÄ»ΓÄ»
ΓÄ»ΓÄ»ΓÄ»ΓÄ»[13/25]ΓÄ
»[22m[39m

[31m[1m[7m FAIL 
[27m[22m[39m tests
/cards/cards.test.ts
[2m > [22mCards API 
Integration 
Tests[2m > [22mPUT 
/boards/:boardId/card
s/:id[2m > 
[22mshould return 
403 when trying to 
move card to list in 
different board
[31m[1mAssertionErr
or[22m: expected 
500 to be 403 // 
Object.is 
equality[39m

[32m- Expected[39m
[31m+ Received[39m

[32m- 403[39m
[31m+ 500[39m

[36m [2mΓ¥»[22m te
sts/cards/cards.test.
ts:[2m592:26[22m[3
9m
    [90m590| [39m  
    })[33m;[39m
    [90m591| [39m
    [90m592| [39m  
    [34mexpect[39m(
res[33m.[39mstatus)
[33m.[39m[34mtoBe
[39m([34m403[39m)[
33m;[39m
    [90m   | [39m  
                     
  [31m^[39m
    [90m593| [39m  
  })[33m;[39m
    [90m594| [39m

[31m[2mΓÄ»ΓÄ»ΓÄ»ΓÄ»
ΓÄ»ΓÄ»ΓÄ»ΓÄ»ΓÄ»ΓÄ»ΓÄ»
ΓÄ»ΓÄ»ΓÄ»ΓÄ»ΓÄ»ΓÄ»ΓÄ»
ΓÄ»ΓÄ»ΓÄ»ΓÄ»[14/25]ΓÄ
»[22m[39m

[31m[1m[7m FAIL 
[27m[22m[39m tests
/cards/cards.test.ts
[2m > [22mCards API 
Integration 
Tests[2m > [22mPUT 
/boards/:boardId/card
s/:id[2m > 
[22mshould return 
404 for non-existent 
card
[31m[1mAssertionErr
or[22m: expected 
500 to be 404 // 
Object.is 
equality[39m

[32m- Expected[39m
[31m+ Received[39m

[32m- 404[39m
[31m+ 500[39m

[36m [2mΓ¥»[22m te
sts/cards/cards.test.
ts:[2m605:26[22m[3
9m
    [90m603| [39m  
    })[33m;[39m
    [90m604| [39m
    [90m605| [39m  
    [34mexpect[39m(
res[33m.[39mstatus)
[33m.[39m[34mtoBe
[39m([34m404[39m)[
33m;[39m
    [90m   | [39m  
                     
  [31m^[39m
    [90m606| [39m  
  })[33m;[39m
    [90m607| [39m

[31m[2mΓÄ»ΓÄ»ΓÄ»ΓÄ»
ΓÄ»ΓÄ»ΓÄ»ΓÄ»ΓÄ»ΓÄ»ΓÄ»
ΓÄ»ΓÄ»ΓÄ»ΓÄ»ΓÄ»ΓÄ»ΓÄ»
ΓÄ»ΓÄ»ΓÄ»ΓÄ»[15/25]ΓÄ
»[22m[39m

[31m[1m[7m FAIL 
[27m[22m[39m tests
/cards/cards.test.ts
[2m > [22mCards API 
Integration 
Tests[2m > 
[22mDELETE /boards/:
boardId/cards/:id[2m
 > [22mshould 
delete a card
[31m[1mAssertionErr
or[22m: expected 
500 to be 200 // 
Object.is 
equality[39m

[32m- Expected[39m
[31m+ Received[39m

[32m- 200[39m
[31m+ 500[39m

[36m [2mΓ¥»[22m te
sts/cards/cards.test.
ts:[2m645:32[22m[3
9m
    [90m643| [39m  
    })[33m;[39m
    [90m644| [39m
    [90m645| [39m  
    [34mexpect[39m(
deleteRes[33m.[39ms
tatus)[33m.[39m[34
mtoBe[39m([34m200[
39m)[33m;[39m
    [90m   | [39m  
                     
        [31m^[39m
    [90m646| [39m  
    [35mconst[39m 
deleteData 
[33m=[39m 
[35mawait[39m delet
eRes[33m.[39m[34mj
son[39m() 
[35mas[39m 
any[33m;[39m
    [90m647| [39m  
    [34mexpect[39m(
deleteData)[33m.[39
m[34mtoHaveProperty
[39m([32m"message"[
39m)[33m;[39m

[31m[2mΓÄ»ΓÄ»ΓÄ»ΓÄ»
ΓÄ»ΓÄ»ΓÄ»ΓÄ»ΓÄ»ΓÄ»ΓÄ»
ΓÄ»ΓÄ»ΓÄ»ΓÄ»ΓÄ»ΓÄ»ΓÄ»
ΓÄ»ΓÄ»ΓÄ»ΓÄ»[16/25]ΓÄ
»[22m[39m

[31m[1m[7m FAIL 
[27m[22m[39m tests
/cards/cards.test.ts
[2m > [22mCards API 
Integration 
Tests[2m > 
[22mDELETE /boards/:
boardId/cards/:id[2m
 > [22mshould 
return 404 for 
non-existent card
[31m[1mAssertionErr
or[22m: expected 
500 to be 404 // 
Object.is 
equality[39m

[32m- Expected[39m
[31m+ Received[39m

[32m- 404[39m
[31m+ 500[39m

[36m [2mΓ¥»[22m te
sts/cards/cards.test.
ts:[2m665:26[22m[3
9m
    [90m663| [39m  
    })[33m;[39m
    [90m664| [39m
    [90m665| [39m  
    [34mexpect[39m(
res[33m.[39mstatus)
[33m.[39m[34mtoBe
[39m([34m404[39m)[
33m;[39m
    [90m   | [39m  
                     
  [31m^[39m
    [90m666| [39m  
  })[33m;[39m
    [90m667| [39m

[31m[2mΓÄ»ΓÄ»ΓÄ»ΓÄ»
ΓÄ»ΓÄ»ΓÄ»ΓÄ»ΓÄ»ΓÄ»ΓÄ»
ΓÄ»ΓÄ»ΓÄ»ΓÄ»ΓÄ»ΓÄ»ΓÄ»
ΓÄ»ΓÄ»ΓÄ»ΓÄ»[17/25]ΓÄ
»[22m[39m

[31m[1m[7m FAIL 
[27m[22m[39m tests
/cards/cards.test.ts
[2m > [22mCards API 
Integration 
Tests[2m > 
[22mDELETE /boards/:
boardId/cards/:id[2m
 > [22mshould 
maintain correct 
order of remaining 
cards after deleting 
first card
[31m[1mAssertionErr
or[22m: expected 
500 to be 200 // 
Object.is 
equality[39m

[32m- Expected[39m
[31m+ Received[39m

[32m- 200[39m
[31m+ 500[39m

[36m [2mΓ¥»[22m te
sts/cards/cards.test.
ts:[2m736:32[22m[3
9m
    [90m734| [39m  
    })[33m;[39m
    [90m735| [39m
    [90m736| [39m  
    [34mexpect[39m(
deleteRes[33m.[39ms
tatus)[33m.[39m[34
mtoBe[39m([34m200[
39m)[33m;[39m
    [90m   | [39m  
                     
        [31m^[39m
    [90m737| [39m
    [90m738| [39m  
    [90m// Get the 
board and verify 
remaining cards have 
correct order[39m

[31m[2mΓÄ»ΓÄ»ΓÄ»ΓÄ»
ΓÄ»ΓÄ»ΓÄ»ΓÄ»ΓÄ»ΓÄ»ΓÄ»
ΓÄ»ΓÄ»ΓÄ»ΓÄ»ΓÄ»ΓÄ»ΓÄ»
ΓÄ»ΓÄ»ΓÄ»ΓÄ»[18/25]ΓÄ
»[22m[39m

[31m[1m[7m FAIL 
[27m[22m[39m tests
/cards/cards.test.ts
[2m > [22mCards API 
Integration 
Tests[2m > 
[22mDELETE /boards/:
boardId/cards/:id[2m
 > [22mshould 
maintain correct 
order of remaining 
cards after deleting 
middle card
[31m[1mAssertionErr
or[22m: expected 
500 to be 200 // 
Object.is 
equality[39m

[32m- Expected[39m
[31m+ Received[39m

[32m- 200[39m
[31m+ 500[39m

[36m [2mΓ¥»[22m te
sts/cards/cards.test.
ts:[2m807:32[22m[3
9m
    [90m805| [39m  
    })[33m;[39m
    [90m806| [39m
    [90m807| [39m  
    [34mexpect[39m(
deleteRes[33m.[39ms
tatus)[33m.[39m[34
mtoBe[39m([34m200[
39m)[33m;[39m
    [90m   | [39m  
                     
        [31m^[39m
    [90m808| [39m
    [90m809| [39m  
    [90m// Get the 
board and verify 
remaining cards have 
correct order[39m

[31m[2mΓÄ»ΓÄ»ΓÄ»ΓÄ»
ΓÄ»ΓÄ»ΓÄ»ΓÄ»ΓÄ»ΓÄ»ΓÄ»
ΓÄ»ΓÄ»ΓÄ»ΓÄ»ΓÄ»ΓÄ»ΓÄ»
ΓÄ»ΓÄ»ΓÄ»ΓÄ»[19/25]ΓÄ
»[22m[39m

[31m[1m[7m FAIL 
[27m[22m[39m tests
/cards/cards.test.ts
[2m > [22mCards API 
Integration 
Tests[2m > 
[22mDELETE /boards/:
boardId/cards/:id[2m
 > [22mshould 
maintain correct 
order of remaining 
cards after deleting 
last card
[31m[1mAssertionErr
or[22m: expected 
500 to be 200 // 
Object.is 
equality[39m

[32m- Expected[39m
[31m+ Received[39m

[32m- 200[39m
[31m+ 500[39m

[36m [2mΓ¥»[22m te
sts/cards/cards.test.
ts:[2m878:32[22m[3
9m
    [90m876| [39m  
    })[33m;[39m
    [90m877| [39m
    [90m878| [39m  
    [34mexpect[39m(
deleteRes[33m.[39ms
tatus)[33m.[39m[34
mtoBe[39m([34m200[
39m)[33m;[39m
    [90m   | [39m  
                     
        [31m^[39m
    [90m879| [39m
    [90m880| [39m  
    [90m// Get the 
board and verify 
remaining cards have 
correct order[39m

[31m[2mΓÄ»ΓÄ»ΓÄ»ΓÄ»
ΓÄ»ΓÄ»ΓÄ»ΓÄ»ΓÄ»ΓÄ»ΓÄ»
ΓÄ»ΓÄ»ΓÄ»ΓÄ»ΓÄ»ΓÄ»ΓÄ»
ΓÄ»ΓÄ»ΓÄ»ΓÄ»[20/25]ΓÄ
»[22m[39m

[31m[1m[7m FAIL 
[27m[22m[39m tests
/cards/cards.test.ts
[2m > [22mCards API 
Integration 
Tests[2m > 
[22mDELETE /boards/:
boardId/cards/:id[2m
 > [22mshould 
maintain correct 
order after deleting 
multiple cards in 
sequence
[31m[1mTypeError[2
2m: Cannot read 
properties of 
undefined (reading 
'0')[39m
[36m [2mΓ¥»[22m te
sts/cards/cards.test.
ts:[2m986:27[22m[3
9m
    [90m984| [39m
    [90m985| [39m  
    [35mconst[39m 
board [33m=[39m 
[35mawait[39m board
Res[33m.[39m[34mjs
on[39m() 
[35mas[39m 
any[33m;[39m
    [90m986| [39m  
    [35mconst[39m 
cards [33m=[39m boa
rd[33m.[39mlists[[
34m0[39m][33m.[39m
cards[33m;[39m
    [90m   | [39m  
                     
   [31m^[39m
    [90m987| [39m
    [90m988| [39m  
    [90m// Should 
have 3 cards 
left[39m

[31m[2mΓÄ»ΓÄ»ΓÄ»ΓÄ»
ΓÄ»ΓÄ»ΓÄ»ΓÄ»ΓÄ»ΓÄ»ΓÄ»
ΓÄ»ΓÄ»ΓÄ»ΓÄ»ΓÄ»ΓÄ»ΓÄ»
ΓÄ»ΓÄ»ΓÄ»ΓÄ»[21/25]ΓÄ
»[22m[39m

[2m Test Files [22m [1m[31m1 failed[39m[22m[90m (1)[39m
[2m      Tests [22m [1m[31m25 failed[39m[22m[2m | [22m[1m[32m11 passed[39m[22m[90m (36)[39m
[2m   Start at [22m 16:44:20
[2m   Duration [22m 2.51s[2m (transform 286ms, setup 429ms, collect 664ms, tests 677ms, environment 0ms, prepare 122ms)[22m

[31m[1m[7m FAIL 
[27m[22m[39m tests
/cards/cards.test.ts
[2m > [22mCards API 
Integration 
Tests[2m > 
[22mDELETE /boards/:
boardId/cards/:id[2m
 > [22mshould 
handle deletion 
correctly when cards 
are in different 
lists
[31m[1mTypeError[2
2m: Cannot read 
properties of 
undefined (reading 
'find')[39m
[36m [2mΓ¥»[22m te
sts/cards/cards.test.
ts:[2m1114:33[22m[
39m
    [90m1112| [39m
    [90m1113| [39m 
     [35mconst[39m 
board [33m=[39m 
[35mawait[39m board
Res[33m.[39m[34mjs
on[39m() 
[35mas[39m 
any[33m;[39m
    [90m1114| [39m 
     [35mconst[39m 
list1 [33m=[39m boa
rd[33m.[39mlists[3
3m.[39m[34mfind[39
m((l[33m:[39m any) 
[33m=>[39m 
l[33m.[39mid 
[33m===[39m testLis
tId)[33m;[39m
    [90m   | [39m  
                     
         [31m^[39m
    [90m1115| [39m 
     [35mconst[39m 
list2 [33m=[39m boa
rd[33m.[39mlists[3
3m.[39m[34mfind[39
m((l[33m:[39m any) 
[33m=>[39m 
l[33m.[39mid 
[33m===[39m 
list2Id)[33m;[39m
    [90m1116| [39m

[31m[2mΓÄ»ΓÄ»ΓÄ»ΓÄ»
ΓÄ»ΓÄ»ΓÄ»ΓÄ»ΓÄ»ΓÄ»ΓÄ»
ΓÄ»ΓÄ»ΓÄ»ΓÄ»ΓÄ»ΓÄ»ΓÄ»
ΓÄ»ΓÄ»ΓÄ»ΓÄ»[22/25]ΓÄ
»[22m[39m

[31m[1m[7m FAIL 
[27m[22m[39m tests
/cards/cards.test.ts
[2m > [22mCards API 
Integration 
Tests[2m > 
[22mCard 
ordering[2m > 
[22mshould maintain 
correct order when 
multiple cards are 
created
[31m[1mTypeError[2
2m: Cannot read 
properties of 
undefined (reading 
'0')[39m
[36m [2mΓ¥»[22m te
sts/cards/cards.test.
ts:[2m1158:27[22m[
39m
    [90m1156| [39m
    [90m1157| [39m 
     [35mconst[39m 
board [33m=[39m 
[35mawait[39m res[
33m.[39m[34mjson[3
9m() [35mas[39m 
any[33m;[39m
    [90m1158| [39m 
     [35mconst[39m 
cards [33m=[39m boa
rd[33m.[39mlists[[
34m0[39m][33m.[39m
cards[33m;[39m
    [90m   | [39m  
                     
   [31m^[39m
    [90m1159| [39m 
     [34mexpect[39m
(cards)[33m.[39m[3
4mtoHaveLength[39m(
[34m3[39m)[33m;[39
m
    [90m1160| [39m 
     [34mexpect[39m
(cards[[34m0[39m][
33m.[39morder)[33m.
[39m[34mtoBe[39m(
[34m0[39m)[33m;[39
m

[31m[2mΓÄ»ΓÄ»ΓÄ»ΓÄ»
ΓÄ»ΓÄ»ΓÄ»ΓÄ»ΓÄ»ΓÄ»ΓÄ»
ΓÄ»ΓÄ»ΓÄ»ΓÄ»ΓÄ»ΓÄ»ΓÄ»
ΓÄ»ΓÄ»ΓÄ»ΓÄ»[23/25]ΓÄ
»[22m[39m

[31m[1m[7m FAIL 
[27m[22m[39m tests
/cards/cards.test.ts
[2m > [22mCards API 
Integration 
Tests[2m > 
[22mCard 
ordering[2m > 
[22mshould allow 
reordering cards
[31m[1mTypeError[2
2m: Cannot read 
properties of 
undefined (reading 
'0')[39m
[36m [2mΓ¥»[22m te
sts/cards/cards.test.
ts:[2m1216:27[22m[
39m
    [90m1214| [39m
    [90m1215| [39m 
     [35mconst[39m 
board [33m=[39m 
[35mawait[39m res[
33m.[39m[34mjson[3
9m() [35mas[39m 
any[33m;[39m
    [90m1216| [39m 
     [35mconst[39m 
cards [33m=[39m boa
rd[33m.[39mlists[[
34m0[39m][33m.[39m
cards[33m;[39m
    [90m   | [39m  
                     
   [31m^[39m
    [90m1217| [39m 
     
    [90m1218| [39m 
     [35mconst[39m 
reorderedCard1 
[33m=[39m cards[33
m.[39m[34mfind[39m
((c[33m:[39m any) 
[33m=>[39m 
c[33m.[39mid 
[33m===[39m 
card1Id)[33m;[39m

[31m[2mΓÄ»ΓÄ»ΓÄ»ΓÄ»
ΓÄ»ΓÄ»ΓÄ»ΓÄ»ΓÄ»ΓÄ»ΓÄ»
ΓÄ»ΓÄ»ΓÄ»ΓÄ»ΓÄ»ΓÄ»ΓÄ»
ΓÄ»ΓÄ»ΓÄ»ΓÄ»[24/25]ΓÄ
»[22m[39m

[31m[1m[7m FAIL 
[27m[22m[39m tests
/cards/cards.test.ts
[2m > [22mCards API 
Integration 
Tests[2m > 
[22mCard with 
complex data[2m > 
[22mshould create 
and retrieve card 
with all fields
[31m[1mAssertionErr
or[22m: expected 
500 to be 200 // 
Object.is 
equality[39m

[32m- Expected[39m
[31m+ Received[39m

[32m- 200[39m
[31m+ 500[39m

[36m [2mΓ¥»[22m te
sts/cards/cards.test.
ts:[2m1249:32[22m[
39m
    [90m1247| [39m 
     })[33m;[39m
    [90m1248| [39m
    [90m1249| [39m 
     [34mexpect[39m
(createRes[33m.[39m
status)[33m.[39m[3
4mtoBe[39m([34m200
[39m)[33m;[39m
    [90m   | [39m  
                     
        [31m^[39m
    [90m1250| [39m
    [90m1251| [39m 
     [90m// 
Retrieve and verify 
all fields[39m

[31m[2mΓÄ»ΓÄ»ΓÄ»ΓÄ»
ΓÄ»ΓÄ»ΓÄ»ΓÄ»ΓÄ»ΓÄ»ΓÄ»
ΓÄ»ΓÄ»ΓÄ»ΓÄ»ΓÄ»ΓÄ»ΓÄ»
ΓÄ»ΓÄ»ΓÄ»ΓÄ»[25/25]ΓÄ
»[22m[39m

